2015-02-17T08:07:58.694474-07:00 c0-0c2s11n0 ERROR: Type:2; Severity:80; Class:3; Subclass:D; Operation: 2
2015-02-17T08:08:04.797108-07:00 c0-0c1s7n3 ERROR: Type:2; Severity:80; Class:3; Subclass:D; Operation: 2
2015-02-17T08:07:58.694410-07:00 c0-0c1s10n0 ERROR: Type:2; Severity:80; Class:3; Subclass:D; Operation: 2
2015-02-17T08:08:04.797061-07:00 c0-0c0s8n3 ERROR: Type:2; Severity:80; Class:3; Subclass:D; Operation: 2
2015-02-17T08:08:00.735565-07:00 c0-0c2s9n1 ERROR: Type:2; Severity:80; Class:3; Subclass:D; Operation: 2
2015-02-17T08:08:04.898003-07:00 c0-0c1s4n3 ERROR: Type:2; Severity:80; Class:3; Subclass:D; Operation: 2
2015-02-17T08:08:00.710209-07:00 c0-0c0s11n1 ERROR: Type:2; Severity:80; Class:3; Subclass:D; Operation: 2
2015-02-17T08:08:00.710330-07:00 c0-0c0s8n1 ERROR: Type:2; Severity:80; Class:3; Subclass:D; Operation: 2
2015-02-17T08:08:02.776871-07:00 c0-0c2s11n2 ERROR: Type:2; Severity:80; Class:3; Subclass:D; Operation: 2
2015-02-17T08:08:02.751690-07:00 c0-0c2s9n2 ERROR: Type:2; Severity:80; Class:3; Subclass:D; Operation: 2
2015-02-17T08:08:00.735514-07:00 c0-0c0s5n1 ERROR: Type:2; Severity:80; Class:3; Subclass:D; Operation: 2
2015-02-17T08:07:58.669254-07:00 c0-0c1s11n0 ERROR: Type:2; Severity:80; Class:3; Subclass:D; Operation: 2
2015-02-17T08:08:04.797288-07:00 c0-0c2s11n3 ERROR: Type:2; Severity:80; Class:3; Subclass:D; Operation: 2
2015-02-17T08:53:00.641509-07:00 c0-0c2s2n1 Wait4Boot: WRITE: 533 bytes to memory @ 0x90CD0 ... complete
2015-02-17T08:53:00.641540-07:00 c0-0c2s2n1 Wait4Boot: Blade Controller Boot Protocol version - 1
2015-02-17T08:53:00.641560-07:00 c0-0c2s2n1 Wait4Boot: JUMP: KernelStart 0x100000, boot_params 0x90000, CmdLineAddr 0x90CD0
2015-02-17T08:53:00.880480-07:00 c0-0c2s2n1 Decompressing Linux... Parsing ELF... done.
2015-02-17T08:53:00.880529-07:00 c0-0c2s2n1 Booting the kernel.
2015-02-17T08:53:00.880571-07:00 c0-0c2s2n1 Initializing cgroup subsys cpuset
2015-02-17T08:53:00.880591-07:00 c0-0c2s2n1 Initializing cgroup subsys cpu
2015-02-17T08:53:00.905756-07:00 c0-0c2s2n1 Linux version 3.0.101-0.31.1_1.0502.8394-cray_ari_s (abuild@cfosbld05) (gcc version 4.3.4 [gcc-4_3-branch revision 152973] (SUSE Linux) ) #1 SMP Wed Sep 10 04:03:41 UTC 2014
2015-02-17T08:53:01.006605-07:00 c0-0c2s2n1 Command line: earlyprintk=serial,115200 load_ramdisk=1 ramdisk_size=80000 console=ttyS0,115200n8 bootnodeip=IPADDR13 bootproto=ipog bootpath=PATH1220 rootfs=nfs-shared root=PATH1221 oops=panic bootifnetmask=IPADDR15 elevator=noop ippob1=10 ippob2=128 pcie_ports=native iommu=on intel_iommu=off bad_page=panic pln_enable=off apei_disable hest_disable erst_disable ghes_disable cgroup_disable=memory active_wlm=ALPS sdbnodeip=IPADDR16 sessionid=p0-20150217t080709 _cray=marker_ 
2015-02-17T08:53:01.006645-07:00 c0-0c2s2n1 KERNEL supported cpus:
2015-02-17T08:53:01.006667-07:00 c0-0c2s2n1  Intel GenuineIntel
2015-02-17T08:53:01.006683-07:00 c0-0c2s2n1 BIOS-provided physical RAM map:
2015-02-17T08:53:01.044973-07:00 c0-0c2s2n1 BIOS-e820: 0000000000000000 - 00000000000a0000 (usable)
2015-02-17T08:53:01.045015-07:00 c0-0c2s2n1 BIOS-e820: 0000000000100000 - 000000007e67c000 (usable)
2015-02-17T08:53:01.045055-07:00 c0-0c2s2n1 BIOS-e820: 000000007e67c000 - 000000007e790000 (ACPI NVS)
2015-02-17T08:53:01.045089-07:00 c0-0c2s2n1 BIOS-e820: 000000007e790000 - 000000007f395000 (reserved)
2015-02-17T08:53:01.045127-07:00 c0-0c2s2n1 BIOS-e820: 000000007f395000 - 000000007f410000 (ACPI data)
2015-02-17T08:53:01.070255-07:00 c0-0c2s2n1 BIOS-e820: 000000007f410000 - 000000007f491000 (reserved)
2015-02-17T08:53:01.070289-07:00 c0-0c2s2n1 BIOS-e820: 000000007f491000 - 000000007f493000 (usable)
2015-02-17T08:53:01.095487-07:00 c0-0c2s2n1 BIOS-e820: 000000007f493000 - 000000007f494000 (ACPI NVS)
2015-02-17T08:53:01.095533-07:00 c0-0c2s2n1 BIOS-e820: 000000007f494000 - 000000007f49e000 (reserved)
2015-02-17T08:53:01.095563-07:00 c0-0c2s2n1 BIOS-e820: 000000007f49e000 - 000000007f4a6000 (ACPI NVS)
2015-02-17T08:53:01.120762-07:00 c0-0c2s2n1 BIOS-e820: 000000007f4a6000 - 000000007f4d2000 (reserved)
2015-02-17T08:53:01.120787-07:00 c0-0c2s2n1 BIOS-e820: 000000007f4d2000 - 000000007f558000 (ACPI NVS)
2015-02-17T08:53:01.120820-07:00 c0-0c2s2n1 BIOS-e820: 000000007f558000 - 000000007f800000 (usable)
2015-02-17T08:53:01.145969-07:00 c0-0c2s2n1 BIOS-e820: 0000000080000000 - 0000000090000000 (reserved)
2015-02-17T08:53:01.146045-07:00 c0-0c2s2n1 BIOS-e820: 00000000fed1c000 - 00000000fed20000 (reserved)
2015-02-17T08:53:01.171237-07:00 c0-0c2s2n1 BIOS-e820: 00000000ff000000 - 0000000100000000 (reserved)
2015-02-17T08:53:01.171268-07:00 c0-0c2s2n1 BIOS-e820: 0000000100000000 - 0000001080000000 (usable)
2015-02-17T08:53:01.171291-07:00 c0-0c2s2n1 bootconsole [earlyser0] enabled
2015-02-17T08:53:01.171323-07:00 c0-0c2s2n1 NX (Execute Disable) protection: active
2015-02-17T08:53:01.196427-07:00 c0-0c2s2n1 EFI v2.10 by American Megatrends
2015-02-17T08:53:01.196469-07:00 c0-0c2s2n1 ACPI=0x7f395000  ACPI 2.0=0x7f395000  SMBIOS=0xf04c0  MPS=0xfd450 
2015-02-17T08:53:01.221677-07:00 c0-0c2s2n1 EFI: mem00: type=3, attr=0xf, range=[0x0000000000000000-0x0000000000008000) (0MB)
2015-02-17T08:53:01.221719-07:00 c0-0c2s2n1 EFI: mem01: type=7, attr=0xf, range=[0x0000000000008000-0x0000000000060000) (0MB)
2015-02-17T08:53:01.246938-07:00 c0-0c2s2n1 EFI: mem02: type=3, attr=0xf, range=[0x0000000000060000-0x00000000000a0000) (0MB)
2015-02-17T08:53:01.246962-07:00 c0-0c2s2n1 EFI: mem03: type=7, attr=0xf, range=[0x0000000000100000-0x0000000001000000) (15MB)
2015-02-17T08:53:01.273150-07:00 c0-0c2s2n1 EFI: mem04: type=2, attr=0xf, range=[0x0000000001000000-0x0000000001100000) (1MB)
2015-02-17T08:53:01.273172-07:00 c0-0c2s2n1 EFI: mem05: type=4, attr=0xf, range=[0x0000000001100000-0x00000000017ea000) (6MB)
2015-02-17T08:53:01.273204-07:00 c0-0c2s2n1 EFI: mem06: type=3, attr=0xf, range=[0x00000000017ea000-0x00000000017ee000) (0MB)
2015-02-17T08:53:01.298316-07:00 c0-0c2s2n1 EFI: mem07: type=4, attr=0xf, range=[0x00000000017ee000-0x0000000001886000) (0MB)
2015-02-17T08:53:01.323529-07:00 c0-0c2s2n1 EFI: mem08: type=3, attr=0xf, range=[0x0000000001886000-0x000000000188f000) (0MB)
2015-02-17T08:53:01.323581-07:00 c0-0c2s2n1 EFI: mem09: type=4, attr=0xf, range=[0x000000000188f000-0x0000000001892000) (0MB)
2015-02-17T08:53:01.348768-07:00 c0-0c2s2n1 EFI: mem10: type=3, attr=0xf, range=[0x0000000001892000-0x000000000189e000) (0MB)
2015-02-17T08:53:01.348819-07:00 c0-0c2s2n1 EFI: mem11: type=4, attr=0xf, range=[0x000000000189e000-0x00000000018a9000) (0MB)
2015-02-17T08:53:01.385371-07:00 c0-0c2s2n1 EFI: mem12: type=3, attr=0xf, range=[0x00000000018a9000-0x00000000018ab000) (0MB)
2015-02-17T08:53:01.385395-07:00 c0-0c2s2n1 EFI: mem13: type=4, attr=0xf, range=[0x00000000018ab000-0x00000000018ad000) (0MB)
2015-02-17T08:53:01.385423-07:00 c0-0c2s2n1 EFI: mem14: type=3, attr=0xf, range=[0x00000000018ad000-0x00000000018af000) (0MB)
2015-02-17T08:53:01.425395-07:00 c0-0c2s2n1 EFI: mem15: type=4, attr=0xf, range=[0x00000000018af000-0x00000000018b7000) (0MB)
2015-02-17T08:53:01.425420-07:00 c0-0c2s2n1 EFI: mem16: type=3, attr=0xf, range=[0x00000000018b7000-0x00000000018bb000) (0MB)
2015-02-17T08:53:01.425458-07:00 c0-0c2s2n1 EFI: mem17: type=4, attr=0xf, range=[0x00000000018bb000-0x00000000018bd000) (0MB)
2015-02-17T08:53:01.458041-07:00 c0-0c2s2n1 EFI: mem18: type=3, attr=0xf, range=[0x00000000018bd000-0x00000000018bf000) (0MB)
2015-02-17T08:53:01.458065-07:00 c0-0c2s2n1 EFI: mem19: type=4, attr=0xf, range=[0x00000000018bf000-0x00000000018d1000) (0MB)
2015-02-17T08:53:01.483218-07:00 c0-0c2s2n1 EFI: mem20: type=3, attr=0xf, range=[0x00000000018d1000-0x00000000018d7000) (0MB)
2015-02-17T08:53:01.483259-07:00 c0-0c2s2n1 EFI: mem21: type=4, attr=0xf, range=[0x00000000018d7000-0x00000000018f9000) (0MB)
2015-02-17T08:53:01.508446-07:00 c0-0c2s2n1 EFI: mem22: type=3, attr=0xf, range=[0x00000000018f9000-0x0000000001908000) (0MB)
2015-02-17T08:53:01.508494-07:00 c0-0c2s2n1 EFI: mem23: type=4, attr=0xf, range=[0x0000000001908000-0x0000000001921000) (0MB)
2015-02-17T08:53:01.545407-07:00 c0-0c2s2n1 EFI: mem24: type=3, attr=0xf, range=[0x0000000001921000-0x000000000192b000) (0MB)
2015-02-17T08:53:01.545430-07:00 c0-0c2s2n1 EFI: mem25: type=4, attr=0xf, range=[0x000000000192b000-0x0000000001933000) (0MB)
2015-02-17T08:53:01.545468-07:00 c0-0c2s2n1 EFI: mem26: type=3, attr=0xf, range=[0x0000000001933000-0x0000000001936000) (0MB)
2015-02-17T08:53:01.585398-07:00 c0-0c2s2n1 EFI: mem27: type=4, attr=0xf, range=[0x0000000001936000-0x000000000193b000) (0MB)
2015-02-17T08:53:01.585434-07:00 c0-0c2s2n1 EFI: mem28: type=3, attr=0xf, range=[0x000000000193b000-0x000000000193e000) (0MB)
2015-02-17T08:53:01.585448-07:00 c0-0c2s2n1 EFI: mem29: type=4, attr=0xf, range=[0x000000000193e000-0x0000000001964000) (0MB)
2015-02-17T08:53:01.610514-07:00 c0-0c2s2n1 EFI: mem30: type=3, attr=0xf, range=[0x0000000001964000-0x0000000001968000) (0MB)
2015-02-17T08:53:01.610536-07:00 c0-0c2s2n1 EFI: mem31: type=4, attr=0xf, range=[0x0000000001968000-0x000000000198a000) (0MB)
2015-02-17T08:53:01.610566-07:00 c0-0c2s2n1 EFI: mem32: type=3, attr=0xf, range=[0x000000000198a000-0x00000000019b0000) (0MB)
2015-02-17T08:53:01.635730-07:00 c0-0c2s2n1 EFI: mem33: type=4, attr=0xf, range=[0x00000000019b0000-0x00000000019be000) (0MB)
2015-02-17T08:53:01.660968-07:00 c0-0c2s2n1 EFI: mem34: type=3, attr=0xf, range=[0x00000000019be000-0x00000000019ce000) (0MB)
2015-02-17T08:53:01.686188-07:00 c0-0c2s2n1 EFI: mem35: type=4, attr=0xf, range=[0x00000000019ce000-0x00000000019d0000) (0MB)
2015-02-17T08:53:01.686227-07:00 c0-0c2s2n1 EFI: mem36: type=3, attr=0xf, range=[0x00000000019d0000-0x00000000019d7000) (0MB)
2015-02-17T08:53:01.711402-07:00 c0-0c2s2n1 EFI: mem37: type=4, attr=0xf, range=[0x00000000019d7000-0x00000000019e1000) (0MB)
2015-02-17T08:53:01.711454-07:00 c0-0c2s2n1 EFI: mem38: type=3, attr=0xf, range=[0x00000000019e1000-0x00000000019e5000) (0MB)
2015-02-17T08:53:01.749350-07:00 c0-0c2s2n1 EFI: mem39: type=4, attr=0xf, range=[0x00000000019e5000-0x0000000001a02000) (0MB)
2015-02-17T08:53:01.749386-07:00 c0-0c2s2n1 EFI: mem40: type=3, attr=0xf, range=[0x0000000001a02000-0x0000000001a06000) (0MB)
2015-02-17T08:53:01.749421-07:00 c0-0c2s2n1 EFI: mem41: type=4, attr=0xf, range=[0x0000000001a06000-0x0000000001a0a000) (0MB)
2015-02-17T08:53:01.789393-07:00 c0-0c2s2n1 EFI: mem42: type=3, attr=0xf, range=[0x0000000001a0a000-0x0000000001a1e000) (0MB)
2015-02-17T08:53:01.789425-07:00 c0-0c2s2n1 EFI: mem43: type=4, attr=0xf, range=[0x0000000001a1e000-0x0000000001a22000) (0MB)
2015-02-17T08:53:01.789461-07:00 c0-0c2s2n1 EFI: mem44: type=3, attr=0xf, range=[0x0000000001a22000-0x0000000001a26000) (0MB)
2015-02-17T08:53:01.829375-07:00 c0-0c2s2n1 EFI: mem45: type=4, attr=0xf, range=[0x0000000001a26000-0x0000000001a34000) (0MB)
2015-02-17T08:53:01.829397-07:00 c0-0c2s2n1 EFI: mem46: type=3, attr=0xf, range=[0x0000000001a34000-0x0000000001a3b000) (0MB)
2015-02-17T08:53:01.829425-07:00 c0-0c2s2n1 EFI: mem47: type=4, attr=0xf, range=[0x0000000001a3b000-0x0000000001a42000) (0MB)
2015-02-17T08:53:01.869375-07:00 c0-0c2s2n1 EFI: mem48: type=3, attr=0xf, range=[0x0000000001a42000-0x0000000001a4a000) (0MB)
2015-02-17T08:53:01.869423-07:00 c0-0c2s2n1 EFI: mem49: type=4, attr=0xf, range=[0x0000000001a4a000-0x0000000001a4b000) (0MB)
2015-02-17T08:53:01.869453-07:00 c0-0c2s2n1 EFI: mem50: type=3, attr=0xf, range=[0x0000000001a4b000-0x0000000001a4d000) (0MB)
2015-02-17T08:53:01.894658-07:00 c0-0c2s2n1 EFI: mem51: type=4, attr=0xf, range=[0x0000000001a4d000-0x0000000001a52000) (0MB)
2015-02-17T08:53:01.894680-07:00 c0-0c2s2n1 EFI: mem52: type=3, attr=0xf, range=[0x0000000001a52000-0x0000000001a69000) (0MB)
2015-02-17T08:53:01.919851-07:00 c0-0c2s2n1 EFI: mem53: type=4, attr=0xf, range=[0x0000000001a69000-0x0000000001a6f000) (0MB)
2015-02-17T08:53:01.919904-07:00 c0-0c2s2n1 EFI: mem54: type=3, attr=0xf, range=[0x0000000001a6f000-0x0000000001a70000) (0MB)
2015-02-17T08:53:01.945155-07:00 c0-0c2s2n1 EFI: mem55: type=4, attr=0xf, range=[0x0000000001a70000-0x0000000001a71000) (0MB)
2015-02-17T08:53:01.945193-07:00 c0-0c2s2n1 EFI: mem56: type=3, attr=0xf, range=[0x0000000001a71000-0x0000000001a79000) (0MB)
2015-02-17T08:53:01.975729-07:00 c0-0c2s2n1 EFI: mem57: type=4, attr=0xf, range=[0x0000000001a79000-0x0000000001a7a000) (0MB)
2015-02-17T08:53:01.975766-07:00 c0-0c2s2n1 EFI: mem58: type=3, attr=0xf, range=[0x0000000001a7a000-0x0000000001a83000) (0MB)
2015-02-17T08:53:02.000957-07:00 c0-0c2s2n1 EFI: mem59: type=4, attr=0xf, range=[0x0000000001a83000-0x0000000001a85000) (0MB)
2015-02-17T08:53:02.001006-07:00 c0-0c2s2n1 EFI: mem60: type=3, attr=0xf, range=[0x0000000001a85000-0x0000000001abe000) (0MB)
2015-02-17T08:53:02.026170-07:00 c0-0c2s2n1 EFI: mem61: type=4, attr=0xf, range=[0x0000000001abe000-0x0000000001abf000) (0MB)
2015-02-17T08:53:02.026209-07:00 c0-0c2s2n1 EFI: mem62: type=3, attr=0xf, range=[0x0000000001abf000-0x0000000001acc000) (0MB)
2015-02-17T08:53:02.065410-07:00 c0-0c2s2n1 EFI: mem63: type=4, attr=0xf, range=[0x0000000001acc000-0x0000000001ad7000) (0MB)
2015-02-17T08:53:02.065463-07:00 c0-0c2s2n1 EFI: mem64: type=3, attr=0xf, range=[0x0000000001ad7000-0x0000000001adc000) (0MB)
2015-02-17T08:53:02.065493-07:00 c0-0c2s2n1 EFI: mem65: type=4, attr=0xf, range=[0x0000000001adc000-0x0000000001b60000) (0MB)
2015-02-17T08:53:02.105364-07:00 c0-0c2s2n1 EFI: mem66: type=3, attr=0xf, range=[0x0000000001b60000-0x0000000001b7c000) (0MB)
2015-02-17T08:53:02.105386-07:00 c0-0c2s2n1 EFI: mem67: type=4, attr=0xf, range=[0x0000000001b7c000-0x0000000001b84000) (0MB)
2015-02-17T08:53:02.105416-07:00 c0-0c2s2n1 EFI: mem68: type=3, attr=0xf, range=[0x0000000001b84000-0x0000000001b9c000) (0MB)
2015-02-17T08:53:02.145361-07:00 c0-0c2s2n1 EFI: mem69: type=4, attr=0xf, range=[0x0000000001b9c000-0x000000000b210000) (150MB)
2015-02-17T08:53:02.145393-07:00 c0-0c2s2n1 EFI: mem70: type=3, attr=0xf, range=[0x000000000b210000-0x000000000b216000) (0MB)
2015-02-17T08:53:02.145413-07:00 c0-0c2s2n1 EFI: mem71: type=4, attr=0xf, range=[0x000000000b216000-0x000000000b21f000) (0MB)
2015-02-17T08:53:02.170611-07:00 c0-0c2s2n1 EFI: mem72: type=3, attr=0xf, range=[0x000000000b21f000-0x000000000b235000) (0MB)
2015-02-17T08:53:02.170649-07:00 c0-0c2s2n1 EFI: mem73: type=4, attr=0xf, range=[0x000000000b235000-0x000000000b23b000) (0MB)
2015-02-17T08:53:02.195804-07:00 c0-0c2s2n1 EFI: mem74: type=3, attr=0xf, range=[0x000000000b23b000-0x000000000b23e000) (0MB)
2015-02-17T08:53:02.195833-07:00 c0-0c2s2n1 EFI: mem75: type=4, attr=0xf, range=[0x000000000b23e000-0x000000000b24c000) (0MB)
2015-02-17T08:53:02.221063-07:00 c0-0c2s2n1 EFI: mem76: type=3, attr=0xf, range=[0x000000000b24c000-0x000000000b254000) (0MB)
2015-02-17T08:53:02.221084-07:00 c0-0c2s2n1 EFI: mem77: type=4, attr=0xf, range=[0x000000000b254000-0x000000000b272000) (0MB)
2015-02-17T08:53:02.246286-07:00 c0-0c2s2n1 EFI: mem78: type=3, attr=0xf, range=[0x000000000b272000-0x000000000b279000) (0MB)
2015-02-17T08:53:02.246332-07:00 c0-0c2s2n1 EFI: mem79: type=4, attr=0xf, range=[0x000000000b279000-0x000000000b27d000) (0MB)
2015-02-17T08:53:02.285361-07:00 c0-0c2s2n1 EFI: mem80: type=3, attr=0xf, range=[0x000000000b27d000-0x000000000b281000) (0MB)
2015-02-17T08:53:02.285398-07:00 c0-0c2s2n1 EFI: mem81: type=4, attr=0xf, range=[0x000000000b281000-0x000000000b285000) (0MB)
2015-02-17T08:53:02.285430-07:00 c0-0c2s2n1 EFI: mem82: type=3, attr=0xf, range=[0x000000000b285000-0x000000000b289000) (0MB)
2015-02-17T08:53:02.310597-07:00 c0-0c2s2n1 EFI: mem83: type=4, attr=0xf, range=[0x000000000b289000-0x000000000b295000) (0MB)
2015-02-17T08:53:02.310618-07:00 c0-0c2s2n1 EFI: mem84: type=3, attr=0xf, range=[0x000000000b295000-0x000000000b2dc000) (0MB)
2015-02-17T08:53:02.335803-07:00 c0-0c2s2n1 EFI: mem85: type=4, attr=0xf, range=[0x000000000b2dc000-0x000000000b2de000) (0MB)
2015-02-17T08:53:02.335826-07:00 c0-0c2s2n1 EFI: mem86: type=3, attr=0xf, range=[0x000000000b2de000-0x000000000b2e4000) (0MB)
2015-02-17T08:53:02.373391-07:00 c0-0c2s2n1 EFI: mem87: type=4, attr=0xf, range=[0x000000000b2e4000-0x000000000b2f0000) (0MB)
2015-02-17T08:53:02.373410-07:00 c0-0c2s2n1 EFI: mem88: type=3, attr=0xf, range=[0x000000000b2f0000-0x000000000b2f4000) (0MB)
2015-02-17T08:53:02.373426-07:00 c0-0c2s2n1 EFI: mem89: type=4, attr=0xf, range=[0x000000000b2f4000-0x000000000b301000) (0MB)
2015-02-17T08:53:02.408396-07:00 c0-0c2s2n1 EFI: mem90: type=3, attr=0xf, range=[0x000000000b301000-0x000000000b30a000) (0MB)
2015-02-17T08:53:02.408418-07:00 c0-0c2s2n1 EFI: mem91: type=4, attr=0xf, range=[0x000000000b30a000-0x000000000b30b000) (0MB)
2015-02-17T08:53:02.433590-07:00 c0-0c2s2n1 EFI: mem92: type=3, attr=0xf, range=[0x000000000b30b000-0x000000000b343000) (0MB)
2015-02-17T08:53:02.433626-07:00 c0-0c2s2n1 EFI: mem93: type=4, attr=0xf, range=[0x000000000b343000-0x000000000b351000) (0MB)
2015-02-17T08:53:02.433653-07:00 c0-0c2s2n1 EFI: mem94: type=3, attr=0xf, range=[0x000000000b351000-0x000000000b358000) (0MB)
2015-02-17T08:53:02.458837-07:00 c0-0c2s2n1 EFI: mem95: type=4, attr=0xf, range=[0x000000000b358000-0x000000000b360000) (0MB)
2015-02-17T08:53:02.458877-07:00 c0-0c2s2n1 EFI: mem96: type=3, attr=0xf, range=[0x000000000b360000-0x000000000b368000) (0MB)
2015-02-17T08:53:02.484082-07:00 c0-0c2s2n1 EFI: mem97: type=4, attr=0xf, range=[0x000000000b368000-0x000000000b382000) (0MB)
2015-02-17T08:53:02.509300-07:00 c0-0c2s2n1 EFI: mem98: type=3, attr=0xf, range=[0x000000000b382000-0x000000000b388000) (0MB)
2015-02-17T08:53:02.509343-07:00 c0-0c2s2n1 EFI: mem99: type=4, attr=0xf, range=[0x000000000b388000-0x000000000b3a3000) (0MB)
2015-02-17T08:53:02.534544-07:00 c0-0c2s2n1 EFI: mem100: type=3, attr=0xf, range=[0x000000000b3a3000-0x000000000b3b1000) (0MB)
2015-02-17T08:53:02.534599-07:00 c0-0c2s2n1 EFI: mem101: type=4, attr=0xf, range=[0x000000000b3b1000-0x000000000b3b5000) (0MB)
2015-02-17T08:53:02.559807-07:00 c0-0c2s2n1 EFI: mem102: type=3, attr=0xf, range=[0x000000000b3b5000-0x000000000b3c7000) (0MB)
2015-02-17T08:53:02.559828-07:00 c0-0c2s2n1 EFI: mem103: type=4, attr=0xf, range=[0x000000000b3c7000-0x000000000b45b000) (0MB)
2015-02-17T08:53:02.584993-07:00 c0-0c2s2n1 EFI: mem104: type=3, attr=0xf, range=[0x000000000b45b000-0x000000000b45e000) (0MB)
2015-02-17T08:53:02.585030-07:00 c0-0c2s2n1 EFI: mem105: type=4, attr=0xf, range=[0x000000000b45e000-0x000000000b466000) (0MB)
2015-02-17T08:53:02.610204-07:00 c0-0c2s2n1 EFI: mem106: type=3, attr=0xf, range=[0x000000000b466000-0x000000000b46a000) (0MB)
2015-02-17T08:53:02.610239-07:00 c0-0c2s2n1 EFI: mem107: type=4, attr=0xf, range=[0x000000000b46a000-0x000000000b478000) (0MB)
2015-02-17T08:53:02.649375-07:00 c0-0c2s2n1 EFI: mem108: type=3, attr=0xf, range=[0x000000000b478000-0x000000000b47f000) (0MB)
2015-02-17T08:53:02.649410-07:00 c0-0c2s2n1 EFI: mem109: type=4, attr=0xf, range=[0x000000000b47f000-0x000000000b48e000) (0MB)
2015-02-17T08:53:02.649443-07:00 c0-0c2s2n1 EFI: mem110: type=3, attr=0xf, range=[0x000000000b48e000-0x000000000b492000) (0MB)
2015-02-17T08:53:02.689339-07:00 c0-0c2s2n1 EFI: mem111: type=4, attr=0xf, range=[0x000000000b492000-0x000000000b4b4000) (0MB)
2015-02-17T08:53:02.689373-07:00 c0-0c2s2n1 EFI: mem112: type=3, attr=0xf, range=[0x000000000b4b4000-0x000000000b4b9000) (0MB)
2015-02-17T08:53:02.689405-07:00 c0-0c2s2n1 EFI: mem113: type=4, attr=0xf, range=[0x000000000b4b9000-0x000000000b53a000) (0MB)
2015-02-17T08:53:02.729329-07:00 c0-0c2s2n1 EFI: mem114: type=3, attr=0xf, range=[0x000000000b53a000-0x000000000b54e000) (0MB)
2015-02-17T08:53:02.729372-07:00 c0-0c2s2n1 EFI: mem115: type=4, attr=0xf, range=[0x000000000b54e000-0x000000000b5e5000) (0MB)
2015-02-17T08:53:02.729400-07:00 c0-0c2s2n1 EFI: mem116: type=7, attr=0xf, range=[0x000000000b5e5000-0x000000000b5e6000) (0MB)
2015-02-17T08:53:02.769368-07:00 c0-0c2s2n1 EFI: mem117: type=4, attr=0xf, range=[0x000000000b5e6000-0x000000000bcaf000) (6MB)
2015-02-17T08:53:02.769407-07:00 c0-0c2s2n1 EFI: mem118: type=3, attr=0xf, range=[0x000000000bcaf000-0x000000000bcb8000) (0MB)
2015-02-17T08:53:02.769441-07:00 c0-0c2s2n1 EFI: mem119: type=4, attr=0xf, range=[0x000000000bcb8000-0x000000000bcb9000) (0MB)
2015-02-17T08:53:02.809374-07:00 c0-0c2s2n1 EFI: mem120: type=2, attr=0xf, range=[0x000000000bcb9000-0x000000000bcbb000) (0MB)
2015-02-17T08:53:02.809420-07:00 c0-0c2s2n1 EFI: mem121: type=7, attr=0xf, range=[0x000000000bcbb000-0x000000000bcc1000) (0MB)
2015-02-17T08:53:02.809480-07:00 c0-0c2s2n1 EFI: mem122: type=4, attr=0xf, range=[0x000000000bcc1000-0x000000000bedf000) (2MB)
2015-02-17T08:53:02.834636-07:00 c0-0c2s2n1 EFI: mem123: type=7, attr=0xf, range=[0x000000000bedf000-0x000000000beed000) (0MB)
2015-02-17T08:53:02.834660-07:00 c0-0c2s2n1 EFI: mem124: type=1, attr=0xf, range=[0x000000000beed000-0x000000000befe000) (0MB)
2015-02-17T08:53:02.859836-07:00 c0-0c2s2n1 EFI: mem125: type=7, attr=0xf, range=[0x000000000befe000-0x000000007e67c000) (1831MB)
2015-02-17T08:53:02.859879-07:00 c0-0c2s2n1 EFI: mem126: type=10, attr=0xf, range=[0x000000007e67c000-0x000000007e790000) (1MB)
2015-02-17T08:53:02.885101-07:00 c0-0c2s2n1 EFI: mem127: type=0, attr=0xf, range=[0x000000007e790000-0x000000007e792000) (0MB)
2015-02-17T08:53:02.885124-07:00 c0-0c2s2n1 EFI: mem128: type=6, attr=0x800000000000000f, range=[0x000000007e792000-0x000000007f395000) (12MB)
2015-02-17T08:53:02.910336-07:00 c0-0c2s2n1 EFI: mem129: type=9, attr=0xf, range=[0x000000007f395000-0x000000007f410000) (0MB)
2015-02-17T08:53:02.935535-07:00 c0-0c2s2n1 EFI: mem130: type=5, attr=0x800000000000000f, range=[0x000000007f410000-0x000000007f41a000) (0MB)
2015-02-17T08:53:02.935567-07:00 c0-0c2s2n1 EFI: mem131: type=0, attr=0xf, range=[0x000000007f41a000-0x000000007f41c000) (0MB)
2015-02-17T08:53:02.960811-07:00 c0-0c2s2n1 EFI: mem132: type=6, attr=0x800000000000000f, range=[0x000000007f41c000-0x000000007f42d000) (0MB)
2015-02-17T08:53:02.960847-07:00 c0-0c2s2n1 EFI: mem133: type=0, attr=0xf, range=[0x000000007f42d000-0x000000007f43d000) (0MB)
2015-02-17T08:53:02.997368-07:00 c0-0c2s2n1 EFI: mem134: type=6, attr=0x800000000000000f, range=[0x000000007f43d000-0x000000007f45e000) (0MB)
2015-02-17T08:53:02.997400-07:00 c0-0c2s2n1 EFI: mem135: type=5, attr=0x800000000000000f, range=[0x000000007f45e000-0x000000007f462000) (0MB)
2015-02-17T08:53:03.022591-07:00 c0-0c2s2n1 EFI: mem136: type=0, attr=0xf, range=[0x000000007f462000-0x000000007f46b000) (0MB)
2015-02-17T08:53:03.022650-07:00 c0-0c2s2n1 EFI: mem137: type=5, attr=0x800000000000000f, range=[0x000000007f46b000-0x000000007f46d000) (0MB)
2015-02-17T08:53:03.047848-07:00 c0-0c2s2n1 EFI: mem138: type=0, attr=0xf, range=[0x000000007f46d000-0x000000007f471000) (0MB)
2015-02-17T08:53:03.047871-07:00 c0-0c2s2n1 EFI: mem139: type=5, attr=0x800000000000000f, range=[0x000000007f471000-0x000000007f472000) (0MB)
2015-02-17T08:53:03.073069-07:00 c0-0c2s2n1 EFI: mem140: type=6, attr=0x800000000000000f, range=[0x000000007f472000-0x000000007f473000) (0MB)
2015-02-17T08:53:03.098258-07:00 c0-0c2s2n1 EFI: mem141: type=5, attr=0x800000000000000f, range=[0x000000007f473000-0x000000007f476000) (0MB)
2015-02-17T08:53:03.098299-07:00 c0-0c2s2n1 EFI: mem142: type=0, attr=0xf, range=[0x000000007f476000-0x000000007f486000) (0MB)
2015-02-17T08:53:03.123536-07:00 c0-0c2s2n1 EFI: mem143: type=5, attr=0x800000000000000f, range=[0x000000007f486000-0x000000007f491000) (0MB)
2015-02-17T08:53:03.123564-07:00 c0-0c2s2n1 EFI: mem144: type=7, attr=0xf, range=[0x000000007f491000-0x000000007f493000) (0MB)
2015-02-17T08:53:03.148741-07:00 c0-0c2s2n1 EFI: mem145: type=10, attr=0xf, range=[0x000000007f493000-0x000000007f494000) (0MB)
2015-02-17T08:53:03.148782-07:00 c0-0c2s2n1 EFI: mem146: type=6, attr=0x800000000000000f, range=[0x000000007f494000-0x000000007f49b000) (0MB)
2015-02-17T08:53:03.173970-07:00 c0-0c2s2n1 EFI: mem147: type=5, attr=0x800000000000000f, range=[0x000000007f49b000-0x000000007f49e000) (0MB)
2015-02-17T08:53:03.174008-07:00 c0-0c2s2n1 EFI: mem148: type=10, attr=0xf, range=[0x000000007f49e000-0x000000007f4a6000) (0MB)
2015-02-17T08:53:03.199189-07:00 c0-0c2s2n1 EFI: mem149: type=6, attr=0x800000000000000f, range=[0x000000007f4a6000-0x000000007f4a7000) (0MB)
2015-02-17T08:53:03.224426-07:00 c0-0c2s2n1 EFI: mem150: type=5, attr=0x800000000000000f, range=[0x000000007f4a7000-0x000000007f4ab000) (0MB)
2015-02-17T08:53:03.224475-07:00 c0-0c2s2n1 EFI: mem151: type=6, attr=0x800000000000000f, range=[0x000000007f4ab000-0x000000007f4bd000) (0MB)
2015-02-17T08:53:03.224513-07:00 c0-0c2s2n1 EFI: mem152: type=5, attr=0x800000000000000f, range=[0x000000007f4bd000-0x000000007f4cf000) (0MB)
2015-02-17T08:53:03.274867-07:00 c0-0c2s2n1 EFI: mem153: type=6, attr=0x800000000000000f, range=[0x000000007f4cf000-0x000000007f4d2000) (0MB)
2015-02-17T08:53:03.274923-07:00 c0-0c2s2n1 EFI: mem154: type=10, attr=0xf, range=[0x000000007f4d2000-0x000000007f558000) (0MB)
2015-02-17T08:53:03.300118-07:00 c0-0c2s2n1 EFI: mem155: type=3, attr=0xf, range=[0x000000007f558000-0x000000007f7e0000) (2MB)
2015-02-17T08:53:03.300149-07:00 c0-0c2s2n1 EFI: mem156: type=4, attr=0xf, range=[0x000000007f7e0000-0x000000007f7ef000) (0MB)
2015-02-17T08:53:03.325334-07:00 c0-0c2s2n1 EFI: mem157: type=3, attr=0xf, range=[0x000000007f7ef000-0x000000007f800000) (0MB)
2015-02-17T08:53:03.325384-07:00 c0-0c2s2n1 EFI: mem158: type=7, attr=0xf, range=[0x0000000100000000-0x0000001080000000) (63488MB)
2015-02-17T08:53:03.350586-07:00 c0-0c2s2n1 EFI: mem159: type=11, attr=0x8000000000000001, range=[0x0000000080000000-0x0000000090000000) (256MB)
2015-02-17T08:53:03.375801-07:00 c0-0c2s2n1 EFI: mem160: type=11, attr=0x8000000000000001, range=[0x00000000fed1c000-0x00000000fed20000) (0MB)
2015-02-17T08:53:03.375869-07:00 c0-0c2s2n1 EFI: mem161: type=11, attr=0x8000000000000001, range=[0x00000000ff000000-0x0000000100000000) (16MB)
2015-02-17T08:53:03.375904-07:00 c0-0c2s2n1 DMI 2.7 present.
2015-02-17T08:53:03.401084-07:00 c0-0c2s2n1 last_pfn = 0x1080000 max_arch_pfn = 0x400000000
2015-02-17T08:53:03.401098-07:00 c0-0c2s2n1 x86 PAT enabled: cpu 0, old 0x7040600070406, new 0x7010600070106
2015-02-17T08:53:03.426260-07:00 c0-0c2s2n1 last_pfn = 0x7f800 max_arch_pfn = 0x400000000
2015-02-17T08:53:03.426282-07:00 c0-0c2s2n1 found SMP MP-table at [ffff8800000fd840] fd840
2015-02-17T08:53:03.426293-07:00 c0-0c2s2n1 Using GB pages for direct mapping
2015-02-17T08:53:03.451517-07:00 c0-0c2s2n1 init_memory_mapping: 0000000000000000-000000007f800000
2015-02-17T08:53:03.451546-07:00 c0-0c2s2n1 init_memory_mapping: 0000000100000000-0000001080000000
2015-02-17T08:53:03.451559-07:00 c0-0c2s2n1 nmi ring buffer: 262144
2015-02-17T08:53:03.451569-07:00 c0-0c2s2n1 RAMDISK: 0fa00000 - 1060f000
2015-02-17T08:53:03.476700-07:00 c0-0c2s2n1 ACPI: RSDP 000000007f395000 00024 (v02 ALASKA)
2015-02-17T08:53:03.476722-07:00 c0-0c2s2n1 ACPI: XSDT 000000007f395088 0008C (v01 ALASKA    A M I 01072009 AMI  00010013)
2015-02-17T08:53:03.501941-07:00 c0-0c2s2n1 ACPI: FACP 000000007f39ee50 000F4 (v04 ALASKA    A M I 01072009 AMI  00010013)
2015-02-17T08:53:03.501968-07:00 c0-0c2s2n1 ACPI: DSDT 000000007f3951a0 09CAD (v02 ALASKA    A M I 00000016 INTL 20051117)
2015-02-17T08:53:03.501983-07:00 c0-0c2s2n1 ACPI: FACS 000000007f4a3f80 00040
2015-02-17T08:53:03.527174-07:00 c0-0c2s2n1 ACPI: APIC 000000007f39ef48 00138 (v03 ALASKA    A M I 01072009 AMI  00010013)
2015-02-17T08:53:03.527198-07:00 c0-0c2s2n1 ACPI: FPDT 000000007f39f080 00044 (v01 ALASKA    A M I 01072009 AMI  00010013)
2015-02-17T08:53:03.552435-07:00 c0-0c2s2n1 ACPI: MCFG 000000007f39f0c8 0003C (v01 ALASKA OEMMCFG. 01072009 MSFT 00000097)
2015-02-17T08:53:03.552456-07:00 c0-0c2s2n1 ACPI: HPET 000000007f39f108 00038 (v01 ALASKA    A M I 01072009 AMI. 00000004)
2015-02-17T08:53:03.577681-07:00 c0-0c2s2n1 ACPI: PRAD 000000007f39f140 000BE (v02 PRADID  PRADTID 00000001 MSFT 03000001)
2015-02-17T08:53:03.577703-07:00 c0-0c2s2n1 ACPI: SSDT 000000007f39f200 70104 (v02  INTEL    CpuPm 00004000 INTL 20051117)
2015-02-17T08:53:03.602899-07:00 c0-0c2s2n1 ACPI: SPCR 000000007f40f308 00050 (v01  A M I   APTIO4 01072009 AMI. 00000004)
2015-02-17T08:53:03.602970-07:00 c0-0c2s2n1 ACPI: EINJ 000000007f40f358 00130 (v01    AMI AMI EINJ 00000000      00000000)
2015-02-17T08:53:03.628127-07:00 c0-0c2s2n1 ACPI: ERST 000000007f40f488 00230 (v01  AMIER AMI ERST 00000000      00000000)
2015-02-17T08:53:03.801293-07:00 c0-0c2s2n1 ACPI: HEST 000000007f40f6b8 000A8 (v01    AMI AMI HEST 00000000      00000000)
2015-02-17T08:53:03.801305-07:00 c0-0c2s2n1 ACPI: BERT 000000007f40f760 00030 (v01    AMI AMI BERT 00000000      00000000)
2015-02-17T08:53:03.801310-07:00 c0-0c2s2n1 ACPI: DMAR 000000007f40f790 000BC (v01 A M I   OEMDMAR 00000001 INTL 00000001)
2015-02-17T08:53:03.801315-07:00 c0-0c2s2n1 No NUMA configuration found
2015-02-17T08:53:03.801320-07:00 c0-0c2s2n1 Faking a node at 0000000000000000-0000001080000000
2015-02-17T08:53:03.801325-07:00 c0-0c2s2n1 Initmem setup node 0 0000000000000000-0000001080000000
2015-02-17T08:53:03.801338-07:00 c0-0c2s2n1  NODE_DATA [000000107ffbb000 - 000000107ffbffff]
2015-02-17T08:53:03.879506-07:00 c0-0c2s2n1 Zone PFN ranges:
2015-02-17T08:53:03.904737-07:00 c0-0c2s2n1  DMA      0x00000010 -> 0x00001000
2015-02-17T08:53:03.904761-07:00 c0-0c2s2n1  DMA32    0x00001000 -> 0x00100000
2015-02-17T08:53:03.904776-07:00 c0-0c2s2n1  Normal   0x00100000 -> 0x01080000
2015-02-17T08:53:03.904788-07:00 c0-0c2s2n1 Movable zone start PFN for each node
2015-02-17T08:53:03.929961-07:00 c0-0c2s2n1 early_node_map[5] active PFN ranges
2015-02-17T08:53:03.929993-07:00 c0-0c2s2n1    0: 0x00000010 -> 0x000000a0
2015-02-17T08:53:03.930007-07:00 c0-0c2s2n1    0: 0x00000100 -> 0x0007e67c
2015-02-17T08:53:03.930021-07:00 c0-0c2s2n1    0: 0x0007f491 -> 0x0007f493
2015-02-17T08:53:03.930036-07:00 c0-0c2s2n1    0: 0x0007f558 -> 0x0007f800
2015-02-17T08:53:03.955160-07:00 c0-0c2s2n1    0: 0x00100000 -> 0x01080000
2015-02-17T08:53:04.549491-07:00 c0-0c2s2n1 ACPI: LAPIC (acpi_id[0x00] lapic_id[0x00] enabled)
2015-02-17T08:53:04.549535-07:00 c0-0c2s2n1 ACPI: LAPIC (acpi_id[0x02] lapic_id[0x02] enabled)
2015-02-17T08:53:04.599805-07:00 c0-0c2s2n1 ACPI: LAPIC (acpi_id[0x04] lapic_id[0x04] enabled)
2015-02-17T08:53:04.599834-07:00 c0-0c2s2n1 ACPI: LAPIC (acpi_id[0x06] lapic_id[0x06] enabled)
2015-02-17T08:53:04.599856-07:00 c0-0c2s2n1 ACPI: LAPIC (acpi_id[0x08] lapic_id[0x08] enabled)
2015-02-17T08:53:04.599889-07:00 c0-0c2s2n1 ACPI: LAPIC (acpi_id[0x0a] lapic_id[0x0a] enabled)
2015-02-17T08:53:04.599932-07:00 c0-0c2s2n1 ACPI: LAPIC (acpi_id[0x0c] lapic_id[0x0c] enabled)
2015-02-17T08:53:04.599941-07:00 c0-0c2s2n1 ACPI: LAPIC (acpi_id[0x0e] lapic_id[0x0e] enabled)
2015-02-17T08:53:04.599972-07:00 c0-0c2s2n1 ACPI: LAPIC (acpi_id[0x01] lapic_id[0x01] enabled)
2015-02-17T08:53:04.650194-07:00 c0-0c2s2n1 ACPI: LAPIC (acpi_id[0x03] lapic_id[0x03] enabled)
2015-02-17T08:53:04.650215-07:00 c0-0c2s2n1 ACPI: LAPIC (acpi_id[0x05] lapic_id[0x05] enabled)
2015-02-17T08:53:04.650262-07:00 c0-0c2s2n1 ACPI: LAPIC (acpi_id[0x07] lapic_id[0x07] enabled)
2015-02-17T08:53:04.675437-07:00 c0-0c2s2n1 ACPI: LAPIC (acpi_id[0x09] lapic_id[0x09] enabled)
2015-02-17T08:53:04.675459-07:00 c0-0c2s2n1 ACPI: LAPIC (acpi_id[0x0b] lapic_id[0x0b] enabled)
2015-02-17T08:53:04.675476-07:00 c0-0c2s2n1 ACPI: LAPIC (acpi_id[0x0d] lapic_id[0x0d] enabled)
2015-02-17T08:53:04.700662-07:00 c0-0c2s2n1 ACPI: LAPIC (acpi_id[0x0f] lapic_id[0x0f] enabled)
2015-02-17T08:53:04.700694-07:00 c0-0c2s2n1 ACPI: LAPIC_NMI (acpi_id[0x00] high edge lint[0x1])
2015-02-17T08:53:04.700711-07:00 c0-0c2s2n1 ACPI: LAPIC_NMI (acpi_id[0x02] high edge lint[0x1])
2015-02-17T08:53:04.700740-07:00 c0-0c2s2n1 ACPI: LAPIC_NMI (acpi_id[0x04] high edge lint[0x1])
2015-02-17T08:53:04.700772-07:00 c0-0c2s2n1 ACPI: LAPIC_NMI (acpi_id[0x06] high edge lint[0x1])
2015-02-17T08:53:04.725899-07:00 c0-0c2s2n1 ACPI: LAPIC_NMI (acpi_id[0x08] high edge lint[0x1])
2015-02-17T08:53:04.751148-07:00 c0-0c2s2n1 ACPI: LAPIC_NMI (acpi_id[0x0a] high edge lint[0x1])
2015-02-17T08:53:04.751159-07:00 c0-0c2s2n1 ACPI: LAPIC_NMI (acpi_id[0x0c] high edge lint[0x1])
2015-02-17T08:53:04.751170-07:00 c0-0c2s2n1 ACPI: LAPIC_NMI (acpi_id[0x0e] high edge lint[0x1])
2015-02-17T08:53:04.776349-07:00 c0-0c2s2n1 ACPI: LAPIC_NMI (acpi_id[0x01] high edge lint[0x1])
2015-02-17T08:53:04.776371-07:00 c0-0c2s2n1 ACPI: LAPIC_NMI (acpi_id[0x03] high edge lint[0x1])
2015-02-17T08:53:04.776386-07:00 c0-0c2s2n1 ACPI: LAPIC_NMI (acpi_id[0x05] high edge lint[0x1])
2015-02-17T08:53:04.801620-07:00 c0-0c2s2n1 ACPI: LAPIC_NMI (acpi_id[0x07] high edge lint[0x1])
2015-02-17T08:53:04.801643-07:00 c0-0c2s2n1 ACPI: LAPIC_NMI (acpi_id[0x09] high edge lint[0x1])
2015-02-17T08:53:04.801657-07:00 c0-0c2s2n1 ACPI: LAPIC_NMI (acpi_id[0x0b] high edge lint[0x1])
2015-02-17T08:53:04.841353-07:00 c0-0c2s2n1 ACPI: LAPIC_NMI (acpi_id[0x0d] high edge lint[0x1])
2015-02-17T08:53:04.841375-07:00 c0-0c2s2n1 ACPI: LAPIC_NMI (acpi_id[0x0f] high edge lint[0x1])
2015-02-17T08:53:04.841394-07:00 c0-0c2s2n1 ACPI: IOAPIC (id[0x00] address[0xfec00000] gsi_base[0])
2015-02-17T08:53:04.841403-07:00 c0-0c2s2n1 IOAPIC[0]: apic_id 0, version 32, address 0xfec00000, GSI 0-23
2015-02-17T08:53:04.866573-07:00 c0-0c2s2n1 ACPI: IOAPIC (id[0x02] address[0xfec01000] gsi_base[24])
2015-02-17T08:53:04.866602-07:00 c0-0c2s2n1 IOAPIC[1]: apic_id 2, version 32, address 0xfec01000, GSI 24-47
2015-02-17T08:53:04.866617-07:00 c0-0c2s2n1 ACPI: INT_SRC_OVR (bus 0 bus_irq 0 global_irq 2 dfl dfl)
2015-02-17T08:53:04.891769-07:00 c0-0c2s2n1 ACPI: INT_SRC_OVR (bus 0 bus_irq 9 global_irq 9 high level)
2015-02-17T08:53:04.891796-07:00 c0-0c2s2n1 Using ACPI (MADT) for SMP configuration information
2015-02-17T08:53:04.891815-07:00 c0-0c2s2n1 ACPI: HPET id: 0x8086a701 base: 0xfed00000
2015-02-17T08:53:04.917013-07:00 c0-0c2s2n1 SMP: Allowing 16 CPUs, 0 hotplug CPUs
2015-02-17T08:53:04.917035-07:00 c0-0c2s2n1 Allocating PCI resources starting at 90000000 (gap: 90000000:6ed1c000)
2015-02-17T08:53:04.942240-07:00 c0-0c2s2n1 setup_percpu: NR_CPUS:128 nr_cpumask_bits:128 nr_cpu_ids:16 nr_node_ids:1
2015-02-17T08:53:04.942261-07:00 c0-0c2s2n1 PERCPU: Embedded 25 PATH1224 @ffff88107fa00000 s72704 r8192 d21504 u131072
2015-02-17T08:53:04.967435-07:00 c0-0c2s2n1 Built 1 zonelists in Zone order, mobility grouping on.  Total pages: 16534701
2015-02-17T08:53:04.967460-07:00 c0-0c2s2n1 Policy zone: Normal
2015-02-17T08:53:05.037552-07:00 c0-0c2s2n1 Kernel command line: earlyprintk=serial,115200 load_ramdisk=1 ramdisk_size=80000 console=ttyS0,115200n8 bootnodeip=IPADDR13 bootproto=ipog bootpath=PATH1220 rootfs=nfs-shared root=PATH1221 oops=panic bootifnetmask=IPADDR15 elevator=noop ippob1=10 ippob2=128 pcie_ports=native iommu=on intel_iommu=off bad_page=panic pln_enable=off apei_disable hest_disable erst_disable ghes_disable cgroup_disable=memory active_wlm=ALPS sdbnodeip=IPADDR16 sessionid=p0-20150217t080709 _cray=marker_ 
2015-02-17T08:53:05.062796-07:00 c0-0c2s2n1 Intel-IOMMU: disabled
2015-02-17T08:53:05.062818-07:00 c0-0c2s2n1 Disabling memory control group subsystem
2015-02-17T08:53:05.062826-07:00 c0-0c2s2n1 PID hash table entries: 4096 (order: 3, 32768 bytes)
2015-02-17T08:53:05.088014-07:00 c0-0c2s2n1 PATH1225: enabled xstate_bv 0x7, cntxt size 0x340
2015-02-17T08:53:05.456164-07:00 c0-0c2s2n1 Memory: PATH1457 available (5522k kernel code, 2121000k absent, 1027024k reserved, 5307k data, 692k init)
2015-02-17T08:53:05.481437-07:00 c0-0c2s2n1 Hierarchical RCU implementation.
2015-02-17T08:53:05.481448-07:00 c0-0c2s2n1 NR_IRQS:4352
2015-02-17T08:53:05.531939-07:00 c0-0c2s2n1 Extended CMOS year: 2000
2015-02-17T08:53:05.531963-07:00 c0-0c2s2n1 Console: colour dummy device 80x25
2015-02-17T08:53:05.557141-07:00 c0-0c2s2n1 console [ttyS0] enabled, bootconsole disabled
2015-02-17T08:53:05.557180-07:00 c0-0c2s2n1 console [ttyS0] enabled, bootconsole disabled
2015-02-17T08:53:05.582396-07:00 c0-0c2s2n1 Fast TSC calibration using PIT
2015-02-17T08:53:05.582421-07:00 c0-0c2s2n1 Detected 2599.878 MHz processor.
2015-02-17T08:53:05.607638-07:00 c0-0c2s2n1 Calibrating delay loop (skipped), value calculated using timer frequency.. 5199.75 BogoMIPS (lpj=10399512)
2015-02-17T08:53:05.607661-07:00 c0-0c2s2n1 pid_max: default: 32768 minimum: 301
2015-02-17T08:53:05.644091-07:00 c0-0c2s2n1 Dentry cache hash table entries: 8388608 (order: 14, 67108864 bytes)
2015-02-17T08:53:05.679447-07:00 c0-0c2s2n1 Inode-cache hash table entries: 4194304 (order: 13, 33554432 bytes)
2015-02-17T08:53:05.704678-07:00 c0-0c2s2n1 Mount-cache hash table entries: 256
2015-02-17T08:53:05.704709-07:00 c0-0c2s2n1 Initializing cgroup subsys cpuacct
2015-02-17T08:53:05.729906-07:00 c0-0c2s2n1 Initializing cgroup subsys memory
2015-02-17T08:53:05.729936-07:00 c0-0c2s2n1 Initializing cgroup subsys devices
2015-02-17T08:53:05.729952-07:00 c0-0c2s2n1 Initializing cgroup subsys perf_event
2015-02-17T08:53:05.729964-07:00 c0-0c2s2n1 CPU: Physical Processor ID: 0
2015-02-17T08:53:05.729981-07:00 c0-0c2s2n1 CPU: Processor Core ID: 0
2015-02-17T08:53:05.755111-07:00 c0-0c2s2n1 mce: CPU supports 20 MCE banks
2015-02-17T08:53:05.755136-07:00 c0-0c2s2n1 CPU0: Thermal monitoring enabled (TM1)
2015-02-17T08:53:05.755147-07:00 c0-0c2s2n1 using mwait in idle threads.
2015-02-17T08:53:05.755159-07:00 c0-0c2s2n1 ACPI: Core revision 20110413
2015-02-17T08:53:05.793699-07:00 c0-0c2s2n1 ftrace: allocating 20236 entries in 80 pages
2015-02-17T08:53:05.818897-07:00 c0-0c2s2n1 DMAR: Host address width 46
2015-02-17T08:53:05.844202-07:00 c0-0c2s2n1 DMAR: DRHD base: 0x000000fbffc000 flags: 0x1
2015-02-17T08:53:05.844237-07:00 c0-0c2s2n1 IOMMU 0: reg_base_addr fbffc000 ver 1:0 cap d2078c106f0462 ecap f020fe
2015-02-17T08:53:05.844265-07:00 c0-0c2s2n1 DMAR: RMRR base: 0x0000007f430000 end: 0x0000007f43cfff
2015-02-17T08:53:05.881403-07:00 c0-0c2s2n1 DMAR: ATSR flags: 0x0
2015-02-17T08:53:05.881426-07:00 c0-0c2s2n1 DMAR: RHSA base: 0x000000fbffc000 proximity domain: 0x0
2015-02-17T08:53:05.881452-07:00 c0-0c2s2n1 Switched APIC routing to physical flat.
2015-02-17T08:53:05.881472-07:00 c0-0c2s2n1 ..TIMER: vector=0x30 apic1=0 pin1=2 apic2=-1 pin2=-1
2015-02-17T08:53:05.931823-07:00 c0-0c2s2n1 CPU0: Intel(R) Xeon(R) CPU E5-2670 0 @ 2.60GHz stepping 07
2015-02-17T08:53:06.152350-07:00 c0-0c2s2n1 Performance Events: PEBS fmt1+, 16-deep LBR, SandyBridge events, full-width counters, Intel PMU driver.
2015-02-17T08:53:06.152371-07:00 c0-0c2s2n1 ... version:                3
2015-02-17T08:53:06.152388-07:00 c0-0c2s2n1 ... bit width:              48
2015-02-17T08:53:06.152397-07:00 c0-0c2s2n1 ... generic registers:      4
2015-02-17T08:53:06.152406-07:00 c0-0c2s2n1 ... value mask:             0000ffffffffffff
2015-02-17T08:53:06.181678-07:00 c0-0c2s2n1 ... max period:             0000ffffffffffff
2015-02-17T08:53:06.181691-07:00 c0-0c2s2n1 ... fixed-purpose events:   3
2015-02-17T08:53:06.181710-07:00 c0-0c2s2n1 ... event mask:             000000070000000f
2015-02-17T08:53:06.673324-07:00 c0-0c2s2n1 Booting Node   0, Processors  #1 #2 #3 #4 #5 #6 #7 #8 #9 #10 #11 #12 #13 #14 #15 Ok.
2015-02-17T08:53:06.698522-07:00 c0-0c2s2n1 Brought up 16 CPUs
2015-02-17T08:53:06.723757-07:00 c0-0c2s2n1 Total of 16 processors activated (83196.09 BogoMIPS).
2015-02-17T08:53:06.748948-07:00 c0-0c2s2n1 NET: Registered protocol family 16
2015-02-17T08:53:06.774230-07:00 c0-0c2s2n1 ACPI FADT declares the system doesn't support PCIe ASPM, so disable it
2015-02-17T08:53:06.774241-07:00 c0-0c2s2n1 ACPI: bus type pci registered
2015-02-17T08:53:06.774261-07:00 c0-0c2s2n1 PCI: MMCONFIG for domain 0000 [bus 00-ff] at [mem 0x80000000-0x8fffffff] (base 0x80000000)
2015-02-17T08:53:06.813396-07:00 c0-0c2s2n1 PCI: MMCONFIG at [mem 0x80000000-0x8fffffff] reserved in E820
2015-02-17T08:53:06.813433-07:00 c0-0c2s2n1 PCI: Using configuration type 1 for base access
2015-02-17T08:53:06.853376-07:00 c0-0c2s2n1 bio: create slab <bio-0> at 0
2015-02-17T08:53:06.853416-07:00 c0-0c2s2n1 ACPI: Executed 1 blocks of module-level executable AML code
2015-02-17T08:53:07.080316-07:00 c0-0c2s2n1 ACPI: Interpreter enabled
2015-02-17T08:53:07.080359-07:00 c0-0c2s2n1 ACPI: (supports S0 S1 S3 S5)
2015-02-17T08:53:07.080373-07:00 c0-0c2s2n1 ACPI: Using IOAPIC for interrupt routing
2015-02-17T08:53:07.105573-07:00 c0-0c2s2n1 ACPI: No dock devices found.
2015-02-17T08:53:07.105582-07:00 c0-0c2s2n1 HEST: Table parsing disabled.
2015-02-17T08:53:07.130852-07:00 c0-0c2s2n1 PCI: Using host bridge windows from ACPI; if necessary, use "pci=nocrs" and report a bug
2015-02-17T08:53:07.130872-07:00 c0-0c2s2n1 ACPI: PCI Root Bridge [PCI0] (domain 0000 [bus 00-fe])
2015-02-17T08:53:07.166061-07:00 c0-0c2s2n1 pci_root PNP0A08:00: host bridge window [io  0x0000-0x03af]
2015-02-17T08:53:07.166098-07:00 c0-0c2s2n1 pci_root PNP0A08:00: host bridge window [io  0x03e0-0x0cf7]
2015-02-17T08:53:07.166123-07:00 c0-0c2s2n1 pci_root PNP0A08:00: host bridge window [io  0x0d00-0xffff]
2015-02-17T08:53:07.166140-07:00 c0-0c2s2n1 pci_root PNP0A08:00: host bridge window [mem 0x000c0000-0x000dffff]
2015-02-17T08:53:07.191305-07:00 c0-0c2s2n1 pci_root PNP0A08:00: host bridge window [mem 0x80000000-0xfbffffff]
2015-02-17T08:53:07.191330-07:00 c0-0c2s2n1 pci_root PNP0A08:00: host bridge window [mem 0x1080000000-0x3c3fffffffff]
2015-02-17T08:53:07.216545-07:00 c0-0c2s2n1 pci 0000:00:02.0: PCI bridge to [bus 01-01]
2015-02-17T08:53:07.216567-07:00 c0-0c2s2n1 pci 0000:00:03.0: PCI bridge to [bus 02-07]
2015-02-17T08:53:07.216583-07:00 c0-0c2s2n1 pci 0000:02:00.0: PCI bridge to [bus 03-07]
2015-02-17T08:53:07.241768-07:00 c0-0c2s2n1 pci 0000:03:02.0: PCI bridge to [bus 04-05]
2015-02-17T08:53:07.241806-07:00 c0-0c2s2n1 pci 0000:03:04.0: PCI bridge to [bus 06-07]
2015-02-17T08:53:07.241815-07:00 c0-0c2s2n1 pci 0000:00:03.2: PCI bridge to [bus 08-08]
2015-02-17T08:53:07.266977-07:00 c0-0c2s2n1 pci 0000:00:11.0: PCI bridge to [bus 09-09]
2015-02-17T08:53:07.267019-07:00 c0-0c2s2n1 pci 0000:00:1e.0: PCI bridge to [bus 0a-0a] (subtractive decode)
2015-02-17T08:53:07.267048-07:00 c0-0c2s2n1 pci0000:00: Unable to request _OSC control (_OSC support mask: 0x19)
2015-02-17T08:53:07.317403-07:00 c0-0c2s2n1 ACPI: PCI Root Bridge [UNC0] (domain 0000 [bus ff])
2015-02-17T08:53:07.317438-07:00 c0-0c2s2n1 pci0000:ff: Unable to request _OSC control (_OSC support mask: 0x19)
2015-02-17T08:53:07.342692-07:00 c0-0c2s2n1 ACPI: PCI Interrupt Link [LNKA] (IRQs 3 4 5 6 7 10 *11 12 14 15)
2015-02-17T08:53:07.342707-07:00 c0-0c2s2n1 ACPI: PCI Interrupt Link [LNKB] (IRQs *3 4 5 6 7 10 11 12 14 15)
2015-02-17T08:53:07.342739-07:00 c0-0c2s2n1 ACPI: PCI Interrupt Link [LNKC] (IRQs 3 4 5 6 *10 11 12 14 15)
2015-02-17T08:53:07.367920-07:00 c0-0c2s2n1 ACPI: PCI Interrupt Link [LNKD] (IRQs 3 4 *5 6 10 11 12 14 15)
2015-02-17T08:53:07.367966-07:00 c0-0c2s2n1 ACPI: PCI Interrupt Link [LNKE] (IRQs 3 4 5 6 7 10 11 12 14 15) *0
2015-02-17T08:53:07.393121-07:00 c0-0c2s2n1 ACPI: PCI Interrupt Link [LNKF] (IRQs 3 4 5 6 7 10 11 12 14 15) *0
2015-02-17T08:53:07.393171-07:00 c0-0c2s2n1 ACPI: PCI Interrupt Link [LNKG] (IRQs 3 4 5 6 7 10 11 12 14 15) *0
2015-02-17T08:53:07.418413-07:00 c0-0c2s2n1 ACPI: PCI Interrupt Link [LNKH] (IRQs 3 4 5 6 *7 10 11 12 14 15)
2015-02-17T08:53:07.418425-07:00 c0-0c2s2n1 vgaarb: loaded
2015-02-17T08:53:07.418435-07:00 c0-0c2s2n1 SCSI subsystem initialized
2015-02-17T08:53:07.418464-07:00 c0-0c2s2n1 PCI: Using ACPI for IRQ routing
2015-02-17T08:53:07.443675-07:00 c0-0c2s2n1 Switching to clocksource hpet
2015-02-17T08:53:07.443698-07:00 c0-0c2s2n1 pnp: PnP ACPI init
2015-02-17T08:53:07.468874-07:00 c0-0c2s2n1 ACPI: bus type pnp registered
2015-02-17T08:53:07.468899-07:00 c0-0c2s2n1 system 00:01: [mem 0xfc000000-0xfcffffff] has been reserved
2015-02-17T08:53:07.468938-07:00 c0-0c2s2n1 system 00:01: [mem 0xfd000000-0xfdffffff] has been reserved
2015-02-17T08:53:07.494096-07:00 c0-0c2s2n1 system 00:01: [mem 0xfe000000-0xfeafffff] has been reserved
2015-02-17T08:53:07.494129-07:00 c0-0c2s2n1 system 00:01: [mem 0xfeb00000-0xfebfffff] has been reserved
2015-02-17T08:53:07.519350-07:00 c0-0c2s2n1 system 00:01: [mem 0xfed00400-0xfed3ffff] could not be reserved
2015-02-17T08:53:07.519400-07:00 c0-0c2s2n1 system 00:01: [mem 0xfed45000-0xfedfffff] has been reserved
2015-02-17T08:53:07.544609-07:00 c0-0c2s2n1 system 00:02: [mem 0xfbffc000-0xfbffdfff] has been reserved
2015-02-17T08:53:07.544643-07:00 c0-0c2s2n1 system 00:06: [io  0x04d0-0x04d1] has been reserved
2015-02-17T08:53:07.544655-07:00 c0-0c2s2n1 system 00:08: [io  0x0400-0x0453] has been reserved
2015-02-17T08:53:07.569875-07:00 c0-0c2s2n1 system 00:08: [io  0x0458-0x047f] has been reserved
2015-02-17T08:53:07.569897-07:00 c0-0c2s2n1 system 00:08: [io  0x1180-0x119f] has been reserved
2015-02-17T08:53:07.569910-07:00 c0-0c2s2n1 system 00:08: [io  0x0500-0x057f] has been reserved
2015-02-17T08:53:07.595062-07:00 c0-0c2s2n1 system 00:08: [mem 0xfed1c000-0xfed1ffff] has been reserved
2015-02-17T08:53:07.595083-07:00 c0-0c2s2n1 system 00:08: [mem 0xfec00000-0xfecfffff] could not be reserved
2015-02-17T08:53:07.620286-07:00 c0-0c2s2n1 system 00:08: [mem 0xfed08000-0xfed08fff] has been reserved
2015-02-17T08:53:07.620333-07:00 c0-0c2s2n1 system 00:08: [mem 0xff000000-0xffffffff] has been reserved
2015-02-17T08:53:07.620362-07:00 c0-0c2s2n1 system 00:09: [io  0x0454-0x0457] has been reserved
2015-02-17T08:53:07.645507-07:00 c0-0c2s2n1 pnp: PnP ACPI: found 12 devices
2015-02-17T08:53:07.645545-07:00 c0-0c2s2n1 ACPI: ACPI bus type pnp unregistered
2015-02-17T08:53:07.670800-07:00 c0-0c2s2n1 pci 0000:00:02.0: PCI bridge to [bus 01-01]
2015-02-17T08:53:07.670811-07:00 c0-0c2s2n1 pci 0000:00:02.0:   bridge window [io  disabled]
2015-02-17T08:53:07.670851-07:00 c0-0c2s2n1 pci 0000:00:02.0:   bridge window [mem disabled]
2015-02-17T08:53:07.695979-07:00 c0-0c2s2n1 pci 0000:00:02.0:   bridge window [mem 0x3c0000000000-0x3c20000fffff 64bit pref]
2015-02-17T08:53:07.696042-07:00 c0-0c2s2n1 pci 0000:03:02.0: PCI bridge to [bus 04-05]
2015-02-17T08:53:07.696063-07:00 c0-0c2s2n1 pci 0000:03:02.0:   bridge window [io  0xd000-0xdfff]
2015-02-17T08:53:07.721249-07:00 c0-0c2s2n1 pci 0000:03:02.0:   bridge window [mem 0xfbc00000-0xfbcfffff]
2015-02-17T08:53:07.721272-07:00 c0-0c2s2n1 pci 0000:03:02.0:   bridge window [mem 0x3c2000e00000-0x3c2000efffff 64bit pref]
2015-02-17T08:53:07.746450-07:00 c0-0c2s2n1 pci 0000:03:04.0: PCI bridge to [bus 06-07]
2015-02-17T08:53:07.746488-07:00 c0-0c2s2n1 pci 0000:03:04.0:   bridge window [io  0xc000-0xcfff]
2015-02-17T08:53:07.746515-07:00 c0-0c2s2n1 pci 0000:03:04.0:   bridge window [mem 0xfbb00000-0xfbbfffff]
2015-02-17T08:53:07.771761-07:00 c0-0c2s2n1 pci 0000:03:04.0:   bridge window [mem 0x3c2000d00000-0x3c2000dfffff 64bit pref]
2015-02-17T08:53:07.771783-07:00 c0-0c2s2n1 pci 0000:02:00.0: PCI bridge to [bus 03-07]
2015-02-17T08:53:07.796942-07:00 c0-0c2s2n1 pci 0000:02:00.0:   bridge window [io  0xc000-0xdfff]
2015-02-17T08:53:07.796980-07:00 c0-0c2s2n1 pci 0000:02:00.0:   bridge window [mem 0xfbb00000-0xfbcfffff]
2015-02-17T08:53:07.822240-07:00 c0-0c2s2n1 pci 0000:02:00.0:   bridge window [mem 0x3c2000d00000-0x3c2000efffff 64bit pref]
2015-02-17T08:53:07.822251-07:00 c0-0c2s2n1 pci 0000:00:03.0: PCI bridge to [bus 02-07]
2015-02-17T08:53:07.822287-07:00 c0-0c2s2n1 pci 0000:00:03.0:   bridge window [io  0xc000-0xdfff]
2015-02-17T08:53:07.847497-07:00 c0-0c2s2n1 pci 0000:00:03.0:   bridge window [mem 0xfbb00000-0xfbcfffff]
2015-02-17T08:53:07.847508-07:00 c0-0c2s2n1 pci 0000:00:03.0:   bridge window [mem 0x3c2000d00000-0x3c2000efffff 64bit pref]
2015-02-17T08:53:07.847536-07:00 c0-0c2s2n1 pci 0000:00:03.2: PCI bridge to [bus 08-08]
2015-02-17T08:53:07.872746-07:00 c0-0c2s2n1 pci 0000:00:03.2:   bridge window [io  disabled]
2015-02-17T08:53:07.872793-07:00 c0-0c2s2n1 pci 0000:00:03.2:   bridge window [mem 0xfbe00000-0xfbefffff]
2015-02-17T08:53:07.872822-07:00 c0-0c2s2n1 pci 0000:00:03.2:   bridge window [mem 0x3c2000a00000-0x3c2000cfffff 64bit pref]
2015-02-17T08:53:07.898002-07:00 c0-0c2s2n1 pci 0000:00:11.0: PCI bridge to [bus 09-09]
2015-02-17T08:53:07.898016-07:00 c0-0c2s2n1 pci 0000:00:11.0:   bridge window [io  0xe000-0xefff]
2015-02-17T08:53:07.898047-07:00 c0-0c2s2n1 pci 0000:00:11.0:   bridge window [mem 0xfbd00000-0xfbdfffff]
2015-02-17T08:53:07.923200-07:00 c0-0c2s2n1 pci 0000:00:11.0:   bridge window [mem 0x3c2000400000-0x3c20008fffff 64bit pref]
2015-02-17T08:53:07.923247-07:00 c0-0c2s2n1 pci 0000:00:1e.0: PCI bridge to [bus 0a-0a]
2015-02-17T08:53:07.948496-07:00 c0-0c2s2n1 pci 0000:00:1e.0:   bridge window [io  disabled]
2015-02-17T08:53:07.948511-07:00 c0-0c2s2n1 pci 0000:00:1e.0:   bridge window [mem disabled]
2015-02-17T08:53:07.948522-07:00 c0-0c2s2n1 pci 0000:00:1e.0:   bridge window [mem pref disabled]
2015-02-17T08:53:07.973689-07:00 c0-0c2s2n1 pci 0000:00:02.0: PCI INT A -> GSI 32 (level, low) -> IRQ 32
2015-02-17T08:53:07.973740-07:00 c0-0c2s2n1 pci 0000:00:03.0: PCI INT A -> GSI 40 (level, low) -> IRQ 40
2015-02-17T08:53:07.973755-07:00 c0-0c2s2n1 pci 0000:00:03.2: PCI INT A -> GSI 40 (level, low) -> IRQ 40
2015-02-17T08:53:07.998925-07:00 c0-0c2s2n1 pci 0000:00:11.0: PCI INT A -> GSI 16 (level, low) -> IRQ 16
2015-02-17T08:53:07.998946-07:00 c0-0c2s2n1 NET: Registered protocol family 2
2015-02-17T08:53:07.998955-07:00 c0-0c2s2n1 IP route cache hash table entries: 524288 (order: 10, 4194304 bytes)
2015-02-17T08:53:08.024115-07:00 c0-0c2s2n1 TCP established hash table entries: 524288 (order: 11, 8388608 bytes)
2015-02-17T08:53:08.024145-07:00 c0-0c2s2n1 TCP bind hash table entries: 65536 (order: 8, 1048576 bytes)
2015-02-17T08:53:08.049352-07:00 c0-0c2s2n1 TCP: Hash tables configured (established 524288 bind 65536)
2015-02-17T08:53:08.049374-07:00 c0-0c2s2n1 TCP reno registered
2015-02-17T08:53:08.049382-07:00 c0-0c2s2n1 UDP hash table entries: 32768 (order: 8, 1048576 bytes)
2015-02-17T08:53:08.074555-07:00 c0-0c2s2n1 UDP-Lite hash table entries: 32768 (order: 8, 1048576 bytes)
2015-02-17T08:53:08.074577-07:00 c0-0c2s2n1 NET: Registered protocol family 1
2015-02-17T08:53:08.074593-07:00 c0-0c2s2n1 RPC: Registered named UNIX socket transport module.
2015-02-17T08:53:08.099794-07:00 c0-0c2s2n1 RPC: Registered udp transport module.
2015-02-17T08:53:08.099816-07:00 c0-0c2s2n1 RPC: Registered tcp transport module.
2015-02-17T08:53:08.099824-07:00 c0-0c2s2n1 RPC: Registered tcp NFSv4.1 backchannel transport module.
2015-02-17T08:53:08.125032-07:00 c0-0c2s2n1 pci 0000:00:1a.0: PCI INT A -> GSI 16 (level, low) -> IRQ 16
2015-02-17T08:53:08.150263-07:00 c0-0c2s2n1 pci 0000:00:1a.0: PCI INT A disabled
2015-02-17T08:53:08.150283-07:00 c0-0c2s2n1 pci 0000:00:1d.0: PCI INT A -> GSI 23 (level, low) -> IRQ 23
2015-02-17T08:53:08.175474-07:00 c0-0c2s2n1 pci 0000:00:1d.0: PCI INT A disabled
2015-02-17T08:53:08.200695-07:00 c0-0c2s2n1 Trying to unpack rootfs image as initramfs...
2015-02-17T08:53:08.622619-07:00 c0-0c2s2n1 Freeing initrd memory: 12348k freed
2015-02-17T08:53:08.622644-07:00 c0-0c2s2n1 DMAR: Device scope device [0000:00:01.01] not found
2015-02-17T08:53:08.661373-07:00 c0-0c2s2n1 DMAR: Device scope device [0000:00:01.01] not found
2015-02-17T08:53:08.661450-07:00 c0-0c2s2n1 PCI-DMA: Using software bounce buffering for IO (SWIOTLB)
2015-02-17T08:53:08.661460-07:00 c0-0c2s2n1 Placing 64MB software IO TLB between ffff88007a67c000 - ffff88007e67c000
2015-02-17T08:53:08.661497-07:00 c0-0c2s2n1 software IO TLB at phys 0x7a67c000 - 0x7e67c000
2015-02-17T08:53:08.686642-07:00 c0-0c2s2n1 Machine check injector initialized
2015-02-17T08:53:08.686666-07:00 c0-0c2s2n1 futex hash table entries: 4096 (order: 6, 262144 bytes)
2015-02-17T08:53:08.711840-07:00 c0-0c2s2n1 Registering pnotify support for (name=job)
2015-02-17T08:53:08.711850-07:00 c0-0c2s2n1 CSA: initialized
2015-02-17T08:53:08.711866-07:00 c0-0c2s2n1 audit: initializing netlink socket (disabled)
2015-02-17T08:53:08.711887-07:00 c0-0c2s2n1 type=2000 audit(1424188382.616:1): initialized
2015-02-17T08:53:08.754940-07:00 c0-0c2s2n1 HugeTLB registered 2 MB page size, pre-allocated 0 pages
2015-02-17T08:53:08.780160-07:00 c0-0c2s2n1 VFS: Disk quotas dquot_6.5.2
2015-02-17T08:53:08.780192-07:00 c0-0c2s2n1 Dquot-cache hash table entries: 512 (order 0, 4096 bytes)
2015-02-17T08:53:08.805369-07:00 c0-0c2s2n1 Installing knfsd (copyright (C) 1996 okir@monad.swb.de).
2015-02-17T08:53:08.805394-07:00 c0-0c2s2n1 fuse init (API version 7.16)
2015-02-17T08:53:08.805414-07:00 c0-0c2s2n1 Installing v9fs 9p2000 file system support
2015-02-17T08:53:08.805427-07:00 c0-0c2s2n1 msgmni has been set to 32268
2015-02-17T08:53:08.830659-07:00 c0-0c2s2n1 Block layer SCSI generic (bsg) driver version 0.4 loaded (major 254)
2015-02-17T08:53:08.830682-07:00 c0-0c2s2n1 io scheduler noop registered (default)
2015-02-17T08:53:08.830699-07:00 c0-0c2s2n1 io scheduler deadline registered
2015-02-17T08:53:08.830708-07:00 c0-0c2s2n1 io scheduler cfq registered
2015-02-17T08:53:08.869375-07:00 c0-0c2s2n1 input: Power Button as PATH1228:PATH1229:PATH1230:PATH1231
2015-02-17T08:53:08.869392-07:00 c0-0c2s2n1 ACPI: Power Button [PWRB]
2015-02-17T08:53:08.869407-07:00 c0-0c2s2n1 input: Power Button as PATH1228:PATH1232:PATH1233
2015-02-17T08:53:08.869429-07:00 c0-0c2s2n1 ACPI: Power Button [PWRF]
2015-02-17T08:53:08.952742-07:00 c0-0c2s2n1 ERST: Error Record Serialization Table (ERST) support is disabled.
2015-02-17T08:53:08.977980-07:00 c0-0c2s2n1 GHES: HEST is not enabled!
2015-02-17T08:53:09.028468-07:00 c0-0c2s2n1 Serial: PATH1234 driver, 2 ports, IRQ sharing disabled
2015-02-17T08:53:09.053807-07:00 c0-0c2s2n1 serial8250: ttyS0 at PATH1235 0x3f8 (irq = 4) is a 16550A
2015-02-17T08:53:09.104183-07:00 c0-0c2s2n1 serial8250: ttyS1 at PATH1235 0x2f8 (irq = 3) is a 16550A
2015-02-17T08:53:09.192004-07:00 c0-0c2s2n1 Real Time Clock Driver v1.12b
2015-02-17T08:53:09.217251-07:00 c0-0c2s2n1 Linux agpgart interface v0.103
2015-02-17T08:53:09.217274-07:00 c0-0c2s2n1 brd: module loaded
2015-02-17T08:53:09.217292-07:00 c0-0c2s2n1 loop: module loaded
2015-02-17T08:53:09.217304-07:00 c0-0c2s2n1 Loading iSCSI transport class v2.0-870.
2015-02-17T08:53:09.242485-07:00 c0-0c2s2n1 iscsi: registered transport (tcp)
2015-02-17T08:53:09.242509-07:00 c0-0c2s2n1 Rounding down aligned max_sectors from 4294967295 to 4294967288
2015-02-17T08:53:09.242517-07:00 c0-0c2s2n1 console [netcon0] enabled
2015-02-17T08:53:09.267707-07:00 c0-0c2s2n1 netconsole: network logging started
2015-02-17T08:53:09.267734-07:00 c0-0c2s2n1 i8042: PNP: No PATH1236 controller found. Probing ports directly.
2015-02-17T08:53:09.845327-07:00 c0-0c2s2n1 Refined TSC clocksource calibration: 2599.999 MHz.
2015-02-17T08:53:09.845336-07:00 c0-0c2s2n1 Switching to clocksource tsc
2015-02-17T08:53:10.285979-07:00 c0-0c2s2n1 i8042: No controller found
2015-02-17T08:53:10.285994-07:00 c0-0c2s2n1 EDAC MC: Ver: 2.1.0
2015-02-17T08:53:10.286004-07:00 c0-0c2s2n1 cpuidle: using governor ladder
2015-02-17T08:53:10.311201-07:00 c0-0c2s2n1 cpuidle: using governor menu
2015-02-17T08:53:10.311228-07:00 c0-0c2s2n1 oprofile: using NMI interrupt.
2015-02-17T08:53:10.336421-07:00 c0-0c2s2n1 TCP cubic registered
2015-02-17T08:53:10.336433-07:00 c0-0c2s2n1 NET: Registered protocol family 10
2015-02-17T08:53:10.336465-07:00 c0-0c2s2n1 IPv6 over IPv4 tunneling driver
2015-02-17T08:53:10.361627-07:00 c0-0c2s2n1 NET: Registered protocol family 17
2015-02-17T08:53:10.361673-07:00 c0-0c2s2n1 Installing 9P2000 support
2015-02-17T08:53:10.361709-07:00 c0-0c2s2n1 Registering the dns_resolver key type
2015-02-17T08:53:10.455279-07:00 c0-0c2s2n1 registered taskstats version 1
2015-02-17T08:53:10.455303-07:00 c0-0c2s2n1 Freeing unused kernel memory: 692k freed
2015-02-17T08:53:10.455322-07:00 c0-0c2s2n1 ghal_init:Cray(R) Gemini Hardware Abstraction Layer - version 1.0107
2015-02-17T08:53:10.455330-07:00 c0-0c2s2n1 ghal_init:Copyright (C) 2007-1012 Cray Inc.
2015-02-17T08:53:10.505351-07:00 c0-0c2s2n1 ghal 0000:01:00.1: enabling device (0000 -> 0002)
2015-02-17T08:53:10.505379-07:00 c0-0c2s2n1 udev: starting version 147
2015-02-17T08:53:10.505390-07:00 c0-0c2s2n1 simplex: module license 'unspecified' taints kernel.
2015-02-17T08:53:10.505407-07:00 c0-0c2s2n1 hss-os: communication area 0xffff88100849ba00 (phys 0x100849ba00)
2015-02-17T08:53:10.530598-07:00 c0-0c2s2n1 hss-os: new channel 1
2015-02-17T08:53:11.291879-07:00 c0-0c2s2n1 request_sys_info_from_L0: No tile dimension data
2015-02-17T08:53:11.342731-07:00 c0-0c2s2n1 hss-os: new channel 2
2015-02-17T08:53:11.342748-07:00 c0-0c2s2n1 kgni_init:Cray(R) Gemini Network Interface - Sep 17 2014 version 0x004500b7 rev 9750
2015-02-17T08:53:11.342758-07:00 c0-0c2s2n1 kgni_init:Copyright (C) 2007,2008 Cray Inc.
2015-02-17T08:53:11.405599-07:00 c0-0c2s2n1 ipogif_init:Cray(R) Gemini IP over Fabric device driver - version 0.17
2015-02-17T08:53:11.405645-07:00 c0-0c2s2n1 ipogif_init:Copyright (C) 2007 Cray Inc.
2015-02-17T08:53:11.405664-07:00 c0-0c2s2n1 ipogif_probe:Immediate checksum off
2015-02-17T08:53:11.405681-07:00 c0-0c2s2n1 Cray(R) Gemini Performance Counter Daemon - version 0.1
2015-02-17T08:53:11.405697-07:00 c0-0c2s2n1 GEMINI Performance Counter Daemon.
2015-02-17T08:53:11.430791-07:00 c0-0c2s2n1 Cray(R) Kernel Dynamic Registration (KDREG) Interface - version 0x2243e
2015-02-17T08:53:11.430812-07:00 c0-0c2s2n1 Copyright (C) 2004-5 Pete Wyckoff - modified by Cray(R)
2015-02-17T08:53:11.583645-07:00 c0-0c2s2n1 rdac: device handler registered
2015-02-17T08:53:11.608909-07:00 c0-0c2s2n1 qla2xxx [0000:00:00.0]-0005: QLogic Fibre Channel HBA Driver: IPADDR25.11.1-k.
2015-02-17T08:53:11.608923-07:00 c0-0c2s2n1 qla2xxx 0000:08:00.0: enabling device (0000 -> 0002)
2015-02-17T08:53:11.608934-07:00 c0-0c2s2n1 qla2xxx 0000:08:00.0: PCI INT A -> GSI 42 (level, low) -> IRQ 42
2015-02-17T08:53:11.608950-07:00 c0-0c2s2n1 qla2xxx [0000:08:00.0]-011c: MSI-X vector count: 31.
2015-02-17T08:53:11.659316-07:00 c0-0c2s2n1 qla2xxx [0000:08:00.0]-001d: Found an ISP2031 irq 42 iobase 0xffffc900171fc000.
2015-02-17T08:53:11.684508-07:00 c0-0c2s2n1 qla2xxx [0000:08:00.0]-0075:0: ZIO mode 6 enabled; timer delay (200 us).
2015-02-17T08:53:12.806302-07:00 c0-0c2s2n1 scsi0 : qla2xxx
2015-02-17T08:53:17.830104-07:00 c0-0c2s2n1 qla2xxx [0000:08:00.0]-00fb:0: QLogic QLE2672 - QLE2672 QLogic 2-port 16Gb Fibre Channel Adapter.
2015-02-17T08:53:17.830125-07:00 c0-0c2s2n1 qla2xxx [0000:08:00.0]-00fc:0: ISP2031: PCIe (PATH1340 x4) @ 0000:08:00.0 hdma+ host#=0 fw=7.03.00 (d0d5).
2015-02-17T08:53:17.861738-07:00 c0-0c2s2n1 qla2xxx 0000:08:00.1: enabling device (0000 -> 0002)
2015-02-17T08:53:17.886992-07:00 c0-0c2s2n1 qla2xxx 0000:08:00.1: PCI INT B -> GSI 45 (level, low) -> IRQ 45
2015-02-17T08:53:17.887005-07:00 c0-0c2s2n1 qla2xxx [0000:08:00.1]-011c: MSI-X vector count: 31.
2015-02-17T08:53:17.912221-07:00 c0-0c2s2n1 qla2xxx [0000:08:00.1]-001d: Found an ISP2031 irq 45 iobase 0xffffc900281fa000.
2015-02-17T08:53:17.937430-07:00 c0-0c2s2n1 qla2xxx [0000:08:00.1]-0075:1: ZIO mode 6 enabled; timer delay (200 us).
2015-02-17T08:53:19.045342-07:00 c0-0c2s2n1 scsi1 : qla2xxx
2015-02-17T08:53:19.617337-07:00 c0-0c2s2n1 qla2xxx [0000:08:00.1]-505f:1: Link is operational (16 Gbps).
2015-02-17T08:53:19.718225-07:00 c0-0c2s2n1 qla2xxx [0000:08:00.1]-00fb:1: QLogic QLE2672 - QLE2672 QLogic 2-port 16Gb Fibre Channel Adapter.
2015-02-17T08:53:19.743448-07:00 c0-0c2s2n1 qla2xxx [0000:08:00.1]-00fc:1: ISP2031: PCIe (PATH1340 x4) @ 0000:08:00.1 hdma+ host#=1 fw=7.03.00 (d0d5).
2015-02-17T08:53:19.743471-07:00 c0-0c2s2n1 pps_core: LinuxPPS API ver. 1 registered
2015-02-17T08:53:19.768714-07:00 c0-0c2s2n1 pps_core: Software ver. 5.3.6 - Copyright 2005-2007 Rodolfo Giometti <giometti@linux.it>
2015-02-17T08:53:19.768737-07:00 c0-0c2s2n1 PTP clock support registered
2015-02-17T08:53:19.805360-07:00 c0-0c2s2n1 igb: Intel(R) Gigabit Ethernet Network Driver - version 4.1.2-k
2015-02-17T08:53:19.805382-07:00 c0-0c2s2n1 igb: Copyright (c) 2007-2012 Intel Corporation.
2015-02-17T08:53:19.805391-07:00 c0-0c2s2n1 igb 0000:04:00.0: PCI INT A -> GSI 45 (level, low) -> IRQ 45
2015-02-17T08:53:20.022230-07:00 c0-0c2s2n1 igb 0000:04:00.0: added PHC on eth0
2015-02-17T08:53:20.047435-07:00 c0-0c2s2n1 igb 0000:04:00.0: Intel(R) Gigabit Ethernet Network Connection
2015-02-17T08:53:20.047470-07:00 c0-0c2s2n1 igb 0000:04:00.0: eth0: (PCIe:PATH1341:Width x4) 90:e2:ba:90:3d:84
2015-02-17T08:53:20.047501-07:00 c0-0c2s2n1 igb 0000:04:00.0: eth0: PBA No: E91609-006
2015-02-17T08:53:20.084761-07:00 c0-0c2s2n1 scsi 1:0:0:0: Direct-Access     NETAPP   INF-01-00        0810 PQ: 0 ANSI: 5
2015-02-17T08:53:20.084771-07:00 c0-0c2s2n1 scsi 1:0:0:0: rdac: LUN 0 (RDAC) (owned)
2015-02-17T08:53:20.084793-07:00 c0-0c2s2n1 sd 1:0:0:0: Attached scsi generic sg0 type 0
2015-02-17T08:53:20.084829-07:00 c0-0c2s2n1 sd 1:0:0:0: [sda] 146800640 512-byte logical blocks: (75.1 PATH1342 GiB)
2015-02-17T08:53:20.109989-07:00 c0-0c2s2n1 scsi 1:0:0:1: Direct-Access     NETAPP   INF-01-00        0810 PQ: 0 ANSI: 5
2015-02-17T08:53:20.110017-07:00 c0-0c2s2n1 sd 1:0:0:0: [sda] Write Protect is off
2015-02-17T08:53:20.110047-07:00 c0-0c2s2n1 sd 1:0:0:0: [sda] Write cache: disabled, read cache: enabled, supports DPO and FUA
2015-02-17T08:53:20.110055-07:00 c0-0c2s2n1 scsi 1:0:0:1: rdac: LUN 1 (RDAC) (owned)
2015-02-17T08:53:20.110095-07:00 c0-0c2s2n1 sd 1:0:0:1: Attached scsi generic sg1 type 0
2015-02-17T08:53:20.135175-07:00 c0-0c2s2n1 sd 1:0:0:1: [sdb] 775946240 512-byte logical blocks: (397 PATH1343 GiB)
2015-02-17T08:53:20.135215-07:00 c0-0c2s2n1 scsi 1:0:0:2: Direct-Access     NETAPP   INF-01-00        0810 PQ: 0 ANSI: 5
2015-02-17T08:53:20.135223-07:00 c0-0c2s2n1 sd 1:0:0:1: [sdb] Write Protect is off
2015-02-17T08:53:20.160372-07:00 c0-0c2s2n1 sda: sda1 sda2
2015-02-17T08:53:20.185589-07:00 c0-0c2s2n1 scsi 1:0:0:2: rdac: LUN 2 (RDAC) (owned)
2015-02-17T08:53:20.185612-07:00 c0-0c2s2n1 sd 1:0:0:2: Attached scsi generic sg2 type 0
2015-02-17T08:53:20.185645-07:00 c0-0c2s2n1 sd 1:0:0:1: [sdb] Write cache: disabled, read cache: enabled, supports DPO and FUA
2015-02-17T08:53:20.210884-07:00 c0-0c2s2n1 sd 1:0:0:2: [sdc] 167772160 512-byte logical blocks: (85.8 PATH1344 GiB)
2015-02-17T08:53:20.210906-07:00 c0-0c2s2n1 scsi 1:0:0:3: Direct-Access     NETAPP   INF-01-00        0810 PQ: 0 ANSI: 5
2015-02-17T08:53:20.210928-07:00 c0-0c2s2n1 scsi 1:0:0:3: rdac: LUN 3 (RDAC) (owned)
2015-02-17T08:53:20.210947-07:00 c0-0c2s2n1 sd 1:0:0:3: Attached scsi generic sg3 type 0
2015-02-17T08:53:20.210983-07:00 c0-0c2s2n1 sd 1:0:0:2: [sdc] Write Protect is off
2015-02-17T08:53:20.236028-07:00 c0-0c2s2n1 sd 1:0:0:2: [sdc] Write cache: disabled, read cache: enabled, supports DPO and FUA
2015-02-17T08:53:20.261306-07:00 c0-0c2s2n1 sd 1:0:0:3: [sdd] 146800640 512-byte logical blocks: (75.1 PATH1342 GiB)
2015-02-17T08:53:20.261322-07:00 c0-0c2s2n1 sd 1:0:0:0: [sda] Attached SCSI disk
2015-02-17T08:53:20.286534-07:00 c0-0c2s2n1 scsi 1:0:0:4: Direct-Access     NETAPP   INF-01-00        0810 PQ: 0 ANSI: 5
2015-02-17T08:53:20.286605-07:00 c0-0c2s2n1 sdb: sdb1 sdb2 sdb3 sdb4
2015-02-17T08:53:20.286625-07:00 c0-0c2s2n1 scsi 1:0:0:4: rdac: LUN 4 (RDAC) (owned)
2015-02-17T08:53:20.286663-07:00 c0-0c2s2n1 sd 1:0:0:3: [sdd] Write Protect is off
2015-02-17T08:53:20.286703-07:00 c0-0c2s2n1 sd 1:0:0:4: Attached scsi generic sg4 type 0
2015-02-17T08:53:20.311802-07:00 c0-0c2s2n1 sd 1:0:0:3: [sdd] Write cache: disabled, read cache: enabled, supports DPO and FUA
2015-02-17T08:53:20.311821-07:00 c0-0c2s2n1 scsi 1:0:0:5: Direct-Access     NETAPP   INF-01-00        0810 PQ: 0 ANSI: 5
2015-02-17T08:53:20.336999-07:00 c0-0c2s2n1 sd 1:0:0:4: [sde] 775946240 512-byte logical blocks: (397 PATH1343 GiB)
2015-02-17T08:53:20.337039-07:00 c0-0c2s2n1 sdc: sdc1 sdc2 sdc3
2015-02-17T08:53:20.337071-07:00 c0-0c2s2n1 scsi 1:0:0:5: rdac: LUN 5 (RDAC) (owned)
2015-02-17T08:53:20.362253-07:00 c0-0c2s2n1 sd 1:0:0:5: Attached scsi generic sg5 type 0
2015-02-17T08:53:20.362297-07:00 c0-0c2s2n1 sd 1:0:0:1: [sdb] Attached SCSI disk
2015-02-17T08:53:20.362321-07:00 c0-0c2s2n1 sd 1:0:0:4: [sde] Write Protect is off
2015-02-17T08:53:20.387509-07:00 c0-0c2s2n1 scsi 1:0:0:6: Direct-Access     NETAPP   INF-01-00        0810 PQ: 0 ANSI: 5
2015-02-17T08:53:20.387553-07:00 c0-0c2s2n1 sd 1:0:0:5: [sdf] 167772160 512-byte logical blocks: (85.8 PATH1344 GiB)
2015-02-17T08:53:20.387591-07:00 c0-0c2s2n1 sd 1:0:0:4: [sde] Write cache: disabled, read cache: enabled, supports DPO and FUA
2015-02-17T08:53:20.387598-07:00 c0-0c2s2n1 sdd: sdd1 sdd2
2015-02-17T08:53:20.387609-07:00 c0-0c2s2n1 scsi 1:0:0:6: rdac: LUN 6 (RDAC) (owned)
2015-02-17T08:53:20.387661-07:00 c0-0c2s2n1 sd 1:0:0:6: Attached scsi generic sg6 type 0
2015-02-17T08:53:20.412726-07:00 c0-0c2s2n1 sd 1:0:0:2: [sdc] Attached SCSI disk
2015-02-17T08:53:20.437964-07:00 c0-0c2s2n1 sd 1:0:0:5: [sdf] Write Protect is off
2015-02-17T08:53:20.438013-07:00 c0-0c2s2n1 sd 1:0:0:5: [sdf] Write cache: disabled, read cache: enabled, supports DPO and FUA
2015-02-17T08:53:20.463179-07:00 c0-0c2s2n1 sd 1:0:0:6: [sdg] 146800640 512-byte logical blocks: (75.1 PATH1342 GiB)
2015-02-17T08:53:20.463219-07:00 c0-0c2s2n1 scsi 1:0:0:7: Direct-Access     NETAPP   INF-01-00        0810 PQ: 0 ANSI: 5
2015-02-17T08:53:20.463252-07:00 c0-0c2s2n1 scsi 1:0:0:7: rdac: LUN 7 (RDAC) (owned)
2015-02-17T08:53:20.488437-07:00 c0-0c2s2n1 sd 1:0:0:7: Attached scsi generic sg7 type 0
2015-02-17T08:53:20.488480-07:00 c0-0c2s2n1 sd 1:0:0:6: [sdg] Write Protect is off
2015-02-17T08:53:20.488507-07:00 c0-0c2s2n1 sd 1:0:0:3: [sdd] Attached SCSI disk
2015-02-17T08:53:20.488524-07:00 c0-0c2s2n1 sde: sde1 sde2 sde3 sde4
2015-02-17T08:53:20.513701-07:00 c0-0c2s2n1 sd 1:0:0:7: [sdh] 775946240 512-byte logical blocks: (397 PATH1343 GiB)
2015-02-17T08:53:20.513741-07:00 c0-0c2s2n1 scsi 1:0:0:8: Direct-Access     NETAPP   INF-01-00        0810 PQ: 0 ANSI: 5
2015-02-17T08:53:20.538926-07:00 c0-0c2s2n1 sd 1:0:0:6: [sdg] Write cache: disabled, read cache: enabled, supports DPO and FUA
2015-02-17T08:53:20.538971-07:00 c0-0c2s2n1 sdf: sdf1 sdf2 sdf3
2015-02-17T08:53:20.538985-07:00 c0-0c2s2n1 scsi 1:0:0:8: rdac: LUN 8 (RDAC) (owned)
2015-02-17T08:53:20.539007-07:00 c0-0c2s2n1 sd 1:0:0:8: Attached scsi generic sg8 type 0
2015-02-17T08:53:20.539020-07:00 c0-0c2s2n1 sd 1:0:0:7: [sdh] Write Protect is off
2015-02-17T08:53:20.564206-07:00 c0-0c2s2n1 scsi 1:0:0:15: Direct-Access     NETAPP   INF-01-00        0810 PQ: 0 ANSI: 5
2015-02-17T08:53:20.564252-07:00 c0-0c2s2n1 sd 1:0:0:7: [sdh] Write cache: disabled, read cache: enabled, supports DPO and FUA
2015-02-17T08:53:20.589459-07:00 c0-0c2s2n1 sd 1:0:0:8: [sdi] 167772160 512-byte logical blocks: (85.8 PATH1344 GiB)
2015-02-17T08:53:20.589487-07:00 c0-0c2s2n1 sd 1:0:0:4: [sde] Attached SCSI disk
2015-02-17T08:53:20.589499-07:00 c0-0c2s2n1 sdg: sdg1 sdg2
2015-02-17T08:53:20.589524-07:00 c0-0c2s2n1 sd 1:0:0:5: [sdf] Attached SCSI disk
2015-02-17T08:53:20.614630-07:00 c0-0c2s2n1 scsi 1:0:0:15: rdac: LUN 15 (RDAC) (owned)
2015-02-17T08:53:20.614668-07:00 c0-0c2s2n1 sd 1:0:0:15: Attached scsi generic sg9 type 0
2015-02-17T08:53:20.614680-07:00 c0-0c2s2n1 sd 1:0:0:8: [sdi] Write Protect is off
2015-02-17T08:53:20.639888-07:00 c0-0c2s2n1 sd 1:0:0:8: [sdi] Write cache: disabled, read cache: enabled, supports DPO and FUA
2015-02-17T08:53:20.639928-07:00 c0-0c2s2n1 sd 1:0:0:15: [sdj] 3048520811 512-byte logical blocks: (1.56 PATH1345 TiB)
2015-02-17T08:53:20.665147-07:00 c0-0c2s2n1 scsi 1:0:0:16: Direct-Access     NETAPP   INF-01-00        0810 PQ: 0 ANSI: 5
2015-02-17T08:53:20.665173-07:00 c0-0c2s2n1 sdh: sdh1 sdh2 sdh3 sdh4
2015-02-17T08:53:20.665188-07:00 c0-0c2s2n1 scsi 1:0:0:16: rdac: LUN 16 (RDAC) (owned)
2015-02-17T08:53:20.665204-07:00 c0-0c2s2n1 sd 1:0:0:6: [sdg] Attached SCSI disk
2015-02-17T08:53:20.690345-07:00 c0-0c2s2n1 sd 1:0:0:15: [sdj] Write Protect is off
2015-02-17T08:53:20.690390-07:00 c0-0c2s2n1 sd 1:0:0:16: Attached scsi generic sg10 type 0
2015-02-17T08:53:20.690442-07:00 c0-0c2s2n1 sd 1:0:0:15: [sdj] Write cache: disabled, read cache: enabled, supports DPO and FUA
2015-02-17T08:53:20.715592-07:00 c0-0c2s2n1 sd 1:0:0:16: [sdk] 3048513536 512-byte logical blocks: (1.56 PATH1345 TiB)
2015-02-17T08:53:20.715630-07:00 c0-0c2s2n1 sdi: sdi1 sdi2 sdi3
2015-02-17T08:53:20.715665-07:00 c0-0c2s2n1 sd 1:0:0:7: [sdh] Attached SCSI disk
2015-02-17T08:53:20.715712-07:00 c0-0c2s2n1 sd 1:0:0:16: [sdk] Write Protect is off
2015-02-17T08:53:20.740858-07:00 c0-0c2s2n1 sd 1:0:0:16: [sdk] Write cache: disabled, read cache: enabled, supports DPO and FUA
2015-02-17T08:53:20.740879-07:00 c0-0c2s2n1 sdj: sdj1
2015-02-17T08:53:20.740889-07:00 c0-0c2s2n1 sd 1:0:0:8: [sdi] Attached SCSI disk
2015-02-17T08:53:20.740900-07:00 c0-0c2s2n1 sdk: sdk1
2015-02-17T08:53:20.766038-07:00 c0-0c2s2n1 sd 1:0:0:15: [sdj] Attached SCSI disk
2015-02-17T08:53:20.766069-07:00 c0-0c2s2n1 sd 1:0:0:16: [sdk] Attached SCSI disk
2015-02-17T08:53:20.766084-07:00 c0-0c2s2n1 igb 0000:04:00.0: Using MSI-X interrupts. 8 rx queue(s), 8 tx queue(s)
2015-02-17T08:53:20.766092-07:00 c0-0c2s2n1 igb 0000:04:00.1: PCI INT B -> GSI 46 (level, low) -> IRQ 46
2015-02-17T08:53:20.990403-07:00 c0-0c2s2n1 igb 0000:04:00.1: added PHC on eth1
2015-02-17T08:53:21.015625-07:00 c0-0c2s2n1 igb 0000:04:00.1: Intel(R) Gigabit Ethernet Network Connection
2015-02-17T08:53:21.015663-07:00 c0-0c2s2n1 igb 0000:04:00.1: eth1: (PCIe:PATH1341:Width x4) 90:e2:ba:90:3d:85
2015-02-17T08:53:21.040881-07:00 c0-0c2s2n1 igb 0000:04:00.1: eth1: PBA No: E91609-006
2015-02-17T08:53:21.040896-07:00 c0-0c2s2n1 igb 0000:04:00.1: Using MSI-X interrupts. 8 rx queue(s), 8 tx queue(s)
2015-02-17T08:53:21.160537-07:00 c0-0c2s2n1 igb 0000:06:00.0: PCI INT A -> GSI 40 (level, low) -> IRQ 40
2015-02-17T08:53:21.295202-07:00 c0-0c2s2n1 igb 0000:06:00.0: added PHC on eth2
2015-02-17T08:53:21.295253-07:00 c0-0c2s2n1 igb 0000:06:00.0: Intel(R) Gigabit Ethernet Network Connection
2015-02-17T08:53:21.295286-07:00 c0-0c2s2n1 igb 0000:06:00.0: eth2: (PCIe:PATH1341:Width x4) 90:e2:ba:90:3d:86
2015-02-17T08:53:21.320459-07:00 c0-0c2s2n1 igb 0000:06:00.0: eth2: PBA No: E91609-006
2015-02-17T08:53:21.320476-07:00 c0-0c2s2n1 igb 0000:06:00.0: Using MSI-X interrupts. 8 rx queue(s), 8 tx queue(s)
2015-02-17T08:53:21.345637-07:00 c0-0c2s2n1 igb 0000:06:00.1: PCI INT B -> GSI 44 (level, low) -> IRQ 44
2015-02-17T08:53:21.561846-07:00 c0-0c2s2n1 igb 0000:06:00.1: added PHC on eth3
2015-02-17T08:53:21.561869-07:00 c0-0c2s2n1 igb 0000:06:00.1: Intel(R) Gigabit Ethernet Network Connection
2015-02-17T08:53:21.587031-07:00 c0-0c2s2n1 igb 0000:06:00.1: eth3: (PCIe:PATH1341:Width x4) 90:e2:ba:90:3d:87
2015-02-17T08:53:21.587040-07:00 c0-0c2s2n1 igb 0000:06:00.1: eth3: PBA No: E91609-006
2015-02-17T08:53:21.612203-07:00 c0-0c2s2n1 igb 0000:06:00.1: Using MSI-X interrupts. 8 rx queue(s), 8 tx queue(s)
2015-02-17T08:53:21.807363-07:00 c0-0c2s2n1 ipogif_up:Bringing interface up
2015-02-17T08:53:21.869073-07:00 c0-0c2s2n1 Sending ec_node_info with boot code 0 (NODE_INFO_OS_BOOT) for nid 137
2015-02-17T08:53:21.869083-07:00 c0-0c2s2n1 arp: bootnode NID 1 = 000101000001
2015-02-17T08:53:21.869089-07:00 c0-0c2s2n1 net.core.rmem_max = 16777216
2015-02-17T08:53:21.869094-07:00 c0-0c2s2n1 net.core.wmem_max = 16777216
2015-02-17T08:53:21.869098-07:00 c0-0c2s2n1 net.core.rmem_default = 16777216
2015-02-17T08:53:21.869123-07:00 c0-0c2s2n1 net.core.wmem_default = 16777216
2015-02-17T08:53:21.869134-07:00 c0-0c2s2n1 net.core.optmem_max = 16777216
2015-02-17T08:53:21.869157-07:00 c0-0c2s2n1 net.ipv4.tcp_mem = 16777216 16777216 16777216
2015-02-17T08:53:21.869172-07:00 c0-0c2s2n1 net.ipv4.tcp_rmem = 4096 87380 16777216
2015-02-17T08:53:21.869182-07:00 c0-0c2s2n1 net.ipv4.tcp_wmem = 4096 65536 16777216
2015-02-17T08:53:21.869196-07:00 c0-0c2s2n1 Using rootfs config: nfs-shared...
2015-02-17T08:53:21.869204-07:00 c0-0c2s2n1 rootfs mount succeeded.
2015-02-17T08:53:21.869213-07:00 c0-0c2s2n1 **********************************************************
2015-02-17T08:53:21.869230-07:00 c0-0c2s2n1    HOSTNAME: nid00137
2015-02-17T08:53:21.869246-07:00 c0-0c2s2n1 **********************************************************
2015-02-17T08:53:21.869257-07:00 c0-0c2s2n1 ipogif0   Link encap:Ethernet  HWaddr 00:01:01:00:00:89  
2015-02-17T08:53:21.908393-07:00 c0-0c2s2n1          inet addr:IPADDR29  Mask:IPADDR15
2015-02-17T08:53:21.908434-07:00 c0-0c2s2n1          inet6 addr: fe80::201:1ff:fe00:PATH1458 Scope:Link
2015-02-17T08:53:21.908453-07:00 c0-0c2s2n1          UP RUNNING NOARP  MTU:65520  Metric:1
2015-02-17T08:53:21.908466-07:00 c0-0c2s2n1          RX packets:21 errors:0 dropped:0 overruns:0 frame:0
2015-02-17T08:53:21.908481-07:00 c0-0c2s2n1          TX packets:28 errors:0 dropped:0 overruns:0 carrier:0
2015-02-17T08:53:21.908497-07:00 c0-0c2s2n1          collisions:0 txqueuelen:1000 
2015-02-17T08:53:21.908526-07:00 c0-0c2s2n1          RX bytes:2496 (2.4 KiB)  TX bytes:2540 (2.4 KiB)
2015-02-17T08:53:21.908546-07:00 c0-0c2s2n1 lo        Link encap:Local Loopback  
2015-02-17T08:53:21.908565-07:00 c0-0c2s2n1          inet addr:IPADDR18  Mask:IPADDR24
2015-02-17T08:53:21.908578-07:00 c0-0c2s2n1          inet6 addr: ::PATH1252 Scope:Host
2015-02-17T08:53:21.908592-07:00 c0-0c2s2n1          UP LOOPBACK RUNNING  MTU:16436  Metric:1
2015-02-17T08:53:21.908606-07:00 c0-0c2s2n1          RX packets:0 errors:0 dropped:0 overruns:0 frame:0
2015-02-17T08:53:21.908619-07:00 c0-0c2s2n1          TX packets:0 errors:0 dropped:0 overruns:0 carrier:0
2015-02-17T08:53:21.908640-07:00 c0-0c2s2n1          collisions:0 txqueuelen:0 
2015-02-17T08:53:21.908653-07:00 c0-0c2s2n1          RX bytes:0 (0.0 B)  TX bytes:0 (0.0 B)
2015-02-17T08:53:21.908667-07:00 c0-0c2s2n1 Mounting NID specific PATH1253 (nid=137)...
2015-02-17T08:53:21.908675-07:00 c0-0c2s2n1 done.
2015-02-17T08:53:22.114006-07:00 c0-0c2s2n1 INIT: version 2.86 booting
2015-02-17T08:53:22.166042-07:00 c0-0c2s2n1 System Boot Control: Running PATH1254
2015-02-17T08:53:22.191247-07:00 c0-0c2s2n1 Mounting sysfs at PATH12557[?25l
2015-02-17T08:53:22.191258-07:00 c0-0c2s2n1 [80C[10D[1;32mdone[m8[?25h
2015-02-17T08:53:22.216485-07:00 c0-0c2s2n1 Copying static PATH1256 content7[?25l
2015-02-17T08:53:22.216497-07:00 c0-0c2s2n1 [80C[10D[1;32mdone[m8[?25h
2015-02-17T08:53:22.241759-07:00 c0-0c2s2n1 Mounting tmpfs at PATH12577[?25l
2015-02-17T08:53:22.241771-07:00 c0-0c2s2n1 [80C[10D[1;32mdone[m8[?25h
2015-02-17T08:53:22.241795-07:00 c0-0c2s2n1 Mounting devpts at PATH12587[?25l
2015-02-17T08:53:22.241806-07:00 c0-0c2s2n1 [80C[10D[1;32mdone[m8[?25h
2015-02-17T08:53:22.266941-07:00 c0-0c2s2n1 Boot logging started on PATH1259(PATH1260) at Tue Feb 17 09:53:16 2015
2015-02-17T08:53:22.292176-07:00 c0-0c2s2n1 Mounting debugfs at PATH12617[?25l
2015-02-17T08:53:22.292189-07:00 c0-0c2s2n1 [80C[10D[1;32mdone[m8[?25h
2015-02-17T08:53:22.501497-07:00 c0-0c2s2n1 [m[?25hNo efivars filesystem driver available.[m[?25hStarting udevd: udev: starting version 147
2015-02-17T08:53:22.526749-07:00 c0-0c2s2n1 7[?25l
2015-02-17T08:53:22.526760-07:00 c0-0c2s2n1 [80C[10D[1;32mdone[m8[?25h
2015-02-17T08:53:22.634740-07:00 c0-0c2s2n1 Loading drivers, configuring devices: usbcore: registered new interface driver usbfs
2015-02-17T08:53:22.659990-07:00 c0-0c2s2n1 usbcore: registered new interface driver hub
2015-02-17T08:53:22.660029-07:00 c0-0c2s2n1 usbcore: registered new device driver usb
2015-02-17T08:53:22.660046-07:00 c0-0c2s2n1 ahci 0000:00:1f.2: PCI INT B -> GSI 19 (level, low) -> IRQ 19
2015-02-17T08:53:22.685193-07:00 c0-0c2s2n1 ahci 0000:00:1f.2: forcing PORTS_IMPL to 0x3f
2015-02-17T08:53:22.685220-07:00 c0-0c2s2n1 ahci 0000:00:1f.2: AHCI 0001.0300 32 slots 6 ports 6 Gbps 0x3f impl SATA mode
2015-02-17T08:53:22.710443-07:00 c0-0c2s2n1 ahci 0000:00:1f.2: flags: 64bit ncq sntf pm led clo pio slum part ems apst 
2015-02-17T08:53:22.710475-07:00 c0-0c2s2n1 scsi2 : ahci
2015-02-17T08:53:22.710489-07:00 c0-0c2s2n1 scsi3 : ahci
2015-02-17T08:53:22.710503-07:00 c0-0c2s2n1 ehci_hcd: USB 2.0 'Enhanced' Host Controller (EHCI) Driver
2015-02-17T08:53:22.710519-07:00 c0-0c2s2n1 scsi4 : ahci
2015-02-17T08:53:22.735673-07:00 c0-0c2s2n1 udevd-work[5556]: rename(PATH10827 : ahci
2015-02-17T08:53:22.735711-07:00 c0-0c2s2n1 PATH1348:112, scsi6 : ahci
2015-02-17T08:53:22.735726-07:00 c0-0c2s2n1 PATH1355) failscsi7 : ahci
2015-02-17T08:53:22.735743-07:00 c0-0c2s2n1 ed: Not a directata2: SATA max PATH1238 abar m2048@0xfbf00000 port 0xfbf00100 irq 206
2015-02-17T08:53:22.735753-07:00 c0-0c2s2n1 ory
2015-02-17T08:53:22.760884-07:00 c0-0c2s2n1 udevd-workata3: SATA max PATH1238 abar m2048@0xfbf00000 port 0xfbf00180 irq 206
2015-02-17T08:53:22.760921-07:00 c0-0c2s2n1 [5542]: rename(PATH10828: SATA max PATH1238 abar m2048@0xfbf00000 port 0xfbf00200 irq 206
2015-02-17T08:53:22.786088-07:00 c0-0c2s2n1 PATH10829: SATA max PATH1238 abar m2048@0xfbf00000 port 0xfbf00280 irq 206
2015-02-17T08:53:22.786120-07:00 c0-0c2s2n1 ata6: SATA max PATH1238 abar m2048@0xfbf00000 port 0xfbf00300 irq 206
2015-02-17T08:53:22.811318-07:00 c0-0c2s2n1 :96, PATH1355)ata7: SATA max PATH1238 abar m2048@0xfbf00000 port 0xfbf00380 irq 206
2015-02-17T08:53:22.811355-07:00 c0-0c2s2n1 ehci_hcd 0000:00:1a.0: PCI INT A -> GSI 16 (level, low) -> IRQ 16
2015-02-17T08:53:22.836555-07:00 c0-0c2s2n1 ehci_hcd 0000:00:1a.0: EHCI Host Controller
2015-02-17T08:53:22.836590-07:00 c0-0c2s2n1 ehci_hcd 0000:00:1a.0: new USB bus registered, assigned bus number 1
2015-02-17T08:53:22.836606-07:00 c0-0c2s2n1 ehci_hcd 0000:00:1a.0: debug port 2
2015-02-17T08:53:22.861776-07:00 c0-0c2s2n1 ehci_hcd 0000:00:1a.0: irq 16, io mem 0xfbf02000
2015-02-17T08:53:22.861808-07:00 c0-0c2s2n1 ehci_hcd 0000:00:1a.0: USB 2.0 started, EHCI 1.00
2015-02-17T08:53:22.861823-07:00 c0-0c2s2n1 hub 1-0:1.0: USB hub found
2015-02-17T08:53:22.861838-07:00 c0-0c2s2n1 hub 1-0:1.0: 2 ports detected
2015-02-17T08:53:22.887010-07:00 c0-0c2s2n1 ehci_hcd 0000:00:1d.0: PCI INT A -> GSI 23 (level, low) -> IRQ 23
2015-02-17T08:53:22.887047-07:00 c0-0c2s2n1 ehci_hcd 0000:00:1d.0: EHCI Host Controller
2015-02-17T08:53:22.912250-07:00 c0-0c2s2n1 ehci_hcd 0000:00:1d.0: new USB bus registered, assigned bus number 2
2015-02-17T08:53:22.912281-07:00 c0-0c2s2n1 ehci_hcd 0000:00:1d.0: debug port 2
2015-02-17T08:53:22.912297-07:00 c0-0c2s2n1 ehci_hcd 0000:00:1d.0: irq 23, io mem 0xfbf01000
2015-02-17T08:53:22.912312-07:00 c0-0c2s2n1 ehci_hcd 0000:00:1d.0: USB 2.0 started, EHCI 1.00
2015-02-17T08:53:22.912326-07:00 c0-0c2s2n1 hub 2-0:1.0: USB hub found
2015-02-17T08:53:22.937468-07:00 c0-0c2s2n1 hub 2-0:1.0: 2 ports detected
2015-02-17T08:53:22.937507-07:00 c0-0c2s2n1 failed: Not a directory
2015-02-17T08:53:22.937522-07:00 c0-0c2s2n1 udevd-work[5515]: rename(PATH1354:144, PATH1355) failed: Not a directory
2015-02-17T08:53:22.937536-07:00 c0-0c2s2n1 udevd-work[5549]: rename(PATH1354:64, PATH1355) failed: Not a directory
2015-02-17T08:53:22.937570-07:00 c0-0c2s2n1 udevd-work[5519]: rename(PATH1354:128, PATH1355) failed: Not a directory
2015-02-17T08:53:22.937583-07:00 c0-0c2s2n1 udevd-work[5526]: rename(PATH1354:32, PATH1355) failed: Not a directory
2015-02-17T08:53:22.937595-07:00 c0-0c2s2n1 udevd-work[5531]: rename(PATH1354:48, PATH1355) failed: Not a directory
2015-02-17T08:53:22.937610-07:00 c0-0c2s2n1 udevd-work[5489]: rename(PATH1354:0, PATH1355) failed: Not a directory
2015-02-17T08:53:22.937629-07:00 c0-0c2s2n1 udevd-work[5533]: rename(PATH1354:80, PATH1355) failed: Not a directory
2015-02-17T08:53:22.937649-07:00 c0-0c2s2n1 udevd-work[5521]: rename(PATH1354:160, PATH1355) failed: Not a directory
2015-02-17T08:53:22.962735-07:00 c0-0c2s2n1 udevd-work[5494]: rename(PATH1354:16, PATH1355) failed: Not a directory
2015-02-17T08:53:22.987992-07:00 c0-0c2s2n1 udevd-work[5488]: rename(PATH1354:2, PATH1355) failed: Not a directory
2015-02-17T08:53:22.988034-07:00 c0-0c2s2n1 udevd-work[5498]: rename(PATH1354:65, PATH1355) failed: Not a directory
2015-02-17T08:53:22.988070-07:00 c0-0c2s2n1 udevd-work[5492]: rename(PATH1354:33, PATH1355) failed: Not a directory
2015-02-17T08:53:22.988088-07:00 c0-0c2s2n1 udevd-work[5490]: rename(PATH1354:161, PATH1355) failed: Not a directory
2015-02-17T08:53:22.988116-07:00 c0-0c2s2n1 udevd-work[5509]: rename(PATH1354:81, PATH1355) failed: Not a directory
2015-02-17T08:53:22.988137-07:00 c0-0c2s2n1 udevd-work[5511]: rename(PATH1354:83, PATH1355) failed: Not a directory
2015-02-17T08:53:23.013235-07:00 c0-0c2s2n1 udevd-work[5497]: rename(PATH1354:50, PATH1355) failed: Not a directory
2015-02-17T08:53:23.013282-07:00 c0-0c2s2n1 udevd-work[5489]: rename(PATH1354:145, PATH1355) failed: Not a directory
2015-02-17T08:53:23.013299-07:00 c0-0c2s2n1 udevd-work[5501]: rename(PATH1354:68, PATH1355) failed: Not a directory
2015-02-17T08:53:23.013311-07:00 c0-0c2s2n1 udevd-work[5525]: rename(PATH1354:20, PATH1355) failed: Not a directory
2015-02-17T08:53:23.013329-07:00 c0-0c2s2n1 udevd-work[5496]: rename(PATH1354:49, PATH1355) failed: Not a directory
2015-02-17T08:53:23.013345-07:00 c0-0c2s2n1 udevd-work[5494]: rename(PATH1354:17, PATH1355) failed: Not a directory
2015-02-17T08:53:23.013361-07:00 c0-0c2s2n1 udevd-work[5487]: rename(PATH1354:1, PATH1355) failed: Not a directory
2015-02-17T08:53:23.043993-07:00 c0-0c2s2n1 udevd-work[5495]: rename(PATH1354:35, PATH1355) failed: Not a directory
2015-02-17T08:53:23.044035-07:00 c0-0c2s2n1 udevd-work[5524]: rename(PATH1354:19, PATH1355) failed: Not a directory
2015-02-17T08:53:23.044055-07:00 c0-0c2s2n1 udevd-work[5514]: rename(PATH1354:98, PATH1355) failed: Not a directory
2015-02-17T08:53:23.044070-07:00 c0-0c2s2n1 udevd-work[5522]: rename(PATH1354:131, PATH1355) failed: Not a directory
2015-02-17T08:53:23.044101-07:00 c0-0c2s2n1 udevd-work[5517]: rename(PATH1354:115, PATH1355) failed: Not a directory
2015-02-17T08:53:23.044120-07:00 c0-0c2s2n1 udevd-work[5513]: rename(PATH1354:97, PATH1355) failed: Not a directory
2015-02-17T08:53:23.044133-07:00 c0-0c2s2n1 udevd-work[5493]: rename(PATH1354:34, PATH1355) failed: Not a directory
2015-02-17T08:53:23.044149-07:00 c0-0c2s2n1 udevd-work[5521]: rename(PATH1354:130, PATH1355) failed: Not a directory
2015-02-17T08:53:23.044162-07:00 c0-0c2s2n1 udevd-work[5510]: rename(PATH1354:82, PATH1355) failed: Not a directory
2015-02-17T08:53:23.044180-07:00 c0-0c2s2n1 udevd-work[5516]: rename(PATH1354:114, PATH1355) failed: Not a directory
2015-02-17T08:53:23.069190-07:00 c0-0c2s2n1 udevd-work[5519]: rename(PATH1354:129, PATH1355) failed: Not a directory
2015-02-17T08:53:23.069225-07:00 c0-0c2s2n1 udevd-work[5518]: rename(PATH1354:116, PATH1355) failed: Not a directory
2015-02-17T08:53:23.069242-07:00 c0-0c2s2n1 udevd-work[5515]: rename(PATH1354:113, PATH1355) failed: Not a directory
2015-02-17T08:53:23.069258-07:00 c0-0c2s2n1 udevd-work[5523]: rename(PATH1354:18, PATH1355) failed: Not a directory
2015-02-17T08:53:23.094428-07:00 c0-0c2s2n1 udevd-work[5500]: rename(PATH1354:67, PATH1355) failed: Not a directory
2015-02-17T08:53:23.094456-07:00 c0-0c2s2n1 udevd-work[5499]: rename(PATH1354:66, PATH1355) failed: Not a directory
2015-02-17T08:53:23.132305-07:00 c0-0c2s2n1 usb 1-1: new high-speed USB device number 2 using ehci_hcd
2015-02-17T08:53:23.266515-07:00 c0-0c2s2n1 hub 1-1:1.0: USB hub found
2015-02-17T08:53:23.291700-07:00 c0-0c2s2n1 hub 1-1:1.0: 6 ports detected
2015-02-17T08:53:23.394886-07:00 c0-0c2s2n1 usb 2-1: new high-speed USB device number 2 using ehci_hcd
2015-02-17T08:53:23.531543-07:00 c0-0c2s2n1 hub 2-1:1.0: USB hub found
2015-02-17T08:53:23.556783-07:00 c0-0c2s2n1 hub 2-1:1.0: 8 ports detected
2015-02-17T08:53:23.849346-07:00 c0-0c2s2n1 ata3: failed to resume link (SControl 0)
2015-02-17T08:53:23.849363-07:00 c0-0c2s2n1 ata3: SATA link down (SStatus 0 SControl 0)
2015-02-17T08:53:23.849374-07:00 c0-0c2s2n1 ata6: failed to resume link (SControl 0)
2015-02-17T08:53:23.849398-07:00 c0-0c2s2n1 ata6: SATA link down (SStatus 0 SControl 0)
2015-02-17T08:53:23.849413-07:00 c0-0c2s2n1 ata4: failed to resume link (SControl 0)
2015-02-17T08:53:23.849424-07:00 c0-0c2s2n1 ata4: SATA link down (SStatus 0 SControl 0)
2015-02-17T08:53:23.889334-07:00 c0-0c2s2n1 ata7: failed to resume link (SControl 0)
2015-02-17T08:53:23.889350-07:00 c0-0c2s2n1 ata7: SATA link down (SStatus 0 SControl 0)
2015-02-17T08:53:23.889361-07:00 c0-0c2s2n1 ata5: failed to resume link (SControl 0)
2015-02-17T08:53:23.889392-07:00 c0-0c2s2n1 ata5: SATA link down (SStatus 0 SControl 0)
2015-02-17T08:53:23.889405-07:00 c0-0c2s2n1 ata2: failed to resume link (SControl 0)
2015-02-17T08:53:23.889417-07:00 c0-0c2s2n1 ata2: SATA link down (SStatus 0 SControl 0)
2015-02-17T08:53:23.929330-07:00 c0-0c2s2n1 7[?25l
2015-02-17T08:53:23.929341-07:00 c0-0c2s2n1 [80C[10D[1;32mdone[m8[?25h
2015-02-17T08:53:23.971018-07:00 c0-0c2s2n1 [m[?25hMounting PATH1262 from IPADDR13. Checking for nid=137 existance.
2015-02-17T08:53:24.187007-07:00 c0-0c2s2n1 7[?25l
2015-02-17T08:53:24.187027-07:00 c0-0c2s2n1 [80C[10D[1;32mdone[m8[?25h
2015-02-17T08:53:24.212237-07:00 c0-0c2s2n1 Mounting tmpfs on PATH12637[?25l
2015-02-17T08:53:24.212248-07:00 c0-0c2s2n1 [80C[10D[1;32mdone[m8[?25h
2015-02-17T08:53:24.237451-07:00 c0-0c2s2n1 Running sysctl using values from PATH1264
2015-02-17T08:53:24.237489-07:00 c0-0c2s2n1 net.ipv4.icmp_echo_ignore_broadcasts = 1
2015-02-17T08:53:24.237502-07:00 c0-0c2s2n1 net.ipv4.conf.all.rp_filter = 1
2015-02-17T08:53:24.237513-07:00 c0-0c2s2n1 fs.inotify.max_user_watches = 65536
2015-02-17T08:53:24.237525-07:00 c0-0c2s2n1 net.ipv4.conf.default.promote_secondaries = 1
2015-02-17T08:53:24.237540-07:00 c0-0c2s2n1 net.ipv4.conf.all.promote_secondaries = 1
2015-02-17T08:53:24.237551-07:00 c0-0c2s2n1 vm.min_free_kbytes = 102400
2015-02-17T08:53:24.237569-07:00 c0-0c2s2n1 7[?25l
2015-02-17T08:53:24.237580-07:00 c0-0c2s2n1 [80C[10D[1;32mdone[m8[?25h
2015-02-17T08:53:24.277333-07:00 c0-0c2s2n1 [m[?25hActivating swap-devices in PATH1265
2015-02-17T08:53:24.277369-07:00 c0-0c2s2n1 7[?25l[1A
2015-02-17T08:53:24.277380-07:00 c0-0c2s2n1 [80C[10D[1;32mdone[m8[?25hroot file system (PATH24) is NOT being checked.
2015-02-17T08:53:24.861342-07:00 c0-0c2s2n1 [m[?25hSet System Time to the current Hardware Clock7[?25l
2015-02-17T08:53:24.861355-07:00 c0-0c2s2n1 [80C[10D[1;32mdone[m8[?25h
2015-02-17T08:53:24.861369-07:00 c0-0c2s2n1 [m[?25hActivating device mapper...
2015-02-17T08:53:24.925321-07:00 c0-0c2s2n1 device-mapper: ioctl: 4.23.0-ioctl (2012-07-25) initialised: dm-devel@redhat.com
2015-02-17T08:53:24.925337-07:00 c0-0c2s2n1 7[?25l
2015-02-17T08:53:24.925344-07:00 c0-0c2s2n1 [80C[10D[1;32mdone[m8[?25h
2015-02-17T08:53:24.950529-07:00 c0-0c2s2n1 [m[?25hLoading required kernel modules
2015-02-17T08:53:24.975763-07:00 c0-0c2s2n1 7[?25l[1A
2015-02-17T08:53:24.975774-07:00 c0-0c2s2n1 [80C[10D[1;32mdone[m8[?25h[m[?25h[m[?25hWaiting for udev to settle...
2015-02-17T08:53:24.975785-07:00 c0-0c2s2n1 Scanning for LVM volume groups...
2015-02-17T08:53:25.000985-07:00 c0-0c2s2n1  Reading all physical volumes.  This may take a while...
2015-02-17T08:53:25.026206-07:00 c0-0c2s2n1  No volume groups found
2015-02-17T08:53:25.026222-07:00 c0-0c2s2n1  No volume groups found
2015-02-17T08:53:25.026233-07:00 c0-0c2s2n1 Activating LVM volume groups...
2015-02-17T08:53:25.026261-07:00 c0-0c2s2n1  PARTIAL MODE. Incomplete logical volumes will be processed.
2015-02-17T08:53:25.026286-07:00 c0-0c2s2n1  Invalid volume group name: PATH1362
2015-02-17T08:53:25.065343-07:00 c0-0c2s2n1  Run `vgchange --help' for more information.
2015-02-17T08:53:25.065372-07:00 c0-0c2s2n1 7[?25l
2015-02-17T08:53:25.065383-07:00 c0-0c2s2n1 [80C[10D[1;32mdone[m8[?25h
2015-02-17T08:53:25.065401-07:00 c0-0c2s2n1 [m[?25hWaiting to ensure all PATH1363 disk devices are discovered. 
2015-02-17T08:53:26.059922-07:00 c0-0c2s2n1 20155317-09:02.19(65)  Disks present: 40   
2015-02-17T08:53:27.060563-07:00 c0-0c2s2n1 20155317-09:02.20(64)  Disks present: 40  [9] 
2015-02-17T08:53:28.074188-07:00 c0-0c2s2n1 20155317-09:02.21(63)  Disks present: 40  [8] 
2015-02-17T08:53:29.080253-07:00 c0-0c2s2n1 20155317-09:02.22(62)  Disks present: 40  [7] 
2015-02-17T08:53:30.084741-07:00 c0-0c2s2n1 20155317-09:02.24(61)  Disks present: 40  [6] 
2015-02-17T08:53:31.081200-07:00 c0-0c2s2n1 20155317-09:02.25(60)  Disks present: 40  [5] 
2015-02-17T08:53:32.096704-07:00 c0-0c2s2n1 20155317-09:02.26(59)  Disks present: 40  [4] 
2015-02-17T08:53:33.102233-07:00 c0-0c2s2n1 20155317-09:02.27(58)  Disks present: 40  [3] 
2015-02-17T08:53:34.137316-07:00 c0-0c2s2n1 20155317-09:02.28(57)  Disks present: 40  [2] 
2015-02-17T08:53:35.079399-07:00 c0-0c2s2n1 qla2xxx [0000:08:00.0]-8038:0: Cable is unplugged...
2015-02-17T08:53:35.141365-07:00 c0-0c2s2n1 20155317-09:02.29(56)  Disks present: 40  [1] 
2015-02-17T08:53:36.120472-07:00 c0-0c2s2n1 20155317-09:02.30(55)  Disks present: 40  [0] 
2015-02-17T08:53:36.120495-07:00 c0-0c2s2n1 Elapsed wait time 10 seconds. 
2015-02-17T08:53:36.120510-07:00 c0-0c2s2n1  20155317-09:02.30 triggering udev
2015-02-17T08:53:36.162820-07:00 c0-0c2s2n1  20155317-09:02.30 Verifying udev settle. 
2015-02-17T08:53:36.243939-07:00 c0-0c2s2n1 udevd-work[6581]: rename(PATH1354:80, PATH1355) failed: Not a directory
2015-02-17T08:53:36.243957-07:00 c0-0c2s2n1 udevd-work[6576]: rename(PATH1354:64, PATH1355) failed: Not a directory
2015-02-17T08:53:36.243974-07:00 c0-0c2s2n1 udevd-work[6540]: rename(PATH1354:16, PATH1355) failed: Not a directory
2015-02-17T08:53:36.270080-07:00 c0-0c2s2n1 udevd-work[6553]: rename(PATH1354:144, PATH1355) failed: Not a directory
2015-02-17T08:53:36.270100-07:00 c0-0c2s2n1 udevd-work[6570]: rename(PATH1354:48, PATH1355) failed: Not a directory
2015-02-17T08:53:36.270117-07:00 c0-0c2s2n1 udevd-work[6588]: rename(PATH1354:96, PATH1355) failed: Not a directory
2015-02-17T08:53:36.270138-07:00 c0-0c2s2n1 udevd-work[6565]: rename(PATH1354:32, PATH1355) failed: Not a directory
2015-02-17T08:53:36.270151-07:00 c0-0c2s2n1 udevd-work[5752]: rename(PATH1354:0, PATH1355) failed: Not a directory
2015-02-17T08:53:36.295317-07:00 c0-0c2s2n1 udevd-work[6594]: rename(PATH1354:112, PATH1355) failed: Not a directory
2015-02-17T08:53:36.295356-07:00 c0-0c2s2n1 udevd-work[6599]: rename(PATH1354:128, PATH1355) failed: Not a directory
2015-02-17T08:53:36.320562-07:00 c0-0c2s2n1 udevd-work[6560]: rename(PATH1354:160, PATH1355) failed: Not a directory
2015-02-17T08:53:36.320595-07:00 c0-0c2s2n1 udevd-work[5746]: rename(PATH1354:65, PATH1355) failed: Not a directory
2015-02-17T08:53:36.320609-07:00 c0-0c2s2n1 udevd-work[6535]: rename(PATH1354:81, PATH1355) failed: Not a directory
2015-02-17T08:53:36.320636-07:00 c0-0c2s2n1 udevd-work[6533]: rename(PATH1354:68, PATH1355) failed: Not a directory
2015-02-17T08:53:36.320649-07:00 c0-0c2s2n1 udevd-work[6550]: rename(PATH1354:20, PATH1355) failed: Not a directory
2015-02-17T08:53:36.356312-07:00 c0-0c2s2n1 udevd-work[6539]: rename(PATH1354:17, PATH1355) failed: Not a directory
2015-02-17T08:53:36.356329-07:00 c0-0c2s2n1 udevd-work[6537]: rename(PATH1354:83, PATH1355) failed: Not a directory
2015-02-17T08:53:36.356347-07:00 c0-0c2s2n1 udevd-work[6538]: rename(PATH1354:49, PATH1355) failed: Not a directory
2015-02-17T08:53:36.356364-07:00 c0-0c2s2n1 udevd-work[6536]: rename(PATH1354:82, PATH1355) failed: Not a directory
2015-02-17T08:53:36.356378-07:00 c0-0c2s2n1 udevd-work[6558]: rename(PATH1354:35, PATH1355) failed: Not a directory
2015-02-17T08:53:36.356391-07:00 c0-0c2s2n1 udevd-work[6540]: rename(PATH1354:18, PATH1355) failed: Not a directory
2015-02-17T08:53:36.356412-07:00 c0-0c2s2n1 udevd-work[6554]: rename(PATH1354:2, PATH1355) failed: Not a directory
2015-02-17T08:53:36.356437-07:00 c0-0c2s2n1 udevd-work[6555]: rename(PATH1354:161, PATH1355) failed: Not a directory
2015-02-17T08:53:36.381539-07:00 c0-0c2s2n1 udevd-work[6551]: rename(PATH1354:50, PATH1355) failed: Not a directory
2015-02-17T08:53:36.381557-07:00 c0-0c2s2n1 udevd-work[6529]: rename(PATH1354:145, PATH1355) failed: Not a directory
2015-02-17T08:53:36.381576-07:00 c0-0c2s2n1 udevd-work[6531]: rename(PATH1354:67, PATH1355) failed: Not a directory
2015-02-17T08:53:36.381593-07:00 c0-0c2s2n1 udevd-work[6553]: rename(PATH1354:98, PATH1355) failed: Not a directory
2015-02-17T08:53:36.381610-07:00 c0-0c2s2n1 udevd-work[5752]: rename(PATH1354:1, PATH1355) failed: Not a directory
2015-02-17T08:53:36.381643-07:00 c0-0c2s2n1 udevd-work[6528]: rename(PATH1354:66, PATH1355) failed: Not a directory
2015-02-17T08:53:36.406787-07:00 c0-0c2s2n1 udevd-work[6560]: rename(PATH1354:114, PATH1355) failed: Not a directory
2015-02-17T08:53:36.406830-07:00 c0-0c2s2n1 udevd-work[6541]: rename(PATH1354:19, PATH1355) failed: Not a directory
2015-02-17T08:53:36.406847-07:00 c0-0c2s2n1 udevd-work[6556]: rename(PATH1354:33, PATH1355) failed: Not a directory
2015-02-17T08:53:36.406859-07:00 c0-0c2s2n1 udevd-work[6559]: rename(PATH1354:113, PATH1355) failed: Not a directory
2015-02-17T08:53:36.406887-07:00 c0-0c2s2n1 udevd-work[6563]: rename(PATH1354:129, PATH1355) failed: Not a directory
2015-02-17T08:53:36.406900-07:00 c0-0c2s2n1 udevd-work[6561]: rename(PATH1354:115, PATH1355) failed: Not a directory
2015-02-17T08:53:36.435503-07:00 c0-0c2s2n1 udevd-work[6562]: rename(PATH1354:116, PATH1355) failed: Not a directory
2015-02-17T08:53:36.435546-07:00 c0-0c2s2n1 udevd-work[6552]: rename(PATH1354:97, PATH1355) failed: Not a directory
2015-02-17T08:53:36.435565-07:00 c0-0c2s2n1 udevd-work[6565]: rename(PATH1354:131, PATH1355) failed: Not a directory
2015-02-17T08:53:36.435582-07:00 c0-0c2s2n1 udevd-work[6564]: rename(PATH1354:130, PATH1355) failed: Not a directory
2015-02-17T08:53:36.435596-07:00 c0-0c2s2n1 udevd-work[6557]: rename(PATH1354:34, PATH1355) failed: Not a directory
2015-02-17T08:53:36.435613-07:00 c0-0c2s2n1  20155317-09:02.30 Done settling. 
2015-02-17T08:53:36.435628-07:00 c0-0c2s2n1 [m[?25hEXT3-fs: barriers not enabled
2015-02-17T08:53:36.435646-07:00 c0-0c2s2n1 Checking file systems...
2015-02-17T08:53:36.435657-07:00 c0-0c2s2n1 fsck from util-linux 2.19.1
2015-02-17T08:53:36.435674-07:00 c0-0c2s2n1 Checking all file systems.
2015-02-17T08:53:36.460782-07:00 c0-0c2s2n1 7[?25l[1A
2015-02-17T08:53:36.460794-07:00 c0-0c2s2n1 [80C[10D[1;32mdone[m8[?25hMounting local file systems.kjournald starting.  Commit interval 15 seconds
2015-02-17T08:53:36.460820-07:00 c0-0c2s2n1 ..
2015-02-17T08:53:36.460833-07:00 c0-0c2s2n1 EXT3-fs (sdc3): using internal journal
2015-02-17T08:53:36.460847-07:00 c0-0c2s2n1 EXT3-fs (sdc3): mounted filesystem with writeback data mode
2015-02-17T08:53:36.460860-07:00 c0-0c2s2n1 PATH1466 on PATH1467 type ext3 (rw)
2015-02-17T08:53:36.485962-07:00 c0-0c2s2n1 EXT3-fs: barriers not enabled
2015-02-17T08:53:36.511181-07:00 c0-0c2s2n1 kjournald starting.  Commit interval 15 seconds
2015-02-17T08:53:36.511218-07:00 c0-0c2s2n1 EXT3-fs (sdc1): using internal journal
2015-02-17T08:53:36.536449-07:00 c0-0c2s2n1 EXT3-fs (sdc1): mounted filesystem with writeback data mode
2015-02-17T08:53:36.536477-07:00 c0-0c2s2n1 PATH1468 on PATH1469 type ext3 (rw)
2015-02-17T08:53:36.561702-07:00 c0-0c2s2n1 EXT3-fs: barriers not enabled
2015-02-17T08:53:36.561730-07:00 c0-0c2s2n1 kjournald starting.  Commit interval 15 seconds
2015-02-17T08:53:36.586889-07:00 c0-0c2s2n1 EXT3-fs (sdj1): using internal journal
2015-02-17T08:53:36.586927-07:00 c0-0c2s2n1 EXT3-fs (sdj1): mounted filesystem with writeback data mode
2015-02-17T08:53:36.586942-07:00 c0-0c2s2n1 PATH1470 on PATH1471 type ext3 (rw)
2015-02-17T08:53:37.161349-07:00 c0-0c2s2n1 7[?25l[1A
2015-02-17T08:53:37.161367-07:00 c0-0c2s2n1 [80C[10D[1;32mdone[m8[?25h[m[?25hCheck if the profiles matches the system7[?25l
2015-02-17T08:53:37.161375-07:00 c0-0c2s2n1 [80C[10D[1;32mdone[m8[?25h
2015-02-17T08:53:37.201338-07:00 c0-0c2s2n1 [m[?25hEnabling monitoring on LVM volume groups...
2015-02-17T08:53:37.201358-07:00 c0-0c2s2n1  Invalid volume group name: PATH1362
2015-02-17T08:53:37.201373-07:00 c0-0c2s2n1  Run `vgchange --help' for more information.
2015-02-17T08:53:37.201386-07:00 c0-0c2s2n1 7[?25l
2015-02-17T08:53:37.201392-07:00 c0-0c2s2n1 [80C[10D[1;31mmissing[m8[?25h
2015-02-17T08:53:37.255650-07:00 c0-0c2s2n1 [m[?25h[m[?25h[m[?25h[m[?25h[m[?25hTurning quota on
2015-02-17T08:53:37.280856-07:00 c0-0c2s2n1 Checking quotas. This may take some time.
2015-02-17T08:53:37.280873-07:00 c0-0c2s2n1 7[?25l
2015-02-17T08:53:37.280879-07:00 c0-0c2s2n1 [80C[10D[1;32mdone[m8[?25h
2015-02-17T08:53:37.306076-07:00 c0-0c2s2n1 [m[?25hSetting current sysctl status from PATH12647[?25l
2015-02-17T08:53:37.306087-07:00 c0-0c2s2n1 [80C[10D[1;32mdone[m8[?25h
2015-02-17T08:53:37.455447-07:00 c0-0c2s2n1 [m[?25htouch: cannot touch `PATH1266': Read-only file system
2015-02-17T08:53:37.480668-07:00 c0-0c2s2n1 chmod: changing permissions of `PATH1266': Read-only file system
2015-02-17T08:53:37.480708-07:00 c0-0c2s2n1 touch: cannot touch `PATH1266': Read-only file system
2015-02-17T08:53:37.480739-07:00 c0-0c2s2n1 touch: cannot touch `PATH1267': Read-only file system
2015-02-17T08:53:37.480756-07:00 c0-0c2s2n1 chmod: cannot access `PATH1267': No such file or directory
2015-02-17T08:53:37.480768-07:00 c0-0c2s2n1 touch: cannot touch `PATH1267': Read-only file system
2015-02-17T08:53:37.517398-07:00 c0-0c2s2n1 [m[?25hSystem Boot Control: The system has been 
2015-02-17T08:53:37.517409-07:00 c0-0c2s2n1 [80C[10D[1mset up[m
2015-02-17T08:53:37.517439-07:00 c0-0c2s2n1 Skipped features: [80C[19D[1;33mboot.efivars[m
2015-02-17T08:53:37.517453-07:00 c0-0c2s2n1 System Boot Control: Running PATH1268
2015-02-17T08:53:37.517470-07:00 c0-0c2s2n1 7[?25l[1A
2015-02-17T08:53:37.517480-07:00 c0-0c2s2n1 [8
2015-02-17T08:53:37.517492-07:00 c0-0c2s2n1 INIT: Entering runlevel: 3
2015-02-17T08:53:37.572486-07:00 c0-0c2s2n1 Master Resource Control: previous runlevel: N, switching to runlevel: 
2015-02-17T08:53:37.572501-07:00 c0-0c2s2n1 [80C[10D[1m3[m
2015-02-17T08:53:37.597707-07:00 c0-0c2s2n1 Starting batchlimitd
2015-02-17T08:53:37.634329-07:00 c0-0c2s2n1 [m[?25hLoading nic compatibility device7[?25l
2015-02-17T08:53:37.634351-07:00 c0-0c2s2n1 [80C[10D[1;32mdone[m8[?25h
2015-02-17T08:53:37.777569-07:00 c0-0c2s2n1 [m[?25hbpmcd_init: Power statistics available in PATH1240
2015-02-17T08:53:37.807655-07:00 c0-0c2s2n1 [m[?25hCreating universally unique ID...7[?25l
2015-02-17T08:53:37.807667-07:00 c0-0c2s2n1 [80C[10D[1;32mdone[m8[?25h
2015-02-17T08:53:37.919100-07:00 c0-0c2s2n1 Starting D-Bus daemon7[?25l
2015-02-17T08:53:37.919112-07:00 c0-0c2s2n1 [80C[10D[1;32mdone[m8[?25h
2015-02-17T08:53:38.453748-07:00 c0-0c2s2n1 [m[?25h[m[?25hiSCSI Enterprise Target Software - version trunk
2015-02-17T08:53:38.481415-07:00 c0-0c2s2n1 iscsi_trgt: Registered io type fileio
2015-02-17T08:53:38.481431-07:00 c0-0c2s2n1 iscsi_trgt: Registered io type blockio
2015-02-17T08:53:38.481443-07:00 c0-0c2s2n1 iscsi_trgt: Registered io type nullio
2015-02-17T08:53:38.517681-07:00 c0-0c2s2n1 [m[?25hRemoving old kernel packages...
2015-02-17T08:53:38.517697-07:00 c0-0c2s2n1 rm: cannot remove `PATH1269': Read-only file system
2015-02-17T08:53:38.517717-07:00 c0-0c2s2n1 PATH1270: multiversion.kernels not configured in PATH1271, exiting.
2015-02-17T08:53:38.546384-07:00 c0-0c2s2n1 7[?25l
2015-02-17T08:53:38.546395-07:00 c0-0c2s2n1 [80C[10D[1;32mdone[m8[?25h
2015-02-17T08:53:38.546409-07:00 c0-0c2s2n1 [m[?25hInitializing random number generator7[?25l
2015-02-17T08:53:38.546416-07:00 c0-0c2s2n1 [80C[10D[1;32mdone[m8[?25h
2015-02-17T08:53:38.708018-07:00 c0-0c2s2n1 [m[?25h[m[?25hSetting up (localfs) network interfaces:
2015-02-17T08:53:38.872561-07:00 c0-0c2s2n1    lo        
2015-02-17T08:53:38.949351-07:00 c0-0c2s2n1    lo        IP address: PATH1272   
