2015-02-13T13:11:18.039531-06:00 c0-0c0s6n3 ERROR: Type:2; Severity:80; Class:3; Subclass:D; Operation: 2
2015-02-13T13:21:36.997535-06:00 c0-0c0s6n3 Wait4Boot: WRITE: 523 bytes to memory @ 0x90CD0 ... complete
2015-02-13T13:21:36.997549-06:00 c0-0c0s6n3 Wait4Boot: Blade Controller Boot Protocol version - 1
2015-02-13T13:21:36.997963-06:00 c0-0c0s6n3 Wait4Boot: JUMP: KernelStart 0x100000, boot_params 0x90000, CmdLineAddr 0x90CD0
2015-02-13T13:21:36.998243-06:00 c0-0c0s6n3 OnExitBootServices..
2015-02-13T13:21:37.122210-06:00 c0-0c0s6n3 ConfigureXhciAtBoot() Start
2015-02-13T13:21:37.122306-06:00 c0-0c0s6n3 ConfigureXhciAtBoot() End
2015-02-13T13:21:37.122353-06:00 c0-0c0s6n3 (Wdt) RunWdtBeforeOsBoot
2015-02-13T13:21:37.147376-06:00 c0-0c0s6n3 (Wdt) DisableTimer
2015-02-13T13:21:40.181224-06:00 c0-0c0s6n3 Crypto Lib Callback.
2015-02-13T13:21:40.206456-06:00 c0-0c0s6n3 Heap addr before Virtual MemFixup = 7bacb018, After = 7bacb018
2015-02-13T13:21:40.206473-06:00 c0-0c0s6n3 NvramSmi Go Virtual
2015-02-13T13:21:40.648212-06:00 c0-0c0s6n3 Stopping all external HCs
2015-02-13T13:21:40.648222-06:00 c0-0c0s6n3 stopping all HC type 40:
2015-02-13T13:21:49.756492-06:00 c0-0c0s6n3 i8042: No controller found
2015-02-13T13:21:53.822945-06:00 c0-0c0s6n3 Sending ec_node_info with boot code 0 (NODE_INFO_OS_BOOT) for nid 27
2015-02-13T13:21:53.822953-06:00 c0-0c0s6n3 net.core.rmem_max = 16777216
2015-02-13T13:21:53.822958-06:00 c0-0c0s6n3 net.core.wmem_max = 16777216
2015-02-13T13:21:53.822975-06:00 c0-0c0s6n3 net.core.rmem_default = 16777216
2015-02-13T13:21:53.822986-06:00 c0-0c0s6n3 net.core.wmem_default = 16777216
2015-02-13T13:21:53.823002-06:00 c0-0c0s6n3 net.core.optmem_max = 16777216
2015-02-13T13:21:53.823577-06:00 c0-0c0s6n3 net.ipv4.tcp_mem = 16777216 16777216 16777216
2015-02-13T13:21:53.848524-06:00 c0-0c0s6n3 net.ipv4.tcp_rmem = 4096 87380 16777216
2015-02-13T13:21:53.848861-06:00 c0-0c0s6n3 net.ipv4.tcp_wmem = 4096 65536 16777216
2015-02-13T13:21:54.186259-06:00 c0-0c0s6n3 nid 27: Linux version 3.0.101-0.31.1_1.0502.8394-cray_ari_c (abuild@cfosbld02) (gcc version 4.3.4 [gcc-4_3-branch revision 152973] (SUSE Linux) ) #1 SMP Wed Sep 10 04:09:26 UTC 2014
2015-02-13T13:21:54.211609-06:00 c0-0c0s6n3 starting pid 6927, tty '': 'PATH3974'
2015-02-13T13:21:54.312385-06:00 c0-0c0s6n3 bpmcd_init: Power statistics available in PATH1240
2015-02-13T13:21:54.337641-06:00 c0-0c0s6n3 DVS: Revision 1873 - Built: Sep 17 2014 @ 06:40:25 for lnet version 2.5
2015-02-13T13:21:54.362905-06:00 c0-0c0s6n3 LNet: HW CPU cores: 64, npartitions: 8
2015-02-13T13:21:59.363559-06:00 c0-0c0s6n3 Lustre: kgnilnd build version: 2.5-trunk-1.0502.17198.8.57-abuild-RB-5.2UP02_2.5.1-2014-09-17-06:43
2015-02-13T13:21:59.863293-06:00 c0-0c0s6n3 LNet: Added LNI 27@gni [PATH4853]
2015-02-13T13:22:15.513737-06:00 c0-0c0s6n3 mcelog: Family 6 Model 3f CPU: only decoding architectural errors
2015-02-13T13:22:15.539601-06:00 c0-0c0s6n3 SGI XPMEM kernel module v2.2 loaded
2015-02-13T13:22:15.539640-06:00 c0-0c0s6n3 <node_health> (xtnhd) xtnhd has started
2015-02-13T13:22:15.838978-06:00 c0-0c0s6n3 boot_freemem data calculated:  130106292
2015-02-13T13:11:13.973844-06:00 c0-0c2s11n1 ERROR: Type:2; Severity:80; Class:3; Subclass:D; Operation: 2
2015-02-13T13:21:36.871709-06:00 c0-0c2s11n1 Wait4Boot: WRITE: 523 bytes to memory @ 0x90CD0 ... complete
2015-02-13T13:21:36.871718-06:00 c0-0c2s11n1 Wait4Boot: Blade Controller Boot Protocol version - 1
2015-02-13T13:21:36.871727-06:00 c0-0c2s11n1 Wait4Boot: JUMP: KernelStart 0x100000, boot_params 0x90000, CmdLineAddr 0x90CD0
2015-02-13T13:21:36.871736-06:00 c0-0c2s11n1 OnExitBootServices..
2015-02-13T13:21:36.945766-06:00 c0-0c2s11n1 ConfigureXhciAtBoot() Start
2015-02-13T13:21:36.946016-06:00 c0-0c2s11n1 ConfigureXhciAtBoot() End
2015-02-13T13:21:36.970921-06:00 c0-0c2s11n1 (Wdt) RunWdtBeforeOsBoot
2015-02-13T13:21:36.971098-06:00 c0-0c2s11n1 (Wdt) DisableTimer
2015-02-13T13:21:40.004929-06:00 c0-0c2s11n1 Crypto Lib Callback.
2015-02-13T13:21:40.029827-06:00 c0-0c2s11n1 Heap addr before Virtual MemFixup = 7bacb018, After = 7bacb018
2015-02-13T13:21:40.029842-06:00 c0-0c2s11n1 NvramSmi Go Virtual
2015-02-13T13:21:40.673416-06:00 c0-0c2s11n1 Stopping all external HCs
2015-02-13T13:21:40.673432-06:00 c0-0c2s11n1 stopping all HC type 40:
2015-02-13T13:21:49.676887-06:00 c0-0c2s11n1 i8042: No controller found
2015-02-13T13:21:53.899467-06:00 c0-0c2s11n1 Sending ec_node_info with boot code 0 (NODE_INFO_OS_BOOT) for nid 173
2015-02-13T13:21:53.899475-06:00 c0-0c2s11n1 net.core.rmem_max = 16777216
2015-02-13T13:21:53.899482-06:00 c0-0c2s11n1 net.core.wmem_max = 16777216
2015-02-13T13:21:53.899495-06:00 c0-0c2s11n1 net.core.rmem_default = 16777216
2015-02-13T13:21:53.899503-06:00 c0-0c2s11n1 net.core.wmem_default = 16777216
2015-02-13T13:21:53.899512-06:00 c0-0c2s11n1 net.core.optmem_max = 16777216
2015-02-13T13:21:53.899534-06:00 c0-0c2s11n1 net.ipv4.tcp_mem = 16777216 16777216 16777216
2015-02-13T13:21:53.899546-06:00 c0-0c2s11n1 net.ipv4.tcp_rmem = 4096 87380 16777216
2015-02-13T13:21:53.899558-06:00 c0-0c2s11n1 net.ipv4.tcp_wmem = 4096 65536 16777216
2015-02-13T13:21:53.899575-06:00 c0-0c2s11n1 nid 173: Linux version 3.0.101-0.31.1_1.0502.8394-cray_ari_c (abuild@cfosbld02) (gcc version 4.3.4 [gcc-4_3-branch revision 152973] (SUSE Linux) ) #1 SMP Wed Sep 10 04:09:26 UTC 2014
2015-02-13T13:21:53.899591-06:00 c0-0c2s11n1 starting pid 6926, tty '': 'PATH3974'
2015-02-13T13:21:53.899600-06:00 c0-0c2s11n1 bpmcd_init: Power statistics available in PATH1240
2015-02-13T13:21:53.899606-06:00 c0-0c2s11n1 DVS: Revision 1873 - Built: Sep 17 2014 @ 06:40:25 for lnet version 2.5
2015-02-13T13:21:53.899618-06:00 c0-0c2s11n1 LNet: HW CPU cores: 64, npartitions: 8
2015-02-13T13:21:57.603361-06:00 c0-0c2s11n1 Lustre: kgnilnd build version: 2.5-trunk-1.0502.17198.8.57-abuild-RB-5.2UP02_2.5.1-2014-09-17-06:43
2015-02-13T13:21:57.769181-06:00 c0-0c2s11n1 LNet: Added LNI 173@gni [PATH4853]
2015-02-13T13:22:13.758231-06:00 c0-0c2s11n1 mcelog: Family 6 Model 3f CPU: only decoding architectural errors
2015-02-13T13:22:13.805818-06:00 c0-0c2s11n1 SGI XPMEM kernel module v2.2 loaded
2015-02-13T13:22:13.805838-06:00 c0-0c2s11n1 <node_health> (xtnhd) xtnhd has started
2015-02-13T13:22:14.064866-06:00 c0-0c2s11n1 boot_freemem data calculated:  130105992
2015-02-13T14:30:22.129686-06:00 c0-0c2s11n1 net_ratelimit: 16 callbacks suppressed
2015-02-13T15:17:27.478013-06:00 c0-0c2s11n1 net_ratelimit: 42 callbacks suppressed
2015-02-13T15:17:57.463255-06:00 c0-0c2s11n1 net_ratelimit: 38 callbacks suppressed
2015-02-13T16:04:48.847011-06:00 c0-0c2s11n1 net_ratelimit: 28 callbacks suppressed
2015-02-13T16:05:18.751196-06:00 c0-0c2s11n1 net_ratelimit: 36 callbacks suppressed
2015-02-13T16:52:24.431055-06:00 c0-0c2s11n1 net_ratelimit: 26 callbacks suppressed
2015-02-13T16:52:54.229716-06:00 c0-0c2s11n1 net_ratelimit: 17 callbacks suppressed
2015-02-13T17:40:10.589658-06:00 c0-0c2s11n1 net_ratelimit: 38 callbacks suppressed
2015-02-13T17:40:40.488258-06:00 c0-0c2s11n1 net_ratelimit: 44 callbacks suppressed
2015-02-13T18:27:05.768094-06:00 c0-0c2s11n1 net_ratelimit: 27 callbacks suppressed
2015-02-13T18:27:35.839062-06:00 c0-0c2s11n1 net_ratelimit: 40 callbacks suppressed
2015-02-13T19:13:57.395498-06:00 c0-0c2s11n1 net_ratelimit: 31 callbacks suppressed
2015-02-13T19:14:27.392939-06:00 c0-0c2s11n1 net_ratelimit: 25 callbacks suppressed
2015-02-13T20:00:32.456674-06:00 c0-0c2s11n1 net_ratelimit: 36 callbacks suppressed
2015-02-13T20:01:02.376781-06:00 c0-0c2s11n1 net_ratelimit: 33 callbacks suppressed
2015-02-13T20:47:13.568866-06:00 c0-0c2s11n1 net_ratelimit: 33 callbacks suppressed
2015-02-13T20:47:43.552864-06:00 c0-0c2s11n1 net_ratelimit: 27 callbacks suppressed
2015-02-13T21:34:10.679594-06:00 c0-0c2s11n1 net_ratelimit: 32 callbacks suppressed
2015-02-13T21:34:40.961605-06:00 c0-0c2s11n1 net_ratelimit: 32 callbacks suppressed
2015-02-13T22:20:47.649742-06:00 c0-0c2s11n1 net_ratelimit: 38 callbacks suppressed
2015-02-13T22:21:17.560558-06:00 c0-0c2s11n1 net_ratelimit: 41 callbacks suppressed
2015-02-13T23:07:09.070861-06:00 c0-0c2s11n1 net_ratelimit: 33 callbacks suppressed
2015-02-13T23:07:39.173374-06:00 c0-0c2s11n1 net_ratelimit: 39 callbacks suppressed
2015-02-13T23:53:29.980205-06:00 c0-0c2s11n1 net_ratelimit: 34 callbacks suppressed
2015-02-13T23:54:00.154772-06:00 c0-0c2s11n1 net_ratelimit: 42 callbacks suppressed
2015-02-13T13:11:11.958012-06:00 c0-0c1s11n0 ERROR: Type:2; Severity:80; Class:3; Subclass:D; Operation: 2
2015-02-13T13:21:36.870171-06:00 c0-0c1s11n0 Wait4Boot: WRITE: 523 bytes to memory @ 0x90CD0 ... complete
2015-02-13T13:21:36.870200-06:00 c0-0c1s11n0 Wait4Boot: Blade Controller Boot Protocol version - 1
2015-02-13T13:21:36.870209-06:00 c0-0c1s11n0 Wait4Boot: JUMP: KernelStart 0x100000, boot_params 0x90000, CmdLineAddr 0x90CD0
2015-02-13T13:21:36.870231-06:00 c0-0c1s11n0 OnExitBootServices..
2015-02-13T13:21:36.920014-06:00 c0-0c1s11n0 ConfigureXhciAtBoot() Start
2015-02-13T13:21:36.920208-06:00 c0-0c1s11n0 ConfigureXhciAtBoot() End
2015-02-13T13:21:36.920499-06:00 c0-0c1s11n0 (Wdt) RunWdtBeforeOsBoot
2015-02-13T13:21:36.920703-06:00 c0-0c1s11n0 (Wdt) DisableTimer
2015-02-13T13:21:40.404992-06:00 c0-0c1s11n0 Crypto Lib Callback.
2015-02-13T13:21:40.405001-06:00 c0-0c1s11n0 Heap addr before Virtual MemFixup = 7bacb018, After = 7bacb018
2015-02-13T13:21:40.405008-06:00 c0-0c1s11n0 NvramSmi Go Virtual
2015-02-13T13:21:40.405013-06:00 c0-0c1s11n0 Stopping all external HCs
2015-02-13T13:21:40.405021-06:00 c0-0c1s11n0 stopping all HC type 40:
2015-02-13T13:21:49.626394-06:00 c0-0c1s11n0 i8042: No controller found
2015-02-13T13:21:53.747567-06:00 c0-0c1s11n0 Sending ec_node_info with boot code 0 (NODE_INFO_OS_BOOT) for nid 108
2015-02-13T13:21:53.747575-06:00 c0-0c1s11n0 net.core.rmem_max = 16777216
2015-02-13T13:21:53.747583-06:00 c0-0c1s11n0 net.core.wmem_max = 16777216
2015-02-13T13:21:53.747599-06:00 c0-0c1s11n0 net.core.rmem_default = 16777216
2015-02-13T13:21:53.747609-06:00 c0-0c1s11n0 net.core.wmem_default = 16777216
2015-02-13T13:21:53.747614-06:00 c0-0c1s11n0 net.core.optmem_max = 16777216
2015-02-13T13:21:53.747619-06:00 c0-0c1s11n0 net.ipv4.tcp_mem = 16777216 16777216 16777216
2015-02-13T13:21:53.747634-06:00 c0-0c1s11n0 net.ipv4.tcp_rmem = 4096 87380 16777216
2015-02-13T13:21:53.747643-06:00 c0-0c1s11n0 net.ipv4.tcp_wmem = 4096 65536 16777216
2015-02-13T13:21:53.747651-06:00 c0-0c1s11n0 nid 108: Linux version 3.0.101-0.31.1_1.0502.8394-cray_ari_c (abuild@cfosbld02) (gcc version 4.3.4 [gcc-4_3-branch revision 152973] (SUSE Linux) ) #1 SMP Wed Sep 10 04:09:26 UTC 2014
2015-02-13T13:21:53.747657-06:00 c0-0c1s11n0 starting pid 6919, tty '': 'PATH3974'
2015-02-13T13:21:53.747667-06:00 c0-0c1s11n0 bpmcd_init: Power statistics available in PATH1240
2015-02-13T13:21:53.747673-06:00 c0-0c1s11n0 DVS: Revision 1873 - Built: Sep 17 2014 @ 06:40:25 for lnet version 2.5
2015-02-13T13:21:53.747692-06:00 c0-0c1s11n0 LNet: HW CPU cores: 64, npartitions: 8
2015-02-13T13:21:56.881442-06:00 c0-0c1s11n0 Lustre: kgnilnd build version: 2.5-trunk-1.0502.17198.8.57-abuild-RB-5.2UP02_2.5.1-2014-09-17-06:43
2015-02-13T13:21:57.007652-06:00 c0-0c1s11n0 LNet: Added LNI 108@gni [PATH4853]
2015-02-13T13:22:13.030265-06:00 c0-0c1s11n0 mcelog: Family 6 Model 3f CPU: only decoding architectural errors
2015-02-13T13:22:13.030349-06:00 c0-0c1s11n0 SGI XPMEM kernel module v2.2 loaded
2015-02-13T13:22:13.030383-06:00 c0-0c1s11n0 <node_health> (xtnhd) xtnhd has started
2015-02-13T13:22:13.345571-06:00 c0-0c1s11n0 boot_freemem data calculated:  130107060
2015-02-13T13:11:16.040148-06:00 c0-0c1s6n2 ERROR: Type:2; Severity:80; Class:3; Subclass:D; Operation: 2
2015-02-13T13:21:36.872081-06:00 c0-0c1s6n2 Wait4Boot: WRITE: 523 bytes to memory @ 0x90CD0 ... complete
2015-02-13T13:21:36.872089-06:00 c0-0c1s6n2 Wait4Boot: Blade Controller Boot Protocol version - 1
2015-02-13T13:21:36.872111-06:00 c0-0c1s6n2 Wait4Boot: JUMP: KernelStart 0x100000, boot_params 0x90000, CmdLineAddr 0x90CD0
2015-02-13T13:21:36.872119-06:00 c0-0c1s6n2 OnExitBootServices..
2015-02-13T13:21:36.971998-06:00 c0-0c1s6n2 ConfigureXhciAtBoot() Start
2015-02-13T13:21:36.972237-06:00 c0-0c1s6n2 ConfigureXhciAtBoot() End
2015-02-13T13:21:36.996757-06:00 c0-0c1s6n2 (Wdt) RunWdtBeforeOsBoot
2015-02-13T13:21:36.997180-06:00 c0-0c1s6n2 (Wdt) DisableTimer
2015-02-13T13:21:40.380027-06:00 c0-0c1s6n2 Crypto Lib Callback.
2015-02-13T13:21:40.380035-06:00 c0-0c1s6n2 Heap addr before Virtual MemFixup = 7bacb018, After = 7bacb018
2015-02-13T13:21:40.380040-06:00 c0-0c1s6n2 NvramSmi Go Virtual
2015-02-13T13:21:40.380050-06:00 c0-0c1s6n2 Stopping all external HCs
2015-02-13T13:21:40.380056-06:00 c0-0c1s6n2 stopping all HC type 40:
2015-02-13T13:21:49.676795-06:00 c0-0c1s6n2 i8042: No controller found
2015-02-13T13:21:53.773135-06:00 c0-0c1s6n2 Sending ec_node_info with boot code 0 (NODE_INFO_OS_BOOT) for nid 90
2015-02-13T13:21:53.773143-06:00 c0-0c1s6n2 net.core.rmem_max = 16777216
2015-02-13T13:21:53.773149-06:00 c0-0c1s6n2 net.core.wmem_max = 16777216
2015-02-13T13:21:53.773157-06:00 c0-0c1s6n2 net.core.rmem_default = 16777216
2015-02-13T13:21:53.773165-06:00 c0-0c1s6n2 net.core.wmem_default = 16777216
2015-02-13T13:21:53.773170-06:00 c0-0c1s6n2 net.core.optmem_max = 16777216
2015-02-13T13:21:53.773179-06:00 c0-0c1s6n2 net.ipv4.tcp_mem = 16777216 16777216 16777216
2015-02-13T13:21:53.773190-06:00 c0-0c1s6n2 net.ipv4.tcp_rmem = 4096 87380 16777216
2015-02-13T13:21:53.773196-06:00 c0-0c1s6n2 net.ipv4.tcp_wmem = 4096 65536 16777216
2015-02-13T13:21:53.773208-06:00 c0-0c1s6n2 nid 90: Linux version 3.0.101-0.31.1_1.0502.8394-cray_ari_c (abuild@cfosbld02) (gcc version 4.3.4 [gcc-4_3-branch revision 152973] (SUSE Linux) ) #1 SMP Wed Sep 10 04:09:26 UTC 2014
2015-02-13T13:21:53.773222-06:00 c0-0c1s6n2 starting pid 6931, tty '': 'PATH3974'
2015-02-13T13:21:53.773230-06:00 c0-0c1s6n2 bpmcd_init: Power statistics available in PATH1240
2015-02-13T13:21:53.773238-06:00 c0-0c1s6n2 DVS: Revision 1873 - Built: Sep 17 2014 @ 06:40:25 for lnet version 2.5
2015-02-13T13:21:53.773247-06:00 c0-0c1s6n2 LNet: HW CPU cores: 64, npartitions: 8
2015-02-13T13:21:58.505698-06:00 c0-0c1s6n2 Lustre: kgnilnd build version: 2.5-trunk-1.0502.17198.8.57-abuild-RB-5.2UP02_2.5.1-2014-09-17-06:43
2015-02-13T13:21:58.631948-06:00 c0-0c1s6n2 LNet: Added LNI 90@gni [PATH4853]
2015-02-13T13:22:15.019396-06:00 c0-0c1s6n2 mcelog: Family 6 Model 3f CPU: only decoding architectural errors
2015-02-13T13:22:15.019412-06:00 c0-0c1s6n2 SGI XPMEM kernel module v2.2 loaded
2015-02-13T13:22:15.019420-06:00 c0-0c1s6n2 <node_health> (xtnhd) xtnhd has started
2015-02-13T13:22:15.019427-06:00 c0-0c1s6n2 boot_freemem data calculated:  130106508
2015-02-13T16:25:10.001743-06:00 c0-0c1s6n2 hpcc[55281] general protection ip:b6c9fa sp:7fffffffbc80 error:0 in hpcc[400000+904000]
2015-02-13T13:11:13.973751-06:00 c0-0c1s4n1 ERROR: Type:2; Severity:80; Class:3; Subclass:D; Operation: 2
2015-02-13T13:21:36.971781-06:00 c0-0c1s4n1 Wait4Boot: WRITE: 523 bytes to memory @ 0x90CD0 ... complete
2015-02-13T13:21:36.971795-06:00 c0-0c1s4n1 Wait4Boot: Blade Controller Boot Protocol version - 1
2015-02-13T13:21:36.971804-06:00 c0-0c1s4n1 Wait4Boot: JUMP: KernelStart 0x100000, boot_params 0x90000, CmdLineAddr 0x90CD0
2015-02-13T13:21:36.971829-06:00 c0-0c1s4n1 OnExitBootServices..
2015-02-13T13:21:37.046612-06:00 c0-0c1s4n1 ConfigureXhciAtBoot() Start
2015-02-13T13:21:37.071748-06:00 c0-0c1s4n1 ConfigureXhciAtBoot() End
2015-02-13T13:21:37.071837-06:00 c0-0c1s4n1 (Wdt) RunWdtBeforeOsBoot
2015-02-13T13:21:37.071895-06:00 c0-0c1s4n1 (Wdt) DisableTimer
2015-02-13T13:21:40.597896-06:00 c0-0c1s4n1 Crypto Lib Callback.
2015-02-13T13:21:40.597905-06:00 c0-0c1s4n1 Heap addr before Virtual MemFixup = 7bacb018, After = 7bacb018
2015-02-13T13:21:40.597910-06:00 c0-0c1s4n1 NvramSmi Go Virtual
2015-02-13T13:21:40.597915-06:00 c0-0c1s4n1 Stopping all external HCs
2015-02-13T13:21:40.597920-06:00 c0-0c1s4n1 stopping all HC type 40:
2015-02-13T13:21:49.756478-06:00 c0-0c1s4n1 i8042: No controller found
2015-02-13T13:21:53.849329-06:00 c0-0c1s4n1 Sending ec_node_info with boot code 0 (NODE_INFO_OS_BOOT) for nid 81
2015-02-13T13:21:53.849338-06:00 c0-0c1s4n1 net.core.rmem_max = 16777216
2015-02-13T13:21:53.849345-06:00 c0-0c1s4n1 net.core.wmem_max = 16777216
2015-02-13T13:21:53.849358-06:00 c0-0c1s4n1 net.core.rmem_default = 16777216
2015-02-13T13:21:53.849366-06:00 c0-0c1s4n1 net.core.wmem_default = 16777216
2015-02-13T13:21:53.849372-06:00 c0-0c1s4n1 net.core.optmem_max = 16777216
2015-02-13T13:21:53.849377-06:00 c0-0c1s4n1 net.ipv4.tcp_mem = 16777216 16777216 16777216
2015-02-13T13:21:53.849385-06:00 c0-0c1s4n1 net.ipv4.tcp_rmem = 4096 87380 16777216
2015-02-13T13:21:53.849391-06:00 c0-0c1s4n1 net.ipv4.tcp_wmem = 4096 65536 16777216
2015-02-13T13:21:53.849402-06:00 c0-0c1s4n1 nid 81: Linux version 3.0.101-0.31.1_1.0502.8394-cray_ari_c (abuild@cfosbld02) (gcc version 4.3.4 [gcc-4_3-branch revision 152973] (SUSE Linux) ) #1 SMP Wed Sep 10 04:09:26 UTC 2014
2015-02-13T13:21:53.849416-06:00 c0-0c1s4n1 starting pid 6922, tty '': 'PATH3974'
2015-02-13T13:21:53.849425-06:00 c0-0c1s4n1 bpmcd_init: Power statistics available in PATH1240
2015-02-13T13:21:53.849434-06:00 c0-0c1s4n1 DVS: Revision 1873 - Built: Sep 17 2014 @ 06:40:25 for lnet version 2.5
2015-02-13T13:21:53.849443-06:00 c0-0c1s4n1 LNet: HW CPU cores: 64, npartitions: 8
2015-02-13T13:21:58.631848-06:00 c0-0c1s4n1 Lustre: kgnilnd build version: 2.5-trunk-1.0502.17198.8.57-abuild-RB-5.2UP02_2.5.1-2014-09-17-06:43
2015-02-13T13:21:58.734702-06:00 c0-0c1s4n1 LNet: Added LNI 81@gni [PATH4853]
2015-02-13T13:22:14.781334-06:00 c0-0c1s4n1 mcelog: Family 6 Model 3f CPU: only decoding architectural errors
2015-02-13T13:22:14.806790-06:00 c0-0c1s4n1 SGI XPMEM kernel module v2.2 loaded
2015-02-13T13:22:14.806824-06:00 c0-0c1s4n1 <node_health> (xtnhd) xtnhd has started
2015-02-13T13:22:15.058689-06:00 c0-0c1s4n1 boot_freemem data calculated:  130108200
2015-02-13T13:11:16.040115-06:00 c0-0c0s5n2 ERROR: Type:2; Severity:80; Class:3; Subclass:D; Operation: 2
2015-02-13T13:21:36.871586-06:00 c0-0c0s5n2 Wait4Boot: WRITE: 523 bytes to memory @ 0x90CD0 ... complete
2015-02-13T13:21:36.871594-06:00 c0-0c0s5n2 Wait4Boot: Blade Controller Boot Protocol version - 1
2015-02-13T13:21:36.871599-06:00 c0-0c0s5n2 Wait4Boot: JUMP: KernelStart 0x100000, boot_params 0x90000, CmdLineAddr 0x90CD0
2015-02-13T13:21:36.871604-06:00 c0-0c0s5n2 OnExitBootServices..
2015-02-13T13:21:36.971308-06:00 c0-0c0s5n2 ConfigureXhciAtBoot() Start
2015-02-13T13:21:36.971555-06:00 c0-0c0s5n2 ConfigureXhciAtBoot() End
2015-02-13T13:21:36.972074-06:00 c0-0c0s5n2 (Wdt) RunWdtBeforeOsBoot
2015-02-13T13:21:36.972283-06:00 c0-0c0s5n2 (Wdt) DisableTimer
2015-02-13T13:21:40.380217-06:00 c0-0c0s5n2 Crypto Lib Callback.
2015-02-13T13:21:40.380225-06:00 c0-0c0s5n2 Heap addr before Virtual MemFixup = 7bacb018, After = 7bacb018
2015-02-13T13:21:40.380230-06:00 c0-0c0s5n2 NvramSmi Go Virtual
2015-02-13T13:21:40.380235-06:00 c0-0c0s5n2 Stopping all external HCs
2015-02-13T13:21:40.380244-06:00 c0-0c0s5n2 stopping all HC type 40:
2015-02-13T13:21:49.756380-06:00 c0-0c0s5n2 i8042: No controller found
2015-02-13T13:21:53.671139-06:00 c0-0c0s5n2 Sending ec_node_info with boot code 0 (NODE_INFO_OS_BOOT) for nid 22
2015-02-13T13:21:53.671146-06:00 c0-0c0s5n2 net.core.rmem_max = 16777216
2015-02-13T13:21:53.671153-06:00 c0-0c0s5n2 net.core.wmem_max = 16777216
2015-02-13T13:21:53.671157-06:00 c0-0c0s5n2 net.core.rmem_default = 16777216
2015-02-13T13:21:53.671168-06:00 c0-0c0s5n2 net.core.wmem_default = 16777216
2015-02-13T13:21:53.671176-06:00 c0-0c0s5n2 net.core.optmem_max = 16777216
2015-02-13T13:21:53.671184-06:00 c0-0c0s5n2 net.ipv4.tcp_mem = 16777216 16777216 16777216
2015-02-13T13:21:53.671189-06:00 c0-0c0s5n2 net.ipv4.tcp_rmem = 4096 87380 16777216
2015-02-13T13:21:53.671204-06:00 c0-0c0s5n2 net.ipv4.tcp_wmem = 4096 65536 16777216
2015-02-13T13:21:53.671214-06:00 c0-0c0s5n2 nid 22: Linux version 3.0.101-0.31.1_1.0502.8394-cray_ari_c (abuild@cfosbld02) (gcc version 4.3.4 [gcc-4_3-branch revision 152973] (SUSE Linux) ) #1 SMP Wed Sep 10 04:09:26 UTC 2014
2015-02-13T13:21:53.671221-06:00 c0-0c0s5n2 starting pid 6926, tty '': 'PATH3974'
2015-02-13T13:21:53.671239-06:00 c0-0c0s5n2 bpmcd_init: Power statistics available in PATH1240
2015-02-13T13:21:53.671249-06:00 c0-0c0s5n2 DVS: Revision 1873 - Built: Sep 17 2014 @ 06:40:25 for lnet version 2.5
2015-02-13T13:21:53.671254-06:00 c0-0c0s5n2 LNet: HW CPU cores: 64, npartitions: 8
2015-02-13T13:21:58.606598-06:00 c0-0c0s5n2 Lustre: kgnilnd build version: 2.5-trunk-1.0502.17198.8.57-abuild-RB-5.2UP02_2.5.1-2014-09-17-06:43
2015-02-13T13:21:58.709354-06:00 c0-0c0s5n2 LNet: Added LNI 22@gni [PATH4853]
2015-02-13T13:22:15.019508-06:00 c0-0c0s5n2 mcelog: Family 6 Model 3f CPU: only decoding architectural errors
2015-02-13T13:22:15.019516-06:00 c0-0c0s5n2 SGI XPMEM kernel module v2.2 loaded
2015-02-13T13:22:15.019523-06:00 c0-0c0s5n2 <node_health> (xtnhd) xtnhd has started
2015-02-13T13:22:15.058731-06:00 c0-0c0s5n2 boot_freemem data calculated:  130105552
2015-02-13T14:30:22.129569-06:00 c0-0c0s5n2 net_ratelimit: 81 callbacks suppressed
2015-02-13T15:17:27.452965-06:00 c0-0c0s5n2 net_ratelimit: 99 callbacks suppressed
2015-02-13T15:17:57.463302-06:00 c0-0c0s5n2 net_ratelimit: 220 callbacks suppressed
2015-02-13T16:04:48.846993-06:00 c0-0c0s5n2 net_ratelimit: 221 callbacks suppressed
2015-02-13T16:05:18.751382-06:00 c0-0c0s5n2 net_ratelimit: 199 callbacks suppressed
2015-02-13T16:52:24.363334-06:00 c0-0c0s5n2 net_ratelimit: 218 callbacks suppressed
2015-02-13T16:52:54.254579-06:00 c0-0c0s5n2 net_ratelimit: 197 callbacks suppressed
2015-02-13T17:40:10.548356-06:00 c0-0c0s5n2 net_ratelimit: 218 callbacks suppressed
2015-02-13T17:40:40.488398-06:00 c0-0c0s5n2 net_ratelimit: 86 callbacks suppressed
2015-02-13T18:27:05.931295-06:00 c0-0c0s5n2 net_ratelimit: 220 callbacks suppressed
2015-02-13T18:27:35.935259-06:00 c0-0c0s5n2 net_ratelimit: 180 callbacks suppressed
2015-02-13T19:13:57.395519-06:00 c0-0c0s5n2 net_ratelimit: 210 callbacks suppressed
2015-02-13T19:14:27.393047-06:00 c0-0c0s5n2 net_ratelimit: 232 callbacks suppressed
2015-02-13T20:00:32.456730-06:00 c0-0c0s5n2 net_ratelimit: 192 callbacks suppressed
2015-02-13T20:01:02.377016-06:00 c0-0c0s5n2 net_ratelimit: 185 callbacks suppressed
2015-02-13T20:47:13.568816-06:00 c0-0c0s5n2 net_ratelimit: 213 callbacks suppressed
2015-02-13T20:47:43.553087-06:00 c0-0c0s5n2 net_ratelimit: 187 callbacks suppressed
2015-02-13T21:34:10.679709-06:00 c0-0c0s5n2 net_ratelimit: 205 callbacks suppressed
2015-02-13T21:34:40.961705-06:00 c0-0c0s5n2 net_ratelimit: 218 callbacks suppressed
2015-02-13T22:20:47.649908-06:00 c0-0c0s5n2 net_ratelimit: 228 callbacks suppressed
2015-02-13T22:21:17.560524-06:00 c0-0c0s5n2 net_ratelimit: 234 callbacks suppressed
2015-02-13T23:07:09.003449-06:00 c0-0c0s5n2 net_ratelimit: 190 callbacks suppressed
2015-02-13T23:07:39.061466-06:00 c0-0c0s5n2 net_ratelimit: 229 callbacks suppressed
2015-02-13T23:53:30.103030-06:00 c0-0c0s5n2 net_ratelimit: 83 callbacks suppressed
2015-02-13T23:54:00.180033-06:00 c0-0c0s5n2 net_ratelimit: 225 callbacks suppressed
2015-02-13T13:11:13.973664-06:00 c0-0c0s5n1 ERROR: Type:2; Severity:80; Class:3; Subclass:D; Operation: 2
2015-02-13T13:21:36.871541-06:00 c0-0c0s5n1 Wait4Boot: WRITE: 523 bytes to memory @ 0x90CD0 ... complete
2015-02-13T13:21:36.871549-06:00 c0-0c0s5n1 Wait4Boot: Blade Controller Boot Protocol version - 1
2015-02-13T13:21:36.871554-06:00 c0-0c0s5n1 Wait4Boot: JUMP: KernelStart 0x100000, boot_params 0x90000, CmdLineAddr 0x90CD0
2015-02-13T13:21:36.871572-06:00 c0-0c0s5n1 OnExitBootServices..
2015-02-13T13:21:36.945429-06:00 c0-0c0s5n1 ConfigureXhciAtBoot() Start
2015-02-13T13:21:36.945553-06:00 c0-0c0s5n1 ConfigureXhciAtBoot() End
2015-02-13T13:21:36.945791-06:00 c0-0c0s5n1 (Wdt) RunWdtBeforeOsBoot
2015-02-13T13:21:36.945992-06:00 c0-0c0s5n1 (Wdt) DisableTimer
2015-02-13T13:21:40.380160-06:00 c0-0c0s5n1 Crypto Lib Callback.
2015-02-13T13:21:40.380169-06:00 c0-0c0s5n1 Heap addr before Virtual MemFixup = 7bacb018, After = 7bacb018
2015-02-13T13:21:40.380174-06:00 c0-0c0s5n1 NvramSmi Go Virtual
2015-02-13T13:21:40.380185-06:00 c0-0c0s5n1 Stopping all external HCs
2015-02-13T13:21:40.380190-06:00 c0-0c0s5n1 stopping all HC type 40:
2015-02-13T13:21:49.573806-06:00 c0-0c0s5n1 i8042: No controller found
2015-02-13T13:21:53.670974-06:00 c0-0c0s5n1 Sending ec_node_info with boot code 0 (NODE_INFO_OS_BOOT) for nid 21
2015-02-13T13:21:53.670983-06:00 c0-0c0s5n1 net.core.rmem_max = 16777216
2015-02-13T13:21:53.670989-06:00 c0-0c0s5n1 net.core.wmem_max = 16777216
2015-02-13T13:21:53.670994-06:00 c0-0c0s5n1 net.core.rmem_default = 16777216
2015-02-13T13:21:53.671004-06:00 c0-0c0s5n1 net.core.wmem_default = 16777216
2015-02-13T13:21:53.671014-06:00 c0-0c0s5n1 net.core.optmem_max = 16777216
2015-02-13T13:21:53.671031-06:00 c0-0c0s5n1 net.ipv4.tcp_mem = 16777216 16777216 16777216
2015-02-13T13:21:53.671040-06:00 c0-0c0s5n1 net.ipv4.tcp_rmem = 4096 87380 16777216
2015-02-13T13:21:53.671048-06:00 c0-0c0s5n1 net.ipv4.tcp_wmem = 4096 65536 16777216
2015-02-13T13:21:53.671056-06:00 c0-0c0s5n1 nid 21: Linux version 3.0.101-0.31.1_1.0502.8394-cray_ari_c (abuild@cfosbld02) (gcc version 4.3.4 [gcc-4_3-branch revision 152973] (SUSE Linux) ) #1 SMP Wed Sep 10 04:09:26 UTC 2014
2015-02-13T13:21:53.671068-06:00 c0-0c0s5n1 starting pid 6920, tty '': 'PATH3974'
2015-02-13T13:21:53.671077-06:00 c0-0c0s5n1 bpmcd_init: Power statistics available in PATH1240
2015-02-13T13:21:53.671099-06:00 c0-0c0s5n1 DVS: Revision 1873 - Built: Sep 17 2014 @ 06:40:25 for lnet version 2.5
2015-02-13T13:21:53.671116-06:00 c0-0c0s5n1 LNet: HW CPU cores: 64, npartitions: 8
2015-02-13T13:21:56.758120-06:00 c0-0c0s5n1 Lustre: kgnilnd build version: 2.5-trunk-1.0502.17198.8.57-abuild-RB-5.2UP02_2.5.1-2014-09-17-06:43
2015-02-13T13:21:56.881459-06:00 c0-0c0s5n1 LNet: Added LNI 21@gni [PATH4853]
2015-02-13T13:22:12.884957-06:00 c0-0c0s5n1 mcelog: Family 6 Model 3f CPU: only decoding architectural errors
2015-02-13T13:22:12.935541-06:00 c0-0c0s5n1 SGI XPMEM kernel module v2.2 loaded
2015-02-13T13:22:12.935555-06:00 c0-0c0s5n1 <node_health> (xtnhd) xtnhd has started
2015-02-13T13:22:13.127792-06:00 c0-0c0s5n1 boot_freemem data calculated:  130107916
2015-02-13T14:30:22.104522-06:00 c0-0c0s5n1 net_ratelimit: 146 callbacks suppressed
2015-02-13T15:17:27.453116-06:00 c0-0c0s5n1 net_ratelimit: 212 callbacks suppressed
2015-02-13T15:17:57.463226-06:00 c0-0c0s5n1 net_ratelimit: 195 callbacks suppressed
2015-02-13T16:04:48.846935-06:00 c0-0c0s5n1 net_ratelimit: 201 callbacks suppressed
2015-02-13T16:05:18.751373-06:00 c0-0c0s5n1 net_ratelimit: 208 callbacks suppressed
2015-02-13T16:52:24.363297-06:00 c0-0c0s5n1 net_ratelimit: 197 callbacks suppressed
2015-02-13T16:52:54.254551-06:00 c0-0c0s5n1 net_ratelimit: 209 callbacks suppressed
2015-02-13T17:40:10.548300-06:00 c0-0c0s5n1 net_ratelimit: 200 callbacks suppressed
2015-02-13T17:40:40.488325-06:00 c0-0c0s5n1 net_ratelimit: 195 callbacks suppressed
2015-02-13T18:27:05.931284-06:00 c0-0c0s5n1 net_ratelimit: 200 callbacks suppressed
2015-02-13T18:27:35.935245-06:00 c0-0c0s5n1 net_ratelimit: 193 callbacks suppressed
2015-02-13T19:13:57.395474-06:00 c0-0c0s5n1 net_ratelimit: 198 callbacks suppressed
2015-02-13T19:14:27.392900-06:00 c0-0c0s5n1 net_ratelimit: 183 callbacks suppressed
2015-02-13T20:00:32.456714-06:00 c0-0c0s5n1 net_ratelimit: 191 callbacks suppressed
2015-02-13T20:01:02.376904-06:00 c0-0c0s5n1 net_ratelimit: 202 callbacks suppressed
2015-02-13T20:47:13.568766-06:00 c0-0c0s5n1 net_ratelimit: 196 callbacks suppressed
2015-02-13T20:47:43.552943-06:00 c0-0c0s5n1 net_ratelimit: 195 callbacks suppressed
2015-02-13T21:34:10.679636-06:00 c0-0c0s5n1 net_ratelimit: 194 callbacks suppressed
2015-02-13T21:34:40.961652-06:00 c0-0c0s5n1 net_ratelimit: 198 callbacks suppressed
2015-02-13T22:20:47.649730-06:00 c0-0c0s5n1 net_ratelimit: 197 callbacks suppressed
2015-02-13T22:21:17.560485-06:00 c0-0c0s5n1 net_ratelimit: 129 callbacks suppressed
2015-02-13T22:40:44.377802-06:00 c0-0c0s5n1 hpcc[31069] general protection ip:b6c9fa sp:7fffffffbca0 error:0 in hpcc[400000+904000]
2015-02-13T23:07:09.003686-06:00 c0-0c0s5n1 net_ratelimit: 195 callbacks suppressed
2015-02-13T23:07:39.061457-06:00 c0-0c0s5n1 net_ratelimit: 211 callbacks suppressed
2015-02-13T23:53:30.103020-06:00 c0-0c0s5n1 net_ratelimit: 199 callbacks suppressed
2015-02-13T23:54:00.179999-06:00 c0-0c0s5n1 net_ratelimit: 202 callbacks suppressed
2015-02-13T13:11:12.440028-06:00 c0-0c2s1n2 ERROR: Type:2; Severity:80; Class:3; Subclass:D; Operation: 2
2015-02-13T13:19:36.075395-06:00 c0-0c2s1n2 Wait4Boot: WRITE: 533 bytes to memory @ 0x90CD0 ... complete
2015-02-13T13:19:36.075513-06:00 c0-0c2s1n2 Wait4Boot: Blade Controller Boot Protocol version - 1
2015-02-13T13:19:36.112080-06:00 c0-0c2s1n2 Wait4Boot: JUMP: KernelStart 0x100000, boot_params 0x90000, CmdLineAddr 0x90CD0
2015-02-13T13:19:36.220823-06:00 c0-0c2s1n2 Decompressing Linux... Parsing ELF... done.
2015-02-13T13:19:36.220870-06:00 c0-0c2s1n2 Booting the kernel.
2015-02-13T13:19:36.245472-06:00 c0-0c2s1n2 Initializing cgroup subsys cpuset
2015-02-13T13:19:36.245592-06:00 c0-0c2s1n2 Initializing cgroup subsys cpu
2015-02-13T13:19:36.324714-06:00 c0-0c2s1n2 Linux version 3.0.101-0.31.1_1.0502.8394-cray_ari_s (abuild@cfosbld05) (gcc version 4.3.4 [gcc-4_3-branch revision 152973] (SUSE Linux) ) #1 SMP Wed Sep 10 04:03:41 UTC 2014
2015-02-13T13:19:36.365205-06:00 c0-0c2s1n2 Command line: earlyprintk=serial,115200 load_ramdisk=1 ramdisk_size=80000 console=ttyS0,115200n8 bootnodeip=IPADDR13 bootproto=ipog bootpath=PATH1220 rootfs=nfs-shared root=PATH1221 oops=panic bootifnetmask=IPADDR15 elevator=noop ippob1=10 ippob2=128 pcie_ports=native iommu=on intel_iommu=off bad_page=panic pln_enable=off apei_disable hest_disable erst_disable ghes_disable cgroup_disable=memory active_wlm=ALPS sdbnodeip=IPADDR16 sessionid=p0-20150213t131030 _cray=marker_ 
2015-02-13T13:19:36.404801-06:00 c0-0c2s1n2 KERNEL supported cpus:
2015-02-13T13:19:36.404869-06:00 c0-0c2s1n2  Intel GenuineIntel
2015-02-13T13:19:36.404980-06:00 c0-0c2s1n2 BIOS-provided physical RAM map:
2015-02-13T13:19:36.405132-06:00 c0-0c2s1n2 BIOS-e820: 0000000000000000 - 00000000000a0000 (usable)
2015-02-13T13:19:36.405315-06:00 c0-0c2s1n2 BIOS-e820: 0000000000100000 - 000000007e67c000 (usable)
2015-02-13T13:19:36.405476-06:00 c0-0c2s1n2 BIOS-e820: 000000007e67c000 - 000000007e790000 (ACPI NVS)
2015-02-13T13:19:36.405657-06:00 c0-0c2s1n2 BIOS-e820: 000000007e790000 - 000000007f395000 (reserved)
2015-02-13T13:19:36.405842-06:00 c0-0c2s1n2 BIOS-e820: 000000007f395000 - 000000007f410000 (ACPI data)
2015-02-13T13:19:36.444963-06:00 c0-0c2s1n2 BIOS-e820: 000000007f410000 - 000000007f491000 (reserved)
2015-02-13T13:19:36.445194-06:00 c0-0c2s1n2 BIOS-e820: 000000007f491000 - 000000007f493000 (usable)
2015-02-13T13:19:36.447440-06:00 c0-0c2s1n2 BIOS-e820: 000000007f493000 - 000000007f494000 (ACPI NVS)
2015-02-13T13:19:36.447729-06:00 c0-0c2s1n2 BIOS-e820: 000000007f494000 - 000000007f49e000 (reserved)
2015-02-13T13:19:36.447990-06:00 c0-0c2s1n2 BIOS-e820: 000000007f49e000 - 000000007f4a6000 (ACPI NVS)
2015-02-13T13:19:36.472818-06:00 c0-0c2s1n2 BIOS-e820: 000000007f4a6000 - 000000007f4d2000 (reserved)
2015-02-13T13:19:36.473093-06:00 c0-0c2s1n2 BIOS-e820: 000000007f4d2000 - 000000007f558000 (ACPI NVS)
2015-02-13T13:19:36.473325-06:00 c0-0c2s1n2 BIOS-e820: 000000007f558000 - 000000007f800000 (usable)
2015-02-13T13:19:36.498022-06:00 c0-0c2s1n2 BIOS-e820: 0000000080000000 - 0000000090000000 (reserved)
2015-02-13T13:19:36.498292-06:00 c0-0c2s1n2 BIOS-e820: 00000000fed1c000 - 00000000fed20000 (reserved)
2015-02-13T13:19:36.523200-06:00 c0-0c2s1n2 BIOS-e820: 00000000ff000000 - 0000000100000000 (reserved)
2015-02-13T13:19:36.523513-06:00 c0-0c2s1n2 BIOS-e820: 0000000100000000 - 0000001080000000 (usable)
2015-02-13T13:19:36.523697-06:00 c0-0c2s1n2 bootconsole [earlyser0] enabled
2015-02-13T13:19:36.548334-06:00 c0-0c2s1n2 NX (Execute Disable) protection: active
2015-02-13T13:19:36.548451-06:00 c0-0c2s1n2 EFI v2.10 by American Megatrends
2015-02-13T13:19:36.548739-06:00 c0-0c2s1n2 ACPI=0x7f395000  ACPI 2.0=0x7f395000  SMBIOS=0xf04c0  MPS=0xfd450 
2015-02-13T13:19:36.548991-06:00 c0-0c2s1n2 EFI: mem00: type=3, attr=0xf, range=[0x0000000000000000-0x0000000000008000) (0MB)
2015-02-13T13:19:36.573754-06:00 c0-0c2s1n2 EFI: mem01: type=7, attr=0xf, range=[0x0000000000008000-0x0000000000060000) (0MB)
2015-02-13T13:19:36.598918-06:00 c0-0c2s1n2 EFI: mem02: type=3, attr=0xf, range=[0x0000000000060000-0x00000000000a0000) (0MB)
2015-02-13T13:19:36.599129-06:00 c0-0c2s1n2 EFI: mem03: type=7, attr=0xf, range=[0x0000000000100000-0x0000000001000000) (15MB)
2015-02-13T13:19:36.624122-06:00 c0-0c2s1n2 EFI: mem04: type=2, attr=0xf, range=[0x0000000001000000-0x0000000001100000) (1MB)
2015-02-13T13:19:36.624412-06:00 c0-0c2s1n2 EFI: mem05: type=4, attr=0xf, range=[0x0000000001100000-0x00000000017ea000) (6MB)
2015-02-13T13:19:36.649397-06:00 c0-0c2s1n2 EFI: mem06: type=3, attr=0xf, range=[0x00000000017ea000-0x00000000017ee000) (0MB)
2015-02-13T13:19:36.649623-06:00 c0-0c2s1n2 EFI: mem07: type=4, attr=0xf, range=[0x00000000017ee000-0x0000000001886000) (0MB)
2015-02-13T13:19:36.674742-06:00 c0-0c2s1n2 EFI: mem08: type=3, attr=0xf, range=[0x0000000001886000-0x000000000188f000) (0MB)
2015-02-13T13:19:36.674975-06:00 c0-0c2s1n2 EFI: mem09: type=4, attr=0xf, range=[0x000000000188f000-0x0000000001892000) (0MB)
2015-02-13T13:19:36.699891-06:00 c0-0c2s1n2 EFI: mem10: type=3, attr=0xf, range=[0x0000000001892000-0x000000000189e000) (0MB)
2015-02-13T13:19:36.700157-06:00 c0-0c2s1n2 EFI: mem11: type=4, attr=0xf, range=[0x000000000189e000-0x00000000018a9000) (0MB)
2015-02-13T13:19:36.740264-06:00 c0-0c2s1n2 EFI: mem12: type=3, attr=0xf, range=[0x00000000018a9000-0x00000000018ab000) (0MB)
2015-02-13T13:19:36.740478-06:00 c0-0c2s1n2 EFI: mem13: type=4, attr=0xf, range=[0x00000000018ab000-0x00000000018ad000) (0MB)
2015-02-13T13:19:36.780216-06:00 c0-0c2s1n2 EFI: mem14: type=3, attr=0xf, range=[0x00000000018ad000-0x00000000018af000) (0MB)
2015-02-13T13:19:36.780404-06:00 c0-0c2s1n2 EFI: mem15: type=4, attr=0xf, range=[0x00000000018af000-0x00000000018b7000) (0MB)
2015-02-13T13:19:36.780580-06:00 c0-0c2s1n2 EFI: mem16: type=3, attr=0xf, range=[0x00000000018b7000-0x00000000018bb000) (0MB)
2015-02-13T13:19:36.780779-06:00 c0-0c2s1n2 EFI: mem17: type=4, attr=0xf, range=[0x00000000018bb000-0x00000000018bd000) (0MB)
2015-02-13T13:19:36.820205-06:00 c0-0c2s1n2 EFI: mem18: type=3, attr=0xf, range=[0x00000000018bd000-0x00000000018bf000) (0MB)
2015-02-13T13:19:36.826034-06:00 c0-0c2s1n2 EFI: mem19: type=4, attr=0xf, range=[0x00000000018bf000-0x00000000018d1000) (0MB)
2015-02-13T13:19:36.826272-06:00 c0-0c2s1n2 EFI: mem20: type=3, attr=0xf, range=[0x00000000018d1000-0x00000000018d7000) (0MB)
2015-02-13T13:19:36.826496-06:00 c0-0c2s1n2 EFI: mem21: type=4, attr=0xf, range=[0x00000000018d7000-0x00000000018f9000) (0MB)
2015-02-13T13:19:36.851537-06:00 c0-0c2s1n2 EFI: mem22: type=3, attr=0xf, range=[0x00000000018f9000-0x0000000001908000) (0MB)
2015-02-13T13:19:36.888885-06:00 c0-0c2s1n2 EFI: mem23: type=4, attr=0xf, range=[0x0000000001908000-0x0000000001921000) (0MB)
2015-02-13T13:19:36.889101-06:00 c0-0c2s1n2 EFI: mem24: type=3, attr=0xf, range=[0x0000000001921000-0x000000000192b000) (0MB)
2015-02-13T13:19:36.889314-06:00 c0-0c2s1n2 EFI: mem25: type=4, attr=0xf, range=[0x000000000192b000-0x0000000001933000) (0MB)
2015-02-13T13:19:36.928944-06:00 c0-0c2s1n2 EFI: mem26: type=3, attr=0xf, range=[0x0000000001933000-0x0000000001936000) (0MB)
2015-02-13T13:19:36.929166-06:00 c0-0c2s1n2 EFI: mem27: type=4, attr=0xf, range=[0x0000000001936000-0x000000000193b000) (0MB)
2015-02-13T13:19:36.929395-06:00 c0-0c2s1n2 EFI: mem28: type=3, attr=0xf, range=[0x000000000193b000-0x000000000193e000) (0MB)
2015-02-13T13:19:36.968707-06:00 c0-0c2s1n2 EFI: mem29: type=4, attr=0xf, range=[0x000000000193e000-0x0000000001964000) (0MB)
2015-02-13T13:19:36.968947-06:00 c0-0c2s1n2 EFI: mem30: type=3, attr=0xf, range=[0x0000000001964000-0x0000000001968000) (0MB)
2015-02-13T13:19:36.977674-06:00 c0-0c2s1n2 EFI: mem31: type=4, attr=0xf, range=[0x0000000001968000-0x000000000198a000) (0MB)
2015-02-13T13:19:36.977914-06:00 c0-0c2s1n2 EFI: mem32: type=3, attr=0xf, range=[0x000000000198a000-0x00000000019b0000) (0MB)
2015-02-13T13:19:37.002891-06:00 c0-0c2s1n2 EFI: mem33: type=4, attr=0xf, range=[0x00000000019b0000-0x00000000019be000) (0MB)
2015-02-13T13:19:37.003141-06:00 c0-0c2s1n2 EFI: mem34: type=3, attr=0xf, range=[0x00000000019be000-0x00000000019ce000) (0MB)
2015-02-13T13:19:37.003388-06:00 c0-0c2s1n2 EFI: mem35: type=4, attr=0xf, range=[0x00000000019ce000-0x00000000019d0000) (0MB)
2015-02-13T13:19:37.028273-06:00 c0-0c2s1n2 EFI: mem36: type=3, attr=0xf, range=[0x00000000019d0000-0x00000000019d7000) (0MB)
2015-02-13T13:19:37.028528-06:00 c0-0c2s1n2 EFI: mem37: type=4, attr=0xf, range=[0x00000000019d7000-0x00000000019e1000) (0MB)
2015-02-13T13:19:37.053501-06:00 c0-0c2s1n2 EFI: mem38: type=3, attr=0xf, range=[0x00000000019e1000-0x00000000019e5000) (0MB)
2015-02-13T13:19:37.078616-06:00 c0-0c2s1n2 EFI: mem39: type=4, attr=0xf, range=[0x00000000019e5000-0x0000000001a02000) (0MB)
2015-02-13T13:19:37.078849-06:00 c0-0c2s1n2 EFI: mem40: type=3, attr=0xf, range=[0x0000000001a02000-0x0000000001a06000) (0MB)
2015-02-13T13:19:37.103816-06:00 c0-0c2s1n2 EFI: mem41: type=4, attr=0xf, range=[0x0000000001a06000-0x0000000001a0a000) (0MB)
2015-02-13T13:19:37.104034-06:00 c0-0c2s1n2 EFI: mem42: type=3, attr=0xf, range=[0x0000000001a0a000-0x0000000001a1e000) (0MB)
2015-02-13T13:19:37.129063-06:00 c0-0c2s1n2 EFI: mem43: type=4, attr=0xf, range=[0x0000000001a1e000-0x0000000001a22000) (0MB)
2015-02-13T13:19:37.129316-06:00 c0-0c2s1n2 EFI: mem44: type=3, attr=0xf, range=[0x0000000001a22000-0x0000000001a26000) (0MB)
2015-02-13T13:19:37.154258-06:00 c0-0c2s1n2 EFI: mem45: type=4, attr=0xf, range=[0x0000000001a26000-0x0000000001a34000) (0MB)
2015-02-13T13:19:37.154562-06:00 c0-0c2s1n2 EFI: mem46: type=3, attr=0xf, range=[0x0000000001a34000-0x0000000001a3b000) (0MB)
2015-02-13T13:19:37.179584-06:00 c0-0c2s1n2 EFI: mem47: type=4, attr=0xf, range=[0x0000000001a3b000-0x0000000001a42000) (0MB)
2015-02-13T13:19:37.216780-06:00 c0-0c2s1n2 EFI: mem48: type=3, attr=0xf, range=[0x0000000001a42000-0x0000000001a4a000) (0MB)
2015-02-13T13:19:37.216996-06:00 c0-0c2s1n2 EFI: mem49: type=4, attr=0xf, range=[0x0000000001a4a000-0x0000000001a4b000) (0MB)
2015-02-13T13:19:37.217205-06:00 c0-0c2s1n2 EFI: mem50: type=3, attr=0xf, range=[0x0000000001a4b000-0x0000000001a4d000) (0MB)
2015-02-13T13:19:37.256840-06:00 c0-0c2s1n2 EFI: mem51: type=4, attr=0xf, range=[0x0000000001a4d000-0x0000000001a52000) (0MB)
2015-02-13T13:19:37.257050-06:00 c0-0c2s1n2 EFI: mem52: type=3, attr=0xf, range=[0x0000000001a52000-0x0000000001a69000) (0MB)
2015-02-13T13:19:37.257272-06:00 c0-0c2s1n2 EFI: mem53: type=4, attr=0xf, range=[0x0000000001a69000-0x0000000001a6f000) (0MB)
2015-02-13T13:19:37.257486-06:00 c0-0c2s1n2 EFI: mem54: type=3, attr=0xf, range=[0x0000000001a6f000-0x0000000001a70000) (0MB)
2015-02-13T13:19:37.296843-06:00 c0-0c2s1n2 EFI: mem55: type=4, attr=0xf, range=[0x0000000001a70000-0x0000000001a71000) (0MB)
2015-02-13T13:19:37.297074-06:00 c0-0c2s1n2 EFI: mem56: type=3, attr=0xf, range=[0x0000000001a71000-0x0000000001a79000) (0MB)
2015-02-13T13:19:37.305972-06:00 c0-0c2s1n2 EFI: mem57: type=4, attr=0xf, range=[0x0000000001a79000-0x0000000001a7a000) (0MB)
2015-02-13T13:19:37.306186-06:00 c0-0c2s1n2 EFI: mem58: type=3, attr=0xf, range=[0x0000000001a7a000-0x0000000001a83000) (0MB)
2015-02-13T13:19:37.331209-06:00 c0-0c2s1n2 EFI: mem59: type=4, attr=0xf, range=[0x0000000001a83000-0x0000000001a85000) (0MB)
2015-02-13T13:19:37.331444-06:00 c0-0c2s1n2 EFI: mem60: type=3, attr=0xf, range=[0x0000000001a85000-0x0000000001abe000) (0MB)
2015-02-13T13:19:37.356539-06:00 c0-0c2s1n2 EFI: mem61: type=4, attr=0xf, range=[0x0000000001abe000-0x0000000001abf000) (0MB)
2015-02-13T13:19:37.356716-06:00 c0-0c2s1n2 EFI: mem62: type=3, attr=0xf, range=[0x0000000001abf000-0x0000000001acc000) (0MB)
2015-02-13T13:19:37.381806-06:00 c0-0c2s1n2 EFI: mem63: type=4, attr=0xf, range=[0x0000000001acc000-0x0000000001ad7000) (0MB)
2015-02-13T13:19:37.420878-06:00 c0-0c2s1n2 EFI: mem64: type=3, attr=0xf, range=[0x0000000001ad7000-0x0000000001adc000) (0MB)
2015-02-13T13:19:37.421073-06:00 c0-0c2s1n2 EFI: mem65: type=4, attr=0xf, range=[0x0000000001adc000-0x0000000001b60000) (0MB)
2015-02-13T13:19:37.421297-06:00 c0-0c2s1n2 EFI: mem66: type=3, attr=0xf, range=[0x0000000001b60000-0x0000000001b7c000) (0MB)
2015-02-13T13:19:37.460879-06:00 c0-0c2s1n2 EFI: mem67: type=4, attr=0xf, range=[0x0000000001b7c000-0x0000000001b84000) (0MB)
2015-02-13T13:19:37.461116-06:00 c0-0c2s1n2 EFI: mem68: type=3, attr=0xf, range=[0x0000000001b84000-0x0000000001b9c000) (0MB)
2015-02-13T13:19:37.461323-06:00 c0-0c2s1n2 EFI: mem69: type=4, attr=0xf, range=[0x0000000001b9c000-0x000000000b210000) (150MB)
2015-02-13T13:19:37.461541-06:00 c0-0c2s1n2 EFI: mem70: type=3, attr=0xf, range=[0x000000000b210000-0x000000000b216000) (0MB)
2015-02-13T13:19:37.500870-06:00 c0-0c2s1n2 EFI: mem71: type=4, attr=0xf, range=[0x000000000b216000-0x000000000b21f000) (0MB)
2015-02-13T13:19:37.501064-06:00 c0-0c2s1n2 EFI: mem72: type=3, attr=0xf, range=[0x000000000b21f000-0x000000000b235000) (0MB)
2015-02-13T13:19:37.507986-06:00 c0-0c2s1n2 EFI: mem73: type=4, attr=0xf, range=[0x000000000b235000-0x000000000b23b000) (0MB)
2015-02-13T13:19:37.508172-06:00 c0-0c2s1n2 EFI: mem74: type=3, attr=0xf, range=[0x000000000b23b000-0x000000000b23e000) (0MB)
2015-02-13T13:19:37.533266-06:00 c0-0c2s1n2 EFI: mem75: type=4, attr=0xf, range=[0x000000000b23e000-0x000000000b24c000) (0MB)
2015-02-13T13:19:37.572087-06:00 c0-0c2s1n2 EFI: mem76: type=3, attr=0xf, range=[0x000000000b24c000-0x000000000b254000) (0MB)
2015-02-13T13:19:37.572355-06:00 c0-0c2s1n2 EFI: mem77: type=4, attr=0xf, range=[0x000000000b254000-0x000000000b272000) (0MB)
2015-02-13T13:19:37.572565-06:00 c0-0c2s1n2 EFI: mem78: type=3, attr=0xf, range=[0x000000000b272000-0x000000000b279000) (0MB)
2015-02-13T13:19:37.612902-06:00 c0-0c2s1n2 EFI: mem79: type=4, attr=0xf, range=[0x000000000b279000-0x000000000b27d000) (0MB)
2015-02-13T13:19:37.613138-06:00 c0-0c2s1n2 EFI: mem80: type=3, attr=0xf, range=[0x000000000b27d000-0x000000000b281000) (0MB)
2015-02-13T13:19:37.613283-06:00 c0-0c2s1n2 EFI: mem81: type=4, attr=0xf, range=[0x000000000b281000-0x000000000b285000) (0MB)
2015-02-13T13:19:37.613496-06:00 c0-0c2s1n2 EFI: mem82: type=3, attr=0xf, range=[0x000000000b285000-0x000000000b289000) (0MB)
2015-02-13T13:19:37.652849-06:00 c0-0c2s1n2 EFI: mem83: type=4, attr=0xf, range=[0x000000000b289000-0x000000000b295000) (0MB)
2015-02-13T13:19:37.653003-06:00 c0-0c2s1n2 EFI: mem84: type=3, attr=0xf, range=[0x000000000b295000-0x000000000b2dc000) (0MB)
2015-02-13T13:19:37.653185-06:00 c0-0c2s1n2 EFI: mem85: type=4, attr=0xf, range=[0x000000000b2dc000-0x000000000b2de000) (0MB)
2015-02-13T13:19:37.659646-06:00 c0-0c2s1n2 EFI: mem86: type=3, attr=0xf, range=[0x000000000b2de000-0x000000000b2e4000) (0MB)
2015-02-13T13:19:37.684725-06:00 c0-0c2s1n2 EFI: mem87: type=4, attr=0xf, range=[0x000000000b2e4000-0x000000000b2f0000) (0MB)
2015-02-13T13:19:37.684998-06:00 c0-0c2s1n2 EFI: mem88: type=3, attr=0xf, range=[0x000000000b2f0000-0x000000000b2f4000) (0MB)
2015-02-13T13:19:37.709905-06:00 c0-0c2s1n2 EFI: mem89: type=4, attr=0xf, range=[0x000000000b2f4000-0x000000000b301000) (0MB)
2015-02-13T13:19:37.710114-06:00 c0-0c2s1n2 EFI: mem90: type=3, attr=0xf, range=[0x000000000b301000-0x000000000b30a000) (0MB)
2015-02-13T13:19:37.735251-06:00 c0-0c2s1n2 EFI: mem91: type=4, attr=0xf, range=[0x000000000b30a000-0x000000000b30b000) (0MB)
2015-02-13T13:19:37.735491-06:00 c0-0c2s1n2 EFI: mem92: type=3, attr=0xf, range=[0x000000000b30b000-0x000000000b343000) (0MB)
2015-02-13T13:19:37.760433-06:00 c0-0c2s1n2 EFI: mem93: type=4, attr=0xf, range=[0x000000000b343000-0x000000000b351000) (0MB)
2015-02-13T13:19:37.760695-06:00 c0-0c2s1n2 EFI: mem94: type=3, attr=0xf, range=[0x000000000b351000-0x000000000b358000) (0MB)
2015-02-13T13:19:37.800808-06:00 c0-0c2s1n2 EFI: mem95: type=4, attr=0xf, range=[0x000000000b358000-0x000000000b360000) (0MB)
2015-02-13T13:19:37.801022-06:00 c0-0c2s1n2 EFI: mem96: type=3, attr=0xf, range=[0x000000000b360000-0x000000000b368000) (0MB)
2015-02-13T13:19:37.840850-06:00 c0-0c2s1n2 EFI: mem97: type=4, attr=0xf, range=[0x000000000b368000-0x000000000b382000) (0MB)
2015-02-13T13:19:37.841059-06:00 c0-0c2s1n2 EFI: mem98: type=3, attr=0xf, range=[0x000000000b382000-0x000000000b388000) (0MB)
2015-02-13T13:19:37.841255-06:00 c0-0c2s1n2 EFI: mem99: type=4, attr=0xf, range=[0x000000000b388000-0x000000000b3a3000) (0MB)
2015-02-13T13:19:37.841482-06:00 c0-0c2s1n2 EFI: mem100: type=3, attr=0xf, range=[0x000000000b3a3000-0x000000000b3b1000) (0MB)
2015-02-13T13:19:37.880873-06:00 c0-0c2s1n2 EFI: mem101: type=4, attr=0xf, range=[0x000000000b3b1000-0x000000000b3b5000) (0MB)
2015-02-13T13:19:37.881082-06:00 c0-0c2s1n2 EFI: mem102: type=3, attr=0xf, range=[0x000000000b3b5000-0x000000000b3c7000) (0MB)
2015-02-13T13:19:37.886776-06:00 c0-0c2s1n2 EFI: mem103: type=4, attr=0xf, range=[0x000000000b3c7000-0x000000000b45b000) (0MB)
2015-02-13T13:19:37.886990-06:00 c0-0c2s1n2 EFI: mem104: type=3, attr=0xf, range=[0x000000000b45b000-0x000000000b45e000) (0MB)
2015-02-13T13:19:37.912098-06:00 c0-0c2s1n2 EFI: mem105: type=4, attr=0xf, range=[0x000000000b45e000-0x000000000b466000) (0MB)
2015-02-13T13:19:37.912307-06:00 c0-0c2s1n2 EFI: mem106: type=3, attr=0xf, range=[0x000000000b466000-0x000000000b46a000) (0MB)
2015-02-13T13:19:37.937245-06:00 c0-0c2s1n2 EFI: mem107: type=4, attr=0xf, range=[0x000000000b46a000-0x000000000b478000) (0MB)
2015-02-13T13:19:37.937464-06:00 c0-0c2s1n2 EFI: mem108: type=3, attr=0xf, range=[0x000000000b478000-0x000000000b47f000) (0MB)
2015-02-13T13:19:37.962446-06:00 c0-0c2s1n2 EFI: mem109: type=4, attr=0xf, range=[0x000000000b47f000-0x000000000b48e000) (0MB)
2015-02-13T13:19:38.000757-06:00 c0-0c2s1n2 EFI: mem110: type=3, attr=0xf, range=[0x000000000b48e000-0x000000000b492000) (0MB)
2015-02-13T13:19:38.000987-06:00 c0-0c2s1n2 EFI: mem111: type=4, attr=0xf, range=[0x000000000b492000-0x000000000b4b4000) (0MB)
2015-02-13T13:19:38.001216-06:00 c0-0c2s1n2 EFI: mem112: type=3, attr=0xf, range=[0x000000000b4b4000-0x000000000b4b9000) (0MB)
2015-02-13T13:19:38.040932-06:00 c0-0c2s1n2 EFI: mem113: type=4, attr=0xf, range=[0x000000000b4b9000-0x000000000b4c5000) (0MB)
2015-02-13T13:19:38.041154-06:00 c0-0c2s1n2 EFI: mem114: type=7, attr=0xf, range=[0x000000000b4c5000-0x000000000b4c6000) (0MB)
2015-02-13T13:19:38.041380-06:00 c0-0c2s1n2 EFI: mem115: type=4, attr=0xf, range=[0x000000000b4c6000-0x000000000b53a000) (0MB)
2015-02-13T13:19:38.080715-06:00 c0-0c2s1n2 EFI: mem116: type=3, attr=0xf, range=[0x000000000b53a000-0x000000000b54e000) (0MB)
2015-02-13T13:19:38.080958-06:00 c0-0c2s1n2 EFI: mem117: type=4, attr=0xf, range=[0x000000000b54e000-0x000000000b577000) (0MB)
2015-02-13T13:19:38.081200-06:00 c0-0c2s1n2 EFI: mem118: type=3, attr=0xf, range=[0x000000000b577000-0x000000000b580000) (0MB)
2015-02-13T13:19:38.088653-06:00 c0-0c2s1n2 EFI: mem119: type=4, attr=0xf, range=[0x000000000b580000-0x000000000b581000) (0MB)
2015-02-13T13:19:38.088865-06:00 c0-0c2s1n2 EFI: mem120: type=2, attr=0xf, range=[0x000000000b581000-0x000000000b583000) (0MB)
2015-02-13T13:19:38.113902-06:00 c0-0c2s1n2 EFI: mem121: type=7, attr=0xf, range=[0x000000000b583000-0x000000000b585000) (0MB)
2015-02-13T13:19:38.114122-06:00 c0-0c2s1n2 EFI: mem122: type=4, attr=0xf, range=[0x000000000b585000-0x000000000b58f000) (0MB)
2015-02-13T13:19:38.139188-06:00 c0-0c2s1n2 EFI: mem123: type=7, attr=0xf, range=[0x000000000b58f000-0x000000000b598000) (0MB)
2015-02-13T13:19:38.139451-06:00 c0-0c2s1n2 EFI: mem124: type=4, attr=0xf, range=[0x000000000b598000-0x000000000b7ac000) (2MB)
2015-02-13T13:19:38.164359-06:00 c0-0c2s1n2 EFI: mem125: type=7, attr=0xf, range=[0x000000000b7ac000-0x000000000b7ba000) (0MB)
2015-02-13T13:19:38.189402-06:00 c0-0c2s1n2 EFI: mem126: type=1, attr=0xf, range=[0x000000000b7ba000-0x000000000b7cb000) (0MB)
2015-02-13T13:19:38.189658-06:00 c0-0c2s1n2 EFI: mem127: type=7, attr=0xf, range=[0x000000000b7cb000-0x000000007e67c000) (1838MB)
2015-02-13T13:19:38.214711-06:00 c0-0c2s1n2 EFI: mem128: type=10, attr=0xf, range=[0x000000007e67c000-0x000000007e790000) (1MB)
2015-02-13T13:19:38.214935-06:00 c0-0c2s1n2 EFI: mem129: type=0, attr=0xf, range=[0x000000007e790000-0x000000007e792000) (0MB)
2015-02-13T13:19:38.240046-06:00 c0-0c2s1n2 EFI: mem130: type=6, attr=0x800000000000000f, range=[0x000000007e792000-0x000000007f395000) (12MB)
2015-02-13T13:19:38.240310-06:00 c0-0c2s1n2 EFI: mem131: type=9, attr=0xf, range=[0x000000007f395000-0x000000007f410000) (0MB)
2015-02-13T13:19:38.265399-06:00 c0-0c2s1n2 EFI: mem132: type=5, attr=0x800000000000000f, range=[0x000000007f410000-0x000000007f41a000) (0MB)
2015-02-13T13:19:38.265635-06:00 c0-0c2s1n2 EFI: mem133: type=0, attr=0xf, range=[0x000000007f41a000-0x000000007f41c000) (0MB)
2015-02-13T13:19:38.290649-06:00 c0-0c2s1n2 EFI: mem134: type=6, attr=0x800000000000000f, range=[0x000000007f41c000-0x000000007f42d000) (0MB)
2015-02-13T13:19:38.315685-06:00 c0-0c2s1n2 EFI: mem135: type=0, attr=0xf, range=[0x000000007f42d000-0x000000007f43d000) (0MB)
2015-02-13T13:19:38.316036-06:00 c0-0c2s1n2 EFI: mem136: type=6, attr=0x800000000000000f, range=[0x000000007f43d000-0x000000007f45e000) (0MB)
2015-02-13T13:19:38.341173-06:00 c0-0c2s1n2 EFI: mem137: type=5, attr=0x800000000000000f, range=[0x000000007f45e000-0x000000007f462000) (0MB)
2015-02-13T13:19:38.366172-06:00 c0-0c2s1n2 EFI: mem138: type=0, attr=0xf, range=[0x000000007f462000-0x000000007f46b000) (0MB)
2015-02-13T13:19:38.366428-06:00 c0-0c2s1n2 EFI: mem139: type=5, attr=0x800000000000000f, range=[0x000000007f46b000-0x000000007f46d000) (0MB)
2015-02-13T13:19:38.391401-06:00 c0-0c2s1n2 EFI: mem140: type=0, attr=0xf, range=[0x000000007f46d000-0x000000007f471000) (0MB)
2015-02-13T13:19:38.391724-06:00 c0-0c2s1n2 EFI: mem141: type=5, attr=0x800000000000000f, range=[0x000000007f471000-0x000000007f472000) (0MB)
2015-02-13T13:19:38.416784-06:00 c0-0c2s1n2 EFI: mem142: type=6, attr=0x800000000000000f, range=[0x000000007f472000-0x000000007f473000) (0MB)
2015-02-13T13:19:38.417001-06:00 c0-0c2s1n2 EFI: mem143: type=5, attr=0x800000000000000f, range=[0x000000007f473000-0x000000007f476000) (0MB)
2015-02-13T13:19:38.442035-06:00 c0-0c2s1n2 EFI: mem144: type=0, attr=0xf, range=[0x000000007f476000-0x000000007f486000) (0MB)
2015-02-13T13:19:38.442358-06:00 c0-0c2s1n2 EFI: mem145: type=5, attr=0x800000000000000f, range=[0x000000007f486000-0x000000007f491000) (0MB)
2015-02-13T13:19:38.467308-06:00 c0-0c2s1n2 EFI: mem146: type=7, attr=0xf, range=[0x000000007f491000-0x000000007f493000) (0MB)
2015-02-13T13:19:38.467528-06:00 c0-0c2s1n2 EFI: mem147: type=10, attr=0xf, range=[0x000000007f493000-0x000000007f494000) (0MB)
2015-02-13T13:19:38.492592-06:00 c0-0c2s1n2 EFI: mem148: type=6, attr=0x800000000000000f, range=[0x000000007f494000-0x000000007f49b000) (0MB)
2015-02-13T13:19:38.517706-06:00 c0-0c2s1n2 EFI: mem149: type=5, attr=0x800000000000000f, range=[0x000000007f49b000-0x000000007f49e000) (0MB)
2015-02-13T13:19:38.517928-06:00 c0-0c2s1n2 EFI: mem150: type=10, attr=0xf, range=[0x000000007f49e000-0x000000007f4a6000) (0MB)
2015-02-13T13:19:38.542964-06:00 c0-0c2s1n2 EFI: mem151: type=6, attr=0x800000000000000f, range=[0x000000007f4a6000-0x000000007f4a7000) (0MB)
2015-02-13T13:19:38.568173-06:00 c0-0c2s1n2 EFI: mem152: type=5, attr=0x800000000000000f, range=[0x000000007f4a7000-0x000000007f4ab000) (0MB)
2015-02-13T13:19:38.568495-06:00 c0-0c2s1n2 EFI: mem153: type=6, attr=0x800000000000000f, range=[0x000000007f4ab000-0x000000007f4bd000) (0MB)
2015-02-13T13:19:38.593447-06:00 c0-0c2s1n2 EFI: mem154: type=5, attr=0x800000000000000f, range=[0x000000007f4bd000-0x000000007f4cf000) (0MB)
2015-02-13T13:19:38.593691-06:00 c0-0c2s1n2 EFI: mem155: type=6, attr=0x800000000000000f, range=[0x000000007f4cf000-0x000000007f4d2000) (0MB)
2015-02-13T13:19:38.618732-06:00 c0-0c2s1n2 EFI: mem156: type=10, attr=0xf, range=[0x000000007f4d2000-0x000000007f558000) (0MB)
2015-02-13T13:19:38.619023-06:00 c0-0c2s1n2 EFI: mem157: type=3, attr=0xf, range=[0x000000007f558000-0x000000007f7e0000) (2MB)
2015-02-13T13:19:38.643946-06:00 c0-0c2s1n2 EFI: mem158: type=4, attr=0xf, range=[0x000000007f7e0000-0x000000007f7ef000) (0MB)
2015-02-13T13:19:38.644192-06:00 c0-0c2s1n2 EFI: mem159: type=3, attr=0xf, range=[0x000000007f7ef000-0x000000007f800000) (0MB)
2015-02-13T13:19:38.669173-06:00 c0-0c2s1n2 EFI: mem160: type=7, attr=0xf, range=[0x0000000100000000-0x0000001080000000) (63488MB)
2015-02-13T13:19:38.669460-06:00 c0-0c2s1n2 EFI: mem161: type=11, attr=0x8000000000000001, range=[0x0000000080000000-0x0000000090000000) (256MB)
2015-02-13T13:19:38.694523-06:00 c0-0c2s1n2 EFI: mem162: type=11, attr=0x8000000000000001, range=[0x00000000fed1c000-0x00000000fed20000) (0MB)
2015-02-13T13:19:38.694868-06:00 c0-0c2s1n2 EFI: mem163: type=11, attr=0x8000000000000001, range=[0x00000000ff000000-0x0000000100000000) (16MB)
2015-02-13T13:19:38.719576-06:00 c0-0c2s1n2 DMI 2.7 present.
2015-02-13T13:19:38.719755-06:00 c0-0c2s1n2 last_pfn = 0x1080000 max_arch_pfn = 0x400000000
2015-02-13T13:19:38.744870-06:00 c0-0c2s1n2 x86 PAT enabled: cpu 0, old 0x7040600070406, new 0x7010600070106
2015-02-13T13:19:38.745145-06:00 c0-0c2s1n2 last_pfn = 0x7f800 max_arch_pfn = 0x400000000
2015-02-13T13:19:38.745309-06:00 c0-0c2s1n2 found SMP MP-table at [ffff8800000fd830] fd830
2015-02-13T13:19:38.745470-06:00 c0-0c2s1n2 Using GB pages for direct mapping
2015-02-13T13:19:38.770159-06:00 c0-0c2s1n2 init_memory_mapping: 0000000000000000-000000007f800000
2015-02-13T13:19:38.770304-06:00 c0-0c2s1n2 init_memory_mapping: 0000000100000000-0000001080000000
2015-02-13T13:19:38.770443-06:00 c0-0c2s1n2 nmi ring buffer: 262144
2015-02-13T13:19:38.770544-06:00 c0-0c2s1n2 RAMDISK: 0fa00000 - 10610000
2015-02-13T13:19:38.795397-06:00 c0-0c2s1n2 ACPI: RSDP 000000007f395000 00024 (v02 ALASKA)
2015-02-13T13:19:38.795676-06:00 c0-0c2s1n2 ACPI: XSDT 000000007f395088 0008C (v01 ALASKA    A M I 01072009 AMI  00010013)
2015-02-13T13:19:38.820555-06:00 c0-0c2s1n2 ACPI: FACP 000000007f39ee50 000F4 (v04 ALASKA    A M I 01072009 AMI  00010013)
2015-02-13T13:19:38.820865-06:00 c0-0c2s1n2 ACPI: DSDT 000000007f3951a0 09CAD (v02 ALASKA    A M I 00000016 INTL 20051117)
2015-02-13T13:19:38.821009-06:00 c0-0c2s1n2 ACPI: FACS 000000007f4a3f80 00040
2015-02-13T13:19:38.845971-06:00 c0-0c2s1n2 ACPI: APIC 000000007f39ef48 00138 (v03 ALASKA    A M I 01072009 AMI  00010013)
2015-02-13T13:19:38.870942-06:00 c0-0c2s1n2 ACPI: FPDT 000000007f39f080 00044 (v01 ALASKA    A M I 01072009 AMI  00010013)
2015-02-13T13:19:38.871219-06:00 c0-0c2s1n2 ACPI: MCFG 000000007f39f0c8 0003C (v01 ALASKA OEMMCFG. 01072009 MSFT 00000097)
2015-02-13T13:19:38.871444-06:00 c0-0c2s1n2 ACPI: HPET 000000007f39f108 00038 (v01 ALASKA    A M I 01072009 AMI. 00000004)
2015-02-13T13:19:38.896307-06:00 c0-0c2s1n2 ACPI: PRAD 000000007f39f140 000BE (v02 PRADID  PRADTID 00000001 MSFT 03000001)
2015-02-13T13:19:38.896530-06:00 c0-0c2s1n2 ACPI: SSDT 000000007f39f200 70104 (v02  INTEL    CpuPm 00004000 INTL 20051117)
2015-02-13T13:19:38.921688-06:00 c0-0c2s1n2 ACPI: SPCR 000000007f40f308 00050 (v01  A M I   APTIO4 01072009 AMI. 00000004)
2015-02-13T13:19:38.921985-06:00 c0-0c2s1n2 ACPI: EINJ 000000007f40f358 00130 (v01    AMI AMI EINJ 00000000      00000000)
2015-02-13T13:19:38.946881-06:00 c0-0c2s1n2 ACPI: ERST 000000007f40f488 00230 (v01  AMIER AMI ERST 00000000      00000000)
2015-02-13T13:19:38.947215-06:00 c0-0c2s1n2 ACPI: HEST 000000007f40f6b8 000A8 (v01    AMI AMI HEST 00000000      00000000)
2015-02-13T13:19:38.972167-06:00 c0-0c2s1n2 ACPI: BERT 000000007f40f760 00030 (v01    AMI AMI BERT 00000000      00000000)
2015-02-13T13:19:38.972367-06:00 c0-0c2s1n2 ACPI: DMAR 000000007f40f790 000BC (v01 A M I   OEMDMAR 00000001 INTL 00000001)
2015-02-13T13:19:38.997124-06:00 c0-0c2s1n2 No NUMA configuration found
2015-02-13T13:19:38.997225-06:00 c0-0c2s1n2 Faking a node at 0000000000000000-0000001080000000
2015-02-13T13:19:39.022417-06:00 c0-0c2s1n2 Initmem setup node 0 0000000000000000-0000001080000000
2015-02-13T13:19:39.022461-06:00 c0-0c2s1n2  NODE_DATA [000000107ffbb000 - 000000107ffbffff]
2015-02-13T13:19:39.218587-06:00 c0-0c2s1n2 Zone PFN ranges:
2015-02-13T13:19:39.218728-06:00 c0-0c2s1n2  DMA      0x00000010 -> 0x00001000
2015-02-13T13:19:39.218850-06:00 c0-0c2s1n2  DMA32    0x00001000 -> 0x00100000
2015-02-13T13:19:39.243647-06:00 c0-0c2s1n2  Normal   0x00100000 -> 0x01080000
2015-02-13T13:19:39.243889-06:00 c0-0c2s1n2 Movable zone start PFN for each node
2015-02-13T13:19:39.244012-06:00 c0-0c2s1n2 early_node_map[5] active PFN ranges
2015-02-13T13:19:39.244094-06:00 c0-0c2s1n2    0: 0x00000010 -> 0x000000a0
2015-02-13T13:19:39.244151-06:00 c0-0c2s1n2    0: 0x00000100 -> 0x0007e67c
2015-02-13T13:19:39.268929-06:00 c0-0c2s1n2    0: 0x0007f491 -> 0x0007f493
2015-02-13T13:19:39.294154-06:00 c0-0c2s1n2    0: 0x0007f558 -> 0x0007f800
2015-02-13T13:19:39.294188-06:00 c0-0c2s1n2    0: 0x00100000 -> 0x01080000
2015-02-13T13:19:40.020514-06:00 c0-0c2s1n2 ACPI: LAPIC (acpi_id[0x00] lapic_id[0x00] enabled)
2015-02-13T13:19:40.020523-06:00 c0-0c2s1n2 ACPI: LAPIC (acpi_id[0x02] lapic_id[0x02] enabled)
2015-02-13T13:19:40.020528-06:00 c0-0c2s1n2 ACPI: LAPIC (acpi_id[0x04] lapic_id[0x04] enabled)
2015-02-13T13:19:40.020537-06:00 c0-0c2s1n2 ACPI: LAPIC (acpi_id[0x06] lapic_id[0x06] enabled)
2015-02-13T13:19:40.020544-06:00 c0-0c2s1n2 ACPI: LAPIC (acpi_id[0x08] lapic_id[0x08] enabled)
2015-02-13T13:19:40.020550-06:00 c0-0c2s1n2 ACPI: LAPIC (acpi_id[0x0a] lapic_id[0x0a] enabled)
2015-02-13T13:19:40.020555-06:00 c0-0c2s1n2 ACPI: LAPIC (acpi_id[0x0c] lapic_id[0x0c] enabled)
2015-02-13T13:19:40.020559-06:00 c0-0c2s1n2 ACPI: LAPIC (acpi_id[0x0e] lapic_id[0x0e] enabled)
2015-02-13T13:19:40.020564-06:00 c0-0c2s1n2 ACPI: LAPIC (acpi_id[0x01] lapic_id[0x01] enabled)
2015-02-13T13:19:40.020570-06:00 c0-0c2s1n2 ACPI: LAPIC (acpi_id[0x03] lapic_id[0x03] enabled)
2015-02-13T13:19:40.020582-06:00 c0-0c2s1n2 ACPI: LAPIC (acpi_id[0x05] lapic_id[0x05] enabled)
2015-02-13T13:19:40.020591-06:00 c0-0c2s1n2 ACPI: LAPIC (acpi_id[0x07] lapic_id[0x07] enabled)
2015-02-13T13:19:40.020601-06:00 c0-0c2s1n2 ACPI: LAPIC (acpi_id[0x09] lapic_id[0x09] enabled)
2015-02-13T13:19:40.020609-06:00 c0-0c2s1n2 ACPI: LAPIC (acpi_id[0x0b] lapic_id[0x0b] enabled)
2015-02-13T13:19:40.020650-06:00 c0-0c2s1n2 ACPI: LAPIC (acpi_id[0x0d] lapic_id[0x0d] enabled)
2015-02-13T13:19:40.021182-06:00 c0-0c2s1n2 ACPI: LAPIC (acpi_id[0x0f] lapic_id[0x0f] enabled)
2015-02-13T13:19:40.060507-06:00 c0-0c2s1n2 ACPI: LAPIC_NMI (acpi_id[0x00] high edge lint[0x1])
2015-02-13T13:19:40.060643-06:00 c0-0c2s1n2 ACPI: LAPIC_NMI (acpi_id[0x02] high edge lint[0x1])
2015-02-13T13:19:40.060730-06:00 c0-0c2s1n2 ACPI: LAPIC_NMI (acpi_id[0x04] high edge lint[0x1])
2015-02-13T13:19:40.060860-06:00 c0-0c2s1n2 ACPI: LAPIC_NMI (acpi_id[0x06] high edge lint[0x1])
2015-02-13T13:19:40.060908-06:00 c0-0c2s1n2 ACPI: LAPIC_NMI (acpi_id[0x08] high edge lint[0x1])
2015-02-13T13:19:40.060993-06:00 c0-0c2s1n2 ACPI: LAPIC_NMI (acpi_id[0x0a] high edge lint[0x1])
2015-02-13T13:19:40.061087-06:00 c0-0c2s1n2 ACPI: LAPIC_NMI (acpi_id[0x0c] high edge lint[0x1])
2015-02-13T13:19:40.079067-06:00 c0-0c2s1n2 ACPI: LAPIC_NMI (acpi_id[0x0e] high edge lint[0x1])
2015-02-13T13:19:40.079780-06:00 c0-0c2s1n2 ACPI: LAPIC_NMI (acpi_id[0x01] high edge lint[0x1])
2015-02-13T13:19:40.104192-06:00 c0-0c2s1n2 ACPI: LAPIC_NMI (acpi_id[0x03] high edge lint[0x1])
2015-02-13T13:19:40.104321-06:00 c0-0c2s1n2 ACPI: LAPIC_NMI (acpi_id[0x05] high edge lint[0x1])
2015-02-13T13:19:40.104415-06:00 c0-0c2s1n2 ACPI: LAPIC_NMI (acpi_id[0x07] high edge lint[0x1])
2015-02-13T13:19:40.104531-06:00 c0-0c2s1n2 ACPI: LAPIC_NMI (acpi_id[0x09] high edge lint[0x1])
2015-02-13T13:19:40.129511-06:00 c0-0c2s1n2 ACPI: LAPIC_NMI (acpi_id[0x0b] high edge lint[0x1])
2015-02-13T13:19:40.129666-06:00 c0-0c2s1n2 ACPI: LAPIC_NMI (acpi_id[0x0d] high edge lint[0x1])
2015-02-13T13:19:40.129740-06:00 c0-0c2s1n2 ACPI: LAPIC_NMI (acpi_id[0x0f] high edge lint[0x1])
2015-02-13T13:19:40.154659-06:00 c0-0c2s1n2 ACPI: IOAPIC (id[0x00] address[0xfec00000] gsi_base[0])
2015-02-13T13:19:40.154825-06:00 c0-0c2s1n2 IOAPIC[0]: apic_id 0, version 32, address 0xfec00000, GSI 0-23
2015-02-13T13:19:40.154982-06:00 c0-0c2s1n2 ACPI: IOAPIC (id[0x02] address[0xfec01000] gsi_base[24])
2015-02-13T13:19:40.179973-06:00 c0-0c2s1n2 IOAPIC[1]: apic_id 2, version 32, address 0xfec01000, GSI 24-47
2015-02-13T13:19:40.180132-06:00 c0-0c2s1n2 ACPI: INT_SRC_OVR (bus 0 bus_irq 0 global_irq 2 dfl dfl)
2015-02-13T13:19:40.181053-06:00 c0-0c2s1n2 ACPI: INT_SRC_OVR (bus 0 bus_irq 9 global_irq 9 high level)
2015-02-13T13:19:40.205226-06:00 c0-0c2s1n2 Using ACPI (MADT) for SMP configuration information
2015-02-13T13:19:40.205384-06:00 c0-0c2s1n2 ACPI: HPET id: 0x8086a701 base: 0xfed00000
2015-02-13T13:19:40.205474-06:00 c0-0c2s1n2 SMP: Allowing 16 CPUs, 0 hotplug CPUs
2015-02-13T13:19:40.230554-06:00 c0-0c2s1n2 Allocating PCI resources starting at 90000000 (gap: 90000000:6ed1c000)
2015-02-13T13:19:40.230652-06:00 c0-0c2s1n2 setup_percpu: NR_CPUS:128 nr_cpumask_bits:128 nr_cpu_ids:16 nr_node_ids:1
2015-02-13T13:19:40.255694-06:00 c0-0c2s1n2 PERCPU: Embedded 25 PATH1224 @ffff88107fa00000 s72704 r8192 d21504 u131072
2015-02-13T13:19:40.255877-06:00 c0-0c2s1n2 Built 1 zonelists in Zone order, mobility grouping on.  Total pages: 16534701
2015-02-13T13:19:40.255906-06:00 c0-0c2s1n2 Policy zone: Normal
2015-02-13T13:19:40.388866-06:00 c0-0c2s1n2 Kernel command line: earlyprintk=serial,115200 load_ramdisk=1 ramdisk_size=80000 console=ttyS0,115200n8 bootnodeip=IPADDR13 bootproto=ipog bootpath=PATH1220 rootfs=nfs-shared root=PATH1221 oops=panic bootifnetmask=IPADDR15 elevator=noop ippob1=10 ippob2=128 pcie_ports=native iommu=on intel_iommu=off bad_page=panic pln_enable=off apei_disable hest_disable erst_disable ghes_disable cgroup_disable=memory active_wlm=ALPS sdbnodeip=IPADDR16 sessionid=p0-20150213t131030 _cray=marker_ 
2015-02-13T13:19:40.388924-06:00 c0-0c2s1n2 Intel-IOMMU: disabled
2015-02-13T13:19:40.388979-06:00 c0-0c2s1n2 Disabling memory control group subsystem
2015-02-13T13:19:40.389062-06:00 c0-0c2s1n2 PID hash table entries: 4096 (order: 3, 32768 bytes)
2015-02-13T13:19:40.389133-06:00 c0-0c2s1n2 PATH1225: enabled xstate_bv 0x7, cntxt size 0x340
2015-02-13T13:19:40.771316-06:00 c0-0c2s1n2 Memory: PATH319780 available (5522k kernel code, 2121000k absent, 1019636k reserved, 5307k data, 692k init)
2015-02-13T13:19:40.796538-06:00 c0-0c2s1n2 Hierarchical RCU implementation.
2015-02-13T13:19:40.796563-06:00 c0-0c2s1n2 NR_IRQS:4352
2015-02-13T13:19:40.822104-06:00 c0-0c2s1n2 Extended CMOS year: 2000
2015-02-13T13:19:40.822197-06:00 c0-0c2s1n2 Console: colour dummy device 80x25
2015-02-13T13:19:40.847097-06:00 c0-0c2s1n2 console [ttyS0] enabled, bootconsole disabled
2015-02-13T13:19:40.847221-06:00 c0-0c2s1n2 console [ttyS0] enabled, bootconsole disabled
2015-02-13T13:19:40.872546-06:00 c0-0c2s1n2 Fast TSC calibration using PIT
2015-02-13T13:19:40.897448-06:00 c0-0c2s1n2 Detected 2600.004 MHz processor.
2015-02-13T13:19:40.897642-06:00 c0-0c2s1n2 Calibrating delay loop (skipped), value calculated using timer frequency.. 5200.00 BogoMIPS (lpj=10400016)
2015-02-13T13:19:40.897690-06:00 c0-0c2s1n2 pid_max: default: 32768 minimum: 301
2015-02-13T13:19:40.948122-06:00 c0-0c2s1n2 Dentry cache hash table entries: 8388608 (order: 14, 67108864 bytes)
2015-02-13T13:19:40.998449-06:00 c0-0c2s1n2 Inode-cache hash table entries: 4194304 (order: 13, 33554432 bytes)
2015-02-13T13:19:40.998925-06:00 c0-0c2s1n2 Mount-cache hash table entries: 256
2015-02-13T13:19:41.023702-06:00 c0-0c2s1n2 Initializing cgroup subsys cpuacct
2015-02-13T13:19:41.023904-06:00 c0-0c2s1n2 Initializing cgroup subsys memory
2015-02-13T13:19:41.024145-06:00 c0-0c2s1n2 Initializing cgroup subsys devices
2015-02-13T13:19:41.024196-06:00 c0-0c2s1n2 Initializing cgroup subsys perf_event
2015-02-13T13:19:41.048859-06:00 c0-0c2s1n2 CPU: Physical Processor ID: 0
2015-02-13T13:19:41.048933-06:00 c0-0c2s1n2 CPU: Processor Core ID: 0
2015-02-13T13:19:41.049085-06:00 c0-0c2s1n2 mce: CPU supports 20 MCE banks
2015-02-13T13:19:41.049203-06:00 c0-0c2s1n2 CPU0: Thermal monitoring enabled (TM1)
2015-02-13T13:19:41.049259-06:00 c0-0c2s1n2 using mwait in idle threads.
2015-02-13T13:19:41.049351-06:00 c0-0c2s1n2 ACPI: Core revision 20110413
2015-02-13T13:19:41.099607-06:00 c0-0c2s1n2 ftrace: allocating 20236 entries in 80 pages
2015-02-13T13:19:41.124888-06:00 c0-0c2s1n2 DMAR: Host address width 46
2015-02-13T13:19:41.125043-06:00 c0-0c2s1n2 DMAR: DRHD base: 0x000000fbffc000 flags: 0x1
2015-02-13T13:19:41.149966-06:00 c0-0c2s1n2 IOMMU 0: reg_base_addr fbffc000 ver 1:0 cap d2078c106f0462 ecap f020fe
2015-02-13T13:19:41.150213-06:00 c0-0c2s1n2 DMAR: RMRR base: 0x0000007f430000 end: 0x0000007f43cfff
2015-02-13T13:19:41.150325-06:00 c0-0c2s1n2 DMAR: ATSR flags: 0x0
2015-02-13T13:19:41.175274-06:00 c0-0c2s1n2 DMAR: RHSA base: 0x000000fbffc000 proximity domain: 0x0
2015-02-13T13:19:41.175355-06:00 c0-0c2s1n2 Switched APIC routing to physical flat.
2015-02-13T13:19:41.200354-06:00 c0-0c2s1n2 ..TIMER: vector=0x30 apic1=0 pin1=2 apic2=-1 pin2=-1
2015-02-13T13:19:41.225720-06:00 c0-0c2s1n2 CPU0: Intel(R) Xeon(R) CPU E5-2670 0 @ 2.60GHz stepping 07
2015-02-13T13:19:41.451572-06:00 c0-0c2s1n2 Performance Events: PEBS fmt1+, 16-deep LBR, SandyBridge events, full-width counters, Intel PMU driver.
2015-02-13T13:19:41.476487-06:00 c0-0c2s1n2 ... version:                3
2015-02-13T13:19:41.476685-06:00 c0-0c2s1n2 ... bit width:              48
2015-02-13T13:19:41.476800-06:00 c0-0c2s1n2 ... generic registers:      4
2015-02-13T13:19:41.476925-06:00 c0-0c2s1n2 ... value mask:             0000ffffffffffff
2015-02-13T13:19:41.501565-06:00 c0-0c2s1n2 ... max period:             0000ffffffffffff
2015-02-13T13:19:41.501619-06:00 c0-0c2s1n2 ... fixed-purpose events:   3
2015-02-13T13:19:41.526773-06:00 c0-0c2s1n2 ... event mask:             000000070000000f
2015-02-13T13:19:41.983763-06:00 c0-0c2s1n2 Booting Node   0, Processors  #1 #2 #3 #4 #5 #6 #7 #8 #9 #10 #11 #12 #13 #14 #15 Ok.
2015-02-13T13:19:42.009125-06:00 c0-0c2s1n2 Brought up 16 CPUs
2015-02-13T13:19:42.009213-06:00 c0-0c2s1n2 Total of 16 processors activated (83200.12 BogoMIPS).
2015-02-13T13:19:42.059718-06:00 c0-0c2s1n2 NET: Registered protocol family 16
2015-02-13T13:19:42.084617-06:00 c0-0c2s1n2 ACPI FADT declares the system doesn't support PCIe ASPM, so disable it
2015-02-13T13:19:42.084795-06:00 c0-0c2s1n2 ACPI: bus type pci registered
2015-02-13T13:19:42.084992-06:00 c0-0c2s1n2 PCI: MMCONFIG for domain 0000 [bus 00-ff] at [mem 0x80000000-0x8fffffff] (base 0x80000000)
2015-02-13T13:19:42.109920-06:00 c0-0c2s1n2 PCI: MMCONFIG at [mem 0x80000000-0x8fffffff] reserved in E820
2015-02-13T13:19:42.135258-06:00 c0-0c2s1n2 PCI: Using configuration type 1 for base access
2015-02-13T13:19:42.135342-06:00 c0-0c2s1n2 bio: create slab <bio-0> at 0
2015-02-13T13:19:42.185612-06:00 c0-0c2s1n2 ACPI: Executed 1 blocks of module-level executable AML code
2015-02-13T13:19:42.392991-06:00 c0-0c2s1n2 ACPI: Interpreter enabled
2015-02-13T13:19:42.393122-06:00 c0-0c2s1n2 ACPI: (supports S0 S1 S3 S5)
2015-02-13T13:19:42.393254-06:00 c0-0c2s1n2 ACPI: Using IOAPIC for interrupt routing
2015-02-13T13:19:42.418349-06:00 c0-0c2s1n2 ACPI: No dock devices found.
2015-02-13T13:19:42.418510-06:00 c0-0c2s1n2 HEST: Table parsing disabled.
2015-02-13T13:19:42.443557-06:00 c0-0c2s1n2 PCI: Using host bridge windows from ACPI; if necessary, use "pci=nocrs" and report a bug
2015-02-13T13:19:42.468745-06:00 c0-0c2s1n2 ACPI: PCI Root Bridge [PCI0] (domain 0000 [bus 00-fe])
2015-02-13T13:19:42.468999-06:00 c0-0c2s1n2 pci_root PNP0A08:00: host bridge window [io  0x0000-0x03af]
2015-02-13T13:19:42.469244-06:00 c0-0c2s1n2 pci_root PNP0A08:00: host bridge window [io  0x03e0-0x0cf7]
2015-02-13T13:19:42.494150-06:00 c0-0c2s1n2 pci_root PNP0A08:00: host bridge window [io  0x0d00-0xffff]
2015-02-13T13:19:42.494396-06:00 c0-0c2s1n2 pci_root PNP0A08:00: host bridge window [mem 0x000c0000-0x000dffff]
2015-02-13T13:19:42.519204-06:00 c0-0c2s1n2 pci_root PNP0A08:00: host bridge window [mem 0x80000000-0xfbffffff]
2015-02-13T13:19:42.519663-06:00 c0-0c2s1n2 pci_root PNP0A08:00: host bridge window [mem 0x1080000000-0x3c3fffffffff]
2015-02-13T13:19:42.544651-06:00 c0-0c2s1n2 pci 0000:00:02.0: PCI bridge to [bus 01-01]
2015-02-13T13:19:42.544839-06:00 c0-0c2s1n2 pci 0000:00:03.0: PCI bridge to [bus 02-02]
2015-02-13T13:19:42.544970-06:00 c0-0c2s1n2 pci 0000:00:03.2: PCI bridge to [bus 03-03]
2015-02-13T13:19:42.569786-06:00 c0-0c2s1n2 pci 0000:00:11.0: PCI bridge to [bus 04-04]
2015-02-13T13:19:42.569993-06:00 c0-0c2s1n2 pci 0000:00:1e.0: PCI bridge to [bus 05-05] (subtractive decode)
2015-02-13T13:19:42.570306-06:00 c0-0c2s1n2 pci0000:00: Unable to request _OSC control (_OSC support mask: 0x19)
2015-02-13T13:19:42.620177-06:00 c0-0c2s1n2 ACPI: PCI Root Bridge [UNC0] (domain 0000 [bus ff])
2015-02-13T13:19:42.620530-06:00 c0-0c2s1n2 pci0000:ff: Unable to request _OSC control (_OSC support mask: 0x19)
2015-02-13T13:19:42.645645-06:00 c0-0c2s1n2 ACPI: PCI Interrupt Link [LNKA] (IRQs 3 4 5 6 7 10 *11 12 14 15)
2015-02-13T13:19:42.645861-06:00 c0-0c2s1n2 ACPI: PCI Interrupt Link [LNKB] (IRQs 3 4 5 6 7 *10 11 12 14 15)
2015-02-13T13:19:42.670724-06:00 c0-0c2s1n2 ACPI: PCI Interrupt Link [LNKC] (IRQs 3 4 *5 6 10 11 12 14 15)
2015-02-13T13:19:42.670968-06:00 c0-0c2s1n2 ACPI: PCI Interrupt Link [LNKD] (IRQs *3 4 5 6 10 11 12 14 15)
2015-02-13T13:19:42.671281-06:00 c0-0c2s1n2 ACPI: PCI Interrupt Link [LNKE] (IRQs 3 4 5 6 7 10 11 12 14 15) *0
2015-02-13T13:19:42.696338-06:00 c0-0c2s1n2 ACPI: PCI Interrupt Link [LNKF] (IRQs 3 4 5 6 7 10 11 12 14 15) *0
2015-02-13T13:19:42.696607-06:00 c0-0c2s1n2 ACPI: PCI Interrupt Link [LNKG] (IRQs 3 4 5 6 7 10 11 12 14 15) *0
2015-02-13T13:19:42.721592-06:00 c0-0c2s1n2 ACPI: PCI Interrupt Link [LNKH] (IRQs 3 4 5 6 *7 10 11 12 14 15)
2015-02-13T13:19:42.721657-06:00 c0-0c2s1n2 vgaarb: loaded
2015-02-13T13:19:42.721863-06:00 c0-0c2s1n2 SCSI subsystem initialized
2015-02-13T13:19:42.721992-06:00 c0-0c2s1n2 PCI: Using ACPI for IRQ routing
2015-02-13T13:19:42.746759-06:00 c0-0c2s1n2 Switching to clocksource hpet
2015-02-13T13:19:42.747058-06:00 c0-0c2s1n2 pnp: PnP ACPI init
2015-02-13T13:19:42.771916-06:00 c0-0c2s1n2 ACPI: bus type pnp registered
2015-02-13T13:19:42.772221-06:00 c0-0c2s1n2 system 00:01: [mem 0xfc000000-0xfcffffff] has been reserved
2015-02-13T13:19:42.796983-06:00 c0-0c2s1n2 system 00:01: [mem 0xfd000000-0xfdffffff] has been reserved
2015-02-13T13:19:42.797423-06:00 c0-0c2s1n2 system 00:01: [mem 0xfe000000-0xfeafffff] has been reserved
2015-02-13T13:19:42.822231-06:00 c0-0c2s1n2 system 00:01: [mem 0xfeb00000-0xfebfffff] has been reserved
2015-02-13T13:19:42.822527-06:00 c0-0c2s1n2 system 00:01: [mem 0xfed00400-0xfed3ffff] could not be reserved
2015-02-13T13:19:42.822777-06:00 c0-0c2s1n2 system 00:01: [mem 0xfed45000-0xfedfffff] has been reserved
2015-02-13T13:19:42.847586-06:00 c0-0c2s1n2 system 00:02: [mem 0xfbffc000-0xfbffdfff] has been reserved
2015-02-13T13:19:42.847843-06:00 c0-0c2s1n2 system 00:06: [io  0x04d0-0x04d1] has been reserved
2015-02-13T13:19:42.872764-06:00 c0-0c2s1n2 system 00:08: [io  0x0400-0x0453] has been reserved
2015-02-13T13:19:42.873061-06:00 c0-0c2s1n2 system 00:08: [io  0x0458-0x047f] has been reserved
2015-02-13T13:19:42.873310-06:00 c0-0c2s1n2 system 00:08: [io  0x1180-0x119f] has been reserved
2015-02-13T13:19:42.898016-06:00 c0-0c2s1n2 system 00:08: [io  0x0500-0x057f] has been reserved
2015-02-13T13:19:42.898279-06:00 c0-0c2s1n2 system 00:08: [mem 0xfed1c000-0xfed1ffff] has been reserved
2015-02-13T13:19:42.898575-06:00 c0-0c2s1n2 system 00:08: [mem 0xfec00000-0xfecfffff] could not be reserved
2015-02-13T13:19:42.923484-06:00 c0-0c2s1n2 system 00:08: [mem 0xfed08000-0xfed08fff] has been reserved
2015-02-13T13:19:42.923752-06:00 c0-0c2s1n2 system 00:08: [mem 0xff000000-0xffffffff] has been reserved
2015-02-13T13:19:42.948613-06:00 c0-0c2s1n2 system 00:09: [io  0x0454-0x0457] has been reserved
2015-02-13T13:19:42.948712-06:00 c0-0c2s1n2 pnp: PnP ACPI: found 12 devices
2015-02-13T13:19:42.948956-06:00 c0-0c2s1n2 ACPI: ACPI bus type pnp unregistered
2015-02-13T13:19:42.973752-06:00 c0-0c2s1n2 pci 0000:00:02.0: PCI bridge to [bus 01-01]
2015-02-13T13:19:42.973951-06:00 c0-0c2s1n2 pci 0000:00:02.0:   bridge window [io  disabled]
2015-02-13T13:19:42.974141-06:00 c0-0c2s1n2 pci 0000:00:02.0:   bridge window [mem disabled]
2015-02-13T13:19:42.999133-06:00 c0-0c2s1n2 pci 0000:00:02.0:   bridge window [mem 0x3c0000000000-0x3c20000fffff 64bit pref]
2015-02-13T13:19:42.999346-06:00 c0-0c2s1n2 pci 0000:00:03.0: PCI bridge to [bus 02-02]
2015-02-13T13:19:42.999567-06:00 c0-0c2s1n2 pci 0000:00:03.0:   bridge window [io  disabled]
2015-02-13T13:19:43.024396-06:00 c0-0c2s1n2 pci 0000:00:03.0:   bridge window [mem disabled]
2015-02-13T13:19:43.024671-06:00 c0-0c2s1n2 pci 0000:00:03.0:   bridge window [mem pref disabled]
2015-02-13T13:19:43.024896-06:00 c0-0c2s1n2 pci 0000:00:03.2: PCI bridge to [bus 03-03]
2015-02-13T13:19:43.049639-06:00 c0-0c2s1n2 pci 0000:00:03.2:   bridge window [io  disabled]
2015-02-13T13:19:43.049817-06:00 c0-0c2s1n2 pci 0000:00:03.2:   bridge window [mem disabled]
2015-02-13T13:19:43.074720-06:00 c0-0c2s1n2 pci 0000:00:03.2:   bridge window [mem pref disabled]
2015-02-13T13:19:43.074984-06:00 c0-0c2s1n2 pci 0000:00:11.0: PCI bridge to [bus 04-04]
2015-02-13T13:19:43.075270-06:00 c0-0c2s1n2 pci 0000:00:11.0:   bridge window [io  0xe000-0xefff]
2015-02-13T13:19:43.100189-06:00 c0-0c2s1n2 pci 0000:00:11.0:   bridge window [mem 0xfbe00000-0xfbefffff]
2015-02-13T13:19:43.100476-06:00 c0-0c2s1n2 pci 0000:00:11.0:   bridge window [mem 0x3c2000400000-0x3c20008fffff 64bit pref]
2015-02-13T13:19:43.100695-06:00 c0-0c2s1n2 pci 0000:00:1e.0: PCI bridge to [bus 05-05]
2015-02-13T13:19:43.125378-06:00 c0-0c2s1n2 pci 0000:00:1e.0:   bridge window [io  disabled]
2015-02-13T13:19:43.125545-06:00 c0-0c2s1n2 pci 0000:00:1e.0:   bridge window [mem disabled]
2015-02-13T13:19:43.125775-06:00 c0-0c2s1n2 pci 0000:00:1e.0:   bridge window [mem pref disabled]
2015-02-13T13:19:43.150645-06:00 c0-0c2s1n2 pci 0000:00:02.0: PCI INT A -> GSI 32 (level, low) -> IRQ 32
2015-02-13T13:19:43.150865-06:00 c0-0c2s1n2 pci 0000:00:03.0: PCI INT A -> GSI 40 (level, low) -> IRQ 40
2015-02-13T13:19:43.175825-06:00 c0-0c2s1n2 pci 0000:00:03.2: PCI INT A -> GSI 40 (level, low) -> IRQ 40
2015-02-13T13:19:43.176096-06:00 c0-0c2s1n2 pci 0000:00:11.0: PCI INT A -> GSI 16 (level, low) -> IRQ 16
2015-02-13T13:19:43.200853-06:00 c0-0c2s1n2 NET: Registered protocol family 2
2015-02-13T13:19:43.201253-06:00 c0-0c2s1n2 IP route cache hash table entries: 524288 (order: 10, 4194304 bytes)
2015-02-13T13:19:43.201553-06:00 c0-0c2s1n2 TCP established hash table entries: 524288 (order: 11, 8388608 bytes)
2015-02-13T13:19:43.226449-06:00 c0-0c2s1n2 TCP bind hash table entries: 65536 (order: 8, 1048576 bytes)
2015-02-13T13:19:43.226685-06:00 c0-0c2s1n2 TCP: Hash tables configured (established 524288 bind 65536)
2015-02-13T13:19:43.226723-06:00 c0-0c2s1n2 TCP reno registered
2015-02-13T13:19:43.251682-06:00 c0-0c2s1n2 UDP hash table entries: 32768 (order: 8, 1048576 bytes)
2015-02-13T13:19:43.251942-06:00 c0-0c2s1n2 UDP-Lite hash table entries: 32768 (order: 8, 1048576 bytes)
2015-02-13T13:19:43.276802-06:00 c0-0c2s1n2 NET: Registered protocol family 1
2015-02-13T13:19:43.277077-06:00 c0-0c2s1n2 RPC: Registered named UNIX socket transport module.
2015-02-13T13:19:43.277206-06:00 c0-0c2s1n2 RPC: Registered udp transport module.
2015-02-13T13:19:43.277386-06:00 c0-0c2s1n2 RPC: Registered tcp transport module.
2015-02-13T13:19:43.302176-06:00 c0-0c2s1n2 RPC: Registered tcp NFSv4.1 backchannel transport module.
2015-02-13T13:19:43.302419-06:00 c0-0c2s1n2 pci 0000:00:1a.0: PCI INT A -> GSI 16 (level, low) -> IRQ 16
2015-02-13T13:19:43.352305-06:00 c0-0c2s1n2 pci 0000:00:1a.0: PCI INT A disabled
2015-02-13T13:19:43.352512-06:00 c0-0c2s1n2 pci 0000:00:1d.0: PCI INT A -> GSI 23 (level, low) -> IRQ 23
2015-02-13T13:19:43.377852-06:00 c0-0c2s1n2 pci 0000:00:1d.0: PCI INT A disabled
2015-02-13T13:19:43.377950-06:00 c0-0c2s1n2 Trying to unpack rootfs image as initramfs...
2015-02-13T13:19:43.818548-06:00 c0-0c2s1n2 Freeing initrd memory: 12352k freed
2015-02-13T13:19:43.818771-06:00 c0-0c2s1n2 DMAR: Device scope device [0000:00:01.01] not found
2015-02-13T13:19:43.843697-06:00 c0-0c2s1n2 DMAR: Device scope device [0000:00:01.01] not found
2015-02-13T13:19:43.843910-06:00 c0-0c2s1n2 PCI-DMA: Using software bounce buffering for IO (SWIOTLB)
2015-02-13T13:19:43.844149-06:00 c0-0c2s1n2 Placing 64MB software IO TLB between ffff88007a67c000 - ffff88007e67c000
2015-02-13T13:19:43.868930-06:00 c0-0c2s1n2 software IO TLB at phys 0x7a67c000 - 0x7e67c000
2015-02-13T13:19:43.869203-06:00 c0-0c2s1n2 Machine check injector initialized
2015-02-13T13:19:43.894263-06:00 c0-0c2s1n2 futex hash table entries: 4096 (order: 6, 262144 bytes)
2015-02-13T13:19:43.894397-06:00 c0-0c2s1n2 Registering pnotify support for (name=job)
2015-02-13T13:19:43.894478-06:00 c0-0c2s1n2 CSA: initialized
2015-02-13T13:19:43.919398-06:00 c0-0c2s1n2 audit: initializing netlink socket (disabled)
2015-02-13T13:19:43.919547-06:00 c0-0c2s1n2 type=2000 audit(1423855178.496:1): initialized
2015-02-13T13:19:43.970134-06:00 c0-0c2s1n2 HugeTLB registered 2 MB page size, pre-allocated 0 pages
2015-02-13T13:19:43.970316-06:00 c0-0c2s1n2 VFS: Disk quotas dquot_6.5.2
2015-02-13T13:19:43.970484-06:00 c0-0c2s1n2 Dquot-cache hash table entries: 512 (order 0, 4096 bytes)
2015-02-13T13:19:43.995496-06:00 c0-0c2s1n2 Installing knfsd (copyright (C) 1996 okir@monad.swb.de).
2015-02-13T13:19:43.995667-06:00 c0-0c2s1n2 fuse init (API version 7.16)
2015-02-13T13:19:43.995850-06:00 c0-0c2s1n2 Installing v9fs 9p2000 file system support
2015-02-13T13:19:44.020399-06:00 c0-0c2s1n2 msgmni has been set to 32268
2015-02-13T13:19:44.020815-06:00 c0-0c2s1n2 Block layer SCSI generic (bsg) driver version 0.4 loaded (major 254)
2015-02-13T13:19:44.020964-06:00 c0-0c2s1n2 io scheduler noop registered (default)
2015-02-13T13:19:44.045768-06:00 c0-0c2s1n2 io scheduler deadline registered
2015-02-13T13:19:44.045909-06:00 c0-0c2s1n2 io scheduler cfq registered
2015-02-13T13:19:44.046273-06:00 c0-0c2s1n2 input: Power Button as PATH1228:PATH1229:PATH1230:PATH1231
2015-02-13T13:19:44.070885-06:00 c0-0c2s1n2 ACPI: Power Button [PWRB]
2015-02-13T13:19:44.071148-06:00 c0-0c2s1n2 input: Power Button as PATH1228:PATH1232:PATH1233
2015-02-13T13:19:44.071207-06:00 c0-0c2s1n2 ACPI: Power Button [PWRF]
2015-02-13T13:19:44.172006-06:00 c0-0c2s1n2 ERST: Error Record Serialization Table (ERST) support is disabled.
2015-02-13T13:19:44.196989-06:00 c0-0c2s1n2 GHES: HEST is not enabled!
2015-02-13T13:19:44.272662-06:00 c0-0c2s1n2 Serial: PATH1234 driver, 2 ports, IRQ sharing disabled
2015-02-13T13:19:44.272768-06:00 c0-0c2s1n2 serial8250: ttyS0 at PATH1235 0x3f8 (irq = 4) is a 16550A
2015-02-13T13:19:44.348421-06:00 c0-0c2s1n2 serial8250: ttyS1 at PATH1235 0x2f8 (irq = 3) is a 16550A
2015-02-13T13:19:44.424357-06:00 c0-0c2s1n2 Real Time Clock Driver v1.12b
2015-02-13T13:19:44.424497-06:00 c0-0c2s1n2 Linux agpgart interface v0.103
2015-02-13T13:19:44.424588-06:00 c0-0c2s1n2 brd: module loaded
2015-02-13T13:19:44.449418-06:00 c0-0c2s1n2 loop: module loaded
2015-02-13T13:19:44.449504-06:00 c0-0c2s1n2 Loading iSCSI transport class v2.0-870.
2015-02-13T13:19:44.449651-06:00 c0-0c2s1n2 iscsi: registered transport (tcp)
2015-02-13T13:19:44.449804-06:00 c0-0c2s1n2 Rounding down aligned max_sectors from 4294967295 to 4294967288
2015-02-13T13:19:44.474678-06:00 c0-0c2s1n2 console [netcon0] enabled
2015-02-13T13:19:44.474803-06:00 c0-0c2s1n2 netconsole: network logging started
2015-02-13T13:19:44.499873-06:00 c0-0c2s1n2 i8042: PNP: No PATH1236 controller found. Probing ports directly.
2015-02-13T13:19:44.889439-06:00 c0-0c2s1n2 Refined TSC clocksource calibration: 2599.999 MHz.
2015-02-13T13:19:44.889468-06:00 c0-0c2s1n2 Switching to clocksource tsc
2015-02-13T13:19:45.520117-06:00 c0-0c2s1n2 i8042: No controller found
2015-02-13T13:19:45.520154-06:00 c0-0c2s1n2 EDAC MC: Ver: 2.1.0
2015-02-13T13:19:45.520411-06:00 c0-0c2s1n2 cpuidle: using governor ladder
2015-02-13T13:19:45.545313-06:00 c0-0c2s1n2 cpuidle: using governor menu
2015-02-13T13:19:45.545404-06:00 c0-0c2s1n2 oprofile: using NMI interrupt.
2015-02-13T13:19:45.545482-06:00 c0-0c2s1n2 TCP cubic registered
2015-02-13T13:19:45.545622-06:00 c0-0c2s1n2 NET: Registered protocol family 10
2015-02-13T13:19:45.570417-06:00 c0-0c2s1n2 IPv6 over IPv4 tunneling driver
2015-02-13T13:19:45.570535-06:00 c0-0c2s1n2 NET: Registered protocol family 17
2015-02-13T13:19:45.570654-06:00 c0-0c2s1n2 Installing 9P2000 support
2015-02-13T13:19:45.595567-06:00 c0-0c2s1n2 Registering the dns_resolver key type
2015-02-13T13:19:45.595666-06:00 c0-0c2s1n2 registered taskstats version 1
2015-02-13T13:19:45.595785-06:00 c0-0c2s1n2 Freeing unused kernel memory: 692k freed
2015-02-13T13:19:45.671617-06:00 c0-0c2s1n2 ghal_init:Cray(R) Gemini Hardware Abstraction Layer - version 1.0107
2015-02-13T13:19:45.696460-06:00 c0-0c2s1n2 ghal_init:Copyright (C) 2007-1012 Cray Inc.
2015-02-13T13:19:45.721644-06:00 c0-0c2s1n2 ghal 0000:01:00.1: enabling device (0000 -> 0002)
2015-02-13T13:19:45.772146-06:00 c0-0c2s1n2 udev: starting version 147
2015-02-13T13:19:45.772154-06:00 c0-0c2s1n2 simplex: module license 'unspecified' taints kernel.
2015-02-13T13:19:45.772161-06:00 c0-0c2s1n2 hss-os: communication area 0xffff8810084fb800 (phys 0x10084fb800)
2015-02-13T13:19:45.772168-06:00 c0-0c2s1n2 hss-os: new channel 1
2015-02-13T13:19:47.580267-06:00 c0-0c2s1n2 request_sys_info_from_L0: No tile dimension data
2015-02-13T13:19:47.580277-06:00 c0-0c2s1n2 hss-os: new channel 2
2015-02-13T13:19:47.580282-06:00 c0-0c2s1n2 kgni_init:Cray(R) Gemini Network Interface - Sep 17 2014 version 0x004500b7 rev 9750
2015-02-13T13:19:47.580293-06:00 c0-0c2s1n2 kgni_init:Copyright (C) 2007,2008 Cray Inc.
2015-02-13T13:19:47.580298-06:00 c0-0c2s1n2 ipogif_init:Cray(R) Gemini IP over Fabric device driver - version 0.17
2015-02-13T13:19:47.580302-06:00 c0-0c2s1n2 ipogif_init:Copyright (C) 2007 Cray Inc.
2015-02-13T13:19:47.580315-06:00 c0-0c2s1n2 ipogif_probe:Immediate checksum off
2015-02-13T13:19:47.580326-06:00 c0-0c2s1n2 Cray(R) Gemini Performance Counter Daemon - version 0.1
2015-02-13T13:19:47.580333-06:00 c0-0c2s1n2 GEMINI Performance Counter Daemon.
2015-02-13T13:19:47.580355-06:00 c0-0c2s1n2 Cray(R) Kernel Dynamic Registration (KDREG) Interface - version 0x2243e
2015-02-13T13:19:47.580361-06:00 c0-0c2s1n2 Copyright (C) 2004-5 Pete Wyckoff - modified by Cray(R)
2015-02-13T13:19:47.580369-06:00 c0-0c2s1n2 ipogif_up:Bringing interface up
2015-02-13T13:19:47.580389-06:00 c0-0c2s1n2 Sending ec_node_info with boot code 0 (NODE_INFO_OS_BOOT) for nid 134
2015-02-13T13:19:47.580397-06:00 c0-0c2s1n2 net.core.rmem_max = 16777216
2015-02-13T13:19:47.580407-06:00 c0-0c2s1n2 net.core.wmem_max = 16777216
2015-02-13T13:19:47.580419-06:00 c0-0c2s1n2 net.core.rmem_default = 16777216
2015-02-13T13:19:47.580425-06:00 c0-0c2s1n2 net.core.wmem_default = 16777216
2015-02-13T13:19:47.580457-06:00 c0-0c2s1n2 net.core.optmem_max = 16777216
2015-02-13T13:19:47.580488-06:00 c0-0c2s1n2 net.ipv4.tcp_mem = 16777216 16777216 16777216
2015-02-13T13:19:47.580498-06:00 c0-0c2s1n2 net.ipv4.tcp_rmem = 4096 87380 16777216
2015-02-13T13:19:47.580505-06:00 c0-0c2s1n2 net.ipv4.tcp_wmem = 4096 65536 16777216
2015-02-13T13:19:47.580510-06:00 c0-0c2s1n2 Using rootfs config: nfs-shared...
2015-02-13T13:19:47.580515-06:00 c0-0c2s1n2 rootfs mount succeeded.
2015-02-13T13:19:47.580520-06:00 c0-0c2s1n2 **********************************************************
2015-02-13T13:19:47.580542-06:00 c0-0c2s1n2    HOSTNAME: nid00134
2015-02-13T13:19:47.580548-06:00 c0-0c2s1n2 **********************************************************
2015-02-13T13:19:47.580557-06:00 c0-0c2s1n2 ipogif0   Link encap:Ethernet  HWaddr 00:01:01:00:00:86  
2015-02-13T13:19:47.580564-06:00 c0-0c2s1n2          inet addr:IPADDR47  Mask:IPADDR15
2015-02-13T13:19:47.580576-06:00 c0-0c2s1n2          inet6 addr: fe80::201:1ff:fe00:PATH3951 Scope:Link
2015-02-13T13:19:47.580587-06:00 c0-0c2s1n2          UP RUNNING NOARP  MTU:65520  Metric:1
2015-02-13T13:19:47.580596-06:00 c0-0c2s1n2          RX packets:21 errors:0 dropped:0 overruns:0 frame:0
2015-02-13T13:19:47.580608-06:00 c0-0c2s1n2          TX packets:28 errors:0 dropped:0 overruns:0 carrier:0
2015-02-13T13:19:47.580617-06:00 c0-0c2s1n2          collisions:0 txqueuelen:1000 
2015-02-13T13:19:47.580622-06:00 c0-0c2s1n2          RX bytes:2496 (2.4 KiB)  TX bytes:2540 (2.4 KiB)
2015-02-13T13:19:47.580634-06:00 c0-0c2s1n2 lo        Link encap:Local Loopback  
2015-02-13T13:19:47.580642-06:00 c0-0c2s1n2          inet addr:IPADDR18  Mask:IPADDR24
2015-02-13T13:19:47.580647-06:00 c0-0c2s1n2          inet6 addr: ::PATH1252 Scope:Host
2015-02-13T13:19:47.580654-06:00 c0-0c2s1n2          UP LOOPBACK RUNNING  MTU:16436  Metric:1
2015-02-13T13:19:47.580659-06:00 c0-0c2s1n2          RX packets:0 errors:0 dropped:0 overruns:0 frame:0
2015-02-13T13:19:47.580663-06:00 c0-0c2s1n2          TX packets:0 errors:0 dropped:0 overruns:0 carrier:0
2015-02-13T13:19:47.580671-06:00 c0-0c2s1n2          collisions:0 txqueuelen:0 
2015-02-13T13:19:47.580675-06:00 c0-0c2s1n2          RX bytes:0 (0.0 B)  TX bytes:0 (0.0 B)
2015-02-13T13:19:47.580683-06:00 c0-0c2s1n2 Mounting NID specific PATH1253 (nid=134)...
2015-02-13T13:19:47.580705-06:00 c0-0c2s1n2 done.
2015-02-13T13:19:47.580709-06:00 c0-0c2s1n2 INIT: version 2.86 booting
2015-02-13T13:19:47.580735-06:00 c0-0c2s1n2 System Boot Control: Running PATH1254
2015-02-13T13:19:47.580746-06:00 c0-0c2s1n2 Mounting sysfs at PATH12557[?25l
2015-02-13T13:19:47.580756-06:00 c0-0c2s1n2 [80C[10D[1;32mdone[m8[?25h
2015-02-13T13:19:47.580764-06:00 c0-0c2s1n2 Copying static PATH1256 content7[?25l
2015-02-13T13:19:47.580772-06:00 c0-0c2s1n2 [80C[10D[1;32mdone[m8[?25h
2015-02-13T13:19:47.580797-06:00 c0-0c2s1n2 Mounting tmpfs at PATH12577[?25l
2015-02-13T13:19:47.580808-06:00 c0-0c2s1n2 [80C[10D[1;32mdone[m8[?25h
2015-02-13T13:19:47.580814-06:00 c0-0c2s1n2 Mounting devpts at PATH12587[?25l
2015-02-13T13:19:47.580821-06:00 c0-0c2s1n2 [80C[10D[1;32mdone[m8[?25h
2015-02-13T13:19:47.580833-06:00 c0-0c2s1n2 Boot logging started on PATH1259(PATH1260) at Fri Feb 13 13:19:41 2015
2015-02-13T13:19:47.580840-06:00 c0-0c2s1n2 Mounting debugfs at PATH12617[?25l
2015-02-13T13:19:47.580845-06:00 c0-0c2s1n2 [80C[10D[1;32mdone[m8[?25h
2015-02-13T13:19:47.580856-06:00 c0-0c2s1n2 [m[?25hNo efivars filesystem driver available.[m[?25hStarting udevd: udev: starting version 147
2015-02-13T13:19:47.580866-06:00 c0-0c2s1n2 7[?25l
2015-02-13T13:19:47.580873-06:00 c0-0c2s1n2 [80C[10D[1;32mdone[m8[?25h
2015-02-13T13:19:47.581042-06:00 c0-0c2s1n2 Loading drivers, configuring devices: usbcore: registered new interface driver usbfs
2015-02-13T13:19:47.606228-06:00 c0-0c2s1n2 ahci 0000:00:1f.2: PCI INT B -> GSI 19 (level, low) -> IRQ 19
2015-02-13T13:19:47.606306-06:00 c0-0c2s1n2 ahci 0000:00:1f.2: forcing PORTS_IMPL to 0x3f
2015-02-13T13:19:47.630914-06:00 c0-0c2s1n2 usbcore: registered new interface driver hub
2015-02-13T13:19:47.656249-06:00 c0-0c2s1n2 usbcore: registered new device driver usb
2015-02-13T13:19:47.656276-06:00 c0-0c2s1n2 ahci 0000:00:1f.2: AHCI 0001.0300 32 slots 6 ports 6 Gbps 0x3f impl SATA mode
2015-02-13T13:19:47.656623-06:00 c0-0c2s1n2 ahci 0000:00:1f.2: flags: 64bit ncq sntf pm led clo pio slum part ems apst 
2015-02-13T13:19:47.656635-06:00 c0-0c2s1n2 scsi0 : ahci
2015-02-13T13:19:47.656649-06:00 c0-0c2s1n2 ehci_hcd: USB 2.0 'Enhanced' Host Controller (EHCI) Driver
2015-02-13T13:19:47.656660-06:00 c0-0c2s1n2 scsi1 : ahci
2015-02-13T13:19:47.656669-06:00 c0-0c2s1n2 scsi2 : ahci
2015-02-13T13:19:47.656688-06:00 c0-0c2s1n2 scsi3 : ahci
2015-02-13T13:19:47.656699-06:00 c0-0c2s1n2 scsi4 : ahci
2015-02-13T13:19:47.656708-06:00 c0-0c2s1n2 scsi5 : ahci
2015-02-13T13:19:47.681381-06:00 c0-0c2s1n2 ata2: SATA max PATH1238 abar m2048@0xfbf00000 port 0xfbf00100 irq 164
2015-02-13T13:19:47.681481-06:00 c0-0c2s1n2 ata3: SATA max PATH1238 abar m2048@0xfbf00000 port 0xfbf00180 irq 164
2015-02-13T13:19:47.706547-06:00 c0-0c2s1n2 ata4: SATA max PATH1238 abar m2048@0xfbf00000 port 0xfbf00200 irq 164
2015-02-13T13:19:47.706719-06:00 c0-0c2s1n2 ata5: SATA max PATH1238 abar m2048@0xfbf00000 port 0xfbf00280 irq 164
2015-02-13T13:19:47.706945-06:00 c0-0c2s1n2 ata6: SATA max PATH1238 abar m2048@0xfbf00000 port 0xfbf00300 irq 164
2015-02-13T13:19:47.707096-06:00 c0-0c2s1n2 ata7: SATA max PATH1238 abar m2048@0xfbf00000 port 0xfbf00380 irq 164
2015-02-13T13:19:47.731844-06:00 c0-0c2s1n2 ehci_hcd 0000:00:1a.0: PCI INT A -> GSI 16 (level, low) -> IRQ 16
2015-02-13T13:19:47.731994-06:00 c0-0c2s1n2 ehci_hcd 0000:00:1a.0: EHCI Host Controller
2015-02-13T13:19:47.757057-06:00 c0-0c2s1n2 ehci_hcd 0000:00:1a.0: new USB bus registered, assigned bus number 1
2015-02-13T13:19:47.757164-06:00 c0-0c2s1n2 ehci_hcd 0000:00:1a.0: debug port 2
2015-02-13T13:19:47.757318-06:00 c0-0c2s1n2 ehci_hcd 0000:00:1a.0: irq 16, io mem 0xfbf02000
2015-02-13T13:19:47.816887-06:00 c0-0c2s1n2 ehci_hcd 0000:00:1a.0: USB 2.0 started, EHCI 1.00
2015-02-13T13:19:47.818163-06:00 c0-0c2s1n2 hub 1-0:1.0: USB hub found
2015-02-13T13:19:47.818171-06:00 c0-0c2s1n2 hub 1-0:1.0: 2 ports detected
2015-02-13T13:19:47.818241-06:00 c0-0c2s1n2 ehci_hcd 0000:00:1d.0: PCI INT A -> GSI 23 (level, low) -> IRQ 23
2015-02-13T13:19:47.818302-06:00 c0-0c2s1n2 ehci_hcd 0000:00:1d.0: EHCI Host Controller
2015-02-13T13:19:47.818377-06:00 c0-0c2s1n2 ehci_hcd 0000:00:1d.0: new USB bus registered, assigned bus number 2
2015-02-13T13:19:47.842409-06:00 c0-0c2s1n2 ehci_hcd 0000:00:1d.0: debug port 2
2015-02-13T13:19:47.881764-06:00 c0-0c2s1n2 ehci_hcd 0000:00:1d.0: irq 23, io mem 0xfbf01000
2015-02-13T13:19:47.881870-06:00 c0-0c2s1n2 ehci_hcd 0000:00:1d.0: USB 2.0 started, EHCI 1.00
2015-02-13T13:19:47.881881-06:00 c0-0c2s1n2 hub 2-0:1.0: USB hub found
2015-02-13T13:19:47.881913-06:00 c0-0c2s1n2 hub 2-0:1.0: 2 ports detected
2015-02-13T13:19:48.140909-06:00 c0-0c2s1n2 usb 1-1: new high-speed USB device number 2 using ehci_hcd
2015-02-13T13:19:48.242073-06:00 c0-0c2s1n2 hub 1-1:1.0: USB hub found
2015-02-13T13:19:48.266992-06:00 c0-0c2s1n2 hub 1-1:1.0: 6 ports detected
2015-02-13T13:19:48.393166-06:00 c0-0c2s1n2 usb 2-1: new high-speed USB device number 2 using ehci_hcd
2015-02-13T13:19:48.519567-06:00 c0-0c2s1n2 hub 2-1:1.0: USB hub found
2015-02-13T13:19:48.519675-06:00 c0-0c2s1n2 hub 2-1:1.0: 8 ports detected
2015-02-13T13:19:48.746696-06:00 c0-0c2s1n2 ata6: failed to resume link (SControl 0)
2015-02-13T13:19:48.771773-06:00 c0-0c2s1n2 ata6: SATA link down (SStatus 0 SControl 0)
2015-02-13T13:19:48.771817-06:00 c0-0c2s1n2 ata3: failed to resume link (SControl 0)
2015-02-13T13:19:48.771919-06:00 c0-0c2s1n2 ata3: SATA link down (SStatus 0 SControl 0)
2015-02-13T13:19:48.796964-06:00 c0-0c2s1n2 ata5: failed to resume link (SControl 0)
2015-02-13T13:19:48.796998-06:00 c0-0c2s1n2 ata5: SATA link down (SStatus 0 SControl 0)
2015-02-13T13:19:48.797076-06:00 c0-0c2s1n2 ata2: failed to resume link (SControl 0)
2015-02-13T13:19:48.797100-06:00 c0-0c2s1n2 ata2: SATA link down (SStatus 0 SControl 0)
2015-02-13T13:19:48.797159-06:00 c0-0c2s1n2 ata7: failed to resume link (SControl 0)
2015-02-13T13:19:48.797208-06:00 c0-0c2s1n2 ata7: SATA link down (SStatus 0 SControl 0)
2015-02-13T13:19:48.822173-06:00 c0-0c2s1n2 ata4: failed to resume link (SControl 0)
2015-02-13T13:19:48.822239-06:00 c0-0c2s1n2 ata4: SATA link down (SStatus 0 SControl 0)
2015-02-13T13:19:48.872638-06:00 c0-0c2s1n2 7[?25l
2015-02-13T13:19:48.872646-06:00 c0-0c2s1n2 [80C[10D[1;32mdone[m8[?25h
2015-02-13T13:19:48.923205-06:00 c0-0c2s1n2 [m[?25hMounting PATH1262 from IPADDR13. Checking for nid=134 existance.
2015-02-13T13:19:49.074641-06:00 c0-0c2s1n2 7[?25l
2015-02-13T13:19:49.074650-06:00 c0-0c2s1n2 [80C[10D[1;32mdone[m8[?25h
2015-02-13T13:19:49.124989-06:00 c0-0c2s1n2 Mounting tmpfs on PATH12637[?25l
2015-02-13T13:19:49.125002-06:00 c0-0c2s1n2 [80C[10D[1;32mdone[m8[?25h
2015-02-13T13:19:49.125045-06:00 c0-0c2s1n2 Running sysctl using values from PATH1264
2015-02-13T13:19:49.125074-06:00 c0-0c2s1n2 net.ipv4.icmp_echo_ignore_broadcasts = 1
2015-02-13T13:19:49.150206-06:00 c0-0c2s1n2 net.ipv4.conf.all.rp_filter = 1
2015-02-13T13:19:49.150257-06:00 c0-0c2s1n2 fs.inotify.max_user_watches = 65536
2015-02-13T13:19:49.150288-06:00 c0-0c2s1n2 net.ipv4.conf.default.promote_secondaries = 1
2015-02-13T13:19:49.150313-06:00 c0-0c2s1n2 net.ipv4.conf.all.promote_secondaries = 1
2015-02-13T13:19:49.150330-06:00 c0-0c2s1n2 vm.min_free_kbytes = 102400
2015-02-13T13:19:49.150341-06:00 c0-0c2s1n2 7[?25l
2015-02-13T13:19:49.150356-06:00 c0-0c2s1n2 [80C[10D[1;32mdone[m8[?25h
2015-02-13T13:19:49.150367-06:00 c0-0c2s1n2 [m[?25hActivating swap-devices in PATH1265
2015-02-13T13:19:49.175436-06:00 c0-0c2s1n2 7[?25l[1A
2015-02-13T13:19:49.175446-06:00 c0-0c2s1n2 [80C[10D[1;32mdone[m8[?25hroot file system (PATH24) is NOT being checked.
2015-02-13T13:19:50.052350-06:00 c0-0c2s1n2 [m[?25hSet System Time to the current Hardware Clock7[?25l
2015-02-13T13:19:50.052356-06:00 c0-0c2s1n2 [80C[10D[1;32mdone[m8[?25h
2015-02-13T13:19:50.077594-06:00 c0-0c2s1n2 [m[?25hActivating device mapper...
2015-02-13T13:19:50.102746-06:00 c0-0c2s1n2 device-mapper: ioctl: 4.23.0-ioctl (2012-07-25) initialised: dm-devel@redhat.com
2015-02-13T13:19:50.102760-06:00 c0-0c2s1n2 7[?25l
2015-02-13T13:19:50.102765-06:00 c0-0c2s1n2 [80C[10D[1;32mdone[m8[?25h
2015-02-13T13:19:50.102855-06:00 c0-0c2s1n2 [m[?25hLoading required kernel modules
2015-02-13T13:19:50.153261-06:00 c0-0c2s1n2 7[?25l[1A
2015-02-13T13:19:50.153275-06:00 c0-0c2s1n2 [80C[10D[1;32mdone[m8[?25h[m[?25h[m[?25hWaiting for udev to settle...
2015-02-13T13:19:50.153321-06:00 c0-0c2s1n2 Scanning for LVM volume groups...
2015-02-13T13:19:50.153396-06:00 c0-0c2s1n2  Reading all physical volumes.  This may take a while...
2015-02-13T13:19:50.153408-06:00 c0-0c2s1n2  No volume groups found
2015-02-13T13:19:50.153477-06:00 c0-0c2s1n2  No volume groups found
2015-02-13T13:19:50.153491-06:00 c0-0c2s1n2 Activating LVM volume groups...
2015-02-13T13:19:50.153527-06:00 c0-0c2s1n2  PARTIAL MODE. Incomplete logical volumes will be processed.
2015-02-13T13:19:50.153548-06:00 c0-0c2s1n2  No volume groups found
2015-02-13T13:19:50.153561-06:00 c0-0c2s1n2 7[?25l
2015-02-13T13:19:50.153566-06:00 c0-0c2s1n2 [80C[10D[1;32mdone[m8[?25h
2015-02-13T13:19:50.203740-06:00 c0-0c2s1n2 [m[?25hNo fibre channel cards present.  Not waiting for disk devices. 
2015-02-13T13:19:50.228939-06:00 c0-0c2s1n2 [m[?25hChecking file systems...
2015-02-13T13:19:50.228980-06:00 c0-0c2s1n2 fsck from util-linux 2.19.1
2015-02-13T13:19:50.229009-06:00 c0-0c2s1n2 Checking all file systems.
2015-02-13T13:19:50.229066-06:00 c0-0c2s1n2 7[?25l[1A
2015-02-13T13:19:50.229082-06:00 c0-0c2s1n2 [80C[10D[1;32mdone[m8[?25hMounting local file systems...
2015-02-13T13:19:50.254230-06:00 c0-0c2s1n2 nothing was mounted
2015-02-13T13:19:50.486394-06:00 c0-0c2s1n2 7[?25l[1A
2015-02-13T13:19:50.486407-06:00 c0-0c2s1n2 [80C[10D[1;32mdone[m8[?25h[m[?25hCheck if the profiles matches the system7[?25l
2015-02-13T13:19:50.486413-06:00 c0-0c2s1n2 [80C[10D[1;32mdone[m8[?25h
2015-02-13T13:19:50.536675-06:00 c0-0c2s1n2 [m[?25hEnabling monitoring on LVM volume groups...
2015-02-13T13:19:50.536729-06:00 c0-0c2s1n2  No volume groups found
2015-02-13T13:19:50.536767-06:00 c0-0c2s1n2 7[?25l
2015-02-13T13:19:50.536772-06:00 c0-0c2s1n2 [80C[10D[1;32mdone[m8[?25h
2015-02-13T13:19:50.610824-06:00 c0-0c2s1n2 [m[?25h[m[?25h[m[?25h[m[?25h[m[?25hTurning quota on
2015-02-13T13:19:50.610848-06:00 c0-0c2s1n2 Checking quotas. This may take some time.
2015-02-13T13:19:50.610884-06:00 c0-0c2s1n2 7[?25l
2015-02-13T13:19:50.610890-06:00 c0-0c2s1n2 [80C[10D[1;32mdone[m8[?25h
2015-02-13T13:19:50.610950-06:00 c0-0c2s1n2 [m[?25hSetting current sysctl status from PATH12647[?25l
2015-02-13T13:19:50.610962-06:00 c0-0c2s1n2 [80C[10D[1;32mdone[m8[?25h
2015-02-13T13:19:50.774134-06:00 c0-0c2s1n2 [m[?25hATTENTION: You have modified PATH3931  Leaving it untouched...
2015-02-13T13:19:50.774224-06:00 c0-0c2s1n2 You can find my version in PATH344965 ...
2015-02-13T13:19:50.774264-06:00 c0-0c2s1n2 touch: cannot touch `PATH1267': Read-only file system
2015-02-13T13:19:50.799289-06:00 c0-0c2s1n2 chmod: cannot access `PATH1267': No such file or directory
2015-02-13T13:19:50.799342-06:00 c0-0c2s1n2 touch: cannot touch `PATH1267': Read-only file system
2015-02-13T13:19:50.799439-06:00 c0-0c2s1n2 [m[?25hSystem Boot Control: The system has been 
2015-02-13T13:19:50.799448-06:00 c0-0c2s1n2 [80C[10D[1mset up[m
2015-02-13T13:19:50.799471-06:00 c0-0c2s1n2 Skipped features: [80C[19D[1;33mboot.efivars[m
2015-02-13T13:19:50.799511-06:00 c0-0c2s1n2 System Boot Control: Running PATH1268
2015-02-13T13:19:50.849756-06:00 c0-0c2s1n2 7[?25l[1A
2015-02-13T13:19:50.849769-06:00 c0-0c2s1n2 [8
2015-02-13T13:19:50.849776-06:00 c0-0c2s1n2 INIT: Entering runlevel: 3
2015-02-13T13:19:50.900207-06:00 c0-0c2s1n2 Master Resource Control: previous runlevel: N, switching to runlevel: 
2015-02-13T13:19:50.900219-06:00 c0-0c2s1n2 [80C[10D[1m3[m
2015-02-13T13:19:50.900260-06:00 c0-0c2s1n2 Starting batchlimitd
2015-02-13T13:19:50.925520-06:00 c0-0c2s1n2 [m[?25hLoading nic compatibility device7[?25l
2015-02-13T13:19:50.925528-06:00 c0-0c2s1n2 [80C[10D[1;32mdone[m8[?25h
2015-02-13T13:19:51.051671-06:00 c0-0c2s1n2 [m[?25hbpmcd_init: Power statistics available in PATH1240
2015-02-13T13:19:51.102077-06:00 c0-0c2s1n2 [m[?25hStarting D-Bus daemon7[?25l
2015-02-13T13:19:51.102092-06:00 c0-0c2s1n2 [80C[10D[1;32mdone[m8[?25h
2015-02-13T13:19:51.127290-06:00 c0-0c2s1n2 [m[?25hiSCSI Enterprise Target Software - version trunk
2015-02-13T13:19:51.127313-06:00 c0-0c2s1n2 iscsi_trgt: Registered io type fileio
2015-02-13T13:19:51.152586-06:00 c0-0c2s1n2 iscsi_trgt: Registered io type blockio
2015-02-13T13:19:51.152602-06:00 c0-0c2s1n2 iscsi_trgt: Registered io type nullio
2015-02-13T13:19:51.177773-06:00 c0-0c2s1n2 [m[?25hLNet: HW CPU cores: 16, npartitions: 4
2015-02-13T13:19:56.425450-06:00 c0-0c2s1n2 PATH3933: line 179: lctl: command not found
2015-02-13T13:19:56.425459-06:00 c0-0c2s1n2 [m[?25hRemoving old kernel packages...
2015-02-13T13:19:56.425466-06:00 c0-0c2s1n2 rm: cannot remove `PATH1269': Read-only file system
2015-02-13T13:19:56.425471-06:00 c0-0c2s1n2 PATH1270: multiversion.kernels not configured in PATH1271, exiting.
2015-02-13T13:19:56.425483-06:00 c0-0c2s1n2 7[?25l
2015-02-13T13:19:56.425489-06:00 c0-0c2s1n2 [80C[10D[1;32mdone[m8[?25h
2015-02-13T13:19:56.425501-06:00 c0-0c2s1n2 [m[?25hInitializing random number generator7[?25l
2015-02-13T13:19:56.425509-06:00 c0-0c2s1n2 [80C[10D[1;32mdone[m8[?25h
