2015-02-18T10:09:48.207908-07:00 c0-0c0s3n0 ERROR: Type:2; Severity:80; Class:3; Subclass:D; Operation: 2
2015-02-18T09:32:41.074046-07:00 c0-0c1s0n1 Wait4Boot: WRITE: 533 bytes to memory @ 0x90CD0 ... complete
2015-02-18T09:32:41.074106-07:00 c0-0c1s0n1 Wait4Boot: Blade Controller Boot Protocol version - 1
2015-02-18T09:32:41.074118-07:00 c0-0c1s0n1 Wait4Boot: JUMP: KernelStart 0x100000, boot_params 0x90000, CmdLineAddr 0x90CD0
2015-02-18T09:32:41.298374-07:00 c0-0c1s0n1 Decompressing Linux... Parsing ELF... done.
2015-02-18T09:32:41.323674-07:00 c0-0c1s0n1 Booting the kernel.
2015-02-18T09:32:41.323695-07:00 c0-0c1s0n1 Initializing cgroup subsys cpuset
2015-02-18T09:32:41.323706-07:00 c0-0c1s0n1 Initializing cgroup subsys cpu
2015-02-18T09:32:41.361370-07:00 c0-0c1s0n1 Linux version 3.0.101-0.31.1_1.0502.8394-cray_ari_s (abuild@cfosbld05) (gcc version 4.3.4 [gcc-4_3-branch revision 152973] (SUSE Linux) ) #1 SMP Wed Sep 10 04:03:41 UTC 2014
2015-02-18T09:32:41.427946-07:00 c0-0c1s0n1 Command line: earlyprintk=serial,115200 load_ramdisk=1 ramdisk_size=80000 console=ttyS0,115200n8 bootnodeip=IPADDR13 bootproto=ipog bootpath=PATH1220 rootfs=nfs-shared root=PATH1221 oops=panic bootifnetmask=IPADDR15 elevator=noop ippob1=10 ippob2=128 pcie_ports=native iommu=on intel_iommu=off bad_page=panic pln_enable=off apei_disable hest_disable erst_disable ghes_disable cgroup_disable=memory active_wlm=ALPS sdbnodeip=IPADDR16 sessionid=p0-20150218t092259 _cray=marker_ 
2015-02-18T09:32:41.427994-07:00 c0-0c1s0n1 KERNEL supported cpus:
2015-02-18T09:32:41.428023-07:00 c0-0c1s0n1  Intel GenuineIntel
2015-02-18T09:32:41.428032-07:00 c0-0c1s0n1 BIOS-provided physical RAM map:
2015-02-18T09:32:41.428092-07:00 c0-0c1s0n1 BIOS-e820: 0000000000000000 - 00000000000a0000 (usable)
2015-02-18T09:32:41.428148-07:00 c0-0c1s0n1 BIOS-e820: 0000000000100000 - 000000007e67c000 (usable)
2015-02-18T09:32:41.453125-07:00 c0-0c1s0n1 BIOS-e820: 000000007e67c000 - 000000007e790000 (ACPI NVS)
2015-02-18T09:32:41.478344-07:00 c0-0c1s0n1 BIOS-e820: 000000007e790000 - 000000007f395000 (reserved)
2015-02-18T09:32:41.478405-07:00 c0-0c1s0n1 BIOS-e820: 000000007f395000 - 000000007f410000 (ACPI data)
2015-02-18T09:32:41.478432-07:00 c0-0c1s0n1 BIOS-e820: 000000007f410000 - 000000007f491000 (reserved)
2015-02-18T09:32:41.503579-07:00 c0-0c1s0n1 BIOS-e820: 000000007f491000 - 000000007f493000 (usable)
2015-02-18T09:32:41.503648-07:00 c0-0c1s0n1 BIOS-e820: 000000007f493000 - 000000007f494000 (ACPI NVS)
2015-02-18T09:32:41.503676-07:00 c0-0c1s0n1 BIOS-e820: 000000007f494000 - 000000007f49e000 (reserved)
2015-02-18T09:32:41.528797-07:00 c0-0c1s0n1 BIOS-e820: 000000007f49e000 - 000000007f4a6000 (ACPI NVS)
2015-02-18T09:32:41.528833-07:00 c0-0c1s0n1 BIOS-e820: 000000007f4a6000 - 000000007f4d2000 (reserved)
2015-02-18T09:32:41.528893-07:00 c0-0c1s0n1 BIOS-e820: 000000007f4d2000 - 000000007f558000 (ACPI NVS)
2015-02-18T09:32:41.554071-07:00 c0-0c1s0n1 BIOS-e820: 000000007f558000 - 000000007f800000 (usable)
2015-02-18T09:32:41.554133-07:00 c0-0c1s0n1 BIOS-e820: 0000000080000000 - 0000000090000000 (reserved)
2015-02-18T09:32:41.554170-07:00 c0-0c1s0n1 BIOS-e820: 00000000fed1c000 - 00000000fed20000 (reserved)
2015-02-18T09:32:41.554225-07:00 c0-0c1s0n1 BIOS-e820: 00000000ff000000 - 0000000100000000 (reserved)
2015-02-18T09:32:41.579352-07:00 c0-0c1s0n1 BIOS-e820: 0000000100000000 - 0000001080000000 (usable)
2015-02-18T09:32:41.579374-07:00 c0-0c1s0n1 bootconsole [earlyser0] enabled
2015-02-18T09:32:41.579404-07:00 c0-0c1s0n1 NX (Execute Disable) protection: active
2015-02-18T09:32:41.579442-07:00 c0-0c1s0n1 EFI v2.10 by American Megatrends
2015-02-18T09:32:41.604578-07:00 c0-0c1s0n1 ACPI=0x7f395000  ACPI 2.0=0x7f395000  SMBIOS=0xf04c0  MPS=0xfd450 
2015-02-18T09:32:41.604632-07:00 c0-0c1s0n1 EFI: mem00: type=3, attr=0xf, range=[0x0000000000000000-0x0000000000008000) (0MB)
2015-02-18T09:32:41.629791-07:00 c0-0c1s0n1 EFI: mem01: type=7, attr=0xf, range=[0x0000000000008000-0x0000000000060000) (0MB)
2015-02-18T09:32:41.629843-07:00 c0-0c1s0n1 EFI: mem02: type=3, attr=0xf, range=[0x0000000000060000-0x00000000000a0000) (0MB)
2015-02-18T09:32:41.655020-07:00 c0-0c1s0n1 EFI: mem03: type=7, attr=0xf, range=[0x0000000000100000-0x0000000001000000) (15MB)
2015-02-18T09:32:41.655051-07:00 c0-0c1s0n1 EFI: mem04: type=2, attr=0xf, range=[0x0000000001000000-0x0000000001100000) (1MB)
2015-02-18T09:32:41.655075-07:00 c0-0c1s0n1 EFI: mem05: type=4, attr=0xf, range=[0x0000000001100000-0x00000000017ea000) (6MB)
2015-02-18T09:32:41.680263-07:00 c0-0c1s0n1 EFI: mem06: type=3, attr=0xf, range=[0x00000000017ea000-0x00000000017ee000) (0MB)
2015-02-18T09:32:41.680306-07:00 c0-0c1s0n1 EFI: mem07: type=4, attr=0xf, range=[0x00000000017ee000-0x0000000001886000) (0MB)
2015-02-18T09:32:41.705465-07:00 c0-0c1s0n1 EFI: mem08: type=3, attr=0xf, range=[0x0000000001886000-0x000000000188f000) (0MB)
2015-02-18T09:32:41.705507-07:00 c0-0c1s0n1 EFI: mem09: type=4, attr=0xf, range=[0x000000000188f000-0x0000000001892000) (0MB)
2015-02-18T09:32:41.730747-07:00 c0-0c1s0n1 EFI: mem10: type=3, attr=0xf, range=[0x0000000001892000-0x000000000189e000) (0MB)
2015-02-18T09:32:41.730783-07:00 c0-0c1s0n1 EFI: mem11: type=4, attr=0xf, range=[0x000000000189e000-0x00000000018a9000) (0MB)
2015-02-18T09:32:41.767704-07:00 c0-0c1s0n1 EFI: mem12: type=3, attr=0xf, range=[0x00000000018a9000-0x00000000018ab000) (0MB)
2015-02-18T09:32:41.767749-07:00 c0-0c1s0n1 EFI: mem13: type=4, attr=0xf, range=[0x00000000018ab000-0x00000000018ad000) (0MB)
2015-02-18T09:32:41.767784-07:00 c0-0c1s0n1 EFI: mem14: type=3, attr=0xf, range=[0x00000000018ad000-0x00000000018af000) (0MB)
2015-02-18T09:32:41.792892-07:00 c0-0c1s0n1 EFI: mem15: type=4, attr=0xf, range=[0x00000000018af000-0x00000000018b7000) (0MB)
2015-02-18T09:32:41.792904-07:00 c0-0c1s0n1 EFI: mem16: type=3, attr=0xf, range=[0x00000000018b7000-0x00000000018bb000) (0MB)
2015-02-18T09:32:41.818092-07:00 c0-0c1s0n1 EFI: mem17: type=4, attr=0xf, range=[0x00000000018bb000-0x00000000018bd000) (0MB)
2015-02-18T09:32:41.818138-07:00 c0-0c1s0n1 EFI: mem18: type=3, attr=0xf, range=[0x00000000018bd000-0x00000000018bf000) (0MB)
2015-02-18T09:32:42.063626-07:00 c0-0c1s0n1 EFI: mem19: type=4, attr=0xf, range=[0x00000000018bf000-0x00000000018d1000) (0MB)
2015-02-18T09:32:42.063647-07:00 c0-0c1s0n1 EFI: mem20: type=3, attr=0xf, range=[0x00000000018d1000-0x00000000018d7000) (0MB)
2015-02-18T09:32:42.063652-07:00 c0-0c1s0n1 EFI: mem21: type=4, attr=0xf, range=[0x00000000018d7000-0x00000000018f9000) (0MB)
2015-02-18T09:32:42.063659-07:00 c0-0c1s0n1 EFI: mem22: type=3, attr=0xf, range=[0x00000000018f9000-0x0000000001908000) (0MB)
2015-02-18T09:32:42.063664-07:00 c0-0c1s0n1 EFI: mem23: type=4, attr=0xf, range=[0x0000000001908000-0x0000000001921000) (0MB)
2015-02-18T09:32:42.063669-07:00 c0-0c1s0n1 EFI: mem24: type=3, attr=0xf, range=[0x0000000001921000-0x000000000192b000) (0MB)
2015-02-18T09:32:42.063680-07:00 c0-0c1s0n1 EFI: mem25: type=4, attr=0xf, range=[0x000000000192b000-0x0000000001933000) (0MB)
2015-02-18T09:32:42.063717-07:00 c0-0c1s0n1 EFI: mem26: type=3, attr=0xf, range=[0x0000000001933000-0x0000000001936000) (0MB)
2015-02-18T09:32:42.063743-07:00 c0-0c1s0n1 EFI: mem27: type=4, attr=0xf, range=[0x0000000001936000-0x000000000193b000) (0MB)
2015-02-18T09:32:42.063748-07:00 c0-0c1s0n1 EFI: mem28: type=3, attr=0xf, range=[0x000000000193b000-0x000000000193e000) (0MB)
2015-02-18T09:32:42.063754-07:00 c0-0c1s0n1 EFI: mem29: type=4, attr=0xf, range=[0x000000000193e000-0x0000000001964000) (0MB)
2015-02-18T09:32:42.063762-07:00 c0-0c1s0n1 EFI: mem30: type=3, attr=0xf, range=[0x0000000001964000-0x0000000001968000) (0MB)
2015-02-18T09:32:42.063766-07:00 c0-0c1s0n1 EFI: mem31: type=4, attr=0xf, range=[0x0000000001968000-0x000000000198a000) (0MB)
2015-02-18T09:32:42.063771-07:00 c0-0c1s0n1 EFI: mem32: type=3, attr=0xf, range=[0x000000000198a000-0x00000000019b0000) (0MB)
2015-02-18T09:32:42.063776-07:00 c0-0c1s0n1 EFI: mem33: type=4, attr=0xf, range=[0x00000000019b0000-0x00000000019be000) (0MB)
2015-02-18T09:32:42.063780-07:00 c0-0c1s0n1 EFI: mem34: type=3, attr=0xf, range=[0x00000000019be000-0x00000000019ce000) (0MB)
2015-02-18T09:32:42.063788-07:00 c0-0c1s0n1 EFI: mem35: type=4, attr=0xf, range=[0x00000000019ce000-0x00000000019d0000) (0MB)
2015-02-18T09:32:42.063798-07:00 c0-0c1s0n1 EFI: mem36: type=3, attr=0xf, range=[0x00000000019d0000-0x00000000019d7000) (0MB)
2015-02-18T09:32:42.063805-07:00 c0-0c1s0n1 EFI: mem37: type=4, attr=0xf, range=[0x00000000019d7000-0x00000000019e1000) (0MB)
2015-02-18T09:32:42.063814-07:00 c0-0c1s0n1 EFI: mem38: type=3, attr=0xf, range=[0x00000000019e1000-0x00000000019e5000) (0MB)
2015-02-18T09:32:42.100085-07:00 c0-0c1s0n1 EFI: mem39: type=4, attr=0xf, range=[0x00000000019e5000-0x0000000001a02000) (0MB)
2015-02-18T09:32:42.100101-07:00 c0-0c1s0n1 EFI: mem40: type=3, attr=0xf, range=[0x0000000001a02000-0x0000000001a06000) (0MB)
2015-02-18T09:32:42.114066-07:00 c0-0c1s0n1 EFI: mem41: type=4, attr=0xf, range=[0x0000000001a06000-0x0000000001a0a000) (0MB)
2015-02-18T09:32:42.114092-07:00 c0-0c1s0n1 EFI: mem42: type=3, attr=0xf, range=[0x0000000001a0a000-0x0000000001a1e000) (0MB)
2015-02-18T09:32:42.139312-07:00 c0-0c1s0n1 EFI: mem43: type=4, attr=0xf, range=[0x0000000001a1e000-0x0000000001a22000) (0MB)
2015-02-18T09:32:42.139334-07:00 c0-0c1s0n1 EFI: mem44: type=3, attr=0xf, range=[0x0000000001a22000-0x0000000001a26000) (0MB)
2015-02-18T09:32:42.164528-07:00 c0-0c1s0n1 EFI: mem45: type=4, attr=0xf, range=[0x0000000001a26000-0x0000000001a34000) (0MB)
2015-02-18T09:32:42.164551-07:00 c0-0c1s0n1 EFI: mem46: type=3, attr=0xf, range=[0x0000000001a34000-0x0000000001a3b000) (0MB)
2015-02-18T09:32:42.164564-07:00 c0-0c1s0n1 EFI: mem47: type=4, attr=0xf, range=[0x0000000001a3b000-0x0000000001a42000) (0MB)
2015-02-18T09:32:42.204065-07:00 c0-0c1s0n1 EFI: mem48: type=3, attr=0xf, range=[0x0000000001a42000-0x0000000001a4a000) (0MB)
2015-02-18T09:32:42.214955-07:00 c0-0c1s0n1 EFI: mem49: type=4, attr=0xf, range=[0x0000000001a4a000-0x0000000001a4b000) (0MB)
2015-02-18T09:32:42.215000-07:00 c0-0c1s0n1 EFI: mem50: type=3, attr=0xf, range=[0x0000000001a4b000-0x0000000001a4d000) (0MB)
2015-02-18T09:32:42.215034-07:00 c0-0c1s0n1 EFI: mem51: type=4, attr=0xf, range=[0x0000000001a4d000-0x0000000001a52000) (0MB)
2015-02-18T09:32:42.240196-07:00 c0-0c1s0n1 EFI: mem52: type=3, attr=0xf, range=[0x0000000001a52000-0x0000000001a69000) (0MB)
2015-02-18T09:32:42.240218-07:00 c0-0c1s0n1 EFI: mem53: type=4, attr=0xf, range=[0x0000000001a69000-0x0000000001a6f000) (0MB)
2015-02-18T09:32:42.265437-07:00 c0-0c1s0n1 EFI: mem54: type=3, attr=0xf, range=[0x0000000001a6f000-0x0000000001a70000) (0MB)
2015-02-18T09:32:42.265447-07:00 c0-0c1s0n1 EFI: mem55: type=4, attr=0xf, range=[0x0000000001a70000-0x0000000001a71000) (0MB)
2015-02-18T09:32:42.305403-07:00 c0-0c1s0n1 EFI: mem56: type=3, attr=0xf, range=[0x0000000001a71000-0x0000000001a79000) (0MB)
2015-02-18T09:32:42.305446-07:00 c0-0c1s0n1 EFI: mem57: type=4, attr=0xf, range=[0x0000000001a79000-0x0000000001a7a000) (0MB)
2015-02-18T09:32:42.305478-07:00 c0-0c1s0n1 EFI: mem58: type=3, attr=0xf, range=[0x0000000001a7a000-0x0000000001a83000) (0MB)
2015-02-18T09:32:42.305505-07:00 c0-0c1s0n1 EFI: mem59: type=4, attr=0xf, range=[0x0000000001a83000-0x0000000001a85000) (0MB)
2015-02-18T09:32:42.345347-07:00 c0-0c1s0n1 EFI: mem60: type=3, attr=0xf, range=[0x0000000001a85000-0x0000000001abe000) (0MB)
2015-02-18T09:32:42.345385-07:00 c0-0c1s0n1 EFI: mem61: type=4, attr=0xf, range=[0x0000000001abe000-0x0000000001abf000) (0MB)
2015-02-18T09:32:42.345425-07:00 c0-0c1s0n1 EFI: mem62: type=3, attr=0xf, range=[0x0000000001abf000-0x0000000001acc000) (0MB)
2015-02-18T09:32:42.370557-07:00 c0-0c1s0n1 EFI: mem63: type=4, attr=0xf, range=[0x0000000001acc000-0x0000000001ad7000) (0MB)
2015-02-18T09:32:42.370597-07:00 c0-0c1s0n1 EFI: mem64: type=3, attr=0xf, range=[0x0000000001ad7000-0x0000000001adc000) (0MB)
2015-02-18T09:32:42.395775-07:00 c0-0c1s0n1 EFI: mem65: type=4, attr=0xf, range=[0x0000000001adc000-0x0000000001b60000) (0MB)
2015-02-18T09:32:42.395811-07:00 c0-0c1s0n1 EFI: mem66: type=3, attr=0xf, range=[0x0000000001b60000-0x0000000001b7c000) (0MB)
2015-02-18T09:32:42.421030-07:00 c0-0c1s0n1 EFI: mem67: type=4, attr=0xf, range=[0x0000000001b7c000-0x0000000001b84000) (0MB)
2015-02-18T09:32:42.421054-07:00 c0-0c1s0n1 EFI: mem68: type=3, attr=0xf, range=[0x0000000001b84000-0x0000000001b9c000) (0MB)
2015-02-18T09:32:42.446249-07:00 c0-0c1s0n1 EFI: mem69: type=4, attr=0xf, range=[0x0000000001b9c000-0x000000000b210000) (150MB)
2015-02-18T09:32:42.446262-07:00 c0-0c1s0n1 EFI: mem70: type=3, attr=0xf, range=[0x000000000b210000-0x000000000b216000) (0MB)
2015-02-18T09:32:42.446291-07:00 c0-0c1s0n1 EFI: mem71: type=4, attr=0xf, range=[0x000000000b216000-0x000000000b21f000) (0MB)
2015-02-18T09:32:42.471477-07:00 c0-0c1s0n1 EFI: mem72: type=3, attr=0xf, range=[0x000000000b21f000-0x000000000b235000) (0MB)
2015-02-18T09:32:42.471516-07:00 c0-0c1s0n1 EFI: mem73: type=4, attr=0xf, range=[0x000000000b235000-0x000000000b23b000) (0MB)
2015-02-18T09:32:42.496724-07:00 c0-0c1s0n1 EFI: mem74: type=3, attr=0xf, range=[0x000000000b23b000-0x000000000b23e000) (0MB)
2015-02-18T09:32:42.496755-07:00 c0-0c1s0n1 EFI: mem75: type=4, attr=0xf, range=[0x000000000b23e000-0x000000000b24c000) (0MB)
2015-02-18T09:32:42.533342-07:00 c0-0c1s0n1 EFI: mem76: type=3, attr=0xf, range=[0x000000000b24c000-0x000000000b254000) (0MB)
2015-02-18T09:32:42.533389-07:00 c0-0c1s0n1 EFI: mem77: type=4, attr=0xf, range=[0x000000000b254000-0x000000000b272000) (0MB)
2015-02-18T09:32:42.533422-07:00 c0-0c1s0n1 EFI: mem78: type=3, attr=0xf, range=[0x000000000b272000-0x000000000b279000) (0MB)
2015-02-18T09:32:42.558633-07:00 c0-0c1s0n1 EFI: mem79: type=4, attr=0xf, range=[0x000000000b279000-0x000000000b27d000) (0MB)
2015-02-18T09:32:42.558667-07:00 c0-0c1s0n1 EFI: mem80: type=3, attr=0xf, range=[0x000000000b27d000-0x000000000b281000) (0MB)
2015-02-18T09:32:42.583837-07:00 c0-0c1s0n1 EFI: mem81: type=4, attr=0xf, range=[0x000000000b281000-0x000000000b285000) (0MB)
2015-02-18T09:32:42.583872-07:00 c0-0c1s0n1 EFI: mem82: type=3, attr=0xf, range=[0x000000000b285000-0x000000000b289000) (0MB)
2015-02-18T09:32:42.609087-07:00 c0-0c1s0n1 EFI: mem83: type=4, attr=0xf, range=[0x000000000b289000-0x000000000b295000) (0MB)
2015-02-18T09:32:42.609124-07:00 c0-0c1s0n1 EFI: mem84: type=3, attr=0xf, range=[0x000000000b295000-0x000000000b2dc000) (0MB)
2015-02-18T09:32:42.645354-07:00 c0-0c1s0n1 EFI: mem85: type=4, attr=0xf, range=[0x000000000b2dc000-0x000000000b2de000) (0MB)
2015-02-18T09:32:42.645396-07:00 c0-0c1s0n1 EFI: mem86: type=3, attr=0xf, range=[0x000000000b2de000-0x000000000b2e4000) (0MB)
2015-02-18T09:32:42.645443-07:00 c0-0c1s0n1 EFI: mem87: type=4, attr=0xf, range=[0x000000000b2e4000-0x000000000b2f0000) (0MB)
2015-02-18T09:32:42.645456-07:00 c0-0c1s0n1 EFI: mem88: type=3, attr=0xf, range=[0x000000000b2f0000-0x000000000b2f4000) (0MB)
2015-02-18T09:32:42.670572-07:00 c0-0c1s0n1 EFI: mem89: type=4, attr=0xf, range=[0x000000000b2f4000-0x000000000b301000) (0MB)
2015-02-18T09:32:42.670608-07:00 c0-0c1s0n1 EFI: mem90: type=3, attr=0xf, range=[0x000000000b301000-0x000000000b30a000) (0MB)
2015-02-18T09:32:42.695828-07:00 c0-0c1s0n1 EFI: mem91: type=4, attr=0xf, range=[0x000000000b30a000-0x000000000b30b000) (0MB)
2015-02-18T09:32:42.695865-07:00 c0-0c1s0n1 EFI: mem92: type=3, attr=0xf, range=[0x000000000b30b000-0x000000000b343000) (0MB)
2015-02-18T09:32:42.733348-07:00 c0-0c1s0n1 EFI: mem93: type=4, attr=0xf, range=[0x000000000b343000-0x000000000b351000) (0MB)
2015-02-18T09:32:42.733384-07:00 c0-0c1s0n1 EFI: mem94: type=3, attr=0xf, range=[0x000000000b351000-0x000000000b358000) (0MB)
2015-02-18T09:32:42.733421-07:00 c0-0c1s0n1 EFI: mem95: type=4, attr=0xf, range=[0x000000000b358000-0x000000000b360000) (0MB)
2015-02-18T09:32:42.773796-07:00 c0-0c1s0n1 EFI: mem96: type=3, attr=0xf, range=[0x000000000b360000-0x000000000b368000) (0MB)
2015-02-18T09:32:42.773835-07:00 c0-0c1s0n1 EFI: mem97: type=4, attr=0xf, range=[0x000000000b368000-0x000000000b382000) (0MB)
2015-02-18T09:32:42.773864-07:00 c0-0c1s0n1 EFI: mem98: type=3, attr=0xf, range=[0x000000000b382000-0x000000000b388000) (0MB)
2015-02-18T09:32:42.773884-07:00 c0-0c1s0n1 EFI: mem99: type=4, attr=0xf, range=[0x000000000b388000-0x000000000b3a3000) (0MB)
2015-02-18T09:32:42.813335-07:00 c0-0c1s0n1 EFI: mem100: type=3, attr=0xf, range=[0x000000000b3a3000-0x000000000b3b1000) (0MB)
2015-02-18T09:32:42.813379-07:00 c0-0c1s0n1 EFI: mem101: type=4, attr=0xf, range=[0x000000000b3b1000-0x000000000b3b5000) (0MB)
2015-02-18T09:32:42.813409-07:00 c0-0c1s0n1 EFI: mem102: type=3, attr=0xf, range=[0x000000000b3b5000-0x000000000b3c7000) (0MB)
2015-02-18T09:32:42.838552-07:00 c0-0c1s0n1 EFI: mem103: type=4, attr=0xf, range=[0x000000000b3c7000-0x000000000b45b000) (0MB)
2015-02-18T09:32:42.838593-07:00 c0-0c1s0n1 EFI: mem104: type=3, attr=0xf, range=[0x000000000b45b000-0x000000000b45e000) (0MB)
2015-02-18T09:32:42.838608-07:00 c0-0c1s0n1 EFI: mem105: type=4, attr=0xf, range=[0x000000000b45e000-0x000000000b466000) (0MB)
2015-02-18T09:32:42.863813-07:00 c0-0c1s0n1 EFI: mem106: type=3, attr=0xf, range=[0x000000000b466000-0x000000000b46a000) (0MB)
2015-02-18T09:32:42.863835-07:00 c0-0c1s0n1 EFI: mem107: type=4, attr=0xf, range=[0x000000000b46a000-0x000000000b478000) (0MB)
2015-02-18T09:32:42.889049-07:00 c0-0c1s0n1 EFI: mem108: type=3, attr=0xf, range=[0x000000000b478000-0x000000000b47f000) (0MB)
2015-02-18T09:32:42.889071-07:00 c0-0c1s0n1 EFI: mem109: type=4, attr=0xf, range=[0x000000000b47f000-0x000000000b48e000) (0MB)
2015-02-18T09:32:42.925355-07:00 c0-0c1s0n1 EFI: mem110: type=3, attr=0xf, range=[0x000000000b48e000-0x000000000b492000) (0MB)
2015-02-18T09:32:42.925387-07:00 c0-0c1s0n1 EFI: mem111: type=4, attr=0xf, range=[0x000000000b492000-0x000000000b4b4000) (0MB)
2015-02-18T09:32:42.925412-07:00 c0-0c1s0n1 EFI: mem112: type=3, attr=0xf, range=[0x000000000b4b4000-0x000000000b4b9000) (0MB)
2015-02-18T09:32:42.965851-07:00 c0-0c1s0n1 EFI: mem113: type=4, attr=0xf, range=[0x000000000b4b9000-0x000000000b53a000) (0MB)
2015-02-18T09:32:42.965859-07:00 c0-0c1s0n1 EFI: mem114: type=3, attr=0xf, range=[0x000000000b53a000-0x000000000b54e000) (0MB)
2015-02-18T09:32:42.965892-07:00 c0-0c1s0n1 EFI: mem115: type=4, attr=0xf, range=[0x000000000b54e000-0x000000000b5e5000) (0MB)
2015-02-18T09:32:42.965909-07:00 c0-0c1s0n1 EFI: mem116: type=7, attr=0xf, range=[0x000000000b5e5000-0x000000000b5e6000) (0MB)
2015-02-18T09:32:43.005369-07:00 c0-0c1s0n1 EFI: mem117: type=4, attr=0xf, range=[0x000000000b5e6000-0x000000000bcaf000) (6MB)
2015-02-18T09:32:43.005389-07:00 c0-0c1s0n1 EFI: mem118: type=3, attr=0xf, range=[0x000000000bcaf000-0x000000000bcb8000) (0MB)
2015-02-18T09:32:43.005433-07:00 c0-0c1s0n1 EFI: mem119: type=4, attr=0xf, range=[0x000000000bcb8000-0x000000000bcb9000) (0MB)
2015-02-18T09:32:43.030560-07:00 c0-0c1s0n1 EFI: mem120: type=2, attr=0xf, range=[0x000000000bcb9000-0x000000000bcbb000) (0MB)
2015-02-18T09:32:43.030598-07:00 c0-0c1s0n1 EFI: mem121: type=7, attr=0xf, range=[0x000000000bcbb000-0x000000000bcc1000) (0MB)
2015-02-18T09:32:43.055784-07:00 c0-0c1s0n1 EFI: mem122: type=4, attr=0xf, range=[0x000000000bcc1000-0x000000000bedf000) (2MB)
2015-02-18T09:32:43.055818-07:00 c0-0c1s0n1 EFI: mem123: type=7, attr=0xf, range=[0x000000000bedf000-0x000000000beed000) (0MB)
2015-02-18T09:32:43.083671-07:00 c0-0c1s0n1 EFI: mem124: type=1, attr=0xf, range=[0x000000000beed000-0x000000000befe000) (0MB)
2015-02-18T09:32:43.083717-07:00 c0-0c1s0n1 EFI: mem125: type=7, attr=0xf, range=[0x000000000befe000-0x000000007e67c000) (1831MB)
2015-02-18T09:32:43.083751-07:00 c0-0c1s0n1 EFI: mem126: type=10, attr=0xf, range=[0x000000007e67c000-0x000000007e790000) (1MB)
2015-02-18T09:32:43.083768-07:00 c0-0c1s0n1 EFI: mem127: type=0, attr=0xf, range=[0x000000007e790000-0x000000007e792000) (0MB)
2015-02-18T09:32:43.108921-07:00 c0-0c1s0n1 EFI: mem128: type=6, attr=0x800000000000000f, range=[0x000000007e792000-0x000000007f395000) (12MB)
2015-02-18T09:32:43.134125-07:00 c0-0c1s0n1 EFI: mem129: type=9, attr=0xf, range=[0x000000007f395000-0x000000007f410000) (0MB)
2015-02-18T09:32:43.134188-07:00 c0-0c1s0n1 EFI: mem130: type=5, attr=0x800000000000000f, range=[0x000000007f410000-0x000000007f41a000) (0MB)
2015-02-18T09:32:43.159353-07:00 c0-0c1s0n1 EFI: mem131: type=0, attr=0xf, range=[0x000000007f41a000-0x000000007f41c000) (0MB)
2015-02-18T09:32:43.159374-07:00 c0-0c1s0n1 EFI: mem132: type=6, attr=0x800000000000000f, range=[0x000000007f41c000-0x000000007f42d000) (0MB)
2015-02-18T09:32:43.184585-07:00 c0-0c1s0n1 EFI: mem133: type=0, attr=0xf, range=[0x000000007f42d000-0x000000007f43d000) (0MB)
2015-02-18T09:32:43.184604-07:00 c0-0c1s0n1 EFI: mem134: type=6, attr=0x800000000000000f, range=[0x000000007f43d000-0x000000007f45e000) (0MB)
2015-02-18T09:32:43.209977-07:00 c0-0c1s0n1 EFI: mem135: type=5, attr=0x800000000000000f, range=[0x000000007f45e000-0x000000007f462000) (0MB)
2015-02-18T09:32:43.210009-07:00 c0-0c1s0n1 EFI: mem136: type=0, attr=0xf, range=[0x000000007f462000-0x000000007f46b000) (0MB)
2015-02-18T09:32:43.210032-07:00 c0-0c1s0n1 EFI: mem137: type=5, attr=0x800000000000000f, range=[0x000000007f46b000-0x000000007f46d000) (0MB)
2015-02-18T09:32:43.235164-07:00 c0-0c1s0n1 EFI: mem138: type=0, attr=0xf, range=[0x000000007f46d000-0x000000007f471000) (0MB)
2015-02-18T09:32:43.260420-07:00 c0-0c1s0n1 EFI: mem139: type=5, attr=0x800000000000000f, range=[0x000000007f471000-0x000000007f472000) (0MB)
2015-02-18T09:32:43.260455-07:00 c0-0c1s0n1 EFI: mem140: type=6, attr=0x800000000000000f, range=[0x000000007f472000-0x000000007f473000) (0MB)
2015-02-18T09:32:43.285672-07:00 c0-0c1s0n1 EFI: mem141: type=5, attr=0x800000000000000f, range=[0x000000007f473000-0x000000007f476000) (0MB)
2015-02-18T09:32:43.285685-07:00 c0-0c1s0n1 EFI: mem142: type=0, attr=0xf, range=[0x000000007f476000-0x000000007f486000) (0MB)
2015-02-18T09:32:43.310903-07:00 c0-0c1s0n1 EFI: mem143: type=5, attr=0x800000000000000f, range=[0x000000007f486000-0x000000007f491000) (0MB)
2015-02-18T09:32:43.310947-07:00 c0-0c1s0n1 EFI: mem144: type=7, attr=0xf, range=[0x000000007f491000-0x000000007f493000) (0MB)
2015-02-18T09:32:43.336187-07:00 c0-0c1s0n1 EFI: mem145: type=10, attr=0xf, range=[0x000000007f493000-0x000000007f494000) (0MB)
2015-02-18T09:32:43.336235-07:00 c0-0c1s0n1 EFI: mem146: type=6, attr=0x800000000000000f, range=[0x000000007f494000-0x000000007f49b000) (0MB)
2015-02-18T09:32:43.361436-07:00 c0-0c1s0n1 EFI: mem147: type=5, attr=0x800000000000000f, range=[0x000000007f49b000-0x000000007f49e000) (0MB)
2015-02-18T09:32:43.361455-07:00 c0-0c1s0n1 EFI: mem148: type=10, attr=0xf, range=[0x000000007f49e000-0x000000007f4a6000) (0MB)
2015-02-18T09:32:43.386667-07:00 c0-0c1s0n1 EFI: mem149: type=6, attr=0x800000000000000f, range=[0x000000007f4a6000-0x000000007f4a7000) (0MB)
2015-02-18T09:32:43.386703-07:00 c0-0c1s0n1 EFI: mem150: type=5, attr=0x800000000000000f, range=[0x000000007f4a7000-0x000000007f4ab000) (0MB)
2015-02-18T09:32:43.411898-07:00 c0-0c1s0n1 EFI: mem151: type=6, attr=0x800000000000000f, range=[0x000000007f4ab000-0x000000007f4bd000) (0MB)
2015-02-18T09:32:43.411911-07:00 c0-0c1s0n1 EFI: mem152: type=5, attr=0x800000000000000f, range=[0x000000007f4bd000-0x000000007f4cf000) (0MB)
2015-02-18T09:32:43.437136-07:00 c0-0c1s0n1 EFI: mem153: type=6, attr=0x800000000000000f, range=[0x000000007f4cf000-0x000000007f4d2000) (0MB)
2015-02-18T09:32:43.437144-07:00 c0-0c1s0n1 EFI: mem154: type=10, attr=0xf, range=[0x000000007f4d2000-0x000000007f558000) (0MB)
2015-02-18T09:32:43.462311-07:00 c0-0c1s0n1 EFI: mem155: type=3, attr=0xf, range=[0x000000007f558000-0x000000007f7e0000) (2MB)
2015-02-18T09:32:43.462347-07:00 c0-0c1s0n1 EFI: mem156: type=4, attr=0xf, range=[0x000000007f7e0000-0x000000007f7ef000) (0MB)
2015-02-18T09:32:43.487561-07:00 c0-0c1s0n1 EFI: mem157: type=3, attr=0xf, range=[0x000000007f7ef000-0x000000007f800000) (0MB)
2015-02-18T09:32:43.487570-07:00 c0-0c1s0n1 EFI: mem158: type=7, attr=0xf, range=[0x0000000100000000-0x0000001080000000) (63488MB)
2015-02-18T09:32:43.512761-07:00 c0-0c1s0n1 EFI: mem159: type=11, attr=0x8000000000000001, range=[0x0000000080000000-0x0000000090000000) (256MB)
2015-02-18T09:32:43.512815-07:00 c0-0c1s0n1 EFI: mem160: type=11, attr=0x8000000000000001, range=[0x00000000fed1c000-0x00000000fed20000) (0MB)
2015-02-18T09:32:43.538023-07:00 c0-0c1s0n1 EFI: mem161: type=11, attr=0x8000000000000001, range=[0x00000000ff000000-0x0000000100000000) (16MB)
2015-02-18T09:32:43.538034-07:00 c0-0c1s0n1 DMI 2.7 present.
2015-02-18T09:32:43.538086-07:00 c0-0c1s0n1 last_pfn = 0x1080000 max_arch_pfn = 0x400000000
2015-02-18T09:32:43.563283-07:00 c0-0c1s0n1 x86 PAT enabled: cpu 0, old 0x7040600070406, new 0x7010600070106
2015-02-18T09:32:43.563314-07:00 c0-0c1s0n1 last_pfn = 0x7f800 max_arch_pfn = 0x400000000
2015-02-18T09:32:43.563328-07:00 c0-0c1s0n1 found SMP MP-table at [ffff8800000fd840] fd840
2015-02-18T09:32:43.588494-07:00 c0-0c1s0n1 Using GB pages for direct mapping
2015-02-18T09:32:43.588527-07:00 c0-0c1s0n1 init_memory_mapping: 0000000000000000-000000007f800000
2015-02-18T09:32:43.588564-07:00 c0-0c1s0n1 init_memory_mapping: 0000000100000000-0000001080000000
2015-02-18T09:32:43.588573-07:00 c0-0c1s0n1 nmi ring buffer: 262144
2015-02-18T09:32:43.613693-07:00 c0-0c1s0n1 RAMDISK: 0fa00000 - 1060f000
2015-02-18T09:32:43.613741-07:00 c0-0c1s0n1 ACPI: RSDP 000000007f395000 00024 (v02 ALASKA)
2015-02-18T09:32:43.613765-07:00 c0-0c1s0n1 ACPI: XSDT 000000007f395088 0008C (v01 ALASKA    A M I 01072009 AMI  00010013)
2015-02-18T09:32:43.638910-07:00 c0-0c1s0n1 ACPI: FACP 000000007f39ee50 000F4 (v04 ALASKA    A M I 01072009 AMI  00010013)
2015-02-18T09:32:43.638967-07:00 c0-0c1s0n1 ACPI: DSDT 000000007f3951a0 09CAD (v02 ALASKA    A M I 00000016 INTL 20051117)
2015-02-18T09:32:43.638985-07:00 c0-0c1s0n1 ACPI: FACS 000000007f4a3f80 00040
2015-02-18T09:32:43.664144-07:00 c0-0c1s0n1 ACPI: APIC 000000007f39ef48 00138 (v03 ALASKA    A M I 01072009 AMI  00010013)
2015-02-18T09:32:43.664161-07:00 c0-0c1s0n1 ACPI: FPDT 000000007f39f080 00044 (v01 ALASKA    A M I 01072009 AMI  00010013)
2015-02-18T09:32:43.689320-07:00 c0-0c1s0n1 ACPI: MCFG 000000007f39f0c8 0003C (v01 ALASKA OEMMCFG. 01072009 MSFT 00000097)
2015-02-18T09:32:43.689357-07:00 c0-0c1s0n1 ACPI: HPET 000000007f39f108 00038 (v01 ALASKA    A M I 01072009 AMI. 00000004)
2015-02-18T09:32:43.714618-07:00 c0-0c1s0n1 ACPI: PRAD 000000007f39f140 000BE (v02 PRADID  PRADTID 00000001 MSFT 03000001)
2015-02-18T09:32:43.714646-07:00 c0-0c1s0n1 ACPI: SSDT 000000007f39f200 70104 (v02  INTEL    CpuPm 00004000 INTL 20051117)
2015-02-18T09:32:43.714667-07:00 c0-0c1s0n1 ACPI: SPCR 000000007f40f308 00050 (v01  A M I   APTIO4 01072009 AMI. 00000004)
2015-02-18T09:32:43.739791-07:00 c0-0c1s0n1 ACPI: EINJ 000000007f40f358 00130 (v01    AMI AMI EINJ 00000000      00000000)
2015-02-18T09:32:43.739828-07:00 c0-0c1s0n1 ACPI: ERST 000000007f40f488 00230 (v01  AMIER AMI ERST 00000000      00000000)
2015-02-18T09:32:43.765048-07:00 c0-0c1s0n1 ACPI: HEST 000000007f40f6b8 000A8 (v01    AMI AMI HEST 00000000      00000000)
2015-02-18T09:32:43.765093-07:00 c0-0c1s0n1 ACPI: BERT 000000007f40f760 00030 (v01    AMI AMI BERT 00000000      00000000)
2015-02-18T09:32:43.790291-07:00 c0-0c1s0n1 ACPI: DMAR 000000007f40f790 000BC (v01 A M I   OEMDMAR 00000001 INTL 00000001)
2015-02-18T09:32:43.790353-07:00 c0-0c1s0n1 No NUMA configuration found
2015-02-18T09:32:43.790379-07:00 c0-0c1s0n1 Faking a node at 0000000000000000-0000001080000000
2015-02-18T09:32:43.790390-07:00 c0-0c1s0n1 Initmem setup node 0 0000000000000000-0000001080000000
2015-02-18T09:32:43.815513-07:00 c0-0c1s0n1  NODE_DATA [000000107ffbb000 - 000000107ffbffff]
2015-02-18T09:32:44.017286-07:00 c0-0c1s0n1 Zone PFN ranges:
2015-02-18T09:32:44.017301-07:00 c0-0c1s0n1  DMA      0x00000010 -> 0x00001000
2015-02-18T09:32:44.017324-07:00 c0-0c1s0n1  DMA32    0x00001000 -> 0x00100000
2015-02-18T09:32:44.042471-07:00 c0-0c1s0n1  Normal   0x00100000 -> 0x01080000
2015-02-18T09:32:44.042526-07:00 c0-0c1s0n1 Movable zone start PFN for each node
2015-02-18T09:32:44.042536-07:00 c0-0c1s0n1 early_node_map[5] active PFN ranges
2015-02-18T09:32:44.042570-07:00 c0-0c1s0n1    0: 0x00000010 -> 0x000000a0
2015-02-18T09:32:44.042592-07:00 c0-0c1s0n1    0: 0x00000100 -> 0x0007e67c
2015-02-18T09:32:44.042611-07:00 c0-0c1s0n1    0: 0x0007f491 -> 0x0007f493
2015-02-18T09:32:44.067720-07:00 c0-0c1s0n1    0: 0x0007f558 -> 0x0007f800
2015-02-18T09:32:44.067729-07:00 c0-0c1s0n1    0: 0x00100000 -> 0x01080000
2015-02-18T09:32:44.681639-07:00 c0-0c1s0n1 ACPI: LAPIC (acpi_id[0x00] lapic_id[0x00] enabled)
2015-02-18T09:32:44.706897-07:00 c0-0c1s0n1 ACPI: LAPIC (acpi_id[0x02] lapic_id[0x02] enabled)
2015-02-18T09:32:44.706910-07:00 c0-0c1s0n1 ACPI: LAPIC (acpi_id[0x04] lapic_id[0x04] enabled)
2015-02-18T09:32:44.706918-07:00 c0-0c1s0n1 ACPI: LAPIC (acpi_id[0x06] lapic_id[0x06] enabled)
2015-02-18T09:32:44.745331-07:00 c0-0c1s0n1 ACPI: LAPIC (acpi_id[0x08] lapic_id[0x08] enabled)
2015-02-18T09:32:44.745343-07:00 c0-0c1s0n1 ACPI: LAPIC (acpi_id[0x0a] lapic_id[0x0a] enabled)
2015-02-18T09:32:44.745361-07:00 c0-0c1s0n1 ACPI: LAPIC (acpi_id[0x0c] lapic_id[0x0c] enabled)
2015-02-18T09:32:44.745369-07:00 c0-0c1s0n1 ACPI: LAPIC (acpi_id[0x0e] lapic_id[0x0e] enabled)
2015-02-18T09:32:44.745377-07:00 c0-0c1s0n1 ACPI: LAPIC (acpi_id[0x01] lapic_id[0x01] enabled)
2015-02-18T09:32:44.770586-07:00 c0-0c1s0n1 ACPI: LAPIC (acpi_id[0x03] lapic_id[0x03] enabled)
2015-02-18T09:32:44.770603-07:00 c0-0c1s0n1 ACPI: LAPIC (acpi_id[0x05] lapic_id[0x05] enabled)
2015-02-18T09:32:44.770634-07:00 c0-0c1s0n1 ACPI: LAPIC (acpi_id[0x07] lapic_id[0x07] enabled)
2015-02-18T09:32:44.770660-07:00 c0-0c1s0n1 ACPI: LAPIC (acpi_id[0x09] lapic_id[0x09] enabled)
2015-02-18T09:32:44.795819-07:00 c0-0c1s0n1 ACPI: LAPIC (acpi_id[0x0b] lapic_id[0x0b] enabled)
2015-02-18T09:32:44.795846-07:00 c0-0c1s0n1 ACPI: LAPIC (acpi_id[0x0d] lapic_id[0x0d] enabled)
2015-02-18T09:32:44.795855-07:00 c0-0c1s0n1 ACPI: LAPIC (acpi_id[0x0f] lapic_id[0x0f] enabled)
2015-02-18T09:32:44.821034-07:00 c0-0c1s0n1 ACPI: LAPIC_NMI (acpi_id[0x00] high edge lint[0x1])
2015-02-18T09:32:44.821062-07:00 c0-0c1s0n1 ACPI: LAPIC_NMI (acpi_id[0x02] high edge lint[0x1])
2015-02-18T09:32:44.821071-07:00 c0-0c1s0n1 ACPI: LAPIC_NMI (acpi_id[0x04] high edge lint[0x1])
2015-02-18T09:32:44.821079-07:00 c0-0c1s0n1 ACPI: LAPIC_NMI (acpi_id[0x06] high edge lint[0x1])
2015-02-18T09:32:44.846237-07:00 c0-0c1s0n1 ACPI: LAPIC_NMI (acpi_id[0x08] high edge lint[0x1])
2015-02-18T09:32:44.846264-07:00 c0-0c1s0n1 ACPI: LAPIC_NMI (acpi_id[0x0a] high edge lint[0x1])
2015-02-18T09:32:44.846273-07:00 c0-0c1s0n1 ACPI: LAPIC_NMI (acpi_id[0x0c] high edge lint[0x1])
2015-02-18T09:32:44.871457-07:00 c0-0c1s0n1 ACPI: LAPIC_NMI (acpi_id[0x0e] high edge lint[0x1])
2015-02-18T09:32:44.871484-07:00 c0-0c1s0n1 ACPI: LAPIC_NMI (acpi_id[0x01] high edge lint[0x1])
2015-02-18T09:32:44.871493-07:00 c0-0c1s0n1 ACPI: LAPIC_NMI (acpi_id[0x03] high edge lint[0x1])
2015-02-18T09:32:44.896674-07:00 c0-0c1s0n1 ACPI: LAPIC_NMI (acpi_id[0x05] high edge lint[0x1])
2015-02-18T09:32:44.896700-07:00 c0-0c1s0n1 ACPI: LAPIC_NMI (acpi_id[0x07] high edge lint[0x1])
2015-02-18T09:32:44.896712-07:00 c0-0c1s0n1 ACPI: LAPIC_NMI (acpi_id[0x09] high edge lint[0x1])
2015-02-18T09:32:44.896749-07:00 c0-0c1s0n1 ACPI: LAPIC_NMI (acpi_id[0x0b] high edge lint[0x1])
2015-02-18T09:32:44.921886-07:00 c0-0c1s0n1 ACPI: LAPIC_NMI (acpi_id[0x0d] high edge lint[0x1])
2015-02-18T09:32:44.921913-07:00 c0-0c1s0n1 ACPI: LAPIC_NMI (acpi_id[0x0f] high edge lint[0x1])
2015-02-18T09:32:44.921922-07:00 c0-0c1s0n1 ACPI: IOAPIC (id[0x00] address[0xfec00000] gsi_base[0])
2015-02-18T09:32:44.947106-07:00 c0-0c1s0n1 IOAPIC[0]: apic_id 0, version 32, address 0xfec00000, GSI 0-23
2015-02-18T09:32:44.947135-07:00 c0-0c1s0n1 ACPI: IOAPIC (id[0x02] address[0xfec01000] gsi_base[24])
2015-02-18T09:32:44.947145-07:00 c0-0c1s0n1 IOAPIC[1]: apic_id 2, version 32, address 0xfec01000, GSI 24-47
2015-02-18T09:32:44.972383-07:00 c0-0c1s0n1 ACPI: INT_SRC_OVR (bus 0 bus_irq 0 global_irq 2 dfl dfl)
2015-02-18T09:32:44.972412-07:00 c0-0c1s0n1 ACPI: INT_SRC_OVR (bus 0 bus_irq 9 global_irq 9 high level)
2015-02-18T09:32:44.972458-07:00 c0-0c1s0n1 Using ACPI (MADT) for SMP configuration information
2015-02-18T09:32:45.009790-07:00 c0-0c1s0n1 ACPI: HPET id: 0x8086a701 base: 0xfed00000
2015-02-18T09:32:45.009841-07:00 c0-0c1s0n1 SMP: Allowing 16 CPUs, 0 hotplug CPUs
2015-02-18T09:32:45.009870-07:00 c0-0c1s0n1 Allocating PCI resources starting at 90000000 (gap: 90000000:6ed1c000)
2015-02-18T09:32:45.009907-07:00 c0-0c1s0n1 setup_percpu: NR_CPUS:128 nr_cpumask_bits:128 nr_cpu_ids:16 nr_node_ids:1
2015-02-18T09:32:45.035042-07:00 c0-0c1s0n1 PERCPU: Embedded 25 PATH1224 @ffff88107fa00000 s72704 r8192 d21504 u131072
2015-02-18T09:32:45.035128-07:00 c0-0c1s0n1 Built 1 zonelists in Zone order, mobility grouping on.  Total pages: 16534701
2015-02-18T09:32:45.035141-07:00 c0-0c1s0n1 Policy zone: Normal
2015-02-18T09:32:45.110715-07:00 c0-0c1s0n1 Kernel command line: earlyprintk=serial,115200 load_ramdisk=1 ramdisk_size=80000 console=ttyS0,115200n8 bootnodeip=IPADDR13 bootproto=ipog bootpath=PATH1220 rootfs=nfs-shared root=PATH1221 oops=panic bootifnetmask=IPADDR15 elevator=noop ippob1=10 ippob2=128 pcie_ports=native iommu=on intel_iommu=off bad_page=panic pln_enable=off apei_disable hest_disable erst_disable ghes_disable cgroup_disable=memory active_wlm=ALPS sdbnodeip=IPADDR16 sessionid=p0-20150218t092259 _cray=marker_ 
2015-02-18T09:32:45.110740-07:00 c0-0c1s0n1 Intel-IOMMU: disabled
2015-02-18T09:32:45.110780-07:00 c0-0c1s0n1 Disabling memory control group subsystem
2015-02-18T09:32:45.135955-07:00 c0-0c1s0n1 PID hash table entries: 4096 (order: 3, 32768 bytes)
2015-02-18T09:32:45.135980-07:00 c0-0c1s0n1 PATH1225: enabled xstate_bv 0x7, cntxt size 0x340
2015-02-18T09:32:45.532210-07:00 c0-0c1s0n1 Memory: PATH1457 available (5522k kernel code, 2121000k absent, 1027024k reserved, 5307k data, 692k init)
2015-02-18T09:32:45.532237-07:00 c0-0c1s0n1 Hierarchical RCU implementation.
2015-02-18T09:32:45.532260-07:00 c0-0c1s0n1 NR_IRQS:4352
2015-02-18T09:32:45.582581-07:00 c0-0c1s0n1 Extended CMOS year: 2000
2015-02-18T09:32:45.607809-07:00 c0-0c1s0n1 Console: colour dummy device 80x25
2015-02-18T09:32:45.607833-07:00 c0-0c1s0n1 console [ttyS0] enabled, bootconsole disabled
2015-02-18T09:32:45.607845-07:00 c0-0c1s0n1 console [ttyS0] enabled, bootconsole disabled
2015-02-18T09:32:45.633070-07:00 c0-0c1s0n1 Fast TSC calibration using PIT
2015-02-18T09:32:45.658278-07:00 c0-0c1s0n1 Detected 2599.791 MHz processor.
2015-02-18T09:32:45.658313-07:00 c0-0c1s0n1 Calibrating delay loop (skipped), value calculated using timer frequency.. 5199.58 BogoMIPS (lpj=10399164)
2015-02-18T09:32:45.658322-07:00 c0-0c1s0n1 pid_max: default: 32768 minimum: 301
2015-02-18T09:32:45.714211-07:00 c0-0c1s0n1 Dentry cache hash table entries: 8388608 (order: 14, 67108864 bytes)
2015-02-18T09:32:45.739351-07:00 c0-0c1s0n1 Inode-cache hash table entries: 4194304 (order: 13, 33554432 bytes)
2015-02-18T09:32:45.764560-07:00 c0-0c1s0n1 Mount-cache hash table entries: 256
2015-02-18T09:32:45.764587-07:00 c0-0c1s0n1 Initializing cgroup subsys cpuacct
2015-02-18T09:32:45.789803-07:00 c0-0c1s0n1 Initializing cgroup subsys memory
2015-02-18T09:32:45.789831-07:00 c0-0c1s0n1 Initializing cgroup subsys devices
2015-02-18T09:32:45.789848-07:00 c0-0c1s0n1 Initializing cgroup subsys perf_event
2015-02-18T09:32:45.789868-07:00 c0-0c1s0n1 CPU: Physical Processor ID: 0
2015-02-18T09:32:45.789881-07:00 c0-0c1s0n1 CPU: Processor Core ID: 0
2015-02-18T09:32:45.815042-07:00 c0-0c1s0n1 mce: CPU supports 20 MCE banks
2015-02-18T09:32:45.815072-07:00 c0-0c1s0n1 CPU0: Thermal monitoring enabled (TM1)
2015-02-18T09:32:45.815083-07:00 c0-0c1s0n1 using mwait in idle threads.
2015-02-18T09:32:45.815100-07:00 c0-0c1s0n1 ACPI: Core revision 20110413
2015-02-18T09:32:45.852524-07:00 c0-0c1s0n1 ftrace: allocating 20236 entries in 80 pages
2015-02-18T09:32:45.877748-07:00 c0-0c1s0n1 DMAR: Host address width 46
2015-02-18T09:32:45.903057-07:00 c0-0c1s0n1 DMAR: DRHD base: 0x000000fbffc000 flags: 0x1
2015-02-18T09:32:45.903105-07:00 c0-0c1s0n1 IOMMU 0: reg_base_addr fbffc000 ver 1:0 cap d2078c106f0462 ecap f020fe
2015-02-18T09:32:45.903116-07:00 c0-0c1s0n1 DMAR: RMRR base: 0x0000007f430000 end: 0x0000007f43cfff
2015-02-18T09:32:45.928232-07:00 c0-0c1s0n1 DMAR: ATSR flags: 0x0
2015-02-18T09:32:45.928262-07:00 c0-0c1s0n1 DMAR: RHSA base: 0x000000fbffc000 proximity domain: 0x0
2015-02-18T09:32:45.928271-07:00 c0-0c1s0n1 Switched APIC routing to physical flat.
2015-02-18T09:32:45.953455-07:00 c0-0c1s0n1 ..TIMER: vector=0x30 apic1=0 pin1=2 apic2=-1 pin2=-1
2015-02-18T09:32:46.003904-07:00 c0-0c1s0n1 CPU0: Intel(R) Xeon(R) CPU E5-2670 0 @ 2.60GHz stepping 07
2015-02-18T09:32:46.235835-07:00 c0-0c1s0n1 Performance Events: PEBS fmt1+, 16-deep LBR, SandyBridge events, full-width counters, Intel PMU driver.
2015-02-18T09:32:46.235875-07:00 c0-0c1s0n1 ... version:                3
2015-02-18T09:32:46.235895-07:00 c0-0c1s0n1 ... bit width:              48
2015-02-18T09:32:46.235973-07:00 c0-0c1s0n1 ... generic registers:      4
2015-02-18T09:32:46.261118-07:00 c0-0c1s0n1 ... value mask:             0000ffffffffffff
2015-02-18T09:32:46.261161-07:00 c0-0c1s0n1 ... max period:             0000ffffffffffff
2015-02-18T09:32:46.261175-07:00 c0-0c1s0n1 ... fixed-purpose events:   3
2015-02-18T09:32:46.286337-07:00 c0-0c1s0n1 ... event mask:             000000070000000f
2015-02-18T09:32:46.726238-07:00 c0-0c1s0n1 Booting Node   0, Processors  #1 #2 #3 #4 #5 #6 #7 #8 #9 #10 #11 #12 #13 #14 #15 Ok.
2015-02-18T09:32:46.761683-07:00 c0-0c1s0n1 Brought up 16 CPUs
2015-02-18T09:32:46.786925-07:00 c0-0c1s0n1 Total of 16 processors activated (83193.31 BogoMIPS).
2015-02-18T09:32:46.825353-07:00 c0-0c1s0n1 NET: Registered protocol family 16
2015-02-18T09:32:46.850570-07:00 c0-0c1s0n1 ACPI FADT declares the system doesn't support PCIe ASPM, so disable it
2015-02-18T09:32:46.850594-07:00 c0-0c1s0n1 ACPI: bus type pci registered
2015-02-18T09:32:46.875897-07:00 c0-0c1s0n1 PCI: MMCONFIG for domain 0000 [bus 00-ff] at [mem 0x80000000-0x8fffffff] (base 0x80000000)
2015-02-18T09:32:46.875938-07:00 c0-0c1s0n1 PCI: MMCONFIG at [mem 0x80000000-0x8fffffff] reserved in E820
2015-02-18T09:32:46.913331-07:00 c0-0c1s0n1 PCI: Using configuration type 1 for base access
2015-02-18T09:32:46.913361-07:00 c0-0c1s0n1 bio: create slab <bio-0> at 0
2015-02-18T09:32:46.938552-07:00 c0-0c1s0n1 ACPI: Executed 1 blocks of module-level executable AML code
2015-02-18T09:32:47.159637-07:00 c0-0c1s0n1 ACPI: Interpreter enabled
2015-02-18T09:32:47.159681-07:00 c0-0c1s0n1 ACPI: (supports S0 S1 S3 S5)
2015-02-18T09:32:47.159700-07:00 c0-0c1s0n1 ACPI: Using IOAPIC for interrupt routing
2015-02-18T09:32:47.184863-07:00 c0-0c1s0n1 ACPI: No dock devices found.
2015-02-18T09:32:47.184895-07:00 c0-0c1s0n1 HEST: Table parsing disabled.
2015-02-18T09:32:47.210103-07:00 c0-0c1s0n1 PCI: Using host bridge windows from ACPI; if necessary, use "pci=nocrs" and report a bug
2015-02-18T09:32:47.235343-07:00 c0-0c1s0n1 ACPI: PCI Root Bridge [PCI0] (domain 0000 [bus 00-fe])
2015-02-18T09:32:47.235377-07:00 c0-0c1s0n1 pci_root PNP0A08:00: host bridge window [io  0x0000-0x03af]
2015-02-18T09:32:47.260539-07:00 c0-0c1s0n1 pci_root PNP0A08:00: host bridge window [io  0x03e0-0x0cf7]
2015-02-18T09:32:47.260568-07:00 c0-0c1s0n1 pci_root PNP0A08:00: host bridge window [io  0x0d00-0xffff]
2015-02-18T09:32:47.285762-07:00 c0-0c1s0n1 pci_root PNP0A08:00: host bridge window [mem 0x000c0000-0x000dffff]
2015-02-18T09:32:47.285803-07:00 c0-0c1s0n1 pci_root PNP0A08:00: host bridge window [mem 0x80000000-0xfbffffff]
2015-02-18T09:32:47.310978-07:00 c0-0c1s0n1 pci_root PNP0A08:00: host bridge window [mem 0x1080000000-0x3c3fffffffff]
2015-02-18T09:32:47.311032-07:00 c0-0c1s0n1 pci 0000:00:02.0: PCI bridge to [bus 01-01]
2015-02-18T09:32:47.336181-07:00 c0-0c1s0n1 pci 0000:00:03.0: PCI bridge to [bus 02-07]
2015-02-18T09:32:47.336212-07:00 c0-0c1s0n1 pci 0000:02:00.0: PCI bridge to [bus 03-07]
2015-02-18T09:32:47.336221-07:00 c0-0c1s0n1 pci 0000:03:02.0: PCI bridge to [bus 04-05]
2015-02-18T09:32:47.361419-07:00 c0-0c1s0n1 pci 0000:03:04.0: PCI bridge to [bus 06-07]
2015-02-18T09:32:47.361449-07:00 c0-0c1s0n1 pci 0000:00:03.2: PCI bridge to [bus 08-08]
2015-02-18T09:32:47.361458-07:00 c0-0c1s0n1 pci 0000:00:11.0: PCI bridge to [bus 09-09]
2015-02-18T09:32:47.386639-07:00 c0-0c1s0n1 pci 0000:00:1e.0: PCI bridge to [bus 0a-0a] (subtractive decode)
2015-02-18T09:32:47.386667-07:00 c0-0c1s0n1 pci0000:00: Unable to request _OSC control (_OSC support mask: 0x19)
2015-02-18T09:32:47.412825-07:00 c0-0c1s0n1 ACPI: PCI Root Bridge [UNC0] (domain 0000 [bus ff])
2015-02-18T09:32:47.438028-07:00 c0-0c1s0n1 pci0000:ff: Unable to request _OSC control (_OSC support mask: 0x19)
2015-02-18T09:32:47.463253-07:00 c0-0c1s0n1 ACPI: PCI Interrupt Link [LNKA] (IRQs 3 4 5 6 7 10 *11 12 14 15)
2015-02-18T09:32:47.463286-07:00 c0-0c1s0n1 ACPI: PCI Interrupt Link [LNKB] (IRQs *3 4 5 6 7 10 11 12 14 15)
2015-02-18T09:32:47.488481-07:00 c0-0c1s0n1 ACPI: PCI Interrupt Link [LNKC] (IRQs 3 4 5 6 *10 11 12 14 15)
2015-02-18T09:32:47.488506-07:00 c0-0c1s0n1 ACPI: PCI Interrupt Link [LNKD] (IRQs 3 4 *5 6 10 11 12 14 15)
2015-02-18T09:32:47.513696-07:00 c0-0c1s0n1 ACPI: PCI Interrupt Link [LNKE] (IRQs 3 4 5 6 7 10 11 12 14 15) *0
2015-02-18T09:32:47.513723-07:00 c0-0c1s0n1 ACPI: PCI Interrupt Link [LNKF] (IRQs 3 4 5 6 7 10 11 12 14 15) *0
2015-02-18T09:32:47.538929-07:00 c0-0c1s0n1 ACPI: PCI Interrupt Link [LNKG] (IRQs 3 4 5 6 7 10 11 12 14 15) *0
2015-02-18T09:32:47.539015-07:00 c0-0c1s0n1 ACPI: PCI Interrupt Link [LNKH] (IRQs 3 4 5 6 *7 10 11 12 14 15)
2015-02-18T09:32:47.539027-07:00 c0-0c1s0n1 vgaarb: loaded
2015-02-18T09:32:47.539072-07:00 c0-0c1s0n1 SCSI subsystem initialized
2015-02-18T09:32:47.564160-07:00 c0-0c1s0n1 PCI: Using ACPI for IRQ routing
2015-02-18T09:32:47.564239-07:00 c0-0c1s0n1 Switching to clocksource hpet
2015-02-18T09:32:47.589444-07:00 c0-0c1s0n1 pnp: PnP ACPI init
2015-02-18T09:32:47.589453-07:00 c0-0c1s0n1 ACPI: bus type pnp registered
2015-02-18T09:32:47.589504-07:00 c0-0c1s0n1 system 00:01: [mem 0xfc000000-0xfcffffff] has been reserved
2015-02-18T09:32:47.614649-07:00 c0-0c1s0n1 system 00:01: [mem 0xfd000000-0xfdffffff] has been reserved
2015-02-18T09:32:47.614683-07:00 c0-0c1s0n1 system 00:01: [mem 0xfe000000-0xfeafffff] has been reserved
2015-02-18T09:32:47.639841-07:00 c0-0c1s0n1 system 00:01: [mem 0xfeb00000-0xfebfffff] has been reserved
2015-02-18T09:32:47.639877-07:00 c0-0c1s0n1 system 00:01: [mem 0xfed00400-0xfed3ffff] could not be reserved
2015-02-18T09:32:47.639911-07:00 c0-0c1s0n1 system 00:01: [mem 0xfed45000-0xfedfffff] has been reserved
2015-02-18T09:32:47.665065-07:00 c0-0c1s0n1 system 00:02: [mem 0xfbffc000-0xfbffdfff] has been reserved
2015-02-18T09:32:47.665107-07:00 c0-0c1s0n1 system 00:06: [io  0x04d0-0x04d1] has been reserved
2015-02-18T09:32:47.690336-07:00 c0-0c1s0n1 system 00:08: [io  0x0400-0x0453] has been reserved
2015-02-18T09:32:47.690377-07:00 c0-0c1s0n1 system 00:08: [io  0x0458-0x047f] has been reserved
2015-02-18T09:32:47.690426-07:00 c0-0c1s0n1 system 00:08: [io  0x1180-0x119f] has been reserved
2015-02-18T09:32:47.715599-07:00 c0-0c1s0n1 system 00:08: [io  0x0500-0x057f] has been reserved
2015-02-18T09:32:47.715635-07:00 c0-0c1s0n1 system 00:08: [mem 0xfed1c000-0xfed1ffff] has been reserved
2015-02-18T09:32:47.740797-07:00 c0-0c1s0n1 system 00:08: [mem 0xfec00000-0xfecfffff] could not be reserved
2015-02-18T09:32:47.740836-07:00 c0-0c1s0n1 system 00:08: [mem 0xfed08000-0xfed08fff] has been reserved
2015-02-18T09:32:47.740868-07:00 c0-0c1s0n1 system 00:08: [mem 0xff000000-0xffffffff] has been reserved
2015-02-18T09:32:47.766039-07:00 c0-0c1s0n1 system 00:09: [io  0x0454-0x0457] has been reserved
2015-02-18T09:32:47.766066-07:00 c0-0c1s0n1 pnp: PnP ACPI: found 12 devices
2015-02-18T09:32:47.766105-07:00 c0-0c1s0n1 ACPI: ACPI bus type pnp unregistered
2015-02-18T09:32:47.791293-07:00 c0-0c1s0n1 pci 0000:00:02.0: PCI bridge to [bus 01-01]
2015-02-18T09:32:47.791303-07:00 c0-0c1s0n1 pci 0000:00:02.0:   bridge window [io  disabled]
2015-02-18T09:32:47.791337-07:00 c0-0c1s0n1 pci 0000:00:02.0:   bridge window [mem disabled]
2015-02-18T09:32:47.816537-07:00 c0-0c1s0n1 pci 0000:00:02.0:   bridge window [mem 0x3c0000000000-0x3c20000fffff 64bit pref]
2015-02-18T09:32:47.816556-07:00 c0-0c1s0n1 pci 0000:03:02.0: PCI bridge to [bus 04-05]
2015-02-18T09:32:48.057171-07:00 c0-0c1s0n1 pci 0000:03:02.0:   bridge window [io  0xd000-0xdfff]
2015-02-18T09:32:48.057188-07:00 c0-0c1s0n1 pci 0000:03:02.0:   bridge window [mem 0xfbc00000-0xfbcfffff]
2015-02-18T09:32:48.057193-07:00 c0-0c1s0n1 pci 0000:03:02.0:   bridge window [mem 0x3c2000e00000-0x3c2000efffff 64bit pref]
2015-02-18T09:32:48.057198-07:00 c0-0c1s0n1 pci 0000:03:04.0: PCI bridge to [bus 06-07]
2015-02-18T09:32:48.057205-07:00 c0-0c1s0n1 pci 0000:03:04.0:   bridge window [io  0xc000-0xcfff]
2015-02-18T09:32:48.057210-07:00 c0-0c1s0n1 pci 0000:03:04.0:   bridge window [mem 0xfbb00000-0xfbbfffff]
2015-02-18T09:32:48.057234-07:00 c0-0c1s0n1 pci 0000:03:04.0:   bridge window [mem 0x3c2000d00000-0x3c2000dfffff 64bit pref]
2015-02-18T09:32:48.057246-07:00 c0-0c1s0n1 pci 0000:02:00.0: PCI bridge to [bus 03-07]
2015-02-18T09:32:48.057266-07:00 c0-0c1s0n1 pci 0000:02:00.0:   bridge window [io  0xc000-0xdfff]
2015-02-18T09:32:48.057300-07:00 c0-0c1s0n1 pci 0000:02:00.0:   bridge window [mem 0xfbb00000-0xfbcfffff]
2015-02-18T09:32:48.057314-07:00 c0-0c1s0n1 pci 0000:02:00.0:   bridge window [mem 0x3c2000d00000-0x3c2000efffff 64bit pref]
2015-02-18T09:32:48.057321-07:00 c0-0c1s0n1 pci 0000:00:03.0: PCI bridge to [bus 02-07]
2015-02-18T09:32:48.057328-07:00 c0-0c1s0n1 pci 0000:00:03.0:   bridge window [io  0xc000-0xdfff]
2015-02-18T09:32:48.057342-07:00 c0-0c1s0n1 pci 0000:00:03.0:   bridge window [mem 0xfbb00000-0xfbcfffff]
2015-02-18T09:32:48.057348-07:00 c0-0c1s0n1 pci 0000:00:03.0:   bridge window [mem 0x3c2000d00000-0x3c2000efffff 64bit pref]
2015-02-18T09:32:48.057362-07:00 c0-0c1s0n1 pci 0000:00:03.2: PCI bridge to [bus 08-08]
2015-02-18T09:32:48.057367-07:00 c0-0c1s0n1 pci 0000:00:03.2:   bridge window [io  disabled]
2015-02-18T09:32:48.057380-07:00 c0-0c1s0n1 pci 0000:00:03.2:   bridge window [mem 0xfbe00000-0xfbefffff]
2015-02-18T09:32:48.057391-07:00 c0-0c1s0n1 pci 0000:00:03.2:   bridge window [mem 0x3c2000a00000-0x3c2000cfffff 64bit pref]
2015-02-18T09:32:48.057403-07:00 c0-0c1s0n1 pci 0000:00:11.0: PCI bridge to [bus 09-09]
2015-02-18T09:32:48.057416-07:00 c0-0c1s0n1 pci 0000:00:11.0:   bridge window [io  0xe000-0xefff]
2015-02-18T09:32:48.057436-07:00 c0-0c1s0n1 pci 0000:00:11.0:   bridge window [mem 0xfbd00000-0xfbdfffff]
2015-02-18T09:32:48.057446-07:00 c0-0c1s0n1 pci 0000:00:11.0:   bridge window [mem 0x3c2000400000-0x3c20008fffff 64bit pref]
2015-02-18T09:32:48.057456-07:00 c0-0c1s0n1 pci 0000:00:1e.0: PCI bridge to [bus 0a-0a]
2015-02-18T09:32:48.057467-07:00 c0-0c1s0n1 pci 0000:00:1e.0:   bridge window [io  disabled]
2015-02-18T09:32:48.057478-07:00 c0-0c1s0n1 pci 0000:00:1e.0:   bridge window [mem disabled]
2015-02-18T09:32:48.082410-07:00 c0-0c1s0n1 pci 0000:00:1e.0:   bridge window [mem pref disabled]
2015-02-18T09:32:48.082442-07:00 c0-0c1s0n1 pci 0000:00:02.0: PCI INT A -> GSI 32 (level, low) -> IRQ 32
2015-02-18T09:32:48.082467-07:00 c0-0c1s0n1 pci 0000:00:03.0: PCI INT A -> GSI 40 (level, low) -> IRQ 40
2015-02-18T09:32:48.082478-07:00 c0-0c1s0n1 pci 0000:00:03.2: PCI INT A -> GSI 40 (level, low) -> IRQ 40
2015-02-18T09:32:48.107584-07:00 c0-0c1s0n1 pci 0000:00:11.0: PCI INT A -> GSI 16 (level, low) -> IRQ 16
2015-02-18T09:32:48.132836-07:00 c0-0c1s0n1 NET: Registered protocol family 2
2015-02-18T09:32:48.132860-07:00 c0-0c1s0n1 IP route cache hash table entries: 524288 (order: 10, 4194304 bytes)
2015-02-18T09:32:48.132875-07:00 c0-0c1s0n1 TCP established hash table entries: 524288 (order: 11, 8388608 bytes)
2015-02-18T09:32:48.132898-07:00 c0-0c1s0n1 TCP bind hash table entries: 65536 (order: 8, 1048576 bytes)
2015-02-18T09:32:48.158327-07:00 c0-0c1s0n1 TCP: Hash tables configured (established 524288 bind 65536)
2015-02-18T09:32:48.183287-07:00 c0-0c1s0n1 TCP reno registered
2015-02-18T09:32:48.183338-07:00 c0-0c1s0n1 UDP hash table entries: 32768 (order: 8, 1048576 bytes)
2015-02-18T09:32:48.183365-07:00 c0-0c1s0n1 UDP-Lite hash table entries: 32768 (order: 8, 1048576 bytes)
2015-02-18T09:32:48.183424-07:00 c0-0c1s0n1 NET: Registered protocol family 1
2015-02-18T09:32:48.183460-07:00 c0-0c1s0n1 RPC: Registered named UNIX socket transport module.
2015-02-18T09:32:48.183486-07:00 c0-0c1s0n1 RPC: Registered udp transport module.
2015-02-18T09:32:48.208470-07:00 c0-0c1s0n1 RPC: Registered tcp transport module.
2015-02-18T09:32:48.233731-07:00 c0-0c1s0n1 RPC: Registered tcp NFSv4.1 backchannel transport module.
2015-02-18T09:32:48.258964-07:00 c0-0c1s0n1 pci 0000:00:1a.0: PCI INT A -> GSI 16 (level, low) -> IRQ 16
2015-02-18T09:32:48.284180-07:00 c0-0c1s0n1 pci 0000:00:1a.0: PCI INT A disabled
2015-02-18T09:32:48.284219-07:00 c0-0c1s0n1 pci 0000:00:1d.0: PCI INT A -> GSI 23 (level, low) -> IRQ 23
2015-02-18T09:32:48.309418-07:00 c0-0c1s0n1 pci 0000:00:1d.0: PCI INT A disabled
2015-02-18T09:32:48.309429-07:00 c0-0c1s0n1 Trying to unpack rootfs image as initramfs...
2015-02-18T09:32:48.736660-07:00 c0-0c1s0n1 Freeing initrd memory: 12348k freed
2015-02-18T09:32:48.761885-07:00 c0-0c1s0n1 DMAR: Device scope device [0000:00:01.01] not found
2015-02-18T09:32:48.761914-07:00 c0-0c1s0n1 DMAR: Device scope device [0000:00:01.01] not found
2015-02-18T09:32:48.787095-07:00 c0-0c1s0n1 PCI-DMA: Using software bounce buffering for IO (SWIOTLB)
2015-02-18T09:32:48.787119-07:00 c0-0c1s0n1 Placing 64MB software IO TLB between ffff88007a67c000 - ffff88007e67c000
2015-02-18T09:32:48.812309-07:00 c0-0c1s0n1 software IO TLB at phys 0x7a67c000 - 0x7e67c000
2015-02-18T09:32:48.812334-07:00 c0-0c1s0n1 Machine check injector initialized
2015-02-18T09:32:48.837515-07:00 c0-0c1s0n1 futex hash table entries: 4096 (order: 6, 262144 bytes)
2015-02-18T09:32:48.837538-07:00 c0-0c1s0n1 Registering pnotify support for (name=job)
2015-02-18T09:32:48.837553-07:00 c0-0c1s0n1 CSA: initialized
2015-02-18T09:32:48.837563-07:00 c0-0c1s0n1 audit: initializing netlink socket (disabled)
2015-02-18T09:32:48.862754-07:00 c0-0c1s0n1 type=2000 audit(1424277163.668:1): initialized
2015-02-18T09:32:48.889760-07:00 c0-0c1s0n1 HugeTLB registered 2 MB page size, pre-allocated 0 pages
2015-02-18T09:32:48.914993-07:00 c0-0c1s0n1 VFS: Disk quotas dquot_6.5.2
2015-02-18T09:32:48.915017-07:00 c0-0c1s0n1 Dquot-cache hash table entries: 512 (order 0, 4096 bytes)
2015-02-18T09:32:48.940252-07:00 c0-0c1s0n1 Installing knfsd (copyright (C) 1996 okir@monad.swb.de).
2015-02-18T09:32:48.940277-07:00 c0-0c1s0n1 fuse init (API version 7.16)
2015-02-18T09:32:48.940287-07:00 c0-0c1s0n1 Installing v9fs 9p2000 file system support
2015-02-18T09:32:48.940309-07:00 c0-0c1s0n1 msgmni has been set to 32268
2015-02-18T09:32:48.965490-07:00 c0-0c1s0n1 Block layer SCSI generic (bsg) driver version 0.4 loaded (major 254)
2015-02-18T09:32:48.965521-07:00 c0-0c1s0n1 io scheduler noop registered (default)
2015-02-18T09:32:48.965539-07:00 c0-0c1s0n1 io scheduler deadline registered
2015-02-18T09:32:48.965562-07:00 c0-0c1s0n1 io scheduler cfq registered
2015-02-18T09:32:48.990712-07:00 c0-0c1s0n1 input: Power Button as PATH1228:PATH1229:PATH1230:PATH1231
2015-02-18T09:32:48.990740-07:00 c0-0c1s0n1 ACPI: Power Button [PWRB]
2015-02-18T09:32:49.015899-07:00 c0-0c1s0n1 input: Power Button as PATH1228:PATH1232:PATH1233
2015-02-18T09:32:49.015933-07:00 c0-0c1s0n1 ACPI: Power Button [PWRF]
2015-02-18T09:32:49.097604-07:00 c0-0c1s0n1 ERST: Error Record Serialization Table (ERST) support is disabled.
2015-02-18T09:32:49.122845-07:00 c0-0c1s0n1 GHES: HEST is not enabled!
2015-02-18T09:32:49.173292-07:00 c0-0c1s0n1 Serial: PATH1234 driver, 2 ports, IRQ sharing disabled
2015-02-18T09:32:49.173333-07:00 c0-0c1s0n1 serial8250: ttyS0 at PATH1235 0x3f8 (irq = 4) is a 16550A
2015-02-18T09:32:49.256028-07:00 c0-0c1s0n1 serial8250: ttyS1 at PATH1235 0x2f8 (irq = 3) is a 16550A
2015-02-18T09:32:49.357023-07:00 c0-0c1s0n1 Real Time Clock Driver v1.12b
2015-02-18T09:32:49.357050-07:00 c0-0c1s0n1 Linux agpgart interface v0.103
2015-02-18T09:32:49.382190-07:00 c0-0c1s0n1 brd: module loaded
2015-02-18T09:32:49.382270-07:00 c0-0c1s0n1 loop: module loaded
2015-02-18T09:32:49.382284-07:00 c0-0c1s0n1 Loading iSCSI transport class v2.0-870.
2015-02-18T09:32:49.382344-07:00 c0-0c1s0n1 iscsi: registered transport (tcp)
2015-02-18T09:32:49.407440-07:00 c0-0c1s0n1 Rounding down aligned max_sectors from 4294967295 to 4294967288
2015-02-18T09:32:49.407462-07:00 c0-0c1s0n1 console [netcon0] enabled
2015-02-18T09:32:49.407470-07:00 c0-0c1s0n1 netconsole: network logging started
2015-02-18T09:32:49.432697-07:00 c0-0c1s0n1 i8042: PNP: No PATH1236 controller found. Probing ports directly.
2015-02-18T09:32:49.803660-07:00 c0-0c1s0n1 Refined TSC clocksource calibration: 2599.999 MHz.
2015-02-18T09:32:49.803683-07:00 c0-0c1s0n1 Switching to clocksource tsc
2015-02-18T09:32:50.446814-07:00 c0-0c1s0n1 i8042: No controller found
2015-02-18T09:32:50.472085-07:00 c0-0c1s0n1 EDAC MC: Ver: 2.1.0
2015-02-18T09:32:50.472104-07:00 c0-0c1s0n1 cpuidle: using governor ladder
2015-02-18T09:32:50.507324-07:00 c0-0c1s0n1 cpuidle: using governor menu
2015-02-18T09:32:50.507360-07:00 c0-0c1s0n1 oprofile: using NMI interrupt.
2015-02-18T09:32:50.507390-07:00 c0-0c1s0n1 TCP cubic registered
2015-02-18T09:32:50.507403-07:00 c0-0c1s0n1 NET: Registered protocol family 10
2015-02-18T09:32:50.507428-07:00 c0-0c1s0n1 IPv6 over IPv4 tunneling driver
2015-02-18T09:32:50.507442-07:00 c0-0c1s0n1 NET: Registered protocol family 17
2015-02-18T09:32:50.507451-07:00 c0-0c1s0n1 Installing 9P2000 support
2015-02-18T09:32:50.532593-07:00 c0-0c1s0n1 Registering the dns_resolver key type
2015-02-18T09:32:50.532612-07:00 c0-0c1s0n1 registered taskstats version 1
2015-02-18T09:32:50.557792-07:00 c0-0c1s0n1 Freeing unused kernel memory: 692k freed
2015-02-18T09:32:50.613728-07:00 c0-0c1s0n1 ghal_init:Cray(R) Gemini Hardware Abstraction Layer - version 1.0107
2015-02-18T09:32:50.638967-07:00 c0-0c1s0n1 ghal_init:Copyright (C) 2007-1012 Cray Inc.
2015-02-18T09:32:50.664177-07:00 c0-0c1s0n1 ghal 0000:01:00.1: enabling device (0000 -> 0002)
2015-02-18T09:32:50.664203-07:00 c0-0c1s0n1 udev: starting version 147
2015-02-18T09:32:50.689384-07:00 c0-0c1s0n1 simplex: module license 'unspecified' taints kernel.
2015-02-18T09:32:50.689413-07:00 c0-0c1s0n1 hss-os: communication area 0xffff8810084bba00 (phys 0x10084bba00)
2015-02-18T09:32:50.689436-07:00 c0-0c1s0n1 hss-os: new channel 1
2015-02-18T09:32:51.662701-07:00 c0-0c1s0n1 request_sys_info_from_L0: No tile dimension data
2015-02-18T09:32:51.687947-07:00 c0-0c1s0n1 hss-os: new channel 2
2015-02-18T09:32:51.687968-07:00 c0-0c1s0n1 kgni_init:Cray(R) Gemini Network Interface - Sep 17 2014 version 0x004500b7 rev 9750
2015-02-18T09:32:51.725337-07:00 c0-0c1s0n1 kgni_init:Copyright (C) 2007,2008 Cray Inc.
2015-02-18T09:32:51.775772-07:00 c0-0c1s0n1 ipogif_init:Cray(R) Gemini IP over Fabric device driver - version 0.17
2015-02-18T09:32:51.775788-07:00 c0-0c1s0n1 ipogif_init:Copyright (C) 2007 Cray Inc.
2015-02-18T09:32:51.775798-07:00 c0-0c1s0n1 ipogif_probe:Immediate checksum off
2015-02-18T09:32:51.800957-07:00 c0-0c1s0n1 Cray(R) Gemini Performance Counter Daemon - version 0.1
2015-02-18T09:32:51.801004-07:00 c0-0c1s0n1 GEMINI Performance Counter Daemon.
2015-02-18T09:32:51.826204-07:00 c0-0c1s0n1 Cray(R) Kernel Dynamic Registration (KDREG) Interface - version 0x2243e
2015-02-18T09:32:51.826239-07:00 c0-0c1s0n1 Copyright (C) 2004-5 Pete Wyckoff - modified by Cray(R)
2015-02-18T09:32:51.938575-07:00 c0-0c1s0n1 rdac: device handler registered
2015-02-18T09:32:51.963747-07:00 c0-0c1s0n1 qla2xxx [0000:00:00.0]-0005: QLogic Fibre Channel HBA Driver: IPADDR25.11.1-k.
2015-02-18T09:32:51.963786-07:00 c0-0c1s0n1 qla2xxx 0000:08:00.0: enabling device (0000 -> 0002)
2015-02-18T09:32:51.988968-07:00 c0-0c1s0n1 qla2xxx 0000:08:00.0: PCI INT A -> GSI 42 (level, low) -> IRQ 42
2015-02-18T09:32:51.988991-07:00 c0-0c1s0n1 qla2xxx [0000:08:00.0]-011c: MSI-X vector count: 31.
2015-02-18T09:32:52.014168-07:00 c0-0c1s0n1 qla2xxx [0000:08:00.0]-001d: Found an ISP2031 irq 42 iobase 0xffffc900171fc000.
2015-02-18T09:32:52.014207-07:00 c0-0c1s0n1 qla2xxx [0000:08:00.0]-0075:0: ZIO mode 6 enabled; timer delay (200 us).
2015-02-18T09:32:53.156866-07:00 c0-0c1s0n1 scsi0 : qla2xxx
2015-02-18T09:32:58.183306-07:00 c0-0c1s0n1 qla2xxx [0000:08:00.0]-00fb:0: QLogic QLE2672 - QLE2672 QLogic 2-port 16Gb Fibre Channel Adapter.
2015-02-18T09:32:58.183336-07:00 c0-0c1s0n1 qla2xxx [0000:08:00.0]-00fc:0: ISP2031: PCIe (PATH1340 x4) @ 0000:08:00.0 hdma+ host#=0 fw=7.03.00 (d0d5).
2015-02-18T09:32:58.210343-07:00 c0-0c1s0n1 qla2xxx 0000:08:00.1: enabling device (0000 -> 0002)
2015-02-18T09:32:58.210362-07:00 c0-0c1s0n1 qla2xxx 0000:08:00.1: PCI INT B -> GSI 45 (level, low) -> IRQ 45
2015-02-18T09:32:58.210372-07:00 c0-0c1s0n1 qla2xxx [0000:08:00.1]-011c: MSI-X vector count: 31.
2015-02-18T09:32:58.249372-07:00 c0-0c1s0n1 qla2xxx [0000:08:00.1]-001d: Found an ISP2031 irq 45 iobase 0xffffc900281fa000.
2015-02-18T09:32:58.249398-07:00 c0-0c1s0n1 qla2xxx [0000:08:00.1]-0075:1: ZIO mode 6 enabled; timer delay (200 us).
2015-02-18T09:32:59.394086-07:00 c0-0c1s0n1 scsi1 : qla2xxx
2015-02-18T09:33:00.125715-07:00 c0-0c1s0n1 qla2xxx [0000:08:00.1]-505f:1: Link is operational (16 Gbps).
2015-02-18T09:33:00.125721-07:00 c0-0c1s0n1 qla2xxx [0000:08:00.1]-00fb:1: QLogic QLE2672 - QLE2672 QLogic 2-port 16Gb Fibre Channel Adapter.
2015-02-18T09:33:00.125728-07:00 c0-0c1s0n1 qla2xxx [0000:08:00.1]-00fc:1: ISP2031: PCIe (PATH1340 x4) @ 0000:08:00.1 hdma+ host#=1 fw=7.03.00 (d0d5).
2015-02-18T09:33:00.125734-07:00 c0-0c1s0n1 pps_core: LinuxPPS API ver. 1 registered
2015-02-18T09:33:00.125742-07:00 c0-0c1s0n1 pps_core: Software ver. 5.3.6 - Copyright 2005-2007 Rodolfo Giometti <giometti@linux.it>
2015-02-18T09:33:00.125750-07:00 c0-0c1s0n1 PTP clock support registered
2015-02-18T09:33:00.125757-07:00 c0-0c1s0n1 igb: Intel(R) Gigabit Ethernet Network Driver - version 4.1.2-k
2015-02-18T09:33:00.125763-07:00 c0-0c1s0n1 igb: Copyright (c) 2007-2012 Intel Corporation.
2015-02-18T09:33:00.125769-07:00 c0-0c1s0n1 igb 0000:04:00.0: PCI INT A -> GSI 45 (level, low) -> IRQ 45
2015-02-18T09:33:00.364666-07:00 c0-0c1s0n1 igb 0000:04:00.0: added PHC on eth0
2015-02-18T09:33:00.364679-07:00 c0-0c1s0n1 igb 0000:04:00.0: Intel(R) Gigabit Ethernet Network Connection
2015-02-18T09:33:00.389872-07:00 c0-0c1s0n1 igb 0000:04:00.0: eth0: (PCIe:PATH1341:Width x4) 90:e2:ba:90:40:18
2015-02-18T09:33:00.415082-07:00 c0-0c1s0n1 igb 0000:04:00.0: eth0: PBA No: E91609-006
2015-02-18T09:33:00.415104-07:00 c0-0c1s0n1 igb 0000:04:00.0: Using MSI-X interrupts. 8 rx queue(s), 8 tx queue(s)
2015-02-18T09:33:00.440294-07:00 c0-0c1s0n1 igb 0000:04:00.1: PCI INT B -> GSI 46 (level, low) -> IRQ 46
2015-02-18T09:33:00.440316-07:00 c0-0c1s0n1 scsi 1:0:0:0: Direct-Access     NETAPP   INF-01-00        0810 PQ: 0 ANSI: 5
2015-02-18T09:33:00.465517-07:00 c0-0c1s0n1 scsi 1:0:0:0: rdac: LUN 0 (RDAC) (owned)
2015-02-18T09:33:00.465549-07:00 c0-0c1s0n1 sd 1:0:0:0: Attached scsi generic sg0 type 0
2015-02-18T09:33:00.465586-07:00 c0-0c1s0n1 sd 1:0:0:0: [sda] 146800640 512-byte logical blocks: (75.1 PATH1342 GiB)
2015-02-18T09:33:00.505736-07:00 c0-0c1s0n1 sd 1:0:0:0: [sda] Write Protect is off
2015-02-18T09:33:00.505773-07:00 c0-0c1s0n1 sd 1:0:0:0: [sda] Write cache: disabled, read cache: enabled, supports DPO and FUA
2015-02-18T09:33:00.505797-07:00 c0-0c1s0n1 sda: sda1 sda2
2015-02-18T09:33:00.505806-07:00 c0-0c1s0n1 sd 1:0:0:0: [sda] Attached SCSI disk
2015-02-18T09:33:00.505855-07:00 c0-0c1s0n1 scsi 1:0:0:1: Direct-Access     NETAPP   INF-01-00        0810 PQ: 0 ANSI: 5
2015-02-18T09:33:00.505867-07:00 c0-0c1s0n1 scsi 1:0:0:1: rdac: LUN 1 (RDAC) (owned)
2015-02-18T09:33:00.505908-07:00 c0-0c1s0n1 sd 1:0:0:1: Attached scsi generic sg1 type 0
2015-02-18T09:33:00.530930-07:00 c0-0c1s0n1 sd 1:0:0:1: [sdb] 775946240 512-byte logical blocks: (397 PATH1343 GiB)
2015-02-18T09:33:00.556141-07:00 c0-0c1s0n1 sd 1:0:0:1: [sdb] Write Protect is off
2015-02-18T09:33:00.556230-07:00 c0-0c1s0n1 sd 1:0:0:1: [sdb] Write cache: disabled, read cache: enabled, supports DPO and FUA
2015-02-18T09:33:00.556248-07:00 c0-0c1s0n1 sdb: sdb1 sdb2 sdb3 sdb4
2015-02-18T09:33:00.581401-07:00 c0-0c1s0n1 sd 1:0:0:1: [sdb] Attached SCSI disk
2015-02-18T09:33:00.581426-07:00 c0-0c1s0n1 scsi 1:0:0:2: Direct-Access     NETAPP   INF-01-00        0810 PQ: 0 ANSI: 5
2015-02-18T09:33:00.606658-07:00 c0-0c1s0n1 scsi 1:0:0:2: rdac: LUN 2 (RDAC) (owned)
2015-02-18T09:33:00.606692-07:00 c0-0c1s0n1 sd 1:0:0:2: Attached scsi generic sg2 type 0
2015-02-18T09:33:00.606720-07:00 c0-0c1s0n1 sd 1:0:0:2: [sdc] 167772160 512-byte logical blocks: (85.8 PATH1344 GiB)
2015-02-18T09:33:00.606747-07:00 c0-0c1s0n1 sd 1:0:0:2: [sdc] Write Protect is off
2015-02-18T09:33:00.606798-07:00 c0-0c1s0n1 sd 1:0:0:2: [sdc] Write cache: disabled, read cache: enabled, supports DPO and FUA
2015-02-18T09:33:00.631821-07:00 c0-0c1s0n1 sdc: sdc1 sdc2 sdc3
2015-02-18T09:33:00.657039-07:00 c0-0c1s0n1 sd 1:0:0:2: [sdc] Attached SCSI disk
2015-02-18T09:33:00.657080-07:00 c0-0c1s0n1 scsi 1:0:0:3: Direct-Access     NETAPP   INF-01-00        0810 PQ: 0 ANSI: 5
2015-02-18T09:33:00.657135-07:00 c0-0c1s0n1 scsi 1:0:0:3: rdac: LUN 3 (RDAC) (owned)
2015-02-18T09:33:00.682284-07:00 c0-0c1s0n1 sd 1:0:0:3: Attached scsi generic sg3 type 0
2015-02-18T09:33:00.682327-07:00 c0-0c1s0n1 sd 1:0:0:3: [sdd] 146800640 512-byte logical blocks: (75.1 PATH1342 GiB)
2015-02-18T09:33:00.682366-07:00 c0-0c1s0n1 sd 1:0:0:3: [sdd] Write Protect is off
2015-02-18T09:33:00.707598-07:00 c0-0c1s0n1 sd 1:0:0:3: [sdd] Write cache: disabled, read cache: enabled, supports DPO and FUA
2015-02-18T09:33:00.707627-07:00 c0-0c1s0n1 sdd: sdd1 sdd2
2015-02-18T09:33:00.707636-07:00 c0-0c1s0n1 sd 1:0:0:3: [sdd] Attached SCSI disk
2015-02-18T09:33:00.732796-07:00 c0-0c1s0n1 scsi 1:0:0:4: Direct-Access     NETAPP   INF-01-00        0810 PQ: 0 ANSI: 5
2015-02-18T09:33:00.732805-07:00 c0-0c1s0n1 scsi 1:0:0:4: rdac: LUN 4 (RDAC) (owned)
2015-02-18T09:33:00.757992-07:00 c0-0c1s0n1 sd 1:0:0:4: [sde] 775946240 512-byte logical blocks: (397 PATH1343 GiB)
2015-02-18T09:33:00.758041-07:00 c0-0c1s0n1 sd 1:0:0:4: Attached scsi generic sg4 type 0
2015-02-18T09:33:00.758081-07:00 c0-0c1s0n1 igb 0000:04:00.1: added PHC on eth1
2015-02-18T09:33:00.783259-07:00 c0-0c1s0n1 igb 0000:04:00.1: Intel(R) Gigabit Ethernet Network Connection
2015-02-18T09:33:00.783302-07:00 c0-0c1s0n1 igb 0000:04:00.1: eth1: (PCIe:PATH1341:Width x4) 90:e2:ba:90:40:19
2015-02-18T09:33:00.783355-07:00 c0-0c1s0n1 igb 0000:04:00.1: eth1: PBA No: E91609-006
2015-02-18T09:33:00.808493-07:00 c0-0c1s0n1 igb 0000:04:00.1: Using MSI-X interrupts. 8 rx queue(s), 8 tx queue(s)
2015-02-18T09:33:00.808507-07:00 c0-0c1s0n1 igb 0000:06:00.0: PCI INT A -> GSI 40 (level, low) -> IRQ 40
2015-02-18T09:33:00.833694-07:00 c0-0c1s0n1 scsi 1:0:0:5: Direct-Access     NETAPP   INF-01-00        0810 PQ: 0 ANSI: 5
2015-02-18T09:33:00.833735-07:00 c0-0c1s0n1 sd 1:0:0:4: [sde] Write Protect is off
2015-02-18T09:33:00.833781-07:00 c0-0c1s0n1 sd 1:0:0:4: [sde] Write cache: disabled, read cache: enabled, supports DPO and FUA
2015-02-18T09:33:00.858932-07:00 c0-0c1s0n1 sde: sde1 sde2 sde3 sde4
2015-02-18T09:33:00.858944-07:00 c0-0c1s0n1 sd 1:0:0:4: [sde] Attached SCSI disk
2015-02-18T09:33:00.859021-07:00 c0-0c1s0n1 scsi 1:0:0:5: rdac: LUN 5 (RDAC) (owned)
2015-02-18T09:33:00.884194-07:00 c0-0c1s0n1 sd 1:0:0:5: [sdf] 167772160 512-byte logical blocks: (85.8 PATH1344 GiB)
2015-02-18T09:33:00.884205-07:00 c0-0c1s0n1 sd 1:0:0:5: Attached scsi generic sg5 type 0
2015-02-18T09:33:00.909416-07:00 c0-0c1s0n1 scsi 1:0:0:6: Direct-Access     NETAPP   INF-01-00        0810 PQ: 0 ANSI: 5
2015-02-18T09:33:00.909436-07:00 c0-0c1s0n1 sd 1:0:0:5: [sdf] Write Protect is off
2015-02-18T09:33:00.909454-07:00 c0-0c1s0n1 scsi 1:0:0:6: rdac: LUN 6 (RDAC) (owned)
2015-02-18T09:33:00.909480-07:00 c0-0c1s0n1 sd 1:0:0:6: Attached scsi generic sg6 type 0
2015-02-18T09:33:00.934615-07:00 c0-0c1s0n1 sd 1:0:0:6: [sdg] 146800640 512-byte logical blocks: (75.1 PATH1342 GiB)
2015-02-18T09:33:00.934639-07:00 c0-0c1s0n1 scsi 1:0:0:7: Direct-Access     NETAPP   INF-01-00        0810 PQ: 0 ANSI: 5
2015-02-18T09:33:00.959862-07:00 c0-0c1s0n1 scsi 1:0:0:7: rdac: LUN 7 (RDAC) (owned)
2015-02-18T09:33:00.959872-07:00 c0-0c1s0n1 sd 1:0:0:6: [sdg] Write Protect is off
2015-02-18T09:33:00.959912-07:00 c0-0c1s0n1 sd 1:0:0:7: Attached scsi generic sg7 type 0
2015-02-18T09:33:00.985044-07:00 c0-0c1s0n1 sd 1:0:0:6: [sdg] Write cache: disabled, read cache: enabled, supports DPO and FUA
2015-02-18T09:33:00.985087-07:00 c0-0c1s0n1 sd 1:0:0:7: [sdh] 775946240 512-byte logical blocks: (397 PATH1343 GiB)
2015-02-18T09:33:01.010283-07:00 c0-0c1s0n1 scsi 1:0:0:8: Direct-Access     NETAPP   INF-01-00        0810 PQ: 0 ANSI: 5
2015-02-18T09:33:01.010348-07:00 c0-0c1s0n1 scsi 1:0:0:8: rdac: LUN 8 (RDAC) (owned)
2015-02-18T09:33:01.010362-07:00 c0-0c1s0n1 sd 1:0:0:7: [sdh] Write Protect is off
2015-02-18T09:33:01.164205-07:00 c0-0c1s0n1 sd 1:0:0:8: Attached scsi generic sg8 type 0
2015-02-18T09:33:01.164215-07:00 c0-0c1s0n1 sd 1:0:0:7: [sdh] Write cache: disabled, read cache: enabled, supports DPO and FUA
2015-02-18T09:33:01.164220-07:00 c0-0c1s0n1 sd 1:0:0:8: [sdi] 167772160 512-byte logical blocks: (85.8 PATH1344 GiB)
2015-02-18T09:33:01.164226-07:00 c0-0c1s0n1 scsi 1:0:0:15: Direct-Access     NETAPP   INF-01-00        0810 PQ: 0 ANSI: 5
2015-02-18T09:33:01.164233-07:00 c0-0c1s0n1 sdg: sdg1 sdg2
2015-02-18T09:33:01.164261-07:00 c0-0c1s0n1 sd 1:0:0:8: [sdi] Write Protect is off
2015-02-18T09:33:01.164267-07:00 c0-0c1s0n1 scsi 1:0:0:15: rdac: LUN 15 (RDAC) (owned)
2015-02-18T09:33:01.164278-07:00 c0-0c1s0n1 sd 1:0:0:15: Attached scsi generic sg9 type 0
2015-02-18T09:33:01.164290-07:00 c0-0c1s0n1 sd 1:0:0:8: [sdi] Write cache: disabled, read cache: enabled, supports DPO and FUA
2015-02-18T09:33:01.164311-07:00 c0-0c1s0n1 sd 1:0:0:15: [sdj] 3048520811 512-byte logical blocks: (1.56 PATH1345 TiB)
2015-02-18T09:33:01.164319-07:00 c0-0c1s0n1 scsi 1:0:0:16: Direct-Access     NETAPP   INF-01-00        0810 PQ: 0 ANSI: 5
2015-02-18T09:33:01.164325-07:00 c0-0c1s0n1 sdh: sdh1 sdh2 sdh3 sdh4
2015-02-18T09:33:01.164336-07:00 c0-0c1s0n1 scsi 1:0:0:16: rdac: LUN 16 (RDAC) (owned)
2015-02-18T09:33:01.164343-07:00 c0-0c1s0n1 sd 1:0:0:16: Attached scsi generic sg10 type 0
2015-02-18T09:33:01.164350-07:00 c0-0c1s0n1 sd 1:0:0:15: [sdj] Write Protect is off
2015-02-18T09:33:01.164366-07:00 c0-0c1s0n1 sd 1:0:0:15: [sdj] Write cache: disabled, read cache: enabled, supports DPO and FUA
2015-02-18T09:33:01.164393-07:00 c0-0c1s0n1 sd 1:0:0:6: [sdg] Attached SCSI disk
2015-02-18T09:33:01.189225-07:00 c0-0c1s0n1 sd 1:0:0:16: [sdk] 3048513536 512-byte logical blocks: (1.56 PATH1345 TiB)
2015-02-18T09:33:01.189266-07:00 c0-0c1s0n1 sdi: sdi1 sdi2 sdi3
2015-02-18T09:33:01.214386-07:00 c0-0c1s0n1 sd 1:0:0:7: [sdh] Attached SCSI disk
2015-02-18T09:33:01.214410-07:00 c0-0c1s0n1 sd 1:0:0:16: [sdk] Write Protect is off
2015-02-18T09:33:01.214466-07:00 c0-0c1s0n1 sd 1:0:0:16: [sdk] Write cache: disabled, read cache: enabled, supports DPO and FUA
2015-02-18T09:33:01.214497-07:00 c0-0c1s0n1 sdj: sdj1
2015-02-18T09:33:01.239623-07:00 c0-0c1s0n1 sd 1:0:0:8: [sdi] Attached SCSI disk
2015-02-18T09:33:01.239651-07:00 c0-0c1s0n1 sdk: sdk1
2015-02-18T09:33:01.239687-07:00 c0-0c1s0n1 sd 1:0:0:15: [sdj] Attached SCSI disk
2015-02-18T09:33:01.239702-07:00 c0-0c1s0n1 sd 1:0:0:16: [sdk] Attached SCSI disk
2015-02-18T09:33:01.239751-07:00 c0-0c1s0n1 igb 0000:06:00.0: added PHC on eth2
2015-02-18T09:33:01.264882-07:00 c0-0c1s0n1 igb 0000:06:00.0: Intel(R) Gigabit Ethernet Network Connection
2015-02-18T09:33:01.264922-07:00 c0-0c1s0n1 igb 0000:06:00.0: eth2: (PCIe:PATH1341:Width x4) 90:e2:ba:90:40:1a
2015-02-18T09:33:01.264952-07:00 c0-0c1s0n1 igb 0000:06:00.0: eth2: PBA No: E91609-006
2015-02-18T09:33:01.290128-07:00 c0-0c1s0n1 igb 0000:06:00.0: Using MSI-X interrupts. 8 rx queue(s), 8 tx queue(s)
2015-02-18T09:33:01.290168-07:00 c0-0c1s0n1 igb 0000:06:00.1: PCI INT B -> GSI 44 (level, low) -> IRQ 44
2015-02-18T09:33:01.290207-07:00 c0-0c1s0n1 sd 1:0:0:5: [sdf] Write cache: disabled, read cache: enabled, supports DPO and FUA
2015-02-18T09:33:01.290239-07:00 c0-0c1s0n1 sdf: sdf1 sdf2 sdf3
2015-02-18T09:33:01.290272-07:00 c0-0c1s0n1 sd 1:0:0:5: [sdf] Attached SCSI disk
2015-02-18T09:33:01.315275-07:00 c0-0c1s0n1 igb 0000:06:00.1: added PHC on eth3
2015-02-18T09:33:01.340509-07:00 c0-0c1s0n1 igb 0000:06:00.1: Intel(R) Gigabit Ethernet Network Connection
2015-02-18T09:33:01.340596-07:00 c0-0c1s0n1 igb 0000:06:00.1: eth3: (PCIe:PATH1341:Width x4) 90:e2:ba:90:40:1b
2015-02-18T09:33:01.340642-07:00 c0-0c1s0n1 igb 0000:06:00.1: eth3: PBA No: E91609-006
2015-02-18T09:33:01.365948-07:00 c0-0c1s0n1 igb 0000:06:00.1: Using MSI-X interrupts. 8 rx queue(s), 8 tx queue(s)
2015-02-18T09:33:01.365956-07:00 c0-0c1s0n1 Sending ec_node_info with boot code 11 (NODE_INFO_OS_BOOT_FAILOVER) for nid 65
2015-02-18T09:33:01.365961-07:00 c0-0c1s0n1 Waiting for sdbnode failure (nid 137).
2015-02-18T09:33:15.338612-07:00 c0-0c1s0n1 qla2xxx [0000:08:00.0]-8038:0: Cable is unplugged...
2015-02-18T10:08:21.908119-07:00 c0-0c1s0n1 rport-1:0-0: blocked FC remote port time out: removing rport
2015-02-18T10:09:47.187397-07:00 c0-0c0s2n1 ERROR: Type:2; Severity:80; Class:3; Subclass:D; Operation: 2
2015-02-18T10:09:50.244469-07:00 c0-0c1s5n1 ERROR: Type:2; Severity:80; Class:3; Subclass:D; Operation: 2
2015-02-18T10:09:50.244336-07:00 c0-0c1s8n1 ERROR: Type:2; Severity:80; Class:3; Subclass:D; Operation: 2
2015-02-18T10:09:50.269481-07:00 c0-0c1s4n1 ERROR: Type:2; Severity:80; Class:3; Subclass:D; Operation: 2
2015-02-18T10:09:52.285922-07:00 c0-0c2s9n2 ERROR: Type:2; Severity:80; Class:3; Subclass:D; Operation: 2
2015-02-18T10:09:47.690816-07:00 c0-0c1s1n1 ERROR: Type:2; Severity:80; Class:3; Subclass:D; Operation: 2
2015-02-18T10:09:54.351926-07:00 c0-0c0s11n3 ERROR: Type:2; Severity:80; Class:3; Subclass:D; Operation: 2
2015-02-18T10:09:52.285986-07:00 c0-0c2s8n2 ERROR: Type:2; Severity:80; Class:3; Subclass:D; Operation: 2
2015-02-18T10:09:48.182536-07:00 c0-0c2s11n0 ERROR: Type:2; Severity:80; Class:3; Subclass:D; Operation: 2
2015-02-18T10:09:50.244484-07:00 c0-0c1s7n1 ERROR: Type:2; Severity:80; Class:3; Subclass:D; Operation: 2
2015-02-18T10:09:50.244525-07:00 c0-0c0s10n1 ERROR: Type:2; Severity:80; Class:3; Subclass:D; Operation: 2
2015-02-18T10:09:54.326786-07:00 c0-0c2s8n3 ERROR: Type:2; Severity:80; Class:3; Subclass:D; Operation: 2
2015-02-18T10:09:54.326590-07:00 c0-0c0s5n3 ERROR: Type:2; Severity:80; Class:3; Subclass:D; Operation: 2
2015-02-18T10:09:52.285998-07:00 c0-0c1s6n2 ERROR: Type:2; Severity:80; Class:3; Subclass:D; Operation: 2
2015-02-18T09:30:39.008684-07:00 c0-0c0s0n1 Wait4Boot: Blade Controller Boot Protocol version - 1
2015-02-18T09:30:39.008704-07:00 c0-0c0s0n1 Wait4Boot: EXIT ---> PXE Boot
2015-02-18T09:30:39.008736-07:00 c0-0c0s0n1 CoreLoadedImageInfo: Not an ImageHandle 2f8
2015-02-18T09:30:39.008746-07:00 c0-0c0s0n1 [2J[1;37;40m[2J[[ CrayHandlerReadyToBoot() Start. ]]
2015-02-18T09:30:39.008764-07:00 c0-0c0s0n1 [[ CrayHandlerReadyToBoot() Done. ]]
2015-02-18T09:30:39.008790-07:00 c0-0c0s0n1 [[ IoatInt() Start. ]]
2015-02-18T09:30:39.033678-07:00 c0-0c0s0n1 [[ IoatInt() Done. ]]
2015-02-18T09:30:39.073399-07:00 c0-0c0s0n1 IN Collect AML Info: 0
2015-02-18T09:30:39.073448-07:00 c0-0c0s0n1 IN Collect AML Info after PT: 0
2015-02-18T09:30:39.073469-07:00 c0-0c0s0n1 Installing ACPI 1.1: EFI_SUCCESS, 7F395000
2015-02-18T09:30:42.387319-07:00 c0-0c0s0n1 .[[ CrayBdsHook() Start. ]]
2015-02-18T09:30:42.387358-07:00 c0-0c0s0n1 HWINV: CPU stepping (socket 0) = C2
2015-02-18T09:30:42.387368-07:00 c0-0c0s0n1       Raw CPU stepping (socket 0) = 0x07
2015-02-18T09:30:42.387381-07:00 c0-0c0s0n1 Error counter: 0
2015-02-18T09:30:42.387395-07:00 c0-0c0s0n1 [[ CrayBdsHook() Done. ]]
2015-02-18T09:30:42.416383-07:00 c0-0c0s0n1 Code 0x3058100: PATH330564  16:30:38
2015-02-18T09:30:42.416397-07:00 c0-0c0s0n1 Loading driver Unknown at 0x0BF6B000
2015-02-18T09:30:42.416415-07:00 c0-0c0s0n1 Unknown.Entry(BF6F000)
2015-02-18T09:30:42.416424-07:00 c0-0c0s0n1 info.using_pxe is FALSE
2015-02-18T09:30:42.442170-07:00 c0-0c0s0n1 PCI bus 0 dev 0 function 0 offset 0 probed; vendor 0x8086 found
2015-02-18T09:30:42.442184-07:00 c0-0c0s0n1 PCI bus 1 dev 0 function 0 offset 0 probed; vendor 0x17DB found
2015-02-18T09:30:42.442193-07:00 c0-0c0s0n1 Found Cray device on PCI bus 1
2015-02-18T09:30:42.467386-07:00 c0-0c0s0n1 Read nodename c0-0c0s0n1 from FPGA Scratch Pad
2015-02-18T09:30:42.467402-07:00 c0-0c0s0n1 Attempting to use ELILO config file PATH1333
2015-02-18T09:30:42.496873-07:00 c0-0c0s0n1 trying config file PATH1333
2015-02-18T09:30:42.496897-07:00 c0-0c0s0n1 read_config=Success
2015-02-18T09:30:42.496910-07:00 c0-0c0s0n1 trying chooser simple
2015-02-18T09:30:42.496920-07:00 c0-0c0s0n1 trying chooser textmenu
2015-02-18T09:30:42.496945-07:00 c0-0c0s0n1 selected chooser simple
2015-02-18T09:30:42.547272-07:00 c0-0c0s0n1 kernel     is  'PATH1334'
2015-02-18T09:30:42.627557-07:00 c0-0c0s0n1 arguments  are ' earlyprintk=serial,115200 load_ramdisk=1 ramdisk_size=80000 console=ttyS0,115200n8 bootnodeip=IPADDR13 bootproto=ipog bootpath=PATH1220 rootfs=nfs-shared root=PATH1221 oops=panic bootifnetmask=IPADDR15 elevator=noop ippob1=10 ippob2=128 pcie_ports=native iommu=on intel_iommu=off bad_page=panic pln_enable=off apei_disable hest_disable erst_disable ghes_disable cgroup_disable=memory active_wlm=ALPS sdbnodeip=IPADDR16 sessionid=p0-20150218t092259 _cray=marker_  crayname=c0-0c0s0n1'
2015-02-18T09:30:42.652754-07:00 c0-0c0s0n1 initrd      is 'PATH1335'
2015-02-18T09:30:42.652776-07:00 c0-0c0s0n1 ELILO v3.14 for PATH1336
2015-02-18T09:30:42.677962-07:00 c0-0c0s0n1 downloading PATH1334 from IPADDR5...
2015-02-18T09:30:42.703159-07:00 c0-0c0s0n1 received file size of 4419808 for PATH1334 from tftp server.
2015-02-18T09:30:43.160205-07:00 c0-0c0s0n1 Done
2015-02-18T09:30:43.160228-07:00 c0-0c0s0n1 Probing loader: gzip_x86_64
2015-02-18T09:30:43.190027-07:00 c0-0c0s0n1 Probing loader: plain_elf64
2015-02-18T09:30:43.190044-07:00 c0-0c0s0n1 plain_probe: kname=PATH1334
2015-02-18T09:30:43.190053-07:00 c0-0c0s0n1 Probing loader: bzImage_loader
2015-02-18T09:30:43.228453-07:00 c0-0c0s0n1 kernel header (2.11) suggests kernel start at address 0x100000 (not relocatable!)
2015-02-18T09:30:43.228467-07:00 c0-0c0s0n1 kernel_start: 0x100000 kernel_size: 8388608
2015-02-18T09:30:43.260764-07:00 c0-0c0s0n1 Loading kernel PATH1337  done
2015-02-18T09:30:43.260784-07:00 c0-0c0s0n1 Using bzImage_loader loader
2015-02-18T09:30:43.260798-07:00 c0-0c0s0n1 kernel loaded in [0x100000-0x900000] entry=0x100000
2015-02-18T09:30:43.287764-07:00 c0-0c0s0n1 initrd_addr_max=0x7FFFFFFF reserve=33554432
2015-02-18T09:30:43.287777-07:00 c0-0c0s0n1 initrd start_addr=0x7E000000 pgcnt=0
2015-02-18T09:30:43.287791-07:00 c0-0c0s0n1 downloading PATH1335 from IPADDR5...
2015-02-18T09:30:43.330527-07:00 c0-0c0s0n1 received file size of 12644079 for PATH1335 from tftp server.
2015-02-18T09:30:44.727822-07:00 c0-0c0s0n1 Done
2015-02-18T09:30:44.727843-07:00 c0-0c0s0n1 ConvertPages: Incompatible memory types
2015-02-18T09:30:44.727863-07:00 c0-0c0s0n1 allocator: AllocatePages(2, 2, 3087, 0x7E000000) failed (Not Found)
2015-02-18T09:30:44.754340-07:00 c0-0c0s0n1 loadfile: start_addr=0x0 ki_max_addr=0x7F3F1111
2015-02-18T09:30:44.754356-07:00 c0-0c0s0n1 PATH1335 image: total_size: 12644079 bytes base: 0x7D3F1000 pages 3087
2015-02-18T09:30:45.051427-07:00 c0-0c0s0n1 Loading file PATH1338|PATH24-\|PATH24-\|PATH24-\|PATH24-\|PATH24-\|PATH24-\|PATH24-\|PATH24-\|PATH24-\|PATH24-\|PATH24-\|PATH24-\|PATH24-\|PATH24-\|PATH24-\|PATH24-\|PATH24-\|PATH24-\|PATH24-\|PATH24-\|PATH24-\|PATH24-\|PATH24-\|PATH24-\|PATH24-\|PATH24-\|PATH24-\|PATH24-\|PATH24-\|PATH24-\|PATH24-\|PATH24-\|PATH24-\|PATH24-\|PATH24-\|PATH24-\|PATH24-\|PATH24-\|PATH24-\|PATH24-\|PATH24-\|PATH24-\|PATH24-\|PATH24-\|PATH24-\|PATH24-\|PATH24-\|PATH24-\|PATH24-\|PATH24-\|PATH24-\|PATH24-\|PATH24-\|PATH24-\|PATH24-\|PATH24-\|PATH24-\|PATH24-\|PATH24-\|PATH24-\|PATH24-\|PATH24-\|PATH24-\|PATH24-\|PATH24-\|PATH24-\|PATH24-\|PATH24-\|PATH24-\|PATH24-\|PATH24-\|PATH24-\|PATH24-\|PATH24-\|PATH24-\|PATH24-\|PATH24-\|PATH24-\|PATH24-\|PATH24-\|PATH24-\|PATH24-\|PATH24-\|PATH24-\|PATH24-\|PATH24-\|PATH24-\|PATH24-\|PATH24-\|PATH24-\|PATH24-\|PATH24-\|PATH24-\|PATH24-\|PATH24-\|PATH24-\|PATH24-\|PATH24-\|PATH24-\|PATH24-\|PATH24-\|PATH24-\|PATH24-\|PATH24-\|PATH24-\|PATH24-\|PATH24-\|PATH24-\|PATH24-\|PATH24-\|PATH24-\|PATH24-\|PATH24-\|PATH24-\|PATH24-\|PATH24-\|PATH24-\|PATH24-\|PATH24-\|PATH24-\|PATH24-\|PATH24-\|PATH24-\|PATH24-\|PATH24-\|PATH24-\|PATH24-\|PATH24-\|PATH24-\|PATH24-\|PATH24-\|PATH24-\|PATH24-\|PATH24-\|PATH24-\|PATH24-\|PATH24-\|PATH24-\|PATH24-\|PATH24-\|PATH24-\|PATH24-\|PATH24-\|PATH24-\|PATH24-\|PATH24-\|PATH24-\|PATH24-\|PATH24-\|PATH24-\|PATH24-\|PATH24-\|PATH24-\|PATH24-\|PATH24-\|PATH24-\|PATH24-\|PATH24-\|PATH24-\|PATH24-\|PATH24-\|PATH24-\|PATH24-\|PATH24-\|PATH24-\|PATH24-\|PATH24-\|PATH24-\|PATH24-\|PATH24-\|PATH24-\|PATH24-\|PATH24-\|PATH24-\|PATH24-\|PATH24-\|PATH24-\|PATH24-\|PATH24-\|PATH24-\|PATH24-\|PATH24-\|PATH24-\|PATH24-\|PATH24-\|PATH24-\|PATH24-\|PATH24-\|PATH24-\|PATH24-\|PATH24-\|PATH24-\|PATH24-\done
2015-02-18T09:30:45.169047-07:00 c0-0c0s0n1 final cmdline(0): BOOT_IMAGE=net0:PATH1334  earlyprintk=serial,115200 load_ramdisk=1 ramdisk_size=80000 console=ttyS0,115200n8 bootnodeip=IPADDR13 bootproto=ipog bootpath=PATH1220 rootfs=nfs-shared root=PATH1221 oops=panic bootifnetmask=IPADDR15 elevator=noop ippob1=10 ippob2=128 pcie_ports=native iommu=on intel_iommu=off bad_page=panic pln_enable=off apei_disable hest_disable erst_disable ghes_disable cgroup_disable=memory active_wlm=ALPS sdbnodeip=IPADDR16 sessionid=p0-20150218t092259 _cray=marker_  crayname=c0-0c0s0n1
2015-02-18T09:31:00.221889-07:00 c0-0c0s0n1 ...............
2015-02-18T09:31:00.221917-07:00 c0-0c0s0n1 Skip GOP init, force text-mode.
2015-02-18T09:31:00.457319-07:00 c0-0c0s0n1 Decompressing Linux... Parsing ELF... done.
2015-02-18T09:31:00.457333-07:00 c0-0c0s0n1 Booting the kernel.
2015-02-18T09:31:00.457349-07:00 c0-0c0s0n1 Initializing cgroup subsys cpuset
2015-02-18T09:31:00.457361-07:00 c0-0c0s0n1 Initializing cgroup subsys cpu
2015-02-18T09:31:00.499072-07:00 c0-0c0s0n1 Linux version 3.0.101-0.31.1_1.0502.8394-cray_ari_s (abuild@cfosbld05) (gcc version 4.3.4 [gcc-4_3-branch revision 152973] (SUSE Linux) ) #1 SMP Wed Sep 10 04:03:41 UTC 2014
2015-02-18T09:31:00.602638-07:00 c0-0c0s0n1 Command line: BOOT_IMAGE=net0:PATH1334  earlyprintk=serial,115200 load_ramdisk=1 ramdisk_size=80000 console=ttyS0,115200n8 bootnodeip=IPADDR13 bootproto=ipog bootpath=PATH1220 rootfs=nfs-shared root=PATH1221 oops=panic bootifnetmask=IPADDR15 elevator=noop ippob1=10 ippob2=128 pcie_ports=native iommu=on intel_iommu=off bad_page=panic pln_enable=off apei_disable hest_disable erst_disable ghes_disable cgroup_disable=memory active_wlm=ALPS sdbnodeip=IPADDR16 sessionid=p0-20150218t092259 _cray=marker_  crayname=c0-0c0s0n1
2015-02-18T09:31:00.602654-07:00 c0-0c0s0n1 KERNEL supported cpus:
2015-02-18T09:31:00.602675-07:00 c0-0c0s0n1  Intel GenuineIntel
2015-02-18T09:31:00.627854-07:00 c0-0c0s0n1 BIOS-provided physical RAM map:
2015-02-18T09:31:00.627868-07:00 c0-0c0s0n1 BIOS-e820: 0000000000000000 - 00000000000a0000 (usable)
2015-02-18T09:31:00.654613-07:00 c0-0c0s0n1 BIOS-e820: 0000000000100000 - 000000007e67c000 (usable)
2015-02-18T09:31:00.654631-07:00 c0-0c0s0n1 BIOS-e820: 000000007e67c000 - 000000007e790000 (ACPI NVS)
2015-02-18T09:31:00.654660-07:00 c0-0c0s0n1 BIOS-e820: 000000007e790000 - 000000007f395000 (reserved)
2015-02-18T09:31:00.654676-07:00 c0-0c0s0n1 BIOS-e820: 000000007f395000 - 000000007f410000 (ACPI data)
2015-02-18T09:31:00.654695-07:00 c0-0c0s0n1 BIOS-e820: 000000007f410000 - 000000007f41a000 (unusable)
2015-02-18T09:31:00.679815-07:00 c0-0c0s0n1 BIOS-e820: 000000007f41a000 - 000000007f45e000 (reserved)
2015-02-18T09:31:00.679838-07:00 c0-0c0s0n1 BIOS-e820: 000000007f45e000 - 000000007f462000 (unusable)
2015-02-18T09:31:00.705042-07:00 c0-0c0s0n1 BIOS-e820: 000000007f462000 - 000000007f46b000 (reserved)
2015-02-18T09:31:00.705064-07:00 c0-0c0s0n1 BIOS-e820: 000000007f46b000 - 000000007f46d000 (unusable)
2015-02-18T09:31:00.730290-07:00 c0-0c0s0n1 BIOS-e820: 000000007f46d000 - 000000007f471000 (reserved)
2015-02-18T09:31:00.730321-07:00 c0-0c0s0n1 BIOS-e820: 000000007f471000 - 000000007f472000 (unusable)
2015-02-18T09:31:00.730348-07:00 c0-0c0s0n1 BIOS-e820: 000000007f472000 - 000000007f473000 (reserved)
2015-02-18T09:31:00.755501-07:00 c0-0c0s0n1 BIOS-e820: 000000007f473000 - 000000007f476000 (unusable)
2015-02-18T09:31:00.755525-07:00 c0-0c0s0n1 BIOS-e820: 000000007f476000 - 000000007f486000 (reserved)
2015-02-18T09:31:00.755547-07:00 c0-0c0s0n1 BIOS-e820: 000000007f486000 - 000000007f491000 (unusable)
2015-02-18T09:31:00.780694-07:00 c0-0c0s0n1 BIOS-e820: 000000007f491000 - 000000007f493000 (usable)
2015-02-18T09:31:00.780721-07:00 c0-0c0s0n1 BIOS-e820: 000000007f493000 - 000000007f494000 (ACPI NVS)
2015-02-18T09:31:00.805928-07:00 c0-0c0s0n1 BIOS-e820: 000000007f494000 - 000000007f49b000 (reserved)
2015-02-18T09:31:00.805951-07:00 c0-0c0s0n1 BIOS-e820: 000000007f49b000 - 000000007f49e000 (unusable)
2015-02-18T09:31:00.805962-07:00 c0-0c0s0n1 BIOS-e820: 000000007f49e000 - 000000007f4a6000 (ACPI NVS)
2015-02-18T09:31:00.831128-07:00 c0-0c0s0n1 BIOS-e820: 000000007f4a6000 - 000000007f4a7000 (reserved)
2015-02-18T09:31:00.831150-07:00 c0-0c0s0n1 BIOS-e820: 000000007f4a7000 - 000000007f4ab000 (unusable)
2015-02-18T09:31:00.831166-07:00 c0-0c0s0n1 BIOS-e820: 000000007f4ab000 - 000000007f4bd000 (reserved)
2015-02-18T09:31:00.856338-07:00 c0-0c0s0n1 BIOS-e820: 000000007f4bd000 - 000000007f4cf000 (unusable)
2015-02-18T09:31:00.856360-07:00 c0-0c0s0n1 BIOS-e820: 000000007f4cf000 - 000000007f4d2000 (reserved)
2015-02-18T09:31:00.881548-07:00 c0-0c0s0n1 BIOS-e820: 000000007f4d2000 - 000000007f558000 (ACPI NVS)
2015-02-18T09:31:00.881570-07:00 c0-0c0s0n1 BIOS-e820: 000000007f558000 - 000000007f800000 (usable)
2015-02-18T09:31:00.881590-07:00 c0-0c0s0n1 BIOS-e820: 0000000080000000 - 0000000090000000 (reserved)
2015-02-18T09:31:00.906774-07:00 c0-0c0s0n1 BIOS-e820: 00000000fed1c000 - 00000000fed20000 (reserved)
2015-02-18T09:31:00.906805-07:00 c0-0c0s0n1 BIOS-e820: 00000000ff000000 - 0000000100000000 (reserved)
2015-02-18T09:31:00.906817-07:00 c0-0c0s0n1 BIOS-e820: 0000000100000000 - 0000001080000000 (usable)
2015-02-18T09:31:00.906839-07:00 c0-0c0s0n1 bootconsole [earlyser0] enabled
2015-02-18T09:31:00.932040-07:00 c0-0c0s0n1 NX (Execute Disable) protection: active
2015-02-18T09:31:00.932067-07:00 c0-0c0s0n1 EFI v2.10 by American Megatrends
2015-02-18T09:31:00.932083-07:00 c0-0c0s0n1 ACPI=0x7f395000  ACPI 2.0=0x7f395000  SMBIOS=0xf04c0  MPS=0xfd450 
2015-02-18T09:31:00.957232-07:00 c0-0c0s0n1 EFI: mem00: type=3, attr=0xf, range=[0x0000000000000000-0x0000000000008000) (0MB)
2015-02-18T09:31:00.957255-07:00 c0-0c0s0n1 EFI: mem01: type=7, attr=0xf, range=[0x0000000000008000-0x0000000000060000) (0MB)
2015-02-18T09:31:00.982463-07:00 c0-0c0s0n1 EFI: mem02: type=3, attr=0xf, range=[0x0000000000060000-0x00000000000a0000) (0MB)
2015-02-18T09:31:00.982486-07:00 c0-0c0s0n1 EFI: mem03: type=2, attr=0xf, range=[0x0000000000100000-0x0000000000900000) (8MB)
2015-02-18T09:31:01.007695-07:00 c0-0c0s0n1 EFI: mem04: type=7, attr=0xf, range=[0x0000000000900000-0x0000000001000000) (7MB)
2015-02-18T09:31:01.007728-07:00 c0-0c0s0n1 EFI: mem05: type=2, attr=0xf, range=[0x0000000001000000-0x0000000001100000) (1MB)
2015-02-18T09:31:01.032933-07:00 c0-0c0s0n1 EFI: mem06: type=4, attr=0xf, range=[0x0000000001100000-0x00000000017ea000) (6MB)
2015-02-18T09:31:01.032960-07:00 c0-0c0s0n1 EFI: mem07: type=3, attr=0xf, range=[0x00000000017ea000-0x00000000017ee000) (0MB)
2015-02-18T09:31:01.058155-07:00 c0-0c0s0n1 EFI: mem08: type=4, attr=0xf, range=[0x00000000017ee000-0x0000000001886000) (0MB)
2015-02-18T09:31:01.083366-07:00 c0-0c0s0n1 EFI: mem09: type=3, attr=0xf, range=[0x0000000001886000-0x000000000188f000) (0MB)
2015-02-18T09:31:01.083392-07:00 c0-0c0s0n1 EFI: mem10: type=4, attr=0xf, range=[0x000000000188f000-0x0000000001892000) (0MB)
2015-02-18T09:31:01.108597-07:00 c0-0c0s0n1 EFI: mem11: type=3, attr=0xf, range=[0x0000000001892000-0x000000000189e000) (0MB)
2015-02-18T09:31:01.108620-07:00 c0-0c0s0n1 EFI: mem12: type=4, attr=0xf, range=[0x000000000189e000-0x00000000018a9000) (0MB)
2015-02-18T09:31:01.133799-07:00 c0-0c0s0n1 EFI: mem13: type=3, attr=0xf, range=[0x00000000018a9000-0x00000000018ab000) (0MB)
2015-02-18T09:31:01.133821-07:00 c0-0c0s0n1 EFI: mem14: type=4, attr=0xf, range=[0x00000000018ab000-0x00000000018ad000) (0MB)
2015-02-18T09:31:01.133837-07:00 c0-0c0s0n1 EFI: mem15: type=3, attr=0xf, range=[0x00000000018ad000-0x00000000018af000) (0MB)
2015-02-18T09:31:01.159006-07:00 c0-0c0s0n1 EFI: mem16: type=4, attr=0xf, range=[0x00000000018af000-0x00000000018b7000) (0MB)
2015-02-18T09:31:01.159030-07:00 c0-0c0s0n1 EFI: mem17: type=3, attr=0xf, range=[0x00000000018b7000-0x00000000018bb000) (0MB)
2015-02-18T09:31:01.184301-07:00 c0-0c0s0n1 EFI: mem18: type=4, attr=0xf, range=[0x00000000018bb000-0x00000000018bd000) (0MB)
2015-02-18T09:31:01.184323-07:00 c0-0c0s0n1 EFI: mem19: type=3, attr=0xf, range=[0x00000000018bd000-0x00000000018bf000) (0MB)
2015-02-18T09:31:01.209504-07:00 c0-0c0s0n1 EFI: mem20: type=4, attr=0xf, range=[0x00000000018bf000-0x00000000018d1000) (0MB)
2015-02-18T09:31:01.209526-07:00 c0-0c0s0n1 EFI: mem21: type=3, attr=0xf, range=[0x00000000018d1000-0x00000000018d7000) (0MB)
2015-02-18T09:31:01.234742-07:00 c0-0c0s0n1 EFI: mem22: type=4, attr=0xf, range=[0x00000000018d7000-0x00000000018f9000) (0MB)
2015-02-18T09:31:01.234766-07:00 c0-0c0s0n1 EFI: mem23: type=3, attr=0xf, range=[0x00000000018f9000-0x0000000001908000) (0MB)
2015-02-18T09:31:01.259947-07:00 c0-0c0s0n1 EFI: mem24: type=4, attr=0xf, range=[0x0000000001908000-0x0000000001921000) (0MB)
2015-02-18T09:31:01.259969-07:00 c0-0c0s0n1 EFI: mem25: type=3, attr=0xf, range=[0x0000000001921000-0x000000000192b000) (0MB)
2015-02-18T09:31:01.285150-07:00 c0-0c0s0n1 EFI: mem26: type=4, attr=0xf, range=[0x000000000192b000-0x0000000001933000) (0MB)
2015-02-18T09:31:01.285172-07:00 c0-0c0s0n1 EFI: mem27: type=3, attr=0xf, range=[0x0000000001933000-0x0000000001936000) (0MB)
2015-02-18T09:31:01.310356-07:00 c0-0c0s0n1 EFI: mem28: type=4, attr=0xf, range=[0x0000000001936000-0x000000000193b000) (0MB)
2015-02-18T09:31:01.310377-07:00 c0-0c0s0n1 EFI: mem29: type=3, attr=0xf, range=[0x000000000193b000-0x000000000193e000) (0MB)
2015-02-18T09:31:01.335567-07:00 c0-0c0s0n1 EFI: mem30: type=4, attr=0xf, range=[0x000000000193e000-0x0000000001964000) (0MB)
2015-02-18T09:31:01.360800-07:00 c0-0c0s0n1 EFI: mem31: type=3, attr=0xf, range=[0x0000000001964000-0x0000000001968000) (0MB)
2015-02-18T09:31:01.360821-07:00 c0-0c0s0n1 EFI: mem32: type=4, attr=0xf, range=[0x0000000001968000-0x000000000198a000) (0MB)
2015-02-18T09:31:01.386001-07:00 c0-0c0s0n1 EFI: mem33: type=3, attr=0xf, range=[0x000000000198a000-0x00000000019b0000) (0MB)
2015-02-18T09:31:01.386022-07:00 c0-0c0s0n1 EFI: mem34: type=4, attr=0xf, range=[0x00000000019b0000-0x00000000019be000) (0MB)
2015-02-18T09:31:01.411239-07:00 c0-0c0s0n1 EFI: mem35: type=3, attr=0xf, range=[0x00000000019be000-0x00000000019ce000) (0MB)
2015-02-18T09:31:01.411260-07:00 c0-0c0s0n1 EFI: mem36: type=4, attr=0xf, range=[0x00000000019ce000-0x00000000019d0000) (0MB)
2015-02-18T09:31:01.436449-07:00 c0-0c0s0n1 EFI: mem37: type=3, attr=0xf, range=[0x00000000019d0000-0x00000000019d7000) (0MB)
2015-02-18T09:31:01.436470-07:00 c0-0c0s0n1 EFI: mem38: type=4, attr=0xf, range=[0x00000000019d7000-0x00000000019e1000) (0MB)
2015-02-18T09:31:01.461666-07:00 c0-0c0s0n1 EFI: mem39: type=3, attr=0xf, range=[0x00000000019e1000-0x00000000019e5000) (0MB)
2015-02-18T09:31:01.461687-07:00 c0-0c0s0n1 EFI: mem40: type=4, attr=0xf, range=[0x00000000019e5000-0x0000000001a02000) (0MB)
2015-02-18T09:31:01.486884-07:00 c0-0c0s0n1 EFI: mem41: type=3, attr=0xf, range=[0x0000000001a02000-0x0000000001a06000) (0MB)
2015-02-18T09:31:01.486905-07:00 c0-0c0s0n1 EFI: mem42: type=4, attr=0xf, range=[0x0000000001a06000-0x0000000001a0a000) (0MB)
2015-02-18T09:31:01.512123-07:00 c0-0c0s0n1 EFI: mem43: type=3, attr=0xf, range=[0x0000000001a0a000-0x0000000001a1e000) (0MB)
2015-02-18T09:31:01.512144-07:00 c0-0c0s0n1 EFI: mem44: type=4, attr=0xf, range=[0x0000000001a1e000-0x0000000001a22000) (0MB)
2015-02-18T09:31:01.537318-07:00 c0-0c0s0n1 EFI: mem45: type=3, attr=0xf, range=[0x0000000001a22000-0x0000000001a26000) (0MB)
2015-02-18T09:31:01.537339-07:00 c0-0c0s0n1 EFI: mem46: type=4, attr=0xf, range=[0x0000000001a26000-0x0000000001a34000) (0MB)
2015-02-18T09:31:01.562557-07:00 c0-0c0s0n1 EFI: mem47: type=3, attr=0xf, range=[0x0000000001a34000-0x0000000001a3b000) (0MB)
2015-02-18T09:31:01.562578-07:00 c0-0c0s0n1 EFI: mem48: type=4, attr=0xf, range=[0x0000000001a3b000-0x0000000001a42000) (0MB)
2015-02-18T09:31:01.587770-07:00 c0-0c0s0n1 EFI: mem49: type=3, attr=0xf, range=[0x0000000001a42000-0x0000000001a4a000) (0MB)
2015-02-18T09:31:01.587797-07:00 c0-0c0s0n1 EFI: mem50: type=4, attr=0xf, range=[0x0000000001a4a000-0x0000000001a4b000) (0MB)
2015-02-18T09:31:01.612970-07:00 c0-0c0s0n1 EFI: mem51: type=3, attr=0xf, range=[0x0000000001a4b000-0x0000000001a4d000) (0MB)
2015-02-18T09:31:01.612997-07:00 c0-0c0s0n1 EFI: mem52: type=4, attr=0xf, range=[0x0000000001a4d000-0x0000000001a52000) (0MB)
2015-02-18T09:31:01.638203-07:00 c0-0c0s0n1 EFI: mem53: type=3, attr=0xf, range=[0x0000000001a52000-0x0000000001a69000) (0MB)
2015-02-18T09:31:01.638227-07:00 c0-0c0s0n1 EFI: mem54: type=4, attr=0xf, range=[0x0000000001a69000-0x0000000001a6f000) (0MB)
2015-02-18T09:31:01.638244-07:00 c0-0c0s0n1 EFI: mem55: type=3, attr=0xf, range=[0x0000000001a6f000-0x0000000001a70000) (0MB)
2015-02-18T09:31:01.663411-07:00 c0-0c0s0n1 EFI: mem56: type=4, attr=0xf, range=[0x0000000001a70000-0x0000000001a71000) (0MB)
2015-02-18T09:31:01.663437-07:00 c0-0c0s0n1 EFI: mem57: type=3, attr=0xf, range=[0x0000000001a71000-0x0000000001a79000) (0MB)
2015-02-18T09:31:01.688686-07:00 c0-0c0s0n1 EFI: mem58: type=4, attr=0xf, range=[0x0000000001a79000-0x0000000001a7a000) (0MB)
2015-02-18T09:31:01.688709-07:00 c0-0c0s0n1 EFI: mem59: type=3, attr=0xf, range=[0x0000000001a7a000-0x0000000001a83000) (0MB)
2015-02-18T09:31:01.688722-07:00 c0-0c0s0n1 EFI: mem60: type=4, attr=0xf, range=[0x0000000001a83000-0x0000000001a85000) (0MB)
2015-02-18T09:31:01.688733-07:00 c0-0c0s0n1 EFI: mem61: type=3, attr=0xf, range=[0x0000000001a85000-0x0000000001abe000) (0MB)
2015-02-18T09:31:01.739096-07:00 c0-0c0s0n1 EFI: mem62: type=4, attr=0xf, range=[0x0000000001abe000-0x0000000001abf000) (0MB)
2015-02-18T09:31:01.739118-07:00 c0-0c0s0n1 EFI: mem63: type=3, attr=0xf, range=[0x0000000001abf000-0x0000000001acc000) (0MB)
2015-02-18T09:31:01.764363-07:00 c0-0c0s0n1 EFI: mem64: type=4, attr=0xf, range=[0x0000000001acc000-0x0000000001ad7000) (0MB)
2015-02-18T09:31:01.764384-07:00 c0-0c0s0n1 EFI: mem65: type=3, attr=0xf, range=[0x0000000001ad7000-0x0000000001adc000) (0MB)
2015-02-18T09:31:01.789565-07:00 c0-0c0s0n1 EFI: mem66: type=4, attr=0xf, range=[0x0000000001adc000-0x0000000001b60000) (0MB)
2015-02-18T09:31:01.789591-07:00 c0-0c0s0n1 EFI: mem67: type=3, attr=0xf, range=[0x0000000001b60000-0x0000000001b7c000) (0MB)
2015-02-18T09:31:01.814766-07:00 c0-0c0s0n1 EFI: mem68: type=4, attr=0xf, range=[0x0000000001b7c000-0x0000000001b84000) (0MB)
2015-02-18T09:31:01.814787-07:00 c0-0c0s0n1 EFI: mem69: type=3, attr=0xf, range=[0x0000000001b84000-0x0000000001b9c000) (0MB)
2015-02-18T09:31:01.839959-07:00 c0-0c0s0n1 EFI: mem70: type=4, attr=0xf, range=[0x0000000001b9c000-0x000000000b210000) (150MB)
2015-02-18T09:31:01.865200-07:00 c0-0c0s0n1 EFI: mem71: type=3, attr=0xf, range=[0x000000000b210000-0x000000000b216000) (0MB)
2015-02-18T09:31:01.865221-07:00 c0-0c0s0n1 EFI: mem72: type=4, attr=0xf, range=[0x000000000b216000-0x000000000b21f000) (0MB)
2015-02-18T09:31:01.890405-07:00 c0-0c0s0n1 EFI: mem73: type=3, attr=0xf, range=[0x000000000b21f000-0x000000000b235000) (0MB)
2015-02-18T09:31:01.890427-07:00 c0-0c0s0n1 EFI: mem74: type=4, attr=0xf, range=[0x000000000b235000-0x000000000b23b000) (0MB)
2015-02-18T09:31:01.915604-07:00 c0-0c0s0n1 EFI: mem75: type=3, attr=0xf, range=[0x000000000b23b000-0x000000000b23e000) (0MB)
2015-02-18T09:31:01.915625-07:00 c0-0c0s0n1 EFI: mem76: type=4, attr=0xf, range=[0x000000000b23e000-0x000000000b24c000) (0MB)
2015-02-18T09:31:01.940816-07:00 c0-0c0s0n1 EFI: mem77: type=3, attr=0xf, range=[0x000000000b24c000-0x000000000b254000) (0MB)
2015-02-18T09:31:01.940842-07:00 c0-0c0s0n1 EFI: mem78: type=4, attr=0xf, range=[0x000000000b254000-0x000000000b272000) (0MB)
2015-02-18T09:31:01.966013-07:00 c0-0c0s0n1 EFI: mem79: type=3, attr=0xf, range=[0x000000000b272000-0x000000000b279000) (0MB)
2015-02-18T09:31:01.966034-07:00 c0-0c0s0n1 EFI: mem80: type=4, attr=0xf, range=[0x000000000b279000-0x000000000b27d000) (0MB)
2015-02-18T09:31:01.991243-07:00 c0-0c0s0n1 EFI: mem81: type=3, attr=0xf, range=[0x000000000b27d000-0x000000000b281000) (0MB)
2015-02-18T09:31:01.991270-07:00 c0-0c0s0n1 EFI: mem82: type=4, attr=0xf, range=[0x000000000b281000-0x000000000b285000) (0MB)
2015-02-18T09:31:02.016429-07:00 c0-0c0s0n1 EFI: mem83: type=3, attr=0xf, range=[0x000000000b285000-0x000000000b289000) (0MB)
2015-02-18T09:31:02.016457-07:00 c0-0c0s0n1 EFI: mem84: type=4, attr=0xf, range=[0x000000000b289000-0x000000000b295000) (0MB)
2015-02-18T09:31:02.041663-07:00 c0-0c0s0n1 EFI: mem85: type=3, attr=0xf, range=[0x000000000b295000-0x000000000b2dc000) (0MB)
2015-02-18T09:31:02.041685-07:00 c0-0c0s0n1 EFI: mem86: type=4, attr=0xf, range=[0x000000000b2dc000-0x000000000b2de000) (0MB)
2015-02-18T09:31:02.066866-07:00 c0-0c0s0n1 EFI: mem87: type=3, attr=0xf, range=[0x000000000b2de000-0x000000000b2e4000) (0MB)
2015-02-18T09:31:02.066888-07:00 c0-0c0s0n1 EFI: mem88: type=4, attr=0xf, range=[0x000000000b2e4000-0x000000000b2f0000) (0MB)
2015-02-18T09:31:02.092116-07:00 c0-0c0s0n1 EFI: mem89: type=3, attr=0xf, range=[0x000000000b2f0000-0x000000000b2f4000) (0MB)
2015-02-18T09:31:02.092137-07:00 c0-0c0s0n1 EFI: mem90: type=4, attr=0xf, range=[0x000000000b2f4000-0x000000000b301000) (0MB)
2015-02-18T09:31:02.117331-07:00 c0-0c0s0n1 EFI: mem91: type=3, attr=0xf, range=[0x000000000b301000-0x000000000b30a000) (0MB)
2015-02-18T09:31:02.117352-07:00 c0-0c0s0n1 EFI: mem92: type=4, attr=0xf, range=[0x000000000b30a000-0x000000000b30b000) (0MB)
2015-02-18T09:31:02.142578-07:00 c0-0c0s0n1 EFI: mem93: type=3, attr=0xf, range=[0x000000000b30b000-0x000000000b343000) (0MB)
2015-02-18T09:31:02.142604-07:00 c0-0c0s0n1 EFI: mem94: type=4, attr=0xf, range=[0x000000000b343000-0x000000000b351000) (0MB)
2015-02-18T09:31:02.142620-07:00 c0-0c0s0n1 EFI: mem95: type=3, attr=0xf, range=[0x000000000b351000-0x000000000b358000) (0MB)
2015-02-18T09:31:02.167769-07:00 c0-0c0s0n1 EFI: mem96: type=4, attr=0xf, range=[0x000000000b358000-0x000000000b360000) (0MB)
2015-02-18T09:31:02.167789-07:00 c0-0c0s0n1 EFI: mem97: type=3, attr=0xf, range=[0x000000000b360000-0x000000000b368000) (0MB)
2015-02-18T09:31:02.192982-07:00 c0-0c0s0n1 EFI: mem98: type=4, attr=0xf, range=[0x000000000b368000-0x000000000b382000) (0MB)
2015-02-18T09:31:02.193003-07:00 c0-0c0s0n1 EFI: mem99: type=3, attr=0xf, range=[0x000000000b382000-0x000000000b388000) (0MB)
2015-02-18T09:31:02.218222-07:00 c0-0c0s0n1 EFI: mem100: type=4, attr=0xf, range=[0x000000000b388000-0x000000000b3a3000) (0MB)
2015-02-18T09:31:02.243460-07:00 c0-0c0s0n1 EFI: mem101: type=3, attr=0xf, range=[0x000000000b3a3000-0x000000000b3b1000) (0MB)
2015-02-18T09:31:02.243495-07:00 c0-0c0s0n1 EFI: mem102: type=4, attr=0xf, range=[0x000000000b3b1000-0x000000000b3b5000) (0MB)
2015-02-18T09:31:02.268679-07:00 c0-0c0s0n1 EFI: mem103: type=3, attr=0xf, range=[0x000000000b3b5000-0x000000000b3c7000) (0MB)
2015-02-18T09:31:02.268707-07:00 c0-0c0s0n1 EFI: mem104: type=4, attr=0xf, range=[0x000000000b3c7000-0x000000000b45b000) (0MB)
2015-02-18T09:31:02.293917-07:00 c0-0c0s0n1 EFI: mem105: type=3, attr=0xf, range=[0x000000000b45b000-0x000000000b45e000) (0MB)
2015-02-18T09:31:02.293938-07:00 c0-0c0s0n1 EFI: mem106: type=4, attr=0xf, range=[0x000000000b45e000-0x000000000b466000) (0MB)
2015-02-18T09:31:02.319133-07:00 c0-0c0s0n1 EFI: mem107: type=3, attr=0xf, range=[0x000000000b466000-0x000000000b46a000) (0MB)
2015-02-18T09:31:02.319154-07:00 c0-0c0s0n1 EFI: mem108: type=4, attr=0xf, range=[0x000000000b46a000-0x000000000b478000) (0MB)
2015-02-18T09:31:02.344355-07:00 c0-0c0s0n1 EFI: mem109: type=3, attr=0xf, range=[0x000000000b478000-0x000000000b47f000) (0MB)
2015-02-18T09:31:02.344382-07:00 c0-0c0s0n1 EFI: mem110: type=4, attr=0xf, range=[0x000000000b47f000-0x000000000b48e000) (0MB)
2015-02-18T09:31:02.369565-07:00 c0-0c0s0n1 EFI: mem111: type=3, attr=0xf, range=[0x000000000b48e000-0x000000000b492000) (0MB)
2015-02-18T09:31:02.394795-07:00 c0-0c0s0n1 EFI: mem112: type=4, attr=0xf, range=[0x000000000b492000-0x000000000b4b4000) (0MB)
2015-02-18T09:31:02.394829-07:00 c0-0c0s0n1 EFI: mem113: type=3, attr=0xf, range=[0x000000000b4b4000-0x000000000b4b9000) (0MB)
2015-02-18T09:31:02.419993-07:00 c0-0c0s0n1 EFI: mem114: type=4, attr=0xf, range=[0x000000000b4b9000-0x000000000b53a000) (0MB)
2015-02-18T09:31:02.420015-07:00 c0-0c0s0n1 EFI: mem115: type=3, attr=0xf, range=[0x000000000b53a000-0x000000000b54e000) (0MB)
2015-02-18T09:31:02.445212-07:00 c0-0c0s0n1 EFI: mem116: type=4, attr=0xf, range=[0x000000000b54e000-0x000000000b5e8000) (0MB)
2015-02-18T09:31:02.445233-07:00 c0-0c0s0n1 EFI: mem117: type=7, attr=0xf, range=[0x000000000b5e8000-0x000000000b5ea000) (0MB)
2015-02-18T09:31:02.470421-07:00 c0-0c0s0n1 EFI: mem118: type=4, attr=0xf, range=[0x000000000b5ea000-0x000000000bcb3000) (6MB)
2015-02-18T09:31:02.470442-07:00 c0-0c0s0n1 EFI: mem119: type=3, attr=0xf, range=[0x000000000bcb3000-0x000000000bcbc000) (0MB)
2015-02-18T09:31:02.495649-07:00 c0-0c0s0n1 EFI: mem120: type=4, attr=0xf, range=[0x000000000bcbc000-0x000000000bee4000) (2MB)
2015-02-18T09:31:02.495671-07:00 c0-0c0s0n1 EFI: mem121: type=7, attr=0xf, range=[0x000000000bee4000-0x000000000bee6000) (0MB)
2015-02-18T09:31:02.520877-07:00 c0-0c0s0n1 EFI: mem122: type=4, attr=0xf, range=[0x000000000bee6000-0x000000000bee7000) (0MB)
