2015-02-12T15:28:43.375655-06:00 c0-0c2s4n3 ERROR: Type:2; Severity:80; Class:3; Subclass:D; Operation: 2
2015-02-12T15:39:08.977942-06:00 c0-0c2s4n3 Wait4Boot: WRITE: 523 bytes to memory @ 0x90CD0 ... complete
2015-02-12T15:39:08.977951-06:00 c0-0c2s4n3 Wait4Boot: Blade Controller Boot Protocol version - 1
2015-02-12T15:39:08.978213-06:00 c0-0c2s4n3 Wait4Boot: JUMP: KernelStart 0x100000, boot_params 0x90000, CmdLineAddr 0x90CD0
2015-02-12T15:39:09.013381-06:00 c0-0c2s4n3 OnExitBootServices..
2015-02-12T15:39:09.040671-06:00 c0-0c2s4n3 ConfigureXhciAtBoot() Start
2015-02-12T15:39:09.063982-06:00 c0-0c2s4n3 ConfigureXhciAtBoot() End
2015-02-12T15:39:09.064329-06:00 c0-0c2s4n3 (Wdt) RunWdtBeforeOsBoot
2015-02-12T15:39:09.064639-06:00 c0-0c2s4n3 (Wdt) DisableTimer
2015-02-12T15:39:12.108494-06:00 c0-0c2s4n3 Crypto Lib Callback.
2015-02-12T15:39:12.133227-06:00 c0-0c2s4n3 Heap addr before Virtual MemFixup = 7bacb018, After = 7bacb018
2015-02-12T15:39:12.133349-06:00 c0-0c2s4n3 NvramSmi Go Virtual
2015-02-12T15:39:12.284827-06:00 c0-0c2s4n3 Stopping all external HCs
2015-02-12T15:39:12.284903-06:00 c0-0c2s4n3 stopping all HC type 40:
2015-02-12T15:39:21.687471-06:00 c0-0c2s4n3 i8042: No controller found
2015-02-12T15:39:25.992099-06:00 c0-0c2s4n3 Sending ec_node_info with boot code 0 (NODE_INFO_OS_BOOT) for nid 147
2015-02-12T15:39:25.992114-06:00 c0-0c2s4n3 net.core.rmem_max = 16777216
2015-02-12T15:39:25.992119-06:00 c0-0c2s4n3 net.core.wmem_max = 16777216
2015-02-12T15:39:25.992124-06:00 c0-0c2s4n3 net.core.rmem_default = 16777216
2015-02-12T15:39:25.992129-06:00 c0-0c2s4n3 net.core.wmem_default = 16777216
2015-02-12T15:39:25.992134-06:00 c0-0c2s4n3 net.core.optmem_max = 16777216
2015-02-12T15:39:25.992140-06:00 c0-0c2s4n3 net.ipv4.tcp_mem = 16777216 16777216 16777216
2015-02-12T15:39:25.992148-06:00 c0-0c2s4n3 net.ipv4.tcp_rmem = 4096 87380 16777216
2015-02-12T15:39:25.992153-06:00 c0-0c2s4n3 net.ipv4.tcp_wmem = 4096 65536 16777216
2015-02-12T15:39:25.992163-06:00 c0-0c2s4n3 nid 147: Linux version 3.0.101-0.31.1_1.0502.8394-cray_ari_c (abuild@cfosbld02) (gcc version 4.3.4 [gcc-4_3-branch revision 152973] (SUSE Linux) ) #1 SMP Wed Sep 10 04:09:26 UTC 2014
2015-02-12T15:39:25.992197-06:00 c0-0c2s4n3 starting pid 6917, tty '': 'PATH3974'
2015-02-12T15:39:25.992204-06:00 c0-0c2s4n3 bpmcd_init: Power statistics available in PATH1240
2015-02-12T15:39:25.992210-06:00 c0-0c2s4n3 DVS: Revision 1873 - Built: Sep 17 2014 @ 06:40:25 for lnet version 2.5
2015-02-12T15:39:25.992217-06:00 c0-0c2s4n3 LNet: HW CPU cores: 64, npartitions: 8
2015-02-12T15:39:28.825740-06:00 c0-0c2s4n3 Lustre: kgnilnd build version: 2.5-trunk-1.0502.17198.8.57-abuild-RB-5.2UP02_2.5.1-2014-09-17-06:43
2015-02-12T15:39:28.963201-06:00 c0-0c2s4n3 LNet: Added LNI 147@gni [PATH4853]
2015-02-12T15:39:44.973127-06:00 c0-0c2s4n3 mcelog: Family 6 Model 3f CPU: only decoding architectural errors
2015-02-12T15:39:44.973156-06:00 c0-0c2s4n3 SGI XPMEM kernel module v2.2 loaded
2015-02-12T15:39:45.003730-06:00 c0-0c2s4n3 <node_health> (xtnhd) xtnhd has started
2015-02-12T15:39:45.156823-06:00 c0-0c2s4n3 boot_freemem data calculated:  130105096
2015-02-12T15:28:41.323592-06:00 c0-0c1s8n2 ERROR: Type:2; Severity:80; Class:3; Subclass:D; Operation: 2
2015-02-12T15:39:08.978087-06:00 c0-0c1s8n2 Wait4Boot: WRITE: 523 bytes to memory @ 0x90CD0 ... complete
2015-02-12T15:39:08.978098-06:00 c0-0c1s8n2 Wait4Boot: Blade Controller Boot Protocol version - 1
2015-02-12T15:39:08.978104-06:00 c0-0c1s8n2 Wait4Boot: JUMP: KernelStart 0x100000, boot_params 0x90000, CmdLineAddr 0x90CD0
2015-02-12T15:39:08.978108-06:00 c0-0c1s8n2 OnExitBootServices..
2015-02-12T15:39:09.038804-06:00 c0-0c1s8n2 ConfigureXhciAtBoot() Start
2015-02-12T15:39:09.039561-06:00 c0-0c1s8n2 ConfigureXhciAtBoot() End
2015-02-12T15:39:09.040429-06:00 c0-0c1s8n2 (Wdt) RunWdtBeforeOsBoot
2015-02-12T15:39:09.040518-06:00 c0-0c1s8n2 (Wdt) DisableTimer
2015-02-12T15:39:12.107822-06:00 c0-0c1s8n2 Crypto Lib Callback.
2015-02-12T15:39:12.108481-06:00 c0-0c1s8n2 Heap addr before Virtual MemFixup = 7bacb018, After = 7bacb018
2015-02-12T15:39:12.108521-06:00 c0-0c1s8n2 NvramSmi Go Virtual
2015-02-12T15:39:12.259996-06:00 c0-0c1s8n2 Stopping all external HCs
2015-02-12T15:39:12.260099-06:00 c0-0c1s8n2 stopping all HC type 40:
2015-02-12T15:39:21.788160-06:00 c0-0c1s8n2 i8042: No controller found
2015-02-12T15:39:25.862440-06:00 c0-0c1s8n2 Sending ec_node_info with boot code 0 (NODE_INFO_OS_BOOT) for nid 98
2015-02-12T15:39:25.862448-06:00 c0-0c1s8n2 net.core.rmem_max = 16777216
2015-02-12T15:39:25.862453-06:00 c0-0c1s8n2 net.core.wmem_max = 16777216
2015-02-12T15:39:25.862459-06:00 c0-0c1s8n2 net.core.rmem_default = 16777216
2015-02-12T15:39:25.862465-06:00 c0-0c1s8n2 net.core.wmem_default = 16777216
2015-02-12T15:39:25.862474-06:00 c0-0c1s8n2 net.core.optmem_max = 16777216
2015-02-12T15:39:25.862478-06:00 c0-0c1s8n2 net.ipv4.tcp_mem = 16777216 16777216 16777216
2015-02-12T15:39:25.862483-06:00 c0-0c1s8n2 net.ipv4.tcp_rmem = 4096 87380 16777216
2015-02-12T15:39:25.862489-06:00 c0-0c1s8n2 net.ipv4.tcp_wmem = 4096 65536 16777216
2015-02-12T15:39:25.862494-06:00 c0-0c1s8n2 nid 98: Linux version 3.0.101-0.31.1_1.0502.8394-cray_ari_c (abuild@cfosbld02) (gcc version 4.3.4 [gcc-4_3-branch revision 152973] (SUSE Linux) ) #1 SMP Wed Sep 10 04:09:26 UTC 2014
2015-02-12T15:39:25.862500-06:00 c0-0c1s8n2 starting pid 6936, tty '': 'PATH3974'
2015-02-12T15:39:25.862507-06:00 c0-0c1s8n2 bpmcd_init: Power statistics available in PATH1240
2015-02-12T15:39:25.862518-06:00 c0-0c1s8n2 DVS: Revision 1873 - Built: Sep 17 2014 @ 06:40:25 for lnet version 2.5
2015-02-12T15:39:25.862523-06:00 c0-0c1s8n2 LNet: HW CPU cores: 64, npartitions: 8
2015-02-12T15:39:30.523281-06:00 c0-0c1s8n2 Lustre: kgnilnd build version: 2.5-trunk-1.0502.17198.8.57-abuild-RB-5.2UP02_2.5.1-2014-09-17-06:43
2015-02-12T15:39:30.663932-06:00 c0-0c1s8n2 LNet: Added LNI 98@gni [PATH4853]
2015-02-12T15:39:46.688180-06:00 c0-0c1s8n2 mcelog: Family 6 Model 3f CPU: only decoding architectural errors
2015-02-12T15:39:46.714072-06:00 c0-0c1s8n2 SGI XPMEM kernel module v2.2 loaded
2015-02-12T15:39:46.714082-06:00 c0-0c1s8n2 <node_health> (xtnhd) xtnhd has started
2015-02-12T15:39:47.024407-06:00 c0-0c1s8n2 boot_freemem data calculated:  130104400
2015-02-12T15:28:36.237683-06:00 c0-0c0s1n1 ERROR: Type:2; Severity:80; Class:3; Subclass:D; Operation: 2
2015-02-12T15:37:08.053016-06:00 c0-0c0s1n1 Wait4Boot: WRITE: 533 bytes to memory @ 0x90CD0 ... complete
2015-02-12T15:37:08.053024-06:00 c0-0c0s1n1 Wait4Boot: Blade Controller Boot Protocol version - 1
2015-02-12T15:37:08.077617-06:00 c0-0c0s1n1 Wait4Boot: JUMP: KernelStart 0x100000, boot_params 0x90000, CmdLineAddr 0x90CD0
2015-02-12T15:37:08.205101-06:00 c0-0c0s1n1 Decompressing Linux... Parsing ELF... done.
2015-02-12T15:37:08.205228-06:00 c0-0c0s1n1 Booting the kernel.
2015-02-12T15:37:08.230435-06:00 c0-0c0s1n1 Initializing cgroup subsys cpuset
2015-02-12T15:37:08.230607-06:00 c0-0c0s1n1 Initializing cgroup subsys cpu
2015-02-12T15:37:08.255806-06:00 c0-0c0s1n1 Linux version 3.0.101-0.31.1_1.0502.8394-cray_ari_s (abuild@cfosbld05) (gcc version 4.3.4 [gcc-4_3-branch revision 152973] (SUSE Linux) ) #1 SMP Wed Sep 10 04:03:41 UTC 2014
2015-02-12T15:37:08.332989-06:00 c0-0c0s1n1 Command line: earlyprintk=serial,115200 load_ramdisk=1 ramdisk_size=80000 console=ttyS0,115200n8 bootnodeip=IPADDR13 bootproto=ipog bootpath=PATH1220 rootfs=nfs-shared root=PATH1221 oops=panic bootifnetmask=IPADDR15 elevator=noop ippob1=10 ippob2=128 pcie_ports=native iommu=on intel_iommu=off bad_page=panic pln_enable=off apei_disable hest_disable erst_disable ghes_disable cgroup_disable=memory active_wlm=ALPS sdbnodeip=IPADDR16 sessionid=p0-20150212t152812 _cray=marker_ 
2015-02-12T15:37:08.333057-06:00 c0-0c0s1n1 KERNEL supported cpus:
2015-02-12T15:37:08.333151-06:00 c0-0c0s1n1  Intel GenuineIntel
2015-02-12T15:37:08.333332-06:00 c0-0c0s1n1 BIOS-provided physical RAM map:
2015-02-12T15:37:08.373056-06:00 c0-0c0s1n1 BIOS-e820: 0000000000000000 - 00000000000a0000 (usable)
2015-02-12T15:37:08.373279-06:00 c0-0c0s1n1 BIOS-e820: 0000000000100000 - 000000007e67c000 (usable)
2015-02-12T15:37:08.381840-06:00 c0-0c0s1n1 BIOS-e820: 000000007e67c000 - 000000007e790000 (ACPI NVS)
2015-02-12T15:37:08.382042-06:00 c0-0c0s1n1 BIOS-e820: 000000007e790000 - 000000007f395000 (reserved)
2015-02-12T15:37:08.420171-06:00 c0-0c0s1n1 BIOS-e820: 000000007f395000 - 000000007f410000 (ACPI data)
2015-02-12T15:37:08.420389-06:00 c0-0c0s1n1 BIOS-e820: 000000007f410000 - 000000007f491000 (reserved)
2015-02-12T15:37:08.420556-06:00 c0-0c0s1n1 BIOS-e820: 000000007f491000 - 000000007f493000 (usable)
2015-02-12T15:37:08.420767-06:00 c0-0c0s1n1 BIOS-e820: 000000007f493000 - 000000007f494000 (ACPI NVS)
2015-02-12T15:37:08.460618-06:00 c0-0c0s1n1 BIOS-e820: 000000007f494000 - 000000007f49e000 (reserved)
2015-02-12T15:37:08.460857-06:00 c0-0c0s1n1 BIOS-e820: 000000007f49e000 - 000000007f4a6000 (ACPI NVS)
2015-02-12T15:37:08.461107-06:00 c0-0c0s1n1 BIOS-e820: 000000007f4a6000 - 000000007f4d2000 (reserved)
2015-02-12T15:37:08.461327-06:00 c0-0c0s1n1 BIOS-e820: 000000007f4d2000 - 000000007f558000 (ACPI NVS)
2015-02-12T15:37:08.461523-06:00 c0-0c0s1n1 BIOS-e820: 000000007f558000 - 000000007f800000 (usable)
2015-02-12T15:37:08.500314-06:00 c0-0c0s1n1 BIOS-e820: 0000000080000000 - 0000000090000000 (reserved)
2015-02-12T15:37:08.500546-06:00 c0-0c0s1n1 BIOS-e820: 00000000fed1c000 - 00000000fed20000 (reserved)
2015-02-12T15:37:08.500778-06:00 c0-0c0s1n1 BIOS-e820: 00000000ff000000 - 0000000100000000 (reserved)
2015-02-12T15:37:08.508130-06:00 c0-0c0s1n1 BIOS-e820: 0000000100000000 - 0000001080000000 (usable)
2015-02-12T15:37:08.508317-06:00 c0-0c0s1n1 bootconsole [earlyser0] enabled
2015-02-12T15:37:08.508549-06:00 c0-0c0s1n1 NX (Execute Disable) protection: active
2015-02-12T15:37:08.508717-06:00 c0-0c0s1n1 EFI v2.10 by American Megatrends
2015-02-12T15:37:08.533394-06:00 c0-0c0s1n1 ACPI=0x7f395000  ACPI 2.0=0x7f395000  SMBIOS=0xf04c0  MPS=0xfd450 
2015-02-12T15:37:08.533707-06:00 c0-0c0s1n1 EFI: mem00: type=3, attr=0xf, range=[0x0000000000000000-0x0000000000008000) (0MB)
2015-02-12T15:37:08.558565-06:00 c0-0c0s1n1 EFI: mem01: type=7, attr=0xf, range=[0x0000000000008000-0x0000000000060000) (0MB)
2015-02-12T15:37:08.558860-06:00 c0-0c0s1n1 EFI: mem02: type=3, attr=0xf, range=[0x0000000000060000-0x00000000000a0000) (0MB)
2015-02-12T15:37:08.583867-06:00 c0-0c0s1n1 EFI: mem03: type=7, attr=0xf, range=[0x0000000000100000-0x0000000001000000) (15MB)
2015-02-12T15:37:08.584170-06:00 c0-0c0s1n1 EFI: mem04: type=2, attr=0xf, range=[0x0000000001000000-0x0000000001100000) (1MB)
2015-02-12T15:37:08.609101-06:00 c0-0c0s1n1 EFI: mem05: type=4, attr=0xf, range=[0x0000000001100000-0x00000000017ea000) (6MB)
2015-02-12T15:37:08.609367-06:00 c0-0c0s1n1 EFI: mem06: type=3, attr=0xf, range=[0x00000000017ea000-0x00000000017ee000) (0MB)
2015-02-12T15:37:08.634285-06:00 c0-0c0s1n1 EFI: mem07: type=4, attr=0xf, range=[0x00000000017ee000-0x0000000001886000) (0MB)
2015-02-12T15:37:08.634544-06:00 c0-0c0s1n1 EFI: mem08: type=3, attr=0xf, range=[0x0000000001886000-0x000000000188f000) (0MB)
2015-02-12T15:37:08.659667-06:00 c0-0c0s1n1 EFI: mem09: type=4, attr=0xf, range=[0x000000000188f000-0x0000000001892000) (0MB)
2015-02-12T15:37:08.659913-06:00 c0-0c0s1n1 EFI: mem10: type=3, attr=0xf, range=[0x0000000001892000-0x000000000189e000) (0MB)
2015-02-12T15:37:08.684915-06:00 c0-0c0s1n1 EFI: mem11: type=4, attr=0xf, range=[0x000000000189e000-0x00000000018a9000) (0MB)
2015-02-12T15:37:08.685147-06:00 c0-0c0s1n1 EFI: mem12: type=3, attr=0xf, range=[0x00000000018a9000-0x00000000018ab000) (0MB)
2015-02-12T15:37:08.724522-06:00 c0-0c0s1n1 EFI: mem13: type=4, attr=0xf, range=[0x00000000018ab000-0x00000000018ad000) (0MB)
2015-02-12T15:37:08.724722-06:00 c0-0c0s1n1 EFI: mem14: type=3, attr=0xf, range=[0x00000000018ad000-0x00000000018af000) (0MB)
2015-02-12T15:37:08.764662-06:00 c0-0c0s1n1 EFI: mem15: type=4, attr=0xf, range=[0x00000000018af000-0x00000000018b7000) (0MB)
2015-02-12T15:37:08.764887-06:00 c0-0c0s1n1 EFI: mem16: type=3, attr=0xf, range=[0x00000000018b7000-0x00000000018bb000) (0MB)
2015-02-12T15:37:08.765175-06:00 c0-0c0s1n1 EFI: mem17: type=4, attr=0xf, range=[0x00000000018bb000-0x00000000018bd000) (0MB)
2015-02-12T15:37:08.765402-06:00 c0-0c0s1n1 EFI: mem18: type=3, attr=0xf, range=[0x00000000018bd000-0x00000000018bf000) (0MB)
2015-02-12T15:37:08.804528-06:00 c0-0c0s1n1 EFI: mem19: type=4, attr=0xf, range=[0x00000000018bf000-0x00000000018d1000) (0MB)
2015-02-12T15:37:08.804813-06:00 c0-0c0s1n1 EFI: mem20: type=3, attr=0xf, range=[0x00000000018d1000-0x00000000018d7000) (0MB)
2015-02-12T15:37:08.811213-06:00 c0-0c0s1n1 EFI: mem21: type=4, attr=0xf, range=[0x00000000018d7000-0x00000000018f9000) (0MB)
2015-02-12T15:37:08.848484-06:00 c0-0c0s1n1 EFI: mem22: type=3, attr=0xf, range=[0x00000000018f9000-0x0000000001908000) (0MB)
2015-02-12T15:37:08.848777-06:00 c0-0c0s1n1 EFI: mem23: type=4, attr=0xf, range=[0x0000000001908000-0x0000000001921000) (0MB)
2015-02-12T15:37:08.849043-06:00 c0-0c0s1n1 EFI: mem24: type=3, attr=0xf, range=[0x0000000001921000-0x000000000192b000) (0MB)
2015-02-12T15:37:08.888526-06:00 c0-0c0s1n1 EFI: mem25: type=4, attr=0xf, range=[0x000000000192b000-0x0000000001933000) (0MB)
2015-02-12T15:37:08.888813-06:00 c0-0c0s1n1 EFI: mem26: type=3, attr=0xf, range=[0x0000000001933000-0x0000000001936000) (0MB)
2015-02-12T15:37:08.889089-06:00 c0-0c0s1n1 EFI: mem27: type=4, attr=0xf, range=[0x0000000001936000-0x000000000193b000) (0MB)
2015-02-12T15:37:08.928348-06:00 c0-0c0s1n1 EFI: mem28: type=3, attr=0xf, range=[0x000000000193b000-0x000000000193e000) (0MB)
2015-02-12T15:37:08.928622-06:00 c0-0c0s1n1 EFI: mem29: type=4, attr=0xf, range=[0x000000000193e000-0x0000000001964000) (0MB)
2015-02-12T15:37:08.937271-06:00 c0-0c0s1n1 EFI: mem30: type=3, attr=0xf, range=[0x0000000001964000-0x0000000001968000) (0MB)
2015-02-12T15:37:08.937592-06:00 c0-0c0s1n1 EFI: mem31: type=4, attr=0xf, range=[0x0000000001968000-0x000000000198a000) (0MB)
2015-02-12T15:37:08.962496-06:00 c0-0c0s1n1 EFI: mem32: type=3, attr=0xf, range=[0x000000000198a000-0x00000000019b0000) (0MB)
2015-02-12T15:37:08.962776-06:00 c0-0c0s1n1 EFI: mem33: type=4, attr=0xf, range=[0x00000000019b0000-0x00000000019be000) (0MB)
2015-02-12T15:37:08.987899-06:00 c0-0c0s1n1 EFI: mem34: type=3, attr=0xf, range=[0x00000000019be000-0x00000000019ce000) (0MB)
2015-02-12T15:37:08.988119-06:00 c0-0c0s1n1 EFI: mem35: type=4, attr=0xf, range=[0x00000000019ce000-0x00000000019d0000) (0MB)
2015-02-12T15:37:09.013055-06:00 c0-0c0s1n1 EFI: mem36: type=3, attr=0xf, range=[0x00000000019d0000-0x00000000019d7000) (0MB)
2015-02-12T15:37:09.052362-06:00 c0-0c0s1n1 EFI: mem37: type=4, attr=0xf, range=[0x00000000019d7000-0x00000000019e1000) (0MB)
2015-02-12T15:37:09.052642-06:00 c0-0c0s1n1 EFI: mem38: type=3, attr=0xf, range=[0x00000000019e1000-0x00000000019e5000) (0MB)
2015-02-12T15:37:09.052914-06:00 c0-0c0s1n1 EFI: mem39: type=4, attr=0xf, range=[0x00000000019e5000-0x0000000001a02000) (0MB)
2015-02-12T15:37:09.092434-06:00 c0-0c0s1n1 EFI: mem40: type=3, attr=0xf, range=[0x0000000001a02000-0x0000000001a06000) (0MB)
2015-02-12T15:37:09.092708-06:00 c0-0c0s1n1 EFI: mem41: type=4, attr=0xf, range=[0x0000000001a06000-0x0000000001a0a000) (0MB)
2015-02-12T15:37:09.092969-06:00 c0-0c0s1n1 EFI: mem42: type=3, attr=0xf, range=[0x0000000001a0a000-0x0000000001a1e000) (0MB)
2015-02-12T15:37:09.093240-06:00 c0-0c0s1n1 EFI: mem43: type=4, attr=0xf, range=[0x0000000001a1e000-0x0000000001a22000) (0MB)
2015-02-12T15:37:09.132353-06:00 c0-0c0s1n1 EFI: mem44: type=3, attr=0xf, range=[0x0000000001a22000-0x0000000001a26000) (0MB)
2015-02-12T15:37:09.132660-06:00 c0-0c0s1n1 EFI: mem45: type=4, attr=0xf, range=[0x0000000001a26000-0x0000000001a34000) (0MB)
2015-02-12T15:37:09.139511-06:00 c0-0c0s1n1 EFI: mem46: type=3, attr=0xf, range=[0x0000000001a34000-0x0000000001a3b000) (0MB)
2015-02-12T15:37:09.176451-06:00 c0-0c0s1n1 EFI: mem47: type=4, attr=0xf, range=[0x0000000001a3b000-0x0000000001a42000) (0MB)
2015-02-12T15:37:09.176733-06:00 c0-0c0s1n1 EFI: mem48: type=3, attr=0xf, range=[0x0000000001a42000-0x0000000001a4a000) (0MB)
2015-02-12T15:37:09.177012-06:00 c0-0c0s1n1 EFI: mem49: type=4, attr=0xf, range=[0x0000000001a4a000-0x0000000001a4b000) (0MB)
2015-02-12T15:37:09.216453-06:00 c0-0c0s1n1 EFI: mem50: type=3, attr=0xf, range=[0x0000000001a4b000-0x0000000001a4d000) (0MB)
2015-02-12T15:37:09.216738-06:00 c0-0c0s1n1 EFI: mem51: type=4, attr=0xf, range=[0x0000000001a4d000-0x0000000001a52000) (0MB)
2015-02-12T15:37:09.216984-06:00 c0-0c0s1n1 EFI: mem52: type=3, attr=0xf, range=[0x0000000001a52000-0x0000000001a69000) (0MB)
2015-02-12T15:37:09.217271-06:00 c0-0c0s1n1 EFI: mem53: type=4, attr=0xf, range=[0x0000000001a69000-0x0000000001a6f000) (0MB)
2015-02-12T15:37:09.256415-06:00 c0-0c0s1n1 EFI: mem54: type=3, attr=0xf, range=[0x0000000001a6f000-0x0000000001a70000) (0MB)
2015-02-12T15:37:09.256658-06:00 c0-0c0s1n1 EFI: mem55: type=4, attr=0xf, range=[0x0000000001a70000-0x0000000001a71000) (0MB)
2015-02-12T15:37:09.256900-06:00 c0-0c0s1n1 EFI: mem56: type=3, attr=0xf, range=[0x0000000001a71000-0x0000000001a79000) (0MB)
2015-02-12T15:37:09.265687-06:00 c0-0c0s1n1 EFI: mem57: type=4, attr=0xf, range=[0x0000000001a79000-0x0000000001a7a000) (0MB)
2015-02-12T15:37:09.290762-06:00 c0-0c0s1n1 EFI: mem58: type=3, attr=0xf, range=[0x0000000001a7a000-0x0000000001a83000) (0MB)
2015-02-12T15:37:09.328359-06:00 c0-0c0s1n1 EFI: mem59: type=4, attr=0xf, range=[0x0000000001a83000-0x0000000001a85000) (0MB)
2015-02-12T15:37:09.328552-06:00 c0-0c0s1n1 EFI: mem60: type=3, attr=0xf, range=[0x0000000001a85000-0x0000000001abe000) (0MB)
2015-02-12T15:37:09.328753-06:00 c0-0c0s1n1 EFI: mem61: type=4, attr=0xf, range=[0x0000000001abe000-0x0000000001abf000) (0MB)
2015-02-12T15:37:09.368420-06:00 c0-0c0s1n1 EFI: mem62: type=3, attr=0xf, range=[0x0000000001abf000-0x0000000001acc000) (0MB)
2015-02-12T15:37:09.368613-06:00 c0-0c0s1n1 EFI: mem63: type=4, attr=0xf, range=[0x0000000001acc000-0x0000000001ad7000) (0MB)
2015-02-12T15:37:09.368800-06:00 c0-0c0s1n1 EFI: mem64: type=3, attr=0xf, range=[0x0000000001ad7000-0x0000000001adc000) (0MB)
2015-02-12T15:37:09.368987-06:00 c0-0c0s1n1 EFI: mem65: type=4, attr=0xf, range=[0x0000000001adc000-0x0000000001b60000) (0MB)
2015-02-12T15:37:09.408420-06:00 c0-0c0s1n1 EFI: mem66: type=3, attr=0xf, range=[0x0000000001b60000-0x0000000001b7c000) (0MB)
2015-02-12T15:37:09.408648-06:00 c0-0c0s1n1 EFI: mem67: type=4, attr=0xf, range=[0x0000000001b7c000-0x0000000001b84000) (0MB)
2015-02-12T15:37:09.416941-06:00 c0-0c0s1n1 EFI: mem68: type=3, attr=0xf, range=[0x0000000001b84000-0x0000000001b9c000) (0MB)
2015-02-12T15:37:09.417209-06:00 c0-0c0s1n1 EFI: mem69: type=4, attr=0xf, range=[0x0000000001b9c000-0x000000000b210000) (150MB)
2015-02-12T15:37:09.442346-06:00 c0-0c0s1n1 EFI: mem70: type=3, attr=0xf, range=[0x000000000b210000-0x000000000b216000) (0MB)
2015-02-12T15:37:09.442603-06:00 c0-0c0s1n1 EFI: mem71: type=4, attr=0xf, range=[0x000000000b216000-0x000000000b21f000) (0MB)
2015-02-12T15:37:09.467698-06:00 c0-0c0s1n1 EFI: mem72: type=3, attr=0xf, range=[0x000000000b21f000-0x000000000b235000) (0MB)
2015-02-12T15:37:09.467974-06:00 c0-0c0s1n1 EFI: mem73: type=4, attr=0xf, range=[0x000000000b235000-0x000000000b23b000) (0MB)
2015-02-12T15:37:09.492886-06:00 c0-0c0s1n1 EFI: mem74: type=3, attr=0xf, range=[0x000000000b23b000-0x000000000b23e000) (0MB)
2015-02-12T15:37:09.517882-06:00 c0-0c0s1n1 EFI: mem75: type=4, attr=0xf, range=[0x000000000b23e000-0x000000000b242000) (0MB)
2015-02-12T15:37:09.518223-06:00 c0-0c0s1n1 EFI: mem76: type=3, attr=0xf, range=[0x000000000b242000-0x000000000b249000) (0MB)
2015-02-12T15:37:09.556494-06:00 c0-0c0s1n1 EFI: mem77: type=4, attr=0xf, range=[0x000000000b249000-0x000000000b24c000) (0MB)
2015-02-12T15:37:09.556758-06:00 c0-0c0s1n1 EFI: mem78: type=3, attr=0xf, range=[0x000000000b24c000-0x000000000b254000) (0MB)
2015-02-12T15:37:09.600355-06:00 c0-0c0s1n1 EFI: mem79: type=4, attr=0xf, range=[0x000000000b254000-0x000000000b27a000) (0MB)
2015-02-12T15:37:09.600642-06:00 c0-0c0s1n1 EFI: mem80: type=3, attr=0xf, range=[0x000000000b27a000-0x000000000b27e000) (0MB)
2015-02-12T15:37:09.600896-06:00 c0-0c0s1n1 EFI: mem81: type=4, attr=0xf, range=[0x000000000b27e000-0x000000000b282000) (0MB)
2015-02-12T15:37:09.601161-06:00 c0-0c0s1n1 EFI: mem82: type=3, attr=0xf, range=[0x000000000b282000-0x000000000b286000) (0MB)
2015-02-12T15:37:09.636350-06:00 c0-0c0s1n1 EFI: mem83: type=4, attr=0xf, range=[0x000000000b286000-0x000000000b290000) (0MB)
2015-02-12T15:37:09.636624-06:00 c0-0c0s1n1 EFI: mem84: type=3, attr=0xf, range=[0x000000000b290000-0x000000000b2d3000) (0MB)
2015-02-12T15:37:09.636897-06:00 c0-0c0s1n1 EFI: mem85: type=4, attr=0xf, range=[0x000000000b2d3000-0x000000000b2df000) (0MB)
2015-02-12T15:37:09.644475-06:00 c0-0c0s1n1 EFI: mem86: type=3, attr=0xf, range=[0x000000000b2df000-0x000000000b2e9000) (0MB)
2015-02-12T15:37:09.669537-06:00 c0-0c0s1n1 EFI: mem87: type=4, attr=0xf, range=[0x000000000b2e9000-0x000000000b2f8000) (0MB)
2015-02-12T15:37:09.669846-06:00 c0-0c0s1n1 EFI: mem88: type=3, attr=0xf, range=[0x000000000b2f8000-0x000000000b2fc000) (0MB)
2015-02-12T15:37:09.708498-06:00 c0-0c0s1n1 EFI: mem89: type=4, attr=0xf, range=[0x000000000b2fc000-0x000000000b2fd000) (0MB)
2015-02-12T15:37:09.708698-06:00 c0-0c0s1n1 EFI: mem90: type=3, attr=0xf, range=[0x000000000b2fd000-0x000000000b302000) (0MB)
2015-02-12T15:37:09.748362-06:00 c0-0c0s1n1 EFI: mem91: type=4, attr=0xf, range=[0x000000000b302000-0x000000000b30b000) (0MB)
2015-02-12T15:37:09.748663-06:00 c0-0c0s1n1 EFI: mem92: type=3, attr=0xf, range=[0x000000000b30b000-0x000000000b343000) (0MB)
2015-02-12T15:37:09.748944-06:00 c0-0c0s1n1 EFI: mem93: type=4, attr=0xf, range=[0x000000000b343000-0x000000000b34a000) (0MB)
2015-02-12T15:37:09.749174-06:00 c0-0c0s1n1 EFI: mem94: type=3, attr=0xf, range=[0x000000000b34a000-0x000000000b351000) (0MB)
2015-02-12T15:37:09.792397-06:00 c0-0c0s1n1 EFI: mem95: type=4, attr=0xf, range=[0x000000000b351000-0x000000000b359000) (0MB)
2015-02-12T15:37:09.792572-06:00 c0-0c0s1n1 EFI: mem96: type=3, attr=0xf, range=[0x000000000b359000-0x000000000b35d000) (0MB)
2015-02-12T15:37:09.792886-06:00 c0-0c0s1n1 EFI: mem97: type=4, attr=0xf, range=[0x000000000b35d000-0x000000000b365000) (0MB)
2015-02-12T15:37:09.795872-06:00 c0-0c0s1n1 EFI: mem98: type=3, attr=0xf, range=[0x000000000b365000-0x000000000b369000) (0MB)
2015-02-12T15:37:09.832495-06:00 c0-0c0s1n1 EFI: mem99: type=4, attr=0xf, range=[0x000000000b369000-0x000000000b36d000) (0MB)
2015-02-12T15:37:09.832775-06:00 c0-0c0s1n1 EFI: mem100: type=3, attr=0xf, range=[0x000000000b36d000-0x000000000b371000) (0MB)
2015-02-12T15:37:09.872369-06:00 c0-0c0s1n1 EFI: mem101: type=4, attr=0xf, range=[0x000000000b371000-0x000000000b385000) (0MB)
2015-02-12T15:37:09.872690-06:00 c0-0c0s1n1 EFI: mem102: type=3, attr=0xf, range=[0x000000000b385000-0x000000000b38b000) (0MB)
2015-02-12T15:37:09.872959-06:00 c0-0c0s1n1 EFI: mem103: type=4, attr=0xf, range=[0x000000000b38b000-0x000000000b3ad000) (0MB)
2015-02-12T15:37:09.873276-06:00 c0-0c0s1n1 EFI: mem104: type=3, attr=0xf, range=[0x000000000b3ad000-0x000000000b3b7000) (0MB)
2015-02-12T15:37:09.912363-06:00 c0-0c0s1n1 EFI: mem105: type=4, attr=0xf, range=[0x000000000b3b7000-0x000000000b3b8000) (0MB)
2015-02-12T15:37:09.912644-06:00 c0-0c0s1n1 EFI: mem106: type=3, attr=0xf, range=[0x000000000b3b8000-0x000000000b3ca000) (0MB)
2015-02-12T15:37:09.922109-06:00 c0-0c0s1n1 EFI: mem107: type=4, attr=0xf, range=[0x000000000b3ca000-0x000000000b3cd000) (0MB)
2015-02-12T15:37:09.922381-06:00 c0-0c0s1n1 EFI: mem108: type=3, attr=0xf, range=[0x000000000b3cd000-0x000000000b3d8000) (0MB)
2015-02-12T15:37:09.947353-06:00 c0-0c0s1n1 EFI: mem109: type=4, attr=0xf, range=[0x000000000b3d8000-0x000000000b474000) (0MB)
2015-02-12T15:37:09.947709-06:00 c0-0c0s1n1 EFI: mem110: type=3, attr=0xf, range=[0x000000000b474000-0x000000000b47b000) (0MB)
2015-02-12T15:37:09.988501-06:00 c0-0c0s1n1 EFI: mem111: type=4, attr=0xf, range=[0x000000000b47b000-0x000000000b48a000) (0MB)
2015-02-12T15:37:09.988762-06:00 c0-0c0s1n1 EFI: mem112: type=3, attr=0xf, range=[0x000000000b48a000-0x000000000b48e000) (0MB)
2015-02-12T15:37:10.024475-06:00 c0-0c0s1n1 EFI: mem113: type=4, attr=0xf, range=[0x000000000b48e000-0x000000000b4b0000) (0MB)
2015-02-12T15:37:10.024749-06:00 c0-0c0s1n1 EFI: mem114: type=3, attr=0xf, range=[0x000000000b4b0000-0x000000000b4b5000) (0MB)
2015-02-12T15:37:10.025016-06:00 c0-0c0s1n1 EFI: mem115: type=4, attr=0xf, range=[0x000000000b4b5000-0x000000000b4ba000) (0MB)
2015-02-12T15:37:10.025270-06:00 c0-0c0s1n1 EFI: mem116: type=3, attr=0xf, range=[0x000000000b4ba000-0x000000000b4ce000) (0MB)
2015-02-12T15:37:10.064441-06:00 c0-0c0s1n1 EFI: mem117: type=4, attr=0xf, range=[0x000000000b4ce000-0x000000000b580000) (0MB)
2015-02-12T15:37:10.064705-06:00 c0-0c0s1n1 EFI: mem118: type=7, attr=0xf, range=[0x000000000b580000-0x000000000b581000) (0MB)
2015-02-12T15:37:10.073738-06:00 c0-0c0s1n1 EFI: mem119: type=4, attr=0xf, range=[0x000000000b581000-0x000000000b5ae000) (0MB)
2015-02-12T15:37:10.112453-06:00 c0-0c0s1n1 EFI: mem120: type=3, attr=0xf, range=[0x000000000b5ae000-0x000000000b5b7000) (0MB)
2015-02-12T15:37:10.112758-06:00 c0-0c0s1n1 EFI: mem121: type=4, attr=0xf, range=[0x000000000b5b7000-0x000000000b5b8000) (0MB)
2015-02-12T15:37:10.112975-06:00 c0-0c0s1n1 EFI: mem122: type=2, attr=0xf, range=[0x000000000b5b8000-0x000000000b5ba000) (0MB)
2015-02-12T15:37:10.152498-06:00 c0-0c0s1n1 EFI: mem123: type=7, attr=0xf, range=[0x000000000b5ba000-0x000000000b5bc000) (0MB)
2015-02-12T15:37:10.152739-06:00 c0-0c0s1n1 EFI: mem124: type=4, attr=0xf, range=[0x000000000b5bc000-0x000000000b5c6000) (0MB)
2015-02-12T15:37:10.152888-06:00 c0-0c0s1n1 EFI: mem125: type=7, attr=0xf, range=[0x000000000b5c6000-0x000000000b5cc000) (0MB)
2015-02-12T15:37:10.153081-06:00 c0-0c0s1n1 EFI: mem126: type=4, attr=0xf, range=[0x000000000b5cc000-0x000000000b7e0000) (2MB)
2015-02-12T15:37:10.192410-06:00 c0-0c0s1n1 EFI: mem127: type=7, attr=0xf, range=[0x000000000b7e0000-0x000000000b7ee000) (0MB)
2015-02-12T15:37:10.192614-06:00 c0-0c0s1n1 EFI: mem128: type=1, attr=0xf, range=[0x000000000b7ee000-0x000000000b7ff000) (0MB)
2015-02-12T15:37:10.200033-06:00 c0-0c0s1n1 EFI: mem129: type=7, attr=0xf, range=[0x000000000b7ff000-0x000000007e67c000) (1838MB)
2015-02-12T15:37:10.200287-06:00 c0-0c0s1n1 EFI: mem130: type=10, attr=0xf, range=[0x000000007e67c000-0x000000007e790000) (1MB)
2015-02-12T15:37:10.225294-06:00 c0-0c0s1n1 EFI: mem131: type=0, attr=0xf, range=[0x000000007e790000-0x000000007e792000) (0MB)
2015-02-12T15:37:10.225556-06:00 c0-0c0s1n1 EFI: mem132: type=6, attr=0x800000000000000f, range=[0x000000007e792000-0x000000007f395000) (12MB)
2015-02-12T15:37:10.250562-06:00 c0-0c0s1n1 EFI: mem133: type=9, attr=0xf, range=[0x000000007f395000-0x000000007f410000) (0MB)
2015-02-12T15:37:10.275733-06:00 c0-0c0s1n1 EFI: mem134: type=5, attr=0x800000000000000f, range=[0x000000007f410000-0x000000007f41a000) (0MB)
2015-02-12T15:37:10.276002-06:00 c0-0c0s1n1 EFI: mem135: type=0, attr=0xf, range=[0x000000007f41a000-0x000000007f41c000) (0MB)
2015-02-12T15:37:10.301046-06:00 c0-0c0s1n1 EFI: mem136: type=6, attr=0x800000000000000f, range=[0x000000007f41c000-0x000000007f42d000) (0MB)
2015-02-12T15:37:10.301314-06:00 c0-0c0s1n1 EFI: mem137: type=0, attr=0xf, range=[0x000000007f42d000-0x000000007f43d000) (0MB)
2015-02-12T15:37:10.326356-06:00 c0-0c0s1n1 EFI: mem138: type=6, attr=0x800000000000000f, range=[0x000000007f43d000-0x000000007f45e000) (0MB)
2015-02-12T15:37:10.326640-06:00 c0-0c0s1n1 EFI: mem139: type=5, attr=0x800000000000000f, range=[0x000000007f45e000-0x000000007f462000) (0MB)
2015-02-12T15:37:10.388360-06:00 c0-0c0s1n1 EFI: mem140: type=0, attr=0xf, range=[0x000000007f462000-0x000000007f46b000) (0MB)
2015-02-12T15:37:10.388698-06:00 c0-0c0s1n1 EFI: mem141: type=5, attr=0x800000000000000f, range=[0x000000007f46b000-0x000000007f46d000) (0MB)
2015-02-12T15:37:10.388921-06:00 c0-0c0s1n1 EFI: mem142: type=0, attr=0xf, range=[0x000000007f46d000-0x000000007f471000) (0MB)
2015-02-12T15:37:10.389226-06:00 c0-0c0s1n1 EFI: mem143: type=5, attr=0x800000000000000f, range=[0x000000007f471000-0x000000007f472000) (0MB)
2015-02-12T15:37:10.428618-06:00 c0-0c0s1n1 EFI: mem144: type=6, attr=0x800000000000000f, range=[0x000000007f472000-0x000000007f473000) (0MB)
2015-02-12T15:37:10.428906-06:00 c0-0c0s1n1 EFI: mem145: type=5, attr=0x800000000000000f, range=[0x000000007f473000-0x000000007f476000) (0MB)
2015-02-12T15:37:10.429220-06:00 c0-0c0s1n1 EFI: mem146: type=0, attr=0xf, range=[0x000000007f476000-0x000000007f486000) (0MB)
2015-02-12T15:37:10.472470-06:00 c0-0c0s1n1 EFI: mem147: type=5, attr=0x800000000000000f, range=[0x000000007f486000-0x000000007f491000) (0MB)
2015-02-12T15:37:10.477754-06:00 c0-0c0s1n1 EFI: mem148: type=7, attr=0xf, range=[0x000000007f491000-0x000000007f493000) (0MB)
2015-02-12T15:37:10.478042-06:00 c0-0c0s1n1 EFI: mem149: type=10, attr=0xf, range=[0x000000007f493000-0x000000007f494000) (0MB)
2015-02-12T15:37:10.503084-06:00 c0-0c0s1n1 EFI: mem150: type=6, attr=0x800000000000000f, range=[0x000000007f494000-0x000000007f49b000) (0MB)
2015-02-12T15:37:10.540400-06:00 c0-0c0s1n1 EFI: mem151: type=5, attr=0x800000000000000f, range=[0x000000007f49b000-0x000000007f49e000) (0MB)
2015-02-12T15:37:10.540602-06:00 c0-0c0s1n1 EFI: mem152: type=10, attr=0xf, range=[0x000000007f49e000-0x000000007f4a6000) (0MB)
2015-02-12T15:37:10.580390-06:00 c0-0c0s1n1 EFI: mem153: type=6, attr=0x800000000000000f, range=[0x000000007f4a6000-0x000000007f4a7000) (0MB)
2015-02-12T15:37:10.580629-06:00 c0-0c0s1n1 EFI: mem154: type=5, attr=0x800000000000000f, range=[0x000000007f4a7000-0x000000007f4ab000) (0MB)
2015-02-12T15:37:10.580861-06:00 c0-0c0s1n1 EFI: mem155: type=6, attr=0x800000000000000f, range=[0x000000007f4ab000-0x000000007f4bd000) (0MB)
2015-02-12T15:37:10.581058-06:00 c0-0c0s1n1 EFI: mem156: type=5, attr=0x800000000000000f, range=[0x000000007f4bd000-0x000000007f4cf000) (0MB)
2015-02-12T15:37:10.620452-06:00 c0-0c0s1n1 EFI: mem157: type=6, attr=0x800000000000000f, range=[0x000000007f4cf000-0x000000007f4d2000) (0MB)
2015-02-12T15:37:10.620634-06:00 c0-0c0s1n1 EFI: mem158: type=10, attr=0xf, range=[0x000000007f4d2000-0x000000007f558000) (0MB)
2015-02-12T15:37:10.629500-06:00 c0-0c0s1n1 EFI: mem159: type=3, attr=0xf, range=[0x000000007f558000-0x000000007f7e0000) (2MB)
2015-02-12T15:37:10.654533-06:00 c0-0c0s1n1 EFI: mem160: type=4, attr=0xf, range=[0x000000007f7e0000-0x000000007f7ef000) (0MB)
2015-02-12T15:37:11.008422-06:00 c0-0c0s1n1 EFI: mem161: type=3, attr=0xf, range=[0x000000007f7ef000-0x000000007f800000) (0MB)
2015-02-12T15:37:11.008434-06:00 c0-0c0s1n1 EFI: mem162: type=7, attr=0xf, range=[0x0000000100000000-0x0000001080000000) (63488MB)
2015-02-12T15:37:11.008446-06:00 c0-0c0s1n1 EFI: mem163: type=11, attr=0x8000000000000001, range=[0x0000000080000000-0x0000000090000000) (256MB)
2015-02-12T15:37:11.008457-06:00 c0-0c0s1n1 EFI: mem164: type=11, attr=0x8000000000000001, range=[0x00000000fed1c000-0x00000000fed20000) (0MB)
2015-02-12T15:37:11.008470-06:00 c0-0c0s1n1 EFI: mem165: type=11, attr=0x8000000000000001, range=[0x00000000ff000000-0x0000000100000000) (16MB)
2015-02-12T15:37:11.008482-06:00 c0-0c0s1n1 DMI 2.7 present.
2015-02-12T15:37:11.008493-06:00 c0-0c0s1n1 last_pfn = 0x1080000 max_arch_pfn = 0x400000000
2015-02-12T15:37:11.008507-06:00 c0-0c0s1n1 x86 PAT enabled: cpu 0, old 0x7040600070406, new 0x7010600070106
2015-02-12T15:37:11.008516-06:00 c0-0c0s1n1 last_pfn = 0x7f800 max_arch_pfn = 0x400000000
2015-02-12T15:37:11.008528-06:00 c0-0c0s1n1 found SMP MP-table at [ffff8800000fd830] fd830
2015-02-12T15:37:11.008541-06:00 c0-0c0s1n1 Using GB pages for direct mapping
2015-02-12T15:37:11.008556-06:00 c0-0c0s1n1 init_memory_mapping: 0000000000000000-000000007f800000
2015-02-12T15:37:11.008569-06:00 c0-0c0s1n1 init_memory_mapping: 0000000100000000-0000001080000000
2015-02-12T15:37:11.008579-06:00 c0-0c0s1n1 nmi ring buffer: 262144
2015-02-12T15:37:11.008591-06:00 c0-0c0s1n1 RAMDISK: 0fa00000 - 10610000
2015-02-12T15:37:11.008600-06:00 c0-0c0s1n1 ACPI: RSDP 000000007f395000 00024 (v02 ALASKA)
2015-02-12T15:37:11.008611-06:00 c0-0c0s1n1 ACPI: XSDT 000000007f395088 0008C (v01 ALASKA    A M I 01072009 AMI  00010013)
2015-02-12T15:37:11.008624-06:00 c0-0c0s1n1 ACPI: FACP 000000007f39ee50 000F4 (v04 ALASKA    A M I 01072009 AMI  00010013)
2015-02-12T15:37:11.008635-06:00 c0-0c0s1n1 ACPI: DSDT 000000007f3951a0 09CAD (v02 ALASKA    A M I 00000016 INTL 20051117)
2015-02-12T15:37:11.008644-06:00 c0-0c0s1n1 ACPI: FACS 000000007f4a3f80 00040
2015-02-12T15:37:11.008654-06:00 c0-0c0s1n1 ACPI: APIC 000000007f39ef48 00138 (v03 ALASKA    A M I 01072009 AMI  00010013)
2015-02-12T15:37:11.008664-06:00 c0-0c0s1n1 ACPI: FPDT 000000007f39f080 00044 (v01 ALASKA    A M I 01072009 AMI  00010013)
2015-02-12T15:37:11.008678-06:00 c0-0c0s1n1 ACPI: MCFG 000000007f39f0c8 0003C (v01 ALASKA OEMMCFG. 01072009 MSFT 00000097)
2015-02-12T15:37:11.008689-06:00 c0-0c0s1n1 ACPI: HPET 000000007f39f108 00038 (v01 ALASKA    A M I 01072009 AMI. 00000004)
2015-02-12T15:37:11.008697-06:00 c0-0c0s1n1 ACPI: PRAD 000000007f39f140 000BE (v02 PRADID  PRADTID 00000001 MSFT 03000001)
2015-02-12T15:37:11.008709-06:00 c0-0c0s1n1 ACPI: SSDT 000000007f39f200 70104 (v02  INTEL    CpuPm 00004000 INTL 20051117)
2015-02-12T15:37:11.008716-06:00 c0-0c0s1n1 ACPI: SPCR 000000007f40f308 00050 (v01  A M I   APTIO4 01072009 AMI. 00000004)
2015-02-12T15:37:11.008727-06:00 c0-0c0s1n1 ACPI: EINJ 000000007f40f358 00130 (v01    AMI AMI EINJ 00000000      00000000)
2015-02-12T15:37:11.008735-06:00 c0-0c0s1n1 ACPI: ERST 000000007f40f488 00230 (v01  AMIER AMI ERST 00000000      00000000)
2015-02-12T15:37:11.008749-06:00 c0-0c0s1n1 ACPI: HEST 000000007f40f6b8 000A8 (v01    AMI AMI HEST 00000000      00000000)
2015-02-12T15:37:11.008762-06:00 c0-0c0s1n1 ACPI: BERT 000000007f40f760 00030 (v01    AMI AMI BERT 00000000      00000000)
2015-02-12T15:37:11.008770-06:00 c0-0c0s1n1 ACPI: DMAR 000000007f40f790 000BC (v01 A M I   OEMDMAR 00000001 INTL 00000001)
2015-02-12T15:37:11.008782-06:00 c0-0c0s1n1 No NUMA configuration found
2015-02-12T15:37:11.008794-06:00 c0-0c0s1n1 Faking a node at 0000000000000000-0000001080000000
2015-02-12T15:37:11.008804-06:00 c0-0c0s1n1 Initmem setup node 0 0000000000000000-0000001080000000
2015-02-12T15:37:11.033809-06:00 c0-0c0s1n1  NODE_DATA [000000107ffbb000 - 000000107ffbffff]
2015-02-12T15:37:11.210441-06:00 c0-0c0s1n1 Zone PFN ranges:
2015-02-12T15:37:11.210623-06:00 c0-0c0s1n1  DMA      0x00000010 -> 0x00001000
2015-02-12T15:37:11.235283-06:00 c0-0c0s1n1  DMA32    0x00001000 -> 0x00100000
2015-02-12T15:37:11.235585-06:00 c0-0c0s1n1  Normal   0x00100000 -> 0x01080000
2015-02-12T15:37:11.235706-06:00 c0-0c0s1n1 Movable zone start PFN for each node
2015-02-12T15:37:11.260467-06:00 c0-0c0s1n1 early_node_map[5] active PFN ranges
2015-02-12T15:37:11.260595-06:00 c0-0c0s1n1    0: 0x00000010 -> 0x000000a0
2015-02-12T15:37:11.260652-06:00 c0-0c0s1n1    0: 0x00000100 -> 0x0007e67c
2015-02-12T15:37:11.260832-06:00 c0-0c0s1n1    0: 0x0007f491 -> 0x0007f493
2015-02-12T15:37:11.261018-06:00 c0-0c0s1n1    0: 0x0007f558 -> 0x0007f800
2015-02-12T15:37:11.261116-06:00 c0-0c0s1n1    0: 0x00100000 -> 0x01080000
2015-02-12T15:37:11.894708-06:00 c0-0c0s1n1 ACPI: LAPIC (acpi_id[0x00] lapic_id[0x00] enabled)
2015-02-12T15:37:11.894934-06:00 c0-0c0s1n1 ACPI: LAPIC (acpi_id[0x02] lapic_id[0x02] enabled)
2015-02-12T15:37:11.919896-06:00 c0-0c0s1n1 ACPI: LAPIC (acpi_id[0x04] lapic_id[0x04] enabled)
2015-02-12T15:37:11.956413-06:00 c0-0c0s1n1 ACPI: LAPIC (acpi_id[0x06] lapic_id[0x06] enabled)
2015-02-12T15:37:11.956636-06:00 c0-0c0s1n1 ACPI: LAPIC (acpi_id[0x08] lapic_id[0x08] enabled)
2015-02-12T15:37:11.956814-06:00 c0-0c0s1n1 ACPI: LAPIC (acpi_id[0x0a] lapic_id[0x0a] enabled)
2015-02-12T15:37:11.957017-06:00 c0-0c0s1n1 ACPI: LAPIC (acpi_id[0x0c] lapic_id[0x0c] enabled)
2015-02-12T15:37:11.957209-06:00 c0-0c0s1n1 ACPI: LAPIC (acpi_id[0x0e] lapic_id[0x0e] enabled)
2015-02-12T15:37:11.996425-06:00 c0-0c0s1n1 ACPI: LAPIC (acpi_id[0x01] lapic_id[0x01] enabled)
2015-02-12T15:37:11.996648-06:00 c0-0c0s1n1 ACPI: LAPIC (acpi_id[0x03] lapic_id[0x03] enabled)
2015-02-12T15:37:11.996866-06:00 c0-0c0s1n1 ACPI: LAPIC (acpi_id[0x05] lapic_id[0x05] enabled)
2015-02-12T15:37:11.997077-06:00 c0-0c0s1n1 ACPI: LAPIC (acpi_id[0x07] lapic_id[0x07] enabled)
2015-02-12T15:37:11.997266-06:00 c0-0c0s1n1 ACPI: LAPIC (acpi_id[0x09] lapic_id[0x09] enabled)
2015-02-12T15:37:11.997488-06:00 c0-0c0s1n1 ACPI: LAPIC (acpi_id[0x0b] lapic_id[0x0b] enabled)
2015-02-12T15:37:11.997693-06:00 c0-0c0s1n1 ACPI: LAPIC (acpi_id[0x0d] lapic_id[0x0d] enabled)
2015-02-12T15:37:12.036437-06:00 c0-0c0s1n1 ACPI: LAPIC (acpi_id[0x0f] lapic_id[0x0f] enabled)
2015-02-12T15:37:12.036669-06:00 c0-0c0s1n1 ACPI: LAPIC_NMI (acpi_id[0x00] high edge lint[0x1])
2015-02-12T15:37:12.036866-06:00 c0-0c0s1n1 ACPI: LAPIC_NMI (acpi_id[0x02] high edge lint[0x1])
2015-02-12T15:37:12.046350-06:00 c0-0c0s1n1 ACPI: LAPIC_NMI (acpi_id[0x04] high edge lint[0x1])
2015-02-12T15:37:12.046686-06:00 c0-0c0s1n1 ACPI: LAPIC_NMI (acpi_id[0x06] high edge lint[0x1])
2015-02-12T15:37:12.046978-06:00 c0-0c0s1n1 ACPI: LAPIC_NMI (acpi_id[0x08] high edge lint[0x1])
2015-02-12T15:37:12.071668-06:00 c0-0c0s1n1 ACPI: LAPIC_NMI (acpi_id[0x0a] high edge lint[0x1])
2015-02-12T15:37:12.071960-06:00 c0-0c0s1n1 ACPI: LAPIC_NMI (acpi_id[0x0c] high edge lint[0x1])
2015-02-12T15:37:12.072253-06:00 c0-0c0s1n1 ACPI: LAPIC_NMI (acpi_id[0x0e] high edge lint[0x1])
2015-02-12T15:37:12.096840-06:00 c0-0c0s1n1 ACPI: LAPIC_NMI (acpi_id[0x01] high edge lint[0x1])
2015-02-12T15:37:12.097184-06:00 c0-0c0s1n1 ACPI: LAPIC_NMI (acpi_id[0x03] high edge lint[0x1])
2015-02-12T15:37:12.097463-06:00 c0-0c0s1n1 ACPI: LAPIC_NMI (acpi_id[0x05] high edge lint[0x1])
2015-02-12T15:37:12.122182-06:00 c0-0c0s1n1 ACPI: LAPIC_NMI (acpi_id[0x07] high edge lint[0x1])
2015-02-12T15:37:12.122520-06:00 c0-0c0s1n1 ACPI: LAPIC_NMI (acpi_id[0x09] high edge lint[0x1])
2015-02-12T15:37:12.122815-06:00 c0-0c0s1n1 ACPI: LAPIC_NMI (acpi_id[0x0b] high edge lint[0x1])
2015-02-12T15:37:12.147352-06:00 c0-0c0s1n1 ACPI: LAPIC_NMI (acpi_id[0x0d] high edge lint[0x1])
2015-02-12T15:37:12.147623-06:00 c0-0c0s1n1 ACPI: LAPIC_NMI (acpi_id[0x0f] high edge lint[0x1])
2015-02-12T15:37:12.147900-06:00 c0-0c0s1n1 ACPI: IOAPIC (id[0x00] address[0xfec00000] gsi_base[0])
2015-02-12T15:37:12.172628-06:00 c0-0c0s1n1 IOAPIC[0]: apic_id 0, version 32, address 0xfec00000, GSI 0-23
2015-02-12T15:37:12.172942-06:00 c0-0c0s1n1 ACPI: IOAPIC (id[0x02] address[0xfec01000] gsi_base[24])
2015-02-12T15:37:12.173210-06:00 c0-0c0s1n1 IOAPIC[1]: apic_id 2, version 32, address 0xfec01000, GSI 24-47
2015-02-12T15:37:12.197982-06:00 c0-0c0s1n1 ACPI: INT_SRC_OVR (bus 0 bus_irq 0 global_irq 2 dfl dfl)
2015-02-12T15:37:12.198284-06:00 c0-0c0s1n1 ACPI: INT_SRC_OVR (bus 0 bus_irq 9 global_irq 9 high level)
2015-02-12T15:37:12.223081-06:00 c0-0c0s1n1 Using ACPI (MADT) for SMP configuration information
2015-02-12T15:37:12.223258-06:00 c0-0c0s1n1 ACPI: HPET id: 0x8086a701 base: 0xfed00000
2015-02-12T15:37:12.223459-06:00 c0-0c0s1n1 SMP: Allowing 16 CPUs, 0 hotplug CPUs
2015-02-12T15:37:12.248490-06:00 c0-0c0s1n1 Allocating PCI resources starting at 90000000 (gap: 90000000:6ed1c000)
2015-02-12T15:37:12.248601-06:00 c0-0c0s1n1 setup_percpu: NR_CPUS:128 nr_cpumask_bits:128 nr_cpu_ids:16 nr_node_ids:1
2015-02-12T15:37:12.248800-06:00 c0-0c0s1n1 PERCPU: Embedded 25 PATH1224 @ffff88107fa00000 s72704 r8192 d21504 u131072
2015-02-12T15:37:12.273607-06:00 c0-0c0s1n1 Built 1 zonelists in Zone order, mobility grouping on.  Total pages: 16534701
2015-02-12T15:37:12.273684-06:00 c0-0c0s1n1 Policy zone: Normal
2015-02-12T15:37:12.364478-06:00 c0-0c0s1n1 Kernel command line: earlyprintk=serial,115200 load_ramdisk=1 ramdisk_size=80000 console=ttyS0,115200n8 bootnodeip=IPADDR13 bootproto=ipog bootpath=PATH1220 rootfs=nfs-shared root=PATH1221 oops=panic bootifnetmask=IPADDR15 elevator=noop ippob1=10 ippob2=128 pcie_ports=native iommu=on intel_iommu=off bad_page=panic pln_enable=off apei_disable hest_disable erst_disable ghes_disable cgroup_disable=memory active_wlm=ALPS sdbnodeip=IPADDR16 sessionid=p0-20150212t152812 _cray=marker_ 
2015-02-12T15:37:12.364491-06:00 c0-0c0s1n1 Intel-IOMMU: disabled
2015-02-12T15:37:12.404108-06:00 c0-0c0s1n1 Disabling memory control group subsystem
2015-02-12T15:37:12.404181-06:00 c0-0c0s1n1 PID hash table entries: 4096 (order: 3, 32768 bytes)
2015-02-12T15:37:12.404205-06:00 c0-0c0s1n1 PATH1225: enabled xstate_bv 0x7, cntxt size 0x340
2015-02-12T15:37:12.768000-06:00 c0-0c0s1n1 Memory: PATH319779 available (5522k kernel code, 2121000k absent, 1019856k reserved, 5307k data, 692k init)
2015-02-12T15:37:12.792991-06:00 c0-0c0s1n1 Hierarchical RCU implementation.
2015-02-12T15:37:12.793046-06:00 c0-0c0s1n1 NR_IRQS:4352
2015-02-12T15:37:12.843771-06:00 c0-0c0s1n1 Extended CMOS year: 2000
2015-02-12T15:37:12.843902-06:00 c0-0c0s1n1 Console: colour dummy device 80x25
2015-02-12T15:37:12.868747-06:00 c0-0c0s1n1 console [ttyS0] enabled, bootconsole disabled
2015-02-12T15:37:12.869010-06:00 c0-0c0s1n1 console [ttyS0] enabled, bootconsole disabled
2015-02-12T15:37:12.894213-06:00 c0-0c0s1n1 Fast TSC calibration using PIT
2015-02-12T15:37:12.894343-06:00 c0-0c0s1n1 Detected 2599.773 MHz processor.
2015-02-12T15:37:12.919459-06:00 c0-0c0s1n1 Calibrating delay loop (skipped), value calculated using timer frequency.. 5199.54 BogoMIPS (lpj=10399092)
2015-02-12T15:37:12.919549-06:00 c0-0c0s1n1 pid_max: default: 32768 minimum: 301
2015-02-12T15:37:12.970091-06:00 c0-0c0s1n1 Dentry cache hash table entries: 8388608 (order: 14, 67108864 bytes)
2015-02-12T15:37:12.995402-06:00 c0-0c0s1n1 Inode-cache hash table entries: 4194304 (order: 13, 33554432 bytes)
2015-02-12T15:37:13.020602-06:00 c0-0c0s1n1 Mount-cache hash table entries: 256
2015-02-12T15:37:13.020792-06:00 c0-0c0s1n1 Initializing cgroup subsys cpuacct
2015-02-12T15:37:13.021015-06:00 c0-0c0s1n1 Initializing cgroup subsys memory
2015-02-12T15:37:13.045652-06:00 c0-0c0s1n1 Initializing cgroup subsys devices
2015-02-12T15:37:13.045797-06:00 c0-0c0s1n1 Initializing cgroup subsys perf_event
2015-02-12T15:37:13.045929-06:00 c0-0c0s1n1 CPU: Physical Processor ID: 0
2015-02-12T15:37:13.046068-06:00 c0-0c0s1n1 CPU: Processor Core ID: 0
2015-02-12T15:37:13.046231-06:00 c0-0c0s1n1 mce: CPU supports 20 MCE banks
2015-02-12T15:37:13.070910-06:00 c0-0c0s1n1 CPU0: Thermal monitoring enabled (TM1)
2015-02-12T15:37:13.071066-06:00 c0-0c0s1n1 using mwait in idle threads.
2015-02-12T15:37:13.071237-06:00 c0-0c0s1n1 ACPI: Core revision 20110413
2015-02-12T15:37:13.121473-06:00 c0-0c0s1n1 ftrace: allocating 20236 entries in 80 pages
2015-02-12T15:37:13.146702-06:00 c0-0c0s1n1 DMAR: Host address width 46
2015-02-12T15:37:13.146977-06:00 c0-0c0s1n1 DMAR: DRHD base: 0x000000fbffc000 flags: 0x1
2015-02-12T15:37:13.147197-06:00 c0-0c0s1n1 IOMMU 0: reg_base_addr fbffc000 ver 1:0 cap d2078c106f0462 ecap f020fe
2015-02-12T15:37:13.171778-06:00 c0-0c0s1n1 DMAR: RMRR base: 0x0000007f430000 end: 0x0000007f43cfff
2015-02-12T15:37:13.171992-06:00 c0-0c0s1n1 DMAR: ATSR flags: 0x0
2015-02-12T15:37:13.172102-06:00 c0-0c0s1n1 DMAR: RHSA base: 0x000000fbffc000 proximity domain: 0x0
2015-02-12T15:37:13.196911-06:00 c0-0c0s1n1 Switched APIC routing to physical flat.
2015-02-12T15:37:13.197100-06:00 c0-0c0s1n1 ..TIMER: vector=0x30 apic1=0 pin1=2 apic2=-1 pin2=-1
2015-02-12T15:37:13.272680-06:00 c0-0c0s1n1 CPU0: Intel(R) Xeon(R) CPU E5-2670 0 @ 2.60GHz stepping 07
2015-02-12T15:37:13.474430-06:00 c0-0c0s1n1 Performance Events: PEBS fmt1+, 16-deep LBR, SandyBridge events, full-width counters, Intel PMU driver.
2015-02-12T15:37:13.499309-06:00 c0-0c0s1n1 ... version:                3
2015-02-12T15:37:13.499411-06:00 c0-0c0s1n1 ... bit width:              48
2015-02-12T15:37:13.499585-06:00 c0-0c0s1n1 ... generic registers:      4
2015-02-12T15:37:13.499696-06:00 c0-0c0s1n1 ... value mask:             0000ffffffffffff
2015-02-12T15:37:13.499833-06:00 c0-0c0s1n1 ... max period:             0000ffffffffffff
2015-02-12T15:37:13.499944-06:00 c0-0c0s1n1 ... fixed-purpose events:   3
2015-02-12T15:37:13.524624-06:00 c0-0c0s1n1 ... event mask:             000000070000000f
2015-02-12T15:37:13.966553-06:00 c0-0c0s1n1 Booting Node   0, Processors  #1 #2 #3 #4 #5 #6 #7 #8 #9 #10 #11 #12 #13 #14 #15 Ok.
2015-02-12T15:37:14.016931-06:00 c0-0c0s1n1 Brought up 16 CPUs
2015-02-12T15:37:14.041977-06:00 c0-0c0s1n1 Total of 16 processors activated (83192.73 BogoMIPS).
2015-02-12T15:37:14.067350-06:00 c0-0c0s1n1 NET: Registered protocol family 16
2015-02-12T15:37:14.067551-06:00 c0-0c0s1n1 ACPI FADT declares the system doesn't support PCIe ASPM, so disable it
2015-02-12T15:37:14.092425-06:00 c0-0c0s1n1 ACPI: bus type pci registered
2015-02-12T15:37:14.092751-06:00 c0-0c0s1n1 PCI: MMCONFIG for domain 0000 [bus 00-ff] at [mem 0x80000000-0x8fffffff] (base 0x80000000)
2015-02-12T15:37:14.117744-06:00 c0-0c0s1n1 PCI: MMCONFIG at [mem 0x80000000-0x8fffffff] reserved in E820
2015-02-12T15:37:14.142971-06:00 c0-0c0s1n1 PCI: Using configuration type 1 for base access
2015-02-12T15:37:14.143178-06:00 c0-0c0s1n1 bio: create slab <bio-0> at 0
2015-02-12T15:37:14.193604-06:00 c0-0c0s1n1 ACPI: Executed 1 blocks of module-level executable AML code
2015-02-12T15:37:14.395400-06:00 c0-0c0s1n1 ACPI: Interpreter enabled
2015-02-12T15:37:14.395518-06:00 c0-0c0s1n1 ACPI: (supports S0 S1 S3 S5)
2015-02-12T15:37:14.395706-06:00 c0-0c0s1n1 ACPI: Using IOAPIC for interrupt routing
2015-02-12T15:37:14.420842-06:00 c0-0c0s1n1 ACPI: No dock devices found.
2015-02-12T15:37:14.420949-06:00 c0-0c0s1n1 HEST: Table parsing disabled.
2015-02-12T15:37:14.445973-06:00 c0-0c0s1n1 PCI: Using host bridge windows from ACPI; if necessary, use "pci=nocrs" and report a bug
2015-02-12T15:37:14.446535-06:00 c0-0c0s1n1 ACPI: PCI Root Bridge [PCI0] (domain 0000 [bus 00-fe])
2015-02-12T15:37:14.471400-06:00 c0-0c0s1n1 pci_root PNP0A08:00: host bridge window [io  0x0000-0x03af]
2015-02-12T15:37:14.471656-06:00 c0-0c0s1n1 pci_root PNP0A08:00: host bridge window [io  0x03e0-0x0cf7]
2015-02-12T15:37:14.496444-06:00 c0-0c0s1n1 pci_root PNP0A08:00: host bridge window [io  0x0d00-0xffff]
2015-02-12T15:37:14.496698-06:00 c0-0c0s1n1 pci_root PNP0A08:00: host bridge window [mem 0x000c0000-0x000dffff]
2015-02-12T15:37:14.521581-06:00 c0-0c0s1n1 pci_root PNP0A08:00: host bridge window [mem 0x80000000-0xfbffffff]
2015-02-12T15:37:14.521923-06:00 c0-0c0s1n1 pci_root PNP0A08:00: host bridge window [mem 0x1080000000-0x3c3fffffffff]
2015-02-12T15:37:14.547048-06:00 c0-0c0s1n1 pci 0000:00:02.0: PCI bridge to [bus 01-01]
2015-02-12T15:37:14.547228-06:00 c0-0c0s1n1 pci 0000:00:03.0: PCI bridge to [bus 02-02]
2015-02-12T15:37:14.547505-06:00 c0-0c0s1n1 pci 0000:00:03.2: PCI bridge to [bus 03-03]
2015-02-12T15:37:14.571967-06:00 c0-0c0s1n1 pci 0000:00:11.0: PCI bridge to [bus 04-04]
2015-02-12T15:37:14.572297-06:00 c0-0c0s1n1 pci 0000:00:1e.0: PCI bridge to [bus 05-05] (subtractive decode)
2015-02-12T15:37:14.572563-06:00 c0-0c0s1n1 pci0000:00: Unable to request _OSC control (_OSC support mask: 0x19)
2015-02-12T15:37:14.597843-06:00 c0-0c0s1n1 ACPI: PCI Root Bridge [UNC0] (domain 0000 [bus ff])
2015-02-12T15:37:14.622767-06:00 c0-0c0s1n1 pci0000:ff: Unable to request _OSC control (_OSC support mask: 0x19)
2015-02-12T15:37:14.623138-06:00 c0-0c0s1n1 ACPI: PCI Interrupt Link [LNKA] (IRQs 3 4 5 6 7 10 *11 12 14 15)
2015-02-12T15:37:14.648007-06:00 c0-0c0s1n1 ACPI: PCI Interrupt Link [LNKB] (IRQs 3 4 5 6 7 *10 11 12 14 15)
2015-02-12T15:37:14.673120-06:00 c0-0c0s1n1 ACPI: PCI Interrupt Link [LNKC] (IRQs 3 4 *5 6 10 11 12 14 15)
2015-02-12T15:37:14.673303-06:00 c0-0c0s1n1 ACPI: PCI Interrupt Link [LNKD] (IRQs *3 4 5 6 10 11 12 14 15)
2015-02-12T15:37:14.673631-06:00 c0-0c0s1n1 ACPI: PCI Interrupt Link [LNKE] (IRQs 3 4 5 6 7 10 11 12 14 15) *0
2015-02-12T15:37:14.698563-06:00 c0-0c0s1n1 ACPI: PCI Interrupt Link [LNKF] (IRQs 3 4 5 6 7 10 11 12 14 15) *0
2015-02-12T15:37:14.698887-06:00 c0-0c0s1n1 ACPI: PCI Interrupt Link [LNKG] (IRQs 3 4 5 6 7 10 11 12 14 15) *0
2015-02-12T15:37:14.723497-06:00 c0-0c0s1n1 ACPI: PCI Interrupt Link [LNKH] (IRQs 3 4 5 6 *7 10 11 12 14 15)
2015-02-12T15:37:14.723651-06:00 c0-0c0s1n1 vgaarb: loaded
2015-02-12T15:37:14.723829-06:00 c0-0c0s1n1 SCSI subsystem initialized
2015-02-12T15:37:14.723988-06:00 c0-0c0s1n1 PCI: Using ACPI for IRQ routing
2015-02-12T15:37:14.749008-06:00 c0-0c0s1n1 Switching to clocksource hpet
2015-02-12T15:37:14.749420-06:00 c0-0c0s1n1 pnp: PnP ACPI init
2015-02-12T15:37:14.774205-06:00 c0-0c0s1n1 ACPI: bus type pnp registered
2015-02-12T15:37:14.774514-06:00 c0-0c0s1n1 system 00:01: [mem 0xfc000000-0xfcffffff] has been reserved
2015-02-12T15:37:14.774924-06:00 c0-0c0s1n1 system 00:01: [mem 0xfd000000-0xfdffffff] has been reserved
2015-02-12T15:37:14.799483-06:00 c0-0c0s1n1 system 00:01: [mem 0xfe000000-0xfeafffff] has been reserved
2015-02-12T15:37:14.799804-06:00 c0-0c0s1n1 system 00:01: [mem 0xfeb00000-0xfebfffff] has been reserved
2015-02-12T15:37:14.824703-06:00 c0-0c0s1n1 system 00:01: [mem 0xfed00400-0xfed3ffff] could not be reserved
2015-02-12T15:37:14.825021-06:00 c0-0c0s1n1 system 00:01: [mem 0xfed45000-0xfedfffff] has been reserved
2015-02-12T15:37:14.825295-06:00 c0-0c0s1n1 system 00:02: [mem 0xfbffc000-0xfbffdfff] has been reserved
2015-02-12T15:37:14.849948-06:00 c0-0c0s1n1 system 00:06: [io  0x04d0-0x04d1] has been reserved
2015-02-12T15:37:14.850269-06:00 c0-0c0s1n1 system 00:08: [io  0x0400-0x0453] has been reserved
2015-02-12T15:37:14.875225-06:00 c0-0c0s1n1 system 00:08: [io  0x0458-0x047f] has been reserved
2015-02-12T15:37:14.875470-06:00 c0-0c0s1n1 system 00:08: [io  0x1180-0x119f] has been reserved
2015-02-12T15:37:14.875730-06:00 c0-0c0s1n1 system 00:08: [io  0x0500-0x057f] has been reserved
2015-02-12T15:37:14.900450-06:00 c0-0c0s1n1 system 00:08: [mem 0xfed1c000-0xfed1ffff] has been reserved
2015-02-12T15:37:14.900843-06:00 c0-0c0s1n1 system 00:08: [mem 0xfec00000-0xfecfffff] could not be reserved
2015-02-12T15:37:14.901211-06:00 c0-0c0s1n1 system 00:08: [mem 0xfed08000-0xfed08fff] has been reserved
2015-02-12T15:37:14.925943-06:00 c0-0c0s1n1 system 00:08: [mem 0xff000000-0xffffffff] has been reserved
2015-02-12T15:37:14.926252-06:00 c0-0c0s1n1 system 00:09: [io  0x0454-0x0457] has been reserved
2015-02-12T15:37:14.926448-06:00 c0-0c0s1n1 pnp: PnP ACPI: found 12 devices
2015-02-12T15:37:14.951016-06:00 c0-0c0s1n1 ACPI: ACPI bus type pnp unregistered
2015-02-12T15:37:14.951434-06:00 c0-0c0s1n1 pci 0000:00:02.0: PCI bridge to [bus 01-01]
2015-02-12T15:37:14.976128-06:00 c0-0c0s1n1 pci 0000:00:02.0:   bridge window [io  disabled]
2015-02-12T15:37:14.976477-06:00 c0-0c0s1n1 pci 0000:00:02.0:   bridge window [mem disabled]
2015-02-12T15:37:14.976871-06:00 c0-0c0s1n1 pci 0000:00:02.0:   bridge window [mem 0x3c0000000000-0x3c20000fffff 64bit pref]
2015-02-12T15:37:15.001626-06:00 c0-0c0s1n1 pci 0000:00:03.0: PCI bridge to [bus 02-02]
2015-02-12T15:37:15.001916-06:00 c0-0c0s1n1 pci 0000:00:03.0:   bridge window [io  disabled]
2015-02-12T15:37:15.026838-06:00 c0-0c0s1n1 pci 0000:00:03.0:   bridge window [mem 0xfbc00000-0xfbdfffff]
2015-02-12T15:37:15.027293-06:00 c0-0c0s1n1 pci 0000:00:03.0:   bridge window [mem 0x3c2001000000-0x3c20017fffff 64bit pref]
2015-02-12T15:37:15.027569-06:00 c0-0c0s1n1 pci 0000:00:03.2: PCI bridge to [bus 03-03]
2015-02-12T15:37:15.052159-06:00 c0-0c0s1n1 pci 0000:00:03.2:   bridge window [io  disabled]
2015-02-12T15:37:15.052543-06:00 c0-0c0s1n1 pci 0000:00:03.2:   bridge window [mem 0xfba00000-0xfbbfffff]
2015-02-12T15:37:15.077476-06:00 c0-0c0s1n1 pci 0000:00:03.2:   bridge window [mem 0x3c2000800000-0x3c2000ffffff 64bit pref]
2015-02-12T15:37:15.077720-06:00 c0-0c0s1n1 pci 0000:00:11.0: PCI bridge to [bus 04-04]
2015-02-12T15:37:15.077974-06:00 c0-0c0s1n1 pci 0000:00:11.0:   bridge window [io  0xe000-0xefff]
2015-02-12T15:37:15.102731-06:00 c0-0c0s1n1 pci 0000:00:11.0:   bridge window [mem 0xfbe00000-0xfbefffff]
2015-02-12T15:37:15.103132-06:00 c0-0c0s1n1 pci 0000:00:11.0:   bridge window [mem 0x3c2001800000-0x3c2001cfffff 64bit pref]
2015-02-12T15:37:15.127820-06:00 c0-0c0s1n1 pci 0000:00:1e.0: PCI bridge to [bus 05-05]
2015-02-12T15:37:15.128109-06:00 c0-0c0s1n1 pci 0000:00:1e.0:   bridge window [io  disabled]
2015-02-12T15:37:15.128432-06:00 c0-0c0s1n1 pci 0000:00:1e.0:   bridge window [mem disabled]
2015-02-12T15:37:15.153109-06:00 c0-0c0s1n1 pci 0000:00:1e.0:   bridge window [mem pref disabled]
2015-02-12T15:37:15.153428-06:00 c0-0c0s1n1 pci 0000:00:02.0: PCI INT A -> GSI 32 (level, low) -> IRQ 32
2015-02-12T15:37:15.153710-06:00 c0-0c0s1n1 pci 0000:00:03.0: PCI INT A -> GSI 40 (level, low) -> IRQ 40
2015-02-12T15:37:15.178576-06:00 c0-0c0s1n1 pci 0000:00:03.2: PCI INT A -> GSI 40 (level, low) -> IRQ 40
2015-02-12T15:37:15.178865-06:00 c0-0c0s1n1 pci 0000:00:11.0: PCI INT A -> GSI 16 (level, low) -> IRQ 16
2015-02-12T15:37:15.203566-06:00 c0-0c0s1n1 NET: Registered protocol family 2
2015-02-12T15:37:15.203996-06:00 c0-0c0s1n1 IP route cache hash table entries: 524288 (order: 10, 4194304 bytes)
2015-02-12T15:37:15.229046-06:00 c0-0c0s1n1 TCP established hash table entries: 524288 (order: 11, 8388608 bytes)
2015-02-12T15:37:15.229517-06:00 c0-0c0s1n1 TCP bind hash table entries: 65536 (order: 8, 1048576 bytes)
2015-02-12T15:37:15.254221-06:00 c0-0c0s1n1 TCP: Hash tables configured (established 524288 bind 65536)
2015-02-12T15:37:15.254227-06:00 c0-0c0s1n1 TCP reno registered
2015-02-12T15:37:15.254466-06:00 c0-0c0s1n1 UDP hash table entries: 32768 (order: 8, 1048576 bytes)
2015-02-12T15:37:15.254868-06:00 c0-0c0s1n1 UDP-Lite hash table entries: 32768 (order: 8, 1048576 bytes)
2015-02-12T15:37:15.279387-06:00 c0-0c0s1n1 NET: Registered protocol family 1
2015-02-12T15:37:15.316483-06:00 c0-0c0s1n1 RPC: Registered named UNIX socket transport module.
2015-02-12T15:37:15.316556-06:00 c0-0c0s1n1 RPC: Registered udp transport module.
2015-02-12T15:37:15.316694-06:00 c0-0c0s1n1 RPC: Registered tcp transport module.
2015-02-12T15:37:15.316904-06:00 c0-0c0s1n1 RPC: Registered tcp NFSv4.1 backchannel transport module.
2015-02-12T15:37:15.356414-06:00 c0-0c0s1n1 pci 0000:00:1a.0: PCI INT A -> GSI 16 (level, low) -> IRQ 16
2015-02-12T15:37:15.356725-06:00 c0-0c0s1n1 pci 0000:00:1a.0: PCI INT A disabled
2015-02-12T15:37:15.356895-06:00 c0-0c0s1n1 pci 0000:00:1d.0: PCI INT A -> GSI 23 (level, low) -> IRQ 23
2015-02-12T15:37:15.380610-06:00 c0-0c0s1n1 pci 0000:00:1d.0: PCI INT A disabled
2015-02-12T15:37:15.405595-06:00 c0-0c0s1n1 Trying to unpack rootfs image as initramfs...
2015-02-12T15:37:15.834096-06:00 c0-0c0s1n1 Freeing initrd memory: 12352k freed
2015-02-12T15:37:15.834394-06:00 c0-0c0s1n1 DMAR: Device scope device [0000:00:01.01] not found
2015-02-12T15:37:15.834521-06:00 c0-0c0s1n1 DMAR: Device scope device [0000:00:01.01] not found
2015-02-12T15:37:15.859297-06:00 c0-0c0s1n1 PCI-DMA: Using software bounce buffering for IO (SWIOTLB)
2015-02-12T15:37:15.859552-06:00 c0-0c0s1n1 Placing 64MB software IO TLB between ffff88007a67c000 - ffff88007e67c000
2015-02-12T15:37:15.859646-06:00 c0-0c0s1n1 software IO TLB at phys 0x7a67c000 - 0x7e67c000
2015-02-12T15:37:15.884703-06:00 c0-0c0s1n1 Machine check injector initialized
2015-02-12T15:37:15.909838-06:00 c0-0c0s1n1 futex hash table entries: 4096 (order: 6, 262144 bytes)
2015-02-12T15:37:15.910018-06:00 c0-0c0s1n1 Registering pnotify support for (name=job)
2015-02-12T15:37:15.910162-06:00 c0-0c0s1n1 CSA: initialized
2015-02-12T15:37:15.934982-06:00 c0-0c0s1n1 audit: initializing netlink socket (disabled)
2015-02-12T15:37:15.935226-06:00 c0-0c0s1n1 type=2000 audit(1423777031.512:1): initialized
2015-02-12T15:37:15.985567-06:00 c0-0c0s1n1 HugeTLB registered 2 MB page size, pre-allocated 0 pages
2015-02-12T15:37:15.985747-06:00 c0-0c0s1n1 VFS: Disk quotas dquot_6.5.2
2015-02-12T15:37:15.985982-06:00 c0-0c0s1n1 Dquot-cache hash table entries: 512 (order 0, 4096 bytes)
2015-02-12T15:37:16.010923-06:00 c0-0c0s1n1 Installing knfsd (copyright (C) 1996 okir@monad.swb.de).
2015-02-12T15:37:16.011082-06:00 c0-0c0s1n1 fuse init (API version 7.16)
2015-02-12T15:37:16.011225-06:00 c0-0c0s1n1 Installing v9fs 9p2000 file system support
2015-02-12T15:37:16.011370-06:00 c0-0c0s1n1 msgmni has been set to 32268
2015-02-12T15:37:16.036252-06:00 c0-0c0s1n1 Block layer SCSI generic (bsg) driver version 0.4 loaded (major 254)
2015-02-12T15:37:16.036434-06:00 c0-0c0s1n1 io scheduler noop registered (default)
2015-02-12T15:37:16.036592-06:00 c0-0c0s1n1 io scheduler deadline registered
2015-02-12T15:37:16.061220-06:00 c0-0c0s1n1 io scheduler cfq registered
2015-02-12T15:37:16.061706-06:00 c0-0c0s1n1 input: Power Button as PATH1228:PATH1229:PATH1230:PATH1231
2015-02-12T15:37:16.061859-06:00 c0-0c0s1n1 ACPI: Power Button [PWRB]
2015-02-12T15:37:16.086574-06:00 c0-0c0s1n1 input: Power Button as PATH1228:PATH1232:PATH1233
2015-02-12T15:37:16.086792-06:00 c0-0c0s1n1 ACPI: Power Button [PWRF]
2015-02-12T15:37:16.187592-06:00 c0-0c0s1n1 ERST: Error Record Serialization Table (ERST) support is disabled.
2015-02-12T15:37:16.187719-06:00 c0-0c0s1n1 GHES: HEST is not enabled!
2015-02-12T15:37:16.238007-06:00 c0-0c0s1n1 Serial: PATH1234 driver, 2 ports, IRQ sharing disabled
2015-02-12T15:37:16.263100-06:00 c0-0c0s1n1 rial8250: ttyS0 at PATH1235 0x3f8 (irq = 4) is a 16550A
2015-02-12T15:37:16.338915-06:00 c0-0c0s1n1 serial8250: ttyS1 at PATH1235 0x2f8 (irq = 3) is a 16550A
2015-02-12T15:37:16.414930-06:00 c0-0c0s1n1 Real Time Clock Driver v1.12b
2015-02-12T15:37:16.439818-06:00 c0-0c0s1n1 Linux agpgart interface v0.103
2015-02-12T15:37:16.439977-06:00 c0-0c0s1n1 brd: module loaded
2015-02-12T15:37:16.440019-06:00 c0-0c0s1n1 loop: module loaded
2015-02-12T15:37:16.440183-06:00 c0-0c0s1n1 Loading iSCSI transport class v2.0-870.
2015-02-12T15:37:16.440295-06:00 c0-0c0s1n1 iscsi: registered transport (tcp)
2015-02-12T15:37:16.465108-06:00 c0-0c0s1n1 Rounding down aligned max_sectors from 4294967295 to 4294967288
2015-02-12T15:37:16.465219-06:00 c0-0c0s1n1 console [netcon0] enabled
2015-02-12T15:37:16.465368-06:00 c0-0c0s1n1 netconsole: network logging started
2015-02-12T15:37:16.490333-06:00 c0-0c0s1n1 i8042: PNP: No PATH1236 controller found. Probing ports directly.
2015-02-12T15:37:16.883823-06:00 c0-0c0s1n1 Refined TSC clocksource calibration: 2599.999 MHz.
2015-02-12T15:37:16.908893-06:00 c0-0c0s1n1 Switching to clocksource tsc
2015-02-12T15:37:17.523228-06:00 c0-0c0s1n1 i8042: No controller found
2015-02-12T15:37:17.523287-06:00 c0-0c0s1n1 EDAC MC: Ver: 2.1.0
2015-02-12T15:37:17.548280-06:00 c0-0c0s1n1 cpuidle: using governor ladder
2015-02-12T15:37:17.548466-06:00 c0-0c0s1n1 cpuidle: using governor menu
2015-02-12T15:37:17.548556-06:00 c0-0c0s1n1 oprofile: using NMI interrupt.
2015-02-12T15:37:17.548661-06:00 c0-0c0s1n1 TCP cubic registered
2015-02-12T15:37:17.548730-06:00 c0-0c0s1n1 NET: Registered protocol family 10
2015-02-12T15:37:17.573544-06:00 c0-0c0s1n1 IPv6 over IPv4 tunneling driver
2015-02-12T15:37:17.573738-06:00 c0-0c0s1n1 NET: Registered protocol family 17
2015-02-12T15:37:17.573914-06:00 c0-0c0s1n1 Installing 9P2000 support
2015-02-12T15:37:17.573992-06:00 c0-0c0s1n1 Registering the dns_resolver key type
2015-02-12T15:37:17.574140-06:00 c0-0c0s1n1 registered taskstats version 1
2015-02-12T15:37:17.599000-06:00 c0-0c0s1n1 Freeing unused kernel memory: 692k freed
2015-02-12T15:37:19.208043-06:00 c0-0c0s1n1 ghal_init:Cray(R) Gemini Hardware Abstraction Layer - version 1.0107
2015-02-12T15:37:19.208053-06:00 c0-0c0s1n1 ghal_init:Copyright (C) 2007-1012 Cray Inc.
2015-02-12T15:37:19.208064-06:00 c0-0c0s1n1 ghal 0000:01:00.1: enabling device (0000 -> 0002)
2015-02-12T15:37:19.208070-06:00 c0-0c0s1n1 udev: starting version 147
2015-02-12T15:37:19.208079-06:00 c0-0c0s1n1 simplex: module license 'unspecified' taints kernel.
2015-02-12T15:37:19.208096-06:00 c0-0c0s1n1 hss-os: communication area 0xffff8810082b9000 (phys 0x10082b9000)
2015-02-12T15:37:19.208111-06:00 c0-0c0s1n1 hss-os: new channel 1
2015-02-12T15:37:19.233927-06:00 c0-0c0s1n1 request_sys_info_from_L0: No tile dimension data
2015-02-12T15:37:19.258488-06:00 c0-0c0s1n1 hss-os: new channel 2
2015-02-12T15:37:19.258592-06:00 c0-0c0s1n1 kgni_init:Cray(R) Gemini Network Interface - Sep 17 2014 version 0x004500b7 rev 9750
2015-02-12T15:37:19.258615-06:00 c0-0c0s1n1 kgni_init:Copyright (C) 2007,2008 Cray Inc.
2015-02-12T15:37:19.313848-06:00 c0-0c0s1n1 ipogif_init:Cray(R) Gemini IP over Fabric device driver - version 0.17
2015-02-12T15:37:19.338895-06:00 c0-0c0s1n1 ipogif_init:Copyright (C) 2007 Cray Inc.
2015-02-12T15:37:19.340171-06:00 c0-0c0s1n1 ipogif_probe:Immediate checksum off
2015-02-12T15:37:19.340182-06:00 c0-0c0s1n1 Cray(R) Gemini Performance Counter Daemon - version 0.1
2015-02-12T15:37:19.340227-06:00 c0-0c0s1n1 GEMINI Performance Counter Daemon.
2015-02-12T15:37:19.340240-06:00 c0-0c0s1n1 Cray(R) Kernel Dynamic Registration (KDREG) Interface - version 0x2243e
2015-02-12T15:37:19.364452-06:00 c0-0c0s1n1 Copyright (C) 2004-5 Pete Wyckoff - modified by Cray(R)
2015-02-12T15:37:19.602818-06:00 c0-0c0s1n1 ipogif_up:Bringing interface up
2015-02-12T15:37:19.704062-06:00 c0-0c0s1n1 Sending ec_node_info with boot code 0 (NODE_INFO_OS_BOOT) for nid 5
2015-02-12T15:37:19.704074-06:00 c0-0c0s1n1 net.core.rmem_max = 16777216
2015-02-12T15:37:19.704079-06:00 c0-0c0s1n1 net.core.wmem_max = 16777216
2015-02-12T15:37:19.704084-06:00 c0-0c0s1n1 net.core.rmem_default = 16777216
2015-02-12T15:37:19.704091-06:00 c0-0c0s1n1 net.core.wmem_default = 16777216
2015-02-12T15:37:19.704102-06:00 c0-0c0s1n1 net.core.optmem_max = 16777216
2015-02-12T15:37:19.704116-06:00 c0-0c0s1n1 net.ipv4.tcp_mem = 16777216 16777216 16777216
2015-02-12T15:37:19.704223-06:00 c0-0c0s1n1 net.ipv4.tcp_rmem = 4096 87380 16777216
2015-02-12T15:37:19.704236-06:00 c0-0c0s1n1 net.ipv4.tcp_wmem = 4096 65536 16777216
2015-02-12T15:37:19.704280-06:00 c0-0c0s1n1 Using rootfs config: nfs-shared...
2015-02-12T15:37:19.704361-06:00 c0-0c0s1n1 rootfs mount succeeded.
2015-02-12T15:37:19.704433-06:00 c0-0c0s1n1 **********************************************************
2015-02-12T15:37:19.729460-06:00 c0-0c0s1n1    HOSTNAME: nid00005
2015-02-12T15:37:19.729485-06:00 c0-0c0s1n1 **********************************************************
2015-02-12T15:37:19.729499-06:00 c0-0c0s1n1 ipogif0   Link encap:Ethernet  HWaddr 00:01:01:00:00:05  
2015-02-12T15:37:19.729535-06:00 c0-0c0s1n1          inet addr:IPADDR46  Mask:IPADDR15
2015-02-12T15:37:19.729562-06:00 c0-0c0s1n1          inet6 addr: fe80::201:1ff:fe00:PATH3954 Scope:Link
2015-02-12T15:37:19.729574-06:00 c0-0c0s1n1          UP RUNNING NOARP  MTU:65520  Metric:1
2015-02-12T15:37:19.729605-06:00 c0-0c0s1n1          RX packets:21 errors:0 dropped:0 overruns:0 frame:0
2015-02-12T15:37:19.729621-06:00 c0-0c0s1n1          TX packets:28 errors:0 dropped:0 overruns:0 carrier:0
2015-02-12T15:37:19.729647-06:00 c0-0c0s1n1          collisions:0 txqueuelen:1000 
2015-02-12T15:37:19.729658-06:00 c0-0c0s1n1          RX bytes:2496 (2.4 KiB)  TX bytes:2540 (2.4 KiB)
2015-02-12T15:37:19.729702-06:00 c0-0c0s1n1 lo        Link encap:Local Loopback  
2015-02-12T15:37:19.729711-06:00 c0-0c0s1n1          inet addr:IPADDR18  Mask:IPADDR24
2015-02-12T15:37:19.729752-06:00 c0-0c0s1n1          inet6 addr: ::PATH1252 Scope:Host
2015-02-12T15:37:19.729761-06:00 c0-0c0s1n1          UP LOOPBACK RUNNING  MTU:16436  Metric:1
2015-02-12T15:37:19.729774-06:00 c0-0c0s1n1          RX packets:0 errors:0 dropped:0 overruns:0 frame:0
2015-02-12T15:37:19.729806-06:00 c0-0c0s1n1          TX packets:0 errors:0 dropped:0 overruns:0 carrier:0
2015-02-12T15:37:19.754758-06:00 c0-0c0s1n1          collisions:0 txqueuelen:0 
2015-02-12T15:37:19.754771-06:00 c0-0c0s1n1          RX bytes:0 (0.0 B)  TX bytes:0 (0.0 B)
2015-02-12T15:37:19.754786-06:00 c0-0c0s1n1 Mounting NID specific PATH1253 (nid=5)...
2015-02-12T15:37:19.780435-06:00 c0-0c0s1n1 done.
2015-02-12T15:37:19.922047-06:00 c0-0c0s1n1 INIT: version 2.86 booting
2015-02-12T15:37:19.980696-06:00 c0-0c0s1n1 System Boot Control: Running PATH1254
2015-02-12T15:37:19.980791-06:00 c0-0c0s1n1 Mounting sysfs at PATH12557[?25l
2015-02-12T15:37:19.980798-06:00 c0-0c0s1n1 [80C[10D[1;32mdone[m8[?25h
2015-02-12T15:37:19.980855-06:00 c0-0c0s1n1 Copying static PATH1256 content7[?25l
2015-02-12T15:37:19.980866-06:00 c0-0c0s1n1 [80C[10D[1;32mdone[m8[?25h
2015-02-12T15:37:19.980938-06:00 c0-0c0s1n1 Mounting tmpfs at PATH12577[?25l
2015-02-12T15:37:19.980948-06:00 c0-0c0s1n1 [80C[10D[1;32mdone[m8[?25h
2015-02-12T15:37:20.005671-06:00 c0-0c0s1n1 Mounting devpts at PATH12587[?25l
2015-02-12T15:37:20.005691-06:00 c0-0c0s1n1 [80C[10D[1;32mdone[m8[?25h
2015-02-12T15:37:20.005752-06:00 c0-0c0s1n1 Boot logging started on PATH1259(PATH1260) at Thu Feb 12 15:37:15 2015
2015-02-12T15:37:20.045652-06:00 c0-0c0s1n1 Mounting debugfs at PATH12617[?25l
2015-02-12T15:37:20.045669-06:00 c0-0c0s1n1 [80C[10D[1;32mdone[m8[?25h
2015-02-12T15:37:20.096242-06:00 c0-0c0s1n1 [m[?25hNo efivars filesystem driver available.[m[?25hStarting udevd: udev: starting version 147
2015-02-12T15:37:20.096252-06:00 c0-0c0s1n1 7[?25l
2015-02-12T15:37:20.096260-06:00 c0-0c0s1n1 [80C[10D[1;32mdone[m8[?25h
2015-02-12T15:37:20.171773-06:00 c0-0c0s1n1 Loading drivers, configuring devices: Compat-rdma backport release: ac916cb
2015-02-12T15:37:20.196795-06:00 c0-0c0s1n1 Backport based on git:PATH1237 5268562
2015-02-12T15:37:20.196909-06:00 c0-0c0s1n1 usbcore: registered new interface driver usbfs
2015-02-12T15:37:20.196989-06:00 c0-0c0s1n1 usbcore: registered new interface driver hub
2015-02-12T15:37:20.197041-06:00 c0-0c0s1n1 usbcore: registered new device driver usb
2015-02-12T15:37:20.222048-06:00 c0-0c0s1n1 ahci 0000:00:1f.2: PCI INT B -> GSI 19 (level, low) -> IRQ 19
2015-02-12T15:37:20.222202-06:00 c0-0c0s1n1 ehci_hcd: USB 2.0 'Enhanced' Host Controller (EHCI) Driver
2015-02-12T15:37:20.222243-06:00 c0-0c0s1n1 compat.git: git:PATH1237
2015-02-12T15:37:20.247275-06:00 c0-0c0s1n1 ahci 0000:00:1f.2: forcing PORTS_IMPL to 0x3f
2015-02-12T15:37:20.247435-06:00 c0-0c0s1n1 ahci 0000:00:1f.2: AHCI 0001.0300 32 slots 6 ports 6 Gbps 0x3f impl SATA mode
2015-02-12T15:37:20.272405-06:00 c0-0c0s1n1 ahci 0000:00:1f.2: flags: 64bit ncq sntf pm led clo pio slum part ems apst 
2015-02-12T15:37:20.272476-06:00 c0-0c0s1n1 scsi0 : ahci
2015-02-12T15:37:20.272488-06:00 c0-0c0s1n1 scsi1 : ahci
2015-02-12T15:37:20.272572-06:00 c0-0c0s1n1 scsi2 : ahci
2015-02-12T15:37:20.272584-06:00 c0-0c0s1n1 scsi3 : ahci
2015-02-12T15:37:20.272592-06:00 c0-0c0s1n1 scsi4 : ahci
2015-02-12T15:37:20.272631-06:00 c0-0c0s1n1 scsi5 : ahci
2015-02-12T15:37:20.297794-06:00 c0-0c0s1n1 ata2: SATA max PATH1238 abar m2048@0xfbf00000 port 0xfbf00100 irq 164
2015-02-12T15:37:20.297889-06:00 c0-0c0s1n1 ata3: SATA max PATH1238 abar m2048@0xfbf00000 port 0xfbf00180 irq 164
2015-02-12T15:37:20.323049-06:00 c0-0c0s1n1 ata4: SATA max PATH1238 abar m2048@0xfbf00000 port 0xfbf00200 irq 164
2015-02-12T15:37:20.323137-06:00 c0-0c0s1n1 ata5: SATA max PATH1238 abar m2048@0xfbf00000 port 0xfbf00280 irq 164
2015-02-12T15:37:20.323219-06:00 c0-0c0s1n1 ata6: SATA max PATH1238 abar m2048@0xfbf00000 port 0xfbf00300 irq 164
2015-02-12T15:37:20.348312-06:00 c0-0c0s1n1 ata7: SATA max PATH1238 abar m2048@0xfbf00000 port 0xfbf00380 irq 164
2015-02-12T15:37:20.373352-06:00 c0-0c0s1n1 ehci_hcd 0000:00:1a.0: PCI INT A -> GSI 16 (level, low) -> IRQ 16
2015-02-12T15:37:20.373468-06:00 c0-0c0s1n1 mlx4_core: Mellanox ConnectX core driver v1.1 (Dec, 2011)
2015-02-12T15:37:20.373560-06:00 c0-0c0s1n1 mlx4_core: Initializing 0000:02:00.0
2015-02-12T15:37:20.373687-06:00 c0-0c0s1n1 mlx4_core 0000:02:00.0: PCI INT A -> GSI 40 (level, low) -> IRQ 40
2015-02-12T15:37:20.398680-06:00 c0-0c0s1n1 ehci_hcd 0000:00:1a.0: EHCI Host Controller
2015-02-12T15:37:20.398796-06:00 c0-0c0s1n1 ehci_hcd 0000:00:1a.0: new USB bus registered, assigned bus number 1
2015-02-12T15:37:20.398893-06:00 c0-0c0s1n1 ehci_hcd 0000:00:1a.0: debug port 2
2015-02-12T15:37:20.424049-06:00 c0-0c0s1n1 ehci_hcd 0000:00:1a.0: irq 16, io mem 0xfbf02000
2015-02-12T15:37:20.449222-06:00 c0-0c0s1n1 ehci_hcd 0000:00:1a.0: USB 2.0 started, EHCI 1.00
2015-02-12T15:37:20.449323-06:00 c0-0c0s1n1 hub 1-0:1.0: USB hub found
2015-02-12T15:37:20.449420-06:00 c0-0c0s1n1 hub 1-0:1.0: 2 ports detected
2015-02-12T15:37:20.449510-06:00 c0-0c0s1n1 ehci_hcd 0000:00:1d.0: PCI INT A -> GSI 23 (level, low) -> IRQ 23
2015-02-12T15:37:20.474416-06:00 c0-0c0s1n1 ehci_hcd 0000:00:1d.0: EHCI Host Controller
2015-02-12T15:37:20.474549-06:00 c0-0c0s1n1 ehci_hcd 0000:00:1d.0: new USB bus registered, assigned bus number 2
2015-02-12T15:37:20.474597-06:00 c0-0c0s1n1 ehci_hcd 0000:00:1d.0: debug port 2
2015-02-12T15:37:20.499774-06:00 c0-0c0s1n1 ehci_hcd 0000:00:1d.0: irq 23, io mem 0xfbf01000
2015-02-12T15:37:20.524907-06:00 c0-0c0s1n1 ehci_hcd 0000:00:1d.0: USB 2.0 started, EHCI 1.00
2015-02-12T15:37:20.524946-06:00 c0-0c0s1n1 hub 2-0:1.0: USB hub found
2015-02-12T15:37:20.524993-06:00 c0-0c0s1n1 hub 2-0:1.0: 2 ports detected
2015-02-12T15:37:20.777123-06:00 c0-0c0s1n1 usb 1-1: new high-speed USB device number 2 using ehci_hcd
2015-02-12T15:37:20.903532-06:00 c0-0c0s1n1 hub 1-1:1.0: USB hub found
2015-02-12T15:37:20.903575-06:00 c0-0c0s1n1 hub 1-1:1.0: 6 ports detected
2015-02-12T15:37:21.029481-06:00 c0-0c0s1n1 usb 2-1: new high-speed USB device number 2 using ehci_hcd
2015-02-12T15:37:21.180770-06:00 c0-0c0s1n1 hub 2-1:1.0: USB hub found
2015-02-12T15:37:21.180826-06:00 c0-0c0s1n1 hub 2-1:1.0: 8 ports detected
2015-02-12T15:37:21.382630-06:00 c0-0c0s1n1 ata3: failed to resume link (SControl 0)
2015-02-12T15:37:21.382699-06:00 c0-0c0s1n1 ata3: SATA link down (SStatus 0 SControl 0)
2015-02-12T15:37:21.382754-06:00 c0-0c0s1n1 ata4: failed to resume link (SControl 0)
2015-02-12T15:37:21.382792-06:00 c0-0c0s1n1 ata4: SATA link down (SStatus 0 SControl 0)
2015-02-12T15:37:21.407796-06:00 c0-0c0s1n1 ata6: failed to resume link (SControl 0)
2015-02-12T15:37:21.407867-06:00 c0-0c0s1n1 ata6: SATA link down (SStatus 0 SControl 0)
2015-02-12T15:37:21.407956-06:00 c0-0c0s1n1 ata2: failed to resume link (SControl 0)
2015-02-12T15:37:21.407977-06:00 c0-0c0s1n1 ata2: SATA link down (SStatus 0 SControl 0)
2015-02-12T15:37:21.433045-06:00 c0-0c0s1n1 ata5: failed to resume link (SControl 0)
2015-02-12T15:37:21.433143-06:00 c0-0c0s1n1 ata5: SATA link down (SStatus 0 SControl 0)
2015-02-12T15:37:21.433186-06:00 c0-0c0s1n1 ata7: failed to resume link (SControl 0)
2015-02-12T15:37:21.458294-06:00 c0-0c0s1n1 ata7: SATA link down (SStatus 0 SControl 0)
2015-02-12T15:37:26.260555-06:00 c0-0c0s1n1 mlx4_core 0000:02:00.0: 64B PATH1239 supported by the device but not enabled
2015-02-12T15:37:26.885448-06:00 c0-0c0s1n1 mlx4_core: Initializing 0000:03:00.0
2015-02-12T15:37:26.910578-06:00 c0-0c0s1n1 mlx4_core 0000:03:00.0: PCI INT A -> GSI 42 (level, low) -> IRQ 42
2015-02-12T15:37:32.763894-06:00 c0-0c0s1n1 mlx4_core 0000:03:00.0: 64B PATH1239 supported by the device but not enabled
2015-02-12T15:37:33.477978-06:00 c0-0c0s1n1 7[?25l
2015-02-12T15:37:33.477988-06:00 c0-0c0s1n1 [80C[10D[1;32mdone[m8[?25h
2015-02-12T15:37:33.503221-06:00 c0-0c0s1n1 [m[?25hMounting PATH1262 from IPADDR13. Checking for nid=5 existance.
2015-02-12T15:37:33.705402-06:00 c0-0c0s1n1 7[?25l
2015-02-12T15:37:33.705417-06:00 c0-0c0s1n1 [80C[10D[1;32mdone[m8[?25h
2015-02-12T15:37:33.705709-06:00 c0-0c0s1n1 Mounting tmpfs on PATH12637[?25l
2015-02-12T15:37:33.705719-06:00 c0-0c0s1n1 [80C[10D[1;32mdone[m8[?25h
2015-02-12T15:37:33.705747-06:00 c0-0c0s1n1 Running sysctl using values from PATH1264
2015-02-12T15:37:33.705773-06:00 c0-0c0s1n1 net.ipv4.icmp_echo_ignore_broadcasts = 1
2015-02-12T15:37:33.705785-06:00 c0-0c0s1n1 net.ipv4.conf.all.rp_filter = 1
2015-02-12T15:37:33.730592-06:00 c0-0c0s1n1 fs.inotify.max_user_watches = 65536
2015-02-12T15:37:33.755826-06:00 c0-0c0s1n1 net.ipv4.conf.default.promote_secondaries = 1
2015-02-12T15:37:33.755864-06:00 c0-0c0s1n1 net.ipv4.conf.all.promote_secondaries = 1
2015-02-12T15:37:33.755918-06:00 c0-0c0s1n1 vm.min_free_kbytes = 102400
2015-02-12T15:37:33.755934-06:00 c0-0c0s1n1 7[?25l
2015-02-12T15:37:33.755944-06:00 c0-0c0s1n1 [80C[10D[1;32mdone[m8[?25h
2015-02-12T15:37:33.755983-06:00 c0-0c0s1n1 [m[?25hActivating swap-devices in PATH1265
2015-02-12T15:37:33.756060-06:00 c0-0c0s1n1 7[?25l[1A
2015-02-12T15:37:33.756066-06:00 c0-0c0s1n1 [80C[10D[1;32mdone[m8[?25hroot file system (PATH24) is NOT being checked.
2015-02-12T15:37:33.806326-06:00 c0-0c0s1n1 [m[?25hSet System Time to the current Hardware Clock7[?25l
2015-02-12T15:37:33.806343-06:00 c0-0c0s1n1 [80C[10D[1;32mdone[m8[?25h
2015-02-12T15:37:33.831518-06:00 c0-0c0s1n1 [m[?25hActivating device mapper...
2015-02-12T15:37:33.856836-06:00 c0-0c0s1n1 device-mapper: ioctl: 4.23.0-ioctl (2012-07-25) initialised: dm-devel@redhat.com
2015-02-12T15:37:33.856868-06:00 c0-0c0s1n1 7[?25l
2015-02-12T15:37:33.856879-06:00 c0-0c0s1n1 [80C[10D[1;32mdone[m8[?25h
2015-02-12T15:37:33.881991-06:00 c0-0c0s1n1 [m[?25hLoading required kernel modules
2015-02-12T15:37:33.907280-06:00 c0-0c0s1n1 7[?25l[1A
2015-02-12T15:37:33.907289-06:00 c0-0c0s1n1 [80C[10D[1;32mdone[m8[?25h[m[?25h[m[?25hWaiting for udev to settle...
2015-02-12T15:37:33.907315-06:00 c0-0c0s1n1 Scanning for LVM volume groups...
2015-02-12T15:37:33.932500-06:00 c0-0c0s1n1  Reading all physical volumes.  This may take a while...
2015-02-12T15:37:33.932547-06:00 c0-0c0s1n1  No volume groups found
2015-02-12T15:37:33.932581-06:00 c0-0c0s1n1  No volume groups found
2015-02-12T15:37:33.932594-06:00 c0-0c0s1n1 Activating LVM volume groups...
2015-02-12T15:37:33.932624-06:00 c0-0c0s1n1  PARTIAL MODE. Incomplete logical volumes will be processed.
2015-02-12T15:37:33.932653-06:00 c0-0c0s1n1  No volume groups found
2015-02-12T15:37:33.932665-06:00 c0-0c0s1n1 7[?25l
2015-02-12T15:37:33.932671-06:00 c0-0c0s1n1 [80C[10D[1;32mdone[m8[?25h
2015-02-12T15:37:33.957731-06:00 c0-0c0s1n1 [m[?25hNo fibre channel cards present.  Not waiting for disk devices. 
2015-02-12T15:37:33.983086-06:00 c0-0c0s1n1 [m[?25hChecking file systems...
2015-02-12T15:37:34.008239-06:00 c0-0c0s1n1 fsck from util-linux 2.19.1
2015-02-12T15:37:34.008289-06:00 c0-0c0s1n1 Checking all file systems.
2015-02-12T15:37:34.008342-06:00 c0-0c0s1n1 7[?25l[1A
2015-02-12T15:37:34.008348-06:00 c0-0c0s1n1 [80C[10D[1;32mdone[m8[?25hMounting local file systems...
2015-02-12T15:37:34.008400-06:00 c0-0c0s1n1 nothing was mounted
2015-02-12T15:37:34.301657-06:00 c0-0c0s1n1 7[?25l[1A
2015-02-12T15:37:34.301666-06:00 c0-0c0s1n1 [80C[10D[1;32mdone[m8[?25h[m[?25hCheck if the profiles matches the system7[?25l
2015-02-12T15:37:34.301684-06:00 c0-0c0s1n1 [80C[10D[1;32mdone[m8[?25h
2015-02-12T15:37:34.301803-06:00 c0-0c0s1n1 [m[?25hEnabling monitoring on LVM volume groups...
2015-02-12T15:37:34.326961-06:00 c0-0c0s1n1  No volume groups found
2015-02-12T15:37:34.327003-06:00 c0-0c0s1n1 7[?25l
2015-02-12T15:37:34.327012-06:00 c0-0c0s1n1 [80C[10D[1;32mdone[m8[?25h
2015-02-12T15:37:34.377342-06:00 c0-0c0s1n1 [m[?25h[m[?25h[m[?25h[m[?25h[m[?25hTurning quota on
2015-02-12T15:37:34.402534-06:00 c0-0c0s1n1 Checking quotas. This may take some time.
2015-02-12T15:37:34.402559-06:00 c0-0c0s1n1 7[?25l
2015-02-12T15:37:34.402565-06:00 c0-0c0s1n1 [80C[10D[1;32mdone[m8[?25h
2015-02-12T15:37:34.427777-06:00 c0-0c0s1n1 [m[?25hSetting current sysctl status from PATH12647[?25l
2015-02-12T15:37:34.427792-06:00 c0-0c0s1n1 [80C[10D[1;32mdone[m8[?25h
2015-02-12T15:37:34.572146-06:00 c0-0c0s1n1 [m[?25hATTENTION: You have modified PATH3931  Leaving it untouched...
2015-02-12T15:37:34.572190-06:00 c0-0c0s1n1 You can find my version in PATH350774 ...
2015-02-12T15:37:34.572231-06:00 c0-0c0s1n1 touch: cannot touch `PATH1267': Read-only file system
2015-02-12T15:37:34.597180-06:00 c0-0c0s1n1 chmod: cannot access `PATH1267': No such file or directory
2015-02-12T15:37:34.597189-06:00 c0-0c0s1n1 touch: cannot touch `PATH1267': Read-only file system
2015-02-12T15:37:34.622490-06:00 c0-0c0s1n1 [m[?25hSystem Boot Control: The system has been 
2015-02-12T15:37:34.622507-06:00 c0-0c0s1n1 [80C[10D[1mset up[m
2015-02-12T15:37:34.622521-06:00 c0-0c0s1n1 Skipped features: [80C[19D[1;33mboot.efivars[m
2015-02-12T15:37:34.622548-06:00 c0-0c0s1n1 System Boot Control: Running PATH1268
2015-02-12T15:37:34.622577-06:00 c0-0c0s1n1 7[?25l[1A
2015-02-12T15:37:34.622593-06:00 c0-0c0s1n1 [8
2015-02-12T15:37:34.622601-06:00 c0-0c0s1n1 INIT: Entering runlevel: 3
2015-02-12T15:37:34.899495-06:00 c0-0c0s1n1 Master Resource Control: previous runlevel: N, switching to runlevel: 
2015-02-12T15:37:34.899510-06:00 c0-0c0s1n1 [80C[10D[1m3[m
2015-02-12T15:37:34.899515-06:00 c0-0c0s1n1 Starting batchlimitd
2015-02-12T15:37:34.899521-06:00 c0-0c0s1n1 [m[?25hLoading nic compatibility device7[?25l
2015-02-12T15:37:34.899526-06:00 c0-0c0s1n1 [80C[10D[1;32mdone[m8[?25h
2015-02-12T15:37:34.899531-06:00 c0-0c0s1n1 [m[?25hbpmcd_init: Power statistics available in PATH1240
2015-02-12T15:37:34.899670-06:00 c0-0c0s1n1 [m[?25hStarting D-Bus daemon7[?25l
2015-02-12T15:37:34.899676-06:00 c0-0c0s1n1 [80C[10D[1;32mdone[m8[?25h
2015-02-12T15:37:34.937554-06:00 c0-0c0s1n1 [m[?25hiSCSI Enterprise Target Software - version trunk
2015-02-12T15:37:34.937575-06:00 c0-0c0s1n1 iscsi_trgt: Registered io type fileio
2015-02-12T15:37:34.937587-06:00 c0-0c0s1n1 iscsi_trgt: Registered io type blockio
2015-02-12T15:37:35.004753-06:00 c0-0c0s1n1 iscsi_trgt: Registered io type nullio
2015-02-12T15:37:35.004798-06:00 c0-0c0s1n1 [m[?25hLNet: HW CPU cores: 16, npartitions: 4
2015-02-12T15:37:40.006254-06:00 c0-0c0s1n1 PATH3933: line 179: lctl: command not found
2015-02-12T15:37:40.006277-06:00 c0-0c0s1n1 [m[?25hRemoving old kernel packages...
2015-02-12T15:37:40.037587-06:00 c0-0c0s1n1 rm: cannot remove `PATH1269': Read-only file system
2015-02-12T15:37:40.037609-06:00 c0-0c0s1n1 PATH1270: multiversion.kernels not configured in PATH1271, exiting.
2015-02-12T15:37:40.064679-06:00 c0-0c0s1n1 7[?25l
2015-02-12T15:37:40.064684-06:00 c0-0c0s1n1 [80C[10D[1;32mdone[m8[?25h
2015-02-12T15:37:40.112724-06:00 c0-0c0s1n1 [m[?25hInitializing random number generator7[?25l
2015-02-12T15:37:40.112739-06:00 c0-0c0s1n1 [80C[10D[1;32mdone[m8[?25h
2015-02-12T15:37:41.233848-06:00 c0-0c0s1n1 [m[?25hmlx4_core 0000:03:00.0: PCI INT A disabled
2015-02-12T15:37:42.273269-06:00 c0-0c0s1n1 mlx4_core 0000:02:00.0: PCI INT A disabled
2015-02-12T15:37:42.388155-06:00 c0-0c0s1n1 Compat-rdma backport release: ac916cb
2015-02-12T15:37:42.413398-06:00 c0-0c0s1n1 Backport based on git:PATH1237 5268562
2015-02-12T15:37:42.413420-06:00 c0-0c0s1n1 compat.git: git:PATH1237
2015-02-12T15:37:42.438652-06:00 c0-0c0s1n1 mlx4_core: Mellanox ConnectX core driver v1.1 (Dec, 2011)
2015-02-12T15:37:42.438675-06:00 c0-0c0s1n1 mlx4_core: Initializing 0000:02:00.0
2015-02-12T15:37:42.438684-06:00 c0-0c0s1n1 mlx4_core 0000:02:00.0: PCI INT A -> GSI 40 (level, low) -> IRQ 40
2015-02-12T15:37:48.289274-06:00 c0-0c0s1n1 mlx4_core 0000:02:00.0: 64B PATH1239 supported by the device but not enabled
2015-02-12T15:37:48.997378-06:00 c0-0c0s1n1 mlx4_core: Initializing 0000:03:00.0
2015-02-12T15:37:48.997401-06:00 c0-0c0s1n1 mlx4_core 0000:03:00.0: PCI INT A -> GSI 42 (level, low) -> IRQ 42
2015-02-12T15:37:54.827082-06:00 c0-0c0s1n1 mlx4_core 0000:03:00.0: 64B PATH1239 supported by the device but not enabled
2015-02-12T15:37:55.564288-06:00 c0-0c0s1n1 <mlx4_ib> mlx4_ib_add: mlx4_ib: Mellanox ConnectX InfiniBand driver v1.0 (April 4, 2008)
2015-02-12T15:37:55.654589-06:00 c0-0c0s1n1 Loading HCA driver and Access Layer:[60G[  [1;32mOK[0;39m  ]
2015-02-12T15:37:55.654642-06:00 c0-0c0s1n1 Setting up InfiniBand network interfaces:
2015-02-12T15:37:55.654669-06:00 c0-0c0s1n1 Setting up service network . . .[60G[  [0;39mdone[0;39m  ]
2015-02-12T15:37:55.933934-06:00 c0-0c0s1n1 [m[?25hSetting up (localfs) network interfaces:
2015-02-12T15:37:56.101407-06:00 c0-0c0s1n1    lo        
2015-02-12T15:37:56.151909-06:00 c0-0c0s1n1    lo        IP address: PATH1272   
2015-02-12T15:37:56.151987-06:00 c0-0c0s1n1              IP address: PATH1273   
2015-02-12T15:37:56.304134-06:00 c0-0c0s1n1 7[?25l[1A
2015-02-12T15:37:56.304148-06:00 c0-0c0s1n1 [80C[10D[1;32mdone[m8[?25h    ipogif0   
2015-02-12T15:37:56.329237-06:00 c0-0c0s1n1              No configuration found for ipogif0
2015-02-12T15:37:56.354496-06:00 c0-0c0s1n1 7[?25l[1A
2015-02-12T15:37:56.354510-06:00 c0-0c0s1n1 [80C[10D[1munused[m8[?25hSetting up service (localfs) network  .  .  .  .  .  .  .  .  .  .7[?25l
2015-02-12T15:37:56.354517-06:00 c0-0c0s1n1 [80C[10D[1;32mdone[m8[?25h
2015-02-12T15:37:56.354560-06:00 c0-0c0s1n1 [m[?25hCould not start BND as this is not the boot node.
2015-02-12T15:37:56.354583-06:00 c0-0c0s1n1 bootnodes are: 1 1 
2015-02-12T15:37:56.354592-06:00 c0-0c0s1n1 mynid=5
2015-02-12T15:37:56.379733-06:00 c0-0c0s1n1 [m[?25hS04cray-config-service: Mounting 9p configuration directory. 
2015-02-12T15:37:57.380735-06:00 c0-0c0s1n1 S04cray-config-service:   Success.  
2015-02-12T15:37:57.493374-06:00 c0-0c0s1n1 [m[?25h[m[?25hStarting hw_info_init on 5
2015-02-12T15:37:57.493409-06:00 c0-0c0s1n1 bootnodes are: 1 1 
2015-02-12T15:37:57.493427-06:00 c0-0c0s1n1 mynid=5
2015-02-12T15:37:57.931719-06:00 c0-0c0s1n1 [m[?25h[m[?25h 
2015-02-12T15:37:57.931754-06:00 c0-0c0s1n1 cray-syslog: **WARNING**  PATH1274 MAY require hard and soft file limits 
2015-02-12T15:37:57.931772-06:00 c0-0c0s1n1 cray-syslog:              greater or equal to 8192 for proper LLM operation 
2015-02-12T15:37:57.931785-06:00 c0-0c0s1n1 cray-syslog:              when large number of jobs are launched concurrently.
2015-02-12T15:37:57.931797-06:00 c0-0c0s1n1 cray-syslog:              If you have failures running large number of concurrent jobs,
2015-02-12T15:37:57.931806-06:00 c0-0c0s1n1 cray-syslog:              you may wish to update the hard and soft nofile entries in 
2015-02-12T15:37:57.931829-06:00 c0-0c0s1n1 cray-syslog:              limits.conf as follows.
2015-02-12T15:37:57.931844-06:00 c0-0c0s1n1 
2015-02-12T15:37:57.931854-06:00 c0-0c0s1n1 cray-syslog: PATH1274: 
2015-02-12T15:37:57.931877-06:00 c0-0c0s1n1 cray-syslog: *  soft  nofile  8192
2015-02-12T15:37:57.931889-06:00 c0-0c0s1n1 cray-syslog: *  hard  nofile  8192
2015-02-12T15:37:57.956927-06:00 c0-0c0s1n1 
2015-02-12T15:37:58.917899-06:00 c0-0c0s1n1 cray-syslog: rsyslogd started as process 6805.
2015-02-12T15:37:59.931582-06:00 c0-0c0s1n1 cray-syslog: llmrd started as process  6818.
2015-02-12T15:37:59.986987-06:00 c0-0c0s1n1 [m[?25h[m[?25hStarting auditd startproc:  exit status of parent of PATH1275: 6
2015-02-12T15:37:59.987001-06:00 c0-0c0s1n1 7[?25l
2015-02-12T15:37:59.987006-06:00 c0-0c0s1n1 [80C[10D[1;32mdone[m8[?25h
2015-02-12T15:38:00.070604-06:00 c0-0c0s1n1 [m[?25hStarting haveged daemon 7[?25l
2015-02-12T15:38:00.070614-06:00 c0-0c0s1n1 [80C[10D[1;32mdone[m8[?25h
2015-02-12T15:38:00.110688-06:00 c0-0c0s1n1 [m[?25hStarting rpcbind 7[?25l
2015-02-12T15:38:00.110694-06:00 c0-0c0s1n1 [80C[10D[1;32mdone[m8[?25h
2015-02-12T15:38:00.143815-06:00 c0-0c0s1n1 [m[?25hbootnodes are: 1 1 
2015-02-12T15:38:00.143848-06:00 c0-0c0s1n1 mynid=5
2015-02-12T15:38:00.170334-06:00 c0-0c0s1n1 [m[?25hNot starting NFS client services - no NFS found in PATH1276:
2015-02-12T15:38:00.170345-06:00 c0-0c0s1n1 [80C[10D[1munused[m
2015-02-12T15:38:00.258960-06:00 c0-0c0s1n1 [m[?25hStarting DVS service: DVS: Revision 1873 - Built: Sep 17 2014 @ 06:40:29 for lnet version 2.5
2015-02-12T15:38:00.297382-06:00 c0-0c0s1n1 Lustre: kgnilnd build version: 2.5-trunk-1.0502.17198.8.51-abuild-RB-5.2UP02_2.5.1-2014-09-17-06:59
2015-02-12T15:38:00.362325-06:00 c0-0c0s1n1 LNet: Added LNI 5@gni [PATH1244]
2015-02-12T15:38:01.373907-06:00 c0-0c0s1n1 7[?25l
2015-02-12T15:38:01.373927-06:00 c0-0c0s1n1 [80C[10D[1;32mdone[m8[?25h
2015-02-12T15:38:01.410551-06:00 c0-0c0s1n1 [m[?25hStarting java.binfmt_misc 7[?25l
2015-02-12T15:38:01.410560-06:00 c0-0c0s1n1 [80C[10D[1;32mdone[m8[?25h
2015-02-12T15:38:01.450847-06:00 c0-0c0s1n1 [m[?25hStarting mcelog... 7[?25l
2015-02-12T15:38:01.450856-06:00 c0-0c0s1n1 [80C[10D[1;32mdone[m8[?25h
2015-02-12T15:38:01.554942-06:00 c0-0c0s1n1 [m[?25hSetting up (remotefs) network interfaces:
2015-02-12T15:38:01.668253-06:00 c0-0c0s1n1    sit0      
2015-02-12T15:38:01.693583-06:00 c0-0c0s1n1              No configuration found for sit0
2015-02-12T15:38:01.733419-06:00 c0-0c0s1n1 7[?25l[1A
2015-02-12T15:38:01.733435-06:00 c0-0c0s1n1 [80C[10D[1munused[m8[?25hSetting up service (remotefs) network  .  .  .  .  .  .  .  .  .  .7[?25l
2015-02-12T15:38:01.733448-06:00 c0-0c0s1n1 [80C[10D[1;32mdone[m8[?25h
2015-02-12T15:38:01.758639-06:00 c0-0c0s1n1 [80C[10D[1;32mdone[m8[?25h
2015-02-12T15:38:01.809094-06:00 c0-0c0s1n1 [m[?25hsdbnodes are: 137 137 
2015-02-12T15:38:01.809124-06:00 c0-0c0s1n1 mynid=5
2015-02-12T15:38:01.873378-06:00 c0-0c0s1n1 [m[?25hStarting network time protocol daemon (NTPD)7[?25l
2015-02-12T15:38:01.873388-06:00 c0-0c0s1n1 [80C[10D[1;32mdone[m8[?25h
2015-02-12T15:38:01.923803-06:00 c0-0c0s1n1 [m[?25hStarting MUNGE: munged7[?25l
2015-02-12T15:38:01.923813-06:00 c0-0c0s1n1 [80C[10D[1;32mdone[m8[?25h
2015-02-12T15:38:01.949267-06:00 c0-0c0s1n1 [m[?25h[m[?25h[m[?25hStarting Name Service Cache Daemon7[?25l
2015-02-12T15:38:01.949284-06:00 c0-0c0s1n1 [80C[10D[1;32mdone[m8[?25h
2015-02-12T15:38:01.999493-06:00 c0-0c0s1n1 [m[?25hEnabling Linux Jobs
2015-02-12T15:38:02.024759-06:00 c0-0c0s1n1 [m[?25hStarting alps services
2015-02-12T15:38:02.529553-06:00 c0-0c0s1n1 mkdir: cannot create directory `PATH1277': Read-only file system
2015-02-12T15:38:02.554803-06:00 c0-0c0s1n1 no ALPS daemon will be started on node nid00005.
2015-02-12T15:38:03.044936-06:00 c0-0c0s1n1 [m[?25h<node_health> Starting node_health_recovery
2015-02-12T15:38:03.070148-06:00 c0-0c0s1n1 [m[?25hsdbnodes are: 137 137 
2015-02-12T15:38:03.095514-06:00 c0-0c0s1n1 mynid=5
2015-02-12T15:38:03.095545-06:00 c0-0c0s1n1 [m[?25hBoot event: Starting
2015-02-12T15:38:03.095551-06:00 c0-0c0s1n1 Sending ec_node_info with boot code 8 (NODE_INFO_OS_BOOT_SUCCEEDED) for nid 5
2015-02-12T15:38:03.095593-06:00 c0-0c0s1n1 [m[?25hMaster Resource Control: runlevel 3 has been 
2015-02-12T15:38:03.095612-06:00 c0-0c0s1n1 [80C[10D[1mreached[m
2015-02-12T15:38:03.095630-06:00 c0-0c0s1n1 Failed services in runlevel 3: [80C[11D[1;31mlnet[m
2015-02-12T15:38:03.095644-06:00 c0-0c0s1n1 Skipped services in runlevel 3: [80C[10D[1;33mnfs[m
2015-02-12T15:38:03.120683-06:00 c0-0c0s1n1 blogd: no message logging because PATH1262 file system is not accessible
2015-02-12T15:38:03.120695-06:00 c0-0c0s1n1 INIT: no more processes left in this runlevel
2015-02-12T15:28:39.276962-06:00 c0-0c1s9n1 ERROR: Type:2; Severity:80; Class:3; Subclass:D; Operation: 2
2015-02-12T15:39:08.937588-06:00 c0-0c1s9n1 Wait4Boot: WRITE: 523 bytes to memory @ 0x90CD0 ... complete
2015-02-12T15:39:08.937596-06:00 c0-0c1s9n1 Wait4Boot: Blade Controller Boot Protocol version - 1
2015-02-12T15:39:08.937603-06:00 c0-0c1s9n1 Wait4Boot: JUMP: KernelStart 0x100000, boot_params 0x90000, CmdLineAddr 0x90CD0
2015-02-12T15:39:08.937608-06:00 c0-0c1s9n1 OnExitBootServices..
2015-02-12T15:39:09.014644-06:00 c0-0c1s9n1 ConfigureXhciAtBoot() Start
2015-02-12T15:39:09.015246-06:00 c0-0c1s9n1 ConfigureXhciAtBoot() End
2015-02-12T15:39:09.015256-06:00 c0-0c1s9n1 (Wdt) RunWdtBeforeOsBoot
2015-02-12T15:39:09.015430-06:00 c0-0c1s9n1 (Wdt) DisableTimer
2015-02-12T15:39:12.057565-06:00 c0-0c1s9n1 Crypto Lib Callback.
2015-02-12T15:39:12.057836-06:00 c0-0c1s9n1 Heap addr before Virtual MemFixup = 7bacb018, After = 7bacb018
2015-02-12T15:39:12.057917-06:00 c0-0c1s9n1 NvramSmi Go Virtual
2015-02-12T15:39:12.209381-06:00 c0-0c1s9n1 Stopping all external HCs
2015-02-12T15:39:12.209447-06:00 c0-0c1s9n1 stopping all HC type 40:
2015-02-12T15:39:21.687423-06:00 c0-0c1s9n1 i8042: No controller found
2015-02-12T15:39:25.801784-06:00 c0-0c1s9n1 Sending ec_node_info with boot code 0 (NODE_INFO_OS_BOOT) for nid 101
2015-02-12T15:39:25.801792-06:00 c0-0c1s9n1 net.core.rmem_max = 16777216
2015-02-12T15:39:25.801798-06:00 c0-0c1s9n1 net.core.wmem_max = 16777216
2015-02-12T15:39:25.801803-06:00 c0-0c1s9n1 net.core.rmem_default = 16777216
2015-02-12T15:39:25.801812-06:00 c0-0c1s9n1 net.core.wmem_default = 16777216
2015-02-12T15:39:25.801817-06:00 c0-0c1s9n1 net.core.optmem_max = 16777216
2015-02-12T15:39:25.801833-06:00 c0-0c1s9n1 net.ipv4.tcp_mem = 16777216 16777216 16777216
2015-02-12T15:39:25.801843-06:00 c0-0c1s9n1 net.ipv4.tcp_rmem = 4096 87380 16777216
2015-02-12T15:39:25.801848-06:00 c0-0c1s9n1 net.ipv4.tcp_wmem = 4096 65536 16777216
2015-02-12T15:39:25.801854-06:00 c0-0c1s9n1 nid 101: Linux version 3.0.101-0.31.1_1.0502.8394-cray_ari_c (abuild@cfosbld02) (gcc version 4.3.4 [gcc-4_3-branch revision 152973] (SUSE Linux) ) #1 SMP Wed Sep 10 04:09:26 UTC 2014
2015-02-12T15:39:25.801879-06:00 c0-0c1s9n1 starting pid 6923, tty '': 'PATH3974'
2015-02-12T15:39:25.801887-06:00 c0-0c1s9n1 bpmcd_init: Power statistics available in PATH1240
2015-02-12T15:39:25.801893-06:00 c0-0c1s9n1 DVS: Revision 1873 - Built: Sep 17 2014 @ 06:40:25 for lnet version 2.5
2015-02-12T15:39:25.801905-06:00 c0-0c1s9n1 LNet: HW CPU cores: 64, npartitions: 8
2015-02-12T15:39:29.533177-06:00 c0-0c1s9n1 Lustre: kgnilnd build version: 2.5-trunk-1.0502.17198.8.57-abuild-RB-5.2UP02_2.5.1-2014-09-17-06:43
2015-02-12T15:39:29.659279-06:00 c0-0c1s9n1 LNet: Added LNI 101@gni [PATH4853]
2015-02-12T15:39:45.683857-06:00 c0-0c1s9n1 mcelog: Family 6 Model 3f CPU: only decoding architectural errors
2015-02-12T15:39:45.683894-06:00 c0-0c1s9n1 SGI XPMEM kernel module v2.2 loaded
2015-02-12T15:39:45.683930-06:00 c0-0c1s9n1 <node_health> (xtnhd) xtnhd has started
2015-02-12T15:39:45.848221-06:00 c0-0c1s9n1 boot_freemem data calculated:  130105468
2015-02-12T15:28:41.323572-06:00 c0-0c1s7n2 ERROR: Type:2; Severity:80; Class:3; Subclass:D; Operation: 2
2015-02-12T15:39:08.977166-06:00 c0-0c1s7n2 Wait4Boot: WRITE: 523 bytes to memory @ 0x90CD0 ... complete
2015-02-12T15:39:08.977174-06:00 c0-0c1s7n2 Wait4Boot: Blade Controller Boot Protocol version - 1
2015-02-12T15:39:08.977180-06:00 c0-0c1s7n2 Wait4Boot: JUMP: KernelStart 0x100000, boot_params 0x90000, CmdLineAddr 0x90CD0
2015-02-12T15:39:08.977185-06:00 c0-0c1s7n2 OnExitBootServices..
2015-02-12T15:39:09.015842-06:00 c0-0c1s7n2 ConfigureXhciAtBoot() Start
2015-02-12T15:39:09.039455-06:00 c0-0c1s7n2 ConfigureXhciAtBoot() End
2015-02-12T15:39:09.039465-06:00 c0-0c1s7n2 (Wdt) RunWdtBeforeOsBoot
2015-02-12T15:39:09.040109-06:00 c0-0c1s7n2 (Wdt) DisableTimer
2015-02-12T15:39:12.083267-06:00 c0-0c1s7n2 Crypto Lib Callback.
2015-02-12T15:39:12.108290-06:00 c0-0c1s7n2 Heap addr before Virtual MemFixup = 7bacb018, After = 7bacb018
2015-02-12T15:39:12.108507-06:00 c0-0c1s7n2 NvramSmi Go Virtual
2015-02-12T15:39:12.259964-06:00 c0-0c1s7n2 Stopping all external HCs
2015-02-12T15:39:12.260032-06:00 c0-0c1s7n2 stopping all HC type 40:
2015-02-12T15:39:21.712443-06:00 c0-0c1s7n2 i8042: No controller found
2015-02-12T15:39:25.811900-06:00 c0-0c1s7n2 Sending ec_node_info with boot code 0 (NODE_INFO_OS_BOOT) for nid 94
2015-02-12T15:39:25.811906-06:00 c0-0c1s7n2 net.core.rmem_max = 16777216
2015-02-12T15:39:25.811911-06:00 c0-0c1s7n2 net.core.wmem_max = 16777216
2015-02-12T15:39:25.811918-06:00 c0-0c1s7n2 net.core.rmem_default = 16777216
2015-02-12T15:39:25.811923-06:00 c0-0c1s7n2 net.core.wmem_default = 16777216
2015-02-12T15:39:25.811930-06:00 c0-0c1s7n2 net.core.optmem_max = 16777216
2015-02-12T15:39:25.811939-06:00 c0-0c1s7n2 net.ipv4.tcp_mem = 16777216 16777216 16777216
2015-02-12T15:39:25.811945-06:00 c0-0c1s7n2 net.ipv4.tcp_rmem = 4096 87380 16777216
2015-02-12T15:39:25.811951-06:00 c0-0c1s7n2 net.ipv4.tcp_wmem = 4096 65536 16777216
2015-02-12T15:39:25.811962-06:00 c0-0c1s7n2 nid 94: Linux version 3.0.101-0.31.1_1.0502.8394-cray_ari_c (abuild@cfosbld02) (gcc version 4.3.4 [gcc-4_3-branch revision 152973] (SUSE Linux) ) #1 SMP Wed Sep 10 04:09:26 UTC 2014
2015-02-12T15:39:25.811969-06:00 c0-0c1s7n2 starting pid 6927, tty '': 'PATH3974'
2015-02-12T15:39:25.811977-06:00 c0-0c1s7n2 bpmcd_init: Power statistics available in PATH1240
2015-02-12T15:39:25.811986-06:00 c0-0c1s7n2 DVS: Revision 1873 - Built: Sep 17 2014 @ 06:40:25 for lnet version 2.5
2015-02-12T15:39:25.811994-06:00 c0-0c1s7n2 LNet: HW CPU cores: 64, npartitions: 8
2015-02-12T15:39:30.584733-06:00 c0-0c1s7n2 Lustre: kgnilnd build version: 2.5-trunk-1.0502.17198.8.57-abuild-RB-5.2UP02_2.5.1-2014-09-17-06:43
2015-02-12T15:39:30.739555-06:00 c0-0c1s7n2 LNet: Added LNI 94@gni [PATH4853]
2015-02-12T15:39:46.764838-06:00 c0-0c1s7n2 mcelog: Family 6 Model 3f CPU: only decoding architectural errors
2015-02-12T15:39:46.790323-06:00 c0-0c1s7n2 SGI XPMEM kernel module v2.2 loaded
2015-02-12T15:39:46.790344-06:00 c0-0c1s7n2 <node_health> (xtnhd) xtnhd has started
2015-02-12T15:39:47.413623-06:00 c0-0c1s7n2 boot_freemem data calculated:  130105980
2015-02-12T15:28:39.276758-06:00 c0-0c0s11n1 ERROR: Type:2; Severity:80; Class:3; Subclass:D; Operation: 2
2015-02-12T15:39:08.976351-06:00 c0-0c0s11n1 Wait4Boot: WRITE: 523 bytes to memory @ 0x90CD0 ... complete
2015-02-12T15:39:08.976357-06:00 c0-0c0s11n1 Wait4Boot: Blade Controller Boot Protocol version - 1
2015-02-12T15:39:08.976362-06:00 c0-0c0s11n1 Wait4Boot: JUMP: KernelStart 0x100000, boot_params 0x90000, CmdLineAddr 0x90CD0
2015-02-12T15:39:08.976377-06:00 c0-0c0s11n1 OnExitBootServices..
2015-02-12T15:39:09.014657-06:00 c0-0c0s11n1 ConfigureXhciAtBoot() Start
2015-02-12T15:39:09.014847-06:00 c0-0c0s11n1 ConfigureXhciAtBoot() End
2015-02-12T15:39:09.015159-06:00 c0-0c0s11n1 (Wdt) RunWdtBeforeOsBoot
2015-02-12T15:39:09.015442-06:00 c0-0c0s11n1 (Wdt) DisableTimer
2015-02-12T15:39:12.057524-06:00 c0-0c0s11n1 Crypto Lib Callback.
2015-02-12T15:39:12.057698-06:00 c0-0c0s11n1 Heap addr before Virtual MemFixup = 7bacb018, After = 7bacb018
2015-02-12T15:39:12.057848-06:00 c0-0c0s11n1 NvramSmi Go Virtual
2015-02-12T15:39:12.209370-06:00 c0-0c0s11n1 Stopping all external HCs
2015-02-12T15:39:12.209433-06:00 c0-0c0s11n1 stopping all HC type 40:
2015-02-12T15:39:21.712397-06:00 c0-0c0s11n1 i8042: No controller found
2015-02-12T15:39:25.723182-06:00 c0-0c0s11n1 Sending ec_node_info with boot code 0 (NODE_INFO_OS_BOOT) for nid 45
2015-02-12T15:39:25.723195-06:00 c0-0c0s11n1 net.core.rmem_max = 16777216
2015-02-12T15:39:25.723201-06:00 c0-0c0s11n1 net.core.wmem_max = 16777216
2015-02-12T15:39:25.723208-06:00 c0-0c0s11n1 net.core.rmem_default = 16777216
2015-02-12T15:39:25.723213-06:00 c0-0c0s11n1 net.core.wmem_default = 16777216
2015-02-12T15:39:25.723221-06:00 c0-0c0s11n1 net.core.optmem_max = 16777216
2015-02-12T15:39:25.723232-06:00 c0-0c0s11n1 net.ipv4.tcp_mem = 16777216 16777216 16777216
2015-02-12T15:39:25.723238-06:00 c0-0c0s11n1 net.ipv4.tcp_rmem = 4096 87380 16777216
2015-02-12T15:39:25.723244-06:00 c0-0c0s11n1 net.ipv4.tcp_wmem = 4096 65536 16777216
2015-02-12T15:39:25.723265-06:00 c0-0c0s11n1 nid 45: Linux version 3.0.101-0.31.1_1.0502.8394-cray_ari_c (abuild@cfosbld02) (gcc version 4.3.4 [gcc-4_3-branch revision 152973] (SUSE Linux) ) #1 SMP Wed Sep 10 04:09:26 UTC 2014
2015-02-12T15:39:25.723279-06:00 c0-0c0s11n1 starting pid 6928, tty '': 'PATH3974'
2015-02-12T15:39:25.723287-06:00 c0-0c0s11n1 bpmcd_init: Power statistics available in PATH1240
2015-02-12T15:39:25.723298-06:00 c0-0c0s11n1 DVS: Revision 1873 - Built: Sep 17 2014 @ 06:40:25 for lnet version 2.5
2015-02-12T15:39:25.723305-06:00 c0-0c0s11n1 LNet: HW CPU cores: 64, npartitions: 8
2015-02-12T15:39:29.634048-06:00 c0-0c0s11n1 Lustre: kgnilnd build version: 2.5-trunk-1.0502.17198.8.57-abuild-RB-5.2UP02_2.5.1-2014-09-17-06:43
2015-02-12T15:39:29.760267-06:00 c0-0c0s11n1 LNet: Added LNI 45@gni [PATH4853]
2015-02-12T15:39:45.759657-06:00 c0-0c0s11n1 mcelog: Family 6 Model 3f CPU: only decoding architectural errors
2015-02-12T15:39:45.822689-06:00 c0-0c0s11n1 SGI XPMEM kernel module v2.2 loaded
2015-02-12T15:39:45.822721-06:00 c0-0c0s11n1 <node_health> (xtnhd) xtnhd has started
2015-02-12T15:39:45.951763-06:00 c0-0c0s11n1 boot_freemem data calculated:  130105336
2015-02-12T15:28:37.247410-06:00 c0-0c2s3n0 ERROR: Type:2; Severity:80; Class:3; Subclass:D; Operation: 2
2015-02-12T15:39:08.938071-06:00 c0-0c2s3n0 Wait4Boot: WRITE: 523 bytes to memory @ 0x90CD0 ... complete
2015-02-12T15:39:08.938079-06:00 c0-0c2s3n0 Wait4Boot: Blade Controller Boot Protocol version - 1
2015-02-12T15:39:08.938085-06:00 c0-0c2s3n0 Wait4Boot: JUMP: KernelStart 0x100000, boot_params 0x90000, CmdLineAddr 0x90CD0
2015-02-12T15:39:08.938094-06:00 c0-0c2s3n0 OnExitBootServices..
2015-02-12T15:39:09.013724-06:00 c0-0c2s3n0 ConfigureXhciAtBoot() Start
2015-02-12T15:39:09.014203-06:00 c0-0c2s3n0 ConfigureXhciAtBoot() End
2015-02-12T15:39:09.014210-06:00 c0-0c2s3n0 (Wdt) RunWdtBeforeOsBoot
2015-02-12T15:39:09.014327-06:00 c0-0c2s3n0 (Wdt) DisableTimer
2015-02-12T15:39:12.031997-06:00 c0-0c2s3n0 Crypto Lib Callback.
2015-02-12T15:39:12.032360-06:00 c0-0c2s3n0 Heap addr before Virtual MemFixup = 7bacb018, After = 7bacb018
2015-02-12T15:39:12.032460-06:00 c0-0c2s3n0 NvramSmi Go Virtual
2015-02-12T15:39:12.183863-06:00 c0-0c2s3n0 Stopping all external HCs
2015-02-12T15:39:12.183951-06:00 c0-0c2s3n0 stopping all HC type 40:
2015-02-12T15:39:21.611597-06:00 c0-0c2s3n0 i8042: No controller found
2015-02-12T15:39:25.992263-06:00 c0-0c2s3n0 Sending ec_node_info with boot code 0 (NODE_INFO_OS_BOOT) for nid 140
2015-02-12T15:39:25.992272-06:00 c0-0c2s3n0 net.core.rmem_max = 16777216
2015-02-12T15:39:25.992278-06:00 c0-0c2s3n0 net.core.wmem_max = 16777216
2015-02-12T15:39:25.992284-06:00 c0-0c2s3n0 net.core.rmem_default = 16777216
2015-02-12T15:39:25.992291-06:00 c0-0c2s3n0 net.core.wmem_default = 16777216
2015-02-12T15:39:25.992298-06:00 c0-0c2s3n0 net.core.optmem_max = 16777216
2015-02-12T15:39:25.992316-06:00 c0-0c2s3n0 net.ipv4.tcp_mem = 16777216 16777216 16777216
2015-02-12T15:39:25.992322-06:00 c0-0c2s3n0 net.ipv4.tcp_rmem = 4096 87380 16777216
2015-02-12T15:39:25.992327-06:00 c0-0c2s3n0 net.ipv4.tcp_wmem = 4096 65536 16777216
2015-02-12T15:39:25.992334-06:00 c0-0c2s3n0 nid 140: Linux version 3.0.101-0.31.1_1.0502.8394-cray_ari_c (abuild@cfosbld02) (gcc version 4.3.4 [gcc-4_3-branch revision 152973] (SUSE Linux) ) #1 SMP Wed Sep 10 04:09:26 UTC 2014
2015-02-12T15:39:25.992340-06:00 c0-0c2s3n0 starting pid 6948, tty '': 'PATH3974'
2015-02-12T15:39:25.992344-06:00 c0-0c2s3n0 bpmcd_init: Power statistics available in PATH1240
2015-02-12T15:39:25.992349-06:00 c0-0c2s3n0 DVS: Revision 1873 - Built: Sep 17 2014 @ 06:40:25 for lnet version 2.5
2015-02-12T15:39:25.992356-06:00 c0-0c2s3n0 LNet: HW CPU cores: 64, npartitions: 8
2015-02-12T15:39:29.049513-06:00 c0-0c2s3n0 Lustre: kgnilnd build version: 2.5-trunk-1.0502.17198.8.57-abuild-RB-5.2UP02_2.5.1-2014-09-17-06:43
2015-02-12T15:39:29.533097-06:00 c0-0c2s3n0 LNet: Added LNI 140@gni [PATH4853]
2015-02-12T15:39:45.182629-06:00 c0-0c2s3n0 mcelog: Family 6 Model 3f CPU: only decoding architectural errors
