2015-02-12T15:28:37.247262-06:00 c0-0c1s4n0 ERROR: Type:2; Severity:80; Class:3; Subclass:D; Operation: 2
2015-02-12T15:39:08.937290-06:00 c0-0c1s4n0 Wait4Boot: WRITE: 523 bytes to memory @ 0x90CD0 ... complete
2015-02-12T15:39:08.937316-06:00 c0-0c1s4n0 Wait4Boot: Blade Controller Boot Protocol version - 1
2015-02-12T15:39:08.937322-06:00 c0-0c1s4n0 Wait4Boot: JUMP: KernelStart 0x100000, boot_params 0x90000, CmdLineAddr 0x90CD0
2015-02-12T15:39:08.937345-06:00 c0-0c1s4n0 OnExitBootServices..
2015-02-12T15:39:09.013849-06:00 c0-0c1s4n0 ConfigureXhciAtBoot() Start
2015-02-12T15:39:09.014052-06:00 c0-0c1s4n0 ConfigureXhciAtBoot() End
2015-02-12T15:39:09.014220-06:00 c0-0c1s4n0 (Wdt) RunWdtBeforeOsBoot
2015-02-12T15:39:09.014443-06:00 c0-0c1s4n0 (Wdt) DisableTimer
2015-02-12T15:39:12.032236-06:00 c0-0c1s4n0 Crypto Lib Callback.
2015-02-12T15:39:12.032885-06:00 c0-0c1s4n0 Heap addr before Virtual MemFixup = 7bacb018, After = 7bacb018
2015-02-12T15:39:12.032900-06:00 c0-0c1s4n0 NvramSmi Go Virtual
2015-02-12T15:39:12.184089-06:00 c0-0c1s4n0 Stopping all external HCs
2015-02-12T15:39:12.184288-06:00 c0-0c1s4n0 stopping all HC type 40:
2015-02-12T15:39:21.579927-06:00 c0-0c1s4n0 i8042: No controller found
2015-02-12T15:39:25.801502-06:00 c0-0c1s4n0 Sending ec_node_info with boot code 0 (NODE_INFO_OS_BOOT) for nid 80
2015-02-12T15:39:25.801511-06:00 c0-0c1s4n0 net.core.rmem_max = 16777216
2015-02-12T15:39:25.801517-06:00 c0-0c1s4n0 net.core.wmem_max = 16777216
2015-02-12T15:39:25.801521-06:00 c0-0c1s4n0 net.core.rmem_default = 16777216
2015-02-12T15:39:25.801536-06:00 c0-0c1s4n0 net.core.wmem_default = 16777216
2015-02-12T15:39:25.801550-06:00 c0-0c1s4n0 net.core.optmem_max = 16777216
2015-02-12T15:39:25.801561-06:00 c0-0c1s4n0 net.ipv4.tcp_mem = 16777216 16777216 16777216
2015-02-12T15:39:25.801567-06:00 c0-0c1s4n0 net.ipv4.tcp_rmem = 4096 87380 16777216
2015-02-12T15:39:25.801573-06:00 c0-0c1s4n0 net.ipv4.tcp_wmem = 4096 65536 16777216
2015-02-12T15:39:25.801590-06:00 c0-0c1s4n0 nid 80: Linux version 3.0.101-0.31.1_1.0502.8394-cray_ari_c (abuild@cfosbld02) (gcc version 4.3.4 [gcc-4_3-branch revision 152973] (SUSE Linux) ) #1 SMP Wed Sep 10 04:09:26 UTC 2014
2015-02-12T15:39:25.801602-06:00 c0-0c1s4n0 starting pid 6937, tty '': 'PATH3974'
2015-02-12T15:39:25.801608-06:00 c0-0c1s4n0 bpmcd_init: Power statistics available in PATH1240
2015-02-12T15:39:25.801626-06:00 c0-0c1s4n0 DVS: Revision 1873 - Built: Sep 17 2014 @ 06:40:25 for lnet version 2.5
2015-02-12T15:39:25.801633-06:00 c0-0c1s4n0 LNet: HW CPU cores: 64, npartitions: 8
2015-02-12T15:39:28.912716-06:00 c0-0c1s4n0 Lustre: kgnilnd build version: 2.5-trunk-1.0502.17198.8.57-abuild-RB-5.2UP02_2.5.1-2014-09-17-06:43
2015-02-12T15:39:29.049538-06:00 c0-0c1s4n0 LNet: Added LNI 80@gni [PATH4853]
2015-02-12T15:39:45.054722-06:00 c0-0c1s4n0 mcelog: Family 6 Model 3f CPU: only decoding architectural errors
2015-02-12T15:39:45.080260-06:00 c0-0c1s4n0 SGI XPMEM kernel module v2.2 loaded
2015-02-12T15:39:45.080287-06:00 c0-0c1s4n0 <node_health> (xtnhd) xtnhd has started
2015-02-12T15:39:45.361466-06:00 c0-0c1s4n0 boot_freemem data calculated:  130105196
2015-02-12T15:28:41.323676-06:00 c0-0c0s3n2 ERROR: Type:2; Severity:80; Class:3; Subclass:D; Operation: 2
2015-02-12T15:39:08.977011-06:00 c0-0c0s3n2 Wait4Boot: WRITE: 523 bytes to memory @ 0x90CD0 ... complete
2015-02-12T15:39:08.977029-06:00 c0-0c0s3n2 Wait4Boot: Blade Controller Boot Protocol version - 1
2015-02-12T15:39:08.977043-06:00 c0-0c0s3n2 Wait4Boot: JUMP: KernelStart 0x100000, boot_params 0x90000, CmdLineAddr 0x90CD0
2015-02-12T15:39:08.977048-06:00 c0-0c0s3n2 OnExitBootServices..
2015-02-12T15:39:09.015754-06:00 c0-0c0s3n2 ConfigureXhciAtBoot() Start
2015-02-12T15:39:09.015956-06:00 c0-0c0s3n2 ConfigureXhciAtBoot() End
2015-02-12T15:39:09.038717-06:00 c0-0c0s3n2 (Wdt) RunWdtBeforeOsBoot
2015-02-12T15:39:09.039267-06:00 c0-0c0s3n2 (Wdt) DisableTimer
2015-02-12T15:39:12.108697-06:00 c0-0c0s3n2 Crypto Lib Callback.
2015-02-12T15:39:12.133239-06:00 c0-0c0s3n2 Heap addr before Virtual MemFixup = 7bacb018, After = 7bacb018
2015-02-12T15:39:12.133363-06:00 c0-0c0s3n2 NvramSmi Go Virtual
2015-02-12T15:39:12.284878-06:00 c0-0c0s3n2 Stopping all external HCs
2015-02-12T15:39:12.285091-06:00 c0-0c0s3n2 stopping all HC type 40:
2015-02-12T15:39:21.687365-06:00 c0-0c0s3n2 i8042: No controller found
2015-02-12T15:39:25.887070-06:00 c0-0c0s3n2 Sending ec_node_info with boot code 0 (NODE_INFO_OS_BOOT) for nid 14
2015-02-12T15:39:25.887078-06:00 c0-0c0s3n2 net.core.rmem_max = 16777216
2015-02-12T15:39:25.887083-06:00 c0-0c0s3n2 net.core.wmem_max = 16777216
2015-02-12T15:39:25.887087-06:00 c0-0c0s3n2 net.core.rmem_default = 16777216
2015-02-12T15:39:25.887091-06:00 c0-0c0s3n2 net.core.wmem_default = 16777216
2015-02-12T15:39:25.887097-06:00 c0-0c0s3n2 net.core.optmem_max = 16777216
2015-02-12T15:39:25.887105-06:00 c0-0c0s3n2 net.ipv4.tcp_mem = 16777216 16777216 16777216
2015-02-12T15:39:25.887109-06:00 c0-0c0s3n2 net.ipv4.tcp_rmem = 4096 87380 16777216
2015-02-12T15:39:25.887115-06:00 c0-0c0s3n2 net.ipv4.tcp_wmem = 4096 65536 16777216
2015-02-12T15:39:25.887127-06:00 c0-0c0s3n2 nid 14: Linux version 3.0.101-0.31.1_1.0502.8394-cray_ari_c (abuild@cfosbld02) (gcc version 4.3.4 [gcc-4_3-branch revision 152973] (SUSE Linux) ) #1 SMP Wed Sep 10 04:09:26 UTC 2014
2015-02-12T15:39:25.887138-06:00 c0-0c0s3n2 starting pid 6946, tty '': 'PATH3974'
2015-02-12T15:39:25.887146-06:00 c0-0c0s3n2 bpmcd_init: Power statistics available in PATH1240
2015-02-12T15:39:25.887156-06:00 c0-0c0s3n2 DVS: Revision 1873 - Built: Sep 17 2014 @ 06:40:25 for lnet version 2.5
2015-02-12T15:39:25.887164-06:00 c0-0c0s3n2 LNet: HW CPU cores: 64, npartitions: 8
2015-02-12T15:39:30.714342-06:00 c0-0c0s3n2 Lustre: kgnilnd build version: 2.5-trunk-1.0502.17198.8.57-abuild-RB-5.2UP02_2.5.1-2014-09-17-06:43
2015-02-12T15:39:30.840427-06:00 c0-0c0s3n2 LNet: Added LNI 14@gni [PATH4853]
2015-02-12T15:39:46.867680-06:00 c0-0c0s3n2 mcelog: Family 6 Model 3f CPU: only decoding architectural errors
2015-02-12T15:39:46.909866-06:00 c0-0c0s3n2 SGI XPMEM kernel module v2.2 loaded
2015-02-12T15:39:46.909919-06:00 c0-0c0s3n2 <node_health> (xtnhd) xtnhd has started
2015-02-12T15:39:47.439097-06:00 c0-0c0s3n2 boot_freemem data calculated:  130102004
2015-02-12T15:28:37.247242-06:00 c0-0c0s8n0 ERROR: Type:2; Severity:80; Class:3; Subclass:D; Operation: 2
2015-02-12T15:39:09.040268-06:00 c0-0c0s8n0 Wait4Boot: WRITE: 523 bytes to memory @ 0x90CD0 ... complete
2015-02-12T15:39:09.040277-06:00 c0-0c0s8n0 Wait4Boot: Blade Controller Boot Protocol version - 1
2015-02-12T15:39:09.040285-06:00 c0-0c0s8n0 Wait4Boot: JUMP: KernelStart 0x100000, boot_params 0x90000, CmdLineAddr 0x90CD0
2015-02-12T15:39:09.040293-06:00 c0-0c0s8n0 OnExitBootServices..
2015-02-12T15:39:09.089114-06:00 c0-0c0s8n0 ConfigureXhciAtBoot() Start
2015-02-12T15:39:09.089138-06:00 c0-0c0s8n0 ConfigureXhciAtBoot() End
2015-02-12T15:39:09.089156-06:00 c0-0c0s8n0 (Wdt) RunWdtBeforeOsBoot
2015-02-12T15:39:09.114251-06:00 c0-0c0s8n0 (Wdt) DisableTimer
2015-02-12T15:39:12.133622-06:00 c0-0c0s8n0 Crypto Lib Callback.
2015-02-12T15:39:12.133925-06:00 c0-0c0s8n0 Heap addr before Virtual MemFixup = 7bacb018, After = 7bacb018
2015-02-12T15:39:12.158476-06:00 c0-0c0s8n0 NvramSmi Go Virtual
2015-02-12T15:39:12.285482-06:00 c0-0c0s8n0 Stopping all external HCs
2015-02-12T15:39:12.310173-06:00 c0-0c0s8n0 stopping all HC type 40:
2015-02-12T15:39:21.813376-06:00 c0-0c0s8n0 i8042: No controller found
2015-02-12T15:39:25.952268-06:00 c0-0c0s8n0 Sending ec_node_info with boot code 0 (NODE_INFO_OS_BOOT) for nid 32
2015-02-12T15:39:25.952277-06:00 c0-0c0s8n0 net.core.rmem_max = 16777216
2015-02-12T15:39:25.952284-06:00 c0-0c0s8n0 net.core.wmem_max = 16777216
2015-02-12T15:39:25.952289-06:00 c0-0c0s8n0 net.core.rmem_default = 16777216
2015-02-12T15:39:25.952299-06:00 c0-0c0s8n0 net.core.wmem_default = 16777216
2015-02-12T15:39:25.952305-06:00 c0-0c0s8n0 net.core.optmem_max = 16777216
2015-02-12T15:39:25.952318-06:00 c0-0c0s8n0 net.ipv4.tcp_mem = 16777216 16777216 16777216
2015-02-12T15:39:25.952325-06:00 c0-0c0s8n0 net.ipv4.tcp_rmem = 4096 87380 16777216
2015-02-12T15:39:25.952331-06:00 c0-0c0s8n0 net.ipv4.tcp_wmem = 4096 65536 16777216
2015-02-12T15:39:25.952341-06:00 c0-0c0s8n0 nid 32: Linux version 3.0.101-0.31.1_1.0502.8394-cray_ari_c (abuild@cfosbld02) (gcc version 4.3.4 [gcc-4_3-branch revision 152973] (SUSE Linux) ) #1 SMP Wed Sep 10 04:09:26 UTC 2014
2015-02-12T15:39:25.952349-06:00 c0-0c0s8n0 starting pid 6923, tty '': 'PATH3974'
2015-02-12T15:39:25.952354-06:00 c0-0c0s8n0 bpmcd_init: Power statistics available in PATH1240
2015-02-12T15:39:25.952368-06:00 c0-0c0s8n0 DVS: Revision 1873 - Built: Sep 17 2014 @ 06:40:25 for lnet version 2.5
2015-02-12T15:39:25.952379-06:00 c0-0c0s8n0 LNet: HW CPU cores: 64, npartitions: 8
2015-02-12T15:39:29.101020-06:00 c0-0c0s8n0 Lustre: kgnilnd build version: 2.5-trunk-1.0502.17198.8.57-abuild-RB-5.2UP02_2.5.1-2014-09-17-06:43
2015-02-12T15:39:29.684543-06:00 c0-0c0s8n0 LNet: Added LNI 32@gni [PATH4853]
2015-02-12T15:39:45.219802-06:00 c0-0c0s8n0 mcelog: Family 6 Model 3f CPU: only decoding architectural errors
2015-02-12T15:39:45.219900-06:00 c0-0c0s8n0 SGI XPMEM kernel module v2.2 loaded
2015-02-12T15:39:45.285312-06:00 c0-0c0s8n0 <node_health> (xtnhd) xtnhd has started
2015-02-12T15:39:45.630765-06:00 c0-0c0s8n0 boot_freemem data calculated:  130105620
2015-02-12T15:28:37.247400-06:00 c0-0c0s7n0 ERROR: Type:2; Severity:80; Class:3; Subclass:D; Operation: 2
2015-02-12T15:39:08.938384-06:00 c0-0c0s7n0 Wait4Boot: WRITE: 523 bytes to memory @ 0x90CD0 ... complete
2015-02-12T15:39:08.938393-06:00 c0-0c0s7n0 Wait4Boot: Blade Controller Boot Protocol version - 1
2015-02-12T15:39:08.938400-06:00 c0-0c0s7n0 Wait4Boot: JUMP: KernelStart 0x100000, boot_params 0x90000, CmdLineAddr 0x90CD0
2015-02-12T15:39:08.938410-06:00 c0-0c0s7n0 OnExitBootServices..
2015-02-12T15:39:09.013710-06:00 c0-0c0s7n0 ConfigureXhciAtBoot() Start
2015-02-12T15:39:09.013992-06:00 c0-0c0s7n0 ConfigureXhciAtBoot() End
2015-02-12T15:39:09.014275-06:00 c0-0c0s7n0 (Wdt) RunWdtBeforeOsBoot
2015-02-12T15:39:09.014496-06:00 c0-0c0s7n0 (Wdt) DisableTimer
2015-02-12T15:39:12.032310-06:00 c0-0c0s7n0 Crypto Lib Callback.
2015-02-12T15:39:12.032798-06:00 c0-0c0s7n0 Heap addr before Virtual MemFixup = 7bacb018, After = 7bacb018
2015-02-12T15:39:12.057330-06:00 c0-0c0s7n0 NvramSmi Go Virtual
2015-02-12T15:39:12.184159-06:00 c0-0c0s7n0 Stopping all external HCs
2015-02-12T15:39:12.184398-06:00 c0-0c0s7n0 stopping all HC type 40:
2015-02-12T15:39:21.712626-06:00 c0-0c0s7n0 i8042: No controller found
2015-02-12T15:39:25.992792-06:00 c0-0c0s7n0 Sending ec_node_info with boot code 0 (NODE_INFO_OS_BOOT) for nid 28
2015-02-12T15:39:25.992800-06:00 c0-0c0s7n0 net.core.rmem_max = 16777216
2015-02-12T15:39:25.992805-06:00 c0-0c0s7n0 net.core.wmem_max = 16777216
2015-02-12T15:39:25.992815-06:00 c0-0c0s7n0 net.core.rmem_default = 16777216
2015-02-12T15:39:25.992820-06:00 c0-0c0s7n0 net.core.wmem_default = 16777216
2015-02-12T15:39:25.992831-06:00 c0-0c0s7n0 net.core.optmem_max = 16777216
2015-02-12T15:39:25.992836-06:00 c0-0c0s7n0 net.ipv4.tcp_mem = 16777216 16777216 16777216
2015-02-12T15:39:25.992847-06:00 c0-0c0s7n0 net.ipv4.tcp_rmem = 4096 87380 16777216
2015-02-12T15:39:25.992853-06:00 c0-0c0s7n0 net.ipv4.tcp_wmem = 4096 65536 16777216
2015-02-12T15:39:25.992864-06:00 c0-0c0s7n0 nid 28: Linux version 3.0.101-0.31.1_1.0502.8394-cray_ari_c (abuild@cfosbld02) (gcc version 4.3.4 [gcc-4_3-branch revision 152973] (SUSE Linux) ) #1 SMP Wed Sep 10 04:09:26 UTC 2014
2015-02-12T15:39:25.992874-06:00 c0-0c0s7n0 starting pid 6920, tty '': 'PATH3974'
2015-02-12T15:39:25.992882-06:00 c0-0c0s7n0 bpmcd_init: Power statistics available in PATH1240
2015-02-12T15:39:25.992904-06:00 c0-0c0s7n0 DVS: Revision 1873 - Built: Sep 17 2014 @ 06:40:25 for lnet version 2.5
2015-02-12T15:39:25.992911-06:00 c0-0c0s7n0 LNet: HW CPU cores: 64, npartitions: 8
2015-02-12T15:39:29.760297-06:00 c0-0c0s7n0 Lustre: kgnilnd build version: 2.5-trunk-1.0502.17198.8.57-abuild-RB-5.2UP02_2.5.1-2014-09-17-06:43
2015-02-12T15:39:29.886500-06:00 c0-0c0s7n0 LNet: Added LNI 28@gni [PATH4853]
2015-02-12T15:39:45.899053-06:00 c0-0c0s7n0 mcelog: Family 6 Model 3f CPU: only decoding architectural errors
2015-02-12T15:39:45.925273-06:00 c0-0c0s7n0 SGI XPMEM kernel module v2.2 loaded
2015-02-12T15:39:45.925301-06:00 c0-0c0s7n0 <node_health> (xtnhd) xtnhd has started
2015-02-12T15:39:46.183784-06:00 c0-0c0s7n0 boot_freemem data calculated:  130106360
2015-02-12T15:28:36.738771-06:00 c0-0c0s2n1 ERROR: Type:2; Severity:80; Class:3; Subclass:D; Operation: 2
2015-02-12T15:37:08.052917-06:00 c0-0c0s2n1 Wait4Boot: WRITE: 533 bytes to memory @ 0x90CD0 ... complete
2015-02-12T15:37:08.052939-06:00 c0-0c0s2n1 Wait4Boot: Blade Controller Boot Protocol version - 1
2015-02-12T15:37:08.077651-06:00 c0-0c0s2n1 Wait4Boot: JUMP: KernelStart 0x100000, boot_params 0x90000, CmdLineAddr 0x90CD0
2015-02-12T15:37:08.205036-06:00 c0-0c0s2n1 Decompressing Linux... Parsing ELF... done.
2015-02-12T15:37:08.205195-06:00 c0-0c0s2n1 Booting the kernel.
2015-02-12T15:37:08.230360-06:00 c0-0c0s2n1 Initializing cgroup subsys cpuset
2015-02-12T15:37:08.230517-06:00 c0-0c0s2n1 Initializing cgroup subsys cpu
2015-02-12T15:37:08.255758-06:00 c0-0c0s2n1 Linux version 3.0.101-0.31.1_1.0502.8394-cray_ari_s (abuild@cfosbld05) (gcc version 4.3.4 [gcc-4_3-branch revision 152973] (SUSE Linux) ) #1 SMP Wed Sep 10 04:03:41 UTC 2014
2015-02-12T15:37:08.333028-06:00 c0-0c0s2n1 Command line: earlyprintk=serial,115200 load_ramdisk=1 ramdisk_size=80000 console=ttyS0,115200n8 bootnodeip=IPADDR13 bootproto=ipog bootpath=PATH1220 rootfs=nfs-shared root=PATH1221 oops=panic bootifnetmask=IPADDR15 elevator=noop ippob1=10 ippob2=128 pcie_ports=native iommu=on intel_iommu=off bad_page=panic pln_enable=off apei_disable hest_disable erst_disable ghes_disable cgroup_disable=memory active_wlm=ALPS sdbnodeip=IPADDR16 sessionid=p0-20150212t152812 _cray=marker_ 
2015-02-12T15:37:08.333071-06:00 c0-0c0s2n1 KERNEL supported cpus:
2015-02-12T15:37:08.333214-06:00 c0-0c0s2n1  Intel GenuineIntel
2015-02-12T15:37:08.372712-06:00 c0-0c0s2n1 BIOS-provided physical RAM map:
2015-02-12T15:37:08.373111-06:00 c0-0c0s2n1 BIOS-e820: 0000000000000000 - 00000000000a0000 (usable)
2015-02-12T15:37:08.373309-06:00 c0-0c0s2n1 BIOS-e820: 0000000000100000 - 000000007e67c000 (usable)
2015-02-12T15:37:08.381879-06:00 c0-0c0s2n1 BIOS-e820: 000000007e67c000 - 000000007e790000 (ACPI NVS)
2015-02-12T15:37:08.382097-06:00 c0-0c0s2n1 BIOS-e820: 000000007e790000 - 000000007f395000 (reserved)
2015-02-12T15:37:08.420239-06:00 c0-0c0s2n1 BIOS-e820: 000000007f395000 - 000000007f410000 (ACPI data)
2015-02-12T15:37:08.420452-06:00 c0-0c0s2n1 BIOS-e820: 000000007f410000 - 000000007f491000 (reserved)
2015-02-12T15:37:08.420568-06:00 c0-0c0s2n1 BIOS-e820: 000000007f491000 - 000000007f493000 (usable)
2015-02-12T15:37:08.460373-06:00 c0-0c0s2n1 BIOS-e820: 000000007f493000 - 000000007f494000 (ACPI NVS)
2015-02-12T15:37:08.460649-06:00 c0-0c0s2n1 BIOS-e820: 000000007f494000 - 000000007f49e000 (reserved)
2015-02-12T15:37:08.461009-06:00 c0-0c0s2n1 BIOS-e820: 000000007f49e000 - 000000007f4a6000 (ACPI NVS)
2015-02-12T15:37:08.461094-06:00 c0-0c0s2n1 BIOS-e820: 000000007f4a6000 - 000000007f4d2000 (reserved)
2015-02-12T15:37:08.461351-06:00 c0-0c0s2n1 BIOS-e820: 000000007f4d2000 - 000000007f558000 (ACPI NVS)
2015-02-12T15:37:08.461571-06:00 c0-0c0s2n1 BIOS-e820: 000000007f558000 - 000000007f800000 (usable)
2015-02-12T15:37:08.500402-06:00 c0-0c0s2n1 BIOS-e820: 0000000080000000 - 0000000090000000 (reserved)
2015-02-12T15:37:08.500559-06:00 c0-0c0s2n1 BIOS-e820: 00000000fed1c000 - 00000000fed20000 (reserved)
2015-02-12T15:37:08.500802-06:00 c0-0c0s2n1 BIOS-e820: 00000000ff000000 - 0000000100000000 (reserved)
2015-02-12T15:37:08.508106-06:00 c0-0c0s2n1 BIOS-e820: 0000000100000000 - 0000001080000000 (usable)
2015-02-12T15:37:08.508347-06:00 c0-0c0s2n1 bootconsole [earlyser0] enabled
2015-02-12T15:37:08.508523-06:00 c0-0c0s2n1 NX (Execute Disable) protection: active
2015-02-12T15:37:08.508729-06:00 c0-0c0s2n1 EFI v2.10 by American Megatrends
2015-02-12T15:37:08.533366-06:00 c0-0c0s2n1 ACPI=0x7f395000  ACPI 2.0=0x7f395000  SMBIOS=0xf04c0  MPS=0xfd450 
2015-02-12T15:37:08.533680-06:00 c0-0c0s2n1 EFI: mem00: type=3, attr=0xf, range=[0x0000000000000000-0x0000000000008000) (0MB)
2015-02-12T15:37:08.558536-06:00 c0-0c0s2n1 EFI: mem01: type=7, attr=0xf, range=[0x0000000000008000-0x0000000000060000) (0MB)
2015-02-12T15:37:08.558831-06:00 c0-0c0s2n1 EFI: mem02: type=3, attr=0xf, range=[0x0000000000060000-0x00000000000a0000) (0MB)
2015-02-12T15:37:08.583793-06:00 c0-0c0s2n1 EFI: mem03: type=7, attr=0xf, range=[0x0000000000100000-0x0000000001000000) (15MB)
2015-02-12T15:37:08.584091-06:00 c0-0c0s2n1 EFI: mem04: type=2, attr=0xf, range=[0x0000000001000000-0x0000000001100000) (1MB)
2015-02-12T15:37:08.608989-06:00 c0-0c0s2n1 EFI: mem05: type=4, attr=0xf, range=[0x0000000001100000-0x00000000017ea000) (6MB)
2015-02-12T15:37:08.609299-06:00 c0-0c0s2n1 EFI: mem06: type=3, attr=0xf, range=[0x00000000017ea000-0x00000000017ee000) (0MB)
2015-02-12T15:37:08.634161-06:00 c0-0c0s2n1 EFI: mem07: type=4, attr=0xf, range=[0x00000000017ee000-0x0000000001886000) (0MB)
2015-02-12T15:37:08.634463-06:00 c0-0c0s2n1 EFI: mem08: type=3, attr=0xf, range=[0x0000000001886000-0x000000000188f000) (0MB)
2015-02-12T15:37:08.659586-06:00 c0-0c0s2n1 EFI: mem09: type=4, attr=0xf, range=[0x000000000188f000-0x0000000001892000) (0MB)
2015-02-12T15:37:08.659864-06:00 c0-0c0s2n1 EFI: mem10: type=3, attr=0xf, range=[0x0000000001892000-0x000000000189e000) (0MB)
2015-02-12T15:37:08.684855-06:00 c0-0c0s2n1 EFI: mem11: type=4, attr=0xf, range=[0x000000000189e000-0x00000000018a9000) (0MB)
2015-02-12T15:37:08.685093-06:00 c0-0c0s2n1 EFI: mem12: type=3, attr=0xf, range=[0x00000000018a9000-0x00000000018ab000) (0MB)
2015-02-12T15:37:08.724476-06:00 c0-0c0s2n1 EFI: mem13: type=4, attr=0xf, range=[0x00000000018ab000-0x00000000018ad000) (0MB)
2015-02-12T15:37:08.724649-06:00 c0-0c0s2n1 EFI: mem14: type=3, attr=0xf, range=[0x00000000018ad000-0x00000000018af000) (0MB)
2015-02-12T15:37:08.764548-06:00 c0-0c0s2n1 EFI: mem15: type=4, attr=0xf, range=[0x00000000018af000-0x00000000018b7000) (0MB)
2015-02-12T15:37:08.764818-06:00 c0-0c0s2n1 EFI: mem16: type=3, attr=0xf, range=[0x00000000018b7000-0x00000000018bb000) (0MB)
2015-02-12T15:37:08.765090-06:00 c0-0c0s2n1 EFI: mem17: type=4, attr=0xf, range=[0x00000000018bb000-0x00000000018bd000) (0MB)
2015-02-12T15:37:08.765383-06:00 c0-0c0s2n1 EFI: mem18: type=3, attr=0xf, range=[0x00000000018bd000-0x00000000018bf000) (0MB)
2015-02-12T15:37:08.804544-06:00 c0-0c0s2n1 EFI: mem19: type=4, attr=0xf, range=[0x00000000018bf000-0x00000000018d1000) (0MB)
2015-02-12T15:37:08.804831-06:00 c0-0c0s2n1 EFI: mem20: type=3, attr=0xf, range=[0x00000000018d1000-0x00000000018d7000) (0MB)
2015-02-12T15:37:08.811226-06:00 c0-0c0s2n1 EFI: mem21: type=4, attr=0xf, range=[0x00000000018d7000-0x00000000018f9000) (0MB)
2015-02-12T15:37:08.848517-06:00 c0-0c0s2n1 EFI: mem22: type=3, attr=0xf, range=[0x00000000018f9000-0x0000000001908000) (0MB)
2015-02-12T15:37:08.848793-06:00 c0-0c0s2n1 EFI: mem23: type=4, attr=0xf, range=[0x0000000001908000-0x0000000001921000) (0MB)
2015-02-12T15:37:08.849061-06:00 c0-0c0s2n1 EFI: mem24: type=3, attr=0xf, range=[0x0000000001921000-0x000000000192b000) (0MB)
2015-02-12T15:37:08.888511-06:00 c0-0c0s2n1 EFI: mem25: type=4, attr=0xf, range=[0x000000000192b000-0x0000000001933000) (0MB)
2015-02-12T15:37:08.888781-06:00 c0-0c0s2n1 EFI: mem26: type=3, attr=0xf, range=[0x0000000001933000-0x0000000001936000) (0MB)
2015-02-12T15:37:08.888991-06:00 c0-0c0s2n1 EFI: mem27: type=4, attr=0xf, range=[0x0000000001936000-0x000000000193b000) (0MB)
2015-02-12T15:37:08.889278-06:00 c0-0c0s2n1 EFI: mem28: type=3, attr=0xf, range=[0x000000000193b000-0x000000000193e000) (0MB)
2015-02-12T15:37:08.928496-06:00 c0-0c0s2n1 EFI: mem29: type=4, attr=0xf, range=[0x000000000193e000-0x0000000001964000) (0MB)
2015-02-12T15:37:08.928782-06:00 c0-0c0s2n1 EFI: mem30: type=3, attr=0xf, range=[0x0000000001964000-0x0000000001968000) (0MB)
2015-02-12T15:37:08.937444-06:00 c0-0c0s2n1 EFI: mem31: type=4, attr=0xf, range=[0x0000000001968000-0x000000000198a000) (0MB)
2015-02-12T15:37:08.937714-06:00 c0-0c0s2n1 EFI: mem32: type=3, attr=0xf, range=[0x000000000198a000-0x00000000019b0000) (0MB)
2015-02-12T15:37:08.962608-06:00 c0-0c0s2n1 EFI: mem33: type=4, attr=0xf, range=[0x00000000019b0000-0x00000000019be000) (0MB)
2015-02-12T15:37:08.987743-06:00 c0-0c0s2n1 EFI: mem34: type=3, attr=0xf, range=[0x00000000019be000-0x00000000019ce000) (0MB)
2015-02-12T15:37:08.987885-06:00 c0-0c0s2n1 EFI: mem35: type=4, attr=0xf, range=[0x00000000019ce000-0x00000000019d0000) (0MB)
2015-02-12T15:37:08.988182-06:00 c0-0c0s2n1 EFI: mem36: type=3, attr=0xf, range=[0x00000000019d0000-0x00000000019d7000) (0MB)
2015-02-12T15:37:09.013148-06:00 c0-0c0s2n1 EFI: mem37: type=4, attr=0xf, range=[0x00000000019d7000-0x00000000019e1000) (0MB)
2015-02-12T15:37:09.052455-06:00 c0-0c0s2n1 EFI: mem38: type=3, attr=0xf, range=[0x00000000019e1000-0x00000000019e5000) (0MB)
2015-02-12T15:37:09.052704-06:00 c0-0c0s2n1 EFI: mem39: type=4, attr=0xf, range=[0x00000000019e5000-0x0000000001a02000) (0MB)
2015-02-12T15:37:09.052978-06:00 c0-0c0s2n1 EFI: mem40: type=3, attr=0xf, range=[0x0000000001a02000-0x0000000001a06000) (0MB)
2015-02-12T15:37:09.092483-06:00 c0-0c0s2n1 EFI: mem41: type=4, attr=0xf, range=[0x0000000001a06000-0x0000000001a0a000) (0MB)
2015-02-12T15:37:09.092757-06:00 c0-0c0s2n1 EFI: mem42: type=3, attr=0xf, range=[0x0000000001a0a000-0x0000000001a1e000) (0MB)
2015-02-12T15:37:09.093037-06:00 c0-0c0s2n1 EFI: mem43: type=4, attr=0xf, range=[0x0000000001a1e000-0x0000000001a22000) (0MB)
2015-02-12T15:37:09.093288-06:00 c0-0c0s2n1 EFI: mem44: type=3, attr=0xf, range=[0x0000000001a22000-0x0000000001a26000) (0MB)
2015-02-12T15:37:09.132442-06:00 c0-0c0s2n1 EFI: mem45: type=4, attr=0xf, range=[0x0000000001a26000-0x0000000001a34000) (0MB)
2015-02-12T15:37:09.132692-06:00 c0-0c0s2n1 EFI: mem46: type=3, attr=0xf, range=[0x0000000001a34000-0x0000000001a3b000) (0MB)
2015-02-12T15:37:09.139552-06:00 c0-0c0s2n1 EFI: mem47: type=4, attr=0xf, range=[0x0000000001a3b000-0x0000000001a42000) (0MB)
2015-02-12T15:37:09.176525-06:00 c0-0c0s2n1 EFI: mem48: type=3, attr=0xf, range=[0x0000000001a42000-0x0000000001a4a000) (0MB)
2015-02-12T15:37:09.176786-06:00 c0-0c0s2n1 EFI: mem49: type=4, attr=0xf, range=[0x0000000001a4a000-0x0000000001a4b000) (0MB)
2015-02-12T15:37:09.177045-06:00 c0-0c0s2n1 EFI: mem50: type=3, attr=0xf, range=[0x0000000001a4b000-0x0000000001a4d000) (0MB)
2015-02-12T15:37:09.216498-06:00 c0-0c0s2n1 EFI: mem51: type=4, attr=0xf, range=[0x0000000001a4d000-0x0000000001a52000) (0MB)
2015-02-12T15:37:09.216802-06:00 c0-0c0s2n1 EFI: mem52: type=3, attr=0xf, range=[0x0000000001a52000-0x0000000001a69000) (0MB)
2015-02-12T15:37:09.217050-06:00 c0-0c0s2n1 EFI: mem53: type=4, attr=0xf, range=[0x0000000001a69000-0x0000000001a6f000) (0MB)
2015-02-12T15:37:09.217324-06:00 c0-0c0s2n1 EFI: mem54: type=3, attr=0xf, range=[0x0000000001a6f000-0x0000000001a70000) (0MB)
2015-02-12T15:37:09.256448-06:00 c0-0c0s2n1 EFI: mem55: type=4, attr=0xf, range=[0x0000000001a70000-0x0000000001a71000) (0MB)
2015-02-12T15:37:09.256771-06:00 c0-0c0s2n1 EFI: mem56: type=3, attr=0xf, range=[0x0000000001a71000-0x0000000001a79000) (0MB)
2015-02-12T15:37:09.265477-06:00 c0-0c0s2n1 EFI: mem57: type=4, attr=0xf, range=[0x0000000001a79000-0x0000000001a7a000) (0MB)
2015-02-12T15:37:09.265766-06:00 c0-0c0s2n1 EFI: mem58: type=3, attr=0xf, range=[0x0000000001a7a000-0x0000000001a83000) (0MB)
2015-02-12T15:37:09.290858-06:00 c0-0c0s2n1 EFI: mem59: type=4, attr=0xf, range=[0x0000000001a83000-0x0000000001a85000) (0MB)
2015-02-12T15:37:09.328430-06:00 c0-0c0s2n1 EFI: mem60: type=3, attr=0xf, range=[0x0000000001a85000-0x0000000001abe000) (0MB)
2015-02-12T15:37:09.328614-06:00 c0-0c0s2n1 EFI: mem61: type=4, attr=0xf, range=[0x0000000001abe000-0x0000000001abf000) (0MB)
2015-02-12T15:37:09.328813-06:00 c0-0c0s2n1 EFI: mem62: type=3, attr=0xf, range=[0x0000000001abf000-0x0000000001acc000) (0MB)
2015-02-12T15:37:09.368486-06:00 c0-0c0s2n1 EFI: mem63: type=4, attr=0xf, range=[0x0000000001acc000-0x0000000001ad7000) (0MB)
2015-02-12T15:37:09.368673-06:00 c0-0c0s2n1 EFI: mem64: type=3, attr=0xf, range=[0x0000000001ad7000-0x0000000001adc000) (0MB)
2015-02-12T15:37:09.368839-06:00 c0-0c0s2n1 EFI: mem65: type=4, attr=0xf, range=[0x0000000001adc000-0x0000000001b60000) (0MB)
2015-02-12T15:37:09.369056-06:00 c0-0c0s2n1 EFI: mem66: type=3, attr=0xf, range=[0x0000000001b60000-0x0000000001b7c000) (0MB)
2015-02-12T15:37:09.408486-06:00 c0-0c0s2n1 EFI: mem67: type=4, attr=0xf, range=[0x0000000001b7c000-0x0000000001b84000) (0MB)
2015-02-12T15:37:09.408692-06:00 c0-0c0s2n1 EFI: mem68: type=3, attr=0xf, range=[0x0000000001b84000-0x0000000001b9c000) (0MB)
2015-02-12T15:37:09.417028-06:00 c0-0c0s2n1 EFI: mem69: type=4, attr=0xf, range=[0x0000000001b9c000-0x000000000b210000) (150MB)
2015-02-12T15:37:09.417250-06:00 c0-0c0s2n1 EFI: mem70: type=3, attr=0xf, range=[0x000000000b210000-0x000000000b216000) (0MB)
2015-02-12T15:37:09.442334-06:00 c0-0c0s2n1 EFI: mem71: type=4, attr=0xf, range=[0x000000000b216000-0x000000000b21f000) (0MB)
2015-02-12T15:37:09.442541-06:00 c0-0c0s2n1 EFI: mem72: type=3, attr=0xf, range=[0x000000000b21f000-0x000000000b235000) (0MB)
2015-02-12T15:37:09.467558-06:00 c0-0c0s2n1 EFI: mem73: type=4, attr=0xf, range=[0x000000000b235000-0x000000000b23b000) (0MB)
2015-02-12T15:37:09.467896-06:00 c0-0c0s2n1 EFI: mem74: type=3, attr=0xf, range=[0x000000000b23b000-0x000000000b23e000) (0MB)
2015-02-12T15:37:09.492750-06:00 c0-0c0s2n1 EFI: mem75: type=4, attr=0xf, range=[0x000000000b23e000-0x000000000b242000) (0MB)
2015-02-12T15:37:09.493035-06:00 c0-0c0s2n1 EFI: mem76: type=3, attr=0xf, range=[0x000000000b242000-0x000000000b249000) (0MB)
2015-02-12T15:37:09.518065-06:00 c0-0c0s2n1 EFI: mem77: type=4, attr=0xf, range=[0x000000000b249000-0x000000000b24c000) (0MB)
2015-02-12T15:37:09.556360-06:00 c0-0c0s2n1 EFI: mem78: type=3, attr=0xf, range=[0x000000000b24c000-0x000000000b254000) (0MB)
2015-02-12T15:37:09.556659-06:00 c0-0c0s2n1 EFI: mem79: type=4, attr=0xf, range=[0x000000000b254000-0x000000000b27a000) (0MB)
2015-02-12T15:37:09.556934-06:00 c0-0c0s2n1 EFI: mem80: type=3, attr=0xf, range=[0x000000000b27a000-0x000000000b27e000) (0MB)
2015-02-12T15:37:09.600559-06:00 c0-0c0s2n1 EFI: mem81: type=4, attr=0xf, range=[0x000000000b27e000-0x000000000b282000) (0MB)
2015-02-12T15:37:09.600830-06:00 c0-0c0s2n1 EFI: mem82: type=3, attr=0xf, range=[0x000000000b282000-0x000000000b286000) (0MB)
2015-02-12T15:37:09.601082-06:00 c0-0c0s2n1 EFI: mem83: type=4, attr=0xf, range=[0x000000000b286000-0x000000000b290000) (0MB)
2015-02-12T15:37:09.601390-06:00 c0-0c0s2n1 EFI: mem84: type=3, attr=0xf, range=[0x000000000b290000-0x000000000b2d3000) (0MB)
2015-02-12T15:37:09.636531-06:00 c0-0c0s2n1 EFI: mem85: type=4, attr=0xf, range=[0x000000000b2d3000-0x000000000b2df000) (0MB)
2015-02-12T15:37:09.636813-06:00 c0-0c0s2n1 EFI: mem86: type=3, attr=0xf, range=[0x000000000b2df000-0x000000000b2e9000) (0MB)
2015-02-12T15:37:09.644365-06:00 c0-0c0s2n1 EFI: mem87: type=4, attr=0xf, range=[0x000000000b2e9000-0x000000000b2f8000) (0MB)
2015-02-12T15:37:09.644610-06:00 c0-0c0s2n1 EFI: mem88: type=3, attr=0xf, range=[0x000000000b2f8000-0x000000000b2fc000) (0MB)
2015-02-12T15:37:09.669720-06:00 c0-0c0s2n1 EFI: mem89: type=4, attr=0xf, range=[0x000000000b2fc000-0x000000000b2fd000) (0MB)
2015-02-12T15:37:09.708394-06:00 c0-0c0s2n1 EFI: mem90: type=3, attr=0xf, range=[0x000000000b2fd000-0x000000000b302000) (0MB)
2015-02-12T15:37:09.708613-06:00 c0-0c0s2n1 EFI: mem91: type=4, attr=0xf, range=[0x000000000b302000-0x000000000b30b000) (0MB)
2015-02-12T15:37:09.708818-06:00 c0-0c0s2n1 EFI: mem92: type=3, attr=0xf, range=[0x000000000b30b000-0x000000000b343000) (0MB)
2015-02-12T15:37:09.748560-06:00 c0-0c0s2n1 EFI: mem93: type=4, attr=0xf, range=[0x000000000b343000-0x000000000b34a000) (0MB)
2015-02-12T15:37:09.748836-06:00 c0-0c0s2n1 EFI: mem94: type=3, attr=0xf, range=[0x000000000b34a000-0x000000000b351000) (0MB)
2015-02-12T15:37:09.749124-06:00 c0-0c0s2n1 EFI: mem95: type=4, attr=0xf, range=[0x000000000b351000-0x000000000b359000) (0MB)
2015-02-12T15:37:09.749404-06:00 c0-0c0s2n1 EFI: mem96: type=3, attr=0xf, range=[0x000000000b359000-0x000000000b35d000) (0MB)
2015-02-12T15:37:09.792587-06:00 c0-0c0s2n1 EFI: mem97: type=4, attr=0xf, range=[0x000000000b35d000-0x000000000b365000) (0MB)
2015-02-12T15:37:09.792865-06:00 c0-0c0s2n1 EFI: mem98: type=3, attr=0xf, range=[0x000000000b365000-0x000000000b369000) (0MB)
2015-02-12T15:37:09.795809-06:00 c0-0c0s2n1 EFI: mem99: type=4, attr=0xf, range=[0x000000000b369000-0x000000000b36d000) (0MB)
2015-02-12T15:37:09.832458-06:00 c0-0c0s2n1 EFI: mem100: type=3, attr=0xf, range=[0x000000000b36d000-0x000000000b371000) (0MB)
2015-02-12T15:37:09.832714-06:00 c0-0c0s2n1 EFI: mem101: type=4, attr=0xf, range=[0x000000000b371000-0x000000000b385000) (0MB)
2015-02-12T15:37:09.832944-06:00 c0-0c0s2n1 EFI: mem102: type=3, attr=0xf, range=[0x000000000b385000-0x000000000b38b000) (0MB)
2015-02-12T15:37:09.872598-06:00 c0-0c0s2n1 EFI: mem103: type=4, attr=0xf, range=[0x000000000b38b000-0x000000000b3ad000) (0MB)
2015-02-12T15:37:09.872891-06:00 c0-0c0s2n1 EFI: mem104: type=3, attr=0xf, range=[0x000000000b3ad000-0x000000000b3b7000) (0MB)
2015-02-12T15:37:09.873119-06:00 c0-0c0s2n1 EFI: mem105: type=4, attr=0xf, range=[0x000000000b3b7000-0x000000000b3b8000) (0MB)
2015-02-12T15:37:09.873410-06:00 c0-0c0s2n1 EFI: mem106: type=3, attr=0xf, range=[0x000000000b3b8000-0x000000000b3ca000) (0MB)
2015-02-12T15:37:09.912489-06:00 c0-0c0s2n1 EFI: mem107: type=4, attr=0xf, range=[0x000000000b3ca000-0x000000000b3cd000) (0MB)
2015-02-12T15:37:09.912762-06:00 c0-0c0s2n1 EFI: mem108: type=3, attr=0xf, range=[0x000000000b3cd000-0x000000000b3d8000) (0MB)
2015-02-12T15:37:09.922261-06:00 c0-0c0s2n1 EFI: mem109: type=4, attr=0xf, range=[0x000000000b3d8000-0x000000000b474000) (0MB)
2015-02-12T15:37:09.947472-06:00 c0-0c0s2n1 EFI: mem110: type=3, attr=0xf, range=[0x000000000b474000-0x000000000b47b000) (0MB)
2015-02-12T15:37:09.947566-06:00 c0-0c0s2n1 EFI: mem111: type=4, attr=0xf, range=[0x000000000b47b000-0x000000000b48a000) (0MB)
2015-02-12T15:37:09.947762-06:00 c0-0c0s2n1 EFI: mem112: type=3, attr=0xf, range=[0x000000000b48a000-0x000000000b48e000) (0MB)
2015-02-12T15:37:09.988601-06:00 c0-0c0s2n1 EFI: mem113: type=4, attr=0xf, range=[0x000000000b48e000-0x000000000b4b0000) (0MB)
2015-02-12T15:37:09.988861-06:00 c0-0c0s2n1 EFI: mem114: type=3, attr=0xf, range=[0x000000000b4b0000-0x000000000b4b5000) (0MB)
2015-02-12T15:37:10.024572-06:00 c0-0c0s2n1 EFI: mem115: type=4, attr=0xf, range=[0x000000000b4b5000-0x000000000b4ba000) (0MB)
2015-02-12T15:37:10.024766-06:00 c0-0c0s2n1 EFI: mem116: type=3, attr=0xf, range=[0x000000000b4ba000-0x000000000b4ce000) (0MB)
2015-02-12T15:37:10.025033-06:00 c0-0c0s2n1 EFI: mem117: type=4, attr=0xf, range=[0x000000000b4ce000-0x000000000b580000) (0MB)
2015-02-12T15:37:10.025314-06:00 c0-0c0s2n1 EFI: mem118: type=7, attr=0xf, range=[0x000000000b580000-0x000000000b581000) (0MB)
2015-02-12T15:37:10.064456-06:00 c0-0c0s2n1 EFI: mem119: type=4, attr=0xf, range=[0x000000000b581000-0x000000000b5ae000) (0MB)
2015-02-12T15:37:10.064720-06:00 c0-0c0s2n1 EFI: mem120: type=3, attr=0xf, range=[0x000000000b5ae000-0x000000000b5b7000) (0MB)
2015-02-12T15:37:10.073776-06:00 c0-0c0s2n1 EFI: mem121: type=4, attr=0xf, range=[0x000000000b5b7000-0x000000000b5b8000) (0MB)
2015-02-12T15:37:10.112470-06:00 c0-0c0s2n1 EFI: mem122: type=2, attr=0xf, range=[0x000000000b5b8000-0x000000000b5ba000) (0MB)
2015-02-12T15:37:10.112741-06:00 c0-0c0s2n1 EFI: mem123: type=7, attr=0xf, range=[0x000000000b5ba000-0x000000000b5bc000) (0MB)
2015-02-12T15:37:10.112993-06:00 c0-0c0s2n1 EFI: mem124: type=4, attr=0xf, range=[0x000000000b5bc000-0x000000000b5c6000) (0MB)
2015-02-12T15:37:10.152549-06:00 c0-0c0s2n1 EFI: mem125: type=7, attr=0xf, range=[0x000000000b5c6000-0x000000000b5cc000) (0MB)
2015-02-12T15:37:10.152750-06:00 c0-0c0s2n1 EFI: mem126: type=4, attr=0xf, range=[0x000000000b5cc000-0x000000000b7e0000) (2MB)
2015-02-12T15:37:10.152899-06:00 c0-0c0s2n1 EFI: mem127: type=7, attr=0xf, range=[0x000000000b7e0000-0x000000000b7ee000) (0MB)
2015-02-12T15:37:10.153132-06:00 c0-0c0s2n1 EFI: mem128: type=1, attr=0xf, range=[0x000000000b7ee000-0x000000000b7ff000) (0MB)
2015-02-12T15:37:10.192454-06:00 c0-0c0s2n1 EFI: mem129: type=7, attr=0xf, range=[0x000000000b7ff000-0x000000007e67c000) (1838MB)
2015-02-12T15:37:10.192647-06:00 c0-0c0s2n1 EFI: mem130: type=10, attr=0xf, range=[0x000000007e67c000-0x000000007e790000) (1MB)
2015-02-12T15:37:10.200084-06:00 c0-0c0s2n1 EFI: mem131: type=0, attr=0xf, range=[0x000000007e790000-0x000000007e792000) (0MB)
2015-02-12T15:37:10.225056-06:00 c0-0c0s2n1 EFI: mem132: type=6, attr=0x800000000000000f, range=[0x000000007e792000-0x000000007f395000) (12MB)
2015-02-12T15:37:10.225357-06:00 c0-0c0s2n1 EFI: mem133: type=9, attr=0xf, range=[0x000000007f395000-0x000000007f410000) (0MB)
2015-02-12T15:37:10.250317-06:00 c0-0c0s2n1 EFI: mem134: type=5, attr=0x800000000000000f, range=[0x000000007f410000-0x000000007f41a000) (0MB)
2015-02-12T15:37:10.250630-06:00 c0-0c0s2n1 EFI: mem135: type=0, attr=0xf, range=[0x000000007f41a000-0x000000007f41c000) (0MB)
2015-02-12T15:37:10.275776-06:00 c0-0c0s2n1 EFI: mem136: type=6, attr=0x800000000000000f, range=[0x000000007f41c000-0x000000007f42d000) (0MB)
2015-02-12T15:37:10.276041-06:00 c0-0c0s2n1 EFI: mem137: type=0, attr=0xf, range=[0x000000007f42d000-0x000000007f43d000) (0MB)
2015-02-12T15:37:10.301130-06:00 c0-0c0s2n1 EFI: mem138: type=6, attr=0x800000000000000f, range=[0x000000007f43d000-0x000000007f45e000) (0MB)
2015-02-12T15:37:10.326139-06:00 c0-0c0s2n1 EFI: mem139: type=5, attr=0x800000000000000f, range=[0x000000007f45e000-0x000000007f462000) (0MB)
2015-02-12T15:37:10.326422-06:00 c0-0c0s2n1 EFI: mem140: type=0, attr=0xf, range=[0x000000007f462000-0x000000007f46b000) (0MB)
2015-02-12T15:37:10.351485-06:00 c0-0c0s2n1 EFI: mem141: type=5, attr=0x800000000000000f, range=[0x000000007f46b000-0x000000007f46d000) (0MB)
2015-02-12T15:37:10.388459-06:00 c0-0c0s2n1 EFI: mem142: type=0, attr=0xf, range=[0x000000007f46d000-0x000000007f471000) (0MB)
2015-02-12T15:37:10.388771-06:00 c0-0c0s2n1 EFI: mem143: type=5, attr=0x800000000000000f, range=[0x000000007f471000-0x000000007f472000) (0MB)
2015-02-12T15:37:10.389111-06:00 c0-0c0s2n1 EFI: mem144: type=6, attr=0x800000000000000f, range=[0x000000007f472000-0x000000007f473000) (0MB)
2015-02-12T15:37:10.428478-06:00 c0-0c0s2n1 EFI: mem145: type=5, attr=0x800000000000000f, range=[0x000000007f473000-0x000000007f476000) (0MB)
2015-02-12T15:37:10.428688-06:00 c0-0c0s2n1 EFI: mem146: type=0, attr=0xf, range=[0x000000007f476000-0x000000007f486000) (0MB)
2015-02-12T15:37:10.428994-06:00 c0-0c0s2n1 EFI: mem147: type=5, attr=0x800000000000000f, range=[0x000000007f486000-0x000000007f491000) (0MB)
2015-02-12T15:37:10.429290-06:00 c0-0c0s2n1 EFI: mem148: type=7, attr=0xf, range=[0x000000007f491000-0x000000007f493000) (0MB)
2015-02-12T15:37:10.472453-06:00 c0-0c0s2n1 EFI: mem149: type=10, attr=0xf, range=[0x000000007f493000-0x000000007f494000) (0MB)
2015-02-12T15:37:10.477701-06:00 c0-0c0s2n1 EFI: mem150: type=6, attr=0x800000000000000f, range=[0x000000007f494000-0x000000007f49b000) (0MB)
2015-02-12T15:37:10.478054-06:00 c0-0c0s2n1 EFI: mem151: type=5, attr=0x800000000000000f, range=[0x000000007f49b000-0x000000007f49e000) (0MB)
2015-02-12T15:37:10.502975-06:00 c0-0c0s2n1 EFI: mem152: type=10, attr=0xf, range=[0x000000007f49e000-0x000000007f4a6000) (0MB)
2015-02-12T15:37:10.503239-06:00 c0-0c0s2n1 EFI: mem153: type=6, attr=0x800000000000000f, range=[0x000000007f4a6000-0x000000007f4a7000) (0MB)
2015-02-12T15:37:10.540521-06:00 c0-0c0s2n1 EFI: mem154: type=5, attr=0x800000000000000f, range=[0x000000007f4a7000-0x000000007f4ab000) (0MB)
2015-02-12T15:37:10.540716-06:00 c0-0c0s2n1 EFI: mem155: type=6, attr=0x800000000000000f, range=[0x000000007f4ab000-0x000000007f4bd000) (0MB)
2015-02-12T15:37:10.580515-06:00 c0-0c0s2n1 EFI: mem156: type=5, attr=0x800000000000000f, range=[0x000000007f4bd000-0x000000007f4cf000) (0MB)
2015-02-12T15:37:10.580747-06:00 c0-0c0s2n1 EFI: mem157: type=6, attr=0x800000000000000f, range=[0x000000007f4cf000-0x000000007f4d2000) (0MB)
2015-02-12T15:37:10.580926-06:00 c0-0c0s2n1 EFI: mem158: type=10, attr=0xf, range=[0x000000007f4d2000-0x000000007f558000) (0MB)
2015-02-12T15:37:10.831488-06:00 c0-0c0s2n1 EFI: mem159: type=3, attr=0xf, range=[0x000000007f558000-0x000000007f7e0000) (2MB)
2015-02-12T15:37:10.831501-06:00 c0-0c0s2n1 EFI: mem160: type=4, attr=0xf, range=[0x000000007f7e0000-0x000000007f7ef000) (0MB)
2015-02-12T15:37:10.831506-06:00 c0-0c0s2n1 EFI: mem161: type=3, attr=0xf, range=[0x000000007f7ef000-0x000000007f800000) (0MB)
2015-02-12T15:37:10.831518-06:00 c0-0c0s2n1 EFI: mem162: type=7, attr=0xf, range=[0x0000000100000000-0x0000001080000000) (63488MB)
2015-02-12T15:37:10.831531-06:00 c0-0c0s2n1 EFI: mem163: type=11, attr=0x8000000000000001, range=[0x0000000080000000-0x0000000090000000) (256MB)
2015-02-12T15:37:10.831545-06:00 c0-0c0s2n1 EFI: mem164: type=11, attr=0x8000000000000001, range=[0x00000000fed1c000-0x00000000fed20000) (0MB)
2015-02-12T15:37:10.831558-06:00 c0-0c0s2n1 EFI: mem165: type=11, attr=0x8000000000000001, range=[0x00000000ff000000-0x0000000100000000) (16MB)
2015-02-12T15:37:10.831571-06:00 c0-0c0s2n1 DMI 2.7 present.
2015-02-12T15:37:10.831584-06:00 c0-0c0s2n1 last_pfn = 0x1080000 max_arch_pfn = 0x400000000
2015-02-12T15:37:10.831591-06:00 c0-0c0s2n1 x86 PAT enabled: cpu 0, old 0x7040600070406, new 0x7010600070106
2015-02-12T15:37:10.831619-06:00 c0-0c0s2n1 last_pfn = 0x7f800 max_arch_pfn = 0x400000000
2015-02-12T15:37:10.831631-06:00 c0-0c0s2n1 found SMP MP-table at [ffff8800000fd830] fd830
2015-02-12T15:37:10.831643-06:00 c0-0c0s2n1 Using GB pages for direct mapping
2015-02-12T15:37:10.831656-06:00 c0-0c0s2n1 init_memory_mapping: 0000000000000000-000000007f800000
2015-02-12T15:37:10.831668-06:00 c0-0c0s2n1 init_memory_mapping: 0000000100000000-0000001080000000
2015-02-12T15:37:10.831677-06:00 c0-0c0s2n1 nmi ring buffer: 262144
2015-02-12T15:37:10.831709-06:00 c0-0c0s2n1 RAMDISK: 0fa00000 - 10610000
2015-02-12T15:37:10.831721-06:00 c0-0c0s2n1 ACPI: RSDP 000000007f395000 00024 (v02 ALASKA)
2015-02-12T15:37:10.831734-06:00 c0-0c0s2n1 ACPI: XSDT 000000007f395088 0008C (v01 ALASKA    A M I 01072009 AMI  00010013)
2015-02-12T15:37:10.831741-06:00 c0-0c0s2n1 ACPI: FACP 000000007f39ee50 000F4 (v04 ALASKA    A M I 01072009 AMI  00010013)
2015-02-12T15:37:10.831756-06:00 c0-0c0s2n1 ACPI: DSDT 000000007f3951a0 09CAD (v02 ALASKA    A M I 00000016 INTL 20051117)
2015-02-12T15:37:10.831769-06:00 c0-0c0s2n1 ACPI: FACS 000000007f4a3f80 00040
2015-02-12T15:37:10.831776-06:00 c0-0c0s2n1 ACPI: APIC 000000007f39ef48 00138 (v03 ALASKA    A M I 01072009 AMI  00010013)
2015-02-12T15:37:10.831794-06:00 c0-0c0s2n1 ACPI: FPDT 000000007f39f080 00044 (v01 ALASKA    A M I 01072009 AMI  00010013)
2015-02-12T15:37:10.831806-06:00 c0-0c0s2n1 ACPI: MCFG 000000007f39f0c8 0003C (v01 ALASKA OEMMCFG. 01072009 MSFT 00000097)
2015-02-12T15:37:10.856805-06:00 c0-0c0s2n1 ACPI: HPET 000000007f39f108 00038 (v01 ALASKA    A M I 01072009 AMI. 00000004)
2015-02-12T15:37:10.881676-06:00 c0-0c0s2n1 ACPI: PRAD 000000007f39f140 000BE (v02 PRADID  PRADTID 00000001 MSFT 03000001)
2015-02-12T15:37:10.881781-06:00 c0-0c0s2n1 ACPI: SSDT 000000007f39f200 70104 (v02  INTEL    CpuPm 00004000 INTL 20051117)
2015-02-12T15:37:10.907003-06:00 c0-0c0s2n1 ACPI: SPCR 000000007f40f308 00050 (v01  A M I   APTIO4 01072009 AMI. 00000004)
2015-02-12T15:37:10.907055-06:00 c0-0c0s2n1 ACPI: EINJ 000000007f40f358 00130 (v01    AMI AMI EINJ 00000000      00000000)
2015-02-12T15:37:10.907106-06:00 c0-0c0s2n1 ACPI: ERST 000000007f40f488 00230 (v01  AMIER AMI ERST 00000000      00000000)
2015-02-12T15:37:10.907922-06:00 c0-0c0s2n1 ACPI: HEST 000000007f40f6b8 000A8 (v01    AMI AMI HEST 00000000      00000000)
2015-02-12T15:37:10.932693-06:00 c0-0c0s2n1 ACPI: BERT 000000007f40f760 00030 (v01    AMI AMI BERT 00000000      00000000)
2015-02-12T15:37:10.933524-06:00 c0-0c0s2n1 ACPI: DMAR 000000007f40f790 000BC (v01 A M I   OEMDMAR 00000001 INTL 00000001)
2015-02-12T15:37:10.933588-06:00 c0-0c0s2n1 No NUMA configuration found
2015-02-12T15:37:10.957615-06:00 c0-0c0s2n1 Faking a node at 0000000000000000-0000001080000000
2015-02-12T15:37:10.982771-06:00 c0-0c0s2n1 Initmem setup node 0 0000000000000000-0000001080000000
2015-02-12T15:37:10.982878-06:00 c0-0c0s2n1  NODE_DATA [000000107ffbb000 - 000000107ffbffff]
2015-02-12T15:37:11.184978-06:00 c0-0c0s2n1 Zone PFN ranges:
2015-02-12T15:37:11.185079-06:00 c0-0c0s2n1  DMA      0x00000010 -> 0x00001000
2015-02-12T15:37:11.185178-06:00 c0-0c0s2n1  DMA32    0x00001000 -> 0x00100000
2015-02-12T15:37:11.185704-06:00 c0-0c0s2n1  Normal   0x00100000 -> 0x01080000
2015-02-12T15:37:11.210045-06:00 c0-0c0s2n1 Movable zone start PFN for each node
2015-02-12T15:37:11.210196-06:00 c0-0c0s2n1 early_node_map[5] active PFN ranges
2015-02-12T15:37:11.210306-06:00 c0-0c0s2n1    0: 0x00000010 -> 0x000000a0
2015-02-12T15:37:11.210410-06:00 c0-0c0s2n1    0: 0x00000100 -> 0x0007e67c
2015-02-12T15:37:11.210561-06:00 c0-0c0s2n1    0: 0x0007f491 -> 0x0007f493
2015-02-12T15:37:11.210731-06:00 c0-0c0s2n1    0: 0x0007f558 -> 0x0007f800
2015-02-12T15:37:11.235412-06:00 c0-0c0s2n1    0: 0x00100000 -> 0x01080000
2015-02-12T15:37:11.869322-06:00 c0-0c0s2n1 ACPI: LAPIC (acpi_id[0x00] lapic_id[0x00] enabled)
2015-02-12T15:37:11.869473-06:00 c0-0c0s2n1 ACPI: LAPIC (acpi_id[0x02] lapic_id[0x02] enabled)
2015-02-12T15:37:11.869592-06:00 c0-0c0s2n1 ACPI: LAPIC (acpi_id[0x04] lapic_id[0x04] enabled)
2015-02-12T15:37:11.894375-06:00 c0-0c0s2n1 ACPI: LAPIC (acpi_id[0x06] lapic_id[0x06] enabled)
2015-02-12T15:37:11.894568-06:00 c0-0c0s2n1 ACPI: LAPIC (acpi_id[0x08] lapic_id[0x08] enabled)
2015-02-12T15:37:11.894785-06:00 c0-0c0s2n1 ACPI: LAPIC (acpi_id[0x0a] lapic_id[0x0a] enabled)
2015-02-12T15:37:11.919701-06:00 c0-0c0s2n1 ACPI: LAPIC (acpi_id[0x0c] lapic_id[0x0c] enabled)
2015-02-12T15:37:11.919990-06:00 c0-0c0s2n1 ACPI: LAPIC (acpi_id[0x0e] lapic_id[0x0e] enabled)
2015-02-12T15:37:11.956519-06:00 c0-0c0s2n1 ACPI: LAPIC (acpi_id[0x01] lapic_id[0x01] enabled)
2015-02-12T15:37:11.956699-06:00 c0-0c0s2n1 ACPI: LAPIC (acpi_id[0x03] lapic_id[0x03] enabled)
2015-02-12T15:37:11.956953-06:00 c0-0c0s2n1 ACPI: LAPIC (acpi_id[0x05] lapic_id[0x05] enabled)
2015-02-12T15:37:11.957081-06:00 c0-0c0s2n1 ACPI: LAPIC (acpi_id[0x07] lapic_id[0x07] enabled)
2015-02-12T15:37:11.957222-06:00 c0-0c0s2n1 ACPI: LAPIC (acpi_id[0x09] lapic_id[0x09] enabled)
2015-02-12T15:37:11.996443-06:00 c0-0c0s2n1 ACPI: LAPIC (acpi_id[0x0b] lapic_id[0x0b] enabled)
2015-02-12T15:37:11.996623-06:00 c0-0c0s2n1 ACPI: LAPIC (acpi_id[0x0d] lapic_id[0x0d] enabled)
2015-02-12T15:37:11.996854-06:00 c0-0c0s2n1 ACPI: LAPIC (acpi_id[0x0f] lapic_id[0x0f] enabled)
2015-02-12T15:37:11.997062-06:00 c0-0c0s2n1 ACPI: LAPIC_NMI (acpi_id[0x00] high edge lint[0x1])
2015-02-12T15:37:11.997253-06:00 c0-0c0s2n1 ACPI: LAPIC_NMI (acpi_id[0x02] high edge lint[0x1])
2015-02-12T15:37:11.997476-06:00 c0-0c0s2n1 ACPI: LAPIC_NMI (acpi_id[0x04] high edge lint[0x1])
2015-02-12T15:37:11.997656-06:00 c0-0c0s2n1 ACPI: LAPIC_NMI (acpi_id[0x06] high edge lint[0x1])
2015-02-12T15:37:12.036408-06:00 c0-0c0s2n1 ACPI: LAPIC_NMI (acpi_id[0x08] high edge lint[0x1])
2015-02-12T15:37:12.036614-06:00 c0-0c0s2n1 ACPI: LAPIC_NMI (acpi_id[0x0a] high edge lint[0x1])
2015-02-12T15:37:12.036826-06:00 c0-0c0s2n1 ACPI: LAPIC_NMI (acpi_id[0x0c] high edge lint[0x1])
2015-02-12T15:37:12.046432-06:00 c0-0c0s2n1 ACPI: LAPIC_NMI (acpi_id[0x0e] high edge lint[0x1])
2015-02-12T15:37:12.046754-06:00 c0-0c0s2n1 ACPI: LAPIC_NMI (acpi_id[0x01] high edge lint[0x1])
2015-02-12T15:37:12.046994-06:00 c0-0c0s2n1 ACPI: LAPIC_NMI (acpi_id[0x03] high edge lint[0x1])
2015-02-12T15:37:12.071652-06:00 c0-0c0s2n1 ACPI: LAPIC_NMI (acpi_id[0x05] high edge lint[0x1])
2015-02-12T15:37:12.072122-06:00 c0-0c0s2n1 ACPI: LAPIC_NMI (acpi_id[0x07] high edge lint[0x1])
2015-02-12T15:37:12.072242-06:00 c0-0c0s2n1 ACPI: LAPIC_NMI (acpi_id[0x09] high edge lint[0x1])
2015-02-12T15:37:12.096772-06:00 c0-0c0s2n1 ACPI: LAPIC_NMI (acpi_id[0x0b] high edge lint[0x1])
2015-02-12T15:37:12.097078-06:00 c0-0c0s2n1 ACPI: LAPIC_NMI (acpi_id[0x0d] high edge lint[0x1])
2015-02-12T15:37:12.097365-06:00 c0-0c0s2n1 ACPI: LAPIC_NMI (acpi_id[0x0f] high edge lint[0x1])
2015-02-12T15:37:12.122064-06:00 c0-0c0s2n1 ACPI: IOAPIC (id[0x00] address[0xfec00000] gsi_base[0])
2015-02-12T15:37:12.122464-06:00 c0-0c0s2n1 IOAPIC[0]: apic_id 0, version 32, address 0xfec00000, GSI 0-23
2015-02-12T15:37:12.122781-06:00 c0-0c0s2n1 ACPI: IOAPIC (id[0x02] address[0xfec01000] gsi_base[24])
2015-02-12T15:37:12.147412-06:00 c0-0c0s2n1 IOAPIC[1]: apic_id 2, version 32, address 0xfec01000, GSI 24-47
2015-02-12T15:37:12.147656-06:00 c0-0c0s2n1 ACPI: INT_SRC_OVR (bus 0 bus_irq 0 global_irq 2 dfl dfl)
2015-02-12T15:37:12.148026-06:00 c0-0c0s2n1 ACPI: INT_SRC_OVR (bus 0 bus_irq 9 global_irq 9 high level)
2015-02-12T15:37:12.172697-06:00 c0-0c0s2n1 Using ACPI (MADT) for SMP configuration information
2015-02-12T15:37:12.172867-06:00 c0-0c0s2n1 ACPI: HPET id: 0x8086a701 base: 0xfed00000
2015-02-12T15:37:12.173098-06:00 c0-0c0s2n1 SMP: Allowing 16 CPUs, 0 hotplug CPUs
2015-02-12T15:37:12.197878-06:00 c0-0c0s2n1 Allocating PCI resources starting at 90000000 (gap: 90000000:6ed1c000)
2015-02-12T15:37:12.198221-06:00 c0-0c0s2n1 setup_percpu: NR_CPUS:128 nr_cpumask_bits:128 nr_cpu_ids:16 nr_node_ids:1
2015-02-12T15:37:12.223134-06:00 c0-0c0s2n1 PERCPU: Embedded 25 PATH1224 @ffff88107fa00000 s72704 r8192 d21504 u131072
2015-02-12T15:37:12.223509-06:00 c0-0c0s2n1 Built 1 zonelists in Zone order, mobility grouping on.  Total pages: 16534701
2015-02-12T15:37:12.223625-06:00 c0-0c0s2n1 Policy zone: Normal
2015-02-12T15:37:12.324047-06:00 c0-0c0s2n1 Kernel command line: earlyprintk=serial,115200 load_ramdisk=1 ramdisk_size=80000 console=ttyS0,115200n8 bootnodeip=IPADDR13 bootproto=ipog bootpath=PATH1220 rootfs=nfs-shared root=PATH1221 oops=panic bootifnetmask=IPADDR15 elevator=noop ippob1=10 ippob2=128 pcie_ports=native iommu=on intel_iommu=off bad_page=panic pln_enable=off apei_disable hest_disable erst_disable ghes_disable cgroup_disable=memory active_wlm=ALPS sdbnodeip=IPADDR16 sessionid=p0-20150212t152812 _cray=marker_ 
2015-02-12T15:37:12.324095-06:00 c0-0c0s2n1 Intel-IOMMU: disabled
2015-02-12T15:37:12.364105-06:00 c0-0c0s2n1 Disabling memory control group subsystem
2015-02-12T15:37:12.364211-06:00 c0-0c0s2n1 PID hash table entries: 4096 (order: 3, 32768 bytes)
2015-02-12T15:37:12.364292-06:00 c0-0c0s2n1 PATH1225: enabled xstate_bv 0x7, cntxt size 0x340
2015-02-12T15:37:12.742492-06:00 c0-0c0s2n1 Memory: PATH319779 available (5522k kernel code, 2121000k absent, 1019856k reserved, 5307k data, 692k init)
2015-02-12T15:37:12.742641-06:00 c0-0c0s2n1 Hierarchical RCU implementation.
2015-02-12T15:37:12.742688-06:00 c0-0c0s2n1 NR_IRQS:4352
2015-02-12T15:37:12.793289-06:00 c0-0c0s2n1 Extended CMOS year: 2000
2015-02-12T15:37:12.818208-06:00 c0-0c0s2n1 Console: colour dummy device 80x25
2015-02-12T15:37:12.818428-06:00 c0-0c0s2n1 console [ttyS0] enabled, bootconsole disabled
2015-02-12T15:37:12.818583-06:00 c0-0c0s2n1 console [ttyS0] enabled, bootconsole disabled
2015-02-12T15:37:12.843871-06:00 c0-0c0s2n1 Fast TSC calibration using PIT
2015-02-12T15:37:12.844023-06:00 c0-0c0s2n1 Detected 2600.067 MHz processor.
2015-02-12T15:37:12.869073-06:00 c0-0c0s2n1 Calibrating delay loop (skipped), value calculated using timer frequency.. 5200.13 BogoMIPS (lpj=10400268)
2015-02-12T15:37:12.869137-06:00 c0-0c0s2n1 pid_max: default: 32768 minimum: 301
2015-02-12T15:37:12.919596-06:00 c0-0c0s2n1 Dentry cache hash table entries: 8388608 (order: 14, 67108864 bytes)
2015-02-12T15:37:12.969715-06:00 c0-0c0s2n1 Inode-cache hash table entries: 4194304 (order: 13, 33554432 bytes)
2015-02-12T15:37:12.970125-06:00 c0-0c0s2n1 Mount-cache hash table entries: 256
2015-02-12T15:37:12.970200-06:00 c0-0c0s2n1 Initializing cgroup subsys cpuacct
2015-02-12T15:37:12.994961-06:00 c0-0c0s2n1 Initializing cgroup subsys memory
2015-02-12T15:37:12.995126-06:00 c0-0c0s2n1 Initializing cgroup subsys devices
2015-02-12T15:37:12.995219-06:00 c0-0c0s2n1 Initializing cgroup subsys perf_event
2015-02-12T15:37:12.995352-06:00 c0-0c0s2n1 CPU: Physical Processor ID: 0
2015-02-12T15:37:12.995454-06:00 c0-0c0s2n1 CPU: Processor Core ID: 0
2015-02-12T15:37:13.020241-06:00 c0-0c0s2n1 mce: CPU supports 20 MCE banks
2015-02-12T15:37:13.020477-06:00 c0-0c0s2n1 CPU0: Thermal monitoring enabled (TM1)
2015-02-12T15:37:13.020653-06:00 c0-0c0s2n1 using mwait in idle threads.
2015-02-12T15:37:13.020757-06:00 c0-0c0s2n1 ACPI: Core revision 20110413
2015-02-12T15:37:13.071225-06:00 c0-0c0s2n1 ftrace: allocating 20236 entries in 80 pages
2015-02-12T15:37:13.096206-06:00 c0-0c0s2n1 DMAR: Host address width 46
2015-02-12T15:37:13.096385-06:00 c0-0c0s2n1 DMAR: DRHD base: 0x000000fbffc000 flags: 0x1
2015-02-12T15:37:13.121355-06:00 c0-0c0s2n1 IOMMU 0: reg_base_addr fbffc000 ver 1:0 cap d2078c106f0462 ecap f020fe
2015-02-12T15:37:13.121630-06:00 c0-0c0s2n1 DMAR: RMRR base: 0x0000007f430000 end: 0x0000007f43cfff
2015-02-12T15:37:13.146486-06:00 c0-0c0s2n1 DMAR: ATSR flags: 0x0
2015-02-12T15:37:13.146610-06:00 c0-0c0s2n1 DMAR: RHSA base: 0x000000fbffc000 proximity domain: 0x0
2015-02-12T15:37:13.146794-06:00 c0-0c0s2n1 Switched APIC routing to physical flat.
2015-02-12T15:37:13.147098-06:00 c0-0c0s2n1 ..TIMER: vector=0x30 apic1=0 pin1=2 apic2=-1 pin2=-1
2015-02-12T15:37:13.197267-06:00 c0-0c0s2n1 CPU0: Intel(R) Xeon(R) CPU E5-2670 0 @ 2.60GHz stepping 07
2015-02-12T15:37:13.448906-06:00 c0-0c0s2n1 Performance Events: PEBS fmt1+, 16-deep LBR, SandyBridge events, full-width counters, Intel PMU driver.
2015-02-12T15:37:13.449037-06:00 c0-0c0s2n1 ... version:                3
2015-02-12T15:37:13.449049-06:00 c0-0c0s2n1 ... bit width:              48
2015-02-12T15:37:13.449128-06:00 c0-0c0s2n1 ... generic registers:      4
2015-02-12T15:37:13.474093-06:00 c0-0c0s2n1 ... value mask:             0000ffffffffffff
2015-02-12T15:37:13.474205-06:00 c0-0c0s2n1 ... max period:             0000ffffffffffff
2015-02-12T15:37:13.474315-06:00 c0-0c0s2n1 ... fixed-purpose events:   3
2015-02-12T15:37:13.499260-06:00 c0-0c0s2n1 ... event mask:             000000070000000f
2015-02-12T15:37:13.941215-06:00 c0-0c0s2n1 Booting Node   0, Processors  #1 #2 #3 #4 #5 #6 #7 #8 #9 #10 #11 #12 #13 #14 #15 Ok.
2015-02-12T15:37:13.966491-06:00 c0-0c0s2n1 Brought up 16 CPUs
2015-02-12T15:37:13.991693-06:00 c0-0c0s2n1 Total of 16 processors activated (83202.14 BogoMIPS).
2015-02-12T15:37:14.042088-06:00 c0-0c0s2n1 NET: Registered protocol family 16
2015-02-12T15:37:14.042290-06:00 c0-0c0s2n1 ACPI FADT declares the system doesn't support PCIe ASPM, so disable it
2015-02-12T15:37:14.042410-06:00 c0-0c0s2n1 ACPI: bus type pci registered
2015-02-12T15:37:14.067302-06:00 c0-0c0s2n1 PCI: MMCONFIG for domain 0000 [bus 00-ff] at [mem 0x80000000-0x8fffffff] (base 0x80000000)
2015-02-12T15:37:14.067535-06:00 c0-0c0s2n1 PCI: MMCONFIG at [mem 0x80000000-0x8fffffff] reserved in E820
2015-02-12T15:37:14.092855-06:00 c0-0c0s2n1 PCI: Using configuration type 1 for base access
2015-02-12T15:37:14.117860-06:00 c0-0c0s2n1 bio: create slab <bio-0> at 0
2015-02-12T15:37:14.168227-06:00 c0-0c0s2n1 ACPI: Executed 1 blocks of module-level executable AML code
2015-02-12T15:37:14.345096-06:00 c0-0c0s2n1 ACPI: Interpreter enabled
2015-02-12T15:37:14.370069-06:00 c0-0c0s2n1 ACPI: (supports S0 S1 S3 S5)
2015-02-12T15:37:14.370198-06:00 c0-0c0s2n1 ACPI: Using IOAPIC for interrupt routing
2015-02-12T15:37:14.395489-06:00 c0-0c0s2n1 ACPI: No dock devices found.
2015-02-12T15:37:14.395660-06:00 c0-0c0s2n1 HEST: Table parsing disabled.
2015-02-12T15:37:14.420689-06:00 c0-0c0s2n1 PCI: Using host bridge windows from ACPI; if necessary, use "pci=nocrs" and report a bug
2015-02-12T15:37:14.421048-06:00 c0-0c0s2n1 ACPI: PCI Root Bridge [PCI0] (domain 0000 [bus 00-fe])
2015-02-12T15:37:14.446042-06:00 c0-0c0s2n1 pci_root PNP0A08:00: host bridge window [io  0x0000-0x03af]
2015-02-12T15:37:14.446394-06:00 c0-0c0s2n1 pci_root PNP0A08:00: host bridge window [io  0x03e0-0x0cf7]
2015-02-12T15:37:14.471233-06:00 c0-0c0s2n1 pci_root PNP0A08:00: host bridge window [io  0x0d00-0xffff]
2015-02-12T15:37:14.471495-06:00 c0-0c0s2n1 pci_root PNP0A08:00: host bridge window [mem 0x000c0000-0x000dffff]
2015-02-12T15:37:14.496285-06:00 c0-0c0s2n1 pci_root PNP0A08:00: host bridge window [mem 0x80000000-0xfbffffff]
2015-02-12T15:37:14.496649-06:00 c0-0c0s2n1 pci_root PNP0A08:00: host bridge window [mem 0x1080000000-0x3c3fffffffff]
2015-02-12T15:37:14.496915-06:00 c0-0c0s2n1 pci 0000:00:02.0: PCI bridge to [bus 01-01]
2015-02-12T15:37:14.521805-06:00 c0-0c0s2n1 pci 0000:00:03.0: PCI bridge to [bus 02-02]
2015-02-12T15:37:14.546733-06:00 c0-0c0s2n1 pci 0000:00:03.2: PCI bridge to [bus 03-03]
2015-02-12T15:37:14.547033-06:00 c0-0c0s2n1 pci 0000:00:11.0: PCI bridge to [bus 04-04]
2015-02-12T15:37:14.547378-06:00 c0-0c0s2n1 pci 0000:00:1e.0: PCI bridge to [bus 05-05] (subtractive decode)
2015-02-12T15:37:14.547731-06:00 c0-0c0s2n1 pci0000:00: Unable to request _OSC control (_OSC support mask: 0x19)
2015-02-12T15:37:14.572617-06:00 c0-0c0s2n1 ACPI: PCI Root Bridge [UNC0] (domain 0000 [bus ff])
2015-02-12T15:37:14.597605-06:00 c0-0c0s2n1 pci0000:ff: Unable to request _OSC control (_OSC support mask: 0x19)
2015-02-12T15:37:14.622545-06:00 c0-0c0s2n1 ACPI: PCI Interrupt Link [LNKA] (IRQs 3 4 5 6 7 10 *11 12 14 15)
2015-02-12T15:37:14.622807-06:00 c0-0c0s2n1 ACPI: PCI Interrupt Link [LNKB] (IRQs 3 4 5 6 7 *10 11 12 14 15)
2015-02-12T15:37:14.623120-06:00 c0-0c0s2n1 ACPI: PCI Interrupt Link [LNKC] (IRQs 3 4 *5 6 10 11 12 14 15)
2015-02-12T15:37:14.647972-06:00 c0-0c0s2n1 ACPI: PCI Interrupt Link [LNKD] (IRQs *3 4 5 6 10 11 12 14 15)
2015-02-12T15:37:14.673088-06:00 c0-0c0s2n1 ACPI: PCI Interrupt Link [LNKE] (IRQs 3 4 5 6 7 10 11 12 14 15) *0
2015-02-12T15:37:14.673353-06:00 c0-0c0s2n1 ACPI: PCI Interrupt Link [LNKF] (IRQs 3 4 5 6 7 10 11 12 14 15) *0
2015-02-12T15:37:14.673679-06:00 c0-0c0s2n1 ACPI: PCI Interrupt Link [LNKG] (IRQs 3 4 5 6 7 10 11 12 14 15) *0
2015-02-12T15:37:14.698628-06:00 c0-0c0s2n1 ACPI: PCI Interrupt Link [LNKH] (IRQs 3 4 5 6 *7 10 11 12 14 15)
2015-02-12T15:37:14.698804-06:00 c0-0c0s2n1 vgaarb: loaded
2015-02-12T15:37:14.698853-06:00 c0-0c0s2n1 SCSI subsystem initialized
2015-02-12T15:37:14.698991-06:00 c0-0c0s2n1 PCI: Using ACPI for IRQ routing
2015-02-12T15:37:14.723813-06:00 c0-0c0s2n1 Switching to clocksource hpet
2015-02-12T15:37:14.724174-06:00 c0-0c0s2n1 pnp: PnP ACPI init
2015-02-12T15:37:14.748900-06:00 c0-0c0s2n1 ACPI: bus type pnp registered
2015-02-12T15:37:14.749255-06:00 c0-0c0s2n1 system 00:01: [mem 0xfc000000-0xfcffffff] has been reserved
2015-02-12T15:37:14.774141-06:00 c0-0c0s2n1 system 00:01: [mem 0xfd000000-0xfdffffff] has been reserved
2015-02-12T15:37:14.774531-06:00 c0-0c0s2n1 system 00:01: [mem 0xfe000000-0xfeafffff] has been reserved
2015-02-12T15:37:14.774905-06:00 c0-0c0s2n1 system 00:01: [mem 0xfeb00000-0xfebfffff] has been reserved
2015-02-12T15:37:14.799466-06:00 c0-0c0s2n1 system 00:01: [mem 0xfed00400-0xfed3ffff] could not be reserved
2015-02-12T15:37:14.799758-06:00 c0-0c0s2n1 system 00:01: [mem 0xfed45000-0xfedfffff] has been reserved
2015-02-12T15:37:14.824629-06:00 c0-0c0s2n1 system 00:02: [mem 0xfbffc000-0xfbffdfff] has been reserved
2015-02-12T15:37:14.824920-06:00 c0-0c0s2n1 system 00:06: [io  0x04d0-0x04d1] has been reserved
2015-02-12T15:37:14.825197-06:00 c0-0c0s2n1 system 00:08: [io  0x0400-0x0453] has been reserved
2015-02-12T15:37:14.849897-06:00 c0-0c0s2n1 system 00:08: [io  0x0458-0x047f] has been reserved
2015-02-12T15:37:14.850184-06:00 c0-0c0s2n1 system 00:08: [io  0x1180-0x119f] has been reserved
2015-02-12T15:37:14.875035-06:00 c0-0c0s2n1 system 00:08: [io  0x0500-0x057f] has been reserved
2015-02-12T15:37:14.875405-06:00 c0-0c0s2n1 system 00:08: [mem 0xfed1c000-0xfed1ffff] has been reserved
2015-02-12T15:37:14.875781-06:00 c0-0c0s2n1 system 00:08: [mem 0xfec00000-0xfecfffff] could not be reserved
2015-02-12T15:37:14.900578-06:00 c0-0c0s2n1 system 00:08: [mem 0xfed08000-0xfed08fff] has been reserved
2015-02-12T15:37:14.900882-06:00 c0-0c0s2n1 system 00:08: [mem 0xff000000-0xffffffff] has been reserved
2015-02-12T15:37:14.901228-06:00 c0-0c0s2n1 system 00:09: [io  0x0454-0x0457] has been reserved
2015-02-12T15:37:14.925794-06:00 c0-0c0s2n1 pnp: PnP ACPI: found 12 devices
2015-02-12T15:37:14.926044-06:00 c0-0c0s2n1 ACPI: ACPI bus type pnp unregistered
2015-02-12T15:37:14.926415-06:00 c0-0c0s2n1 pci 0000:00:02.0: PCI bridge to [bus 01-01]
2015-02-12T15:37:14.951003-06:00 c0-0c0s2n1 pci 0000:00:02.0:   bridge window [io  disabled]
2015-02-12T15:37:14.951278-06:00 c0-0c0s2n1 pci 0000:00:02.0:   bridge window [mem disabled]
2015-02-12T15:37:14.951659-06:00 c0-0c0s2n1 pci 0000:00:02.0:   bridge window [mem 0x3c0000000000-0x3c20000fffff 64bit pref]
2015-02-12T15:37:14.976326-06:00 c0-0c0s2n1 pci 0000:00:03.0: PCI bridge to [bus 02-02]
2015-02-12T15:37:14.976663-06:00 c0-0c0s2n1 pci 0000:00:03.0:   bridge window [io  disabled]
2015-02-12T15:37:14.976919-06:00 c0-0c0s2n1 pci 0000:00:03.0:   bridge window [mem 0xfbc00000-0xfbdfffff]
2015-02-12T15:37:15.001888-06:00 c0-0c0s2n1 pci 0000:00:03.0:   bridge window [mem 0x3c2001000000-0x3c20017fffff 64bit pref]
2015-02-12T15:37:15.026654-06:00 c0-0c0s2n1 pci 0000:00:03.2: PCI bridge to [bus 03-03]
2015-02-12T15:37:15.026983-06:00 c0-0c0s2n1 pci 0000:00:03.2:   bridge window [io  disabled]
2015-02-12T15:37:15.027310-06:00 c0-0c0s2n1 pci 0000:00:03.2:   bridge window [mem 0xfba00000-0xfbbfffff]
2015-02-12T15:37:15.052073-06:00 c0-0c0s2n1 pci 0000:00:03.2:   bridge window [mem 0x3c2000800000-0x3c2000ffffff 64bit pref]
2015-02-12T15:37:15.052388-06:00 c0-0c0s2n1 pci 0000:00:11.0: PCI bridge to [bus 04-04]
2015-02-12T15:37:15.052673-06:00 c0-0c0s2n1 pci 0000:00:11.0:   bridge window [io  0xe000-0xefff]
2015-02-12T15:37:15.077567-06:00 c0-0c0s2n1 pci 0000:00:11.0:   bridge window [mem 0xfbe00000-0xfbefffff]
2015-02-12T15:37:15.077955-06:00 c0-0c0s2n1 pci 0000:00:11.0:   bridge window [mem 0x3c2001800000-0x3c2001cfffff 64bit pref]
2015-02-12T15:37:15.102518-06:00 c0-0c0s2n1 pci 0000:00:1e.0: PCI bridge to [bus 05-05]
2015-02-12T15:37:15.102879-06:00 c0-0c0s2n1 pci 0000:00:1e.0:   bridge window [io  disabled]
2015-02-12T15:37:15.103067-06:00 c0-0c0s2n1 pci 0000:00:1e.0:   bridge window [mem disabled]
2015-02-12T15:37:15.127850-06:00 c0-0c0s2n1 pci 0000:00:1e.0:   bridge window [mem pref disabled]
2015-02-12T15:37:15.128200-06:00 c0-0c0s2n1 pci 0000:00:02.0: PCI INT A -> GSI 32 (level, low) -> IRQ 32
2015-02-12T15:37:15.128500-06:00 c0-0c0s2n1 pci 0000:00:03.0: PCI INT A -> GSI 40 (level, low) -> IRQ 40
2015-02-12T15:37:15.153346-06:00 c0-0c0s2n1 pci 0000:00:03.2: PCI INT A -> GSI 40 (level, low) -> IRQ 40
2015-02-12T15:37:15.153659-06:00 c0-0c0s2n1 pci 0000:00:11.0: PCI INT A -> GSI 16 (level, low) -> IRQ 16
2015-02-12T15:37:15.178246-06:00 c0-0c0s2n1 NET: Registered protocol family 2
2015-02-12T15:37:15.178746-06:00 c0-0c0s2n1 IP route cache hash table entries: 524288 (order: 10, 4194304 bytes)
2015-02-12T15:37:15.203669-06:00 c0-0c0s2n1 TCP established hash table entries: 524288 (order: 11, 8388608 bytes)
2015-02-12T15:37:15.204075-06:00 c0-0c0s2n1 TCP bind hash table entries: 65536 (order: 8, 1048576 bytes)
2015-02-12T15:37:15.229024-06:00 c0-0c0s2n1 TCP: Hash tables configured (established 524288 bind 65536)
2015-02-12T15:37:15.229189-06:00 c0-0c0s2n1 TCP reno registered
2015-02-12T15:37:15.229404-06:00 c0-0c0s2n1 UDP hash table entries: 32768 (order: 8, 1048576 bytes)
2015-02-12T15:37:15.254031-06:00 c0-0c0s2n1 UDP-Lite hash table entries: 32768 (order: 8, 1048576 bytes)
2015-02-12T15:37:15.254245-06:00 c0-0c0s2n1 NET: Registered protocol family 1
2015-02-12T15:37:15.254516-06:00 c0-0c0s2n1 RPC: Registered named UNIX socket transport module.
2015-02-12T15:37:15.254702-06:00 c0-0c0s2n1 RPC: Registered udp transport module.
2015-02-12T15:37:15.279295-06:00 c0-0c0s2n1 RPC: Registered tcp transport module.
2015-02-12T15:37:15.316413-06:00 c0-0c0s2n1 RPC: Registered tcp NFSv4.1 backchannel transport module.
2015-02-12T15:37:15.316706-06:00 c0-0c0s2n1 pci 0000:00:1a.0: PCI INT A -> GSI 16 (level, low) -> IRQ 16
2015-02-12T15:37:15.356370-06:00 c0-0c0s2n1 pci 0000:00:1a.0: PCI INT A disabled
2015-02-12T15:37:15.356513-06:00 c0-0c0s2n1 pci 0000:00:1d.0: PCI INT A -> GSI 23 (level, low) -> IRQ 23
2015-02-12T15:37:15.356882-06:00 c0-0c0s2n1 pci 0000:00:1d.0: PCI INT A disabled
2015-02-12T15:37:15.380220-06:00 c0-0c0s2n1 Trying to unpack rootfs image as initramfs...
2015-02-12T15:37:15.783872-06:00 c0-0c0s2n1 Freeing initrd memory: 12352k freed
2015-02-12T15:37:15.808843-06:00 c0-0c0s2n1 DMAR: Device scope device [0000:00:01.01] not found
2015-02-12T15:37:15.834059-06:00 c0-0c0s2n1 DMAR: Device scope device [0000:00:01.01] not found
2015-02-12T15:37:15.834269-06:00 c0-0c0s2n1 PCI-DMA: Using software bounce buffering for IO (SWIOTLB)
2015-02-12T15:37:15.834494-06:00 c0-0c0s2n1 Placing 64MB software IO TLB between ffff88007a67c000 - ffff88007e67c000
2015-02-12T15:37:15.859241-06:00 c0-0c0s2n1 software IO TLB at phys 0x7a67c000 - 0x7e67c000
2015-02-12T15:37:15.859427-06:00 c0-0c0s2n1 Machine check injector initialized
2015-02-12T15:37:15.884428-06:00 c0-0c0s2n1 futex hash table entries: 4096 (order: 6, 262144 bytes)
2015-02-12T15:37:15.884619-06:00 c0-0c0s2n1 Registering pnotify support for (name=job)
2015-02-12T15:37:15.884687-06:00 c0-0c0s2n1 CSA: initialized
2015-02-12T15:37:15.884862-06:00 c0-0c0s2n1 audit: initializing netlink socket (disabled)
2015-02-12T15:37:15.909965-06:00 c0-0c0s2n1 type=2000 audit(1423777030.524:1): initialized
2015-02-12T15:37:15.960336-06:00 c0-0c0s2n1 HugeTLB registered 2 MB page size, pre-allocated 0 pages
2015-02-12T15:37:15.960471-06:00 c0-0c0s2n1 VFS: Disk quotas dquot_6.5.2
2015-02-12T15:37:15.960715-06:00 c0-0c0s2n1 Dquot-cache hash table entries: 512 (order 0, 4096 bytes)
2015-02-12T15:37:15.985513-06:00 c0-0c0s2n1 Installing knfsd (copyright (C) 1996 okir@monad.swb.de).
2015-02-12T15:37:15.985682-06:00 c0-0c0s2n1 fuse init (API version 7.16)
2015-02-12T15:37:15.985918-06:00 c0-0c0s2n1 Installing v9fs 9p2000 file system support
2015-02-12T15:37:15.986013-06:00 c0-0c0s2n1 msgmni has been set to 32268
2015-02-12T15:37:16.011031-06:00 c0-0c0s2n1 Block layer SCSI generic (bsg) driver version 0.4 loaded (major 254)
2015-02-12T15:37:16.011193-06:00 c0-0c0s2n1 io scheduler noop registered (default)
2015-02-12T15:37:16.011346-06:00 c0-0c0s2n1 io scheduler deadline registered
2015-02-12T15:37:16.011454-06:00 c0-0c0s2n1 io scheduler cfq registered
2015-02-12T15:37:16.036504-06:00 c0-0c0s2n1 input: Power Button as PATH1228:PATH1229:PATH1230:PATH1231
2015-02-12T15:37:16.036607-06:00 c0-0c0s2n1 ACPI: Power Button [PWRB]
2015-02-12T15:37:16.061488-06:00 c0-0c0s2n1 input: Power Button as PATH1228:PATH1232:PATH1233
2015-02-12T15:37:16.061555-06:00 c0-0c0s2n1 ACPI: Power Button [PWRF]
2015-02-12T15:37:16.162357-06:00 c0-0c0s2n1 ERST: Error Record Serialization Table (ERST) support is disabled.
2015-02-12T15:37:16.162410-06:00 c0-0c0s2n1 GHES: HEST is not enabled!
2015-02-12T15:37:16.212798-06:00 c0-0c0s2n1 Serial: PATH1234 driver, 2 ports, IRQ sharing disabled
2015-02-12T15:37:16.237839-06:00 c0-0c0s2n1 serial8250: ttyS0 at PATH1235 0x3f8 (irq = 4) is a 16550A
2015-02-12T15:37:16.338846-06:00 c0-0c0s2n1 serial8250: ttyS1 at PATH1235 0x2f8 (irq = 3) is a 16550A
2015-02-12T15:37:16.414806-06:00 c0-0c0s2n1 Real Time Clock Driver v1.12b
2015-02-12T15:37:16.414865-06:00 c0-0c0s2n1 Linux agpgart interface v0.103
2015-02-12T15:37:16.439781-06:00 c0-0c0s2n1 brd: module loaded
2015-02-12T15:37:16.439907-06:00 c0-0c0s2n1 loop: module loaded
2015-02-12T15:37:16.440065-06:00 c0-0c0s2n1 Loading iSCSI transport class v2.0-870.
2015-02-12T15:37:16.440234-06:00 c0-0c0s2n1 iscsi: registered transport (tcp)
2015-02-12T15:37:16.465046-06:00 c0-0c0s2n1 Rounding down aligned max_sectors from 4294967295 to 4294967288
2015-02-12T15:37:16.465122-06:00 c0-0c0s2n1 console [netcon0] enabled
2015-02-12T15:37:16.465323-06:00 c0-0c0s2n1 netconsole: network logging started
2015-02-12T15:37:16.490256-06:00 c0-0c0s2n1 i8042: PNP: No PATH1236 controller found. Probing ports directly.
2015-02-12T15:37:16.883741-06:00 c0-0c0s2n1 Refined TSC clocksource calibration: 2599.999 MHz.
2015-02-12T15:37:16.883752-06:00 c0-0c0s2n1 Switching to clocksource tsc
2015-02-12T15:37:17.523203-06:00 c0-0c0s2n1 i8042: No controller found
2015-02-12T15:37:17.523250-06:00 c0-0c0s2n1 EDAC MC: Ver: 2.1.0
2015-02-12T15:37:17.523378-06:00 c0-0c0s2n1 cpuidle: using governor ladder
2015-02-12T15:37:17.548407-06:00 c0-0c0s2n1 cpuidle: using governor menu
2015-02-12T15:37:17.548541-06:00 c0-0c0s2n1 oprofile: using NMI interrupt.
2015-02-12T15:37:17.548593-06:00 c0-0c0s2n1 TCP cubic registered
2015-02-12T15:37:17.548721-06:00 c0-0c0s2n1 NET: Registered protocol family 10
2015-02-12T15:37:17.548792-06:00 c0-0c0s2n1 IPv6 over IPv4 tunneling driver
2015-02-12T15:37:17.573709-06:00 c0-0c0s2n1 NET: Registered protocol family 17
2015-02-12T15:37:17.573888-06:00 c0-0c0s2n1 Installing 9P2000 support
2015-02-12T15:37:17.574003-06:00 c0-0c0s2n1 Registering the dns_resolver key type
2015-02-12T15:37:17.574155-06:00 c0-0c0s2n1 registered taskstats version 1
2015-02-12T15:37:17.599060-06:00 c0-0c0s2n1 Freeing unused kernel memory: 692k freed
2015-02-12T15:37:17.674800-06:00 c0-0c0s2n1 ghal_init:Cray(R) Gemini Hardware Abstraction Layer - version 1.0107
2015-02-12T15:37:17.674905-06:00 c0-0c0s2n1 ghal_init:Copyright (C) 2007-1012 Cray Inc.
2015-02-12T15:37:17.724932-06:00 c0-0c0s2n1 ghal 0000:01:00.1: enabling device (0000 -> 0002)
2015-02-12T15:37:17.750936-06:00 c0-0c0s2n1 udev: starting version 147
2015-02-12T15:37:17.750943-06:00 c0-0c0s2n1 simplex: module license 'unspecified' taints kernel.
2015-02-12T15:37:17.751022-06:00 c0-0c0s2n1 hss-os: communication area 0xffff881009b1aa00 (phys 0x1009b1aa00)
2015-02-12T15:37:17.751089-06:00 c0-0c0s2n1 hss-os: new channel 1
2015-02-12T15:37:18.539395-06:00 c0-0c0s2n1 request_sys_info_from_L0: No tile dimension data
2015-02-12T15:37:18.590182-06:00 c0-0c0s2n1 hss-os: new channel 2
2015-02-12T15:37:18.590192-06:00 c0-0c0s2n1 kgni_init:Cray(R) Gemini Network Interface - Sep 17 2014 version 0x004500b7 rev 9750
2015-02-12T15:37:18.590201-06:00 c0-0c0s2n1 kgni_init:Copyright (C) 2007,2008 Cray Inc.
2015-02-12T15:37:19.339773-06:00 c0-0c0s2n1 ipogif_init:Cray(R) Gemini IP over Fabric device driver - version 0.17
2015-02-12T15:37:19.339781-06:00 c0-0c0s2n1 ipogif_init:Copyright (C) 2007 Cray Inc.
2015-02-12T15:37:19.339788-06:00 c0-0c0s2n1 ipogif_probe:Immediate checksum off
2015-02-12T15:37:19.339795-06:00 c0-0c0s2n1 Cray(R) Gemini Performance Counter Daemon - version 0.1
2015-02-12T15:37:19.339803-06:00 c0-0c0s2n1 GEMINI Performance Counter Daemon.
2015-02-12T15:37:19.339816-06:00 c0-0c0s2n1 Cray(R) Kernel Dynamic Registration (KDREG) Interface - version 0x2243e
2015-02-12T15:37:19.339823-06:00 c0-0c0s2n1 Copyright (C) 2004-5 Pete Wyckoff - modified by Cray(R)
2015-02-12T15:37:19.339830-06:00 c0-0c0s2n1 ipogif_up:Bringing interface up
2015-02-12T15:37:19.339836-06:00 c0-0c0s2n1 Sending ec_node_info with boot code 0 (NODE_INFO_OS_BOOT) for nid 9
2015-02-12T15:37:19.339843-06:00 c0-0c0s2n1 net.core.rmem_max = 16777216
2015-02-12T15:37:19.339851-06:00 c0-0c0s2n1 net.core.wmem_max = 16777216
2015-02-12T15:37:19.339861-06:00 c0-0c0s2n1 net.core.rmem_default = 16777216
2015-02-12T15:37:19.339869-06:00 c0-0c0s2n1 net.core.wmem_default = 16777216
2015-02-12T15:37:19.339876-06:00 c0-0c0s2n1 net.core.optmem_max = 16777216
2015-02-12T15:37:19.339892-06:00 c0-0c0s2n1 net.ipv4.tcp_mem = 16777216 16777216 16777216
2015-02-12T15:37:19.339901-06:00 c0-0c0s2n1 net.ipv4.tcp_rmem = 4096 87380 16777216
2015-02-12T15:37:19.339907-06:00 c0-0c0s2n1 net.ipv4.tcp_wmem = 4096 65536 16777216
2015-02-12T15:37:19.339914-06:00 c0-0c0s2n1 Using rootfs config: nfs-shared...
2015-02-12T15:37:19.339920-06:00 c0-0c0s2n1 rootfs mount succeeded.
2015-02-12T15:37:19.339932-06:00 c0-0c0s2n1 **********************************************************
2015-02-12T15:37:19.339940-06:00 c0-0c0s2n1    HOSTNAME: nid00009
2015-02-12T15:37:19.339945-06:00 c0-0c0s2n1 **********************************************************
2015-02-12T15:37:19.339960-06:00 c0-0c0s2n1 ipogif0   Link encap:Ethernet  HWaddr 00:01:01:00:00:09  
2015-02-12T15:37:19.339973-06:00 c0-0c0s2n1          inet addr:IPADDR38  Mask:IPADDR15
2015-02-12T15:37:19.339993-06:00 c0-0c0s2n1          inet6 addr: fe80::201:1ff:fe00:PATH3937 Scope:Link
2015-02-12T15:37:19.340002-06:00 c0-0c0s2n1          UP RUNNING NOARP  MTU:65520  Metric:1
2015-02-12T15:37:19.340017-06:00 c0-0c0s2n1          RX packets:21 errors:0 dropped:0 overruns:0 frame:0
2015-02-12T15:37:19.340025-06:00 c0-0c0s2n1          TX packets:28 errors:0 dropped:0 overruns:0 carrier:0
2015-02-12T15:37:19.340031-06:00 c0-0c0s2n1          collisions:0 txqueuelen:1000 
2015-02-12T15:37:19.340039-06:00 c0-0c0s2n1          RX bytes:2496 (2.4 KiB)  TX bytes:2540 (2.4 KiB)
2015-02-12T15:37:19.340051-06:00 c0-0c0s2n1 lo        Link encap:Local Loopback  
2015-02-12T15:37:19.340056-06:00 c0-0c0s2n1          inet addr:IPADDR18  Mask:IPADDR24
2015-02-12T15:37:19.340067-06:00 c0-0c0s2n1          inet6 addr: ::PATH1252 Scope:Host
2015-02-12T15:37:19.340074-06:00 c0-0c0s2n1          UP LOOPBACK RUNNING  MTU:16436  Metric:1
2015-02-12T15:37:19.340082-06:00 c0-0c0s2n1          RX packets:0 errors:0 dropped:0 overruns:0 frame:0
2015-02-12T15:37:19.340091-06:00 c0-0c0s2n1          TX packets:0 errors:0 dropped:0 overruns:0 carrier:0
2015-02-12T15:37:19.340097-06:00 c0-0c0s2n1          collisions:0 txqueuelen:0 
2015-02-12T15:37:19.340114-06:00 c0-0c0s2n1          RX bytes:0 (0.0 B)  TX bytes:0 (0.0 B)
2015-02-12T15:37:19.340121-06:00 c0-0c0s2n1 Mounting NID specific PATH1253 (nid=9)...
2015-02-12T15:37:19.340137-06:00 c0-0c0s2n1 done.
2015-02-12T15:37:19.340142-06:00 c0-0c0s2n1 INIT: version 2.86 booting
2015-02-12T15:37:19.364373-06:00 c0-0c0s2n1 System Boot Control: Running PATH1254
2015-02-12T15:37:19.400851-06:00 c0-0c0s2n1 Mounting sysfs at PATH12557[?25l
2015-02-12T15:37:19.400857-06:00 c0-0c0s2n1 [80C[10D[1;32mdone[m8[?25h
2015-02-12T15:37:19.401085-06:00 c0-0c0s2n1 Copying static PATH1256 content7[?25l
2015-02-12T15:37:19.401096-06:00 c0-0c0s2n1 [80C[10D[1;32mdone[m8[?25h
2015-02-12T15:37:19.401105-06:00 c0-0c0s2n1 Mounting tmpfs at PATH12577[?25l
2015-02-12T15:37:19.401115-06:00 c0-0c0s2n1 [80C[10D[1;32mdone[m8[?25h
2015-02-12T15:37:19.401127-06:00 c0-0c0s2n1 Mounting devpts at PATH12587[?25l
2015-02-12T15:37:19.401133-06:00 c0-0c0s2n1 [80C[10D[1;32mdone[m8[?25h
2015-02-12T15:37:19.401151-06:00 c0-0c0s2n1 Boot logging started on PATH1259(PATH1260) at Thu Feb 12 15:37:14 2015
2015-02-12T15:37:19.426313-06:00 c0-0c0s2n1 Mounting debugfs at PATH12617[?25l
2015-02-12T15:37:19.426324-06:00 c0-0c0s2n1 [80C[10D[1;32mdone[m8[?25h
2015-02-12T15:37:19.527018-06:00 c0-0c0s2n1 [m[?25hNo efivars filesystem driver available.[m[?25hStarting udevd: udev: starting version 147
2015-02-12T15:37:19.527081-06:00 c0-0c0s2n1 7[?25l
2015-02-12T15:37:19.527089-06:00 c0-0c0s2n1 [80C[10D[1;32mdone[m8[?25h
2015-02-12T15:37:19.577430-06:00 c0-0c0s2n1 Loading drivers, configuring devices: Compat-rdma backport release: ac916cb
2015-02-12T15:37:19.577688-06:00 c0-0c0s2n1 Backport based on git:PATH1237 5268562
2015-02-12T15:37:19.602702-06:00 c0-0c0s2n1 usbcore: registered new interface driver usbfs
2015-02-12T15:37:19.602810-06:00 c0-0c0s2n1 usbcore: registered new interface driver hub
2015-02-12T15:37:19.602960-06:00 c0-0c0s2n1 usbcore: registered new device driver usb
2015-02-12T15:37:19.627890-06:00 c0-0c0s2n1 ahci 0000:00:1f.2: PCI INT B -> GSI 19 (level, low) -> IRQ 19
2015-02-12T15:37:19.628120-06:00 c0-0c0s2n1 ehci_hcd: USB 2.0 'Enhanced' Host Controller (EHCI) Driver
2015-02-12T15:37:19.628390-06:00 c0-0c0s2n1 compat.git: git:PATH1237
2015-02-12T15:37:19.628509-06:00 c0-0c0s2n1 ahci 0000:00:1f.2: forcing PORTS_IMPL to 0x3f
2015-02-12T15:37:19.653276-06:00 c0-0c0s2n1 ahci 0000:00:1f.2: AHCI 0001.0300 32 slots 6 ports 6 Gbps 0x3f impl SATA mode
2015-02-12T15:37:19.653441-06:00 c0-0c0s2n1 ahci 0000:00:1f.2: flags: 64bit ncq sntf pm led clo pio slum part ems apst 
2015-02-12T15:37:19.653460-06:00 c0-0c0s2n1 scsi0 : ahci
2015-02-12T15:37:19.678424-06:00 c0-0c0s2n1 scsi1 : ahci
2015-02-12T15:37:19.678487-06:00 c0-0c0s2n1 scsi2 : ahci
2015-02-12T15:37:19.678560-06:00 c0-0c0s2n1 scsi3 : ahci
2015-02-12T15:37:19.678748-06:00 c0-0c0s2n1 mlx4_core: Mellanox ConnectX core driver v1.1 (Dec, 2011)
2015-02-12T15:37:19.678886-06:00 c0-0c0s2n1 mlx4_core: Initializing 0000:02:00.0
2015-02-12T15:37:19.704272-06:00 c0-0c0s2n1 mlx4_core 0000:02:00.0: PCI INT A -> GSI 40 (level, low) -> IRQ 40
2015-02-12T15:37:19.704419-06:00 c0-0c0s2n1 scsi4 : ahci
2015-02-12T15:37:19.729372-06:00 c0-0c0s2n1 scsi5 : ahci
2015-02-12T15:37:19.729837-06:00 c0-0c0s2n1 ata2: SATA max PATH1238 abar m2048@0xfbf00000 port 0xfbf00100 irq 164
2015-02-12T15:37:19.729850-06:00 c0-0c0s2n1 ata3: SATA max PATH1238 abar m2048@0xfbf00000 port 0xfbf00180 irq 164
2015-02-12T15:37:19.729862-06:00 c0-0c0s2n1 ata4: SATA max PATH1238 abar m2048@0xfbf00000 port 0xfbf00200 irq 164
2015-02-12T15:37:19.729897-06:00 c0-0c0s2n1 ata5: SATA max PATH1238 abar m2048@0xfbf00000 port 0xfbf00280 irq 164
2015-02-12T15:37:19.755364-06:00 c0-0c0s2n1 ata6: SATA max PATH1238 abar m2048@0xfbf00000 port 0xfbf00300 irq 164
2015-02-12T15:37:19.780413-06:00 c0-0c0s2n1 ata7: SATA max PATH1238 abar m2048@0xfbf00000 port 0xfbf00380 irq 164
2015-02-12T15:37:19.780423-06:00 c0-0c0s2n1 ehci_hcd 0000:00:1a.0: PCI INT A -> GSI 16 (level, low) -> IRQ 16
2015-02-12T15:37:19.821162-06:00 c0-0c0s2n1 ehci_hcd 0000:00:1a.0: EHCI Host Controller
2015-02-12T15:37:19.821182-06:00 c0-0c0s2n1 ehci_hcd 0000:00:1a.0: new USB bus registered, assigned bus number 1
2015-02-12T15:37:19.821238-06:00 c0-0c0s2n1 ehci_hcd 0000:00:1a.0: debug port 2
2015-02-12T15:37:19.821260-06:00 c0-0c0s2n1 ehci_hcd 0000:00:1a.0: irq 16, io mem 0xfbf02000
2015-02-12T15:37:19.846169-06:00 c0-0c0s2n1 ehci_hcd 0000:00:1a.0: USB 2.0 started, EHCI 1.00
2015-02-12T15:37:19.846235-06:00 c0-0c0s2n1 hub 1-0:1.0: USB hub found
2015-02-12T15:37:19.871503-06:00 c0-0c0s2n1 hub 1-0:1.0: 2 ports detected
2015-02-12T15:37:19.871516-06:00 c0-0c0s2n1 ehci_hcd 0000:00:1d.0: PCI INT A -> GSI 23 (level, low) -> IRQ 23
2015-02-12T15:37:19.871527-06:00 c0-0c0s2n1 ehci_hcd 0000:00:1d.0: EHCI Host Controller
2015-02-12T15:37:19.871544-06:00 c0-0c0s2n1 ehci_hcd 0000:00:1d.0: new USB bus registered, assigned bus number 2
2015-02-12T15:37:19.896656-06:00 c0-0c0s2n1 ehci_hcd 0000:00:1d.0: debug port 2
2015-02-12T15:37:19.896941-06:00 c0-0c0s2n1 ehci_hcd 0000:00:1d.0: irq 23, io mem 0xfbf01000
2015-02-12T15:37:19.921993-06:00 c0-0c0s2n1 ehci_hcd 0000:00:1d.0: USB 2.0 started, EHCI 1.00
2015-02-12T15:37:19.922021-06:00 c0-0c0s2n1 hub 2-0:1.0: USB hub found
2015-02-12T15:37:19.922121-06:00 c0-0c0s2n1 hub 2-0:1.0: 2 ports detected
2015-02-12T15:37:20.171762-06:00 c0-0c0s2n1 usb 1-1: new high-speed USB device number 2 using ehci_hcd
2015-02-12T15:37:20.297932-06:00 c0-0c0s2n1 hub 1-1:1.0: USB hub found
2015-02-12T15:37:20.323019-06:00 c0-0c0s2n1 hub 1-1:1.0: 6 ports detected
2015-02-12T15:37:20.449169-06:00 c0-0c0s2n1 usb 2-1: new high-speed USB device number 2 using ehci_hcd
2015-02-12T15:37:20.575474-06:00 c0-0c0s2n1 hub 2-1:1.0: USB hub found
2015-02-12T15:37:20.575521-06:00 c0-0c0s2n1 hub 2-1:1.0: 8 ports detected
2015-02-12T15:37:20.802303-06:00 c0-0c0s2n1 ata4: failed to resume link (SControl 0)
2015-02-12T15:37:20.827474-06:00 c0-0c0s2n1 ata4: SATA link down (SStatus 0 SControl 0)
2015-02-12T15:37:20.827544-06:00 c0-0c0s2n1 ata6: failed to resume link (SControl 0)
2015-02-12T15:37:20.827564-06:00 c0-0c0s2n1 ata6: SATA link down (SStatus 0 SControl 0)
2015-02-12T15:37:20.852744-06:00 c0-0c0s2n1 ata3: failed to resume link (SControl 0)
2015-02-12T15:37:20.852799-06:00 c0-0c0s2n1 ata3: SATA link down (SStatus 0 SControl 0)
2015-02-12T15:37:20.852848-06:00 c0-0c0s2n1 ata5: failed to resume link (SControl 0)
2015-02-12T15:37:20.852897-06:00 c0-0c0s2n1 ata5: SATA link down (SStatus 0 SControl 0)
2015-02-12T15:37:20.878002-06:00 c0-0c0s2n1 ata7: failed to resume link (SControl 0)
2015-02-12T15:37:20.878081-06:00 c0-0c0s2n1 ata7: SATA link down (SStatus 0 SControl 0)
2015-02-12T15:37:20.878113-06:00 c0-0c0s2n1 ata2: failed to resume link (SControl 0)
2015-02-12T15:37:20.903268-06:00 c0-0c0s2n1 ata2: SATA link down (SStatus 0 SControl 0)
2015-02-12T15:37:25.562755-06:00 c0-0c0s2n1 mlx4_core 0000:02:00.0: 64B PATH1239 supported by the device but not enabled
2015-02-12T15:37:26.235319-06:00 c0-0c0s2n1 mlx4_core: Initializing 0000:03:00.0
2015-02-12T15:37:26.260577-06:00 c0-0c0s2n1 mlx4_core 0000:03:00.0: PCI INT A -> GSI 42 (level, low) -> IRQ 42
2015-02-12T15:37:32.120367-06:00 c0-0c0s2n1 mlx4_core 0000:03:00.0: 64B PATH1239 supported by the device but not enabled
2015-02-12T15:37:32.821389-06:00 c0-0c0s2n1 7[?25l
2015-02-12T15:37:32.821404-06:00 c0-0c0s2n1 [80C[10D[1;32mdone[m8[?25h
2015-02-12T15:37:32.901235-06:00 c0-0c0s2n1 [m[?25hMounting PATH1262 from IPADDR13. Checking for nid=9 existance.
2015-02-12T15:37:33.053563-06:00 c0-0c0s2n1 7[?25l
2015-02-12T15:37:33.053577-06:00 c0-0c0s2n1 [80C[10D[1;32mdone[m8[?25h
2015-02-12T15:37:33.104363-06:00 c0-0c0s2n1 Mounting tmpfs on PATH12637[?25l
2015-02-12T15:37:33.104376-06:00 c0-0c0s2n1 [80C[10D[1;32mdone[m8[?25h
2015-02-12T15:37:33.104391-06:00 c0-0c0s2n1 Running sysctl using values from PATH1264
2015-02-12T15:37:33.104460-06:00 c0-0c0s2n1 net.ipv4.icmp_echo_ignore_broadcasts = 1
2015-02-12T15:37:33.104478-06:00 c0-0c0s2n1 net.ipv4.conf.all.rp_filter = 1
2015-02-12T15:37:33.104495-06:00 c0-0c0s2n1 fs.inotify.max_user_watches = 65536
2015-02-12T15:37:33.104506-06:00 c0-0c0s2n1 net.ipv4.conf.default.promote_secondaries = 1
2015-02-12T15:37:33.104519-06:00 c0-0c0s2n1 net.ipv4.conf.all.promote_secondaries = 1
2015-02-12T15:37:33.104531-06:00 c0-0c0s2n1 vm.min_free_kbytes = 102400
2015-02-12T15:37:33.104556-06:00 c0-0c0s2n1 7[?25l
2015-02-12T15:37:33.104564-06:00 c0-0c0s2n1 [80C[10D[1;32mdone[m8[?25h
2015-02-12T15:37:33.104573-06:00 c0-0c0s2n1 [m[?25hActivating swap-devices in PATH1265
2015-02-12T15:37:33.129479-06:00 c0-0c0s2n1 7[?25l[1A
2015-02-12T15:37:33.129489-06:00 c0-0c0s2n1 [80C[10D[1;32mdone[m8[?25hroot file system (PATH24) is NOT being checked.
2015-02-12T15:37:33.982999-06:00 c0-0c0s2n1 [m[?25hSet System Time to the current Hardware Clock7[?25l
2015-02-12T15:37:33.983021-06:00 c0-0c0s2n1 [80C[10D[1;32mdone[m8[?25h
2015-02-12T15:37:34.008325-06:00 c0-0c0s2n1 [m[?25hActivating device mapper...
2015-02-12T15:37:34.033468-06:00 c0-0c0s2n1 device-mapper: ioctl: 4.23.0-ioctl (2012-07-25) initialised: dm-devel@redhat.com
2015-02-12T15:37:34.033507-06:00 c0-0c0s2n1 7[?25l
2015-02-12T15:37:34.033520-06:00 c0-0c0s2n1 [80C[10D[1;32mdone[m8[?25h
2015-02-12T15:37:34.033614-06:00 c0-0c0s2n1 [m[?25hLoading required kernel modules
2015-02-12T15:37:34.083858-06:00 c0-0c0s2n1 7[?25l[1A
2015-02-12T15:37:34.083873-06:00 c0-0c0s2n1 [80C[10D[1;32mdone[m8[?25h[m[?25h[m[?25hWaiting for udev to settle...
2015-02-12T15:37:34.109185-06:00 c0-0c0s2n1 Scanning for LVM volume groups...
2015-02-12T15:37:34.109254-06:00 c0-0c0s2n1  Reading all physical volumes.  This may take a while...
2015-02-12T15:37:34.109289-06:00 c0-0c0s2n1  No volume groups found
2015-02-12T15:37:34.109306-06:00 c0-0c0s2n1  No volume groups found
2015-02-12T15:37:34.109344-06:00 c0-0c0s2n1 Activating LVM volume groups...
2015-02-12T15:37:34.109384-06:00 c0-0c0s2n1  PARTIAL MODE. Incomplete logical volumes will be processed.
2015-02-12T15:37:34.109404-06:00 c0-0c0s2n1  No volume groups found
2015-02-12T15:37:34.109453-06:00 c0-0c0s2n1 7[?25l
2015-02-12T15:37:34.109458-06:00 c0-0c0s2n1 [80C[10D[1;32mdone[m8[?25h
2015-02-12T15:37:34.134373-06:00 c0-0c0s2n1 [m[?25hNo fibre channel cards present.  Not waiting for disk devices. 
2015-02-12T15:37:34.159850-06:00 c0-0c0s2n1 [m[?25hChecking file systems...
2015-02-12T15:37:34.159920-06:00 c0-0c0s2n1 fsck from util-linux 2.19.1
2015-02-12T15:37:34.159938-06:00 c0-0c0s2n1 Checking all file systems.
2015-02-12T15:37:34.159958-06:00 c0-0c0s2n1 7[?25l[1A
2015-02-12T15:37:34.159968-06:00 c0-0c0s2n1 [80C[10D[1;32mdone[m8[?25hMounting local file systems...
2015-02-12T15:37:34.226039-06:00 c0-0c0s2n1 nothing was mounted
2015-02-12T15:37:34.453316-06:00 c0-0c0s2n1 7[?25l[1A
2015-02-12T15:37:34.453324-06:00 c0-0c0s2n1 [80C[10D[1;32mdone[m8[?25h[m[?25hCheck if the profiles matches the system7[?25l
2015-02-12T15:37:34.453331-06:00 c0-0c0s2n1 [80C[10D[1;32mdone[m8[?25h
2015-02-12T15:37:34.546720-06:00 c0-0c0s2n1 [m[?25hEnabling monitoring on LVM volume groups...
2015-02-12T15:37:34.546763-06:00 c0-0c0s2n1  No volume groups found
2015-02-12T15:37:34.546779-06:00 c0-0c0s2n1 7[?25l
2015-02-12T15:37:34.546790-06:00 c0-0c0s2n1 [80C[10D[1;32mdone[m8[?25h
2015-02-12T15:37:34.571955-06:00 c0-0c0s2n1 [m[?25h[m[?25h[m[?25h[m[?25h[m[?25hTurning quota on
2015-02-12T15:37:34.571997-06:00 c0-0c0s2n1 Checking quotas. This may take some time.
2015-02-12T15:37:34.572047-06:00 c0-0c0s2n1 7[?25l
2015-02-12T15:37:34.572059-06:00 c0-0c0s2n1 [80C[10D[1;32mdone[m8[?25h
2015-02-12T15:37:34.572173-06:00 c0-0c0s2n1 [m[?25hSetting current sysctl status from PATH12647[?25l
2015-02-12T15:37:34.572181-06:00 c0-0c0s2n1 [80C[10D[1;32mdone[m8[?25h
2015-02-12T15:37:34.973566-06:00 c0-0c0s2n1 [m[?25hATTENTION: You have modified PATH3931  Leaving it untouched...
2015-02-12T15:37:34.973574-06:00 c0-0c0s2n1 You can find my version in PATH350776 ...
2015-02-12T15:37:34.973580-06:00 c0-0c0s2n1 touch: cannot touch `PATH1267': Read-only file system
2015-02-12T15:37:34.973585-06:00 c0-0c0s2n1 chmod: cannot access `PATH1267': No such file or directory
2015-02-12T15:37:34.973593-06:00 c0-0c0s2n1 touch: cannot touch `PATH1267': Read-only file system
2015-02-12T15:37:34.973599-06:00 c0-0c0s2n1 [m[?25hSystem Boot Control: The system has been 
2015-02-12T15:37:34.973604-06:00 c0-0c0s2n1 [80C[10D[1mset up[m
2015-02-12T15:37:34.973619-06:00 c0-0c0s2n1 Skipped features: [80C[19D[1;33mboot.efivars[m
2015-02-12T15:37:34.973626-06:00 c0-0c0s2n1 System Boot Control: Running PATH1268
2015-02-12T15:37:34.973630-06:00 c0-0c0s2n1 7[?25l[1A
2015-02-12T15:37:34.973650-06:00 c0-0c0s2n1 [8
2015-02-12T15:37:34.973662-06:00 c0-0c0s2n1 INIT: Entering runlevel: 3
2015-02-12T15:37:34.973687-06:00 c0-0c0s2n1 Master Resource Control: previous runlevel: N, switching to runlevel: 
2015-02-12T15:37:34.973695-06:00 c0-0c0s2n1 [80C[10D[1m3[m
2015-02-12T15:37:34.973702-06:00 c0-0c0s2n1 Starting batchlimitd
2015-02-12T15:37:34.973720-06:00 c0-0c0s2n1 [m[?25hLoading nic compatibility device7[?25l
2015-02-12T15:37:34.973727-06:00 c0-0c0s2n1 [80C[10D[1;32mdone[m8[?25h
2015-02-12T15:37:35.030066-06:00 c0-0c0s2n1 [m[?25hbpmcd_init: Power statistics available in PATH1240
2015-02-12T15:37:35.091514-06:00 c0-0c0s2n1 [m[?25hStarting D-Bus daemon7[?25l
2015-02-12T15:37:35.091529-06:00 c0-0c0s2n1 [80C[10D[1;32mdone[m8[?25h
2015-02-12T15:37:35.142017-06:00 c0-0c0s2n1 [m[?25hiSCSI Enterprise Target Software - version trunk
2015-02-12T15:37:35.142058-06:00 c0-0c0s2n1 iscsi_trgt: Registered io type fileio
2015-02-12T15:37:35.142070-06:00 c0-0c0s2n1 iscsi_trgt: Registered io type blockio
2015-02-12T15:37:35.142079-06:00 c0-0c0s2n1 iscsi_trgt: Registered io type nullio
2015-02-12T15:37:35.192483-06:00 c0-0c0s2n1 [m[?25hLNet: HW CPU cores: 16, npartitions: 4
2015-02-12T15:37:40.204690-06:00 c0-0c0s2n1 PATH3933: line 179: lctl: command not found
2015-02-12T15:37:40.204715-06:00 c0-0c0s2n1 [m[?25hRemoving old kernel packages...
2015-02-12T15:37:40.232090-06:00 c0-0c0s2n1 rm: cannot remove `PATH1269': Read-only file system
2015-02-12T15:37:40.260618-06:00 c0-0c0s2n1 PATH1270: multiversion.kernels not configured in PATH1271, exiting.
2015-02-12T15:37:40.260641-06:00 c0-0c0s2n1 7[?25l
2015-02-12T15:37:40.260647-06:00 c0-0c0s2n1 [80C[10D[1;32mdone[m8[?25h
2015-02-12T15:37:40.311051-06:00 c0-0c0s2n1 [m[?25hInitializing random number generator7[?25l
2015-02-12T15:37:40.311057-06:00 c0-0c0s2n1 [80C[10D[1;32mdone[m8[?25h
2015-02-12T15:37:41.416408-06:00 c0-0c0s2n1 [m[?25hmlx4_core 0000:03:00.0: PCI INT A disabled
2015-02-12T15:37:42.463863-06:00 c0-0c0s2n1 mlx4_core 0000:02:00.0: PCI INT A disabled
2015-02-12T15:37:42.514365-06:00 c0-0c0s2n1 Compat-rdma backport release: ac916cb
2015-02-12T15:37:42.539656-06:00 c0-0c0s2n1 Backport based on git:PATH1237 5268562
2015-02-12T15:37:42.539679-06:00 c0-0c0s2n1 compat.git: git:PATH1237
2015-02-12T15:37:42.564863-06:00 c0-0c0s2n1 mlx4_core: Mellanox ConnectX core driver v1.1 (Dec, 2011)
2015-02-12T15:37:42.564885-06:00 c0-0c0s2n1 mlx4_core: Initializing 0000:02:00.0
2015-02-12T15:37:42.564895-06:00 c0-0c0s2n1 mlx4_core 0000:02:00.0: PCI INT A -> GSI 40 (level, low) -> IRQ 40
2015-02-12T15:37:48.416792-06:00 c0-0c0s2n1 mlx4_core 0000:02:00.0: 64B PATH1239 supported by the device but not enabled
2015-02-12T15:37:49.114586-06:00 c0-0c0s2n1 mlx4_core: Initializing 0000:03:00.0
2015-02-12T15:37:49.114619-06:00 c0-0c0s2n1 mlx4_core 0000:03:00.0: PCI INT A -> GSI 42 (level, low) -> IRQ 42
2015-02-12T15:37:54.956533-06:00 c0-0c0s2n1 mlx4_core 0000:03:00.0: 64B PATH1239 supported by the device but not enabled
2015-02-12T15:37:55.693399-06:00 c0-0c0s2n1 <mlx4_ib> mlx4_ib_add: mlx4_ib: Mellanox ConnectX InfiniBand driver v1.0 (April 4, 2008)
2015-02-12T15:37:55.782639-06:00 c0-0c0s2n1 Loading HCA driver and Access Layer:[60G[  [1;32mOK[0;39m  ]
2015-02-12T15:37:55.782660-06:00 c0-0c0s2n1 Setting up InfiniBand network interfaces:
2015-02-12T15:37:55.782691-06:00 c0-0c0s2n1 Setting up service network . . .[60G[  [0;39mdone[0;39m  ]
2015-02-12T15:37:56.063517-06:00 c0-0c0s2n1 [m[?25hSetting up (localfs) network interfaces:
2015-02-12T15:37:56.202262-06:00 c0-0c0s2n1    lo        
2015-02-12T15:37:56.253580-06:00 c0-0c0s2n1    lo        IP address: PATH1272   
2015-02-12T15:37:56.253608-06:00 c0-0c0s2n1              IP address: PATH1273   
2015-02-12T15:37:56.379751-06:00 c0-0c0s2n1 7[?25l[1A
2015-02-12T15:37:56.379762-06:00 c0-0c0s2n1 [80C[10D[1;32mdone[m8[?25h    ipogif0   
2015-02-12T15:37:56.404926-06:00 c0-0c0s2n1              No configuration found for ipogif0
2015-02-12T15:37:56.430176-06:00 c0-0c0s2n1 7[?25l[1A
2015-02-12T15:37:56.430185-06:00 c0-0c0s2n1 [80C[10D[1munused[m8[?25hSetting up service (localfs) network  .  .  .  .  .  .  .  .  .  .7[?25l
2015-02-12T15:37:56.430191-06:00 c0-0c0s2n1 [80C[10D[1;32mdone[m8[?25h
2015-02-12T15:37:56.455389-06:00 c0-0c0s2n1 [m[?25hCould not start BND as this is not the boot node.
2015-02-12T15:37:56.455414-06:00 c0-0c0s2n1 bootnodes are: 1 1 
2015-02-12T15:37:56.455420-06:00 c0-0c0s2n1 mynid=9
2015-02-12T15:37:56.480640-06:00 c0-0c0s2n1 [m[?25hS04cray-config-service: Mounting 9p configuration directory. 
2015-02-12T15:37:57.493449-06:00 c0-0c0s2n1 S04cray-config-service:   Success.  
2015-02-12T15:37:57.549498-06:00 c0-0c0s2n1 [m[?25h[m[?25hStarting hw_info_init on 9
2015-02-12T15:37:57.589370-06:00 c0-0c0s2n1 bootnodes are: 1 1 
2015-02-12T15:37:57.589384-06:00 c0-0c0s2n1 mynid=9
2015-02-12T15:37:58.007363-06:00 c0-0c0s2n1 [m[?25h[m[?25h 
2015-02-12T15:37:58.007403-06:00 c0-0c0s2n1 cray-syslog: **WARNING**  PATH1274 MAY require hard and soft file limits 
2015-02-12T15:37:58.007416-06:00 c0-0c0s2n1 cray-syslog:              greater or equal to 8192 for proper LLM operation 
2015-02-12T15:37:58.032607-06:00 c0-0c0s2n1 cray-syslog:              when large number of jobs are launched concurrently.
2015-02-12T15:37:58.032641-06:00 c0-0c0s2n1 cray-syslog:              If you have failures running large number of concurrent jobs,
2015-02-12T15:37:58.032650-06:00 c0-0c0s2n1 cray-syslog:              you may wish to update the hard and soft nofile entries in 
2015-02-12T15:37:58.032678-06:00 c0-0c0s2n1 cray-syslog:              limits.conf as follows.
2015-02-12T15:37:58.032684-06:00 c0-0c0s2n1 
2015-02-12T15:37:58.032709-06:00 c0-0c0s2n1 cray-syslog: PATH1274: 
2015-02-12T15:37:58.032721-06:00 c0-0c0s2n1 cray-syslog: *  soft  nofile  8192
2015-02-12T15:37:58.032730-06:00 c0-0c0s2n1 cray-syslog: *  hard  nofile  8192
2015-02-12T15:37:58.032754-06:00 c0-0c0s2n1 
2015-02-12T15:37:59.004366-06:00 c0-0c0s2n1 cray-syslog: rsyslogd started as process 6797.
2015-02-12T15:38:00.017346-06:00 c0-0c0s2n1 cray-syslog: llmrd started as process  6810.
2015-02-12T15:38:00.070566-06:00 c0-0c0s2n1 [m[?25h[m[?25hStarting auditd startproc:  exit status of parent of PATH1275: 6
2015-02-12T15:38:00.070589-06:00 c0-0c0s2n1 7[?25l
2015-02-12T15:38:00.070595-06:00 c0-0c0s2n1 [80C[10D[1;32mdone[m8[?25h
2015-02-12T15:38:00.170321-06:00 c0-0c0s2n1 [m[?25hStarting haveged daemon 7[?25l
2015-02-12T15:38:00.170326-06:00 c0-0c0s2n1 [80C[10D[1;32mdone[m8[?25h
2015-02-12T15:38:00.207999-06:00 c0-0c0s2n1 [m[?25hStarting rpcbind 7[?25l
2015-02-12T15:38:00.208014-06:00 c0-0c0s2n1 [80C[10D[1;32mdone[m8[?25h
2015-02-12T15:38:00.208039-06:00 c0-0c0s2n1 [m[?25hbootnodes are: 1 1 
2015-02-12T15:38:00.233731-06:00 c0-0c0s2n1 mynid=9
2015-02-12T15:38:00.412782-06:00 c0-0c0s2n1 [m[?25hStarting NFS client services: sm-notify idmapd7[?25l
2015-02-12T15:38:00.412799-06:00 c0-0c0s2n1 [80C[10D[1;32mdone[m8[?25h
2015-02-12T15:38:00.454653-06:00 c0-0c0s2n1 [m[?25hStarting DVS service: DVS: Revision 1873 - Built: Sep 17 2014 @ 06:40:29 for lnet version 2.5
2015-02-12T15:38:00.505100-06:00 c0-0c0s2n1 Lustre: kgnilnd build version: 2.5-trunk-1.0502.17198.8.51-abuild-RB-5.2UP02_2.5.1-2014-09-17-06:59
2015-02-12T15:38:00.581062-06:00 c0-0c0s2n1 LNet: Added LNI 9@gni [PATH1244]
2015-02-12T15:38:01.596360-06:00 c0-0c0s2n1 7[?25l
2015-02-12T15:38:01.596373-06:00 c0-0c0s2n1 [80C[10D[1;32mdone[m8[?25h
2015-02-12T15:38:01.633992-06:00 c0-0c0s2n1 [m[?25hStarting java.binfmt_misc 7[?25l
2015-02-12T15:38:01.634005-06:00 c0-0c0s2n1 [80C[10D[1;32mdone[m8[?25h
2015-02-12T15:38:01.693546-06:00 c0-0c0s2n1 [m[?25hStarting mcelog... 7[?25l
2015-02-12T15:38:01.693552-06:00 c0-0c0s2n1 [80C[10D[1;32mdone[m8[?25h
2015-02-12T15:38:01.783812-06:00 c0-0c0s2n1 [m[?25hSetting up (remotefs) network interfaces:
2015-02-12T15:38:01.898582-06:00 c0-0c0s2n1    sit0      
2015-02-12T15:38:01.898605-06:00 c0-0c0s2n1              No configuration found for sit0
2015-02-12T15:38:01.923831-06:00 c0-0c0s2n1 7[?25l[1A
2015-02-12T15:38:01.923837-06:00 c0-0c0s2n1 [80C[10D[1munused[m8[?25hSetting up service (remotefs) network  .  .  .  .  .  .  .  .  .  .7[?25l
2015-02-12T15:38:01.923842-06:00 c0-0c0s2n1 [80C[10D[1;32mdone[m8[?25h
2015-02-12T15:38:01.949258-06:00 c0-0c0s2n1 [80C[10D[1;32mdone[m8[?25h
2015-02-12T15:38:01.999567-06:00 c0-0c0s2n1 [m[?25hsdbnodes are: 137 137 
2015-02-12T15:38:02.024725-06:00 c0-0c0s2n1 mynid=9
2015-02-12T15:38:02.050011-06:00 c0-0c0s2n1 [m[?25hStarting network time protocol daemon (NTPD)7[?25l
2015-02-12T15:38:02.050030-06:00 c0-0c0s2n1 [80C[10D[1;32mdone[m8[?25h
2015-02-12T15:38:02.125639-06:00 c0-0c0s2n1 [m[?25hStarting MUNGE: munged7[?25l
2015-02-12T15:38:02.125648-06:00 c0-0c0s2n1 [80C[10D[1;32mdone[m8[?25h
2015-02-12T15:38:02.176212-06:00 c0-0c0s2n1 [m[?25h[m[?25h[m[?25hStarting Name Service Cache Daemon7[?25l
2015-02-12T15:38:02.176233-06:00 c0-0c0s2n1 [80C[10D[1;32mdone[m8[?25h
2015-02-12T15:38:02.201349-06:00 c0-0c0s2n1 [m[?25hEnabling Linux Jobs
2015-02-12T15:38:02.226650-06:00 c0-0c0s2n1 [m[?25hStarting alps services
2015-02-12T15:38:02.733688-06:00 c0-0c0s2n1 Starting apsys
2015-02-12T15:38:03.505699-06:00 c0-0c0s2n1 2015-02-12 15:37:58: Switching pid 7413 to PATH319832
2015-02-12T15:38:03.505742-06:00 c0-0c0s2n1 7[?25l
2015-02-12T15:38:03.505755-06:00 c0-0c0s2n1 [80C[10D[1;32mdone[m8[?25h
2015-02-12T15:38:03.530803-06:00 c0-0c0s2n1 [m[?25h<node_health> Starting node_health_recovery
2015-02-12T15:38:03.569546-06:00 c0-0c0s2n1 [m[?25hsdbnodes are: 137 137 
2015-02-12T15:38:03.569565-06:00 c0-0c0s2n1 mynid=9
2015-02-12T15:38:03.569613-06:00 c0-0c0s2n1 [m[?25hblogd: no message logging because PATH1262 file system is not accessible
2015-02-12T15:38:03.569625-06:00 c0-0c0s2n1 Boot event: Starting
2015-02-12T15:38:03.569637-06:00 c0-0c0s2n1 Sending ec_node_info with boot code 8 (NODE_INFO_OS_BOOT_SUCCEEDED) for nid 9
2015-02-12T15:38:03.569659-06:00 c0-0c0s2n1 [m[?25hMaster Resource Control: runlevel 3 has been 
2015-02-12T15:38:03.569668-06:00 c0-0c0s2n1 [80C[10D[1mreached[m
2015-02-12T15:38:03.569679-06:00 c0-0c0s2n1 Failed services in runlevel 3: [80C[11D[1;31mlnet[m
2015-02-12T15:38:03.633454-06:00 c0-0c0s2n1 INIT: no more processes left in this runlevel
2015-02-12T15:28:43.375711-06:00 c0-0c0s6n3 ERROR: Type:2; Severity:80; Class:3; Subclass:D; Operation: 2
2015-02-12T15:39:08.976259-06:00 c0-0c0s6n3 Wait4Boot: WRITE: 523 bytes to memory @ 0x90CD0 ... complete
2015-02-12T15:39:08.976276-06:00 c0-0c0s6n3 Wait4Boot: Blade Controller Boot Protocol version - 1
2015-02-12T15:39:09.013224-06:00 c0-0c0s6n3 Wait4Boot: JUMP: KernelStart 0x100000, boot_params 0x90000, CmdLineAddr 0x90CD0
2015-02-12T15:39:09.013445-06:00 c0-0c0s6n3 OnExitBootServices..
2015-02-12T15:39:09.040726-06:00 c0-0c0s6n3 ConfigureXhciAtBoot() Start
2015-02-12T15:39:09.064118-06:00 c0-0c0s6n3 ConfigureXhciAtBoot() End
2015-02-12T15:39:09.064426-06:00 c0-0c0s6n3 (Wdt) RunWdtBeforeOsBoot
2015-02-12T15:39:09.064725-06:00 c0-0c0s6n3 (Wdt) DisableTimer
2015-02-12T15:39:12.133112-06:00 c0-0c0s6n3 Crypto Lib Callback.
2015-02-12T15:39:12.133473-06:00 c0-0c0s6n3 Heap addr before Virtual MemFixup = 7bacb018, After = 7bacb018
2015-02-12T15:39:12.133668-06:00 c0-0c0s6n3 NvramSmi Go Virtual
2015-02-12T15:39:12.285069-06:00 c0-0c0s6n3 Stopping all external HCs
2015-02-12T15:39:12.285214-06:00 c0-0c0s6n3 stopping all HC type 40:
2015-02-12T15:39:21.788080-06:00 c0-0c0s6n3 i8042: No controller found
2015-02-12T15:39:25.800383-06:00 c0-0c0s6n3 Sending ec_node_info with boot code 0 (NODE_INFO_OS_BOOT) for nid 27
2015-02-12T15:39:25.800392-06:00 c0-0c0s6n3 net.core.rmem_max = 16777216
2015-02-12T15:39:25.800398-06:00 c0-0c0s6n3 net.core.wmem_max = 16777216
2015-02-12T15:39:25.800403-06:00 c0-0c0s6n3 net.core.rmem_default = 16777216
2015-02-12T15:39:25.800419-06:00 c0-0c0s6n3 net.core.wmem_default = 16777216
2015-02-12T15:39:25.800449-06:00 c0-0c0s6n3 net.core.optmem_max = 16777216
2015-02-12T15:39:25.800460-06:00 c0-0c0s6n3 net.ipv4.tcp_mem = 16777216 16777216 16777216
2015-02-12T15:39:25.800467-06:00 c0-0c0s6n3 net.ipv4.tcp_rmem = 4096 87380 16777216
2015-02-12T15:39:25.800475-06:00 c0-0c0s6n3 net.ipv4.tcp_wmem = 4096 65536 16777216
2015-02-12T15:39:25.800486-06:00 c0-0c0s6n3 nid 27: Linux version 3.0.101-0.31.1_1.0502.8394-cray_ari_c (abuild@cfosbld02) (gcc version 4.3.4 [gcc-4_3-branch revision 152973] (SUSE Linux) ) #1 SMP Wed Sep 10 04:09:26 UTC 2014
2015-02-12T15:39:25.800498-06:00 c0-0c0s6n3 starting pid 6934, tty '': 'PATH3974'
2015-02-12T15:39:25.800504-06:00 c0-0c0s6n3 bpmcd_init: Power statistics available in PATH1240
2015-02-12T15:39:25.800517-06:00 c0-0c0s6n3 DVS: Revision 1873 - Built: Sep 17 2014 @ 06:40:25 for lnet version 2.5
2015-02-12T15:39:25.800524-06:00 c0-0c0s6n3 LNet: HW CPU cores: 64, npartitions: 8
2015-02-12T15:39:30.584722-06:00 c0-0c0s6n3 Lustre: kgnilnd build version: 2.5-trunk-1.0502.17198.8.57-abuild-RB-5.2UP02_2.5.1-2014-09-17-06:43
2015-02-12T15:39:30.739544-06:00 c0-0c0s6n3 LNet: Added LNI 27@gni [PATH4853]
2015-02-12T15:39:46.764754-06:00 c0-0c0s6n3 mcelog: Family 6 Model 3f CPU: only decoding architectural errors
2015-02-12T15:39:46.790285-06:00 c0-0c0s6n3 SGI XPMEM kernel module v2.2 loaded
2015-02-12T15:39:46.999168-06:00 c0-0c0s6n3 <node_health> (xtnhd) xtnhd has started
2015-02-12T15:39:47.490463-06:00 c0-0c0s6n3 boot_freemem data calculated:  130106756
2015-02-12T15:28:43.375546-06:00 c0-0c0s7n3 ERROR: Type:2; Severity:80; Class:3; Subclass:D; Operation: 2
2015-02-12T15:39:08.938774-06:00 c0-0c0s7n3 Wait4Boot: WRITE: 523 bytes to memory @ 0x90CD0 ... complete
2015-02-12T15:39:08.938783-06:00 c0-0c0s7n3 Wait4Boot: Blade Controller Boot Protocol version - 1
2015-02-12T15:39:08.978235-06:00 c0-0c0s7n3 Wait4Boot: JUMP: KernelStart 0x100000, boot_params 0x90000, CmdLineAddr 0x90CD0
2015-02-12T15:39:09.013373-06:00 c0-0c0s7n3 OnExitBootServices..
2015-02-12T15:39:09.040645-06:00 c0-0c0s7n3 ConfigureXhciAtBoot() Start
2015-02-12T15:39:09.063914-06:00 c0-0c0s7n3 ConfigureXhciAtBoot() End
2015-02-12T15:39:09.064308-06:00 c0-0c0s7n3 (Wdt) RunWdtBeforeOsBoot
2015-02-12T15:39:09.064601-06:00 c0-0c0s7n3 (Wdt) DisableTimer
2015-02-12T15:39:12.108615-06:00 c0-0c0s7n3 Crypto Lib Callback.
2015-02-12T15:39:12.133500-06:00 c0-0c0s7n3 Heap addr before Virtual MemFixup = 7bacb018, After = 7bacb018
2015-02-12T15:39:12.133735-06:00 c0-0c0s7n3 NvramSmi Go Virtual
2015-02-12T15:39:12.285136-06:00 c0-0c0s7n3 Stopping all external HCs
2015-02-12T15:39:12.285327-06:00 c0-0c0s7n3 stopping all HC type 40:
2015-02-12T15:39:21.687313-06:00 c0-0c0s7n3 i8042: No controller found
2015-02-12T15:39:25.993137-06:00 c0-0c0s7n3 Sending ec_node_info with boot code 0 (NODE_INFO_OS_BOOT) for nid 31
2015-02-12T15:39:25.993145-06:00 c0-0c0s7n3 net.core.rmem_max = 16777216
2015-02-12T15:39:25.993158-06:00 c0-0c0s7n3 net.core.wmem_max = 16777216
2015-02-12T15:39:25.993163-06:00 c0-0c0s7n3 net.core.rmem_default = 16777216
2015-02-12T15:39:25.993167-06:00 c0-0c0s7n3 net.core.wmem_default = 16777216
2015-02-12T15:39:25.993178-06:00 c0-0c0s7n3 net.core.optmem_max = 16777216
2015-02-12T15:39:25.993188-06:00 c0-0c0s7n3 net.ipv4.tcp_mem = 16777216 16777216 16777216
2015-02-12T15:39:25.993195-06:00 c0-0c0s7n3 net.ipv4.tcp_rmem = 4096 87380 16777216
2015-02-12T15:39:25.993204-06:00 c0-0c0s7n3 net.ipv4.tcp_wmem = 4096 65536 16777216
2015-02-12T15:39:25.993212-06:00 c0-0c0s7n3 nid 31: Linux version 3.0.101-0.31.1_1.0502.8394-cray_ari_c (abuild@cfosbld02) (gcc version 4.3.4 [gcc-4_3-branch revision 152973] (SUSE Linux) ) #1 SMP Wed Sep 10 04:09:26 UTC 2014
2015-02-12T15:39:25.993225-06:00 c0-0c0s7n3 starting pid 6933, tty '': 'PATH3974'
2015-02-12T15:39:25.993242-06:00 c0-0c0s7n3 bpmcd_init: Power statistics available in PATH1240
2015-02-12T15:39:25.993252-06:00 c0-0c0s7n3 DVS: Revision 1873 - Built: Sep 17 2014 @ 06:40:25 for lnet version 2.5
2015-02-12T15:39:25.993258-06:00 c0-0c0s7n3 LNet: HW CPU cores: 64, npartitions: 8
2015-02-12T15:39:28.887465-06:00 c0-0c0s7n3 Lustre: kgnilnd build version: 2.5-trunk-1.0502.17198.8.57-abuild-RB-5.2UP02_2.5.1-2014-09-17-06:43
2015-02-12T15:39:29.356544-06:00 c0-0c0s7n3 LNet: Added LNI 31@gni [PATH4853]
2015-02-12T15:39:45.029270-06:00 c0-0c0s7n3 mcelog: Family 6 Model 3f CPU: only decoding architectural errors
2015-02-12T15:39:45.054772-06:00 c0-0c0s7n3 SGI XPMEM kernel module v2.2 loaded
