2015-02-11T17:25:57.933364-06:00 c0-0c1s5n0 ERROR: Type:2; Severity:80; Class:3; Subclass:D; Operation: 2
2015-02-11T17:36:34.405836-06:00 c0-0c1s5n0 Wait4Boot: WRITE: 523 bytes to memory @ 0x90CD0 ... complete
2015-02-11T17:36:34.405844-06:00 c0-0c1s5n0 Wait4Boot: Blade Controller Boot Protocol version - 1
2015-02-11T17:36:34.405851-06:00 c0-0c1s5n0 Wait4Boot: JUMP: KernelStart 0x100000, boot_params 0x90000, CmdLineAddr 0x90CD0
2015-02-11T17:36:34.405856-06:00 c0-0c1s5n0 OnExitBootServices..
2015-02-11T17:36:34.405882-06:00 c0-0c1s5n0 ConfigureXhciAtBoot() Start
2015-02-11T17:36:34.405890-06:00 c0-0c1s5n0 ConfigureXhciAtBoot() End
2015-02-11T17:36:34.405895-06:00 c0-0c1s5n0 (Wdt) RunWdtBeforeOsBoot
2015-02-11T17:36:34.405905-06:00 c0-0c1s5n0 (Wdt) DisableTimer
2015-02-11T17:36:37.397359-06:00 c0-0c1s5n0 Crypto Lib Callback.
2015-02-11T17:36:37.422329-06:00 c0-0c1s5n0 Heap addr before Virtual MemFixup = 7bacb018, After = 7bacb018
2015-02-11T17:36:37.422608-06:00 c0-0c1s5n0 NvramSmi Go Virtual
2015-02-11T17:36:37.573734-06:00 c0-0c1s5n0 Stopping all external HCs
2015-02-11T17:36:37.573993-06:00 c0-0c1s5n0 stopping all HC type 40:
2015-02-11T17:36:46.992579-06:00 c0-0c1s5n0 i8042: No controller found
2015-02-11T17:36:51.234273-06:00 c0-0c1s5n0 Sending ec_node_info with boot code 0 (NODE_INFO_OS_BOOT) for nid 84
2015-02-11T17:36:51.234281-06:00 c0-0c1s5n0 net.core.rmem_max = 16777216
2015-02-11T17:36:51.234286-06:00 c0-0c1s5n0 net.core.wmem_max = 16777216
2015-02-11T17:36:51.234291-06:00 c0-0c1s5n0 net.core.rmem_default = 16777216
2015-02-11T17:36:51.234305-06:00 c0-0c1s5n0 net.core.wmem_default = 16777216
2015-02-11T17:36:51.234319-06:00 c0-0c1s5n0 net.core.optmem_max = 16777216
2015-02-11T17:36:51.234340-06:00 c0-0c1s5n0 net.ipv4.tcp_mem = 16777216 16777216 16777216
2015-02-11T17:36:51.234346-06:00 c0-0c1s5n0 net.ipv4.tcp_rmem = 4096 87380 16777216
2015-02-11T17:36:51.234355-06:00 c0-0c1s5n0 net.ipv4.tcp_wmem = 4096 65536 16777216
2015-02-11T17:36:51.234369-06:00 c0-0c1s5n0 nid 84: Linux version 3.0.101-0.31.1_1.0502.8394-cray_ari_c (abuild@cfosbld02) (gcc version 4.3.4 [gcc-4_3-branch revision 152973] (SUSE Linux) ) #1 SMP Wed Sep 10 04:09:26 UTC 2014
2015-02-11T17:36:51.234378-06:00 c0-0c1s5n0 starting pid 6926, tty '': 'PATH3974'
2015-02-11T17:36:51.234384-06:00 c0-0c1s5n0 bpmcd_init: Power statistics available in PATH1240
2015-02-11T17:36:51.234389-06:00 c0-0c1s5n0 DVS: Revision 1873 - Built: Sep 17 2014 @ 06:40:25 for lnet version 2.5
2015-02-11T17:36:51.234396-06:00 c0-0c1s5n0 LNet: HW CPU cores: 64, npartitions: 8
2015-02-11T17:36:54.441271-06:00 c0-0c1s5n0 Lustre: kgnilnd build version: 2.5-trunk-1.0502.17198.8.57-abuild-RB-5.2UP02_2.5.1-2014-09-17-06:43
2015-02-11T17:36:54.567338-06:00 c0-0c1s5n0 LNet: Added LNI 84@gni [PATH4853]
2015-02-11T17:37:10.578115-06:00 c0-0c1s5n0 mcelog: Family 6 Model 3f CPU: only decoding architectural errors
2015-02-11T17:37:10.629022-06:00 c0-0c1s5n0 SGI XPMEM kernel module v2.2 loaded
2015-02-11T17:37:10.629048-06:00 c0-0c1s5n0 <node_health> (xtnhd) xtnhd has started
2015-02-11T17:37:11.001605-06:00 c0-0c1s5n0 boot_freemem data calculated:  130106640
2015-02-11T17:26:01.990857-06:00 c0-0c0s10n2 ERROR: Type:2; Severity:80; Class:3; Subclass:D; Operation: 2
2015-02-11T17:36:34.303295-06:00 c0-0c0s10n2 Wait4Boot: WRITE: 523 bytes to memory @ 0x90CD0 ... complete
2015-02-11T17:36:34.303321-06:00 c0-0c0s10n2 Wait4Boot: Blade Controller Boot Protocol version - 1
2015-02-11T17:36:34.303331-06:00 c0-0c0s10n2 Wait4Boot: JUMP: KernelStart 0x100000, boot_params 0x90000, CmdLineAddr 0x90CD0
2015-02-11T17:36:34.303339-06:00 c0-0c0s10n2 OnExitBootServices..
2015-02-11T17:36:34.379771-06:00 c0-0c0s10n2 ConfigureXhciAtBoot() Start
2015-02-11T17:36:34.379896-06:00 c0-0c0s10n2 ConfigureXhciAtBoot() End
2015-02-11T17:36:34.404494-06:00 c0-0c0s10n2 (Wdt) RunWdtBeforeOsBoot
2015-02-11T17:36:34.404974-06:00 c0-0c0s10n2 (Wdt) DisableTimer
2015-02-11T17:36:37.448351-06:00 c0-0c0s10n2 Crypto Lib Callback.
2015-02-11T17:36:37.448476-06:00 c0-0c0s10n2 Heap addr before Virtual MemFixup = 7bacb018, After = 7bacb018
2015-02-11T17:36:37.472903-06:00 c0-0c0s10n2 NvramSmi Go Virtual
2015-02-11T17:36:37.624331-06:00 c0-0c0s10n2 Stopping all external HCs
2015-02-11T17:36:37.624587-06:00 c0-0c0s10n2 stopping all HC type 40:
2015-02-11T17:36:47.093601-06:00 c0-0c0s10n2 i8042: No controller found
2015-02-11T17:36:51.117389-06:00 c0-0c0s10n2 Sending ec_node_info with boot code 0 (NODE_INFO_OS_BOOT) for nid 42
2015-02-11T17:36:51.117396-06:00 c0-0c0s10n2 net.core.rmem_max = 16777216
2015-02-11T17:36:51.117401-06:00 c0-0c0s10n2 net.core.wmem_max = 16777216
2015-02-11T17:36:51.117410-06:00 c0-0c0s10n2 net.core.rmem_default = 16777216
2015-02-11T17:36:51.117419-06:00 c0-0c0s10n2 net.core.wmem_default = 16777216
2015-02-11T17:36:51.117425-06:00 c0-0c0s10n2 net.core.optmem_max = 16777216
2015-02-11T17:36:51.117435-06:00 c0-0c0s10n2 net.ipv4.tcp_mem = 16777216 16777216 16777216
2015-02-11T17:36:51.117440-06:00 c0-0c0s10n2 net.ipv4.tcp_rmem = 4096 87380 16777216
2015-02-11T17:36:51.117450-06:00 c0-0c0s10n2 net.ipv4.tcp_wmem = 4096 65536 16777216
2015-02-11T17:36:51.117459-06:00 c0-0c0s10n2 nid 42: Linux version 3.0.101-0.31.1_1.0502.8394-cray_ari_c (abuild@cfosbld02) (gcc version 4.3.4 [gcc-4_3-branch revision 152973] (SUSE Linux) ) #1 SMP Wed Sep 10 04:09:26 UTC 2014
2015-02-11T17:36:51.117469-06:00 c0-0c0s10n2 starting pid 6924, tty '': 'PATH3974'
2015-02-11T17:36:51.117476-06:00 c0-0c0s10n2 bpmcd_init: Power statistics available in PATH1240
2015-02-11T17:36:51.117502-06:00 c0-0c0s10n2 DVS: Revision 1873 - Built: Sep 17 2014 @ 06:40:25 for lnet version 2.5
2015-02-11T17:36:51.117511-06:00 c0-0c0s10n2 LNet: HW CPU cores: 64, npartitions: 8
2015-02-11T17:36:55.753907-06:00 c0-0c0s10n2 Lustre: kgnilnd build version: 2.5-trunk-1.0502.17198.8.57-abuild-RB-5.2UP02_2.5.1-2014-09-17-06:43
2015-02-11T17:36:55.870165-06:00 c0-0c0s10n2 LNet: Added LNI 42@gni [PATH4853]
2015-02-11T17:37:11.901621-06:00 c0-0c0s10n2 mcelog: Family 6 Model 3f CPU: only decoding architectural errors
2015-02-11T17:37:11.941604-06:00 c0-0c0s10n2 SGI XPMEM kernel module v2.2 loaded
2015-02-11T17:37:11.941626-06:00 c0-0c0s10n2 <node_health> (xtnhd) xtnhd has started
2015-02-11T17:37:12.124562-06:00 c0-0c0s10n2 boot_freemem data calculated:  130107160
2015-02-11T20:30:07.246067-06:00 c0-0c0s10n2 hpcc[55323] general protection ip:b6c9fa sp:7fffffffbc80 error:0 in hpcc[400000+904000]
2015-02-11T17:25:57.933511-06:00 c0-0c1s10n0 ERROR: Type:2; Severity:80; Class:3; Subclass:D; Operation: 2
2015-02-11T17:36:34.329773-06:00 c0-0c1s10n0 Wait4Boot: WRITE: 523 bytes to memory @ 0x90CD0 ... complete
2015-02-11T17:36:34.329781-06:00 c0-0c1s10n0 Wait4Boot: Blade Controller Boot Protocol version - 1
2015-02-11T17:36:34.329786-06:00 c0-0c1s10n0 Wait4Boot: JUMP: KernelStart 0x100000, boot_params 0x90000, CmdLineAddr 0x90CD0
2015-02-11T17:36:34.329793-06:00 c0-0c1s10n0 OnExitBootServices..
2015-02-11T17:36:34.354276-06:00 c0-0c1s10n0 ConfigureXhciAtBoot() Start
2015-02-11T17:36:34.354662-06:00 c0-0c1s10n0 ConfigureXhciAtBoot() End
2015-02-11T17:36:34.354869-06:00 c0-0c1s10n0 (Wdt) RunWdtBeforeOsBoot
2015-02-11T17:36:34.355135-06:00 c0-0c1s10n0 (Wdt) DisableTimer
2015-02-11T17:36:37.397409-06:00 c0-0c1s10n0 Crypto Lib Callback.
2015-02-11T17:36:37.422452-06:00 c0-0c1s10n0 Heap addr before Virtual MemFixup = 7bacb018, After = 7bacb018
2015-02-11T17:36:37.422697-06:00 c0-0c1s10n0 NvramSmi Go Virtual
2015-02-11T17:36:37.573834-06:00 c0-0c1s10n0 Stopping all external HCs
2015-02-11T17:36:37.574079-06:00 c0-0c1s10n0 stopping all HC type 40:
2015-02-11T17:36:46.961099-06:00 c0-0c1s10n0 i8042: No controller found
2015-02-11T17:36:51.117878-06:00 c0-0c1s10n0 Sending ec_node_info with boot code 0 (NODE_INFO_OS_BOOT) for nid 104
2015-02-11T17:36:51.117887-06:00 c0-0c1s10n0 net.core.rmem_max = 16777216
2015-02-11T17:36:51.117892-06:00 c0-0c1s10n0 net.core.wmem_max = 16777216
2015-02-11T17:36:51.117896-06:00 c0-0c1s10n0 net.core.rmem_default = 16777216
2015-02-11T17:36:51.117906-06:00 c0-0c1s10n0 net.core.wmem_default = 16777216
2015-02-11T17:36:51.117914-06:00 c0-0c1s10n0 net.core.optmem_max = 16777216
2015-02-11T17:36:51.117922-06:00 c0-0c1s10n0 net.ipv4.tcp_mem = 16777216 16777216 16777216
2015-02-11T17:36:51.117927-06:00 c0-0c1s10n0 net.ipv4.tcp_rmem = 4096 87380 16777216
2015-02-11T17:36:51.117937-06:00 c0-0c1s10n0 net.ipv4.tcp_wmem = 4096 65536 16777216
2015-02-11T17:36:51.117946-06:00 c0-0c1s10n0 nid 104: Linux version 3.0.101-0.31.1_1.0502.8394-cray_ari_c (abuild@cfosbld02) (gcc version 4.3.4 [gcc-4_3-branch revision 152973] (SUSE Linux) ) #1 SMP Wed Sep 10 04:09:26 UTC 2014
2015-02-11T17:36:51.117952-06:00 c0-0c1s10n0 starting pid 6926, tty '': 'PATH3974'
2015-02-11T17:36:51.117962-06:00 c0-0c1s10n0 bpmcd_init: Power statistics available in PATH1240
2015-02-11T17:36:51.117972-06:00 c0-0c1s10n0 DVS: Revision 1873 - Built: Sep 17 2014 @ 06:40:25 for lnet version 2.5
2015-02-11T17:36:51.117978-06:00 c0-0c1s10n0 LNet: HW CPU cores: 64, npartitions: 8
2015-02-11T17:36:54.186218-06:00 c0-0c1s10n0 Lustre: kgnilnd build version: 2.5-trunk-1.0502.17198.8.57-abuild-RB-5.2UP02_2.5.1-2014-09-17-06:43
2015-02-11T17:36:54.358417-06:00 c0-0c1s10n0 LNet: Added LNI 104@gni [PATH4853]
2015-02-11T17:37:10.357586-06:00 c0-0c1s10n0 mcelog: Family 6 Model 3f CPU: only decoding architectural errors
2015-02-11T17:37:10.382909-06:00 c0-0c1s10n0 SGI XPMEM kernel module v2.2 loaded
2015-02-11T17:37:10.408309-06:00 c0-0c1s10n0 <node_health> (xtnhd) xtnhd has started
2015-02-11T17:37:10.680460-06:00 c0-0c1s10n0 boot_freemem data calculated:  130108248
2015-02-11T17:26:01.990825-06:00 c0-0c0s7n2 ERROR: Type:2; Severity:80; Class:3; Subclass:D; Operation: 2
2015-02-11T17:36:34.303513-06:00 c0-0c0s7n2 Wait4Boot: WRITE: 523 bytes to memory @ 0x90CD0 ... complete
2015-02-11T17:36:34.303519-06:00 c0-0c0s7n2 Wait4Boot: Blade Controller Boot Protocol version - 1
2015-02-11T17:36:34.303526-06:00 c0-0c0s7n2 Wait4Boot: JUMP: KernelStart 0x100000, boot_params 0x90000, CmdLineAddr 0x90CD0
2015-02-11T17:36:34.303532-06:00 c0-0c0s7n2 OnExitBootServices..
2015-02-11T17:36:34.404335-06:00 c0-0c0s7n2 ConfigureXhciAtBoot() Start
2015-02-11T17:36:34.404850-06:00 c0-0c0s7n2 ConfigureXhciAtBoot() End
2015-02-11T17:36:34.405230-06:00 c0-0c0s7n2 (Wdt) RunWdtBeforeOsBoot
2015-02-11T17:36:34.405773-06:00 c0-0c0s7n2 (Wdt) DisableTimer
2015-02-11T17:36:37.472797-06:00 c0-0c0s7n2 Crypto Lib Callback.
2015-02-11T17:36:37.473400-06:00 c0-0c0s7n2 Heap addr before Virtual MemFixup = 7bacb018, After = 7bacb018
2015-02-11T17:36:37.473613-06:00 c0-0c0s7n2 NvramSmi Go Virtual
2015-02-11T17:36:37.624963-06:00 c0-0c0s7n2 Stopping all external HCs
2015-02-11T17:36:37.625072-06:00 c0-0c0s7n2 stopping all HC type 40:
2015-02-11T17:36:47.093540-06:00 c0-0c0s7n2 i8042: No controller found
2015-02-11T17:36:51.196458-06:00 c0-0c0s7n2 Sending ec_node_info with boot code 0 (NODE_INFO_OS_BOOT) for nid 30
2015-02-11T17:36:51.196466-06:00 c0-0c0s7n2 net.core.rmem_max = 16777216
2015-02-11T17:36:51.196476-06:00 c0-0c0s7n2 net.core.wmem_max = 16777216
2015-02-11T17:36:51.196487-06:00 c0-0c0s7n2 net.core.rmem_default = 16777216
2015-02-11T17:36:51.196495-06:00 c0-0c0s7n2 net.core.wmem_default = 16777216
2015-02-11T17:36:51.196504-06:00 c0-0c0s7n2 net.core.optmem_max = 16777216
2015-02-11T17:36:51.196511-06:00 c0-0c0s7n2 net.ipv4.tcp_mem = 16777216 16777216 16777216
2015-02-11T17:36:51.196518-06:00 c0-0c0s7n2 net.ipv4.tcp_rmem = 4096 87380 16777216
2015-02-11T17:36:51.196523-06:00 c0-0c0s7n2 net.ipv4.tcp_wmem = 4096 65536 16777216
2015-02-11T17:36:51.196533-06:00 c0-0c0s7n2 nid 30: Linux version 3.0.101-0.31.1_1.0502.8394-cray_ari_c (abuild@cfosbld02) (gcc version 4.3.4 [gcc-4_3-branch revision 152973] (SUSE Linux) ) #1 SMP Wed Sep 10 04:09:26 UTC 2014
2015-02-11T17:36:51.196539-06:00 c0-0c0s7n2 starting pid 6924, tty '': 'PATH3974'
2015-02-11T17:36:51.196549-06:00 c0-0c0s7n2 bpmcd_init: Power statistics available in PATH1240
2015-02-11T17:36:51.196560-06:00 c0-0c0s7n2 DVS: Revision 1873 - Built: Sep 17 2014 @ 06:40:25 for lnet version 2.5
2015-02-11T17:36:51.196581-06:00 c0-0c0s7n2 LNet: HW CPU cores: 64, npartitions: 8
2015-02-11T17:36:55.928395-06:00 c0-0c0s7n2 Lustre: kgnilnd build version: 2.5-trunk-1.0502.17198.8.57-abuild-RB-5.2UP02_2.5.1-2014-09-17-06:43
2015-02-11T17:36:56.087635-06:00 c0-0c0s7n2 LNet: Added LNI 30@gni [PATH4853]
2015-02-11T17:37:12.072392-06:00 c0-0c0s7n2 mcelog: Family 6 Model 3f CPU: only decoding architectural errors
2015-02-11T17:37:12.099001-06:00 c0-0c0s7n2 SGI XPMEM kernel module v2.2 loaded
2015-02-11T17:37:12.124404-06:00 c0-0c0s7n2 <node_health> (xtnhd) xtnhd has started
2015-02-11T17:37:12.351858-06:00 c0-0c0s7n2 boot_freemem data calculated:  130107176
2015-02-11T17:26:04.032609-06:00 c0-0c1s9n3 ERROR: Type:2; Severity:80; Class:3; Subclass:D; Operation: 2
2015-02-11T17:36:34.304221-06:00 c0-0c1s9n3 Wait4Boot: WRITE: 523 bytes to memory @ 0x90CD0 ... complete
2015-02-11T17:36:34.304229-06:00 c0-0c1s9n3 Wait4Boot: Blade Controller Boot Protocol version - 1
2015-02-11T17:36:34.330086-06:00 c0-0c1s9n3 Wait4Boot: JUMP: KernelStart 0x100000, boot_params 0x90000, CmdLineAddr 0x90CD0
2015-02-11T17:36:34.353418-06:00 c0-0c1s9n3 OnExitBootServices..
2015-02-11T17:36:34.406341-06:00 c0-0c1s9n3 ConfigureXhciAtBoot() Start
2015-02-11T17:36:34.429412-06:00 c0-0c1s9n3 ConfigureXhciAtBoot() End
2015-02-11T17:36:34.430022-06:00 c0-0c1s9n3 (Wdt) RunWdtBeforeOsBoot
2015-02-11T17:36:34.430029-06:00 c0-0c1s9n3 (Wdt) DisableTimer
2015-02-11T17:36:37.473740-06:00 c0-0c1s9n3 Crypto Lib Callback.
2015-02-11T17:36:37.498083-06:00 c0-0c1s9n3 Heap addr before Virtual MemFixup = 7bacb018, After = 7bacb018
2015-02-11T17:36:37.498275-06:00 c0-0c1s9n3 NvramSmi Go Virtual
2015-02-11T17:36:37.649625-06:00 c0-0c1s9n3 Stopping all external HCs
2015-02-11T17:36:37.649720-06:00 c0-0c1s9n3 stopping all HC type 40:
2015-02-11T17:36:47.144058-06:00 c0-0c1s9n3 i8042: No controller found
2015-02-11T17:36:51.116723-06:00 c0-0c1s9n3 Sending ec_node_info with boot code 0 (NODE_INFO_OS_BOOT) for nid 103
2015-02-11T17:36:51.116732-06:00 c0-0c1s9n3 net.core.rmem_max = 16777216
2015-02-11T17:36:51.116765-06:00 c0-0c1s9n3 net.core.wmem_max = 16777216
2015-02-11T17:36:51.116776-06:00 c0-0c1s9n3 net.core.rmem_default = 16777216
2015-02-11T17:36:51.116783-06:00 c0-0c1s9n3 net.core.wmem_default = 16777216
2015-02-11T17:36:51.116793-06:00 c0-0c1s9n3 net.core.optmem_max = 16777216
2015-02-11T17:36:51.116811-06:00 c0-0c1s9n3 net.ipv4.tcp_mem = 16777216 16777216 16777216
2015-02-11T17:36:51.116823-06:00 c0-0c1s9n3 net.ipv4.tcp_rmem = 4096 87380 16777216
2015-02-11T17:36:51.116837-06:00 c0-0c1s9n3 net.ipv4.tcp_wmem = 4096 65536 16777216
2015-02-11T17:36:51.335318-06:00 c0-0c1s9n3 nid 103: Linux version 3.0.101-0.31.1_1.0502.8394-cray_ari_c (abuild@cfosbld02) (gcc version 4.3.4 [gcc-4_3-branch revision 152973] (SUSE Linux) ) #1 SMP Wed Sep 10 04:09:26 UTC 2014
2015-02-11T17:36:51.373376-06:00 c0-0c1s9n3 starting pid 6943, tty '': 'PATH3974'
2015-02-11T17:36:51.471854-06:00 c0-0c1s9n3 bpmcd_init: Power statistics available in PATH1240
2015-02-11T17:36:51.472098-06:00 c0-0c1s9n3 DVS: Revision 1873 - Built: Sep 17 2014 @ 06:40:25 for lnet version 2.5
2015-02-11T17:36:51.472112-06:00 c0-0c1s9n3 LNet: HW CPU cores: 64, npartitions: 8
2015-02-11T17:36:56.504072-06:00 c0-0c1s9n3 Lustre: kgnilnd build version: 2.5-trunk-1.0502.17198.8.57-abuild-RB-5.2UP02_2.5.1-2014-09-17-06:43
2015-02-11T17:36:56.633124-06:00 c0-0c1s9n3 LNet: Added LNI 103@gni [PATH4853]
2015-02-11T17:37:12.632354-06:00 c0-0c1s9n3 mcelog: Family 6 Model 3f CPU: only decoding architectural errors
2015-02-11T17:37:12.677540-06:00 c0-0c1s9n3 SGI XPMEM kernel module v2.2 loaded
2015-02-11T17:37:12.677567-06:00 c0-0c1s9n3 <node_health> (xtnhd) xtnhd has started
2015-02-11T17:37:12.887517-06:00 c0-0c1s9n3 boot_freemem data calculated:  130105564
2015-02-11T17:25:58.049859-06:00 c0-0c2s4n0 ERROR: Type:2; Severity:80; Class:3; Subclass:D; Operation: 2
2015-02-11T17:36:34.328804-06:00 c0-0c2s4n0 Wait4Boot: WRITE: 523 bytes to memory @ 0x90CD0 ... complete
2015-02-11T17:36:34.328813-06:00 c0-0c2s4n0 Wait4Boot: Blade Controller Boot Protocol version - 1
2015-02-11T17:36:34.328819-06:00 c0-0c2s4n0 Wait4Boot: JUMP: KernelStart 0x100000, boot_params 0x90000, CmdLineAddr 0x90CD0
2015-02-11T17:36:34.328831-06:00 c0-0c2s4n0 OnExitBootServices..
2015-02-11T17:36:34.354139-06:00 c0-0c2s4n0 ConfigureXhciAtBoot() Start
2015-02-11T17:36:34.354511-06:00 c0-0c2s4n0 ConfigureXhciAtBoot() End
2015-02-11T17:36:34.354778-06:00 c0-0c2s4n0 (Wdt) RunWdtBeforeOsBoot
2015-02-11T17:36:34.355127-06:00 c0-0c2s4n0 (Wdt) DisableTimer
2015-02-11T17:36:37.397347-06:00 c0-0c2s4n0 Crypto Lib Callback.
2015-02-11T17:36:37.397690-06:00 c0-0c2s4n0 Heap addr before Virtual MemFixup = 7bacb018, After = 7bacb018
2015-02-11T17:36:37.422564-06:00 c0-0c2s4n0 NvramSmi Go Virtual
2015-02-11T17:36:37.548772-06:00 c0-0c2s4n0 Stopping all external HCs
2015-02-11T17:36:37.574111-06:00 c0-0c2s4n0 stopping all HC type 40:
2015-02-11T17:36:46.992542-06:00 c0-0c2s4n0 i8042: No controller found
2015-02-11T17:36:51.156914-06:00 c0-0c2s4n0 Sending ec_node_info with boot code 0 (NODE_INFO_OS_BOOT) for nid 144
2015-02-11T17:36:51.156922-06:00 c0-0c2s4n0 net.core.rmem_max = 16777216
2015-02-11T17:36:51.156929-06:00 c0-0c2s4n0 net.core.wmem_max = 16777216
2015-02-11T17:36:51.156938-06:00 c0-0c2s4n0 net.core.rmem_default = 16777216
2015-02-11T17:36:51.156948-06:00 c0-0c2s4n0 net.core.wmem_default = 16777216
2015-02-11T17:36:51.156953-06:00 c0-0c2s4n0 net.core.optmem_max = 16777216
2015-02-11T17:36:51.156964-06:00 c0-0c2s4n0 net.ipv4.tcp_mem = 16777216 16777216 16777216
2015-02-11T17:36:51.156975-06:00 c0-0c2s4n0 net.ipv4.tcp_rmem = 4096 87380 16777216
2015-02-11T17:36:51.156980-06:00 c0-0c2s4n0 net.ipv4.tcp_wmem = 4096 65536 16777216
2015-02-11T17:36:51.156986-06:00 c0-0c2s4n0 nid 144: Linux version 3.0.101-0.31.1_1.0502.8394-cray_ari_c (abuild@cfosbld02) (gcc version 4.3.4 [gcc-4_3-branch revision 152973] (SUSE Linux) ) #1 SMP Wed Sep 10 04:09:26 UTC 2014
2015-02-11T17:36:51.156993-06:00 c0-0c2s4n0 starting pid 6938, tty '': 'PATH3974'
2015-02-11T17:36:51.156998-06:00 c0-0c2s4n0 bpmcd_init: Power statistics available in PATH1240
2015-02-11T17:36:51.157008-06:00 c0-0c2s4n0 DVS: Revision 1873 - Built: Sep 17 2014 @ 06:40:25 for lnet version 2.5
2015-02-11T17:36:51.157018-06:00 c0-0c2s4n0 LNet: HW CPU cores: 64, npartitions: 8
2015-02-11T17:36:54.307968-06:00 c0-0c2s4n0 Lustre: kgnilnd build version: 2.5-trunk-1.0502.17198.8.57-abuild-RB-5.2UP02_2.5.1-2014-09-17-06:43
2015-02-11T17:36:54.441324-06:00 c0-0c2s4n0 LNet: Added LNI 144@gni [PATH4853]
2015-02-11T17:37:10.460086-06:00 c0-0c2s4n0 mcelog: Family 6 Model 3f CPU: only decoding architectural errors
2015-02-11T17:37:10.485313-06:00 c0-0c2s4n0 SGI XPMEM kernel module v2.2 loaded
2015-02-11T17:37:10.485581-06:00 c0-0c2s4n0 <node_health> (xtnhd) xtnhd has started
2015-02-11T17:37:10.769168-06:00 c0-0c2s4n0 boot_freemem data calculated:  130103180
2015-02-11T23:46:59.212762-06:00 c0-0c2s4n0 hpcc[10687] general protection ip:b6c9fa sp:7fffffffbd20 error:0 in hpcc[400000+904000]
2015-02-11T17:26:04.032391-06:00 c0-0c1s8n3 ERROR: Type:2; Severity:80; Class:3; Subclass:D; Operation: 2
2015-02-11T17:36:34.329450-06:00 c0-0c1s8n3 Wait4Boot: WRITE: 523 bytes to memory @ 0x90CD0 ... complete
2015-02-11T17:36:34.329461-06:00 c0-0c1s8n3 Wait4Boot: Blade Controller Boot Protocol version - 1
2015-02-11T17:36:34.353565-06:00 c0-0c1s8n3 Wait4Boot: JUMP: KernelStart 0x100000, boot_params 0x90000, CmdLineAddr 0x90CD0
2015-02-11T17:36:34.353868-06:00 c0-0c1s8n3 OnExitBootServices..
2015-02-11T17:36:34.430365-06:00 c0-0c1s8n3 ConfigureXhciAtBoot() Start
2015-02-11T17:36:34.430370-06:00 c0-0c1s8n3 ConfigureXhciAtBoot() End
2015-02-11T17:36:34.430521-06:00 c0-0c1s8n3 (Wdt) RunWdtBeforeOsBoot
2015-02-11T17:36:34.454717-06:00 c0-0c1s8n3 (Wdt) DisableTimer
2015-02-11T17:36:37.473834-06:00 c0-0c1s8n3 Crypto Lib Callback.
2015-02-11T17:36:37.498298-06:00 c0-0c1s8n3 Heap addr before Virtual MemFixup = 7bacb018, After = 7bacb018
2015-02-11T17:36:37.498635-06:00 c0-0c1s8n3 NvramSmi Go Virtual
2015-02-11T17:36:37.649676-06:00 c0-0c1s8n3 Stopping all external HCs
2015-02-11T17:36:37.649943-06:00 c0-0c1s8n3 stopping all HC type 40:
2015-02-11T17:36:47.219631-06:00 c0-0c1s8n3 i8042: No controller found
2015-02-11T17:36:51.234556-06:00 c0-0c1s8n3 Sending ec_node_info with boot code 0 (NODE_INFO_OS_BOOT) for nid 99
2015-02-11T17:36:51.234564-06:00 c0-0c1s8n3 net.core.rmem_max = 16777216
2015-02-11T17:36:51.234569-06:00 c0-0c1s8n3 net.core.wmem_max = 16777216
2015-02-11T17:36:51.235590-06:00 c0-0c1s8n3 net.core.rmem_default = 16777216
2015-02-11T17:36:51.235599-06:00 c0-0c1s8n3 net.core.wmem_default = 16777216
2015-02-11T17:36:51.235604-06:00 c0-0c1s8n3 net.core.optmem_max = 16777216
2015-02-11T17:36:51.235614-06:00 c0-0c1s8n3 net.ipv4.tcp_mem = 16777216 16777216 16777216
2015-02-11T17:36:51.235620-06:00 c0-0c1s8n3 net.ipv4.tcp_rmem = 4096 87380 16777216
2015-02-11T17:36:51.235631-06:00 c0-0c1s8n3 net.ipv4.tcp_wmem = 4096 65536 16777216
2015-02-11T17:36:51.598072-06:00 c0-0c1s8n3 nid 99: Linux version 3.0.101-0.31.1_1.0502.8394-cray_ari_c (abuild@cfosbld02) (gcc version 4.3.4 [gcc-4_3-branch revision 152973] (SUSE Linux) ) #1 SMP Wed Sep 10 04:09:26 UTC 2014
2015-02-11T17:36:51.623553-06:00 c0-0c1s8n3 starting pid 6934, tty '': 'PATH3974'
2015-02-11T17:36:51.724458-06:00 c0-0c1s8n3 bpmcd_init: Power statistics available in PATH1240
2015-02-11T17:36:51.774582-06:00 c0-0c1s8n3 DVS: Revision 1873 - Built: Sep 17 2014 @ 06:40:25 for lnet version 2.5
2015-02-11T17:36:51.774645-06:00 c0-0c1s8n3 LNet: HW CPU cores: 64, npartitions: 8
2015-02-11T17:36:57.075169-06:00 c0-0c1s8n3 Lustre: kgnilnd build version: 2.5-trunk-1.0502.17198.8.57-abuild-RB-5.2UP02_2.5.1-2014-09-17-06:43
2015-02-11T17:36:57.075193-06:00 c0-0c1s8n3 LNet: Added LNI 99@gni [PATH4853]
2015-02-11T17:37:12.940919-06:00 c0-0c1s8n3 mcelog: Family 6 Model 3f CPU: only decoding architectural errors
2015-02-11T17:37:12.966953-06:00 c0-0c1s8n3 SGI XPMEM kernel module v2.2 loaded
2015-02-11T17:37:12.967015-06:00 c0-0c1s8n3 <node_health> (xtnhd) xtnhd has started
2015-02-11T17:37:13.250482-06:00 c0-0c1s8n3 boot_freemem data calculated:  130106344
2015-02-11T18:01:31.981584-06:00 c0-0c1s8n3 hpcc[7414] general protection ip:b6c9fa sp:7fffffffbca0 error:0 in hpcc[400000+904000]
2015-02-11T20:30:06.120221-06:00 c0-0c1s8n3 hpcc[55303] general protection ip:b6c9fa sp:7fffffffbd20 error:0 in hpcc[400000+904000]
2015-02-11T22:08:35.263737-06:00 c0-0c1s8n3 hpcc[358] general protection ip:b6c9fa sp:7fffffffbd20 error:0 in hpcc[400000+904000]
2015-02-11T17:26:02.016087-06:00 c0-0c1s10n2 ERROR: Type:2; Severity:80; Class:3; Subclass:D; Operation: 2
2015-02-11T17:36:34.329846-06:00 c0-0c1s10n2 Wait4Boot: WRITE: 523 bytes to memory @ 0x90CD0 ... complete
2015-02-11T17:36:34.329854-06:00 c0-0c1s10n2 Wait4Boot: Blade Controller Boot Protocol version - 1
2015-02-11T17:36:34.329860-06:00 c0-0c1s10n2 Wait4Boot: JUMP: KernelStart 0x100000, boot_params 0x90000, CmdLineAddr 0x90CD0
2015-02-11T17:36:34.329867-06:00 c0-0c1s10n2 OnExitBootServices..
2015-02-11T17:36:34.404363-06:00 c0-0c1s10n2 ConfigureXhciAtBoot() Start
2015-02-11T17:36:34.404872-06:00 c0-0c1s10n2 ConfigureXhciAtBoot() End
2015-02-11T17:36:34.405149-06:00 c0-0c1s10n2 (Wdt) RunWdtBeforeOsBoot
2015-02-11T17:36:34.405583-06:00 c0-0c1s10n2 (Wdt) DisableTimer
2015-02-11T17:36:37.448443-06:00 c0-0c1s10n2 Crypto Lib Callback.
2015-02-11T17:36:37.473172-06:00 c0-0c1s10n2 Heap addr before Virtual MemFixup = 7bacb018, After = 7bacb018
2015-02-11T17:36:37.473450-06:00 c0-0c1s10n2 NvramSmi Go Virtual
2015-02-11T17:36:37.624625-06:00 c0-0c1s10n2 Stopping all external HCs
2015-02-11T17:36:37.624854-06:00 c0-0c1s10n2 stopping all HC type 40:
2015-02-11T17:36:47.144219-06:00 c0-0c1s10n2 i8042: No controller found
2015-02-11T17:36:51.157042-06:00 c0-0c1s10n2 Sending ec_node_info with boot code 0 (NODE_INFO_OS_BOOT) for nid 106
2015-02-11T17:36:51.157051-06:00 c0-0c1s10n2 net.core.rmem_max = 16777216
2015-02-11T17:36:51.157056-06:00 c0-0c1s10n2 net.core.wmem_max = 16777216
2015-02-11T17:36:51.157061-06:00 c0-0c1s10n2 net.core.rmem_default = 16777216
2015-02-11T17:36:51.157070-06:00 c0-0c1s10n2 net.core.wmem_default = 16777216
2015-02-11T17:36:51.157078-06:00 c0-0c1s10n2 net.core.optmem_max = 16777216
2015-02-11T17:36:51.157086-06:00 c0-0c1s10n2 net.ipv4.tcp_mem = 16777216 16777216 16777216
2015-02-11T17:36:51.157093-06:00 c0-0c1s10n2 net.ipv4.tcp_rmem = 4096 87380 16777216
2015-02-11T17:36:51.157098-06:00 c0-0c1s10n2 net.ipv4.tcp_wmem = 4096 65536 16777216
2015-02-11T17:36:51.157109-06:00 c0-0c1s10n2 nid 106: Linux version 3.0.101-0.31.1_1.0502.8394-cray_ari_c (abuild@cfosbld02) (gcc version 4.3.4 [gcc-4_3-branch revision 152973] (SUSE Linux) ) #1 SMP Wed Sep 10 04:09:26 UTC 2014
2015-02-11T17:36:51.157115-06:00 c0-0c1s10n2 starting pid 6930, tty '': 'PATH3974'
2015-02-11T17:36:51.157125-06:00 c0-0c1s10n2 bpmcd_init: Power statistics available in PATH1240
2015-02-11T17:36:51.157130-06:00 c0-0c1s10n2 DVS: Revision 1873 - Built: Sep 17 2014 @ 06:40:25 for lnet version 2.5
2015-02-11T17:36:51.157140-06:00 c0-0c1s10n2 LNet: HW CPU cores: 64, npartitions: 8
2015-02-11T17:36:56.011985-06:00 c0-0c1s10n2 Lustre: kgnilnd build version: 2.5-trunk-1.0502.17198.8.57-abuild-RB-5.2UP02_2.5.1-2014-09-17-06:43
2015-02-11T17:36:56.138057-06:00 c0-0c1s10n2 LNet: Added LNI 106@gni [PATH4853]
2015-02-11T17:37:12.124923-06:00 c0-0c1s10n2 mcelog: Family 6 Model 3f CPU: only decoding architectural errors
2015-02-11T17:37:12.175922-06:00 c0-0c1s10n2 SGI XPMEM kernel module v2.2 loaded
2015-02-11T17:37:12.176046-06:00 c0-0c1s10n2 <node_health> (xtnhd) xtnhd has started
2015-02-11T17:37:12.427917-06:00 c0-0c1s10n2 boot_freemem data calculated:  130104252
2015-02-11T17:25:59.974327-06:00 c0-0c1s10n1 ERROR: Type:2; Severity:80; Class:3; Subclass:D; Operation: 2
2015-02-11T17:36:34.329808-06:00 c0-0c1s10n1 Wait4Boot: WRITE: 523 bytes to memory @ 0x90CD0 ... complete
2015-02-11T17:36:34.329816-06:00 c0-0c1s10n1 Wait4Boot: Blade Controller Boot Protocol version - 1
2015-02-11T17:36:34.329822-06:00 c0-0c1s10n1 Wait4Boot: JUMP: KernelStart 0x100000, boot_params 0x90000, CmdLineAddr 0x90CD0
2015-02-11T17:36:34.329831-06:00 c0-0c1s10n1 OnExitBootServices..
2015-02-11T17:36:34.355568-06:00 c0-0c1s10n1 ConfigureXhciAtBoot() Start
2015-02-11T17:36:34.379084-06:00 c0-0c1s10n1 ConfigureXhciAtBoot() End
2015-02-11T17:36:34.379443-06:00 c0-0c1s10n1 (Wdt) RunWdtBeforeOsBoot
2015-02-11T17:36:34.379639-06:00 c0-0c1s10n1 (Wdt) DisableTimer
2015-02-11T17:36:37.423039-06:00 c0-0c1s10n1 Crypto Lib Callback.
2015-02-11T17:36:37.447948-06:00 c0-0c1s10n1 Heap addr before Virtual MemFixup = 7bacb018, After = 7bacb018
2015-02-11T17:36:37.448175-06:00 c0-0c1s10n1 NvramSmi Go Virtual
2015-02-11T17:36:37.599473-06:00 c0-0c1s10n1 Stopping all external HCs
2015-02-11T17:36:37.599796-06:00 c0-0c1s10n1 stopping all HC type 40:
2015-02-11T17:36:47.144037-06:00 c0-0c1s10n1 i8042: No controller found
2015-02-11T17:36:51.156261-06:00 c0-0c1s10n1 Sending ec_node_info with boot code 0 (NODE_INFO_OS_BOOT) for nid 105
2015-02-11T17:36:51.156269-06:00 c0-0c1s10n1 net.core.rmem_max = 16777216
2015-02-11T17:36:51.156275-06:00 c0-0c1s10n1 net.core.wmem_max = 16777216
2015-02-11T17:36:51.156279-06:00 c0-0c1s10n1 net.core.rmem_default = 16777216
2015-02-11T17:36:51.156301-06:00 c0-0c1s10n1 net.core.wmem_default = 16777216
2015-02-11T17:36:51.156309-06:00 c0-0c1s10n1 net.core.optmem_max = 16777216
2015-02-11T17:36:51.156317-06:00 c0-0c1s10n1 net.ipv4.tcp_mem = 16777216 16777216 16777216
2015-02-11T17:36:51.156325-06:00 c0-0c1s10n1 net.ipv4.tcp_rmem = 4096 87380 16777216
2015-02-11T17:36:51.156329-06:00 c0-0c1s10n1 net.ipv4.tcp_wmem = 4096 65536 16777216
2015-02-11T17:36:51.156334-06:00 c0-0c1s10n1 nid 105: Linux version 3.0.101-0.31.1_1.0502.8394-cray_ari_c (abuild@cfosbld02) (gcc version 4.3.4 [gcc-4_3-branch revision 152973] (SUSE Linux) ) #1 SMP Wed Sep 10 04:09:26 UTC 2014
2015-02-11T17:36:51.156342-06:00 c0-0c1s10n1 starting pid 6927, tty '': 'PATH3974'
2015-02-11T17:36:51.156347-06:00 c0-0c1s10n1 bpmcd_init: Power statistics available in PATH1240
2015-02-11T17:36:51.156353-06:00 c0-0c1s10n1 DVS: Revision 1873 - Built: Sep 17 2014 @ 06:40:25 for lnet version 2.5
2015-02-11T17:36:51.156360-06:00 c0-0c1s10n1 LNet: HW CPU cores: 64, npartitions: 8
2015-02-11T17:36:55.149491-06:00 c0-0c1s10n1 Lustre: kgnilnd build version: 2.5-trunk-1.0502.17198.8.57-abuild-RB-5.2UP02_2.5.1-2014-09-17-06:43
2015-02-11T17:36:55.265152-06:00 c0-0c1s10n1 LNet: Added LNI 105@gni [PATH4853]
2015-02-11T17:37:11.271934-06:00 c0-0c1s10n1 mcelog: Family 6 Model 3f CPU: only decoding architectural errors
2015-02-11T17:37:11.298679-06:00 c0-0c1s10n1 SGI XPMEM kernel module v2.2 loaded
2015-02-11T17:37:11.298702-06:00 c0-0c1s10n1 <node_health> (xtnhd) xtnhd has started
2015-02-11T17:37:11.624365-06:00 c0-0c1s10n1 boot_freemem data calculated:  130106640
2015-02-11T20:30:06.052689-06:00 c0-0c1s10n1 hpcc[55285] general protection ip:b6c9fa sp:7fffffffbc80 error:0 in hpcc[400000+904000]
2015-02-11T17:25:57.933501-06:00 c0-0c1s4n0 ERROR: Type:2; Severity:80; Class:3; Subclass:D; Operation: 2
2015-02-11T17:36:34.329604-06:00 c0-0c1s4n0 Wait4Boot: WRITE: 523 bytes to memory @ 0x90CD0 ... complete
2015-02-11T17:36:34.329612-06:00 c0-0c1s4n0 Wait4Boot: Blade Controller Boot Protocol version - 1
2015-02-11T17:36:34.329620-06:00 c0-0c1s4n0 Wait4Boot: JUMP: KernelStart 0x100000, boot_params 0x90000, CmdLineAddr 0x90CD0
2015-02-11T17:36:34.329625-06:00 c0-0c1s4n0 OnExitBootServices..
2015-02-11T17:36:34.354106-06:00 c0-0c1s4n0 ConfigureXhciAtBoot() Start
2015-02-11T17:36:34.354366-06:00 c0-0c1s4n0 ConfigureXhciAtBoot() End
2015-02-11T17:36:34.354709-06:00 c0-0c1s4n0 (Wdt) RunWdtBeforeOsBoot
2015-02-11T17:36:34.354938-06:00 c0-0c1s4n0 (Wdt) DisableTimer
2015-02-11T17:36:37.397184-06:00 c0-0c1s4n0 Crypto Lib Callback.
2015-02-11T17:36:37.397540-06:00 c0-0c1s4n0 Heap addr before Virtual MemFixup = 7bacb018, After = 7bacb018
2015-02-11T17:36:37.397744-06:00 c0-0c1s4n0 NvramSmi Go Virtual
2015-02-11T17:36:37.548714-06:00 c0-0c1s4n0 Stopping all external HCs
2015-02-11T17:36:37.573881-06:00 c0-0c1s4n0 stopping all HC type 40:
2015-02-11T17:36:47.043406-06:00 c0-0c1s4n0 i8042: No controller found
2015-02-11T17:36:51.233585-06:00 c0-0c1s4n0 Sending ec_node_info with boot code 0 (NODE_INFO_OS_BOOT) for nid 80
2015-02-11T17:36:51.233594-06:00 c0-0c1s4n0 net.core.rmem_max = 16777216
2015-02-11T17:36:51.233602-06:00 c0-0c1s4n0 net.core.wmem_max = 16777216
2015-02-11T17:36:51.233612-06:00 c0-0c1s4n0 net.core.rmem_default = 16777216
2015-02-11T17:36:51.233620-06:00 c0-0c1s4n0 net.core.wmem_default = 16777216
2015-02-11T17:36:51.233632-06:00 c0-0c1s4n0 net.core.optmem_max = 16777216
2015-02-11T17:36:51.233639-06:00 c0-0c1s4n0 net.ipv4.tcp_mem = 16777216 16777216 16777216
2015-02-11T17:36:51.233648-06:00 c0-0c1s4n0 net.ipv4.tcp_rmem = 4096 87380 16777216
2015-02-11T17:36:51.233659-06:00 c0-0c1s4n0 net.ipv4.tcp_wmem = 4096 65536 16777216
2015-02-11T17:36:51.233669-06:00 c0-0c1s4n0 nid 80: Linux version 3.0.101-0.31.1_1.0502.8394-cray_ari_c (abuild@cfosbld02) (gcc version 4.3.4 [gcc-4_3-branch revision 152973] (SUSE Linux) ) #1 SMP Wed Sep 10 04:09:26 UTC 2014
2015-02-11T17:36:51.233683-06:00 c0-0c1s4n0 starting pid 6919, tty '': 'PATH3974'
2015-02-11T17:36:51.233688-06:00 c0-0c1s4n0 bpmcd_init: Power statistics available in PATH1240
2015-02-11T17:36:51.233704-06:00 c0-0c1s4n0 DVS: Revision 1873 - Built: Sep 17 2014 @ 06:40:25 for lnet version 2.5
2015-02-11T17:36:51.233719-06:00 c0-0c1s4n0 LNet: HW CPU cores: 64, npartitions: 8
2015-02-11T17:36:55.149470-06:00 c0-0c1s4n0 Lustre: kgnilnd build version: 2.5-trunk-1.0502.17198.8.57-abuild-RB-5.2UP02_2.5.1-2014-09-17-06:43
2015-02-11T17:36:55.265111-06:00 c0-0c1s4n0 LNet: Added LNI 80@gni [PATH4853]
2015-02-11T17:37:11.271889-06:00 c0-0c1s4n0 mcelog: Family 6 Model 3f CPU: only decoding architectural errors
2015-02-11T17:37:11.298321-06:00 c0-0c1s4n0 SGI XPMEM kernel module v2.2 loaded
2015-02-11T17:37:11.298340-06:00 c0-0c1s4n0 <node_health> (xtnhd) xtnhd has started
2015-02-11T17:37:11.624224-06:00 c0-0c1s4n0 boot_freemem data calculated:  130106828
2015-02-11T20:30:07.246038-06:00 c0-0c1s4n0 hpcc[55277] general protection ip:b6c9fa sp:7fffffffbc80 error:0 in hpcc[400000+904000]
2015-02-11T22:08:43.173681-06:00 c0-0c1s4n0 hpcc[308] general protection ip:b6c9fa sp:7fffffffbc80 error:0 in hpcc[400000+904000]
2015-02-11T17:25:58.536084-06:00 c0-0c2s2n2 ERROR: Type:2; Severity:80; Class:3; Subclass:D; Operation: 2
2015-02-11T17:34:33.079438-06:00 c0-0c2s2n2 Wait4Boot: WRITE: 533 bytes to memory @ 0x90CD0 ... complete
2015-02-11T17:34:33.079457-06:00 c0-0c2s2n2 Wait4Boot: Blade Controller Boot Protocol version - 1
2015-02-11T17:34:33.104515-06:00 c0-0c2s2n2 Wait4Boot: JUMP: KernelStart 0x100000, boot_params 0x90000, CmdLineAddr 0x90CD0
2015-02-11T17:34:33.233713-06:00 c0-0c2s2n2 Decompressing Linux... Parsing ELF... done.
2015-02-11T17:34:33.233814-06:00 c0-0c2s2n2 Booting the kernel.
2015-02-11T17:34:33.258839-06:00 c0-0c2s2n2 Initializing cgroup subsys cpuset
2015-02-11T17:34:33.258926-06:00 c0-0c2s2n2 Initializing cgroup subsys cpu
2015-02-11T17:34:33.284104-06:00 c0-0c2s2n2 Linux version 3.0.101-0.31.1_1.0502.8394-cray_ari_s (abuild@cfosbld05) (gcc version 4.3.4 [gcc-4_3-branch revision 152973] (SUSE Linux) ) #1 SMP Wed Sep 10 04:03:41 UTC 2014
2015-02-11T17:34:33.360235-06:00 c0-0c2s2n2 Command line: earlyprintk=serial,115200 load_ramdisk=1 ramdisk_size=80000 console=ttyS0,115200n8 bootnodeip=IPADDR13 bootproto=ipog bootpath=PATH1220 rootfs=nfs-shared root=PATH1221 oops=panic bootifnetmask=IPADDR15 elevator=noop ippob1=10 ippob2=128 pcie_ports=native iommu=on intel_iommu=off bad_page=panic pln_enable=off apei_disable hest_disable erst_disable ghes_disable cgroup_disable=memory active_wlm=ALPS sdbnodeip=IPADDR16 sessionid=p0-20150211t172524 _cray=marker_ 
2015-02-11T17:34:33.360311-06:00 c0-0c2s2n2 KERNEL supported cpus:
2015-02-11T17:34:33.385016-06:00 c0-0c2s2n2  Intel GenuineIntel
2015-02-11T17:34:33.385188-06:00 c0-0c2s2n2 BIOS-provided physical RAM map:
2015-02-11T17:34:33.385542-06:00 c0-0c2s2n2 BIOS-e820: 0000000000000000 - 00000000000a0000 (usable)
2015-02-11T17:34:33.410245-06:00 c0-0c2s2n2 BIOS-e820: 0000000000100000 - 000000007e67c000 (usable)
2015-02-11T17:34:33.410459-06:00 c0-0c2s2n2 BIOS-e820: 000000007e67c000 - 000000007e790000 (ACPI NVS)
2015-02-11T17:34:33.435457-06:00 c0-0c2s2n2 BIOS-e820: 000000007e790000 - 000000007f395000 (reserved)
2015-02-11T17:34:33.435746-06:00 c0-0c2s2n2 BIOS-e820: 000000007f395000 - 000000007f410000 (ACPI data)
2015-02-11T17:34:33.435825-06:00 c0-0c2s2n2 BIOS-e820: 000000007f410000 - 000000007f491000 (reserved)
2015-02-11T17:34:33.435962-06:00 c0-0c2s2n2 BIOS-e820: 000000007f491000 - 000000007f493000 (usable)
2015-02-11T17:34:33.460807-06:00 c0-0c2s2n2 BIOS-e820: 000000007f493000 - 000000007f494000 (ACPI NVS)
2015-02-11T17:34:33.461125-06:00 c0-0c2s2n2 BIOS-e820: 000000007f494000 - 000000007f49e000 (reserved)
2015-02-11T17:34:33.461418-06:00 c0-0c2s2n2 BIOS-e820: 000000007f49e000 - 000000007f4a6000 (ACPI NVS)
2015-02-11T17:34:33.486178-06:00 c0-0c2s2n2 BIOS-e820: 000000007f4a6000 - 000000007f4d2000 (reserved)
2015-02-11T17:34:33.486476-06:00 c0-0c2s2n2 BIOS-e820: 000000007f4d2000 - 000000007f558000 (ACPI NVS)
2015-02-11T17:34:33.486748-06:00 c0-0c2s2n2 BIOS-e820: 000000007f558000 - 000000007f800000 (usable)
2015-02-11T17:34:33.511591-06:00 c0-0c2s2n2 BIOS-e820: 0000000080000000 - 0000000090000000 (reserved)
2015-02-11T17:34:33.511768-06:00 c0-0c2s2n2 BIOS-e820: 00000000fed1c000 - 00000000fed20000 (reserved)
2015-02-11T17:34:33.512005-06:00 c0-0c2s2n2 BIOS-e820: 00000000ff000000 - 0000000100000000 (reserved)
2015-02-11T17:34:33.536915-06:00 c0-0c2s2n2 BIOS-e820: 0000000100000000 - 0000001080000000 (usable)
2015-02-11T17:34:33.537104-06:00 c0-0c2s2n2 bootconsole [earlyser0] enabled
2015-02-11T17:34:33.537310-06:00 c0-0c2s2n2 NX (Execute Disable) protection: active
2015-02-11T17:34:33.537499-06:00 c0-0c2s2n2 EFI v2.10 by American Megatrends
2015-02-11T17:34:33.562152-06:00 c0-0c2s2n2 ACPI=0x7f395000  ACPI 2.0=0x7f395000  SMBIOS=0xf04c0  MPS=0xfd450 
2015-02-11T17:34:33.562482-06:00 c0-0c2s2n2 EFI: mem00: type=3, attr=0xf, range=[0x0000000000000000-0x0000000000008000) (0MB)
2015-02-11T17:34:33.587434-06:00 c0-0c2s2n2 EFI: mem01: type=7, attr=0xf, range=[0x0000000000008000-0x0000000000060000) (0MB)
2015-02-11T17:34:33.587694-06:00 c0-0c2s2n2 EFI: mem02: type=3, attr=0xf, range=[0x0000000000060000-0x00000000000a0000) (0MB)
2015-02-11T17:34:33.612586-06:00 c0-0c2s2n2 EFI: mem03: type=7, attr=0xf, range=[0x0000000000100000-0x0000000001000000) (15MB)
2015-02-11T17:34:33.612979-06:00 c0-0c2s2n2 EFI: mem04: type=2, attr=0xf, range=[0x0000000001000000-0x0000000001100000) (1MB)
2015-02-11T17:34:33.637976-06:00 c0-0c2s2n2 EFI: mem05: type=4, attr=0xf, range=[0x0000000001100000-0x00000000017ea000) (6MB)
2015-02-11T17:34:33.638293-06:00 c0-0c2s2n2 EFI: mem06: type=3, attr=0xf, range=[0x00000000017ea000-0x00000000017ee000) (0MB)
2015-02-11T17:34:33.663048-06:00 c0-0c2s2n2 EFI: mem07: type=4, attr=0xf, range=[0x00000000017ee000-0x0000000001886000) (0MB)
2015-02-11T17:34:33.663340-06:00 c0-0c2s2n2 EFI: mem08: type=3, attr=0xf, range=[0x0000000001886000-0x000000000188f000) (0MB)
2015-02-11T17:34:33.688393-06:00 c0-0c2s2n2 EFI: mem09: type=4, attr=0xf, range=[0x000000000188f000-0x0000000001892000) (0MB)
2015-02-11T17:34:33.688732-06:00 c0-0c2s2n2 EFI: mem10: type=3, attr=0xf, range=[0x0000000001892000-0x000000000189e000) (0MB)
2015-02-11T17:34:33.713684-06:00 c0-0c2s2n2 EFI: mem11: type=4, attr=0xf, range=[0x000000000189e000-0x00000000018a9000) (0MB)
2015-02-11T17:34:33.738674-06:00 c0-0c2s2n2 EFI: mem12: type=3, attr=0xf, range=[0x00000000018a9000-0x00000000018ab000) (0MB)
2015-02-11T17:34:33.738966-06:00 c0-0c2s2n2 EFI: mem13: type=4, attr=0xf, range=[0x00000000018ab000-0x00000000018ad000) (0MB)
2015-02-11T17:34:33.739226-06:00 c0-0c2s2n2 EFI: mem14: type=3, attr=0xf, range=[0x00000000018ad000-0x00000000018af000) (0MB)
2015-02-11T17:34:33.764226-06:00 c0-0c2s2n2 EFI: mem15: type=4, attr=0xf, range=[0x00000000018af000-0x00000000018b7000) (0MB)
2015-02-11T17:34:33.789136-06:00 c0-0c2s2n2 EFI: mem16: type=3, attr=0xf, range=[0x00000000018b7000-0x00000000018bb000) (0MB)
2015-02-11T17:34:33.789479-06:00 c0-0c2s2n2 EFI: mem17: type=4, attr=0xf, range=[0x00000000018bb000-0x00000000018bd000) (0MB)
2015-02-11T17:34:33.789757-06:00 c0-0c2s2n2 EFI: mem18: type=3, attr=0xf, range=[0x00000000018bd000-0x00000000018bf000) (0MB)
2015-02-11T17:34:33.814603-06:00 c0-0c2s2n2 EFI: mem19: type=4, attr=0xf, range=[0x00000000018bf000-0x00000000018d1000) (0MB)
2015-02-11T17:34:33.814827-06:00 c0-0c2s2n2 EFI: mem20: type=3, attr=0xf, range=[0x00000000018d1000-0x00000000018d7000) (0MB)
2015-02-11T17:34:33.839988-06:00 c0-0c2s2n2 EFI: mem21: type=4, attr=0xf, range=[0x00000000018d7000-0x00000000018f9000) (0MB)
2015-02-11T17:34:33.840317-06:00 c0-0c2s2n2 EFI: mem22: type=3, attr=0xf, range=[0x00000000018f9000-0x0000000001908000) (0MB)
2015-02-11T17:34:33.865341-06:00 c0-0c2s2n2 EFI: mem23: type=4, attr=0xf, range=[0x0000000001908000-0x0000000001921000) (0MB)
2015-02-11T17:34:33.865604-06:00 c0-0c2s2n2 EFI: mem24: type=3, attr=0xf, range=[0x0000000001921000-0x000000000192b000) (0MB)
2015-02-11T17:34:33.890522-06:00 c0-0c2s2n2 EFI: mem25: type=4, attr=0xf, range=[0x000000000192b000-0x0000000001933000) (0MB)
2015-02-11T17:34:33.915589-06:00 c0-0c2s2n2 EFI: mem26: type=3, attr=0xf, range=[0x0000000001933000-0x0000000001936000) (0MB)
2015-02-11T17:34:33.915857-06:00 c0-0c2s2n2 EFI: mem27: type=4, attr=0xf, range=[0x0000000001936000-0x0000000001964000) (0MB)
2015-02-11T17:34:33.940774-06:00 c0-0c2s2n2 EFI: mem28: type=3, attr=0xf, range=[0x0000000001964000-0x0000000001968000) (0MB)
2015-02-11T17:34:33.941050-06:00 c0-0c2s2n2 EFI: mem29: type=4, attr=0xf, range=[0x0000000001968000-0x0000000001987000) (0MB)
2015-02-11T17:34:33.941319-06:00 c0-0c2s2n2 EFI: mem30: type=3, attr=0xf, range=[0x0000000001987000-0x00000000019b0000) (0MB)
2015-02-11T17:34:33.966220-06:00 c0-0c2s2n2 EFI: mem31: type=4, attr=0xf, range=[0x00000000019b0000-0x00000000019ba000) (0MB)
2015-02-11T17:34:33.991310-06:00 c0-0c2s2n2 EFI: mem32: type=3, attr=0xf, range=[0x00000000019ba000-0x00000000019bd000) (0MB)
2015-02-11T17:34:33.991565-06:00 c0-0c2s2n2 EFI: mem33: type=4, attr=0xf, range=[0x00000000019bd000-0x00000000019be000) (0MB)
2015-02-11T17:34:34.016621-06:00 c0-0c2s2n2 EFI: mem34: type=3, attr=0xf, range=[0x00000000019be000-0x00000000019d0000) (0MB)
2015-02-11T17:34:34.016907-06:00 c0-0c2s2n2 EFI: mem35: type=4, attr=0xf, range=[0x00000000019d0000-0x00000000019d3000) (0MB)
2015-02-11T17:34:34.041896-06:00 c0-0c2s2n2 EFI: mem36: type=3, attr=0xf, range=[0x00000000019d3000-0x00000000019d5000) (0MB)
2015-02-11T17:34:34.042187-06:00 c0-0c2s2n2 EFI: mem37: type=4, attr=0xf, range=[0x00000000019d5000-0x00000000019e1000) (0MB)
2015-02-11T17:34:34.067193-06:00 c0-0c2s2n2 EFI: mem38: type=3, attr=0xf, range=[0x00000000019e1000-0x00000000019e5000) (0MB)
2015-02-11T17:34:34.067439-06:00 c0-0c2s2n2 EFI: mem39: type=4, attr=0xf, range=[0x00000000019e5000-0x0000000001a02000) (0MB)
2015-02-11T17:34:34.092361-06:00 c0-0c2s2n2 EFI: mem40: type=3, attr=0xf, range=[0x0000000001a02000-0x0000000001a06000) (0MB)
2015-02-11T17:34:34.092616-06:00 c0-0c2s2n2 EFI: mem41: type=4, attr=0xf, range=[0x0000000001a06000-0x0000000001a0a000) (0MB)
2015-02-11T17:34:34.117677-06:00 c0-0c2s2n2 EFI: mem42: type=3, attr=0xf, range=[0x0000000001a0a000-0x0000000001a1e000) (0MB)
2015-02-11T17:34:34.117902-06:00 c0-0c2s2n2 EFI: mem43: type=4, attr=0xf, range=[0x0000000001a1e000-0x0000000001a22000) (0MB)
2015-02-11T17:34:34.142977-06:00 c0-0c2s2n2 EFI: mem44: type=3, attr=0xf, range=[0x0000000001a22000-0x0000000001a26000) (0MB)
2015-02-11T17:34:34.167913-06:00 c0-0c2s2n2 EFI: mem45: type=4, attr=0xf, range=[0x0000000001a26000-0x0000000001a34000) (0MB)
2015-02-11T17:34:34.168244-06:00 c0-0c2s2n2 EFI: mem46: type=3, attr=0xf, range=[0x0000000001a34000-0x0000000001a3b000) (0MB)
2015-02-11T17:34:34.193213-06:00 c0-0c2s2n2 EFI: mem47: type=4, attr=0xf, range=[0x0000000001a3b000-0x0000000001a42000) (0MB)
2015-02-11T17:34:34.193561-06:00 c0-0c2s2n2 EFI: mem48: type=3, attr=0xf, range=[0x0000000001a42000-0x0000000001a4a000) (0MB)
2015-02-11T17:34:34.218499-06:00 c0-0c2s2n2 EFI: mem49: type=4, attr=0xf, range=[0x0000000001a4a000-0x0000000001a4b000) (0MB)
2015-02-11T17:34:34.218777-06:00 c0-0c2s2n2 EFI: mem50: type=3, attr=0xf, range=[0x0000000001a4b000-0x0000000001a4d000) (0MB)
2015-02-11T17:34:34.256245-06:00 c0-0c2s2n2 EFI: mem51: type=4, attr=0xf, range=[0x0000000001a4d000-0x0000000001a52000) (0MB)
2015-02-11T17:34:34.256491-06:00 c0-0c2s2n2 EFI: mem52: type=3, attr=0xf, range=[0x0000000001a52000-0x0000000001a69000) (0MB)
2015-02-11T17:34:34.300295-06:00 c0-0c2s2n2 EFI: mem53: type=4, attr=0xf, range=[0x0000000001a69000-0x0000000001a6f000) (0MB)
2015-02-11T17:34:34.300524-06:00 c0-0c2s2n2 EFI: mem54: type=3, attr=0xf, range=[0x0000000001a6f000-0x0000000001a70000) (0MB)
2015-02-11T17:34:34.300719-06:00 c0-0c2s2n2 EFI: mem55: type=4, attr=0xf, range=[0x0000000001a70000-0x0000000001a71000) (0MB)
2015-02-11T17:34:34.300915-06:00 c0-0c2s2n2 EFI: mem56: type=3, attr=0xf, range=[0x0000000001a71000-0x0000000001a79000) (0MB)
2015-02-11T17:34:34.336307-06:00 c0-0c2s2n2 EFI: mem57: type=4, attr=0xf, range=[0x0000000001a79000-0x0000000001a7a000) (0MB)
2015-02-11T17:34:34.344672-06:00 c0-0c2s2n2 EFI: mem58: type=3, attr=0xf, range=[0x0000000001a7a000-0x0000000001a83000) (0MB)
2015-02-11T17:34:34.344945-06:00 c0-0c2s2n2 EFI: mem59: type=4, attr=0xf, range=[0x0000000001a83000-0x0000000001a85000) (0MB)
2015-02-11T17:34:34.369989-06:00 c0-0c2s2n2 EFI: mem60: type=3, attr=0xf, range=[0x0000000001a85000-0x0000000001abe000) (0MB)
2015-02-11T17:34:34.370280-06:00 c0-0c2s2n2 EFI: mem61: type=4, attr=0xf, range=[0x0000000001abe000-0x0000000001abf000) (0MB)
2015-02-11T17:34:34.395378-06:00 c0-0c2s2n2 EFI: mem62: type=3, attr=0xf, range=[0x0000000001abf000-0x0000000001acc000) (0MB)
2015-02-11T17:34:34.395635-06:00 c0-0c2s2n2 EFI: mem63: type=4, attr=0xf, range=[0x0000000001acc000-0x0000000001ad7000) (0MB)
2015-02-11T17:34:34.420609-06:00 c0-0c2s2n2 EFI: mem64: type=3, attr=0xf, range=[0x0000000001ad7000-0x0000000001adc000) (0MB)
2015-02-11T17:34:34.445666-06:00 c0-0c2s2n2 EFI: mem65: type=4, attr=0xf, range=[0x0000000001adc000-0x0000000001b60000) (0MB)
2015-02-11T17:34:34.445887-06:00 c0-0c2s2n2 EFI: mem66: type=3, attr=0xf, range=[0x0000000001b60000-0x0000000001b7c000) (0MB)
2015-02-11T17:34:34.446105-06:00 c0-0c2s2n2 EFI: mem67: type=4, attr=0xf, range=[0x0000000001b7c000-0x0000000001b84000) (0MB)
2015-02-11T17:34:34.471012-06:00 c0-0c2s2n2 EFI: mem68: type=3, attr=0xf, range=[0x0000000001b84000-0x0000000001b9c000) (0MB)
2015-02-11T17:34:34.471309-06:00 c0-0c2s2n2 EFI: mem69: type=4, attr=0xf, range=[0x0000000001b9c000-0x000000000b210000) (150MB)
2015-02-11T17:34:34.496341-06:00 c0-0c2s2n2 EFI: mem70: type=3, attr=0xf, range=[0x000000000b210000-0x000000000b216000) (0MB)
2015-02-11T17:34:34.496627-06:00 c0-0c2s2n2 EFI: mem71: type=4, attr=0xf, range=[0x000000000b216000-0x000000000b21f000) (0MB)
2015-02-11T17:34:34.521689-06:00 c0-0c2s2n2 EFI: mem72: type=3, attr=0xf, range=[0x000000000b21f000-0x000000000b235000) (0MB)
2015-02-11T17:34:34.521957-06:00 c0-0c2s2n2 EFI: mem73: type=4, attr=0xf, range=[0x000000000b235000-0x000000000b23b000) (0MB)
2015-02-11T17:34:34.547092-06:00 c0-0c2s2n2 EFI: mem74: type=3, attr=0xf, range=[0x000000000b23b000-0x000000000b23e000) (0MB)
2015-02-11T17:34:34.571949-06:00 c0-0c2s2n2 EFI: mem75: type=4, attr=0xf, range=[0x000000000b23e000-0x000000000b246000) (0MB)
2015-02-11T17:34:34.572286-06:00 c0-0c2s2n2 EFI: mem76: type=3, attr=0xf, range=[0x000000000b246000-0x000000000b24a000) (0MB)
2015-02-11T17:34:34.597289-06:00 c0-0c2s2n2 EFI: mem77: type=4, attr=0xf, range=[0x000000000b24a000-0x000000000b24c000) (0MB)
2015-02-11T17:34:34.597595-06:00 c0-0c2s2n2 EFI: mem78: type=3, attr=0xf, range=[0x000000000b24c000-0x000000000b254000) (0MB)
2015-02-11T17:34:34.622544-06:00 c0-0c2s2n2 EFI: mem79: type=4, attr=0xf, range=[0x000000000b254000-0x000000000b279000) (0MB)
2015-02-11T17:34:34.622851-06:00 c0-0c2s2n2 EFI: mem80: type=3, attr=0xf, range=[0x000000000b279000-0x000000000b280000) (0MB)
2015-02-11T17:34:34.647801-06:00 c0-0c2s2n2 EFI: mem81: type=4, attr=0xf, range=[0x000000000b280000-0x000000000b284000) (0MB)
2015-02-11T17:34:34.648086-06:00 c0-0c2s2n2 EFI: mem82: type=3, attr=0xf, range=[0x000000000b284000-0x000000000b28c000) (0MB)
2015-02-11T17:34:34.673003-06:00 c0-0c2s2n2 EFI: mem83: type=4, attr=0xf, range=[0x000000000b28c000-0x000000000b295000) (0MB)
2015-02-11T17:34:34.673305-06:00 c0-0c2s2n2 EFI: mem84: type=3, attr=0xf, range=[0x000000000b295000-0x000000000b2d3000) (0MB)
2015-02-11T17:34:34.673548-06:00 c0-0c2s2n2 EFI: mem85: type=4, attr=0xf, range=[0x000000000b2d3000-0x000000000b2d8000) (0MB)
2015-02-11T17:34:34.698591-06:00 c0-0c2s2n2 EFI: mem86: type=3, attr=0xf, range=[0x000000000b2d8000-0x000000000b2dd000) (0MB)
2015-02-11T17:34:34.723692-06:00 c0-0c2s2n2 EFI: mem87: type=4, attr=0xf, range=[0x000000000b2dd000-0x000000000b2e9000) (0MB)
2015-02-11T17:34:34.723954-06:00 c0-0c2s2n2 EFI: mem88: type=3, attr=0xf, range=[0x000000000b2e9000-0x000000000b2ef000) (0MB)
2015-02-11T17:34:34.748931-06:00 c0-0c2s2n2 EFI: mem89: type=4, attr=0xf, range=[0x000000000b2ef000-0x000000000b300000) (0MB)
2015-02-11T17:34:34.749233-06:00 c0-0c2s2n2 EFI: mem90: type=3, attr=0xf, range=[0x000000000b300000-0x000000000b305000) (0MB)
2015-02-11T17:34:34.774269-06:00 c0-0c2s2n2 EFI: mem91: type=4, attr=0xf, range=[0x000000000b305000-0x000000000b30b000) (0MB)
2015-02-11T17:34:34.774588-06:00 c0-0c2s2n2 EFI: mem92: type=3, attr=0xf, range=[0x000000000b30b000-0x000000000b343000) (0MB)
2015-02-11T17:34:34.799591-06:00 c0-0c2s2n2 EFI: mem93: type=4, attr=0xf, range=[0x000000000b343000-0x000000000b34a000) (0MB)
2015-02-11T17:34:34.799838-06:00 c0-0c2s2n2 EFI: mem94: type=3, attr=0xf, range=[0x000000000b34a000-0x000000000b34e000) (0MB)
2015-02-11T17:34:34.824851-06:00 c0-0c2s2n2 EFI: mem95: type=4, attr=0xf, range=[0x000000000b34e000-0x000000000b351000) (0MB)
2015-02-11T17:34:34.825157-06:00 c0-0c2s2n2 EFI: mem96: type=3, attr=0xf, range=[0x000000000b351000-0x000000000b358000) (0MB)
2015-02-11T17:34:34.850184-06:00 c0-0c2s2n2 EFI: mem97: type=4, attr=0xf, range=[0x000000000b358000-0x000000000b35c000) (0MB)
2015-02-11T17:34:34.875151-06:00 c0-0c2s2n2 EFI: mem98: type=3, attr=0xf, range=[0x000000000b35c000-0x000000000b360000) (0MB)
2015-02-11T17:34:34.875460-06:00 c0-0c2s2n2 EFI: mem99: type=4, attr=0xf, range=[0x000000000b360000-0x000000000b368000) (0MB)
2015-02-11T17:34:34.900401-06:00 c0-0c2s2n2 EFI: mem100: type=3, attr=0xf, range=[0x000000000b368000-0x000000000b36c000) (0MB)
2015-02-11T17:34:34.900704-06:00 c0-0c2s2n2 EFI: mem101: type=4, attr=0xf, range=[0x000000000b36c000-0x000000000b370000) (0MB)
2015-02-11T17:34:34.925712-06:00 c0-0c2s2n2 EFI: mem102: type=3, attr=0xf, range=[0x000000000b370000-0x000000000b374000) (0MB)
2015-02-11T17:34:34.926024-06:00 c0-0c2s2n2 EFI: mem103: type=4, attr=0xf, range=[0x000000000b374000-0x000000000b384000) (0MB)
2015-02-11T17:34:34.951057-06:00 c0-0c2s2n2 EFI: mem104: type=3, attr=0xf, range=[0x000000000b384000-0x000000000b38a000) (0MB)
2015-02-11T17:34:34.951344-06:00 c0-0c2s2n2 EFI: mem105: type=4, attr=0xf, range=[0x000000000b38a000-0x000000000b3ac000) (0MB)
2015-02-11T17:34:34.976291-06:00 c0-0c2s2n2 EFI: mem106: type=3, attr=0xf, range=[0x000000000b3ac000-0x000000000b3b3000) (0MB)
2015-02-11T17:34:34.976570-06:00 c0-0c2s2n2 EFI: mem107: type=4, attr=0xf, range=[0x000000000b3b3000-0x000000000b3b7000) (0MB)
2015-02-11T17:34:35.001607-06:00 c0-0c2s2n2 EFI: mem108: type=3, attr=0xf, range=[0x000000000b3b7000-0x000000000b3c9000) (0MB)
2015-02-11T17:34:35.001858-06:00 c0-0c2s2n2 EFI: mem109: type=4, attr=0xf, range=[0x000000000b3c9000-0x000000000b3cc000) (0MB)
2015-02-11T17:34:35.026787-06:00 c0-0c2s2n2 EFI: mem110: type=3, attr=0xf, range=[0x000000000b3cc000-0x000000000b3d7000) (0MB)
2015-02-11T17:34:35.026994-06:00 c0-0c2s2n2 EFI: mem111: type=4, attr=0xf, range=[0x000000000b3d7000-0x000000000b45c000) (0MB)
2015-02-11T17:34:35.052054-06:00 c0-0c2s2n2 EFI: mem112: type=3, attr=0xf, range=[0x000000000b45c000-0x000000000b45f000) (0MB)
2015-02-11T17:34:35.077053-06:00 c0-0c2s2n2 EFI: mem113: type=4, attr=0xf, range=[0x000000000b45f000-0x000000000b475000) (0MB)
2015-02-11T17:34:35.077361-06:00 c0-0c2s2n2 EFI: mem114: type=3, attr=0xf, range=[0x000000000b475000-0x000000000b47c000) (0MB)
2015-02-11T17:34:35.077634-06:00 c0-0c2s2n2 EFI: mem115: type=4, attr=0xf, range=[0x000000000b47c000-0x000000000b48b000) (0MB)
2015-02-11T17:34:35.102572-06:00 c0-0c2s2n2 EFI: mem116: type=3, attr=0xf, range=[0x000000000b48b000-0x000000000b48f000) (0MB)
2015-02-11T17:34:35.102769-06:00 c0-0c2s2n2 EFI: mem117: type=4, attr=0xf, range=[0x000000000b48f000-0x000000000b4b1000) (0MB)
2015-02-11T17:34:35.127833-06:00 c0-0c2s2n2 EFI: mem118: type=3, attr=0xf, range=[0x000000000b4b1000-0x000000000b4b6000) (0MB)
2015-02-11T17:34:35.128100-06:00 c0-0c2s2n2 EFI: mem119: type=4, attr=0xf, range=[0x000000000b4b6000-0x000000000b4c5000) (0MB)
2015-02-11T17:34:35.153057-06:00 c0-0c2s2n2 EFI: mem120: type=7, attr=0xf, range=[0x000000000b4c5000-0x000000000b4c6000) (0MB)
2015-02-11T17:34:35.153315-06:00 c0-0c2s2n2 EFI: mem121: type=4, attr=0xf, range=[0x000000000b4c6000-0x000000000b53e000) (0MB)
2015-02-11T17:34:35.178411-06:00 c0-0c2s2n2 EFI: mem122: type=3, attr=0xf, range=[0x000000000b53e000-0x000000000b552000) (0MB)
2015-02-11T17:34:35.203397-06:00 c0-0c2s2n2 EFI: mem123: type=4, attr=0xf, range=[0x000000000b552000-0x000000000b577000) (0MB)
2015-02-11T17:34:35.203645-06:00 c0-0c2s2n2 EFI: mem124: type=3, attr=0xf, range=[0x000000000b577000-0x000000000b580000) (0MB)
2015-02-11T17:34:35.228582-06:00 c0-0c2s2n2 EFI: mem125: type=4, attr=0xf, range=[0x000000000b580000-0x000000000b581000) (0MB)
2015-02-11T17:34:35.228962-06:00 c0-0c2s2n2 EFI: mem126: type=2, attr=0xf, range=[0x000000000b581000-0x000000000b583000) (0MB)
2015-02-11T17:34:35.253864-06:00 c0-0c2s2n2 EFI: mem127: type=7, attr=0xf, range=[0x000000000b583000-0x000000000b585000) (0MB)
2015-02-11T17:34:35.254185-06:00 c0-0c2s2n2 EFI: mem128: type=4, attr=0xf, range=[0x000000000b585000-0x000000000b58f000) (0MB)
2015-02-11T17:34:35.292237-06:00 c0-0c2s2n2 EFI: mem129: type=7, attr=0xf, range=[0x000000000b58f000-0x000000000b598000) (0MB)
2015-02-11T17:34:35.336130-06:00 c0-0c2s2n2 EFI: mem130: type=4, attr=0xf, range=[0x000000000b598000-0x000000000b7ac000) (2MB)
2015-02-11T17:34:35.336339-06:00 c0-0c2s2n2 EFI: mem131: type=7, attr=0xf, range=[0x000000000b7ac000-0x000000000b7ba000) (0MB)
2015-02-11T17:34:35.336529-06:00 c0-0c2s2n2 EFI: mem132: type=1, attr=0xf, range=[0x000000000b7ba000-0x000000000b7cb000) (0MB)
2015-02-11T17:34:35.336709-06:00 c0-0c2s2n2 EFI: mem133: type=7, attr=0xf, range=[0x000000000b7cb000-0x000000007e67c000) (1838MB)
2015-02-11T17:34:35.336871-06:00 c0-0c2s2n2 EFI: mem134: type=10, attr=0xf, range=[0x000000007e67c000-0x000000007e790000) (1MB)
2015-02-11T17:34:35.372201-06:00 c0-0c2s2n2 EFI: mem135: type=0, attr=0xf, range=[0x000000007e790000-0x000000007e792000) (0MB)
2015-02-11T17:34:35.372428-06:00 c0-0c2s2n2 EFI: mem136: type=6, attr=0x800000000000000f, range=[0x000000007e792000-0x000000007f395000) (12MB)
2015-02-11T17:34:35.380144-06:00 c0-0c2s2n2 EFI: mem137: type=9, attr=0xf, range=[0x000000007f395000-0x000000007f410000) (0MB)
2015-02-11T17:34:35.405533-06:00 c0-0c2s2n2 EFI: mem138: type=5, attr=0x800000000000000f, range=[0x000000007f410000-0x000000007f41a000) (0MB)
2015-02-11T17:34:35.405706-06:00 c0-0c2s2n2 EFI: mem139: type=0, attr=0xf, range=[0x000000007f41a000-0x000000007f41c000) (0MB)
2015-02-11T17:34:35.430701-06:00 c0-0c2s2n2 EFI: mem140: type=6, attr=0x800000000000000f, range=[0x000000007f41c000-0x000000007f42d000) (0MB)
2015-02-11T17:34:35.430901-06:00 c0-0c2s2n2 EFI: mem141: type=0, attr=0xf, range=[0x000000007f42d000-0x000000007f43d000) (0MB)
2015-02-11T17:34:35.468210-06:00 c0-0c2s2n2 EFI: mem142: type=6, attr=0x800000000000000f, range=[0x000000007f43d000-0x000000007f45e000) (0MB)
2015-02-11T17:34:35.468420-06:00 c0-0c2s2n2 EFI: mem143: type=5, attr=0x800000000000000f, range=[0x000000007f45e000-0x000000007f462000) (0MB)
2015-02-11T17:34:35.508189-06:00 c0-0c2s2n2 EFI: mem144: type=0, attr=0xf, range=[0x000000007f462000-0x000000007f46b000) (0MB)
2015-02-11T17:34:35.508481-06:00 c0-0c2s2n2 EFI: mem145: type=5, attr=0x800000000000000f, range=[0x000000007f46b000-0x000000007f46d000) (0MB)
2015-02-11T17:34:35.508649-06:00 c0-0c2s2n2 EFI: mem146: type=0, attr=0xf, range=[0x000000007f46d000-0x000000007f471000) (0MB)
2015-02-11T17:34:35.548181-06:00 c0-0c2s2n2 EFI: mem147: type=5, attr=0x800000000000000f, range=[0x000000007f471000-0x000000007f472000) (0MB)
2015-02-11T17:34:35.548418-06:00 c0-0c2s2n2 EFI: mem148: type=6, attr=0x800000000000000f, range=[0x000000007f472000-0x000000007f473000) (0MB)
2015-02-11T17:34:35.556863-06:00 c0-0c2s2n2 EFI: mem149: type=5, attr=0x800000000000000f, range=[0x000000007f473000-0x000000007f476000) (0MB)
2015-02-11T17:34:35.557110-06:00 c0-0c2s2n2 EFI: mem150: type=0, attr=0xf, range=[0x000000007f476000-0x000000007f486000) (0MB)
2015-02-11T17:34:35.582224-06:00 c0-0c2s2n2 EFI: mem151: type=5, attr=0x800000000000000f, range=[0x000000007f486000-0x000000007f491000) (0MB)
2015-02-11T17:34:35.582397-06:00 c0-0c2s2n2 EFI: mem152: type=7, attr=0xf, range=[0x000000007f491000-0x000000007f493000) (0MB)
2015-02-11T17:34:35.607486-06:00 c0-0c2s2n2 EFI: mem153: type=10, attr=0xf, range=[0x000000007f493000-0x000000007f494000) (0MB)
2015-02-11T17:34:35.632463-06:00 c0-0c2s2n2 EFI: mem154: type=6, attr=0x800000000000000f, range=[0x000000007f494000-0x000000007f49b000) (0MB)
2015-02-11T17:34:35.632798-06:00 c0-0c2s2n2 EFI: mem155: type=5, attr=0x800000000000000f, range=[0x000000007f49b000-0x000000007f49e000) (0MB)
2015-02-11T17:34:35.657927-06:00 c0-0c2s2n2 EFI: mem156: type=10, attr=0xf, range=[0x000000007f49e000-0x000000007f4a6000) (0MB)
2015-02-11T17:34:35.658206-06:00 c0-0c2s2n2 EFI: mem157: type=6, attr=0x800000000000000f, range=[0x000000007f4a6000-0x000000007f4a7000) (0MB)
2015-02-11T17:34:35.683273-06:00 c0-0c2s2n2 EFI: mem158: type=5, attr=0x800000000000000f, range=[0x000000007f4a7000-0x000000007f4ab000) (0MB)
2015-02-11T17:34:35.683558-06:00 c0-0c2s2n2 EFI: mem159: type=6, attr=0x800000000000000f, range=[0x000000007f4ab000-0x000000007f4bd000) (0MB)
2015-02-11T17:34:35.708623-06:00 c0-0c2s2n2 EFI: mem160: type=5, attr=0x800000000000000f, range=[0x000000007f4bd000-0x000000007f4cf000) (0MB)
2015-02-11T17:34:35.733538-06:00 c0-0c2s2n2 EFI: mem161: type=6, attr=0x800000000000000f, range=[0x000000007f4cf000-0x000000007f4d2000) (0MB)
2015-02-11T17:34:35.733920-06:00 c0-0c2s2n2 EFI: mem162: type=10, attr=0xf, range=[0x000000007f4d2000-0x000000007f558000) (0MB)
2015-02-11T17:34:35.758837-06:00 c0-0c2s2n2 EFI: mem163: type=3, attr=0xf, range=[0x000000007f558000-0x000000007f7e0000) (2MB)
2015-02-11T17:34:35.759175-06:00 c0-0c2s2n2 EFI: mem164: type=4, attr=0xf, range=[0x000000007f7e0000-0x000000007f7ef000) (0MB)
2015-02-11T17:34:35.784049-06:00 c0-0c2s2n2 EFI: mem165: type=3, attr=0xf, range=[0x000000007f7ef000-0x000000007f800000) (0MB)
2015-02-11T17:34:35.809218-06:00 c0-0c2s2n2 EFI: mem166: type=7, attr=0xf, range=[0x0000000100000000-0x0000001080000000) (63488MB)
2015-02-11T17:34:35.809704-06:00 c0-0c2s2n2 EFI: mem167: type=11, attr=0x8000000000000001, range=[0x0000000080000000-0x0000000090000000) (256MB)
2015-02-11T17:34:35.834668-06:00 c0-0c2s2n2 EFI: mem168: type=11, attr=0x8000000000000001, range=[0x00000000fed1c000-0x00000000fed20000) (0MB)
2015-02-11T17:34:35.835096-06:00 c0-0c2s2n2 EFI: mem169: type=11, attr=0x8000000000000001, range=[0x00000000ff000000-0x0000000100000000) (16MB)
2015-02-11T17:34:35.835139-06:00 c0-0c2s2n2 DMI 2.7 present.
2015-02-11T17:34:35.859870-06:00 c0-0c2s2n2 last_pfn = 0x1080000 max_arch_pfn = 0x400000000
2015-02-11T17:34:35.860480-06:00 c0-0c2s2n2 x86 PAT enabled: cpu 0, old 0x7040600070406, new 0x7010600070106
2015-02-11T17:34:35.885192-06:00 c0-0c2s2n2 last_pfn = 0x7f800 max_arch_pfn = 0x400000000
2015-02-11T17:34:35.885429-06:00 c0-0c2s2n2 found SMP MP-table at [ffff8800000fd830] fd830
2015-02-11T17:34:35.885607-06:00 c0-0c2s2n2 Using GB pages for direct mapping
2015-02-11T17:34:35.910394-06:00 c0-0c2s2n2 init_memory_mapping: 0000000000000000-000000007f800000
2015-02-11T17:34:35.910665-06:00 c0-0c2s2n2 init_memory_mapping: 0000000100000000-0000001080000000
2015-02-11T17:34:35.910760-06:00 c0-0c2s2n2 nmi ring buffer: 262144
2015-02-11T17:34:35.910914-06:00 c0-0c2s2n2 RAMDISK: 0fa00000 - 10610000
2015-02-11T17:34:35.935635-06:00 c0-0c2s2n2 ACPI: RSDP 000000007f395000 00024 (v02 ALASKA)
2015-02-11T17:34:35.935929-06:00 c0-0c2s2n2 ACPI: XSDT 000000007f395088 0008C (v01 ALASKA    A M I 01072009 AMI  00010013)
2015-02-11T17:34:35.936181-06:00 c0-0c2s2n2 ACPI: FACP 000000007f39ee50 000F4 (v04 ALASKA    A M I 01072009 AMI  00010013)
2015-02-11T17:34:35.961095-06:00 c0-0c2s2n2 ACPI: DSDT 000000007f3951a0 09CAD (v02 ALASKA    A M I 00000016 INTL 20051117)
2015-02-11T17:34:35.961266-06:00 c0-0c2s2n2 ACPI: FACS 000000007f4a3f80 00040
2015-02-11T17:34:35.986316-06:00 c0-0c2s2n2 ACPI: APIC 000000007f39ef48 00138 (v03 ALASKA    A M I 01072009 AMI  00010013)
2015-02-11T17:34:35.986672-06:00 c0-0c2s2n2 ACPI: FPDT 000000007f39f080 00044 (v01 ALASKA    A M I 01072009 AMI  00010013)
2015-02-11T17:34:36.011591-06:00 c0-0c2s2n2 ACPI: MCFG 000000007f39f0c8 0003C (v01 ALASKA OEMMCFG. 01072009 MSFT 00000097)
2015-02-11T17:34:36.011822-06:00 c0-0c2s2n2 ACPI: HPET 000000007f39f108 00038 (v01 ALASKA    A M I 01072009 AMI. 00000004)
2015-02-11T17:34:36.036654-06:00 c0-0c2s2n2 ACPI: PRAD 000000007f39f140 000BE (v02 PRADID  PRADTID 00000001 MSFT 03000001)
2015-02-11T17:34:36.036883-06:00 c0-0c2s2n2 ACPI: SSDT 000000007f39f200 70104 (v02  INTEL    CpuPm 00004000 INTL 20051117)
2015-02-11T17:34:36.062009-06:00 c0-0c2s2n2 ACPI: SPCR 000000007f40f308 00050 (v01  A M I   APTIO4 01072009 AMI. 00000004)
2015-02-11T17:34:36.062224-06:00 c0-0c2s2n2 ACPI: EINJ 000000007f40f358 00130 (v01    AMI AMI EINJ 00000000      00000000)
2015-02-11T17:34:36.087250-06:00 c0-0c2s2n2 ACPI: ERST 000000007f40f488 00230 (v01  AMIER AMI ERST 00000000      00000000)
2015-02-11T17:34:36.087430-06:00 c0-0c2s2n2 ACPI: HEST 000000007f40f6b8 000A8 (v01    AMI AMI HEST 00000000      00000000)
2015-02-11T17:34:36.112284-06:00 c0-0c2s2n2 ACPI: BERT 000000007f40f760 00030 (v01    AMI AMI BERT 00000000      00000000)
2015-02-11T17:34:36.112436-06:00 c0-0c2s2n2 ACPI: DMAR 000000007f40f790 000BC (v01 A M I   OEMDMAR 00000001 INTL 00000001)
2015-02-11T17:34:36.137476-06:00 c0-0c2s2n2 No NUMA configuration found
2015-02-11T17:34:36.162724-06:00 c0-0c2s2n2 Faking a node at 0000000000000000-0000001080000000
2015-02-11T17:34:36.162777-06:00 c0-0c2s2n2 Initmem setup node 0 0000000000000000-0000001080000000
2015-02-11T17:34:36.162785-06:00 c0-0c2s2n2  NODE_DATA [000000107ffbb000 - 000000107ffbffff]
2015-02-11T17:34:36.364639-06:00 c0-0c2s2n2 Zone PFN ranges:
2015-02-11T17:34:36.364764-06:00 c0-0c2s2n2  DMA      0x00000010 -> 0x00001000
2015-02-11T17:34:36.364847-06:00 c0-0c2s2n2  DMA32    0x00001000 -> 0x00100000
2015-02-11T17:34:36.389849-06:00 c0-0c2s2n2  Normal   0x00100000 -> 0x01080000
2015-02-11T17:34:36.389990-06:00 c0-0c2s2n2 Movable zone start PFN for each node
2015-02-11T17:34:36.390064-06:00 c0-0c2s2n2 early_node_map[5] active PFN ranges
2015-02-11T17:34:36.390123-06:00 c0-0c2s2n2    0: 0x00000010 -> 0x000000a0
2015-02-11T17:34:36.390182-06:00 c0-0c2s2n2    0: 0x00000100 -> 0x0007e67c
2015-02-11T17:34:36.390222-06:00 c0-0c2s2n2    0: 0x0007f491 -> 0x0007f493
2015-02-11T17:34:36.415121-06:00 c0-0c2s2n2    0: 0x0007f558 -> 0x0007f800
2015-02-11T17:34:36.440317-06:00 c0-0c2s2n2    0: 0x00100000 -> 0x01080000
2015-02-11T17:34:37.044947-06:00 c0-0c2s2n2 ACPI: LAPIC (acpi_id[0x00] lapic_id[0x00] enabled)
2015-02-11T17:34:37.045227-06:00 c0-0c2s2n2 ACPI: LAPIC (acpi_id[0x02] lapic_id[0x02] enabled)
2015-02-11T17:34:37.045474-06:00 c0-0c2s2n2 ACPI: LAPIC (acpi_id[0x04] lapic_id[0x04] enabled)
2015-02-11T17:34:37.084287-06:00 c0-0c2s2n2 ACPI: LAPIC (acpi_id[0x06] lapic_id[0x06] enabled)
2015-02-11T17:34:37.084551-06:00 c0-0c2s2n2 ACPI: LAPIC (acpi_id[0x08] lapic_id[0x08] enabled)
2015-02-11T17:34:37.084749-06:00 c0-0c2s2n2 ACPI: LAPIC (acpi_id[0x0a] lapic_id[0x0a] enabled)
2015-02-11T17:34:37.124172-06:00 c0-0c2s2n2 ACPI: LAPIC (acpi_id[0x0c] lapic_id[0x0c] enabled)
2015-02-11T17:34:37.124369-06:00 c0-0c2s2n2 ACPI: LAPIC (acpi_id[0x0e] lapic_id[0x0e] enabled)
2015-02-11T17:34:37.124555-06:00 c0-0c2s2n2 ACPI: LAPIC (acpi_id[0x01] lapic_id[0x01] enabled)
2015-02-11T17:34:37.124788-06:00 c0-0c2s2n2 ACPI: LAPIC (acpi_id[0x03] lapic_id[0x03] enabled)
2015-02-11T17:34:37.124988-06:00 c0-0c2s2n2 ACPI: LAPIC (acpi_id[0x05] lapic_id[0x05] enabled)
2015-02-11T17:34:37.125186-06:00 c0-0c2s2n2 ACPI: LAPIC (acpi_id[0x07] lapic_id[0x07] enabled)
2015-02-11T17:34:37.125359-06:00 c0-0c2s2n2 ACPI: LAPIC (acpi_id[0x09] lapic_id[0x09] enabled)
2015-02-11T17:34:37.164199-06:00 c0-0c2s2n2 ACPI: LAPIC (acpi_id[0x0b] lapic_id[0x0b] enabled)
2015-02-11T17:34:37.164425-06:00 c0-0c2s2n2 ACPI: LAPIC (acpi_id[0x0d] lapic_id[0x0d] enabled)
2015-02-11T17:34:37.164622-06:00 c0-0c2s2n2 ACPI: LAPIC (acpi_id[0x0f] lapic_id[0x0f] enabled)
2015-02-11T17:34:37.171156-06:00 c0-0c2s2n2 ACPI: LAPIC_NMI (acpi_id[0x00] high edge lint[0x1])
2015-02-11T17:34:37.171461-06:00 c0-0c2s2n2 ACPI: LAPIC_NMI (acpi_id[0x02] high edge lint[0x1])
2015-02-11T17:34:37.171712-06:00 c0-0c2s2n2 ACPI: LAPIC_NMI (acpi_id[0x04] high edge lint[0x1])
2015-02-11T17:34:37.196393-06:00 c0-0c2s2n2 ACPI: LAPIC_NMI (acpi_id[0x06] high edge lint[0x1])
2015-02-11T17:34:37.196689-06:00 c0-0c2s2n2 ACPI: LAPIC_NMI (acpi_id[0x08] high edge lint[0x1])
2015-02-11T17:34:37.196968-06:00 c0-0c2s2n2 ACPI: LAPIC_NMI (acpi_id[0x0a] high edge lint[0x1])
2015-02-11T17:34:37.221612-06:00 c0-0c2s2n2 ACPI: LAPIC_NMI (acpi_id[0x0c] high edge lint[0x1])
2015-02-11T17:34:37.221899-06:00 c0-0c2s2n2 ACPI: LAPIC_NMI (acpi_id[0x0e] high edge lint[0x1])
2015-02-11T17:34:37.222174-06:00 c0-0c2s2n2 ACPI: LAPIC_NMI (acpi_id[0x01] high edge lint[0x1])
2015-02-11T17:34:37.222381-06:00 c0-0c2s2n2 ACPI: LAPIC_NMI (acpi_id[0x03] high edge lint[0x1])
2015-02-11T17:34:37.247017-06:00 c0-0c2s2n2 ACPI: LAPIC_NMI (acpi_id[0x05] high edge lint[0x1])
2015-02-11T17:34:37.247244-06:00 c0-0c2s2n2 ACPI: LAPIC_NMI (acpi_id[0x07] high edge lint[0x1])
2015-02-11T17:34:37.247466-06:00 c0-0c2s2n2 ACPI: LAPIC_NMI (acpi_id[0x09] high edge lint[0x1])
2015-02-11T17:34:37.272116-06:00 c0-0c2s2n2 ACPI: LAPIC_NMI (acpi_id[0x0b] high edge lint[0x1])
2015-02-11T17:34:37.272396-06:00 c0-0c2s2n2 ACPI: LAPIC_NMI (acpi_id[0x0d] high edge lint[0x1])
2015-02-11T17:34:37.272634-06:00 c0-0c2s2n2 ACPI: LAPIC_NMI (acpi_id[0x0f] high edge lint[0x1])
2015-02-11T17:34:37.297463-06:00 c0-0c2s2n2 ACPI: IOAPIC (id[0x00] address[0xfec00000] gsi_base[0])
2015-02-11T17:34:37.297715-06:00 c0-0c2s2n2 IOAPIC[0]: apic_id 0, version 32, address 0xfec00000, GSI 0-23
2015-02-11T17:34:37.297962-06:00 c0-0c2s2n2 ACPI: IOAPIC (id[0x02] address[0xfec01000] gsi_base[24])
2015-02-11T17:34:37.322823-06:00 c0-0c2s2n2 IOAPIC[1]: apic_id 2, version 32, address 0xfec01000, GSI 24-47
2015-02-11T17:34:37.323083-06:00 c0-0c2s2n2 ACPI: INT_SRC_OVR (bus 0 bus_irq 0 global_irq 2 dfl dfl)
2015-02-11T17:34:37.347972-06:00 c0-0c2s2n2 ACPI: INT_SRC_OVR (bus 0 bus_irq 9 global_irq 9 high level)
2015-02-11T17:34:37.348183-06:00 c0-0c2s2n2 Using ACPI (MADT) for SMP configuration information
2015-02-11T17:34:37.348303-06:00 c0-0c2s2n2 ACPI: HPET id: 0x8086a701 base: 0xfed00000
2015-02-11T17:34:37.348496-06:00 c0-0c2s2n2 SMP: Allowing 16 CPUs, 0 hotplug CPUs
2015-02-11T17:34:37.373349-06:00 c0-0c2s2n2 Allocating PCI resources starting at 90000000 (gap: 90000000:6ed1c000)
2015-02-11T17:34:37.398534-06:00 c0-0c2s2n2 setup_percpu: NR_CPUS:128 nr_cpumask_bits:128 nr_cpu_ids:16 nr_node_ids:1
2015-02-11T17:34:37.398706-06:00 c0-0c2s2n2 PERCPU: Embedded 25 PATH1224 @ffff88107fa00000 s72704 r8192 d21504 u131072
2015-02-11T17:34:37.398830-06:00 c0-0c2s2n2 Built 1 zonelists in Zone order, mobility grouping on.  Total pages: 16534701
2015-02-11T17:34:37.398841-06:00 c0-0c2s2n2 Policy zone: Normal
2015-02-11T17:34:37.499620-06:00 c0-0c2s2n2 Kernel command line: earlyprintk=serial,115200 load_ramdisk=1 ramdisk_size=80000 console=ttyS0,115200n8 bootnodeip=IPADDR13 bootproto=ipog bootpath=PATH1220 rootfs=nfs-shared root=PATH1221 oops=panic bootifnetmask=IPADDR15 elevator=noop ippob1=10 ippob2=128 pcie_ports=native iommu=on intel_iommu=off bad_page=panic pln_enable=off apei_disable hest_disable erst_disable ghes_disable cgroup_disable=memory active_wlm=ALPS sdbnodeip=IPADDR16 sessionid=p0-20150211t172524 _cray=marker_ 
2015-02-11T17:34:37.499642-06:00 c0-0c2s2n2 Intel-IOMMU: disabled
2015-02-11T17:34:37.499680-06:00 c0-0c2s2n2 Disabling memory control group subsystem
2015-02-11T17:34:37.524591-06:00 c0-0c2s2n2 PID hash table entries: 4096 (order: 3, 32768 bytes)
2015-02-11T17:34:37.549829-06:00 c0-0c2s2n2 PATH1225: enabled xstate_bv 0x7, cntxt size 0x340
2015-02-11T17:34:38.034365-06:00 c0-0c2s2n2 Memory: PATH319780 available (5522k kernel code, 2121000k absent, 1019636k reserved, 5307k data, 692k init)
2015-02-11T17:34:38.034378-06:00 c0-0c2s2n2 Hierarchical RCU implementation.
2015-02-11T17:34:38.034383-06:00 c0-0c2s2n2 NR_IRQS:4352
2015-02-11T17:34:38.034394-06:00 c0-0c2s2n2 Extended CMOS year: 2000
2015-02-11T17:34:38.034399-06:00 c0-0c2s2n2 Console: colour dummy device 80x25
2015-02-11T17:34:38.034404-06:00 c0-0c2s2n2 console [ttyS0] enabled, bootconsole disabled
2015-02-11T17:34:38.034427-06:00 c0-0c2s2n2 console [ttyS0] enabled, bootconsole disabled
2015-02-11T17:34:38.059627-06:00 c0-0c2s2n2 Fast TSC calibration using PIT
2015-02-11T17:34:38.059663-06:00 c0-0c2s2n2 Detected 2599.986 MHz processor.
2015-02-11T17:34:38.084816-06:00 c0-0c2s2n2 Calibrating delay loop (skipped), value calculated using timer frequency.. 5199.97 BogoMIPS (lpj=10399944)
2015-02-11T17:34:38.084882-06:00 c0-0c2s2n2 pid_max: default: 32768 minimum: 301
2015-02-11T17:34:38.135371-06:00 c0-0c2s2n2 Dentry cache hash table entries: 8388608 (order: 14, 67108864 bytes)
2015-02-11T17:34:38.136104-06:00 c0-0c2s2n2 Inode-cache hash table entries: 4194304 (order: 13, 33554432 bytes)
2015-02-11T17:34:38.161177-06:00 c0-0c2s2n2 Mount-cache hash table entries: 256
2015-02-11T17:34:38.161253-06:00 c0-0c2s2n2 Initializing cgroup subsys cpuacct
2015-02-11T17:34:38.185887-06:00 c0-0c2s2n2 Initializing cgroup subsys memory
2015-02-11T17:34:38.185924-06:00 c0-0c2s2n2 Initializing cgroup subsys devices
2015-02-11T17:34:38.185973-06:00 c0-0c2s2n2 Initializing cgroup subsys perf_event
2015-02-11T17:34:38.211075-06:00 c0-0c2s2n2 CPU: Physical Processor ID: 0
2015-02-11T17:34:38.211108-06:00 c0-0c2s2n2 CPU: Processor Core ID: 0
2015-02-11T17:34:38.211160-06:00 c0-0c2s2n2 mce: CPU supports 20 MCE banks
2015-02-11T17:34:38.211220-06:00 c0-0c2s2n2 CPU0: Thermal monitoring enabled (TM1)
2015-02-11T17:34:38.211300-06:00 c0-0c2s2n2 using mwait in idle threads.
2015-02-11T17:34:38.236283-06:00 c0-0c2s2n2 ACPI: Core revision 20110413
2015-02-11T17:34:38.261744-06:00 c0-0c2s2n2 ftrace: allocating 20236 entries in 80 pages
2015-02-11T17:34:38.286817-06:00 c0-0c2s2n2 DMAR: Host address width 46
2015-02-11T17:34:38.286880-06:00 c0-0c2s2n2 DMAR: DRHD base: 0x000000fbffc000 flags: 0x1
2015-02-11T17:34:38.312125-06:00 c0-0c2s2n2 IOMMU 0: reg_base_addr fbffc000 ver 1:0 cap d2078c106f0462 ecap f020fe
2015-02-11T17:34:38.312747-06:00 c0-0c2s2n2 DMAR: RMRR base: 0x0000007f430000 end: 0x0000007f43cfff
2015-02-11T17:34:38.312779-06:00 c0-0c2s2n2 DMAR: ATSR flags: 0x0
2015-02-11T17:34:38.312823-06:00 c0-0c2s2n2 DMAR: RHSA base: 0x000000fbffc000 proximity domain: 0x0
2015-02-11T17:34:38.337239-06:00 c0-0c2s2n2 Switched APIC routing to physical flat.
2015-02-11T17:34:38.337320-06:00 c0-0c2s2n2 ..TIMER: vector=0x30 apic1=0 pin1=2 apic2=-1 pin2=-1
2015-02-11T17:34:38.413207-06:00 c0-0c2s2n2 CPU0: Intel(R) Xeon(R) CPU E5-2670 0 @ 2.60GHz stepping 07
2015-02-11T17:34:38.640183-06:00 c0-0c2s2n2 Performance Events: PEBS fmt1+, 16-deep LBR, SandyBridge events, full-width counters, Intel PMU driver.
2015-02-11T17:34:38.640287-06:00 c0-0c2s2n2 ... version:                3
2015-02-11T17:34:38.665335-06:00 c0-0c2s2n2 ... bit width:              48
2015-02-11T17:34:38.665438-06:00 c0-0c2s2n2 ... generic registers:      4
2015-02-11T17:34:38.665453-06:00 c0-0c2s2n2 ... value mask:             0000ffffffffffff
2015-02-11T17:34:38.665521-06:00 c0-0c2s2n2 ... max period:             0000ffffffffffff
2015-02-11T17:34:38.665543-06:00 c0-0c2s2n2 ... fixed-purpose events:   3
2015-02-11T17:34:38.690611-06:00 c0-0c2s2n2 ... event mask:             000000070000000f
2015-02-11T17:34:39.119328-06:00 c0-0c2s2n2 Booting Node   0, Processors  #1 #2 #3 #4 #5 #6 #7 #8 #9 #10 #11 #12 #13 #14 #15 Ok.
2015-02-11T17:34:39.169787-06:00 c0-0c2s2n2 Brought up 16 CPUs
2015-02-11T17:34:39.169958-06:00 c0-0c2s2n2 Total of 16 processors activated (83199.55 BogoMIPS).
2015-02-11T17:34:39.220283-06:00 c0-0c2s2n2 NET: Registered protocol family 16
2015-02-11T17:34:39.220416-06:00 c0-0c2s2n2 ACPI FADT declares the system doesn't support PCIe ASPM, so disable it
2015-02-11T17:34:39.245370-06:00 c0-0c2s2n2 ACPI: bus type pci registered
2015-02-11T17:34:39.245567-06:00 c0-0c2s2n2 PCI: MMCONFIG for domain 0000 [bus 00-ff] at [mem 0x80000000-0x8fffffff] (base 0x80000000)
2015-02-11T17:34:39.270633-06:00 c0-0c2s2n2 PCI: MMCONFIG at [mem 0x80000000-0x8fffffff] reserved in E820
2015-02-11T17:34:39.270791-06:00 c0-0c2s2n2 PCI: Using configuration type 1 for base access
2015-02-11T17:34:39.321025-06:00 c0-0c2s2n2 bio: create slab <bio-0> at 0
2015-02-11T17:34:39.346273-06:00 c0-0c2s2n2 ACPI: Executed 1 blocks of module-level executable AML code
2015-02-11T17:34:39.523521-06:00 c0-0c2s2n2 ACPI: Interpreter enabled
2015-02-11T17:34:39.548163-06:00 c0-0c2s2n2 ACPI: (supports S0 S1 S3 S5)
2015-02-11T17:34:39.548293-06:00 c0-0c2s2n2 ACPI: Using IOAPIC for interrupt routing
2015-02-11T17:34:39.573619-06:00 c0-0c2s2n2 ACPI: No dock devices found.
2015-02-11T17:34:39.573701-06:00 c0-0c2s2n2 HEST: Table parsing disabled.
2015-02-11T17:34:39.598665-06:00 c0-0c2s2n2 PCI: Using host bridge windows from ACPI; if necessary, use "pci=nocrs" and report a bug
2015-02-11T17:34:39.599029-06:00 c0-0c2s2n2 ACPI: PCI Root Bridge [PCI0] (domain 0000 [bus 00-fe])
2015-02-11T17:34:39.624154-06:00 c0-0c2s2n2 pci_root PNP0A08:00: host bridge window [io  0x0000-0x03af]
2015-02-11T17:34:39.624486-06:00 c0-0c2s2n2 pci_root PNP0A08:00: host bridge window [io  0x03e0-0x0cf7]
2015-02-11T17:34:39.624745-06:00 c0-0c2s2n2 pci_root PNP0A08:00: host bridge window [io  0x0d00-0xffff]
2015-02-11T17:34:39.649448-06:00 c0-0c2s2n2 pci_root PNP0A08:00: host bridge window [mem 0x000c0000-0x000dffff]
2015-02-11T17:34:39.674351-06:00 c0-0c2s2n2 pci_root PNP0A08:00: host bridge window [mem 0x80000000-0xfbffffff]
2015-02-11T17:34:39.674689-06:00 c0-0c2s2n2 pci_root PNP0A08:00: host bridge window [mem 0x1080000000-0x3c3fffffffff]
2015-02-11T17:34:39.674916-06:00 c0-0c2s2n2 pci 0000:00:02.0: PCI bridge to [bus 01-01]
2015-02-11T17:34:39.699857-06:00 c0-0c2s2n2 pci 0000:00:03.0: PCI bridge to [bus 02-02]
2015-02-11T17:34:39.700045-06:00 c0-0c2s2n2 pci 0000:00:03.2: PCI bridge to [bus 03-03]
2015-02-11T17:34:39.700221-06:00 c0-0c2s2n2 pci 0000:00:11.0: PCI bridge to [bus 04-04]
2015-02-11T17:34:39.725126-06:00 c0-0c2s2n2 pci 0000:00:1e.0: PCI bridge to [bus 05-05] (subtractive decode)
2015-02-11T17:34:39.725386-06:00 c0-0c2s2n2 pci0000:00: Unable to request _OSC control (_OSC support mask: 0x19)
2015-02-11T17:34:39.775511-06:00 c0-0c2s2n2 ACPI: PCI Root Bridge [UNC0] (domain 0000 [bus ff])
2015-02-11T17:34:39.775929-06:00 c0-0c2s2n2 pci0000:ff: Unable to request _OSC control (_OSC support mask: 0x19)
2015-02-11T17:34:39.800678-06:00 c0-0c2s2n2 ACPI: PCI Interrupt Link [LNKA] (IRQs 3 4 5 6 7 10 *11 12 14 15)
2015-02-11T17:34:39.800955-06:00 c0-0c2s2n2 ACPI: PCI Interrupt Link [LNKB] (IRQs 3 4 5 6 7 *10 11 12 14 15)
2015-02-11T17:34:39.801265-06:00 c0-0c2s2n2 ACPI: PCI Interrupt Link [LNKC] (IRQs 3 4 *5 6 10 11 12 14 15)
2015-02-11T17:34:39.826169-06:00 c0-0c2s2n2 ACPI: PCI Interrupt Link [LNKD] (IRQs *3 4 5 6 10 11 12 14 15)
2015-02-11T17:34:39.826411-06:00 c0-0c2s2n2 ACPI: PCI Interrupt Link [LNKE] (IRQs 3 4 5 6 7 10 11 12 14 15) *0
2015-02-11T17:34:39.851245-06:00 c0-0c2s2n2 ACPI: PCI Interrupt Link [LNKF] (IRQs 3 4 5 6 7 10 11 12 14 15) *0
2015-02-11T17:34:39.851573-06:00 c0-0c2s2n2 ACPI: PCI Interrupt Link [LNKG] (IRQs 3 4 5 6 7 10 11 12 14 15) *0
2015-02-11T17:34:39.876589-06:00 c0-0c2s2n2 ACPI: PCI Interrupt Link [LNKH] (IRQs 3 4 5 6 *7 10 11 12 14 15)
2015-02-11T17:34:39.876742-06:00 c0-0c2s2n2 vgaarb: loaded
2015-02-11T17:34:39.876879-06:00 c0-0c2s2n2 SCSI subsystem initialized
2015-02-11T17:34:39.877073-06:00 c0-0c2s2n2 PCI: Using ACPI for IRQ routing
2015-02-11T17:34:39.901906-06:00 c0-0c2s2n2 Switching to clocksource hpet
2015-02-11T17:34:39.902259-06:00 c0-0c2s2n2 pnp: PnP ACPI init
2015-02-11T17:34:39.927107-06:00 c0-0c2s2n2 ACPI: bus type pnp registered
2015-02-11T17:34:39.927421-06:00 c0-0c2s2n2 system 00:01: [mem 0xfc000000-0xfcffffff] has been reserved
2015-02-11T17:34:39.927700-06:00 c0-0c2s2n2 system 00:01: [mem 0xfd000000-0xfdffffff] has been reserved
2015-02-11T17:34:39.952544-06:00 c0-0c2s2n2 system 00:01: [mem 0xfe000000-0xfeafffff] has been reserved
2015-02-11T17:34:39.952816-06:00 c0-0c2s2n2 system 00:01: [mem 0xfeb00000-0xfebfffff] has been reserved
2015-02-11T17:34:39.977825-06:00 c0-0c2s2n2 system 00:01: [mem 0xfed00400-0xfed3ffff] could not be reserved
2015-02-11T17:34:39.978108-06:00 c0-0c2s2n2 system 00:01: [mem 0xfed45000-0xfedfffff] has been reserved
2015-02-11T17:34:40.002744-06:00 c0-0c2s2n2 system 00:02: [mem 0xfbffc000-0xfbffdfff] has been reserved
2015-02-11T17:34:40.003047-06:00 c0-0c2s2n2 system 00:06: [io  0x04d0-0x04d1] has been reserved
2015-02-11T17:34:40.003299-06:00 c0-0c2s2n2 system 00:08: [io  0x0400-0x0453] has been reserved
2015-02-11T17:34:40.028212-06:00 c0-0c2s2n2 system 00:08: [io  0x0458-0x047f] has been reserved
2015-02-11T17:34:40.028489-06:00 c0-0c2s2n2 system 00:08: [io  0x1180-0x119f] has been reserved
2015-02-11T17:34:40.028726-06:00 c0-0c2s2n2 system 00:08: [io  0x0500-0x057f] has been reserved
2015-02-11T17:34:40.053460-06:00 c0-0c2s2n2 system 00:08: [mem 0xfed1c000-0xfed1ffff] has been reserved
2015-02-11T17:34:40.078459-06:00 c0-0c2s2n2 system 00:08: [mem 0xfec00000-0xfecfffff] could not be reserved
2015-02-11T17:34:40.078779-06:00 c0-0c2s2n2 system 00:08: [mem 0xfed08000-0xfed08fff] has been reserved
2015-02-11T17:34:40.079033-06:00 c0-0c2s2n2 system 00:08: [mem 0xff000000-0xffffffff] has been reserved
2015-02-11T17:34:40.079243-06:00 c0-0c2s2n2 system 00:09: [io  0x0454-0x0457] has been reserved
2015-02-11T17:34:40.103910-06:00 c0-0c2s2n2 pnp: PnP ACPI: found 12 devices
2015-02-11T17:34:40.104177-06:00 c0-0c2s2n2 ACPI: ACPI bus type pnp unregistered
2015-02-11T17:34:40.104477-06:00 c0-0c2s2n2 pci 0000:00:02.0: PCI bridge to [bus 01-01]
2015-02-11T17:34:40.129221-06:00 c0-0c2s2n2 pci 0000:00:02.0:   bridge window [io  disabled]
2015-02-11T17:34:40.129418-06:00 c0-0c2s2n2 pci 0000:00:02.0:   bridge window [mem disabled]
2015-02-11T17:34:40.154373-06:00 c0-0c2s2n2 pci 0000:00:02.0:   bridge window [mem 0x3c0000000000-0x3c20000fffff 64bit pref]
2015-02-11T17:34:40.154640-06:00 c0-0c2s2n2 pci 0000:00:03.0: PCI bridge to [bus 02-02]
2015-02-11T17:34:40.154899-06:00 c0-0c2s2n2 pci 0000:00:03.0:   bridge window [io  disabled]
2015-02-11T17:34:40.179714-06:00 c0-0c2s2n2 pci 0000:00:03.0:   bridge window [mem disabled]
2015-02-11T17:34:40.179959-06:00 c0-0c2s2n2 pci 0000:00:03.0:   bridge window [mem pref disabled]
2015-02-11T17:34:40.180189-06:00 c0-0c2s2n2 pci 0000:00:03.2: PCI bridge to [bus 03-03]
2015-02-11T17:34:40.204994-06:00 c0-0c2s2n2 pci 0000:00:03.2:   bridge window [io  disabled]
2015-02-11T17:34:40.205253-06:00 c0-0c2s2n2 pci 0000:00:03.2:   bridge window [mem disabled]
2015-02-11T17:34:40.205503-06:00 c0-0c2s2n2 pci 0000:00:03.2:   bridge window [mem pref disabled]
2015-02-11T17:34:40.230245-06:00 c0-0c2s2n2 pci 0000:00:11.0: PCI bridge to [bus 04-04]
2015-02-11T17:34:40.230473-06:00 c0-0c2s2n2 pci 0000:00:11.0:   bridge window [io  0xe000-0xefff]
2015-02-11T17:34:40.255268-06:00 c0-0c2s2n2 pci 0000:00:11.0:   bridge window [mem 0xfbe00000-0xfbefffff]
2015-02-11T17:34:40.255698-06:00 c0-0c2s2n2 pci 0000:00:11.0:   bridge window [mem 0x3c2000400000-0x3c20008fffff 64bit pref]
2015-02-11T17:34:40.255873-06:00 c0-0c2s2n2 pci 0000:00:1e.0: PCI bridge to [bus 05-05]
2015-02-11T17:34:40.280791-06:00 c0-0c2s2n2 pci 0000:00:1e.0:   bridge window [io  disabled]
2015-02-11T17:34:40.281090-06:00 c0-0c2s2n2 pci 0000:00:1e.0:   bridge window [mem disabled]
2015-02-11T17:34:40.305879-06:00 c0-0c2s2n2 pci 0000:00:1e.0:   bridge window [mem pref disabled]
2015-02-11T17:34:40.306089-06:00 c0-0c2s2n2 pci 0000:00:02.0: PCI INT A -> GSI 32 (level, low) -> IRQ 32
2015-02-11T17:34:40.331049-06:00 c0-0c2s2n2 pci 0000:00:03.0: PCI INT A -> GSI 40 (level, low) -> IRQ 40
2015-02-11T17:34:40.331418-06:00 c0-0c2s2n2 pci 0000:00:03.2: PCI INT A -> GSI 40 (level, low) -> IRQ 40
2015-02-11T17:34:40.331614-06:00 c0-0c2s2n2 pci 0000:00:11.0: PCI INT A -> GSI 16 (level, low) -> IRQ 16
2015-02-11T17:34:40.331807-06:00 c0-0c2s2n2 NET: Registered protocol family 2
2015-02-11T17:34:40.356637-06:00 c0-0c2s2n2 IP route cache hash table entries: 524288 (order: 10, 4194304 bytes)
2015-02-11T17:34:40.356983-06:00 c0-0c2s2n2 TCP established hash table entries: 524288 (order: 11, 8388608 bytes)
2015-02-11T17:34:40.381909-06:00 c0-0c2s2n2 TCP bind hash table entries: 65536 (order: 8, 1048576 bytes)
2015-02-11T17:34:40.382091-06:00 c0-0c2s2n2 TCP: Hash tables configured (established 524288 bind 65536)
2015-02-11T17:34:40.406832-06:00 c0-0c2s2n2 TCP reno registered
2015-02-11T17:34:40.407113-06:00 c0-0c2s2n2 UDP hash table entries: 32768 (order: 8, 1048576 bytes)
2015-02-11T17:34:40.407301-06:00 c0-0c2s2n2 UDP-Lite hash table entries: 32768 (order: 8, 1048576 bytes)
2015-02-11T17:34:40.432380-06:00 c0-0c2s2n2 NET: Registered protocol family 1
2015-02-11T17:34:40.432461-06:00 c0-0c2s2n2 RPC: Registered named UNIX socket transport module.
2015-02-11T17:34:40.457603-06:00 c0-0c2s2n2 RPC: Registered udp transport module.
2015-02-11T17:34:40.457718-06:00 c0-0c2s2n2 RPC: Registered tcp transport module.
2015-02-11T17:34:40.457854-06:00 c0-0c2s2n2 RPC: Registered tcp NFSv4.1 backchannel transport module.
2015-02-11T17:34:40.482896-06:00 c0-0c2s2n2 pci 0000:00:1a.0: PCI INT A -> GSI 16 (level, low) -> IRQ 16
2015-02-11T17:34:40.508097-06:00 c0-0c2s2n2 pci 0000:00:1a.0: PCI INT A disabled
2015-02-11T17:34:40.533182-06:00 c0-0c2s2n2 pci 0000:00:1d.0: PCI INT A -> GSI 23 (level, low) -> IRQ 23
2015-02-11T17:34:40.533357-06:00 c0-0c2s2n2 pci 0000:00:1d.0: PCI INT A disabled
2015-02-11T17:34:40.533425-06:00 c0-0c2s2n2 Trying to unpack rootfs image as initramfs...
2015-02-11T17:34:40.987254-06:00 c0-0c2s2n2 Freeing initrd memory: 12352k freed
2015-02-11T17:34:40.987522-06:00 c0-0c2s2n2 DMAR: Device scope device [0000:00:01.01] not found
2015-02-11T17:34:41.012433-06:00 c0-0c2s2n2 DMAR: Device scope device [0000:00:01.01] not found
2015-02-11T17:34:41.012692-06:00 c0-0c2s2n2 PCI-DMA: Using software bounce buffering for IO (SWIOTLB)
2015-02-11T17:34:41.012898-06:00 c0-0c2s2n2 Placing 64MB software IO TLB between ffff88007a67c000 - ffff88007e67c000
2015-02-11T17:34:41.037759-06:00 c0-0c2s2n2 software IO TLB at phys 0x7a67c000 - 0x7e67c000
2015-02-11T17:34:41.037957-06:00 c0-0c2s2n2 Machine check injector initialized
2015-02-11T17:34:41.062964-06:00 c0-0c2s2n2 futex hash table entries: 4096 (order: 6, 262144 bytes)
2015-02-11T17:34:41.063221-06:00 c0-0c2s2n2 Registering pnotify support for (name=job)
2015-02-11T17:34:41.063266-06:00 c0-0c2s2n2 CSA: initialized
2015-02-11T17:34:41.063445-06:00 c0-0c2s2n2 audit: initializing netlink socket (disabled)
2015-02-11T17:34:41.088321-06:00 c0-0c2s2n2 type=2000 audit(1423697674.520:1): initialized
2015-02-11T17:34:41.138618-06:00 c0-0c2s2n2 HugeTLB registered 2 MB page size, pre-allocated 0 pages
2015-02-11T17:34:41.138763-06:00 c0-0c2s2n2 VFS: Disk quotas dquot_6.5.2
2015-02-11T17:34:41.138962-06:00 c0-0c2s2n2 Dquot-cache hash table entries: 512 (order 0, 4096 bytes)
2015-02-11T17:34:41.163982-06:00 c0-0c2s2n2 Installing knfsd (copyright (C) 1996 okir@monad.swb.de).
2015-02-11T17:34:41.164077-06:00 c0-0c2s2n2 fuse init (API version 7.16)
2015-02-11T17:34:41.164280-06:00 c0-0c2s2n2 Installing v9fs 9p2000 file system support
2015-02-11T17:34:41.188964-06:00 c0-0c2s2n2 msgmni has been set to 32268
2015-02-11T17:34:41.189218-06:00 c0-0c2s2n2 Block layer SCSI generic (bsg) driver version 0.4 loaded (major 254)
2015-02-11T17:34:41.214310-06:00 c0-0c2s2n2 io scheduler noop registered (default)
2015-02-11T17:34:41.214385-06:00 c0-0c2s2n2 io scheduler deadline registered
2015-02-11T17:34:41.214453-06:00 c0-0c2s2n2 io scheduler cfq registered
2015-02-11T17:34:41.239553-06:00 c0-0c2s2n2 input: Power Button as PATH1228:PATH1229:PATH1230:PATH1231
2015-02-11T17:34:41.239629-06:00 c0-0c2s2n2 ACPI: Power Button [PWRB]
2015-02-11T17:34:41.264702-06:00 c0-0c2s2n2 input: Power Button as PATH1228:PATH1232:PATH1233
2015-02-11T17:34:41.264846-06:00 c0-0c2s2n2 ACPI: Power Button [PWRF]
2015-02-11T17:34:41.340697-06:00 c0-0c2s2n2 ERST: Error Record Serialization Table (ERST) support is disabled.
2015-02-11T17:34:41.365695-06:00 c0-0c2s2n2 GHES: HEST is not enabled!
2015-02-11T17:34:41.416298-06:00 c0-0c2s2n2 Serial: PATH1234 driver, 2 ports, IRQ sharing disabled
2015-02-11T17:34:41.416361-06:00 c0-0c2s2n2 serial8250: ttyS0 at PATH1235 0x3f8 (irq = 4) is a 16550A
2015-02-11T17:34:41.492044-06:00 c0-0c2s2n2 serial8250: ttyS1 at PATH1235 0x2f8 (irq = 3) is a 16550A
2015-02-11T17:34:41.592899-06:00 c0-0c2s2n2 Real Time Clock Driver v1.12b
2015-02-11T17:34:41.592948-06:00 c0-0c2s2n2 Linux agpgart interface v0.103
2015-02-11T17:34:41.593075-06:00 c0-0c2s2n2 brd: module loaded
2015-02-11T17:34:41.593151-06:00 c0-0c2s2n2 loop: module loaded
2015-02-11T17:34:41.593188-06:00 c0-0c2s2n2 Loading iSCSI transport class v2.0-870.
2015-02-11T17:34:41.618042-06:00 c0-0c2s2n2 iscsi: registered transport (tcp)
2015-02-11T17:34:41.618151-06:00 c0-0c2s2n2 Rounding down aligned max_sectors from 4294967295 to 4294967288
2015-02-11T17:34:41.618201-06:00 c0-0c2s2n2 console [netcon0] enabled
2015-02-11T17:34:41.668435-06:00 c0-0c2s2n2 netconsole: network logging started
2015-02-11T17:34:41.668500-06:00 c0-0c2s2n2 i8042: PNP: No PATH1236 controller found. Probing ports directly.
2015-02-11T17:34:42.689516-06:00 c0-0c2s2n2 i8042: No controller found
2015-02-11T17:34:42.689776-06:00 c0-0c2s2n2 Refined TSC clocksource calibration: 2599.999 MHz.
2015-02-11T17:34:42.689850-06:00 c0-0c2s2n2 Switching to clocksource tsc
2015-02-11T17:34:42.689929-06:00 c0-0c2s2n2 EDAC MC: Ver: 2.1.0
2015-02-11T17:34:42.689995-06:00 c0-0c2s2n2 cpuidle: using governor ladder
2015-02-11T17:34:42.715015-06:00 c0-0c2s2n2 cpuidle: using governor menu
2015-02-11T17:34:42.740099-06:00 c0-0c2s2n2 oprofile: using NMI interrupt.
2015-02-11T17:34:42.740199-06:00 c0-0c2s2n2 TCP cubic registered
2015-02-11T17:34:42.740324-06:00 c0-0c2s2n2 NET: Registered protocol family 10
2015-02-11T17:34:42.740393-06:00 c0-0c2s2n2 IPv6 over IPv4 tunneling driver
2015-02-11T17:34:42.765299-06:00 c0-0c2s2n2 NET: Registered protocol family 17
2015-02-11T17:34:42.765462-06:00 c0-0c2s2n2 Installing 9P2000 support
2015-02-11T17:34:42.765549-06:00 c0-0c2s2n2 Registering the dns_resolver key type
2015-02-11T17:34:42.765560-06:00 c0-0c2s2n2 registered taskstats version 1
2015-02-11T17:34:42.765672-06:00 c0-0c2s2n2 Freeing unused kernel memory: 692k freed
2015-02-11T17:34:42.841284-06:00 c0-0c2s2n2 ghal_init:Cray(R) Gemini Hardware Abstraction Layer - version 1.0107
2015-02-11T17:34:42.841315-06:00 c0-0c2s2n2 ghal_init:Copyright (C) 2007-1012 Cray Inc.
2015-02-11T17:34:42.909548-06:00 c0-0c2s2n2 ghal 0000:01:00.1: enabling device (0000 -> 0002)
2015-02-11T17:34:42.909572-06:00 c0-0c2s2n2 udev: starting version 147
2015-02-11T17:34:42.909594-06:00 c0-0c2s2n2 simplex: module license 'unspecified' taints kernel.
2015-02-11T17:34:42.934726-06:00 c0-0c2s2n2 hss-os: communication area 0xffff881008570400 (phys 0x1008570400)
2015-02-11T17:34:42.934752-06:00 c0-0c2s2n2 hss-os: new channel 1
2015-02-11T17:34:44.036774-06:00 c0-0c2s2n2 request_sys_info_from_L0: No tile dimension data
2015-02-11T17:34:44.036798-06:00 c0-0c2s2n2 hss-os: new channel 2
2015-02-11T17:34:44.036804-06:00 c0-0c2s2n2 kgni_init:Cray(R) Gemini Network Interface - Sep 17 2014 version 0x004500b7 rev 9750
2015-02-11T17:34:44.036812-06:00 c0-0c2s2n2 kgni_init:Copyright (C) 2007,2008 Cray Inc.
2015-02-11T17:34:44.036817-06:00 c0-0c2s2n2 ipogif_init:Cray(R) Gemini IP over Fabric device driver - version 0.17
2015-02-11T17:34:44.036822-06:00 c0-0c2s2n2 ipogif_init:Copyright (C) 2007 Cray Inc.
2015-02-11T17:34:44.036830-06:00 c0-0c2s2n2 ipogif_probe:Immediate checksum off
2015-02-11T17:34:44.036840-06:00 c0-0c2s2n2 Cray(R) Gemini Performance Counter Daemon - version 0.1
2015-02-11T17:34:44.036847-06:00 c0-0c2s2n2 GEMINI Performance Counter Daemon.
2015-02-11T17:34:44.036855-06:00 c0-0c2s2n2 Cray(R) Kernel Dynamic Registration (KDREG) Interface - version 0x2243e
2015-02-11T17:34:44.036859-06:00 c0-0c2s2n2 Copyright (C) 2004-5 Pete Wyckoff - modified by Cray(R)
2015-02-11T17:34:44.205348-06:00 c0-0c2s2n2 ipogif_up:Bringing interface up
2015-02-11T17:34:44.263043-06:00 c0-0c2s2n2 Sending ec_node_info with boot code 0 (NODE_INFO_OS_BOOT) for nid 138
2015-02-11T17:34:44.263054-06:00 c0-0c2s2n2 net.core.rmem_max = 16777216
2015-02-11T17:34:44.263060-06:00 c0-0c2s2n2 net.core.wmem_max = 16777216
2015-02-11T17:34:44.263089-06:00 c0-0c2s2n2 net.core.rmem_default = 16777216
2015-02-11T17:34:44.263122-06:00 c0-0c2s2n2 net.core.wmem_default = 16777216
2015-02-11T17:34:44.263130-06:00 c0-0c2s2n2 net.core.optmem_max = 16777216
2015-02-11T17:34:44.263159-06:00 c0-0c2s2n2 net.ipv4.tcp_mem = 16777216 16777216 16777216
2015-02-11T17:34:44.263171-06:00 c0-0c2s2n2 net.ipv4.tcp_rmem = 4096 87380 16777216
2015-02-11T17:34:44.263194-06:00 c0-0c2s2n2 net.ipv4.tcp_wmem = 4096 65536 16777216
2015-02-11T17:34:44.263219-06:00 c0-0c2s2n2 Using rootfs config: nfs-shared...
2015-02-11T17:34:44.263230-06:00 c0-0c2s2n2 rootfs mount succeeded.
2015-02-11T17:34:44.263253-06:00 c0-0c2s2n2 **********************************************************
2015-02-11T17:34:44.263276-06:00 c0-0c2s2n2    HOSTNAME: nid00138
2015-02-11T17:34:44.263288-06:00 c0-0c2s2n2 **********************************************************
2015-02-11T17:34:44.288179-06:00 c0-0c2s2n2 ipogif0   Link encap:Ethernet  HWaddr 00:01:01:00:00:8A  
2015-02-11T17:34:44.288212-06:00 c0-0c2s2n2          inet addr:IPADDR45  Mask:IPADDR15
2015-02-11T17:34:44.288221-06:00 c0-0c2s2n2          inet6 addr: fe80::201:1ff:fe00:PATH3950 Scope:Link
2015-02-11T17:34:44.325546-06:00 c0-0c2s2n2          UP RUNNING NOARP  MTU:65520  Metric:1
2015-02-11T17:34:44.325718-06:00 c0-0c2s2n2          RX packets:21 errors:0 dropped:0 overruns:0 frame:0
2015-02-11T17:34:44.325751-06:00 c0-0c2s2n2          TX packets:28 errors:0 dropped:0 overruns:0 carrier:0
2015-02-11T17:34:44.325767-06:00 c0-0c2s2n2          collisions:0 txqueuelen:1000 
2015-02-11T17:34:44.325786-06:00 c0-0c2s2n2          RX bytes:2496 (2.4 KiB)  TX bytes:2540 (2.4 KiB)
2015-02-11T17:34:44.325811-06:00 c0-0c2s2n2 lo        Link encap:Local Loopback  
2015-02-11T17:34:44.325822-06:00 c0-0c2s2n2          inet addr:IPADDR18  Mask:IPADDR24
2015-02-11T17:34:44.325860-06:00 c0-0c2s2n2          inet6 addr: ::PATH1252 Scope:Host
2015-02-11T17:34:44.325872-06:00 c0-0c2s2n2          UP LOOPBACK RUNNING  MTU:16436  Metric:1
2015-02-11T17:34:44.325880-06:00 c0-0c2s2n2          RX packets:0 errors:0 dropped:0 overruns:0 frame:0
2015-02-11T17:34:44.325893-06:00 c0-0c2s2n2          TX packets:0 errors:0 dropped:0 overruns:0 carrier:0
2015-02-11T17:34:44.350660-06:00 c0-0c2s2n2          collisions:0 txqueuelen:0 
2015-02-11T17:34:44.350701-06:00 c0-0c2s2n2          RX bytes:0 (0.0 B)  TX bytes:0 (0.0 B)
2015-02-11T17:34:44.350731-06:00 c0-0c2s2n2 Mounting NID specific PATH1253 (nid=138)...
2015-02-11T17:34:44.350742-06:00 c0-0c2s2n2 done.
2015-02-11T17:34:44.487480-06:00 c0-0c2s2n2 INIT: version 2.86 booting
2015-02-11T17:34:44.529950-06:00 c0-0c2s2n2 System Boot Control: Running PATH1254
2015-02-11T17:34:44.567605-06:00 c0-0c2s2n2 Mounting sysfs at PATH12557[?25l
2015-02-11T17:34:44.567618-06:00 c0-0c2s2n2 [80C[10D[1;32mdone[m8[?25h
2015-02-11T17:34:44.569286-06:00 c0-0c2s2n2 Copying static PATH1256 content7[?25l
2015-02-11T17:34:44.569299-06:00 c0-0c2s2n2 [80C[10D[1;32mdone[m8[?25h
2015-02-11T17:34:44.569309-06:00 c0-0c2s2n2 Mounting tmpfs at PATH12577[?25l
2015-02-11T17:34:44.569329-06:00 c0-0c2s2n2 [80C[10D[1;32mdone[m8[?25h
2015-02-11T17:34:44.569339-06:00 c0-0c2s2n2 Mounting devpts at PATH12587[?25l
2015-02-11T17:34:44.569347-06:00 c0-0c2s2n2 [80C[10D[1;32mdone[m8[?25h
2015-02-11T17:34:44.569361-06:00 c0-0c2s2n2 Boot logging started on PATH1259(PATH1260) at Wed Feb 11 17:34:37 2015
2015-02-11T17:34:44.618784-06:00 c0-0c2s2n2 Mounting debugfs at PATH12617[?25l
2015-02-11T17:34:44.618793-06:00 c0-0c2s2n2 [80C[10D[1;32mdone[m8[?25h
2015-02-11T17:34:44.694597-06:00 c0-0c2s2n2 [m[?25hNo efivars filesystem driver available.[m[?25hStarting udevd: udev: starting version 147
2015-02-11T17:34:44.719112-06:00 c0-0c2s2n2 7[?25l
2015-02-11T17:34:44.719118-06:00 c0-0c2s2n2 [80C[10D[1;32mdone[m8[?25h
2015-02-11T17:34:44.770185-06:00 c0-0c2s2n2 Loading drivers, configuring devices: usbcore: registered new interface driver usbfs
2015-02-11T17:34:44.794999-06:00 c0-0c2s2n2 ahci 0000:00:1f.2: PCI INT B -> GSI 19 (level, low) -> IRQ 19
2015-02-11T17:34:44.795108-06:00 c0-0c2s2n2 usbcore: registered new interface driver hub
2015-02-11T17:34:44.820059-06:00 c0-0c2s2n2 usbcore: registered new device driver usb
2015-02-11T17:34:44.820213-06:00 c0-0c2s2n2 ahci 0000:00:1f.2: forcing PORTS_IMPL to 0x3f
2015-02-11T17:34:44.820498-06:00 c0-0c2s2n2 ahci 0000:00:1f.2: AHCI 0001.0300 32 slots 6 ports 6 Gbps 0x3f impl SATA mode
2015-02-11T17:34:44.820738-06:00 c0-0c2s2n2 ahci 0000:00:1f.2: flags: 64bit ncq sntf pm led clo pio slum part ems apst 
2015-02-11T17:34:44.845634-06:00 c0-0c2s2n2 scsi0 : ahci
2015-02-11T17:34:44.845718-06:00 c0-0c2s2n2 scsi1 : ahci
2015-02-11T17:34:44.845798-06:00 c0-0c2s2n2 scsi2 : ahci
2015-02-11T17:34:44.885591-06:00 c0-0c2s2n2 ehci_hcd: USB 2.0 'Enhanced' Host Controller (EHCI) Driver
2015-02-11T17:34:44.887003-06:00 c0-0c2s2n2 scsi3 : ahci
2015-02-11T17:34:44.887016-06:00 c0-0c2s2n2 scsi4 : ahci
2015-02-11T17:34:44.887028-06:00 c0-0c2s2n2 scsi5 : ahci
2015-02-11T17:34:44.887042-06:00 c0-0c2s2n2 ata2: SATA max PATH1238 abar m2048@0xfbf00000 port 0xfbf00100 irq 164
2015-02-11T17:34:44.887068-06:00 c0-0c2s2n2 ata3: SATA max PATH1238 abar m2048@0xfbf00000 port 0xfbf00180 irq 164
2015-02-11T17:34:44.887130-06:00 c0-0c2s2n2 ata4: SATA max PATH1238 abar m2048@0xfbf00000 port 0xfbf00200 irq 164
2015-02-11T17:34:44.911703-06:00 c0-0c2s2n2 ata5: SATA max PATH1238 abar m2048@0xfbf00000 port 0xfbf00280 irq 164
2015-02-11T17:34:44.939145-06:00 c0-0c2s2n2 ata6: SATA max PATH1238 abar m2048@0xfbf00000 port 0xfbf00300 irq 164
2015-02-11T17:34:44.939202-06:00 c0-0c2s2n2 ata7: SATA max PATH1238 abar m2048@0xfbf00000 port 0xfbf00380 irq 164
2015-02-11T17:34:44.965158-06:00 c0-0c2s2n2 ehci_hcd 0000:00:1a.0: PCI INT A -> GSI 16 (level, low) -> IRQ 16
2015-02-11T17:34:44.965171-06:00 c0-0c2s2n2 ehci_hcd 0000:00:1a.0: EHCI Host Controller
2015-02-11T17:34:44.965185-06:00 c0-0c2s2n2 ehci_hcd 0000:00:1a.0: new USB bus registered, assigned bus number 1
2015-02-11T17:34:44.989987-06:00 c0-0c2s2n2 ehci_hcd 0000:00:1a.0: debug port 2
2015-02-11T17:34:44.990014-06:00 c0-0c2s2n2 ehci_hcd 0000:00:1a.0: irq 16, io mem 0xfbf02000
2015-02-11T17:34:45.015545-06:00 c0-0c2s2n2 ehci_hcd 0000:00:1a.0: USB 2.0 started, EHCI 1.00
2015-02-11T17:34:45.015560-06:00 c0-0c2s2n2 hub 1-0:1.0: USB hub found
2015-02-11T17:34:45.015587-06:00 c0-0c2s2n2 hub 1-0:1.0: 2 ports detected
2015-02-11T17:34:45.015598-06:00 c0-0c2s2n2 ehci_hcd 0000:00:1d.0: PCI INT A -> GSI 23 (level, low) -> IRQ 23
2015-02-11T17:34:45.015628-06:00 c0-0c2s2n2 ehci_hcd 0000:00:1d.0: EHCI Host Controller
2015-02-11T17:34:45.077505-06:00 c0-0c2s2n2 ehci_hcd 0000:00:1d.0: new USB bus registered, assigned bus number 2
2015-02-11T17:34:45.077549-06:00 c0-0c2s2n2 ehci_hcd 0000:00:1d.0: debug port 2
2015-02-11T17:34:45.077625-06:00 c0-0c2s2n2 ehci_hcd 0000:00:1d.0: irq 23, io mem 0xfbf01000
2015-02-11T17:34:45.077789-06:00 c0-0c2s2n2 ehci_hcd 0000:00:1d.0: USB 2.0 started, EHCI 1.00
2015-02-11T17:34:45.077841-06:00 c0-0c2s2n2 hub 2-0:1.0: USB hub found
2015-02-11T17:34:45.077862-06:00 c0-0c2s2n2 hub 2-0:1.0: 2 ports detected
2015-02-11T17:34:45.329947-06:00 c0-0c2s2n2 usb 1-1: new high-speed USB device number 2 using ehci_hcd
2015-02-11T17:34:45.456163-06:00 c0-0c2s2n2 hub 1-1:1.0: USB hub found
2015-02-11T17:34:45.481137-06:00 c0-0c2s2n2 hub 1-1:1.0: 6 ports detected
2015-02-11T17:34:45.607372-06:00 c0-0c2s2n2 usb 2-1: new high-speed USB device number 2 using ehci_hcd
2015-02-11T17:34:45.733909-06:00 c0-0c2s2n2 hub 2-1:1.0: USB hub found
2015-02-11T17:34:45.733977-06:00 c0-0c2s2n2 hub 2-1:1.0: 8 ports detected
2015-02-11T17:34:45.951631-06:00 c0-0c2s2n2 ata5: failed to resume link (SControl 0)
2015-02-11T17:34:45.976413-06:00 c0-0c2s2n2 ata5: SATA link down (SStatus 0 SControl 0)
2015-02-11T17:34:45.976553-06:00 c0-0c2s2n2 ata4: failed to resume link (SControl 0)
2015-02-11T17:34:45.976624-06:00 c0-0c2s2n2 ata4: SATA link down (SStatus 0 SControl 0)
2015-02-11T17:34:46.001629-06:00 c0-0c2s2n2 ata3: failed to resume link (SControl 0)
2015-02-11T17:34:46.026865-06:00 c0-0c2s2n2 ata3: SATA link down (SStatus 0 SControl 0)
2015-02-11T17:34:46.026917-06:00 c0-0c2s2n2 ata6: failed to resume link (SControl 0)
2015-02-11T17:34:46.026996-06:00 c0-0c2s2n2 ata6: SATA link down (SStatus 0 SControl 0)
2015-02-11T17:34:46.027040-06:00 c0-0c2s2n2 ata2: failed to resume link (SControl 0)
2015-02-11T17:34:46.052102-06:00 c0-0c2s2n2 ata2: SATA link down (SStatus 0 SControl 0)
2015-02-11T17:34:46.052151-06:00 c0-0c2s2n2 ata7: failed to resume link (SControl 0)
2015-02-11T17:34:46.052206-06:00 c0-0c2s2n2 ata7: SATA link down (SStatus 0 SControl 0)
2015-02-11T17:34:46.102575-06:00 c0-0c2s2n2 7[?25l
2015-02-11T17:34:46.102580-06:00 c0-0c2s2n2 [80C[10D[1;32mdone[m8[?25h
2015-02-11T17:34:46.178239-06:00 c0-0c2s2n2 [m[?25hMounting PATH1262 from IPADDR13. Checking for nid=138 existance.
2015-02-11T17:34:46.379984-06:00 c0-0c2s2n2 7[?25l
2015-02-11T17:34:46.379999-06:00 c0-0c2s2n2 [80C[10D[1;32mdone[m8[?25h
2015-02-11T17:34:46.405341-06:00 c0-0c2s2n2 Mounting tmpfs on PATH12637[?25l
2015-02-11T17:34:46.405349-06:00 c0-0c2s2n2 [80C[10D[1;32mdone[m8[?25h
2015-02-11T17:34:46.405371-06:00 c0-0c2s2n2 Running sysctl using values from PATH1264
2015-02-11T17:34:46.405392-06:00 c0-0c2s2n2 net.ipv4.icmp_echo_ignore_broadcasts = 1
2015-02-11T17:34:46.405404-06:00 c0-0c2s2n2 net.ipv4.conf.all.rp_filter = 1
2015-02-11T17:34:46.430526-06:00 c0-0c2s2n2 fs.inotify.max_user_watches = 65536
2015-02-11T17:34:46.430581-06:00 c0-0c2s2n2 net.ipv4.conf.default.promote_secondaries = 1
2015-02-11T17:34:46.430593-06:00 c0-0c2s2n2 net.ipv4.conf.all.promote_secondaries = 1
2015-02-11T17:34:46.430617-06:00 c0-0c2s2n2 vm.min_free_kbytes = 102400
2015-02-11T17:34:46.430670-06:00 c0-0c2s2n2 7[?25l
2015-02-11T17:34:46.430686-06:00 c0-0c2s2n2 [80C[10D[1;32mdone[m8[?25h
2015-02-11T17:34:46.455781-06:00 c0-0c2s2n2 [m[?25hActivating swap-devices in PATH1265
2015-02-11T17:34:46.455861-06:00 c0-0c2s2n2 7[?25l[1A
2015-02-11T17:34:46.455869-06:00 c0-0c2s2n2 [80C[10D[1;32mdone[m8[?25hroot file system (PATH24) is NOT being checked.
2015-02-11T17:34:46.531464-06:00 c0-0c2s2n2 [m[?25hSet System Time to the current Hardware Clock7[?25l
2015-02-11T17:34:46.531473-06:00 c0-0c2s2n2 [80C[10D[1;32mdone[m8[?25h
2015-02-11T17:34:46.556859-06:00 c0-0c2s2n2 [m[?25hActivating device mapper...
2015-02-11T17:34:46.581938-06:00 c0-0c2s2n2 device-mapper: ioctl: 4.23.0-ioctl (2012-07-25) initialised: dm-devel@redhat.com
2015-02-11T17:34:46.581958-06:00 c0-0c2s2n2 7[?25l
2015-02-11T17:34:46.581974-06:00 c0-0c2s2n2 [80C[10D[1;32mdone[m8[?25h
2015-02-11T17:34:46.607252-06:00 c0-0c2s2n2 [m[?25hLoading required kernel modules
2015-02-11T17:34:46.657583-06:00 c0-0c2s2n2 7[?25l[1A
2015-02-11T17:34:46.657597-06:00 c0-0c2s2n2 [80C[10D[1;32mdone[m8[?25h[m[?25h[m[?25hWaiting for udev to settle...
2015-02-11T17:34:46.657645-06:00 c0-0c2s2n2 Scanning for LVM volume groups...
2015-02-11T17:34:46.682809-06:00 c0-0c2s2n2  Reading all physical volumes.  This may take a while...
2015-02-11T17:34:46.682835-06:00 c0-0c2s2n2  No volume groups found
2015-02-11T17:34:46.682854-06:00 c0-0c2s2n2  No volume groups found
2015-02-11T17:34:46.682870-06:00 c0-0c2s2n2 Activating LVM volume groups...
