2015-02-12T15:28:22.378745-06:00 mutrino craylog: message type: console, connected to port: 5150
2015-02-12T15:28:22.378811-06:00 mutrino craylog: testing connectivity
2015-02-12T15:28:22.628239-06:00 mutrino starting
2015-02-12T15:28:37.272474-06:00 c0-0c2s4n0 ERROR: Type:2; Severity:80; Class:3; Subclass:D; Operation: 2
2015-02-12T15:39:08.977778-06:00 c0-0c2s4n0 Wait4Boot: WRITE: 523 bytes to memory @ 0x90CD0 ... complete
2015-02-12T15:39:08.977785-06:00 c0-0c2s4n0 Wait4Boot: Blade Controller Boot Protocol version - 1
2015-02-12T15:39:08.977799-06:00 c0-0c2s4n0 Wait4Boot: JUMP: KernelStart 0x100000, boot_params 0x90000, CmdLineAddr 0x90CD0
2015-02-12T15:39:08.977816-06:00 c0-0c2s4n0 OnExitBootServices..
2015-02-12T15:39:09.013825-06:00 c0-0c2s4n0 ConfigureXhciAtBoot() Start
2015-02-12T15:39:09.014072-06:00 c0-0c2s4n0 ConfigureXhciAtBoot() End
2015-02-12T15:39:09.014243-06:00 c0-0c2s4n0 (Wdt) RunWdtBeforeOsBoot
2015-02-12T15:39:09.014456-06:00 c0-0c2s4n0 (Wdt) DisableTimer
2015-02-12T15:39:12.032153-06:00 c0-0c2s4n0 Crypto Lib Callback.
2015-02-12T15:39:12.032583-06:00 c0-0c2s4n0 Heap addr before Virtual MemFixup = 7bacb018, After = 7bacb018
2015-02-12T15:39:12.032697-06:00 c0-0c2s4n0 NvramSmi Go Virtual
2015-02-12T15:39:12.183993-06:00 c0-0c2s4n0 Stopping all external HCs
2015-02-12T15:39:12.184335-06:00 c0-0c2s4n0 stopping all HC type 40:
2015-02-12T15:39:21.662268-06:00 c0-0c2s4n0 i8042: No controller found
2015-02-12T15:39:25.952820-06:00 c0-0c2s4n0 Sending ec_node_info with boot code 0 (NODE_INFO_OS_BOOT) for nid 144
2015-02-12T15:39:25.952829-06:00 c0-0c2s4n0 net.core.rmem_max = 16777216
2015-02-12T15:39:25.952834-06:00 c0-0c2s4n0 net.core.wmem_max = 16777216
2015-02-12T15:39:25.952839-06:00 c0-0c2s4n0 net.core.rmem_default = 16777216
2015-02-12T15:39:25.952851-06:00 c0-0c2s4n0 net.core.wmem_default = 16777216
2015-02-12T15:39:25.952861-06:00 c0-0c2s4n0 net.core.optmem_max = 16777216
2015-02-12T15:39:25.952874-06:00 c0-0c2s4n0 net.ipv4.tcp_mem = 16777216 16777216 16777216
2015-02-12T15:39:25.952890-06:00 c0-0c2s4n0 net.ipv4.tcp_rmem = 4096 87380 16777216
2015-02-12T15:39:25.952898-06:00 c0-0c2s4n0 net.ipv4.tcp_wmem = 4096 65536 16777216
2015-02-12T15:39:25.952908-06:00 c0-0c2s4n0 nid 144: Linux version 3.0.101-0.31.1_1.0502.8394-cray_ari_c (abuild@cfosbld02) (gcc version 4.3.4 [gcc-4_3-branch revision 152973] (SUSE Linux) ) #1 SMP Wed Sep 10 04:09:26 UTC 2014
2015-02-12T15:39:25.952916-06:00 c0-0c2s4n0 starting pid 6926, tty '': 'PATH3974'
2015-02-12T15:39:25.952926-06:00 c0-0c2s4n0 bpmcd_init: Power statistics available in PATH1240
2015-02-12T15:39:25.952932-06:00 c0-0c2s4n0 DVS: Revision 1873 - Built: Sep 17 2014 @ 06:40:25 for lnet version 2.5
2015-02-12T15:39:25.952942-06:00 c0-0c2s4n0 LNet: HW CPU cores: 64, npartitions: 8
2015-02-12T15:39:29.785498-06:00 c0-0c2s4n0 Lustre: kgnilnd build version: 2.5-trunk-1.0502.17198.8.57-abuild-RB-5.2UP02_2.5.1-2014-09-17-06:43
2015-02-12T15:39:29.911737-06:00 c0-0c2s4n0 LNet: Added LNI 144@gni [PATH4853]
2015-02-12T15:39:45.899213-06:00 c0-0c2s4n0 mcelog: Family 6 Model 3f CPU: only decoding architectural errors
2015-02-12T15:39:45.951630-06:00 c0-0c2s4n0 SGI XPMEM kernel module v2.2 loaded
2015-02-12T15:39:45.951655-06:00 c0-0c2s4n0 <node_health> (xtnhd) xtnhd has started
2015-02-12T15:39:46.210787-06:00 c0-0c2s4n0 boot_freemem data calculated:  130104124
2015-02-12T15:28:36.738833-06:00 c0-0c2s1n1 ERROR: Type:2; Severity:80; Class:3; Subclass:D; Operation: 2
2015-02-12T15:37:08.052973-06:00 c0-0c2s1n1 Wait4Boot: WRITE: 533 bytes to memory @ 0x90CD0 ... complete
2015-02-12T15:37:08.052981-06:00 c0-0c2s1n1 Wait4Boot: Blade Controller Boot Protocol version - 1
2015-02-12T15:37:08.077634-06:00 c0-0c2s1n1 Wait4Boot: JUMP: KernelStart 0x100000, boot_params 0x90000, CmdLineAddr 0x90CD0
2015-02-12T15:37:08.205066-06:00 c0-0c2s1n1 Decompressing Linux... Parsing ELF... done.
2015-02-12T15:37:08.205216-06:00 c0-0c2s1n1 Booting the kernel.
2015-02-12T15:37:08.230421-06:00 c0-0c2s1n1 Initializing cgroup subsys cpuset
2015-02-12T15:37:08.230543-06:00 c0-0c2s1n1 Initializing cgroup subsys cpu
2015-02-12T15:37:08.255826-06:00 c0-0c2s1n1 Linux version 3.0.101-0.31.1_1.0502.8394-cray_ari_s (abuild@cfosbld05) (gcc version 4.3.4 [gcc-4_3-branch revision 152973] (SUSE Linux) ) #1 SMP Wed Sep 10 04:03:41 UTC 2014
2015-02-12T15:37:08.333009-06:00 c0-0c2s1n1 Command line: earlyprintk=serial,115200 load_ramdisk=1 ramdisk_size=80000 console=ttyS0,115200n8 bootnodeip=IPADDR13 bootproto=ipog bootpath=PATH1220 rootfs=nfs-shared root=PATH1221 oops=panic bootifnetmask=IPADDR15 elevator=noop ippob1=10 ippob2=128 pcie_ports=native iommu=on intel_iommu=off bad_page=panic pln_enable=off apei_disable hest_disable erst_disable ghes_disable cgroup_disable=memory active_wlm=ALPS sdbnodeip=IPADDR16 sessionid=p0-20150212t152812 _cray=marker_ 
2015-02-12T15:37:08.333098-06:00 c0-0c2s1n1 KERNEL supported cpus:
2015-02-12T15:37:08.333200-06:00 c0-0c2s1n1  Intel GenuineIntel
2015-02-12T15:37:08.372796-06:00 c0-0c2s1n1 BIOS-provided physical RAM map:
2015-02-12T15:37:08.373098-06:00 c0-0c2s1n1 BIOS-e820: 0000000000000000 - 00000000000a0000 (usable)
2015-02-12T15:37:08.373291-06:00 c0-0c2s1n1 BIOS-e820: 0000000000100000 - 000000007e67c000 (usable)
2015-02-12T15:37:08.381917-06:00 c0-0c2s1n1 BIOS-e820: 000000007e67c000 - 000000007e790000 (ACPI NVS)
2015-02-12T15:37:08.382073-06:00 c0-0c2s1n1 BIOS-e820: 000000007e790000 - 000000007f395000 (reserved)
2015-02-12T15:37:08.420268-06:00 c0-0c2s1n1 BIOS-e820: 000000007f395000 - 000000007f410000 (ACPI data)
2015-02-12T15:37:08.420544-06:00 c0-0c2s1n1 BIOS-e820: 000000007f410000 - 000000007f491000 (reserved)
2015-02-12T15:37:08.420654-06:00 c0-0c2s1n1 BIOS-e820: 000000007f491000 - 000000007f493000 (usable)
2015-02-12T15:37:08.420818-06:00 c0-0c2s1n1 BIOS-e820: 000000007f493000 - 000000007f494000 (ACPI NVS)
2015-02-12T15:37:08.460635-06:00 c0-0c2s1n1 BIOS-e820: 000000007f494000 - 000000007f49e000 (reserved)
2015-02-12T15:37:08.460890-06:00 c0-0c2s1n1 BIOS-e820: 000000007f49e000 - 000000007f4a6000 (ACPI NVS)
2015-02-12T15:37:08.461203-06:00 c0-0c2s1n1 BIOS-e820: 000000007f4a6000 - 000000007f4d2000 (reserved)
2015-02-12T15:37:08.461315-06:00 c0-0c2s1n1 BIOS-e820: 000000007f4d2000 - 000000007f558000 (ACPI NVS)
2015-02-12T15:37:08.461532-06:00 c0-0c2s1n1 BIOS-e820: 000000007f558000 - 000000007f800000 (usable)
2015-02-12T15:37:08.500327-06:00 c0-0c2s1n1 BIOS-e820: 0000000080000000 - 0000000090000000 (reserved)
2015-02-12T15:37:08.500570-06:00 c0-0c2s1n1 BIOS-e820: 00000000fed1c000 - 00000000fed20000 (reserved)
2015-02-12T15:37:08.500792-06:00 c0-0c2s1n1 BIOS-e820: 00000000ff000000 - 0000000100000000 (reserved)
2015-02-12T15:37:08.508156-06:00 c0-0c2s1n1 BIOS-e820: 0000000100000000 - 0000001080000000 (usable)
2015-02-12T15:37:08.508375-06:00 c0-0c2s1n1 bootconsole [earlyser0] enabled
2015-02-12T15:37:08.508561-06:00 c0-0c2s1n1 NX (Execute Disable) protection: active
2015-02-12T15:37:08.508767-06:00 c0-0c2s1n1 EFI v2.10 by American Megatrends
2015-02-12T15:37:08.533437-06:00 c0-0c2s1n1 ACPI=0x7f395000  ACPI 2.0=0x7f395000  SMBIOS=0xf04c0  MPS=0xfd450 
2015-02-12T15:37:08.533747-06:00 c0-0c2s1n1 EFI: mem00: type=3, attr=0xf, range=[0x0000000000000000-0x0000000000008000) (0MB)
2015-02-12T15:37:08.558595-06:00 c0-0c2s1n1 EFI: mem01: type=7, attr=0xf, range=[0x0000000000008000-0x0000000000060000) (0MB)
2015-02-12T15:37:08.558960-06:00 c0-0c2s1n1 EFI: mem02: type=3, attr=0xf, range=[0x0000000000060000-0x00000000000a0000) (0MB)
2015-02-12T15:37:08.583921-06:00 c0-0c2s1n1 EFI: mem03: type=7, attr=0xf, range=[0x0000000000100000-0x0000000001000000) (15MB)
2015-02-12T15:37:08.584197-06:00 c0-0c2s1n1 EFI: mem04: type=2, attr=0xf, range=[0x0000000001000000-0x0000000001100000) (1MB)
2015-02-12T15:37:08.609115-06:00 c0-0c2s1n1 EFI: mem05: type=4, attr=0xf, range=[0x0000000001100000-0x00000000017ea000) (6MB)
2015-02-12T15:37:08.609395-06:00 c0-0c2s1n1 EFI: mem06: type=3, attr=0xf, range=[0x00000000017ea000-0x00000000017ee000) (0MB)
2015-02-12T15:37:08.634314-06:00 c0-0c2s1n1 EFI: mem07: type=4, attr=0xf, range=[0x00000000017ee000-0x0000000001886000) (0MB)
2015-02-12T15:37:08.634579-06:00 c0-0c2s1n1 EFI: mem08: type=3, attr=0xf, range=[0x0000000001886000-0x000000000188f000) (0MB)
2015-02-12T15:37:08.659707-06:00 c0-0c2s1n1 EFI: mem09: type=4, attr=0xf, range=[0x000000000188f000-0x0000000001892000) (0MB)
2015-02-12T15:37:08.684633-06:00 c0-0c2s1n1 EFI: mem10: type=3, attr=0xf, range=[0x0000000001892000-0x000000000189e000) (0MB)
2015-02-12T15:37:08.684941-06:00 c0-0c2s1n1 EFI: mem11: type=4, attr=0xf, range=[0x000000000189e000-0x00000000018a9000) (0MB)
2015-02-12T15:37:08.724371-06:00 c0-0c2s1n1 EFI: mem12: type=3, attr=0xf, range=[0x00000000018a9000-0x00000000018ab000) (0MB)
2015-02-12T15:37:08.724594-06:00 c0-0c2s1n1 EFI: mem13: type=4, attr=0xf, range=[0x00000000018ab000-0x00000000018ad000) (0MB)
2015-02-12T15:37:08.764387-06:00 c0-0c2s1n1 EFI: mem14: type=3, attr=0xf, range=[0x00000000018ad000-0x00000000018af000) (0MB)
2015-02-12T15:37:08.764714-06:00 c0-0c2s1n1 EFI: mem15: type=4, attr=0xf, range=[0x00000000018af000-0x00000000018b7000) (0MB)
2015-02-12T15:37:08.765011-06:00 c0-0c2s1n1 EFI: mem16: type=3, attr=0xf, range=[0x00000000018b7000-0x00000000018bb000) (0MB)
2015-02-12T15:37:08.765282-06:00 c0-0c2s1n1 EFI: mem17: type=4, attr=0xf, range=[0x00000000018bb000-0x00000000018bd000) (0MB)
2015-02-12T15:37:08.804442-06:00 c0-0c2s1n1 EFI: mem18: type=3, attr=0xf, range=[0x00000000018bd000-0x00000000018bf000) (0MB)
2015-02-12T15:37:08.804695-06:00 c0-0c2s1n1 EFI: mem19: type=4, attr=0xf, range=[0x00000000018bf000-0x00000000018d1000) (0MB)
2015-02-12T15:37:08.811146-06:00 c0-0c2s1n1 EFI: mem20: type=3, attr=0xf, range=[0x00000000018d1000-0x00000000018d7000) (0MB)
2015-02-12T15:37:08.848466-06:00 c0-0c2s1n1 EFI: mem21: type=4, attr=0xf, range=[0x00000000018d7000-0x00000000018f9000) (0MB)
2015-02-12T15:37:08.848692-06:00 c0-0c2s1n1 EFI: mem22: type=3, attr=0xf, range=[0x00000000018f9000-0x0000000001908000) (0MB)
2015-02-12T15:37:08.848962-06:00 c0-0c2s1n1 EFI: mem23: type=4, attr=0xf, range=[0x0000000001908000-0x0000000001921000) (0MB)
2015-02-12T15:37:08.888366-06:00 c0-0c2s1n1 EFI: mem24: type=3, attr=0xf, range=[0x0000000001921000-0x000000000192b000) (0MB)
2015-02-12T15:37:08.888660-06:00 c0-0c2s1n1 EFI: mem25: type=4, attr=0xf, range=[0x000000000192b000-0x0000000001933000) (0MB)
2015-02-12T15:37:08.888909-06:00 c0-0c2s1n1 EFI: mem26: type=3, attr=0xf, range=[0x0000000001933000-0x0000000001936000) (0MB)
2015-02-12T15:37:08.889172-06:00 c0-0c2s1n1 EFI: mem27: type=4, attr=0xf, range=[0x0000000001936000-0x000000000193b000) (0MB)
2015-02-12T15:37:08.928445-06:00 c0-0c2s1n1 EFI: mem28: type=3, attr=0xf, range=[0x000000000193b000-0x000000000193e000) (0MB)
2015-02-12T15:37:08.928679-06:00 c0-0c2s1n1 EFI: mem29: type=4, attr=0xf, range=[0x000000000193e000-0x0000000001964000) (0MB)
2015-02-12T15:37:08.937328-06:00 c0-0c2s1n1 EFI: mem30: type=3, attr=0xf, range=[0x0000000001964000-0x0000000001968000) (0MB)
2015-02-12T15:37:08.937619-06:00 c0-0c2s1n1 EFI: mem31: type=4, attr=0xf, range=[0x0000000001968000-0x000000000198a000) (0MB)
2015-02-12T15:37:08.962527-06:00 c0-0c2s1n1 EFI: mem32: type=3, attr=0xf, range=[0x000000000198a000-0x00000000019b0000) (0MB)
2015-02-12T15:37:08.962790-06:00 c0-0c2s1n1 EFI: mem33: type=4, attr=0xf, range=[0x00000000019b0000-0x00000000019be000) (0MB)
2015-02-12T15:37:08.987859-06:00 c0-0c2s1n1 EFI: mem34: type=3, attr=0xf, range=[0x00000000019be000-0x00000000019ce000) (0MB)
2015-02-12T15:37:08.988169-06:00 c0-0c2s1n1 EFI: mem35: type=4, attr=0xf, range=[0x00000000019ce000-0x00000000019d0000) (0MB)
2015-02-12T15:37:09.013163-06:00 c0-0c2s1n1 EFI: mem36: type=3, attr=0xf, range=[0x00000000019d0000-0x00000000019d7000) (0MB)
2015-02-12T15:37:09.052471-06:00 c0-0c2s1n1 EFI: mem37: type=4, attr=0xf, range=[0x00000000019d7000-0x00000000019e1000) (0MB)
2015-02-12T15:37:09.052733-06:00 c0-0c2s1n1 EFI: mem38: type=3, attr=0xf, range=[0x00000000019e1000-0x00000000019e5000) (0MB)
2015-02-12T15:37:09.052995-06:00 c0-0c2s1n1 EFI: mem39: type=4, attr=0xf, range=[0x00000000019e5000-0x0000000001a02000) (0MB)
2015-02-12T15:37:09.092500-06:00 c0-0c2s1n1 EFI: mem40: type=3, attr=0xf, range=[0x0000000001a02000-0x0000000001a06000) (0MB)
2015-02-12T15:37:09.092792-06:00 c0-0c2s1n1 EFI: mem41: type=4, attr=0xf, range=[0x0000000001a06000-0x0000000001a0a000) (0MB)
2015-02-12T15:37:09.093056-06:00 c0-0c2s1n1 EFI: mem42: type=3, attr=0xf, range=[0x0000000001a0a000-0x0000000001a1e000) (0MB)
2015-02-12T15:37:09.093349-06:00 c0-0c2s1n1 EFI: mem43: type=4, attr=0xf, range=[0x0000000001a1e000-0x0000000001a22000) (0MB)
2015-02-12T15:37:09.132492-06:00 c0-0c2s1n1 EFI: mem44: type=3, attr=0xf, range=[0x0000000001a22000-0x0000000001a26000) (0MB)
2015-02-12T15:37:09.139337-06:00 c0-0c2s1n1 EFI: mem45: type=4, attr=0xf, range=[0x0000000001a26000-0x0000000001a34000) (0MB)
2015-02-12T15:37:09.139608-06:00 c0-0c2s1n1 EFI: mem46: type=3, attr=0xf, range=[0x0000000001a34000-0x0000000001a3b000) (0MB)
2015-02-12T15:37:09.176579-06:00 c0-0c2s1n1 EFI: mem47: type=4, attr=0xf, range=[0x0000000001a3b000-0x0000000001a42000) (0MB)
2015-02-12T15:37:09.176868-06:00 c0-0c2s1n1 EFI: mem48: type=3, attr=0xf, range=[0x0000000001a42000-0x0000000001a4a000) (0MB)
2015-02-12T15:37:09.177107-06:00 c0-0c2s1n1 EFI: mem49: type=4, attr=0xf, range=[0x0000000001a4a000-0x0000000001a4b000) (0MB)
2015-02-12T15:37:09.216547-06:00 c0-0c2s1n1 EFI: mem50: type=3, attr=0xf, range=[0x0000000001a4b000-0x0000000001a4d000) (0MB)
2015-02-12T15:37:09.216834-06:00 c0-0c2s1n1 EFI: mem51: type=4, attr=0xf, range=[0x0000000001a4d000-0x0000000001a52000) (0MB)
2015-02-12T15:37:09.217082-06:00 c0-0c2s1n1 EFI: mem52: type=3, attr=0xf, range=[0x0000000001a52000-0x0000000001a69000) (0MB)
2015-02-12T15:37:09.217361-06:00 c0-0c2s1n1 EFI: mem53: type=4, attr=0xf, range=[0x0000000001a69000-0x0000000001a6f000) (0MB)
2015-02-12T15:37:09.256499-06:00 c0-0c2s1n1 EFI: mem54: type=3, attr=0xf, range=[0x0000000001a6f000-0x0000000001a70000) (0MB)
2015-02-12T15:37:09.256754-06:00 c0-0c2s1n1 EFI: mem55: type=4, attr=0xf, range=[0x0000000001a70000-0x0000000001a71000) (0MB)
2015-02-12T15:37:09.265564-06:00 c0-0c2s1n1 EFI: mem56: type=3, attr=0xf, range=[0x0000000001a71000-0x0000000001a79000) (0MB)
2015-02-12T15:37:09.265841-06:00 c0-0c2s1n1 EFI: mem57: type=4, attr=0xf, range=[0x0000000001a79000-0x0000000001a7a000) (0MB)
2015-02-12T15:37:09.290955-06:00 c0-0c2s1n1 EFI: mem58: type=3, attr=0xf, range=[0x0000000001a7a000-0x0000000001a83000) (0MB)
2015-02-12T15:37:09.328495-06:00 c0-0c2s1n1 EFI: mem59: type=4, attr=0xf, range=[0x0000000001a83000-0x0000000001a85000) (0MB)
2015-02-12T15:37:09.328690-06:00 c0-0c2s1n1 EFI: mem60: type=3, attr=0xf, range=[0x0000000001a85000-0x0000000001abe000) (0MB)
2015-02-12T15:37:09.368372-06:00 c0-0c2s1n1 EFI: mem61: type=4, attr=0xf, range=[0x0000000001abe000-0x0000000001abf000) (0MB)
2015-02-12T15:37:09.368590-06:00 c0-0c2s1n1 EFI: mem62: type=3, attr=0xf, range=[0x0000000001abf000-0x0000000001acc000) (0MB)
2015-02-12T15:37:09.368778-06:00 c0-0c2s1n1 EFI: mem63: type=4, attr=0xf, range=[0x0000000001acc000-0x0000000001ad7000) (0MB)
2015-02-12T15:37:09.368966-06:00 c0-0c2s1n1 EFI: mem64: type=3, attr=0xf, range=[0x0000000001ad7000-0x0000000001adc000) (0MB)
2015-02-12T15:37:09.408357-06:00 c0-0c2s1n1 EFI: mem65: type=4, attr=0xf, range=[0x0000000001adc000-0x0000000001b60000) (0MB)
2015-02-12T15:37:09.408558-06:00 c0-0c2s1n1 EFI: mem66: type=3, attr=0xf, range=[0x0000000001b60000-0x0000000001b7c000) (0MB)
2015-02-12T15:37:09.408785-06:00 c0-0c2s1n1 EFI: mem67: type=4, attr=0xf, range=[0x0000000001b7c000-0x0000000001b84000) (0MB)
2015-02-12T15:37:09.417108-06:00 c0-0c2s1n1 EFI: mem68: type=3, attr=0xf, range=[0x0000000001b84000-0x0000000001b9c000) (0MB)
2015-02-12T15:37:09.417299-06:00 c0-0c2s1n1 EFI: mem69: type=4, attr=0xf, range=[0x0000000001b9c000-0x000000000b210000) (150MB)
2015-02-12T15:37:09.442396-06:00 c0-0c2s1n1 EFI: mem70: type=3, attr=0xf, range=[0x000000000b210000-0x000000000b216000) (0MB)
2015-02-12T15:37:09.442639-06:00 c0-0c2s1n1 EFI: mem71: type=4, attr=0xf, range=[0x000000000b216000-0x000000000b21f000) (0MB)
2015-02-12T15:37:09.467762-06:00 c0-0c2s1n1 EFI: mem72: type=3, attr=0xf, range=[0x000000000b21f000-0x000000000b235000) (0MB)
2015-02-12T15:37:09.467987-06:00 c0-0c2s1n1 EFI: mem73: type=4, attr=0xf, range=[0x000000000b235000-0x000000000b23b000) (0MB)
2015-02-12T15:37:09.492900-06:00 c0-0c2s1n1 EFI: mem74: type=3, attr=0xf, range=[0x000000000b23b000-0x000000000b23e000) (0MB)
2015-02-12T15:37:09.493133-06:00 c0-0c2s1n1 EFI: mem75: type=4, attr=0xf, range=[0x000000000b23e000-0x000000000b242000) (0MB)
2015-02-12T15:37:09.518210-06:00 c0-0c2s1n1 EFI: mem76: type=3, attr=0xf, range=[0x000000000b242000-0x000000000b249000) (0MB)
2015-02-12T15:37:09.556526-06:00 c0-0c2s1n1 EFI: mem77: type=4, attr=0xf, range=[0x000000000b249000-0x000000000b24c000) (0MB)
2015-02-12T15:37:09.556791-06:00 c0-0c2s1n1 EFI: mem78: type=3, attr=0xf, range=[0x000000000b24c000-0x000000000b254000) (0MB)
2015-02-12T15:37:09.600399-06:00 c0-0c2s1n1 EFI: mem79: type=4, attr=0xf, range=[0x000000000b254000-0x000000000b27a000) (0MB)
2015-02-12T15:37:09.600673-06:00 c0-0c2s1n1 EFI: mem80: type=3, attr=0xf, range=[0x000000000b27a000-0x000000000b27e000) (0MB)
2015-02-12T15:37:09.600994-06:00 c0-0c2s1n1 EFI: mem81: type=4, attr=0xf, range=[0x000000000b27e000-0x000000000b282000) (0MB)
2015-02-12T15:37:09.601285-06:00 c0-0c2s1n1 EFI: mem82: type=3, attr=0xf, range=[0x000000000b282000-0x000000000b286000) (0MB)
2015-02-12T15:37:09.636450-06:00 c0-0c2s1n1 EFI: mem83: type=4, attr=0xf, range=[0x000000000b286000-0x000000000b290000) (0MB)
2015-02-12T15:37:09.636701-06:00 c0-0c2s1n1 EFI: mem84: type=3, attr=0xf, range=[0x000000000b290000-0x000000000b2d3000) (0MB)
2015-02-12T15:37:09.644217-06:00 c0-0c2s1n1 EFI: mem85: type=4, attr=0xf, range=[0x000000000b2d3000-0x000000000b2df000) (0MB)
2015-02-12T15:37:09.644514-06:00 c0-0c2s1n1 EFI: mem86: type=3, attr=0xf, range=[0x000000000b2df000-0x000000000b2e9000) (0MB)
2015-02-12T15:37:09.669592-06:00 c0-0c2s1n1 EFI: mem87: type=4, attr=0xf, range=[0x000000000b2e9000-0x000000000b2f8000) (0MB)
2015-02-12T15:37:09.669859-06:00 c0-0c2s1n1 EFI: mem88: type=3, attr=0xf, range=[0x000000000b2f8000-0x000000000b2fc000) (0MB)
2015-02-12T15:37:09.708536-06:00 c0-0c2s1n1 EFI: mem89: type=4, attr=0xf, range=[0x000000000b2fc000-0x000000000b2fd000) (0MB)
2015-02-12T15:37:09.708752-06:00 c0-0c2s1n1 EFI: mem90: type=3, attr=0xf, range=[0x000000000b2fd000-0x000000000b302000) (0MB)
2015-02-12T15:37:09.748493-06:00 c0-0c2s1n1 EFI: mem91: type=4, attr=0xf, range=[0x000000000b302000-0x000000000b30b000) (0MB)
2015-02-12T15:37:09.748758-06:00 c0-0c2s1n1 EFI: mem92: type=3, attr=0xf, range=[0x000000000b30b000-0x000000000b343000) (0MB)
2015-02-12T15:37:09.749013-06:00 c0-0c2s1n1 EFI: mem93: type=4, attr=0xf, range=[0x000000000b343000-0x000000000b34a000) (0MB)
2015-02-12T15:37:09.749308-06:00 c0-0c2s1n1 EFI: mem94: type=3, attr=0xf, range=[0x000000000b34a000-0x000000000b351000) (0MB)
2015-02-12T15:37:09.792521-06:00 c0-0c2s1n1 EFI: mem95: type=4, attr=0xf, range=[0x000000000b351000-0x000000000b359000) (0MB)
2015-02-12T15:37:09.792781-06:00 c0-0c2s1n1 EFI: mem96: type=3, attr=0xf, range=[0x000000000b359000-0x000000000b35d000) (0MB)
2015-02-12T15:37:09.795781-06:00 c0-0c2s1n1 EFI: mem97: type=4, attr=0xf, range=[0x000000000b35d000-0x000000000b365000) (0MB)
2015-02-12T15:37:09.832396-06:00 c0-0c2s1n1 EFI: mem98: type=3, attr=0xf, range=[0x000000000b365000-0x000000000b369000) (0MB)
2015-02-12T15:37:09.832729-06:00 c0-0c2s1n1 EFI: mem99: type=4, attr=0xf, range=[0x000000000b369000-0x000000000b36d000) (0MB)
2015-02-12T15:37:09.832978-06:00 c0-0c2s1n1 EFI: mem100: type=3, attr=0xf, range=[0x000000000b36d000-0x000000000b371000) (0MB)
2015-02-12T15:37:09.872544-06:00 c0-0c2s1n1 EFI: mem101: type=4, attr=0xf, range=[0x000000000b371000-0x000000000b385000) (0MB)
2015-02-12T15:37:09.872858-06:00 c0-0c2s1n1 EFI: mem102: type=3, attr=0xf, range=[0x000000000b385000-0x000000000b38b000) (0MB)
2015-02-12T15:37:09.873189-06:00 c0-0c2s1n1 EFI: mem103: type=4, attr=0xf, range=[0x000000000b38b000-0x000000000b3ad000) (0MB)
2015-02-12T15:37:09.873460-06:00 c0-0c2s1n1 EFI: mem104: type=3, attr=0xf, range=[0x000000000b3ad000-0x000000000b3b7000) (0MB)
2015-02-12T15:37:09.912570-06:00 c0-0c2s1n1 EFI: mem105: type=4, attr=0xf, range=[0x000000000b3b7000-0x000000000b3b8000) (0MB)
2015-02-12T15:37:09.922192-06:00 c0-0c2s1n1 EFI: mem106: type=3, attr=0xf, range=[0x000000000b3b8000-0x000000000b3ca000) (0MB)
2015-02-12T15:37:09.922273-06:00 c0-0c2s1n1 EFI: mem107: type=4, attr=0xf, range=[0x000000000b3ca000-0x000000000b3cd000) (0MB)
2015-02-12T15:37:09.922517-06:00 c0-0c2s1n1 EFI: mem108: type=3, attr=0xf, range=[0x000000000b3cd000-0x000000000b3d8000) (0MB)
2015-02-12T15:37:09.947484-06:00 c0-0c2s1n1 EFI: mem109: type=4, attr=0xf, range=[0x000000000b3d8000-0x000000000b474000) (0MB)
2015-02-12T15:37:09.988357-06:00 c0-0c2s1n1 EFI: mem110: type=3, attr=0xf, range=[0x000000000b474000-0x000000000b47b000) (0MB)
2015-02-12T15:37:09.988616-06:00 c0-0c2s1n1 EFI: mem111: type=4, attr=0xf, range=[0x000000000b47b000-0x000000000b48a000) (0MB)
2015-02-12T15:37:09.988876-06:00 c0-0c2s1n1 EFI: mem112: type=3, attr=0xf, range=[0x000000000b48a000-0x000000000b48e000) (0MB)
2015-02-12T15:37:10.024588-06:00 c0-0c2s1n1 EFI: mem113: type=4, attr=0xf, range=[0x000000000b48e000-0x000000000b4b0000) (0MB)
2015-02-12T15:37:10.024889-06:00 c0-0c2s1n1 EFI: mem114: type=3, attr=0xf, range=[0x000000000b4b0000-0x000000000b4b5000) (0MB)
2015-02-12T15:37:10.025108-06:00 c0-0c2s1n1 EFI: mem115: type=4, attr=0xf, range=[0x000000000b4b5000-0x000000000b4ba000) (0MB)
2015-02-12T15:37:10.064333-06:00 c0-0c2s1n1 EFI: mem116: type=3, attr=0xf, range=[0x000000000b4ba000-0x000000000b4ce000) (0MB)
2015-02-12T15:37:10.064622-06:00 c0-0c2s1n1 EFI: mem117: type=4, attr=0xf, range=[0x000000000b4ce000-0x000000000b580000) (0MB)
2015-02-12T15:37:10.073625-06:00 c0-0c2s1n1 EFI: mem118: type=7, attr=0xf, range=[0x000000000b580000-0x000000000b581000) (0MB)
2015-02-12T15:37:10.073890-06:00 c0-0c2s1n1 EFI: mem119: type=4, attr=0xf, range=[0x000000000b581000-0x000000000b5ae000) (0MB)
2015-02-12T15:37:10.112564-06:00 c0-0c2s1n1 EFI: mem120: type=3, attr=0xf, range=[0x000000000b5ae000-0x000000000b5b7000) (0MB)
2015-02-12T15:37:10.112839-06:00 c0-0c2s1n1 EFI: mem121: type=4, attr=0xf, range=[0x000000000b5b7000-0x000000000b5b8000) (0MB)
2015-02-12T15:37:10.152361-06:00 c0-0c2s1n1 EFI: mem122: type=2, attr=0xf, range=[0x000000000b5b8000-0x000000000b5ba000) (0MB)
2015-02-12T15:37:10.152628-06:00 c0-0c2s1n1 EFI: mem123: type=7, attr=0xf, range=[0x000000000b5ba000-0x000000000b5bc000) (0MB)
2015-02-12T15:37:10.152820-06:00 c0-0c2s1n1 EFI: mem124: type=4, attr=0xf, range=[0x000000000b5bc000-0x000000000b5c6000) (0MB)
2015-02-12T15:37:10.153012-06:00 c0-0c2s1n1 EFI: mem125: type=7, attr=0xf, range=[0x000000000b5c6000-0x000000000b5cc000) (0MB)
2015-02-12T15:37:10.153174-06:00 c0-0c2s1n1 EFI: mem126: type=4, attr=0xf, range=[0x000000000b5cc000-0x000000000b7e0000) (2MB)
2015-02-12T15:37:10.192535-06:00 c0-0c2s1n1 EFI: mem127: type=7, attr=0xf, range=[0x000000000b7e0000-0x000000000b7ee000) (0MB)
2015-02-12T15:37:10.199899-06:00 c0-0c2s1n1 EFI: mem128: type=1, attr=0xf, range=[0x000000000b7ee000-0x000000000b7ff000) (0MB)
2015-02-12T15:37:10.200160-06:00 c0-0c2s1n1 EFI: mem129: type=7, attr=0xf, range=[0x000000000b7ff000-0x000000007e67c000) (1838MB)
2015-02-12T15:37:10.225147-06:00 c0-0c2s1n1 EFI: mem130: type=10, attr=0xf, range=[0x000000007e67c000-0x000000007e790000) (1MB)
2015-02-12T15:37:10.225433-06:00 c0-0c2s1n1 EFI: mem131: type=0, attr=0xf, range=[0x000000007e790000-0x000000007e792000) (0MB)
2015-02-12T15:37:10.250426-06:00 c0-0c2s1n1 EFI: mem132: type=6, attr=0x800000000000000f, range=[0x000000007e792000-0x000000007f395000) (12MB)
2015-02-12T15:37:10.250706-06:00 c0-0c2s1n1 EFI: mem133: type=9, attr=0xf, range=[0x000000007f395000-0x000000007f410000) (0MB)
2015-02-12T15:37:10.275881-06:00 c0-0c2s1n1 EFI: mem134: type=5, attr=0x800000000000000f, range=[0x000000007f410000-0x000000007f41a000) (0MB)
2015-02-12T15:37:10.276122-06:00 c0-0c2s1n1 EFI: mem135: type=0, attr=0xf, range=[0x000000007f41a000-0x000000007f41c000) (0MB)
2015-02-12T15:37:10.301185-06:00 c0-0c2s1n1 EFI: mem136: type=6, attr=0x800000000000000f, range=[0x000000007f41c000-0x000000007f42d000) (0MB)
2015-02-12T15:37:10.301407-06:00 c0-0c2s1n1 EFI: mem137: type=0, attr=0xf, range=[0x000000007f42d000-0x000000007f43d000) (0MB)
2015-02-12T15:37:10.326501-06:00 c0-0c2s1n1 EFI: mem138: type=6, attr=0x800000000000000f, range=[0x000000007f43d000-0x000000007f45e000) (0MB)
2015-02-12T15:37:10.351591-06:00 c0-0c2s1n1 EFI: mem139: type=5, attr=0x800000000000000f, range=[0x000000007f45e000-0x000000007f462000) (0MB)
2015-02-12T15:37:10.388554-06:00 c0-0c2s1n1 EFI: mem140: type=0, attr=0xf, range=[0x000000007f462000-0x000000007f46b000) (0MB)
2015-02-12T15:37:10.388838-06:00 c0-0c2s1n1 EFI: mem141: type=5, attr=0x800000000000000f, range=[0x000000007f46b000-0x000000007f46d000) (0MB)
2015-02-12T15:37:10.389074-06:00 c0-0c2s1n1 EFI: mem142: type=0, attr=0xf, range=[0x000000007f46d000-0x000000007f471000) (0MB)
2015-02-12T15:37:10.428419-06:00 c0-0c2s1n1 EFI: mem143: type=5, attr=0x800000000000000f, range=[0x000000007f471000-0x000000007f472000) (0MB)
2015-02-12T15:37:10.428743-06:00 c0-0c2s1n1 EFI: mem144: type=6, attr=0x800000000000000f, range=[0x000000007f472000-0x000000007f473000) (0MB)
2015-02-12T15:37:10.429011-06:00 c0-0c2s1n1 EFI: mem145: type=5, attr=0x800000000000000f, range=[0x000000007f473000-0x000000007f476000) (0MB)
2015-02-12T15:37:10.429256-06:00 c0-0c2s1n1 EFI: mem146: type=0, attr=0xf, range=[0x000000007f476000-0x000000007f486000) (0MB)
2015-02-12T15:37:10.472519-06:00 c0-0c2s1n1 EFI: mem147: type=5, attr=0x800000000000000f, range=[0x000000007f486000-0x000000007f491000) (0MB)
2015-02-12T15:37:10.477793-06:00 c0-0c2s1n1 EFI: mem148: type=7, attr=0xf, range=[0x000000007f491000-0x000000007f493000) (0MB)
2015-02-12T15:37:10.478095-06:00 c0-0c2s1n1 EFI: mem149: type=10, attr=0xf, range=[0x000000007f493000-0x000000007f494000) (0MB)
2015-02-12T15:37:10.503051-06:00 c0-0c2s1n1 EFI: mem150: type=6, attr=0x800000000000000f, range=[0x000000007f494000-0x000000007f49b000) (0MB)
2015-02-12T15:37:10.540427-06:00 c0-0c2s1n1 EFI: mem151: type=5, attr=0x800000000000000f, range=[0x000000007f49b000-0x000000007f49e000) (0MB)
2015-02-12T15:37:10.540567-06:00 c0-0c2s1n1 EFI: mem152: type=10, attr=0xf, range=[0x000000007f49e000-0x000000007f4a6000) (0MB)
2015-02-12T15:37:10.580362-06:00 c0-0c2s1n1 EFI: mem153: type=6, attr=0x800000000000000f, range=[0x000000007f4a6000-0x000000007f4a7000) (0MB)
2015-02-12T15:37:10.580552-06:00 c0-0c2s1n1 EFI: mem154: type=5, attr=0x800000000000000f, range=[0x000000007f4a7000-0x000000007f4ab000) (0MB)
2015-02-12T15:37:10.580760-06:00 c0-0c2s1n1 EFI: mem155: type=6, attr=0x800000000000000f, range=[0x000000007f4ab000-0x000000007f4bd000) (0MB)
2015-02-12T15:37:10.580977-06:00 c0-0c2s1n1 EFI: mem156: type=5, attr=0x800000000000000f, range=[0x000000007f4bd000-0x000000007f4cf000) (0MB)
2015-02-12T15:37:10.620361-06:00 c0-0c2s1n1 EFI: mem157: type=6, attr=0x800000000000000f, range=[0x000000007f4cf000-0x000000007f4d2000) (0MB)
2015-02-12T15:37:10.620569-06:00 c0-0c2s1n1 EFI: mem158: type=10, attr=0xf, range=[0x000000007f4d2000-0x000000007f558000) (0MB)
2015-02-12T15:37:10.629374-06:00 c0-0c2s1n1 EFI: mem159: type=3, attr=0xf, range=[0x000000007f558000-0x000000007f7e0000) (2MB)
2015-02-12T15:37:10.654446-06:00 c0-0c2s1n1 EFI: mem160: type=4, attr=0xf, range=[0x000000007f7e0000-0x000000007f7ef000) (0MB)
2015-02-12T15:37:10.654688-06:00 c0-0c2s1n1 EFI: mem161: type=3, attr=0xf, range=[0x000000007f7ef000-0x000000007f800000) (0MB)
2015-02-12T15:37:10.679810-06:00 c0-0c2s1n1 EFI: mem162: type=7, attr=0xf, range=[0x0000000100000000-0x0000001080000000) (63488MB)
2015-02-12T15:37:10.679991-06:00 c0-0c2s1n1 EFI: mem163: type=11, attr=0x8000000000000001, range=[0x0000000080000000-0x0000000090000000) (256MB)
2015-02-12T15:37:10.705169-06:00 c0-0c2s1n1 EFI: mem164: type=11, attr=0x8000000000000001, range=[0x00000000fed1c000-0x00000000fed20000) (0MB)
2015-02-12T15:37:10.705315-06:00 c0-0c2s1n1 EFI: mem165: type=11, attr=0x8000000000000001, range=[0x00000000ff000000-0x0000000100000000) (16MB)
2015-02-12T15:37:10.705363-06:00 c0-0c2s1n1 DMI 2.7 present.
2015-02-12T15:37:10.730315-06:00 c0-0c2s1n1 last_pfn = 0x1080000 max_arch_pfn = 0x400000000
2015-02-12T15:37:10.755515-06:00 c0-0c2s1n1 x86 PAT enabled: cpu 0, old 0x7040600070406, new 0x7010600070106
2015-02-12T15:37:10.755579-06:00 c0-0c2s1n1 last_pfn = 0x7f800 max_arch_pfn = 0x400000000
2015-02-12T15:37:10.755708-06:00 c0-0c2s1n1 found SMP MP-table at [ffff8800000fd830] fd830
2015-02-12T15:37:10.755823-06:00 c0-0c2s1n1 Using GB pages for direct mapping
2015-02-12T15:37:10.780761-06:00 c0-0c2s1n1 init_memory_mapping: 0000000000000000-000000007f800000
2015-02-12T15:37:10.780877-06:00 c0-0c2s1n1 init_memory_mapping: 0000000100000000-0000001080000000
2015-02-12T15:37:10.780922-06:00 c0-0c2s1n1 nmi ring buffer: 262144
2015-02-12T15:37:10.805931-06:00 c0-0c2s1n1 RAMDISK: 0fa00000 - 10610000
2015-02-12T15:37:10.806091-06:00 c0-0c2s1n1 ACPI: RSDP 000000007f395000 00024 (v02 ALASKA)
2015-02-12T15:37:10.806251-06:00 c0-0c2s1n1 ACPI: XSDT 000000007f395088 0008C (v01 ALASKA    A M I 01072009 AMI  00010013)
2015-02-12T15:37:10.806353-06:00 c0-0c2s1n1 ACPI: FACP 000000007f39ee50 000F4 (v04 ALASKA    A M I 01072009 AMI  00010013)
2015-02-12T15:37:10.831325-06:00 c0-0c2s1n1 ACPI: DSDT 000000007f3951a0 09CAD (v02 ALASKA    A M I 00000016 INTL 20051117)
2015-02-12T15:37:11.083834-06:00 c0-0c2s1n1 ACPI: FACS 000000007f4a3f80 00040
2015-02-12T15:37:11.083845-06:00 c0-0c2s1n1 ACPI: APIC 000000007f39ef48 00138 (v03 ALASKA    A M I 01072009 AMI  00010013)
2015-02-12T15:37:11.083851-06:00 c0-0c2s1n1 ACPI: FPDT 000000007f39f080 00044 (v01 ALASKA    A M I 01072009 AMI  00010013)
2015-02-12T15:37:11.083870-06:00 c0-0c2s1n1 ACPI: MCFG 000000007f39f0c8 0003C (v01 ALASKA OEMMCFG. 01072009 MSFT 00000097)
2015-02-12T15:37:11.083894-06:00 c0-0c2s1n1 ACPI: HPET 000000007f39f108 00038 (v01 ALASKA    A M I 01072009 AMI. 00000004)
2015-02-12T15:37:11.083915-06:00 c0-0c2s1n1 ACPI: PRAD 000000007f39f140 000BE (v02 PRADID  PRADTID 00000001 MSFT 03000001)
2015-02-12T15:37:11.083932-06:00 c0-0c2s1n1 ACPI: SSDT 000000007f39f200 70104 (v02  INTEL    CpuPm 00004000 INTL 20051117)
2015-02-12T15:37:11.083946-06:00 c0-0c2s1n1 ACPI: SPCR 000000007f40f308 00050 (v01  A M I   APTIO4 01072009 AMI. 00000004)
2015-02-12T15:37:11.083954-06:00 c0-0c2s1n1 ACPI: EINJ 000000007f40f358 00130 (v01    AMI AMI EINJ 00000000      00000000)
2015-02-12T15:37:11.083967-06:00 c0-0c2s1n1 ACPI: ERST 000000007f40f488 00230 (v01  AMIER AMI ERST 00000000      00000000)
2015-02-12T15:37:11.083979-06:00 c0-0c2s1n1 ACPI: HEST 000000007f40f6b8 000A8 (v01    AMI AMI HEST 00000000      00000000)
2015-02-12T15:37:11.083992-06:00 c0-0c2s1n1 ACPI: BERT 000000007f40f760 00030 (v01    AMI AMI BERT 00000000      00000000)
2015-02-12T15:37:11.084006-06:00 c0-0c2s1n1 ACPI: DMAR 000000007f40f790 000BC (v01 A M I   OEMDMAR 00000001 INTL 00000001)
2015-02-12T15:37:11.084019-06:00 c0-0c2s1n1 No NUMA configuration found
2015-02-12T15:37:11.084030-06:00 c0-0c2s1n1 Faking a node at 0000000000000000-0000001080000000
2015-02-12T15:37:11.084041-06:00 c0-0c2s1n1 Initmem setup node 0 0000000000000000-0000001080000000
2015-02-12T15:37:11.084070-06:00 c0-0c2s1n1  NODE_DATA [000000107ffbb000 - 000000107ffbffff]
2015-02-12T15:37:11.210425-06:00 c0-0c2s1n1 Zone PFN ranges:
2015-02-12T15:37:11.210577-06:00 c0-0c2s1n1  DMA      0x00000010 -> 0x00001000
2015-02-12T15:37:11.210748-06:00 c0-0c2s1n1  DMA32    0x00001000 -> 0x00100000
2015-02-12T15:37:11.235442-06:00 c0-0c2s1n1  Normal   0x00100000 -> 0x01080000
2015-02-12T15:37:11.235618-06:00 c0-0c2s1n1 Movable zone start PFN for each node
2015-02-12T15:37:11.235740-06:00 c0-0c2s1n1 early_node_map[5] active PFN ranges
2015-02-12T15:37:11.260581-06:00 c0-0c2s1n1    0: 0x00000010 -> 0x000000a0
2015-02-12T15:37:11.260695-06:00 c0-0c2s1n1    0: 0x00000100 -> 0x0007e67c
2015-02-12T15:37:11.260849-06:00 c0-0c2s1n1    0: 0x0007f491 -> 0x0007f493
2015-02-12T15:37:11.261001-06:00 c0-0c2s1n1    0: 0x0007f558 -> 0x0007f800
2015-02-12T15:37:11.261151-06:00 c0-0c2s1n1    0: 0x00100000 -> 0x01080000
2015-02-12T15:37:11.894737-06:00 c0-0c2s1n1 ACPI: LAPIC (acpi_id[0x00] lapic_id[0x00] enabled)
2015-02-12T15:37:11.919651-06:00 c0-0c2s1n1 ACPI: LAPIC (acpi_id[0x02] lapic_id[0x02] enabled)
2015-02-12T15:37:11.920005-06:00 c0-0c2s1n1 ACPI: LAPIC (acpi_id[0x04] lapic_id[0x04] enabled)
2015-02-12T15:37:11.956475-06:00 c0-0c2s1n1 ACPI: LAPIC (acpi_id[0x06] lapic_id[0x06] enabled)
2015-02-12T15:37:11.956611-06:00 c0-0c2s1n1 ACPI: LAPIC (acpi_id[0x08] lapic_id[0x08] enabled)
2015-02-12T15:37:11.956801-06:00 c0-0c2s1n1 ACPI: LAPIC (acpi_id[0x0a] lapic_id[0x0a] enabled)
2015-02-12T15:37:11.957004-06:00 c0-0c2s1n1 ACPI: LAPIC (acpi_id[0x0c] lapic_id[0x0c] enabled)
2015-02-12T15:37:11.957143-06:00 c0-0c2s1n1 ACPI: LAPIC (acpi_id[0x0e] lapic_id[0x0e] enabled)
2015-02-12T15:37:11.996412-06:00 c0-0c2s1n1 ACPI: LAPIC (acpi_id[0x01] lapic_id[0x01] enabled)
2015-02-12T15:37:11.996661-06:00 c0-0c2s1n1 ACPI: LAPIC (acpi_id[0x03] lapic_id[0x03] enabled)
2015-02-12T15:37:11.996841-06:00 c0-0c2s1n1 ACPI: LAPIC (acpi_id[0x05] lapic_id[0x05] enabled)
2015-02-12T15:37:11.997046-06:00 c0-0c2s1n1 ACPI: LAPIC (acpi_id[0x07] lapic_id[0x07] enabled)
2015-02-12T15:37:11.997279-06:00 c0-0c2s1n1 ACPI: LAPIC (acpi_id[0x09] lapic_id[0x09] enabled)
2015-02-12T15:37:11.997464-06:00 c0-0c2s1n1 ACPI: LAPIC (acpi_id[0x0b] lapic_id[0x0b] enabled)
2015-02-12T15:37:11.997644-06:00 c0-0c2s1n1 ACPI: LAPIC (acpi_id[0x0d] lapic_id[0x0d] enabled)
2015-02-12T15:37:12.036381-06:00 c0-0c2s1n1 ACPI: LAPIC (acpi_id[0x0f] lapic_id[0x0f] enabled)
2015-02-12T15:37:12.036601-06:00 c0-0c2s1n1 ACPI: LAPIC_NMI (acpi_id[0x00] high edge lint[0x1])
2015-02-12T15:37:12.036800-06:00 c0-0c2s1n1 ACPI: LAPIC_NMI (acpi_id[0x02] high edge lint[0x1])
2015-02-12T15:37:12.046446-06:00 c0-0c2s1n1 ACPI: LAPIC_NMI (acpi_id[0x04] high edge lint[0x1])
2015-02-12T15:37:12.046639-06:00 c0-0c2s1n1 ACPI: LAPIC_NMI (acpi_id[0x06] high edge lint[0x1])
2015-02-12T15:37:12.071517-06:00 c0-0c2s1n1 ACPI: LAPIC_NMI (acpi_id[0x08] high edge lint[0x1])
2015-02-12T15:37:12.071527-06:00 c0-0c2s1n1 ACPI: LAPIC_NMI (acpi_id[0x0a] high edge lint[0x1])
2015-02-12T15:37:12.071844-06:00 c0-0c2s1n1 ACPI: LAPIC_NMI (acpi_id[0x0c] high edge lint[0x1])
2015-02-12T15:37:12.072191-06:00 c0-0c2s1n1 ACPI: LAPIC_NMI (acpi_id[0x0e] high edge lint[0x1])
2015-02-12T15:37:12.096631-06:00 c0-0c2s1n1 ACPI: LAPIC_NMI (acpi_id[0x01] high edge lint[0x1])
2015-02-12T15:37:12.096995-06:00 c0-0c2s1n1 ACPI: LAPIC_NMI (acpi_id[0x03] high edge lint[0x1])
2015-02-12T15:37:12.097315-06:00 c0-0c2s1n1 ACPI: LAPIC_NMI (acpi_id[0x05] high edge lint[0x1])
2015-02-12T15:37:12.097529-06:00 c0-0c2s1n1 ACPI: LAPIC_NMI (acpi_id[0x07] high edge lint[0x1])
2015-02-12T15:37:12.122245-06:00 c0-0c2s1n1 ACPI: LAPIC_NMI (acpi_id[0x09] high edge lint[0x1])
2015-02-12T15:37:12.122574-06:00 c0-0c2s1n1 ACPI: LAPIC_NMI (acpi_id[0x0b] high edge lint[0x1])
2015-02-12T15:37:12.122846-06:00 c0-0c2s1n1 ACPI: LAPIC_NMI (acpi_id[0x0d] high edge lint[0x1])
2015-02-12T15:37:12.147383-06:00 c0-0c2s1n1 ACPI: LAPIC_NMI (acpi_id[0x0f] high edge lint[0x1])
2015-02-12T15:37:12.147671-06:00 c0-0c2s1n1 ACPI: IOAPIC (id[0x00] address[0xfec00000] gsi_base[0])
2015-02-12T15:37:12.148064-06:00 c0-0c2s1n1 IOAPIC[0]: apic_id 0, version 32, address 0xfec00000, GSI 0-23
2015-02-12T15:37:12.172750-06:00 c0-0c2s1n1 ACPI: IOAPIC (id[0x02] address[0xfec01000] gsi_base[24])
2015-02-12T15:37:12.173048-06:00 c0-0c2s1n1 IOAPIC[1]: apic_id 2, version 32, address 0xfec01000, GSI 24-47
2015-02-12T15:37:12.197719-06:00 c0-0c2s1n1 ACPI: INT_SRC_OVR (bus 0 bus_irq 0 global_irq 2 dfl dfl)
2015-02-12T15:37:12.198042-06:00 c0-0c2s1n1 ACPI: INT_SRC_OVR (bus 0 bus_irq 9 global_irq 9 high level)
2015-02-12T15:37:12.198301-06:00 c0-0c2s1n1 Using ACPI (MADT) for SMP configuration information
2015-02-12T15:37:12.223117-06:00 c0-0c2s1n1 ACPI: HPET id: 0x8086a701 base: 0xfed00000
2015-02-12T15:37:12.223303-06:00 c0-0c2s1n1 SMP: Allowing 16 CPUs, 0 hotplug CPUs
2015-02-12T15:37:12.223595-06:00 c0-0c2s1n1 Allocating PCI resources starting at 90000000 (gap: 90000000:6ed1c000)
2015-02-12T15:37:12.248409-06:00 c0-0c2s1n1 setup_percpu: NR_CPUS:128 nr_cpumask_bits:128 nr_cpu_ids:16 nr_node_ids:1
2015-02-12T15:37:12.248686-06:00 c0-0c2s1n1 PERCPU: Embedded 25 PATH1224 @ffff88107fa00000 s72704 r8192 d21504 u131072
2015-02-12T15:37:12.273503-06:00 c0-0c2s1n1 Built 1 zonelists in Zone order, mobility grouping on.  Total pages: 16534701
2015-02-12T15:37:12.273618-06:00 c0-0c2s1n1 Policy zone: Normal
2015-02-12T15:37:12.364438-06:00 c0-0c2s1n1 Kernel command line: earlyprintk=serial,115200 load_ramdisk=1 ramdisk_size=80000 console=ttyS0,115200n8 bootnodeip=IPADDR13 bootproto=ipog bootpath=PATH1220 rootfs=nfs-shared root=PATH1221 oops=panic bootifnetmask=IPADDR15 elevator=noop ippob1=10 ippob2=128 pcie_ports=native iommu=on intel_iommu=off bad_page=panic pln_enable=off apei_disable hest_disable erst_disable ghes_disable cgroup_disable=memory active_wlm=ALPS sdbnodeip=IPADDR16 sessionid=p0-20150212t152812 _cray=marker_ 
2015-02-12T15:37:12.404346-06:00 c0-0c2s1n1 Intel-IOMMU: disabled
2015-02-12T15:37:12.404373-06:00 c0-0c2s1n1 Disabling memory control group subsystem
2015-02-12T15:37:12.404397-06:00 c0-0c2s1n1 PID hash table entries: 4096 (order: 3, 32768 bytes)
2015-02-12T15:37:12.425047-06:00 c0-0c2s1n1 PATH1225: enabled xstate_bv 0x7, cntxt size 0x340
2015-02-12T15:37:12.768017-06:00 c0-0c2s1n1 Memory: PATH319779 available (5522k kernel code, 2121000k absent, 1019856k reserved, 5307k data, 692k init)
2015-02-12T15:37:12.793029-06:00 c0-0c2s1n1 Hierarchical RCU implementation.
2015-02-12T15:37:12.793077-06:00 c0-0c2s1n1 NR_IRQS:4352
2015-02-12T15:37:12.843785-06:00 c0-0c2s1n1 Extended CMOS year: 2000
2015-02-12T15:37:12.843887-06:00 c0-0c2s1n1 Console: colour dummy device 80x25
2015-02-12T15:37:12.844089-06:00 c0-0c2s1n1 console [ttyS0] enabled, bootconsole disabled
2015-02-12T15:37:12.868997-06:00 c0-0c2s1n1 console [ttyS0] enabled, bootconsole disabled
2015-02-12T15:37:12.894174-06:00 c0-0c2s1n1 Fast TSC calibration using PIT
2015-02-12T15:37:12.894310-06:00 c0-0c2s1n1 Detected 2600.051 MHz processor.
2015-02-12T15:37:12.919401-06:00 c0-0c2s1n1 Calibrating delay loop (skipped), value calculated using timer frequency.. 5200.10 BogoMIPS (lpj=10400204)
2015-02-12T15:37:12.919534-06:00 c0-0c2s1n1 pid_max: default: 32768 minimum: 301
2015-02-12T15:37:12.970062-06:00 c0-0c2s1n1 Dentry cache hash table entries: 8388608 (order: 14, 67108864 bytes)
2015-02-12T15:37:12.995385-06:00 c0-0c2s1n1 Inode-cache hash table entries: 4194304 (order: 13, 33554432 bytes)
2015-02-12T15:37:13.020544-06:00 c0-0c2s1n1 Mount-cache hash table entries: 256
2015-02-12T15:37:13.020777-06:00 c0-0c2s1n1 Initializing cgroup subsys cpuacct
2015-02-12T15:37:13.021028-06:00 c0-0c2s1n1 Initializing cgroup subsys memory
2015-02-12T15:37:13.045715-06:00 c0-0c2s1n1 Initializing cgroup subsys devices
2015-02-12T15:37:13.045853-06:00 c0-0c2s1n1 Initializing cgroup subsys perf_event
2015-02-12T15:37:13.046017-06:00 c0-0c2s1n1 CPU: Physical Processor ID: 0
2015-02-12T15:37:13.046102-06:00 c0-0c2s1n1 CPU: Processor Core ID: 0
2015-02-12T15:37:13.070777-06:00 c0-0c2s1n1 mce: CPU supports 20 MCE banks
2015-02-12T15:37:13.071040-06:00 c0-0c2s1n1 CPU0: Thermal monitoring enabled (TM1)
2015-02-12T15:37:13.071127-06:00 c0-0c2s1n1 using mwait in idle threads.
2015-02-12T15:37:13.071398-06:00 c0-0c2s1n1 ACPI: Core revision 20110413
2015-02-12T15:37:13.121561-06:00 c0-0c2s1n1 ftrace: allocating 20236 entries in 80 pages
2015-02-12T15:37:13.146777-06:00 c0-0c2s1n1 DMAR: Host address width 46
2015-02-12T15:37:13.147025-06:00 c0-0c2s1n1 DMAR: DRHD base: 0x000000fbffc000 flags: 0x1
2015-02-12T15:37:13.171805-06:00 c0-0c2s1n1 IOMMU 0: reg_base_addr fbffc000 ver 1:0 cap d2078c106f0462 ecap f020fe
2015-02-12T15:37:13.171929-06:00 c0-0c2s1n1 DMAR: RMRR base: 0x0000007f430000 end: 0x0000007f43cfff
2015-02-12T15:37:13.172008-06:00 c0-0c2s1n1 DMAR: ATSR flags: 0x0
2015-02-12T15:37:13.196878-06:00 c0-0c2s1n1 DMAR: RHSA base: 0x000000fbffc000 proximity domain: 0x0
2015-02-12T15:37:13.197071-06:00 c0-0c2s1n1 Switched APIC routing to physical flat.
2015-02-12T15:37:13.197229-06:00 c0-0c2s1n1 ..TIMER: vector=0x30 apic1=0 pin1=2 apic2=-1 pin2=-1
2015-02-12T15:37:13.272726-06:00 c0-0c2s1n1 CPU0: Intel(R) Xeon(R) CPU E5-2670 0 @ 2.60GHz stepping 07
2015-02-12T15:37:13.474510-06:00 c0-0c2s1n1 Performance Events: PEBS fmt1+, 16-deep LBR, SandyBridge events, full-width counters, Intel PMU driver.
2015-02-12T15:37:13.499356-06:00 c0-0c2s1n1 ... version:                3
2015-02-12T15:37:13.499505-06:00 c0-0c2s1n1 ... bit width:              48
2015-02-12T15:37:13.499610-06:00 c0-0c2s1n1 ... generic registers:      4
2015-02-12T15:37:13.499749-06:00 c0-0c2s1n1 ... value mask:             0000ffffffffffff
2015-02-12T15:37:13.499894-06:00 c0-0c2s1n1 ... max period:             0000ffffffffffff
2015-02-12T15:37:13.524500-06:00 c0-0c2s1n1 ... fixed-purpose events:   3
2015-02-12T15:37:13.524654-06:00 c0-0c2s1n1 ... event mask:             000000070000000f
2015-02-12T15:37:13.991590-06:00 c0-0c2s1n1 Booting Node   0, Processors  #1 #2 #3 #4 #5 #6 #7 #8 #9 #10 #11 #12 #13 #14 #15 Ok.
2015-02-12T15:37:14.016978-06:00 c0-0c2s1n1 Brought up 16 CPUs
2015-02-12T15:37:14.042035-06:00 c0-0c2s1n1 Total of 16 processors activated (83201.63 BogoMIPS).
2015-02-12T15:37:14.067490-06:00 c0-0c2s1n1 NET: Registered protocol family 16
2015-02-12T15:37:14.092464-06:00 c0-0c2s1n1 ACPI FADT declares the system doesn't support PCIe ASPM, so disable it
2015-02-12T15:37:14.092681-06:00 c0-0c2s1n1 ACPI: bus type pci registered
2015-02-12T15:37:14.117713-06:00 c0-0c2s1n1 PCI: MMCONFIG for domain 0000 [bus 00-ff] at [mem 0x80000000-0x8fffffff] (base 0x80000000)
2015-02-12T15:37:14.117921-06:00 c0-0c2s1n1 PCI: MMCONFIG at [mem 0x80000000-0x8fffffff] reserved in E820
2015-02-12T15:37:14.143123-06:00 c0-0c2s1n1 PCI: Using configuration type 1 for base access
2015-02-12T15:37:14.168302-06:00 c0-0c2s1n1 bio: create slab <bio-0> at 0
2015-02-12T15:37:14.218657-06:00 c0-0c2s1n1 ACPI: Executed 1 blocks of module-level executable AML code
2015-02-12T15:37:14.395691-06:00 c0-0c2s1n1 ACPI: Interpreter enabled
2015-02-12T15:37:14.420518-06:00 c0-0c2s1n1 ACPI: (supports S0 S1 S3 S5)
2015-02-12T15:37:14.420667-06:00 c0-0c2s1n1 ACPI: Using IOAPIC for interrupt routing
2015-02-12T15:37:14.421065-06:00 c0-0c2s1n1 ACPI: No dock devices found.
2015-02-12T15:37:14.445897-06:00 c0-0c2s1n1 HEST: Table parsing disabled.
2015-02-12T15:37:14.446242-06:00 c0-0c2s1n1 PCI: Using host bridge windows from ACPI; if necessary, use "pci=nocrs" and report a bug
2015-02-12T15:37:14.471445-06:00 c0-0c2s1n1 ACPI: PCI Root Bridge [PCI0] (domain 0000 [bus 00-fe])
2015-02-12T15:37:14.471703-06:00 c0-0c2s1n1 pci_root PNP0A08:00: host bridge window [io  0x0000-0x03af]
2015-02-12T15:37:14.496518-06:00 c0-0c2s1n1 pci_root PNP0A08:00: host bridge window [io  0x03e0-0x0cf7]
2015-02-12T15:37:14.496788-06:00 c0-0c2s1n1 pci_root PNP0A08:00: host bridge window [io  0x0d00-0xffff]
2015-02-12T15:37:14.521640-06:00 c0-0c2s1n1 pci_root PNP0A08:00: host bridge window [mem 0x000c0000-0x000dffff]
2015-02-12T15:37:14.521989-06:00 c0-0c2s1n1 pci_root PNP0A08:00: host bridge window [mem 0x80000000-0xfbffffff]
2015-02-12T15:37:14.547086-06:00 c0-0c2s1n1 pci_root PNP0A08:00: host bridge window [mem 0x1080000000-0x3c3fffffffff]
2015-02-12T15:37:14.547360-06:00 c0-0c2s1n1 pci 0000:00:02.0: PCI bridge to [bus 01-01]
2015-02-12T15:37:14.547609-06:00 c0-0c2s1n1 pci 0000:00:03.0: PCI bridge to [bus 02-02]
2015-02-12T15:37:14.572137-06:00 c0-0c2s1n1 pci 0000:00:03.2: PCI bridge to [bus 03-03]
2015-02-12T15:37:14.572407-06:00 c0-0c2s1n1 pci 0000:00:11.0: PCI bridge to [bus 04-04]
2015-02-12T15:37:14.597252-06:00 c0-0c2s1n1 pci 0000:00:1e.0: PCI bridge to [bus 05-05] (subtractive decode)
2015-02-12T15:37:14.597556-06:00 c0-0c2s1n1 pci0000:00: Unable to request _OSC control (_OSC support mask: 0x19)
2015-02-12T15:37:14.622790-06:00 c0-0c2s1n1 ACPI: PCI Root Bridge [UNC0] (domain 0000 [bus ff])
2015-02-12T15:37:14.647788-06:00 c0-0c2s1n1 pci0000:ff: Unable to request _OSC control (_OSC support mask: 0x19)
2015-02-12T15:37:14.648149-06:00 c0-0c2s1n1 ACPI: PCI Interrupt Link [LNKA] (IRQs 3 4 5 6 7 10 *11 12 14 15)
2015-02-12T15:37:14.673208-06:00 c0-0c2s1n1 ACPI: PCI Interrupt Link [LNKB] (IRQs 3 4 5 6 7 *10 11 12 14 15)
2015-02-12T15:37:14.673533-06:00 c0-0c2s1n1 ACPI: PCI Interrupt Link [LNKC] (IRQs 3 4 *5 6 10 11 12 14 15)
2015-02-12T15:37:14.698435-06:00 c0-0c2s1n1 ACPI: PCI Interrupt Link [LNKD] (IRQs *3 4 5 6 10 11 12 14 15)
2015-02-12T15:37:14.698758-06:00 c0-0c2s1n1 ACPI: PCI Interrupt Link [LNKE] (IRQs 3 4 5 6 7 10 11 12 14 15) *0
2015-02-12T15:37:14.699187-06:00 c0-0c2s1n1 ACPI: PCI Interrupt Link [LNKF] (IRQs 3 4 5 6 7 10 11 12 14 15) *0
2015-02-12T15:37:14.723876-06:00 c0-0c2s1n1 ACPI: PCI Interrupt Link [LNKG] (IRQs 3 4 5 6 7 10 11 12 14 15) *0
2015-02-12T15:37:14.748818-06:00 c0-0c2s1n1 ACPI: PCI Interrupt Link [LNKH] (IRQs 3 4 5 6 *7 10 11 12 14 15)
2015-02-12T15:37:14.748828-06:00 c0-0c2s1n1 vgaarb: loaded
2015-02-12T15:37:14.748948-06:00 c0-0c2s1n1 SCSI subsystem initialized
2015-02-12T15:37:14.749154-06:00 c0-0c2s1n1 PCI: Using ACPI for IRQ routing
2015-02-12T15:37:14.774092-06:00 c0-0c2s1n1 Switching to clocksource hpet
2015-02-12T15:37:14.774621-06:00 c0-0c2s1n1 pnp: PnP ACPI init
2015-02-12T15:37:14.774816-06:00 c0-0c2s1n1 ACPI: bus type pnp registered
2015-02-12T15:37:14.799401-06:00 c0-0c2s1n1 system 00:01: [mem 0xfc000000-0xfcffffff] has been reserved
2015-02-12T15:37:14.799723-06:00 c0-0c2s1n1 system 00:01: [mem 0xfd000000-0xfdffffff] has been reserved
2015-02-12T15:37:14.824487-06:00 c0-0c2s1n1 system 00:01: [mem 0xfe000000-0xfeafffff] has been reserved
2015-02-12T15:37:14.824838-06:00 c0-0c2s1n1 system 00:01: [mem 0xfeb00000-0xfebfffff] has been reserved
2015-02-12T15:37:14.825184-06:00 c0-0c2s1n1 system 00:01: [mem 0xfed00400-0xfed3ffff] could not be reserved
2015-02-12T15:37:14.849881-06:00 c0-0c2s1n1 system 00:01: [mem 0xfed45000-0xfedfffff] has been reserved
2015-02-12T15:37:14.850252-06:00 c0-0c2s1n1 system 00:02: [mem 0xfbffc000-0xfbffdfff] has been reserved
2015-02-12T15:37:14.875165-06:00 c0-0c2s1n1 system 00:06: [io  0x04d0-0x04d1] has been reserved
2015-02-12T15:37:14.875516-06:00 c0-0c2s1n1 system 00:08: [io  0x0400-0x0453] has been reserved
2015-02-12T15:37:14.875805-06:00 c0-0c2s1n1 system 00:08: [io  0x0458-0x047f] has been reserved
2015-02-12T15:37:14.900564-06:00 c0-0c2s1n1 system 00:08: [io  0x1180-0x119f] has been reserved
2015-02-12T15:37:14.901018-06:00 c0-0c2s1n1 system 00:08: [io  0x0500-0x057f] has been reserved
2015-02-12T15:37:14.901159-06:00 c0-0c2s1n1 system 00:08: [mem 0xfed1c000-0xfed1ffff] has been reserved
2015-02-12T15:37:14.925846-06:00 c0-0c2s1n1 system 00:08: [mem 0xfec00000-0xfecfffff] could not be reserved
2015-02-12T15:37:14.926184-06:00 c0-0c2s1n1 system 00:08: [mem 0xfed08000-0xfed08fff] has been reserved
2015-02-12T15:37:14.950850-06:00 c0-0c2s1n1 system 00:08: [mem 0xff000000-0xffffffff] has been reserved
2015-02-12T15:37:14.951161-06:00 c0-0c2s1n1 system 00:09: [io  0x0454-0x0457] has been reserved
2015-02-12T15:37:14.951399-06:00 c0-0c2s1n1 pnp: PnP ACPI: found 12 devices
2015-02-12T15:37:14.951644-06:00 c0-0c2s1n1 ACPI: ACPI bus type pnp unregistered
2015-02-12T15:37:14.976513-06:00 c0-0c2s1n1 pci 0000:00:02.0: PCI bridge to [bus 01-01]
2015-02-12T15:37:14.976791-06:00 c0-0c2s1n1 pci 0000:00:02.0:   bridge window [io  disabled]
2015-02-12T15:37:15.001503-06:00 c0-0c2s1n1 pci 0000:00:02.0:   bridge window [mem disabled]
2015-02-12T15:37:15.001953-06:00 c0-0c2s1n1 pci 0000:00:02.0:   bridge window [mem 0x3c0000000000-0x3c20000fffff 64bit pref]
2015-02-12T15:37:15.026710-06:00 c0-0c2s1n1 pci 0000:00:03.0: PCI bridge to [bus 02-02]
2015-02-12T15:37:15.027099-06:00 c0-0c2s1n1 pci 0000:00:03.0:   bridge window [io  disabled]
2015-02-12T15:37:15.027430-06:00 c0-0c2s1n1 pci 0000:00:03.0:   bridge window [mem 0xfbc00000-0xfbdfffff]
2015-02-12T15:37:15.052250-06:00 c0-0c2s1n1 pci 0000:00:03.0:   bridge window [mem 0x3c2001000000-0x3c20017fffff 64bit pref]
2015-02-12T15:37:15.052525-06:00 c0-0c2s1n1 pci 0000:00:03.2: PCI bridge to [bus 03-03]
2015-02-12T15:37:15.052769-06:00 c0-0c2s1n1 pci 0000:00:03.2:   bridge window [io  disabled]
2015-02-12T15:37:15.077671-06:00 c0-0c2s1n1 pci 0000:00:03.2:   bridge window [mem 0xfba00000-0xfbbfffff]
2015-02-12T15:37:15.078062-06:00 c0-0c2s1n1 pci 0000:00:03.2:   bridge window [mem 0x3c2000800000-0x3c2000ffffff 64bit pref]
2015-02-12T15:37:15.102751-06:00 c0-0c2s1n1 pci 0000:00:11.0: PCI bridge to [bus 04-04]
2015-02-12T15:37:15.103038-06:00 c0-0c2s1n1 pci 0000:00:11.0:   bridge window [io  0xe000-0xefff]
2015-02-12T15:37:15.127805-06:00 c0-0c2s1n1 pci 0000:00:11.0:   bridge window [mem 0xfbe00000-0xfbefffff]
2015-02-12T15:37:15.128311-06:00 c0-0c2s1n1 pci 0000:00:11.0:   bridge window [mem 0x3c2001800000-0x3c2001cfffff 64bit pref]
2015-02-12T15:37:15.128548-06:00 c0-0c2s1n1 pci 0000:00:1e.0: PCI bridge to [bus 05-05]
2015-02-12T15:37:15.153298-06:00 c0-0c2s1n1 pci 0000:00:1e.0:   bridge window [io  disabled]
2015-02-12T15:37:15.153520-06:00 c0-0c2s1n1 pci 0000:00:1e.0:   bridge window [mem disabled]
2015-02-12T15:37:15.178226-06:00 c0-0c2s1n1 pci 0000:00:1e.0:   bridge window [mem pref disabled]
2015-02-12T15:37:15.178655-06:00 c0-0c2s1n1 pci 0000:00:02.0: PCI INT A -> GSI 32 (level, low) -> IRQ 32
2015-02-12T15:37:15.178986-06:00 c0-0c2s1n1 pci 0000:00:03.0: PCI INT A -> GSI 40 (level, low) -> IRQ 40
2015-02-12T15:37:15.203847-06:00 c0-0c2s1n1 pci 0000:00:03.2: PCI INT A -> GSI 40 (level, low) -> IRQ 40
2015-02-12T15:37:15.204160-06:00 c0-0c2s1n1 pci 0000:00:11.0: PCI INT A -> GSI 16 (level, low) -> IRQ 16
2015-02-12T15:37:15.228981-06:00 c0-0c2s1n1 NET: Registered protocol family 2
2015-02-12T15:37:15.229421-06:00 c0-0c2s1n1 IP route cache hash table entries: 524288 (order: 10, 4194304 bytes)
2015-02-12T15:37:15.254139-06:00 c0-0c2s1n1 TCP established hash table entries: 524288 (order: 11, 8388608 bytes)
2015-02-12T15:37:15.254528-06:00 c0-0c2s1n1 TCP bind hash table entries: 65536 (order: 8, 1048576 bytes)
2015-02-12T15:37:15.254770-06:00 c0-0c2s1n1 TCP: Hash tables configured (established 524288 bind 65536)
2015-02-12T15:37:15.279339-06:00 c0-0c2s1n1 TCP reno registered
2015-02-12T15:37:15.316440-06:00 c0-0c2s1n1 UDP hash table entries: 32768 (order: 8, 1048576 bytes)
2015-02-12T15:37:15.316612-06:00 c0-0c2s1n1 UDP-Lite hash table entries: 32768 (order: 8, 1048576 bytes)
2015-02-12T15:37:15.316734-06:00 c0-0c2s1n1 NET: Registered protocol family 1
2015-02-12T15:37:15.316956-06:00 c0-0c2s1n1 RPC: Registered named UNIX socket transport module.
2015-02-12T15:37:15.317047-06:00 c0-0c2s1n1 RPC: Registered udp transport module.
2015-02-12T15:37:15.356400-06:00 c0-0c2s1n1 RPC: Registered tcp transport module.
2015-02-12T15:37:15.356540-06:00 c0-0c2s1n1 RPC: Registered tcp NFSv4.1 backchannel transport module.
2015-02-12T15:37:15.356713-06:00 c0-0c2s1n1 pci 0000:00:1a.0: PCI INT A -> GSI 16 (level, low) -> IRQ 16
2015-02-12T15:37:15.380326-06:00 c0-0c2s1n1 pci 0000:00:1a.0: PCI INT A disabled
2015-02-12T15:37:15.380558-06:00 c0-0c2s1n1 pci 0000:00:1d.0: PCI INT A -> GSI 23 (level, low) -> IRQ 23
2015-02-12T15:37:15.405768-06:00 c0-0c2s1n1 pci 0000:00:1d.0: PCI INT A disabled
2015-02-12T15:37:15.405839-06:00 c0-0c2s1n1 Trying to unpack rootfs image as initramfs...
2015-02-12T15:37:15.834507-06:00 c0-0c2s1n1 Freeing initrd memory: 12352k freed
2015-02-12T15:37:15.859339-06:00 c0-0c2s1n1 DMAR: Device scope device [0000:00:01.01] not found
2015-02-12T15:37:15.859533-06:00 c0-0c2s1n1 DMAR: Device scope device [0000:00:01.01] not found
2015-02-12T15:37:15.859690-06:00 c0-0c2s1n1 PCI-DMA: Using software bounce buffering for IO (SWIOTLB)
2015-02-12T15:37:15.884722-06:00 c0-0c2s1n1 Placing 64MB software IO TLB between ffff88007a67c000 - ffff88007e67c000
2015-02-12T15:37:15.909641-06:00 c0-0c2s1n1 software IO TLB at phys 0x7a67c000 - 0x7e67c000
2015-02-12T15:37:15.910116-06:00 c0-0c2s1n1 Machine check injector initialized
2015-02-12T15:37:15.934962-06:00 c0-0c2s1n1 futex hash table entries: 4096 (order: 6, 262144 bytes)
2015-02-12T15:37:15.935139-06:00 c0-0c2s1n1 Registering pnotify support for (name=job)
2015-02-12T15:37:15.935172-06:00 c0-0c2s1n1 CSA: initialized
2015-02-12T15:37:15.935390-06:00 c0-0c2s1n1 audit: initializing netlink socket (disabled)
2015-02-12T15:37:15.935520-06:00 c0-0c2s1n1 type=2000 audit(1423777030.512:1): initialized
2015-02-12T15:37:15.985946-06:00 c0-0c2s1n1 HugeTLB registered 2 MB page size, pre-allocated 0 pages
2015-02-12T15:37:15.986179-06:00 c0-0c2s1n1 VFS: Disk quotas dquot_6.5.2
2015-02-12T15:37:16.011050-06:00 c0-0c2s1n1 Dquot-cache hash table entries: 512 (order 0, 4096 bytes)
2015-02-12T15:37:16.011358-06:00 c0-0c2s1n1 Installing knfsd (copyright (C) 1996 okir@monad.swb.de).
2015-02-12T15:37:16.011490-06:00 c0-0c2s1n1 fuse init (API version 7.16)
2015-02-12T15:37:16.036267-06:00 c0-0c2s1n1 Installing v9fs 9p2000 file system support
2015-02-12T15:37:16.036421-06:00 c0-0c2s1n1 msgmni has been set to 32268
2015-02-12T15:37:16.061299-06:00 c0-0c2s1n1 Block layer SCSI generic (bsg) driver version 0.4 loaded (major 254)
2015-02-12T15:37:16.061525-06:00 c0-0c2s1n1 io scheduler noop registered (default)
2015-02-12T15:37:16.061656-06:00 c0-0c2s1n1 io scheduler deadline registered
2015-02-12T15:37:16.061845-06:00 c0-0c2s1n1 io scheduler cfq registered
2015-02-12T15:37:16.086758-06:00 c0-0c2s1n1 input: Power Button as PATH1228:PATH1229:PATH1230:PATH1231
2015-02-12T15:37:16.086837-06:00 c0-0c2s1n1 ACPI: Power Button [PWRB]
2015-02-12T15:37:16.111875-06:00 c0-0c2s1n1 input: Power Button as PATH1228:PATH1232:PATH1233
2015-02-12T15:37:16.111974-06:00 c0-0c2s1n1 ACPI: Power Button [PWRF]
2015-02-12T15:37:16.212640-06:00 c0-0c2s1n1 ERST: Error Record Serialization Table (ERST) support is disabled.
2015-02-12T15:37:16.212692-06:00 c0-0c2s1n1 GHES: HEST is not enabled!
2015-02-12T15:37:16.288393-06:00 c0-0c2s1n1 Serial: PATH1234 driver, 2 ports, IRQ sharing disabled
2015-02-12T15:37:16.288484-06:00 c0-0c2s1n1 serial8250: ttyS0 at PATH1235 0x3f8 (irq = 4) is a 16550A
2015-02-12T15:37:16.339146-06:00 c0-0c2s1n1 serial8250: ttyS1 at PATH1235 0x2f8 (irq = 3) is a 16550A
2015-02-12T15:37:16.440100-06:00 c0-0c2s1n1 Real Time Clock Driver v1.12b
2015-02-12T15:37:16.440218-06:00 c0-0c2s1n1 Linux agpgart interface v0.103
2015-02-12T15:37:16.440310-06:00 c0-0c2s1n1 brd: module loaded
2015-02-12T15:37:16.465061-06:00 c0-0c2s1n1 loop: module loaded
2015-02-12T15:37:16.465185-06:00 c0-0c2s1n1 Loading iSCSI transport class v2.0-870.
2015-02-12T15:37:16.465349-06:00 c0-0c2s1n1 iscsi: registered transport (tcp)
2015-02-12T15:37:16.490302-06:00 c0-0c2s1n1 Rounding down aligned max_sectors from 4294967295 to 4294967288
2015-02-12T15:37:16.490384-06:00 c0-0c2s1n1 console [netcon0] enabled
2015-02-12T15:37:16.490488-06:00 c0-0c2s1n1 netconsole: network logging started
2015-02-12T15:37:16.515495-06:00 c0-0c2s1n1 i8042: PNP: No PATH1236 controller found. Probing ports directly.
2015-02-12T15:37:17.047792-06:00 c0-0c2s1n1 Refined TSC clocksource calibration: 2599.999 MHz.
2015-02-12T15:37:17.047804-06:00 c0-0c2s1n1 Switching to clocksource tsc
2015-02-12T15:37:17.548428-06:00 c0-0c2s1n1 i8042: No controller found
2015-02-12T15:37:17.548516-06:00 c0-0c2s1n1 EDAC MC: Ver: 2.1.0
2015-02-12T15:37:17.548680-06:00 c0-0c2s1n1 cpuidle: using governor ladder
2015-02-12T15:37:17.573620-06:00 c0-0c2s1n1 cpuidle: using governor menu
2015-02-12T15:37:17.573778-06:00 c0-0c2s1n1 oprofile: using NMI interrupt.
2015-02-12T15:37:17.573900-06:00 c0-0c2s1n1 TCP cubic registered
2015-02-12T15:37:17.574016-06:00 c0-0c2s1n1 NET: Registered protocol family 10
2015-02-12T15:37:17.574167-06:00 c0-0c2s1n1 IPv6 over IPv4 tunneling driver
2015-02-12T15:37:17.598819-06:00 c0-0c2s1n1 NET: Registered protocol family 17
2015-02-12T15:37:17.598956-06:00 c0-0c2s1n1 Installing 9P2000 support
2015-02-12T15:37:17.599098-06:00 c0-0c2s1n1 Registering the dns_resolver key type
2015-02-12T15:37:17.599209-06:00 c0-0c2s1n1 registered taskstats version 1
2015-02-12T15:37:17.624322-06:00 c0-0c2s1n1 Freeing unused kernel memory: 692k freed
2015-02-12T15:37:17.699847-06:00 c0-0c2s1n1 ghal_init:Cray(R) Gemini Hardware Abstraction Layer - version 1.0107
2015-02-12T15:37:17.699892-06:00 c0-0c2s1n1 ghal_init:Copyright (C) 2007-1012 Cray Inc.
2015-02-12T15:37:17.751179-06:00 c0-0c2s1n1 ghal 0000:01:00.1: enabling device (0000 -> 0002)
2015-02-12T15:37:17.751188-06:00 c0-0c2s1n1 udev: starting version 147
2015-02-12T15:37:17.751194-06:00 c0-0c2s1n1 simplex: module license 'unspecified' taints kernel.
2015-02-12T15:37:17.776274-06:00 c0-0c2s1n1 hss-os: communication area 0xffff881009b01a00 (phys 0x1009b01a00)
2015-02-12T15:37:17.776350-06:00 c0-0c2s1n1 hss-os: new channel 1
2015-02-12T15:37:19.288107-06:00 c0-0c2s1n1 request_sys_info_from_L0: No tile dimension data
2015-02-12T15:37:19.288123-06:00 c0-0c2s1n1 hss-os: new channel 2
2015-02-12T15:37:19.288144-06:00 c0-0c2s1n1 kgni_init:Cray(R) Gemini Network Interface - Sep 17 2014 version 0x004500b7 rev 9750
2015-02-12T15:37:19.288160-06:00 c0-0c2s1n1 kgni_init:Copyright (C) 2007,2008 Cray Inc.
2015-02-12T15:37:19.288175-06:00 c0-0c2s1n1 ipogif_init:Cray(R) Gemini IP over Fabric device driver - version 0.17
2015-02-12T15:37:19.288188-06:00 c0-0c2s1n1 ipogif_init:Copyright (C) 2007 Cray Inc.
2015-02-12T15:37:19.288205-06:00 c0-0c2s1n1 ipogif_probe:Immediate checksum off
2015-02-12T15:37:19.288226-06:00 c0-0c2s1n1 Cray(R) Gemini Performance Counter Daemon - version 0.1
2015-02-12T15:37:19.288242-06:00 c0-0c2s1n1 GEMINI Performance Counter Daemon.
2015-02-12T15:37:19.288256-06:00 c0-0c2s1n1 Cray(R) Kernel Dynamic Registration (KDREG) Interface - version 0x2243e
2015-02-12T15:37:19.288270-06:00 c0-0c2s1n1 Copyright (C) 2004-5 Pete Wyckoff - modified by Cray(R)
2015-02-12T15:37:19.288281-06:00 c0-0c2s1n1 ipogif_up:Bringing interface up
2015-02-12T15:37:19.288294-06:00 c0-0c2s1n1 Sending ec_node_info with boot code 0 (NODE_INFO_OS_BOOT) for nid 133
2015-02-12T15:37:19.288329-06:00 c0-0c2s1n1 net.core.rmem_max = 16777216
2015-02-12T15:37:19.288343-06:00 c0-0c2s1n1 net.core.wmem_max = 16777216
2015-02-12T15:37:19.288358-06:00 c0-0c2s1n1 net.core.rmem_default = 16777216
2015-02-12T15:37:19.288371-06:00 c0-0c2s1n1 net.core.wmem_default = 16777216
2015-02-12T15:37:19.288399-06:00 c0-0c2s1n1 net.core.optmem_max = 16777216
2015-02-12T15:37:19.288411-06:00 c0-0c2s1n1 net.ipv4.tcp_mem = 16777216 16777216 16777216
2015-02-12T15:37:19.288419-06:00 c0-0c2s1n1 net.ipv4.tcp_rmem = 4096 87380 16777216
2015-02-12T15:37:19.288432-06:00 c0-0c2s1n1 net.ipv4.tcp_wmem = 4096 65536 16777216
2015-02-12T15:37:19.288446-06:00 c0-0c2s1n1 Using rootfs config: nfs-shared...
2015-02-12T15:37:19.288460-06:00 c0-0c2s1n1 rootfs mount succeeded.
2015-02-12T15:37:19.288473-06:00 c0-0c2s1n1 **********************************************************
2015-02-12T15:37:19.288486-06:00 c0-0c2s1n1    HOSTNAME: nid00133
2015-02-12T15:37:19.288496-06:00 c0-0c2s1n1 **********************************************************
2015-02-12T15:37:19.288507-06:00 c0-0c2s1n1 ipogif0   Link encap:Ethernet  HWaddr 00:01:01:00:00:85  
2015-02-12T15:37:19.288515-06:00 c0-0c2s1n1          inet addr:IPADDR39  Mask:IPADDR15
2015-02-12T15:37:19.288529-06:00 c0-0c2s1n1          inet6 addr: fe80::201:1ff:fe00:PATH3938 Scope:Link
2015-02-12T15:37:19.288542-06:00 c0-0c2s1n1          UP RUNNING NOARP  MTU:65520  Metric:1
2015-02-12T15:37:19.288566-06:00 c0-0c2s1n1          RX packets:21 errors:0 dropped:0 overruns:0 frame:0
2015-02-12T15:37:19.288578-06:00 c0-0c2s1n1          TX packets:28 errors:0 dropped:0 overruns:0 carrier:0
2015-02-12T15:37:19.288586-06:00 c0-0c2s1n1          collisions:0 txqueuelen:1000 
2015-02-12T15:37:19.288591-06:00 c0-0c2s1n1          RX bytes:2496 (2.4 KiB)  TX bytes:2540 (2.4 KiB)
2015-02-12T15:37:19.288616-06:00 c0-0c2s1n1 lo        Link encap:Local Loopback  
2015-02-12T15:37:19.288623-06:00 c0-0c2s1n1          inet addr:IPADDR18  Mask:IPADDR24
2015-02-12T15:37:19.288637-06:00 c0-0c2s1n1          inet6 addr: ::PATH1252 Scope:Host
2015-02-12T15:37:19.288648-06:00 c0-0c2s1n1          UP LOOPBACK RUNNING  MTU:16436  Metric:1
2015-02-12T15:37:19.288656-06:00 c0-0c2s1n1          RX packets:0 errors:0 dropped:0 overruns:0 frame:0
2015-02-12T15:37:19.288661-06:00 c0-0c2s1n1          TX packets:0 errors:0 dropped:0 overruns:0 carrier:0
2015-02-12T15:37:19.288668-06:00 c0-0c2s1n1          collisions:0 txqueuelen:0 
2015-02-12T15:37:19.288684-06:00 c0-0c2s1n1          RX bytes:0 (0.0 B)  TX bytes:0 (0.0 B)
2015-02-12T15:37:19.288710-06:00 c0-0c2s1n1 Mounting NID specific PATH1253 (nid=133)...
2015-02-12T15:37:19.288728-06:00 c0-0c2s1n1 done.
2015-02-12T15:37:19.288737-06:00 c0-0c2s1n1 INIT: version 2.86 booting
2015-02-12T15:37:19.288743-06:00 c0-0c2s1n1 System Boot Control: Running PATH1254
2015-02-12T15:37:19.288748-06:00 c0-0c2s1n1 Mounting sysfs at PATH12557[?25l
2015-02-12T15:37:19.288756-06:00 c0-0c2s1n1 [80C[10D[1;32mdone[m8[?25h
2015-02-12T15:37:19.288780-06:00 c0-0c2s1n1 Copying static PATH1256 content7[?25l
2015-02-12T15:37:19.288789-06:00 c0-0c2s1n1 [80C[10D[1;32mdone[m8[?25h
2015-02-12T15:37:19.289352-06:00 c0-0c2s1n1 Mounting tmpfs at PATH12577[?25l
2015-02-12T15:37:19.289360-06:00 c0-0c2s1n1 [80C[10D[1;32mdone[m8[?25h
2015-02-12T15:37:19.289384-06:00 c0-0c2s1n1 Mounting devpts at PATH12587[?25l
2015-02-12T15:37:19.289394-06:00 c0-0c2s1n1 [80C[10D[1;32mdone[m8[?25h
2015-02-12T15:37:19.313891-06:00 c0-0c2s1n1 Boot logging started on PATH1259(PATH1260) at Thu Feb 12 15:37:13 2015
2015-02-12T15:37:19.364396-06:00 c0-0c2s1n1 Mounting debugfs at PATH12617[?25l
2015-02-12T15:37:19.364402-06:00 c0-0c2s1n1 [80C[10D[1;32mdone[m8[?25h
2015-02-12T15:37:19.426165-06:00 c0-0c2s1n1 [m[?25hNo efivars filesystem driver available.[m[?25hStarting udevd: udev: starting version 147
2015-02-12T15:37:19.426174-06:00 c0-0c2s1n1 7[?25l
2015-02-12T15:37:19.426180-06:00 c0-0c2s1n1 [80C[10D[1;32mdone[m8[?25h
2015-02-12T15:37:19.476645-06:00 c0-0c2s1n1 Loading drivers, configuring devices: Compat-rdma backport release: ac916cb
2015-02-12T15:37:19.476760-06:00 c0-0c2s1n1 Backport based on git:PATH1237 5268562
2015-02-12T15:37:19.476863-06:00 c0-0c2s1n1 usbcore: registered new interface driver usbfs
2015-02-12T15:37:19.501836-06:00 c0-0c2s1n1 usbcore: registered new interface driver hub
2015-02-12T15:37:19.501898-06:00 c0-0c2s1n1 usbcore: registered new device driver usb
2015-02-12T15:37:19.502013-06:00 c0-0c2s1n1 ahci 0000:00:1f.2: PCI INT B -> GSI 19 (level, low) -> IRQ 19
2015-02-12T15:37:19.526981-06:00 c0-0c2s1n1 ehci_hcd: USB 2.0 'Enhanced' Host Controller (EHCI) Driver
2015-02-12T15:37:19.527203-06:00 c0-0c2s1n1 compat.git: git:PATH1237
2015-02-12T15:37:19.527335-06:00 c0-0c2s1n1 ahci 0000:00:1f.2: forcing PORTS_IMPL to 0x3f
2015-02-12T15:37:19.552265-06:00 c0-0c2s1n1 ahci 0000:00:1f.2: AHCI 0001.0300 32 slots 6 ports 6 Gbps 0x3f impl SATA mode
2015-02-12T15:37:19.552416-06:00 c0-0c2s1n1 ahci 0000:00:1f.2: flags: 64bit ncq sntf pm led clo pio slum part ems apst 
2015-02-12T15:37:19.552474-06:00 c0-0c2s1n1 scsi0 : ahci
2015-02-12T15:37:19.552534-06:00 c0-0c2s1n1 scsi1 : ahci
2015-02-12T15:37:19.552555-06:00 c0-0c2s1n1 scsi2 : ahci
2015-02-12T15:37:19.577407-06:00 c0-0c2s1n1 scsi3 : ahci
2015-02-12T15:37:19.577441-06:00 c0-0c2s1n1 scsi4 : ahci
2015-02-12T15:37:19.577664-06:00 c0-0c2s1n1 mlx4_core: Mellanox ConnectX core driver v1.1 (Dec, 2011)
2015-02-12T15:37:19.602673-06:00 c0-0c2s1n1 mlx4_core: Initializing 0000:02:00.0
2015-02-12T15:37:19.602886-06:00 c0-0c2s1n1 mlx4_core 0000:02:00.0: PCI INT A -> GSI 40 (level, low) -> IRQ 40
2015-02-12T15:37:19.602948-06:00 c0-0c2s1n1 scsi5 : ahci
2015-02-12T15:37:19.627928-06:00 c0-0c2s1n1 ata2: SATA max PATH1238 abar m2048@0xfbf00000 port 0xfbf00100 irq 164
2015-02-12T15:37:19.628243-06:00 c0-0c2s1n1 ata3: SATA max PATH1238 abar m2048@0xfbf00000 port 0xfbf00180 irq 164
2015-02-12T15:37:19.628539-06:00 c0-0c2s1n1 ata4: SATA max PATH1238 abar m2048@0xfbf00000 port 0xfbf00200 irq 164
2015-02-12T15:37:19.653238-06:00 c0-0c2s1n1 ata5: SATA max PATH1238 abar m2048@0xfbf00000 port 0xfbf00280 irq 164
2015-02-12T15:37:19.653430-06:00 c0-0c2s1n1 ata6: SATA max PATH1238 abar m2048@0xfbf00000 port 0xfbf00300 irq 164
2015-02-12T15:37:19.678588-06:00 c0-0c2s1n1 ata7: SATA max PATH1238 abar m2048@0xfbf00000 port 0xfbf00380 irq 164
2015-02-12T15:37:19.678822-06:00 c0-0c2s1n1 ehci_hcd 0000:00:1a.0: PCI INT A -> GSI 16 (level, low) -> IRQ 16
2015-02-12T15:37:19.678955-06:00 c0-0c2s1n1 ehci_hcd 0000:00:1a.0: EHCI Host Controller
2015-02-12T15:37:19.704470-06:00 c0-0c2s1n1 ehci_hcd 0000:00:1a.0: new USB bus registered, assigned bus number 1
2015-02-12T15:37:19.729397-06:00 c0-0c2s1n1 ehci_hcd 0000:00:1a.0: debug port 2
2015-02-12T15:37:19.729448-06:00 c0-0c2s1n1 ehci_hcd 0000:00:1a.0: irq 16, io mem 0xfbf02000
2015-02-12T15:37:19.729823-06:00 c0-0c2s1n1 ehci_hcd 0000:00:1a.0: USB 2.0 started, EHCI 1.00
2015-02-12T15:37:19.754932-06:00 c0-0c2s1n1 hub 1-0:1.0: USB hub found
2015-02-12T15:37:19.755326-06:00 c0-0c2s1n1 hub 1-0:1.0: 2 ports detected
2015-02-12T15:37:19.780516-06:00 c0-0c2s1n1 ehci_hcd 0000:00:1d.0: PCI INT A -> GSI 23 (level, low) -> IRQ 23
2015-02-12T15:37:19.780529-06:00 c0-0c2s1n1 ehci_hcd 0000:00:1d.0: EHCI Host Controller
2015-02-12T15:37:19.821503-06:00 c0-0c2s1n1 ehci_hcd 0000:00:1d.0: new USB bus registered, assigned bus number 2
2015-02-12T15:37:19.821512-06:00 c0-0c2s1n1 ehci_hcd 0000:00:1d.0: debug port 2
2015-02-12T15:37:19.821784-06:00 c0-0c2s1n1 ehci_hcd 0000:00:1d.0: irq 23, io mem 0xfbf01000
2015-02-12T15:37:19.846309-06:00 c0-0c2s1n1 ehci_hcd 0000:00:1d.0: USB 2.0 started, EHCI 1.00
2015-02-12T15:37:19.846357-06:00 c0-0c2s1n1 hub 2-0:1.0: USB hub found
2015-02-12T15:37:19.871325-06:00 c0-0c2s1n1 hub 2-0:1.0: 2 ports detected
2015-02-12T15:37:20.095955-06:00 c0-0c2s1n1 usb 1-1: new high-speed USB device number 2 using ehci_hcd
2015-02-12T15:37:20.197122-06:00 c0-0c2s1n1 hub 1-1:1.0: USB hub found
2015-02-12T15:37:20.222091-06:00 c0-0c2s1n1 hub 1-1:1.0: 6 ports detected
2015-02-12T15:37:20.348246-06:00 c0-0c2s1n1 usb 2-1: new high-speed USB device number 2 using ehci_hcd
2015-02-12T15:37:20.474525-06:00 c0-0c2s1n1 hub 2-1:1.0: USB hub found
2015-02-12T15:37:20.474624-06:00 c0-0c2s1n1 hub 2-1:1.0: 8 ports detected
2015-02-12T15:37:20.701482-06:00 c0-0c2s1n1 ata7: failed to resume link (SControl 0)
2015-02-12T15:37:20.701549-06:00 c0-0c2s1n1 ata7: SATA link down (SStatus 0 SControl 0)
2015-02-12T15:37:20.726647-06:00 c0-0c2s1n1 ata3: failed to resume link (SControl 0)
2015-02-12T15:37:20.726772-06:00 c0-0c2s1n1 ata3: SATA link down (SStatus 0 SControl 0)
2015-02-12T15:37:20.726811-06:00 c0-0c2s1n1 ata4: failed to resume link (SControl 0)
2015-02-12T15:37:20.726839-06:00 c0-0c2s1n1 ata4: SATA link down (SStatus 0 SControl 0)
2015-02-12T15:37:20.751815-06:00 c0-0c2s1n1 ata5: failed to resume link (SControl 0)
2015-02-12T15:37:20.777049-06:00 c0-0c2s1n1 ata5: SATA link down (SStatus 0 SControl 0)
2015-02-12T15:37:20.777078-06:00 c0-0c2s1n1 ata2: failed to resume link (SControl 0)
2015-02-12T15:37:20.777115-06:00 c0-0c2s1n1 ata2: SATA link down (SStatus 0 SControl 0)
2015-02-12T15:37:20.802249-06:00 c0-0c2s1n1 ata6: failed to resume link (SControl 0)
2015-02-12T15:37:20.802272-06:00 c0-0c2s1n1 ata6: SATA link down (SStatus 0 SControl 0)
2015-02-12T15:37:25.454316-06:00 c0-0c2s1n1 mlx4_core 0000:02:00.0: 64B PATH1239 supported by the device but not enabled
2015-02-12T15:37:26.173365-06:00 c0-0c2s1n1 mlx4_core: Initializing 0000:03:00.0
2015-02-12T15:37:26.173421-06:00 c0-0c2s1n1 mlx4_core 0000:03:00.0: PCI INT A -> GSI 42 (level, low) -> IRQ 42
2015-02-12T15:37:31.994330-06:00 c0-0c2s1n1 mlx4_core 0000:03:00.0: 64B PATH1239 supported by the device but not enabled
2015-02-12T15:37:32.738718-06:00 c0-0c2s1n1 7[?25l
2015-02-12T15:37:32.738723-06:00 c0-0c2s1n1 [80C[10D[1;32mdone[m8[?25h
2015-02-12T15:37:32.789218-06:00 c0-0c2s1n1 [m[?25hMounting PATH1262 from IPADDR13. Checking for nid=133 existance.
2015-02-12T15:37:32.951694-06:00 c0-0c2s1n1 7[?25l
2015-02-12T15:37:32.951700-06:00 c0-0c2s1n1 [80C[10D[1;32mdone[m8[?25h
2015-02-12T15:37:33.003042-06:00 c0-0c2s1n1 Mounting tmpfs on PATH12637[?25l
2015-02-12T15:37:33.003063-06:00 c0-0c2s1n1 [80C[10D[1;32mdone[m8[?25h
2015-02-12T15:37:33.028311-06:00 c0-0c2s1n1 Running sysctl using values from PATH1264
2015-02-12T15:37:33.028352-06:00 c0-0c2s1n1 net.ipv4.icmp_echo_ignore_broadcasts = 1
2015-02-12T15:37:33.028394-06:00 c0-0c2s1n1 net.ipv4.conf.all.rp_filter = 1
2015-02-12T15:37:33.028406-06:00 c0-0c2s1n1 fs.inotify.max_user_watches = 65536
2015-02-12T15:37:33.028435-06:00 c0-0c2s1n1 net.ipv4.conf.default.promote_secondaries = 1
2015-02-12T15:37:33.028461-06:00 c0-0c2s1n1 net.ipv4.conf.all.promote_secondaries = 1
2015-02-12T15:37:33.028473-06:00 c0-0c2s1n1 vm.min_free_kbytes = 102400
2015-02-12T15:37:33.028498-06:00 c0-0c2s1n1 7[?25l
2015-02-12T15:37:33.028505-06:00 c0-0c2s1n1 [80C[10D[1;32mdone[m8[?25h
2015-02-12T15:37:33.053654-06:00 c0-0c2s1n1 [m[?25hActivating swap-devices in PATH1265
2015-02-12T15:37:33.053693-06:00 c0-0c2s1n1 7[?25l[1A
2015-02-12T15:37:33.053702-06:00 c0-0c2s1n1 [80C[10D[1;32mdone[m8[?25hroot file system (PATH24) is NOT being checked.
2015-02-12T15:37:33.983031-06:00 c0-0c2s1n1 [m[?25hSet System Time to the current Hardware Clock7[?25l
2015-02-12T15:37:33.983046-06:00 c0-0c2s1n1 [80C[10D[1;32mdone[m8[?25h
2015-02-12T15:37:34.008389-06:00 c0-0c2s1n1 [m[?25hActivating device mapper...
2015-02-12T15:37:34.033547-06:00 c0-0c2s1n1 device-mapper: ioctl: 4.23.0-ioctl (2012-07-25) initialised: dm-devel@redhat.com
2015-02-12T15:37:34.033559-06:00 c0-0c2s1n1 7[?25l
2015-02-12T15:37:34.033573-06:00 c0-0c2s1n1 [80C[10D[1;32mdone[m8[?25h
2015-02-12T15:37:34.033665-06:00 c0-0c2s1n1 [m[?25hLoading required kernel modules
2015-02-12T15:37:34.109207-06:00 c0-0c2s1n1 7[?25l[1A
2015-02-12T15:37:34.109220-06:00 c0-0c2s1n1 [80C[10D[1;32mdone[m8[?25h[m[?25h[m[?25hWaiting for udev to settle...
2015-02-12T15:37:34.109270-06:00 c0-0c2s1n1 Scanning for LVM volume groups...
2015-02-12T15:37:34.109359-06:00 c0-0c2s1n1  Reading all physical volumes.  This may take a while...
2015-02-12T15:37:34.109395-06:00 c0-0c2s1n1  No volume groups found
2015-02-12T15:37:34.109418-06:00 c0-0c2s1n1  No volume groups found
2015-02-12T15:37:34.109474-06:00 c0-0c2s1n1 Activating LVM volume groups...
2015-02-12T15:37:34.109483-06:00 c0-0c2s1n1  PARTIAL MODE. Incomplete logical volumes will be processed.
2015-02-12T15:37:34.109505-06:00 c0-0c2s1n1  No volume groups found
2015-02-12T15:37:34.134340-06:00 c0-0c2s1n1 7[?25l
2015-02-12T15:37:34.134350-06:00 c0-0c2s1n1 [80C[10D[1;32mdone[m8[?25h
2015-02-12T15:37:34.159694-06:00 c0-0c2s1n1 [m[?25hNo fibre channel cards present.  Not waiting for disk devices. 
2015-02-12T15:37:34.184862-06:00 c0-0c2s1n1 [m[?25hChecking file systems...
2015-02-12T15:37:34.184893-06:00 c0-0c2s1n1 fsck from util-linux 2.19.1
2015-02-12T15:37:34.226057-06:00 c0-0c2s1n1 Checking all file systems.
2015-02-12T15:37:34.226095-06:00 c0-0c2s1n1 7[?25l[1A
2015-02-12T15:37:34.226107-06:00 c0-0c2s1n1 [80C[10D[1;32mdone[m8[?25hMounting local file systems...
2015-02-12T15:37:34.226116-06:00 c0-0c2s1n1 nothing was mounted
2015-02-12T15:37:34.478209-06:00 c0-0c2s1n1 7[?25l[1A
2015-02-12T15:37:34.478221-06:00 c0-0c2s1n1 [80C[10D[1;32mdone[m8[?25h[m[?25hCheck if the profiles matches the system7[?25l
2015-02-12T15:37:34.478231-06:00 c0-0c2s1n1 [80C[10D[1;32mdone[m8[?25h
2015-02-12T15:37:34.521553-06:00 c0-0c2s1n1 [m[?25hEnabling monitoring on LVM volume groups...
2015-02-12T15:37:34.521565-06:00 c0-0c2s1n1  No volume groups found
2015-02-12T15:37:34.521574-06:00 c0-0c2s1n1 7[?25l
2015-02-12T15:37:34.521591-06:00 c0-0c2s1n1 [80C[10D[1;32mdone[m8[?25h
2015-02-12T15:37:34.572078-06:00 c0-0c2s1n1 [m[?25h[m[?25h[m[?25h[m[?25h[m[?25hTurning quota on
2015-02-12T15:37:34.572218-06:00 c0-0c2s1n1 Checking quotas. This may take some time.
2015-02-12T15:37:34.572240-06:00 c0-0c2s1n1 7[?25l
2015-02-12T15:37:34.572262-06:00 c0-0c2s1n1 [80C[10D[1;32mdone[m8[?25h
2015-02-12T15:37:34.597201-06:00 c0-0c2s1n1 [m[?25hSetting current sysctl status from PATH12647[?25l
2015-02-12T15:37:34.597218-06:00 c0-0c2s1n1 [80C[10D[1;32mdone[m8[?25h
2015-02-12T15:37:34.822127-06:00 c0-0c2s1n1 [m[?25hATTENTION: You have modified PATH3931  Leaving it untouched...
2015-02-12T15:37:34.822154-06:00 c0-0c2s1n1 You can find my version in PATH350775 ...
2015-02-12T15:37:34.822196-06:00 c0-0c2s1n1 touch: cannot touch `PATH1267': Read-only file system
2015-02-12T15:37:34.822209-06:00 c0-0c2s1n1 chmod: cannot access `PATH1267': No such file or directory
2015-02-12T15:37:34.822219-06:00 c0-0c2s1n1 touch: cannot touch `PATH1267': Read-only file system
2015-02-12T15:37:34.847287-06:00 c0-0c2s1n1 [m[?25hSystem Boot Control: The system has been 
2015-02-12T15:37:34.847301-06:00 c0-0c2s1n1 [80C[10D[1mset up[m
2015-02-12T15:37:34.847342-06:00 c0-0c2s1n1 Skipped features: [80C[19D[1;33mboot.efivars[m
2015-02-12T15:37:34.847353-06:00 c0-0c2s1n1 System Boot Control: Running PATH1268
2015-02-12T15:37:35.058507-06:00 c0-0c2s1n1 7[?25l[1A
2015-02-12T15:37:35.058516-06:00 c0-0c2s1n1 [8
2015-02-12T15:37:35.058536-06:00 c0-0c2s1n1 INIT: Entering runlevel: 3
2015-02-12T15:37:35.058545-06:00 c0-0c2s1n1 Master Resource Control: previous runlevel: N, switching to runlevel: 
2015-02-12T15:37:35.058554-06:00 c0-0c2s1n1 [80C[10D[1m3[m
2015-02-12T15:37:35.058560-06:00 c0-0c2s1n1 Starting batchlimitd
2015-02-12T15:37:35.058573-06:00 c0-0c2s1n1 [m[?25hLoading nic compatibility device7[?25l
2015-02-12T15:37:35.058579-06:00 c0-0c2s1n1 [80C[10D[1;32mdone[m8[?25h
2015-02-12T15:37:35.058749-06:00 c0-0c2s1n1 [m[?25hbpmcd_init: Power statistics available in PATH1240
2015-02-12T15:37:35.141964-06:00 c0-0c2s1n1 [m[?25hStarting D-Bus daemon7[?25l
2015-02-12T15:37:35.141982-06:00 c0-0c2s1n1 [80C[10D[1;32mdone[m8[?25h
2015-02-12T15:37:35.142098-06:00 c0-0c2s1n1 [m[?25hiSCSI Enterprise Target Software - version trunk
2015-02-12T15:37:35.167154-06:00 c0-0c2s1n1 iscsi_trgt: Registered io type fileio
2015-02-12T15:37:35.192395-06:00 c0-0c2s1n1 iscsi_trgt: Registered io type blockio
2015-02-12T15:37:35.192472-06:00 c0-0c2s1n1 iscsi_trgt: Registered io type nullio
2015-02-12T15:37:35.217658-06:00 c0-0c2s1n1 [m[?25hLNet: HW CPU cores: 16, npartitions: 4
2015-02-12T15:37:40.232121-06:00 c0-0c2s1n1 PATH3933: line 179: lctl: command not found
2015-02-12T15:37:40.260659-06:00 c0-0c2s1n1 [m[?25hRemoving old kernel packages...
2015-02-12T15:37:40.285784-06:00 c0-0c2s1n1 rm: cannot remove `PATH1269': Read-only file system
2015-02-12T15:37:40.311026-06:00 c0-0c2s1n1 PATH1270: multiversion.kernels not configured in PATH1271, exiting.
2015-02-12T15:37:40.311082-06:00 c0-0c2s1n1 7[?25l
2015-02-12T15:37:40.311098-06:00 c0-0c2s1n1 [80C[10D[1;32mdone[m8[?25h
2015-02-12T15:37:40.342162-06:00 c0-0c2s1n1 [m[?25hInitializing random number generator7[?25l
2015-02-12T15:37:40.342172-06:00 c0-0c2s1n1 [80C[10D[1;32mdone[m8[?25h
2015-02-12T15:37:41.461016-06:00 c0-0c2s1n1 [m[?25hmlx4_core 0000:03:00.0: PCI INT A disabled
2015-02-12T15:37:42.489141-06:00 c0-0c2s1n1 mlx4_core 0000:02:00.0: PCI INT A disabled
2015-02-12T15:37:42.616668-06:00 c0-0c2s1n1 Compat-rdma backport release: ac916cb
2015-02-12T15:37:42.616691-06:00 c0-0c2s1n1 Backport based on git:PATH1237 5268562
2015-02-12T15:37:42.641937-06:00 c0-0c2s1n1 compat.git: git:PATH1237
2015-02-12T15:37:42.641959-06:00 c0-0c2s1n1 mlx4_core: Mellanox ConnectX core driver v1.1 (Dec, 2011)
2015-02-12T15:37:42.641968-06:00 c0-0c2s1n1 mlx4_core: Initializing 0000:02:00.0
2015-02-12T15:37:42.667159-06:00 c0-0c2s1n1 mlx4_core 0000:02:00.0: PCI INT A -> GSI 40 (level, low) -> IRQ 40
2015-02-12T15:37:48.507052-06:00 c0-0c2s1n1 mlx4_core 0000:02:00.0: 64B PATH1239 supported by the device but not enabled
2015-02-12T15:37:49.201381-06:00 c0-0c2s1n1 mlx4_core: Initializing 0000:03:00.0
2015-02-12T15:37:49.201403-06:00 c0-0c2s1n1 mlx4_core 0000:03:00.0: PCI INT A -> GSI 42 (level, low) -> IRQ 42
2015-02-12T15:37:55.046810-06:00 c0-0c2s1n1 mlx4_core 0000:03:00.0: 64B PATH1239 supported by the device but not enabled
2015-02-12T15:37:55.782671-06:00 c0-0c2s1n1 <mlx4_ib> mlx4_ib_add: mlx4_ib: Mellanox ConnectX InfiniBand driver v1.0 (April 4, 2008)
2015-02-12T15:37:55.858226-06:00 c0-0c2s1n1 Loading HCA driver and Access Layer:[60G[  [1;32mOK[0;39m  ]
2015-02-12T15:37:55.883471-06:00 c0-0c2s1n1 Setting up InfiniBand network interfaces:
2015-02-12T15:37:55.883508-06:00 c0-0c2s1n1 Setting up service network . . .[60G[  [0;39mdone[0;39m  ]
2015-02-12T15:37:56.151975-06:00 c0-0c2s1n1 [m[?25hSetting up (localfs) network interfaces:
2015-02-12T15:37:56.304098-06:00 c0-0c2s1n1    lo        
2015-02-12T15:37:56.329326-06:00 c0-0c2s1n1    lo        IP address: PATH1272   
2015-02-12T15:37:56.354538-06:00 c0-0c2s1n1              IP address: PATH1273   
2015-02-12T15:37:56.480599-06:00 c0-0c2s1n1 7[?25l[1A
2015-02-12T15:37:56.480609-06:00 c0-0c2s1n1 [80C[10D[1;32mdone[m8[?25h    ipogif0   
2015-02-12T15:37:56.480629-06:00 c0-0c2s1n1              No configuration found for ipogif0
2015-02-12T15:37:56.505826-06:00 c0-0c2s1n1 7[?25l[1A
2015-02-12T15:37:56.505841-06:00 c0-0c2s1n1 [80C[10D[1munused[m8[?25hSetting up service (localfs) network  .  .  .  .  .  .  .  .  .  .7[?25l
2015-02-12T15:37:56.505846-06:00 c0-0c2s1n1 [80C[10D[1;32mdone[m8[?25h
2015-02-12T15:37:56.531037-06:00 c0-0c2s1n1 [m[?25hCould not start BND as this is not the boot node.
2015-02-12T15:37:56.556287-06:00 c0-0c2s1n1 bootnodes are: 1 1 
2015-02-12T15:37:56.556315-06:00 c0-0c2s1n1 mynid=133
2015-02-12T15:37:56.581536-06:00 c0-0c2s1n1 [m[?25hS04cray-config-service: Mounting 9p configuration directory. 
2015-02-12T15:37:57.589341-06:00 c0-0c2s1n1 S04cray-config-service:   Success.  
2015-02-12T15:37:57.639825-06:00 c0-0c2s1n1 [m[?25h[m[?25hStarting hw_info_init on 133
2015-02-12T15:37:57.665015-06:00 c0-0c2s1n1 bootnodes are: 1 1 
2015-02-12T15:37:57.665038-06:00 c0-0c2s1n1 mynid=133
2015-02-12T15:37:58.079792-06:00 c0-0c2s1n1 [m[?25h[m[?25h 
2015-02-12T15:37:58.105032-06:00 c0-0c2s1n1 cray-syslog: **WARNING**  PATH1274 MAY require hard and soft file limits 
2015-02-12T15:37:58.105076-06:00 c0-0c2s1n1 cray-syslog:              greater or equal to 8192 for proper LLM operation 
2015-02-12T15:37:58.105092-06:00 c0-0c2s1n1 cray-syslog:              when large number of jobs are launched concurrently.
2015-02-12T15:37:58.105102-06:00 c0-0c2s1n1 cray-syslog:              If you have failures running large number of concurrent jobs,
2015-02-12T15:37:58.105127-06:00 c0-0c2s1n1 cray-syslog:              you may wish to update the hard and soft nofile entries in 
2015-02-12T15:37:58.105139-06:00 c0-0c2s1n1 cray-syslog:              limits.conf as follows.
2015-02-12T15:37:58.105146-06:00 c0-0c2s1n1 
2015-02-12T15:37:58.105177-06:00 c0-0c2s1n1 cray-syslog: PATH1274: 
2015-02-12T15:37:58.105203-06:00 c0-0c2s1n1 cray-syslog: *  soft  nofile  8192
2015-02-12T15:37:58.130251-06:00 c0-0c2s1n1 cray-syslog: *  hard  nofile  8192
2015-02-12T15:37:58.130280-06:00 c0-0c2s1n1 
2015-02-12T15:37:59.088531-06:00 c0-0c2s1n1 cray-syslog: rsyslogd started as process 6803.
2015-02-12T15:38:00.110661-06:00 c0-0c2s1n1 cray-syslog: llmrd started as process  6816.
2015-02-12T15:38:00.143857-06:00 c0-0c2s1n1 [m[?25h[m[?25hStarting auditd startproc:  exit status of parent of PATH1275: 6
2015-02-12T15:38:00.170286-06:00 c0-0c2s1n1 7[?25l
2015-02-12T15:38:00.170301-06:00 c0-0c2s1n1 [80C[10D[1;32mdone[m8[?25h
2015-02-12T15:38:00.297354-06:00 c0-0c2s1n1 [m[?25hStarting haveged daemon 7[?25l
2015-02-12T15:38:00.297364-06:00 c0-0c2s1n1 [80C[10D[1;32mdone[m8[?25h
2015-02-12T15:38:00.322576-06:00 c0-0c2s1n1 [m[?25hStarting rpcbind 7[?25l
2015-02-12T15:38:00.322596-06:00 c0-0c2s1n1 [80C[10D[1;32mdone[m8[?25h
2015-02-12T15:38:00.322616-06:00 c0-0c2s1n1 [m[?25hbootnodes are: 1 1 
2015-02-12T15:38:00.362291-06:00 c0-0c2s1n1 mynid=133
2015-02-12T15:38:00.479880-06:00 c0-0c2s1n1 [m[?25hStarting NFS client services: sm-notify idmapd7[?25l
2015-02-12T15:38:00.479890-06:00 c0-0c2s1n1 [80C[10D[1;32mdone[m8[?25h
2015-02-12T15:38:00.530286-06:00 c0-0c2s1n1 [m[?25hStarting DVS service: DVS: Revision 1873 - Built: Sep 17 2014 @ 06:40:29 for lnet version 2.5
2015-02-12T15:38:00.581040-06:00 c0-0c2s1n1 Lustre: kgnilnd build version: 2.5-trunk-1.0502.17198.8.51-abuild-RB-5.2UP02_2.5.1-2014-09-17-06:59
2015-02-12T15:38:00.656717-06:00 c0-0c2s1n1 LNet: Added LNI 133@gni [PATH1244]
2015-02-12T15:38:01.693518-06:00 c0-0c2s1n1 7[?25l
2015-02-12T15:38:01.693528-06:00 c0-0c2s1n1 [80C[10D[1;32mdone[m8[?25h
2015-02-12T15:38:01.733391-06:00 c0-0c2s1n1 [m[?25hStarting java.binfmt_misc 7[?25l
2015-02-12T15:38:01.733401-06:00 c0-0c2s1n1 [80C[10D[1;32mdone[m8[?25h
2015-02-12T15:38:01.758592-06:00 c0-0c2s1n1 [m[?25hStarting mcelog... 7[?25l
2015-02-12T15:38:01.758607-06:00 c0-0c2s1n1 [80C[10D[1;32mdone[m8[?25h
2015-02-12T15:38:01.873406-06:00 c0-0c2s1n1 [m[?25hSetting up (remotefs) network interfaces:
2015-02-12T15:38:01.949213-06:00 c0-0c2s1n1    sit0      
2015-02-12T15:38:01.949304-06:00 c0-0c2s1n1              No configuration found for sit0
2015-02-12T15:38:01.999524-06:00 c0-0c2s1n1 7[?25l[1A
2015-02-12T15:38:01.999543-06:00 c0-0c2s1n1 [80C[10D[1munused[m8[?25hSetting up service (remotefs) network  .  .  .  .  .  .  .  .  .  .7[?25l
2015-02-12T15:38:01.999551-06:00 c0-0c2s1n1 [80C[10D[1;32mdone[m8[?25h
2015-02-12T15:38:02.049993-06:00 c0-0c2s1n1 [80C[10D[1;32mdone[m8[?25h
2015-02-12T15:38:02.075187-06:00 c0-0c2s1n1 [m[?25hsdbnodes are: 137 137 
2015-02-12T15:38:02.100456-06:00 c0-0c2s1n1 mynid=133
2015-02-12T15:38:02.150922-06:00 c0-0c2s1n1 [m[?25hStarting network time protocol daemon (NTPD)7[?25l
2015-02-12T15:38:02.150932-06:00 c0-0c2s1n1 [80C[10D[1;32mdone[m8[?25h
2015-02-12T15:38:02.201380-06:00 c0-0c2s1n1 [m[?25hStarting MUNGE: munged7[?25l
2015-02-12T15:38:02.201391-06:00 c0-0c2s1n1 [80C[10D[1;32mdone[m8[?25h
2015-02-12T15:38:02.277062-06:00 c0-0c2s1n1 [m[?25h[m[?25h[m[?25hStarting Name Service Cache Daemon7[?25l
2015-02-12T15:38:02.277072-06:00 c0-0c2s1n1 [80C[10D[1;32mdone[m8[?25h
2015-02-12T15:38:02.302237-06:00 c0-0c2s1n1 [m[?25hEnabling Linux Jobs
2015-02-12T15:38:02.327456-06:00 c0-0c2s1n1 [m[?25hStarting alps services
2015-02-12T15:38:02.825511-06:00 c0-0c2s1n1 Starting apsys
2015-02-12T15:38:03.633481-06:00 c0-0c2s1n1 2015-02-12 15:37:58: Switching pid 7419 to PATH319832
2015-02-12T15:38:03.848038-06:00 c0-0c2s1n1 7[?25l
2015-02-12T15:38:03.848048-06:00 c0-0c2s1n1 [80C[10D[1;32mdone[m8[?25h
2015-02-12T15:38:03.898490-06:00 c0-0c2s1n1 [m[?25h<node_health> Starting node_health_recovery
2015-02-12T15:38:03.898517-06:00 c0-0c2s1n1 [m[?25hsdbnodes are: 137 137 
2015-02-12T15:38:03.898526-06:00 c0-0c2s1n1 mynid=133
2015-02-12T15:38:03.923985-06:00 c0-0c2s1n1 [m[?25hblogd: no message logging because PATH1262 file system is not accessible
2015-02-12T15:38:03.924040-06:00 c0-0c2s1n1 Boot event: Starting
2015-02-12T15:38:03.924057-06:00 c0-0c2s1n1 Sending ec_node_info with boot code 8 (NODE_INFO_OS_BOOT_SUCCEEDED) for nid 133
2015-02-12T15:38:03.924088-06:00 c0-0c2s1n1 [m[?25hMaster Resource Control: runlevel 3 has been 
2015-02-12T15:38:03.924102-06:00 c0-0c2s1n1 [80C[10D[1mreached[m
2015-02-12T15:38:03.949049-06:00 c0-0c2s1n1 Failed services in runlevel 3: [80C[11D[1;31mlnet[m
2015-02-12T15:38:03.949084-06:00 c0-0c2s1n1 INIT: no more processes left in this runlevel
2015-02-12T15:28:37.247232-06:00 c0-0c1s6n0 ERROR: Type:2; Severity:80; Class:3; Subclass:D; Operation: 2
2015-02-12T15:39:08.937925-06:00 c0-0c1s6n0 Wait4Boot: WRITE: 523 bytes to memory @ 0x90CD0 ... complete
2015-02-12T15:39:08.937934-06:00 c0-0c1s6n0 Wait4Boot: Blade Controller Boot Protocol version - 1
2015-02-12T15:39:08.937939-06:00 c0-0c1s6n0 Wait4Boot: JUMP: KernelStart 0x100000, boot_params 0x90000, CmdLineAddr 0x90CD0
2015-02-12T15:39:08.937946-06:00 c0-0c1s6n0 OnExitBootServices..
2015-02-12T15:39:09.013813-06:00 c0-0c1s6n0 ConfigureXhciAtBoot() Start
2015-02-12T15:39:09.013984-06:00 c0-0c1s6n0 ConfigureXhciAtBoot() End
2015-02-12T15:39:09.014255-06:00 c0-0c1s6n0 (Wdt) RunWdtBeforeOsBoot
2015-02-12T15:39:09.014468-06:00 c0-0c1s6n0 (Wdt) DisableTimer
2015-02-12T15:39:12.032414-06:00 c0-0c1s6n0 Crypto Lib Callback.
2015-02-12T15:39:12.057279-06:00 c0-0c1s6n0 Heap addr before Virtual MemFixup = 7bacb018, After = 7bacb018
2015-02-12T15:39:12.057435-06:00 c0-0c1s6n0 NvramSmi Go Virtual
2015-02-12T15:39:12.184348-06:00 c0-0c1s6n0 Stopping all external HCs
2015-02-12T15:39:12.209174-06:00 c0-0c1s6n0 stopping all HC type 40:
2015-02-12T15:39:21.712666-06:00 c0-0c1s6n0 i8042: No controller found
2015-02-12T15:39:25.800921-06:00 c0-0c1s6n0 Sending ec_node_info with boot code 0 (NODE_INFO_OS_BOOT) for nid 88
2015-02-12T15:39:25.800929-06:00 c0-0c1s6n0 net.core.rmem_max = 16777216
2015-02-12T15:39:25.800935-06:00 c0-0c1s6n0 net.core.wmem_max = 16777216
2015-02-12T15:39:25.800944-06:00 c0-0c1s6n0 net.core.rmem_default = 16777216
2015-02-12T15:39:25.800958-06:00 c0-0c1s6n0 net.core.wmem_default = 16777216
2015-02-12T15:39:25.800963-06:00 c0-0c1s6n0 net.core.optmem_max = 16777216
2015-02-12T15:39:25.800972-06:00 c0-0c1s6n0 net.ipv4.tcp_mem = 16777216 16777216 16777216
2015-02-12T15:39:25.800983-06:00 c0-0c1s6n0 net.ipv4.tcp_rmem = 4096 87380 16777216
2015-02-12T15:39:25.800992-06:00 c0-0c1s6n0 net.ipv4.tcp_wmem = 4096 65536 16777216
2015-02-12T15:39:25.801002-06:00 c0-0c1s6n0 nid 88: Linux version 3.0.101-0.31.1_1.0502.8394-cray_ari_c (abuild@cfosbld02) (gcc version 4.3.4 [gcc-4_3-branch revision 152973] (SUSE Linux) ) #1 SMP Wed Sep 10 04:09:26 UTC 2014
2015-02-12T15:39:25.801009-06:00 c0-0c1s6n0 starting pid 6940, tty '': 'PATH3974'
2015-02-12T15:39:25.801016-06:00 c0-0c1s6n0 bpmcd_init: Power statistics available in PATH1240
2015-02-12T15:39:25.801030-06:00 c0-0c1s6n0 DVS: Revision 1873 - Built: Sep 17 2014 @ 06:40:25 for lnet version 2.5
2015-02-12T15:39:25.801039-06:00 c0-0c1s6n0 LNet: HW CPU cores: 64, npartitions: 8
2015-02-12T15:39:29.735052-06:00 c0-0c1s6n0 Lustre: kgnilnd build version: 2.5-trunk-1.0502.17198.8.57-abuild-RB-5.2UP02_2.5.1-2014-09-17-06:43
2015-02-12T15:39:29.861263-06:00 c0-0c1s6n0 LNet: Added LNI 88@gni [PATH4853]
2015-02-12T15:39:45.873541-06:00 c0-0c1s6n0 mcelog: Family 6 Model 3f CPU: only decoding architectural errors
2015-02-12T15:39:45.873851-06:00 c0-0c1s6n0 SGI XPMEM kernel module v2.2 loaded
2015-02-12T15:39:45.925080-06:00 c0-0c1s6n0 <node_health> (xtnhd) xtnhd has started
2015-02-12T15:39:46.119048-06:00 c0-0c1s6n0 boot_freemem data calculated:  130104968
2015-02-12T15:28:41.323633-06:00 c0-0c2s4n2 ERROR: Type:2; Severity:80; Class:3; Subclass:D; Operation: 2
2015-02-12T15:39:08.977892-06:00 c0-0c2s4n2 Wait4Boot: WRITE: 523 bytes to memory @ 0x90CD0 ... complete
2015-02-12T15:39:08.977902-06:00 c0-0c2s4n2 Wait4Boot: Blade Controller Boot Protocol version - 1
2015-02-12T15:39:08.977912-06:00 c0-0c2s4n2 Wait4Boot: JUMP: KernelStart 0x100000, boot_params 0x90000, CmdLineAddr 0x90CD0
2015-02-12T15:39:08.977929-06:00 c0-0c2s4n2 OnExitBootServices..
2015-02-12T15:39:09.015814-06:00 c0-0c2s4n2 ConfigureXhciAtBoot() Start
2015-02-12T15:39:09.016067-06:00 c0-0c2s4n2 ConfigureXhciAtBoot() End
2015-02-12T15:39:09.038884-06:00 c0-0c2s4n2 (Wdt) RunWdtBeforeOsBoot
2015-02-12T15:39:09.039574-06:00 c0-0c2s4n2 (Wdt) DisableTimer
2015-02-12T15:39:12.083196-06:00 c0-0c2s4n2 Crypto Lib Callback.
2015-02-12T15:39:12.108041-06:00 c0-0c2s4n2 Heap addr before Virtual MemFixup = 7bacb018, After = 7bacb018
2015-02-12T15:39:12.108214-06:00 c0-0c2s4n2 NvramSmi Go Virtual
2015-02-12T15:39:12.259592-06:00 c0-0c2s4n2 Stopping all external HCs
2015-02-12T15:39:12.259829-06:00 c0-0c2s4n2 stopping all HC type 40:
2015-02-12T15:39:21.662320-06:00 c0-0c2s4n2 i8042: No controller found
2015-02-12T15:39:25.953103-06:00 c0-0c2s4n2 Sending ec_node_info with boot code 0 (NODE_INFO_OS_BOOT) for nid 146
2015-02-12T15:39:25.953112-06:00 c0-0c2s4n2 net.core.rmem_max = 16777216
2015-02-12T15:39:25.953117-06:00 c0-0c2s4n2 net.core.wmem_max = 16777216
2015-02-12T15:39:25.953138-06:00 c0-0c2s4n2 net.core.rmem_default = 16777216
2015-02-12T15:39:25.953147-06:00 c0-0c2s4n2 net.core.wmem_default = 16777216
2015-02-12T15:39:25.953152-06:00 c0-0c2s4n2 net.core.optmem_max = 16777216
2015-02-12T15:39:25.953157-06:00 c0-0c2s4n2 net.ipv4.tcp_mem = 16777216 16777216 16777216
2015-02-12T15:39:25.953165-06:00 c0-0c2s4n2 net.ipv4.tcp_rmem = 4096 87380 16777216
2015-02-12T15:39:25.953175-06:00 c0-0c2s4n2 net.ipv4.tcp_wmem = 4096 65536 16777216
2015-02-12T15:39:26.286556-06:00 c0-0c2s4n2 nid 146: Linux version 3.0.101-0.31.1_1.0502.8394-cray_ari_c (abuild@cfosbld02) (gcc version 4.3.4 [gcc-4_3-branch revision 152973] (SUSE Linux) ) #1 SMP Wed Sep 10 04:09:26 UTC 2014
2015-02-12T15:39:26.286591-06:00 c0-0c2s4n2 starting pid 6943, tty '': 'PATH3974'
2015-02-12T15:39:26.387504-06:00 c0-0c2s4n2 bpmcd_init: Power statistics available in PATH1240
2015-02-12T15:39:26.387612-06:00 c0-0c2s4n2 DVS: Revision 1873 - Built: Sep 17 2014 @ 06:40:25 for lnet version 2.5
2015-02-12T15:39:26.412660-06:00 c0-0c2s4n2 LNet: HW CPU cores: 64, npartitions: 8
2015-02-12T15:39:31.439610-06:00 c0-0c2s4n2 Lustre: kgnilnd build version: 2.5-trunk-1.0502.17198.8.57-abuild-RB-5.2UP02_2.5.1-2014-09-17-06:43
2015-02-12T15:39:31.566781-06:00 c0-0c2s4n2 LNet: Added LNI 146@gni [PATH4853]
2015-02-12T15:39:47.604016-06:00 c0-0c2s4n2 mcelog: Family 6 Model 3f CPU: only decoding architectural errors
2015-02-12T15:39:47.630090-06:00 c0-0c2s4n2 SGI XPMEM kernel module v2.2 loaded
2015-02-12T15:39:47.630136-06:00 c0-0c2s4n2 <node_health> (xtnhd) xtnhd has started
2015-02-12T15:39:47.929544-06:00 c0-0c2s4n2 boot_freemem data calculated:  130106356
2015-02-12T15:28:37.247206-06:00 c0-0c0s11n0 ERROR: Type:2; Severity:80; Class:3; Subclass:D; Operation: 2
2015-02-12T15:39:08.976289-06:00 c0-0c0s11n0 Wait4Boot: WRITE: 523 bytes to memory @ 0x90CD0 ... complete
2015-02-12T15:39:08.976295-06:00 c0-0c0s11n0 Wait4Boot: Blade Controller Boot Protocol version - 1
2015-02-12T15:39:08.976305-06:00 c0-0c0s11n0 Wait4Boot: JUMP: KernelStart 0x100000, boot_params 0x90000, CmdLineAddr 0x90CD0
2015-02-12T15:39:08.976323-06:00 c0-0c0s11n0 OnExitBootServices..
2015-02-12T15:39:09.013697-06:00 c0-0c0s11n0 ConfigureXhciAtBoot() Start
2015-02-12T15:39:09.013915-06:00 c0-0c0s11n0 ConfigureXhciAtBoot() End
2015-02-12T15:39:09.014111-06:00 c0-0c0s11n0 (Wdt) RunWdtBeforeOsBoot
2015-02-12T15:39:09.014359-06:00 c0-0c0s11n0 (Wdt) DisableTimer
2015-02-12T15:39:12.032194-06:00 c0-0c0s11n0 Crypto Lib Callback.
2015-02-12T15:39:12.032554-06:00 c0-0c0s11n0 Heap addr before Virtual MemFixup = 7bacb018, After = 7bacb018
2015-02-12T15:39:12.032736-06:00 c0-0c0s11n0 NvramSmi Go Virtual
2015-02-12T15:39:12.184031-06:00 c0-0c0s11n0 Stopping all external HCs
2015-02-12T15:39:12.184257-06:00 c0-0c0s11n0 stopping all HC type 40:
2015-02-12T15:39:21.611484-06:00 c0-0c0s11n0 i8042: No controller found
2015-02-12T15:39:25.698148-06:00 c0-0c0s11n0 Sending ec_node_info with boot code 0 (NODE_INFO_OS_BOOT) for nid 44
2015-02-12T15:39:25.698183-06:00 c0-0c0s11n0 net.core.rmem_max = 16777216
2015-02-12T15:39:25.698190-06:00 c0-0c0s11n0 net.core.wmem_max = 16777216
2015-02-12T15:39:25.698195-06:00 c0-0c0s11n0 net.core.rmem_default = 16777216
2015-02-12T15:39:25.698200-06:00 c0-0c0s11n0 net.core.wmem_default = 16777216
2015-02-12T15:39:25.698209-06:00 c0-0c0s11n0 net.core.optmem_max = 16777216
2015-02-12T15:39:25.698214-06:00 c0-0c0s11n0 net.ipv4.tcp_mem = 16777216 16777216 16777216
2015-02-12T15:39:25.698224-06:00 c0-0c0s11n0 net.ipv4.tcp_rmem = 4096 87380 16777216
2015-02-12T15:39:25.698229-06:00 c0-0c0s11n0 net.ipv4.tcp_wmem = 4096 65536 16777216
2015-02-12T15:39:25.698237-06:00 c0-0c0s11n0 nid 44: Linux version 3.0.101-0.31.1_1.0502.8394-cray_ari_c (abuild@cfosbld02) (gcc version 4.3.4 [gcc-4_3-branch revision 152973] (SUSE Linux) ) #1 SMP Wed Sep 10 04:09:26 UTC 2014
2015-02-12T15:39:25.698243-06:00 c0-0c0s11n0 starting pid 6925, tty '': 'PATH3974'
2015-02-12T15:39:25.698252-06:00 c0-0c0s11n0 bpmcd_init: Power statistics available in PATH1240
2015-02-12T15:39:25.698259-06:00 c0-0c0s11n0 DVS: Revision 1873 - Built: Sep 17 2014 @ 06:40:25 for lnet version 2.5
2015-02-12T15:39:25.698270-06:00 c0-0c0s11n0 LNet: HW CPU cores: 64, npartitions: 8
2015-02-12T15:39:28.861312-06:00 c0-0c0s11n0 Lustre: kgnilnd build version: 2.5-trunk-1.0502.17198.8.57-abuild-RB-5.2UP02_2.5.1-2014-09-17-06:43
2015-02-12T15:39:29.328097-06:00 c0-0c0s11n0 LNet: Added LNI 44@gni [PATH4853]
2015-02-12T15:39:45.029175-06:00 c0-0c0s11n0 mcelog: Family 6 Model 3f CPU: only decoding architectural errors
2015-02-12T15:39:45.029243-06:00 c0-0c0s11n0 SGI XPMEM kernel module v2.2 loaded
2015-02-12T15:39:45.029291-06:00 c0-0c0s11n0 <node_health> (xtnhd) xtnhd has started
2015-02-12T15:39:45.361476-06:00 c0-0c0s11n0 boot_freemem data calculated:  130107352
2015-02-12T15:28:43.375588-06:00 c0-0c1s9n3 ERROR: Type:2; Severity:80; Class:3; Subclass:D; Operation: 2
2015-02-12T15:39:08.937739-06:00 c0-0c1s9n3 Wait4Boot: WRITE: 523 bytes to memory @ 0x90CD0 ... complete
2015-02-12T15:39:08.937748-06:00 c0-0c1s9n3 Wait4Boot: Blade Controller Boot Protocol version - 1
2015-02-12T15:39:08.977969-06:00 c0-0c1s9n3 Wait4Boot: JUMP: KernelStart 0x100000, boot_params 0x90000, CmdLineAddr 0x90CD0
2015-02-12T15:39:08.978284-06:00 c0-0c1s9n3 OnExitBootServices..
2015-02-12T15:39:09.040485-06:00 c0-0c1s9n3 ConfigureXhciAtBoot() Start
2015-02-12T15:39:09.040530-06:00 c0-0c1s9n3 ConfigureXhciAtBoot() End
2015-02-12T15:39:09.040633-06:00 c0-0c1s9n3 (Wdt) RunWdtBeforeOsBoot
2015-02-12T15:39:09.063837-06:00 c0-0c1s9n3 (Wdt) DisableTimer
2015-02-12T15:39:12.108590-06:00 c0-0c1s9n3 Crypto Lib Callback.
2015-02-12T15:39:12.133446-06:00 c0-0c1s9n3 Heap addr before Virtual MemFixup = 7bacb018, After = 7bacb018
2015-02-12T15:39:12.133769-06:00 c0-0c1s9n3 NvramSmi Go Virtual
2015-02-12T15:39:12.285001-06:00 c0-0c1s9n3 Stopping all external HCs
2015-02-12T15:39:12.285455-06:00 c0-0c1s9n3 stopping all HC type 40:
2015-02-12T15:39:21.813358-06:00 c0-0c1s9n3 i8042: No controller found
2015-02-12T15:39:25.912221-06:00 c0-0c1s9n3 Sending ec_node_info with boot code 0 (NODE_INFO_OS_BOOT) for nid 103
2015-02-12T15:39:25.912232-06:00 c0-0c1s9n3 net.core.rmem_max = 16777216
2015-02-12T15:39:25.912243-06:00 c0-0c1s9n3 net.core.wmem_max = 16777216
2015-02-12T15:39:25.912257-06:00 c0-0c1s9n3 net.core.rmem_default = 16777216
2015-02-12T15:39:25.912274-06:00 c0-0c1s9n3 net.core.wmem_default = 16777216
2015-02-12T15:39:25.912302-06:00 c0-0c1s9n3 net.core.optmem_max = 16777216
2015-02-12T15:39:25.912314-06:00 c0-0c1s9n3 net.ipv4.tcp_mem = 16777216 16777216 16777216
2015-02-12T15:39:25.912325-06:00 c0-0c1s9n3 net.ipv4.tcp_rmem = 4096 87380 16777216
2015-02-12T15:39:25.912336-06:00 c0-0c1s9n3 net.ipv4.tcp_wmem = 4096 65536 16777216
2015-02-12T15:39:26.236239-06:00 c0-0c1s9n3 nid 103: Linux version 3.0.101-0.31.1_1.0502.8394-cray_ari_c (abuild@cfosbld02) (gcc version 4.3.4 [gcc-4_3-branch revision 152973] (SUSE Linux) ) #1 SMP Wed Sep 10 04:09:26 UTC 2014
2015-02-12T15:39:26.286542-06:00 c0-0c1s9n3 starting pid 6940, tty '': 'PATH3974'
2015-02-12T15:39:26.387378-06:00 c0-0c1s9n3 bpmcd_init: Power statistics available in PATH1240
2015-02-12T15:39:26.387578-06:00 c0-0c1s9n3 DVS: Revision 1873 - Built: Sep 17 2014 @ 06:40:25 for lnet version 2.5
2015-02-12T15:39:26.412606-06:00 c0-0c1s9n3 LNet: HW CPU cores: 64, npartitions: 8
2015-02-12T15:39:31.439544-06:00 c0-0c1s9n3 Lustre: kgnilnd build version: 2.5-trunk-1.0502.17198.8.57-abuild-RB-5.2UP02_2.5.1-2014-09-17-06:43
2015-02-12T15:39:31.566766-06:00 c0-0c1s9n3 LNet: Added LNI 103@gni [PATH4853]
2015-02-12T15:39:47.603983-06:00 c0-0c1s9n3 mcelog: Family 6 Model 3f CPU: only decoding architectural errors
2015-02-12T15:39:47.630445-06:00 c0-0c1s9n3 SGI XPMEM kernel module v2.2 loaded
2015-02-12T15:39:47.630509-06:00 c0-0c1s9n3 <node_health> (xtnhd) xtnhd has started
2015-02-12T15:39:47.929570-06:00 c0-0c1s9n3 boot_freemem data calculated:  130102308
2015-02-12T15:28:43.375688-06:00 c0-0c0s5n3 ERROR: Type:2; Severity:80; Class:3; Subclass:D; Operation: 2
2015-02-12T15:39:08.938499-06:00 c0-0c0s5n3 Wait4Boot: WRITE: 523 bytes to memory @ 0x90CD0 ... complete
2015-02-12T15:39:08.938508-06:00 c0-0c0s5n3 Wait4Boot: Blade Controller Boot Protocol version - 1
2015-02-12T15:39:08.977981-06:00 c0-0c0s5n3 Wait4Boot: JUMP: KernelStart 0x100000, boot_params 0x90000, CmdLineAddr 0x90CD0
2015-02-12T15:39:09.013512-06:00 c0-0c0s5n3 OnExitBootServices..
2015-02-12T15:39:09.040496-06:00 c0-0c0s5n3 ConfigureXhciAtBoot() Start
2015-02-12T15:39:09.040701-06:00 c0-0c0s5n3 ConfigureXhciAtBoot() End
2015-02-12T15:39:09.063754-06:00 c0-0c0s5n3 (Wdt) RunWdtBeforeOsBoot
2015-02-12T15:39:09.064047-06:00 c0-0c0s5n3 (Wdt) DisableTimer
2015-02-12T15:39:12.108556-06:00 c0-0c0s5n3 Crypto Lib Callback.
2015-02-12T15:39:12.133292-06:00 c0-0c0s5n3 Heap addr before Virtual MemFixup = 7bacb018, After = 7bacb018
2015-02-12T15:39:12.133461-06:00 c0-0c0s5n3 NvramSmi Go Virtual
2015-02-12T15:39:12.284938-06:00 c0-0c0s5n3 Stopping all external HCs
2015-02-12T15:39:12.285305-06:00 c0-0c0s5n3 stopping all HC type 40:
2015-02-12T15:39:21.838499-06:00 c0-0c0s5n3 i8042: No controller found
2015-02-12T15:39:25.809676-06:00 c0-0c0s5n3 Sending ec_node_info with boot code 0 (NODE_INFO_OS_BOOT) for nid 23
2015-02-12T15:39:25.809684-06:00 c0-0c0s5n3 net.core.rmem_max = 16777216
2015-02-12T15:39:25.809690-06:00 c0-0c0s5n3 net.core.wmem_max = 16777216
2015-02-12T15:39:25.809694-06:00 c0-0c0s5n3 net.core.rmem_default = 16777216
2015-02-12T15:39:25.809705-06:00 c0-0c0s5n3 net.core.wmem_default = 16777216
2015-02-12T15:39:25.809722-06:00 c0-0c0s5n3 net.core.optmem_max = 16777216
2015-02-12T15:39:25.809727-06:00 c0-0c0s5n3 net.ipv4.tcp_mem = 16777216 16777216 16777216
2015-02-12T15:39:25.809735-06:00 c0-0c0s5n3 net.ipv4.tcp_rmem = 4096 87380 16777216
2015-02-12T15:39:25.809741-06:00 c0-0c0s5n3 net.ipv4.tcp_wmem = 4096 65536 16777216
2015-02-12T15:39:25.992235-06:00 c0-0c0s5n3 nid 23: Linux version 3.0.101-0.31.1_1.0502.8394-cray_ari_c (abuild@cfosbld02) (gcc version 4.3.4 [gcc-4_3-branch revision 152973] (SUSE Linux) ) #1 SMP Wed Sep 10 04:09:26 UTC 2014
2015-02-12T15:39:25.992380-06:00 c0-0c0s5n3 starting pid 6916, tty '': 'PATH3974'
2015-02-12T15:39:26.116554-06:00 c0-0c0s5n3 bpmcd_init: Power statistics available in PATH1240
2015-02-12T15:39:26.141968-06:00 c0-0c0s5n3 DVS: Revision 1873 - Built: Sep 17 2014 @ 06:40:25 for lnet version 2.5
2015-02-12T15:39:26.141986-06:00 c0-0c0s5n3 LNet: HW CPU cores: 64, npartitions: 8
