2015-02-13T13:11:12.440038-06:00 c0-0c2s0n2 ERROR: Type:2; Severity:80; Class:3; Subclass:D; Operation: 2
2015-02-13T13:19:36.050623-06:00 c0-0c2s0n2 Wait4Boot: WRITE: 533 bytes to memory @ 0x90CD0 ... complete
2015-02-13T13:19:36.075444-06:00 c0-0c2s0n2 Wait4Boot: Blade Controller Boot Protocol version - 1
2015-02-13T13:19:36.112154-06:00 c0-0c2s0n2 Wait4Boot: JUMP: KernelStart 0x100000, boot_params 0x90000, CmdLineAddr 0x90CD0
2015-02-13T13:19:36.220735-06:00 c0-0c2s0n2 Decompressing Linux... Parsing ELF... done.
2015-02-13T13:19:36.220835-06:00 c0-0c2s0n2 Booting the kernel.
2015-02-13T13:19:36.220914-06:00 c0-0c2s0n2 Initializing cgroup subsys cpuset
2015-02-13T13:19:36.245566-06:00 c0-0c2s0n2 Initializing cgroup subsys cpu
2015-02-13T13:19:36.284124-06:00 c0-0c2s0n2 Linux version 3.0.101-0.31.1_1.0502.8394-cray_ari_s (abuild@cfosbld05) (gcc version 4.3.4 [gcc-4_3-branch revision 152973] (SUSE Linux) ) #1 SMP Wed Sep 10 04:03:41 UTC 2014
2015-02-13T13:19:36.364975-06:00 c0-0c2s0n2 Command line: earlyprintk=serial,115200 load_ramdisk=1 ramdisk_size=80000 console=ttyS0,115200n8 bootnodeip=IPADDR13 bootproto=ipog bootpath=PATH1220 rootfs=nfs-shared root=PATH1221 oops=panic bootifnetmask=IPADDR15 elevator=noop ippob1=10 ippob2=128 pcie_ports=native iommu=on intel_iommu=off bad_page=panic pln_enable=off apei_disable hest_disable erst_disable ghes_disable cgroup_disable=memory active_wlm=ALPS sdbnodeip=IPADDR16 sessionid=p0-20150213t131030 _cray=marker_ 
2015-02-13T13:19:36.365114-06:00 c0-0c2s0n2 KERNEL supported cpus:
2015-02-13T13:19:36.365232-06:00 c0-0c2s0n2  Intel GenuineIntel
2015-02-13T13:19:36.404830-06:00 c0-0c2s0n2 BIOS-provided physical RAM map:
2015-02-13T13:19:36.405018-06:00 c0-0c2s0n2 BIOS-e820: 0000000000000000 - 00000000000a0000 (usable)
2015-02-13T13:19:36.405173-06:00 c0-0c2s0n2 BIOS-e820: 0000000000100000 - 000000007e67c000 (usable)
2015-02-13T13:19:36.405342-06:00 c0-0c2s0n2 BIOS-e820: 000000007e67c000 - 000000007e790000 (ACPI NVS)
2015-02-13T13:19:36.405555-06:00 c0-0c2s0n2 BIOS-e820: 000000007e790000 - 000000007f395000 (reserved)
2015-02-13T13:19:36.405670-06:00 c0-0c2s0n2 BIOS-e820: 000000007f395000 - 000000007f410000 (ACPI data)
2015-02-13T13:19:36.405829-06:00 c0-0c2s0n2 BIOS-e820: 000000007f410000 - 000000007f491000 (reserved)
2015-02-13T13:19:36.444911-06:00 c0-0c2s0n2 BIOS-e820: 000000007f491000 - 000000007f493000 (usable)
2015-02-13T13:19:36.445152-06:00 c0-0c2s0n2 BIOS-e820: 000000007f493000 - 000000007f494000 (ACPI NVS)
2015-02-13T13:19:36.447336-06:00 c0-0c2s0n2 BIOS-e820: 000000007f494000 - 000000007f49e000 (reserved)
2015-02-13T13:19:36.447646-06:00 c0-0c2s0n2 BIOS-e820: 000000007f49e000 - 000000007f4a6000 (ACPI NVS)
2015-02-13T13:19:36.447914-06:00 c0-0c2s0n2 BIOS-e820: 000000007f4a6000 - 000000007f4d2000 (reserved)
2015-02-13T13:19:36.472708-06:00 c0-0c2s0n2 BIOS-e820: 000000007f4d2000 - 000000007f558000 (ACPI NVS)
2015-02-13T13:19:36.472956-06:00 c0-0c2s0n2 BIOS-e820: 000000007f558000 - 000000007f800000 (usable)
2015-02-13T13:19:36.473182-06:00 c0-0c2s0n2 BIOS-e820: 0000000080000000 - 0000000090000000 (reserved)
2015-02-13T13:19:36.497929-06:00 c0-0c2s0n2 BIOS-e820: 00000000fed1c000 - 00000000fed20000 (reserved)
2015-02-13T13:19:36.498164-06:00 c0-0c2s0n2 BIOS-e820: 00000000ff000000 - 0000000100000000 (reserved)
2015-02-13T13:19:36.498412-06:00 c0-0c2s0n2 BIOS-e820: 0000000100000000 - 0000001080000000 (usable)
2015-02-13T13:19:36.523109-06:00 c0-0c2s0n2 bootconsole [earlyser0] enabled
2015-02-13T13:19:36.523372-06:00 c0-0c2s0n2 NX (Execute Disable) protection: active
2015-02-13T13:19:36.523581-06:00 c0-0c2s0n2 EFI v2.10 by American Megatrends
2015-02-13T13:19:36.548312-06:00 c0-0c2s0n2 ACPI=0x7f395000  ACPI 2.0=0x7f395000  SMBIOS=0xf04c0  MPS=0xfd450 
2015-02-13T13:19:36.548651-06:00 c0-0c2s0n2 EFI: mem00: type=3, attr=0xf, range=[0x0000000000000000-0x0000000000008000) (0MB)
2015-02-13T13:19:36.548923-06:00 c0-0c2s0n2 EFI: mem01: type=7, attr=0xf, range=[0x0000000000008000-0x0000000000060000) (0MB)
2015-02-13T13:19:36.573629-06:00 c0-0c2s0n2 EFI: mem02: type=3, attr=0xf, range=[0x0000000000060000-0x00000000000a0000) (0MB)
2015-02-13T13:19:36.598771-06:00 c0-0c2s0n2 EFI: mem03: type=7, attr=0xf, range=[0x0000000000100000-0x0000000001000000) (15MB)
2015-02-13T13:19:36.599099-06:00 c0-0c2s0n2 EFI: mem04: type=2, attr=0xf, range=[0x0000000001000000-0x0000000001100000) (1MB)
2015-02-13T13:19:36.624041-06:00 c0-0c2s0n2 EFI: mem05: type=4, attr=0xf, range=[0x0000000001100000-0x00000000017ea000) (6MB)
2015-02-13T13:19:36.624322-06:00 c0-0c2s0n2 EFI: mem06: type=3, attr=0xf, range=[0x00000000017ea000-0x00000000017ee000) (0MB)
2015-02-13T13:19:36.624561-06:00 c0-0c2s0n2 EFI: mem07: type=4, attr=0xf, range=[0x00000000017ee000-0x0000000001886000) (0MB)
2015-02-13T13:19:36.649535-06:00 c0-0c2s0n2 EFI: mem08: type=3, attr=0xf, range=[0x0000000001886000-0x000000000188f000) (0MB)
2015-02-13T13:19:36.649734-06:00 c0-0c2s0n2 EFI: mem09: type=4, attr=0xf, range=[0x000000000188f000-0x0000000001892000) (0MB)
2015-02-13T13:19:36.674875-06:00 c0-0c2s0n2 EFI: mem10: type=3, attr=0xf, range=[0x0000000001892000-0x000000000189e000) (0MB)
2015-02-13T13:19:36.675071-06:00 c0-0c2s0n2 EFI: mem11: type=4, attr=0xf, range=[0x000000000189e000-0x00000000018a9000) (0MB)
2015-02-13T13:19:36.699975-06:00 c0-0c2s0n2 EFI: mem12: type=3, attr=0xf, range=[0x00000000018a9000-0x00000000018ab000) (0MB)
2015-02-13T13:19:36.740113-06:00 c0-0c2s0n2 EFI: mem13: type=4, attr=0xf, range=[0x00000000018ab000-0x00000000018ad000) (0MB)
2015-02-13T13:19:36.740338-06:00 c0-0c2s0n2 EFI: mem14: type=3, attr=0xf, range=[0x00000000018ad000-0x00000000018af000) (0MB)
2015-02-13T13:19:36.740536-06:00 c0-0c2s0n2 EFI: mem15: type=4, attr=0xf, range=[0x00000000018af000-0x00000000018b7000) (0MB)
2015-02-13T13:19:36.780291-06:00 c0-0c2s0n2 EFI: mem16: type=3, attr=0xf, range=[0x00000000018b7000-0x00000000018bb000) (0MB)
2015-02-13T13:19:36.780478-06:00 c0-0c2s0n2 EFI: mem17: type=4, attr=0xf, range=[0x00000000018bb000-0x00000000018bd000) (0MB)
2015-02-13T13:19:36.780639-06:00 c0-0c2s0n2 EFI: mem18: type=3, attr=0xf, range=[0x00000000018bd000-0x00000000018bf000) (0MB)
2015-02-13T13:19:36.780829-06:00 c0-0c2s0n2 EFI: mem19: type=4, attr=0xf, range=[0x00000000018bf000-0x00000000018d1000) (0MB)
2015-02-13T13:19:36.820196-06:00 c0-0c2s0n2 EFI: mem20: type=3, attr=0xf, range=[0x00000000018d1000-0x00000000018d7000) (0MB)
2015-02-13T13:19:36.820377-06:00 c0-0c2s0n2 EFI: mem21: type=4, attr=0xf, range=[0x00000000018d7000-0x00000000018f9000) (0MB)
2015-02-13T13:19:36.826212-06:00 c0-0c2s0n2 EFI: mem22: type=3, attr=0xf, range=[0x00000000018f9000-0x0000000001908000) (0MB)
2015-02-13T13:19:36.826471-06:00 c0-0c2s0n2 EFI: mem23: type=4, attr=0xf, range=[0x0000000001908000-0x0000000001921000) (0MB)
2015-02-13T13:19:36.851510-06:00 c0-0c2s0n2 EFI: mem24: type=3, attr=0xf, range=[0x0000000001921000-0x000000000192b000) (0MB)
2015-02-13T13:19:36.888871-06:00 c0-0c2s0n2 EFI: mem25: type=4, attr=0xf, range=[0x000000000192b000-0x0000000001933000) (0MB)
2015-02-13T13:19:36.889089-06:00 c0-0c2s0n2 EFI: mem26: type=3, attr=0xf, range=[0x0000000001933000-0x0000000001936000) (0MB)
2015-02-13T13:19:36.889300-06:00 c0-0c2s0n2 EFI: mem27: type=4, attr=0xf, range=[0x0000000001936000-0x000000000193b000) (0MB)
2015-02-13T13:19:36.928862-06:00 c0-0c2s0n2 EFI: mem28: type=3, attr=0xf, range=[0x000000000193b000-0x000000000193e000) (0MB)
2015-02-13T13:19:36.929086-06:00 c0-0c2s0n2 EFI: mem29: type=4, attr=0xf, range=[0x000000000193e000-0x0000000001964000) (0MB)
2015-02-13T13:19:36.929284-06:00 c0-0c2s0n2 EFI: mem30: type=3, attr=0xf, range=[0x0000000001964000-0x0000000001968000) (0MB)
2015-02-13T13:19:36.929516-06:00 c0-0c2s0n2 EFI: mem31: type=4, attr=0xf, range=[0x0000000001968000-0x000000000198a000) (0MB)
2015-02-13T13:19:36.968841-06:00 c0-0c2s0n2 EFI: mem32: type=3, attr=0xf, range=[0x000000000198a000-0x00000000019b0000) (0MB)
2015-02-13T13:19:36.969037-06:00 c0-0c2s0n2 EFI: mem33: type=4, attr=0xf, range=[0x00000000019b0000-0x00000000019be000) (0MB)
2015-02-13T13:19:36.977783-06:00 c0-0c2s0n2 EFI: mem34: type=3, attr=0xf, range=[0x00000000019be000-0x00000000019ce000) (0MB)
2015-02-13T13:19:36.977998-06:00 c0-0c2s0n2 EFI: mem35: type=4, attr=0xf, range=[0x00000000019ce000-0x00000000019d0000) (0MB)
2015-02-13T13:19:37.002984-06:00 c0-0c2s0n2 EFI: mem36: type=3, attr=0xf, range=[0x00000000019d0000-0x00000000019d7000) (0MB)
2015-02-13T13:19:37.003224-06:00 c0-0c2s0n2 EFI: mem37: type=4, attr=0xf, range=[0x00000000019d7000-0x00000000019e1000) (0MB)
2015-02-13T13:19:37.028148-06:00 c0-0c2s0n2 EFI: mem38: type=3, attr=0xf, range=[0x00000000019e1000-0x00000000019e5000) (0MB)
2015-02-13T13:19:37.028366-06:00 c0-0c2s0n2 EFI: mem39: type=4, attr=0xf, range=[0x00000000019e5000-0x0000000001a02000) (0MB)
2015-02-13T13:19:37.053278-06:00 c0-0c2s0n2 EFI: mem40: type=3, attr=0xf, range=[0x0000000001a02000-0x0000000001a06000) (0MB)
2015-02-13T13:19:37.053545-06:00 c0-0c2s0n2 EFI: mem41: type=4, attr=0xf, range=[0x0000000001a06000-0x0000000001a0a000) (0MB)
2015-02-13T13:19:37.078674-06:00 c0-0c2s0n2 EFI: mem42: type=3, attr=0xf, range=[0x0000000001a0a000-0x0000000001a1e000) (0MB)
2015-02-13T13:19:37.078915-06:00 c0-0c2s0n2 EFI: mem43: type=4, attr=0xf, range=[0x0000000001a1e000-0x0000000001a22000) (0MB)
2015-02-13T13:19:37.103883-06:00 c0-0c2s0n2 EFI: mem44: type=3, attr=0xf, range=[0x0000000001a22000-0x0000000001a26000) (0MB)
2015-02-13T13:19:37.104107-06:00 c0-0c2s0n2 EFI: mem45: type=4, attr=0xf, range=[0x0000000001a26000-0x0000000001a34000) (0MB)
2015-02-13T13:19:37.129137-06:00 c0-0c2s0n2 EFI: mem46: type=3, attr=0xf, range=[0x0000000001a34000-0x0000000001a3b000) (0MB)
2015-02-13T13:19:37.129393-06:00 c0-0c2s0n2 EFI: mem47: type=4, attr=0xf, range=[0x0000000001a3b000-0x0000000001a42000) (0MB)
2015-02-13T13:19:37.154330-06:00 c0-0c2s0n2 EFI: mem48: type=3, attr=0xf, range=[0x0000000001a42000-0x0000000001a4a000) (0MB)
2015-02-13T13:19:37.154626-06:00 c0-0c2s0n2 EFI: mem49: type=4, attr=0xf, range=[0x0000000001a4a000-0x0000000001a4b000) (0MB)
2015-02-13T13:19:37.179663-06:00 c0-0c2s0n2 EFI: mem50: type=3, attr=0xf, range=[0x0000000001a4b000-0x0000000001a4d000) (0MB)
2015-02-13T13:19:37.216838-06:00 c0-0c2s0n2 EFI: mem51: type=4, attr=0xf, range=[0x0000000001a4d000-0x0000000001a52000) (0MB)
2015-02-13T13:19:37.217037-06:00 c0-0c2s0n2 EFI: mem52: type=3, attr=0xf, range=[0x0000000001a52000-0x0000000001a69000) (0MB)
2015-02-13T13:19:37.217259-06:00 c0-0c2s0n2 EFI: mem53: type=4, attr=0xf, range=[0x0000000001a69000-0x0000000001a6f000) (0MB)
2015-02-13T13:19:37.256884-06:00 c0-0c2s0n2 EFI: mem54: type=3, attr=0xf, range=[0x0000000001a6f000-0x0000000001a70000) (0MB)
2015-02-13T13:19:37.257092-06:00 c0-0c2s0n2 EFI: mem55: type=4, attr=0xf, range=[0x0000000001a70000-0x0000000001a71000) (0MB)
2015-02-13T13:19:37.257297-06:00 c0-0c2s0n2 EFI: mem56: type=3, attr=0xf, range=[0x0000000001a71000-0x0000000001a79000) (0MB)
2015-02-13T13:19:37.257526-06:00 c0-0c2s0n2 EFI: mem57: type=4, attr=0xf, range=[0x0000000001a79000-0x0000000001a7a000) (0MB)
2015-02-13T13:19:37.296870-06:00 c0-0c2s0n2 EFI: mem58: type=3, attr=0xf, range=[0x0000000001a7a000-0x0000000001a83000) (0MB)
2015-02-13T13:19:37.297100-06:00 c0-0c2s0n2 EFI: mem59: type=4, attr=0xf, range=[0x0000000001a83000-0x0000000001a85000) (0MB)
2015-02-13T13:19:37.305979-06:00 c0-0c2s0n2 EFI: mem60: type=3, attr=0xf, range=[0x0000000001a85000-0x0000000001abe000) (0MB)
2015-02-13T13:19:37.331003-06:00 c0-0c2s0n2 EFI: mem61: type=4, attr=0xf, range=[0x0000000001abe000-0x0000000001abf000) (0MB)
2015-02-13T13:19:37.331189-06:00 c0-0c2s0n2 EFI: mem62: type=3, attr=0xf, range=[0x0000000001abf000-0x0000000001acc000) (0MB)
2015-02-13T13:19:37.331414-06:00 c0-0c2s0n2 EFI: mem63: type=4, attr=0xf, range=[0x0000000001acc000-0x0000000001ad7000) (0MB)
2015-02-13T13:19:37.356452-06:00 c0-0c2s0n2 EFI: mem64: type=3, attr=0xf, range=[0x0000000001ad7000-0x0000000001adc000) (0MB)
2015-02-13T13:19:37.356707-06:00 c0-0c2s0n2 EFI: mem65: type=4, attr=0xf, range=[0x0000000001adc000-0x0000000001b60000) (0MB)
2015-02-13T13:19:37.381769-06:00 c0-0c2s0n2 EFI: mem66: type=3, attr=0xf, range=[0x0000000001b60000-0x0000000001b7c000) (0MB)
2015-02-13T13:19:37.420865-06:00 c0-0c2s0n2 EFI: mem67: type=4, attr=0xf, range=[0x0000000001b7c000-0x0000000001b84000) (0MB)
2015-02-13T13:19:37.421086-06:00 c0-0c2s0n2 EFI: mem68: type=3, attr=0xf, range=[0x0000000001b84000-0x0000000001b9c000) (0MB)
2015-02-13T13:19:37.421272-06:00 c0-0c2s0n2 EFI: mem69: type=4, attr=0xf, range=[0x0000000001b9c000-0x000000000b210000) (150MB)
2015-02-13T13:19:37.460823-06:00 c0-0c2s0n2 EFI: mem70: type=3, attr=0xf, range=[0x000000000b210000-0x000000000b216000) (0MB)
2015-02-13T13:19:37.461010-06:00 c0-0c2s0n2 EFI: mem71: type=4, attr=0xf, range=[0x000000000b216000-0x000000000b21f000) (0MB)
2015-02-13T13:19:37.461258-06:00 c0-0c2s0n2 EFI: mem72: type=3, attr=0xf, range=[0x000000000b21f000-0x000000000b235000) (0MB)
2015-02-13T13:19:37.461462-06:00 c0-0c2s0n2 EFI: mem73: type=4, attr=0xf, range=[0x000000000b235000-0x000000000b23b000) (0MB)
2015-02-13T13:19:37.500804-06:00 c0-0c2s0n2 EFI: mem74: type=3, attr=0xf, range=[0x000000000b23b000-0x000000000b23e000) (0MB)
2015-02-13T13:19:37.501014-06:00 c0-0c2s0n2 EFI: mem75: type=4, attr=0xf, range=[0x000000000b23e000-0x000000000b242000) (0MB)
2015-02-13T13:19:37.507955-06:00 c0-0c2s0n2 EFI: mem76: type=3, attr=0xf, range=[0x000000000b242000-0x000000000b249000) (0MB)
2015-02-13T13:19:37.508198-06:00 c0-0c2s0n2 EFI: mem77: type=4, attr=0xf, range=[0x000000000b249000-0x000000000b24c000) (0MB)
2015-02-13T13:19:37.533246-06:00 c0-0c2s0n2 EFI: mem78: type=3, attr=0xf, range=[0x000000000b24c000-0x000000000b254000) (0MB)
2015-02-13T13:19:37.533447-06:00 c0-0c2s0n2 EFI: mem79: type=4, attr=0xf, range=[0x000000000b254000-0x000000000b27a000) (0MB)
2015-02-13T13:19:37.572328-06:00 c0-0c2s0n2 EFI: mem80: type=3, attr=0xf, range=[0x000000000b27a000-0x000000000b27e000) (0MB)
2015-02-13T13:19:37.572539-06:00 c0-0c2s0n2 EFI: mem81: type=4, attr=0xf, range=[0x000000000b27e000-0x000000000b282000) (0MB)
2015-02-13T13:19:37.612849-06:00 c0-0c2s0n2 EFI: mem82: type=3, attr=0xf, range=[0x000000000b282000-0x000000000b286000) (0MB)
2015-02-13T13:19:37.613087-06:00 c0-0c2s0n2 EFI: mem83: type=4, attr=0xf, range=[0x000000000b286000-0x000000000b290000) (0MB)
2015-02-13T13:19:37.613327-06:00 c0-0c2s0n2 EFI: mem84: type=3, attr=0xf, range=[0x000000000b290000-0x000000000b2d3000) (0MB)
2015-02-13T13:19:37.613536-06:00 c0-0c2s0n2 EFI: mem85: type=4, attr=0xf, range=[0x000000000b2d3000-0x000000000b2df000) (0MB)
2015-02-13T13:19:37.652818-06:00 c0-0c2s0n2 EFI: mem86: type=3, attr=0xf, range=[0x000000000b2df000-0x000000000b2e9000) (0MB)
2015-02-13T13:19:37.653031-06:00 c0-0c2s0n2 EFI: mem87: type=4, attr=0xf, range=[0x000000000b2e9000-0x000000000b2f8000) (0MB)
2015-02-13T13:19:37.659407-06:00 c0-0c2s0n2 EFI: mem88: type=3, attr=0xf, range=[0x000000000b2f8000-0x000000000b2fc000) (0MB)
2015-02-13T13:19:37.659670-06:00 c0-0c2s0n2 EFI: mem89: type=4, attr=0xf, range=[0x000000000b2fc000-0x000000000b2fd000) (0MB)
2015-02-13T13:19:37.684733-06:00 c0-0c2s0n2 EFI: mem90: type=3, attr=0xf, range=[0x000000000b2fd000-0x000000000b302000) (0MB)
2015-02-13T13:19:37.684989-06:00 c0-0c2s0n2 EFI: mem91: type=4, attr=0xf, range=[0x000000000b302000-0x000000000b30b000) (0MB)
2015-02-13T13:19:37.709823-06:00 c0-0c2s0n2 EFI: mem92: type=3, attr=0xf, range=[0x000000000b30b000-0x000000000b343000) (0MB)
2015-02-13T13:19:37.710078-06:00 c0-0c2s0n2 EFI: mem93: type=4, attr=0xf, range=[0x000000000b343000-0x000000000b34a000) (0MB)
2015-02-13T13:19:37.735196-06:00 c0-0c2s0n2 EFI: mem94: type=3, attr=0xf, range=[0x000000000b34a000-0x000000000b351000) (0MB)
2015-02-13T13:19:37.735462-06:00 c0-0c2s0n2 EFI: mem95: type=4, attr=0xf, range=[0x000000000b351000-0x000000000b359000) (0MB)
2015-02-13T13:19:37.760333-06:00 c0-0c2s0n2 EFI: mem96: type=3, attr=0xf, range=[0x000000000b359000-0x000000000b35d000) (0MB)
2015-02-13T13:19:37.760603-06:00 c0-0c2s0n2 EFI: mem97: type=4, attr=0xf, range=[0x000000000b35d000-0x000000000b365000) (0MB)
2015-02-13T13:19:37.800739-06:00 c0-0c2s0n2 EFI: mem98: type=3, attr=0xf, range=[0x000000000b365000-0x000000000b369000) (0MB)
2015-02-13T13:19:37.800946-06:00 c0-0c2s0n2 EFI: mem99: type=4, attr=0xf, range=[0x000000000b369000-0x000000000b36d000) (0MB)
2015-02-13T13:19:37.840726-06:00 c0-0c2s0n2 EFI: mem100: type=3, attr=0xf, range=[0x000000000b36d000-0x000000000b371000) (0MB)
2015-02-13T13:19:37.840955-06:00 c0-0c2s0n2 EFI: mem101: type=4, attr=0xf, range=[0x000000000b371000-0x000000000b385000) (0MB)
2015-02-13T13:19:37.841165-06:00 c0-0c2s0n2 EFI: mem102: type=3, attr=0xf, range=[0x000000000b385000-0x000000000b38b000) (0MB)
2015-02-13T13:19:37.841377-06:00 c0-0c2s0n2 EFI: mem103: type=4, attr=0xf, range=[0x000000000b38b000-0x000000000b3ad000) (0MB)
2015-02-13T13:19:37.880774-06:00 c0-0c2s0n2 EFI: mem104: type=3, attr=0xf, range=[0x000000000b3ad000-0x000000000b3b7000) (0MB)
2015-02-13T13:19:37.880999-06:00 c0-0c2s0n2 EFI: mem105: type=4, attr=0xf, range=[0x000000000b3b7000-0x000000000b3b8000) (0MB)
2015-02-13T13:19:37.886669-06:00 c0-0c2s0n2 EFI: mem106: type=3, attr=0xf, range=[0x000000000b3b8000-0x000000000b3ca000) (0MB)
2015-02-13T13:19:37.886926-06:00 c0-0c2s0n2 EFI: mem107: type=4, attr=0xf, range=[0x000000000b3ca000-0x000000000b3cd000) (0MB)
2015-02-13T13:19:37.911925-06:00 c0-0c2s0n2 EFI: mem108: type=3, attr=0xf, range=[0x000000000b3cd000-0x000000000b3d8000) (0MB)
2015-02-13T13:19:37.912215-06:00 c0-0c2s0n2 EFI: mem109: type=4, attr=0xf, range=[0x000000000b3d8000-0x000000000b474000) (0MB)
2015-02-13T13:19:37.937110-06:00 c0-0c2s0n2 EFI: mem110: type=3, attr=0xf, range=[0x000000000b474000-0x000000000b47b000) (0MB)
2015-02-13T13:19:37.937366-06:00 c0-0c2s0n2 EFI: mem111: type=4, attr=0xf, range=[0x000000000b47b000-0x000000000b48a000) (0MB)
2015-02-13T13:19:37.937592-06:00 c0-0c2s0n2 EFI: mem112: type=3, attr=0xf, range=[0x000000000b48a000-0x000000000b48e000) (0MB)
2015-02-13T13:19:37.962564-06:00 c0-0c2s0n2 EFI: mem113: type=4, attr=0xf, range=[0x000000000b48e000-0x000000000b4b0000) (0MB)
2015-02-13T13:19:38.000854-06:00 c0-0c2s0n2 EFI: mem114: type=3, attr=0xf, range=[0x000000000b4b0000-0x000000000b4b5000) (0MB)
2015-02-13T13:19:38.001096-06:00 c0-0c2s0n2 EFI: mem115: type=4, attr=0xf, range=[0x000000000b4b5000-0x000000000b4ba000) (0MB)
2015-02-13T13:19:38.040825-06:00 c0-0c2s0n2 EFI: mem116: type=3, attr=0xf, range=[0x000000000b4ba000-0x000000000b4ce000) (0MB)
2015-02-13T13:19:38.041011-06:00 c0-0c2s0n2 EFI: mem117: type=4, attr=0xf, range=[0x000000000b4ce000-0x000000000b580000) (0MB)
2015-02-13T13:19:38.041249-06:00 c0-0c2s0n2 EFI: mem118: type=7, attr=0xf, range=[0x000000000b580000-0x000000000b581000) (0MB)
2015-02-13T13:19:38.041420-06:00 c0-0c2s0n2 EFI: mem119: type=4, attr=0xf, range=[0x000000000b581000-0x000000000b5ae000) (0MB)
2015-02-13T13:19:38.080762-06:00 c0-0c2s0n2 EFI: mem120: type=3, attr=0xf, range=[0x000000000b5ae000-0x000000000b5b7000) (0MB)
2015-02-13T13:19:38.080972-06:00 c0-0c2s0n2 EFI: mem121: type=4, attr=0xf, range=[0x000000000b5b7000-0x000000000b5b8000) (0MB)
2015-02-13T13:19:38.081175-06:00 c0-0c2s0n2 EFI: mem122: type=2, attr=0xf, range=[0x000000000b5b8000-0x000000000b5ba000) (0MB)
2015-02-13T13:19:38.088736-06:00 c0-0c2s0n2 EFI: mem123: type=7, attr=0xf, range=[0x000000000b5ba000-0x000000000b5bc000) (0MB)
2015-02-13T13:19:38.113744-06:00 c0-0c2s0n2 EFI: mem124: type=4, attr=0xf, range=[0x000000000b5bc000-0x000000000b5c6000) (0MB)
2015-02-13T13:19:38.113991-06:00 c0-0c2s0n2 EFI: mem125: type=7, attr=0xf, range=[0x000000000b5c6000-0x000000000b5cc000) (0MB)
2015-02-13T13:19:38.139032-06:00 c0-0c2s0n2 EFI: mem126: type=4, attr=0xf, range=[0x000000000b5cc000-0x000000000b7e0000) (2MB)
2015-02-13T13:19:38.139276-06:00 c0-0c2s0n2 EFI: mem127: type=7, attr=0xf, range=[0x000000000b7e0000-0x000000000b7ee000) (0MB)
2015-02-13T13:19:38.139497-06:00 c0-0c2s0n2 EFI: mem128: type=1, attr=0xf, range=[0x000000000b7ee000-0x000000000b7ff000) (0MB)
2015-02-13T13:19:38.164424-06:00 c0-0c2s0n2 EFI: mem129: type=7, attr=0xf, range=[0x000000000b7ff000-0x000000007e67c000) (1838MB)
2015-02-13T13:19:38.189499-06:00 c0-0c2s0n2 EFI: mem130: type=10, attr=0xf, range=[0x000000007e67c000-0x000000007e790000) (1MB)
2015-02-13T13:19:38.189703-06:00 c0-0c2s0n2 EFI: mem131: type=0, attr=0xf, range=[0x000000007e790000-0x000000007e792000) (0MB)
2015-02-13T13:19:38.214799-06:00 c0-0c2s0n2 EFI: mem132: type=6, attr=0x800000000000000f, range=[0x000000007e792000-0x000000007f395000) (12MB)
2015-02-13T13:19:38.215031-06:00 c0-0c2s0n2 EFI: mem133: type=9, attr=0xf, range=[0x000000007f395000-0x000000007f410000) (0MB)
2015-02-13T13:19:38.240091-06:00 c0-0c2s0n2 EFI: mem134: type=5, attr=0x800000000000000f, range=[0x000000007f410000-0x000000007f41a000) (0MB)
2015-02-13T13:19:38.240340-06:00 c0-0c2s0n2 EFI: mem135: type=0, attr=0xf, range=[0x000000007f41a000-0x000000007f41c000) (0MB)
2015-02-13T13:19:38.265437-06:00 c0-0c2s0n2 EFI: mem136: type=6, attr=0x800000000000000f, range=[0x000000007f41c000-0x000000007f42d000) (0MB)
2015-02-13T13:19:38.290422-06:00 c0-0c2s0n2 EFI: mem137: type=0, attr=0xf, range=[0x000000007f42d000-0x000000007f43d000) (0MB)
2015-02-13T13:19:38.290640-06:00 c0-0c2s0n2 EFI: mem138: type=6, attr=0x800000000000000f, range=[0x000000007f43d000-0x000000007f45e000) (0MB)
2015-02-13T13:19:38.315782-06:00 c0-0c2s0n2 EFI: mem139: type=5, attr=0x800000000000000f, range=[0x000000007f45e000-0x000000007f462000) (0MB)
2015-02-13T13:19:38.316001-06:00 c0-0c2s0n2 EFI: mem140: type=0, attr=0xf, range=[0x000000007f462000-0x000000007f46b000) (0MB)
2015-02-13T13:19:38.341157-06:00 c0-0c2s0n2 EFI: mem141: type=5, attr=0x800000000000000f, range=[0x000000007f46b000-0x000000007f46d000) (0MB)
2015-02-13T13:19:38.341349-06:00 c0-0c2s0n2 EFI: mem142: type=0, attr=0xf, range=[0x000000007f46d000-0x000000007f471000) (0MB)
2015-02-13T13:19:38.366393-06:00 c0-0c2s0n2 EFI: mem143: type=5, attr=0x800000000000000f, range=[0x000000007f471000-0x000000007f472000) (0MB)
2015-02-13T13:19:38.391429-06:00 c0-0c2s0n2 EFI: mem144: type=6, attr=0x800000000000000f, range=[0x000000007f472000-0x000000007f473000) (0MB)
2015-02-13T13:19:38.391732-06:00 c0-0c2s0n2 EFI: mem145: type=5, attr=0x800000000000000f, range=[0x000000007f473000-0x000000007f476000) (0MB)
2015-02-13T13:19:38.416635-06:00 c0-0c2s0n2 EFI: mem146: type=0, attr=0xf, range=[0x000000007f476000-0x000000007f486000) (0MB)
2015-02-13T13:19:38.416942-06:00 c0-0c2s0n2 EFI: mem147: type=5, attr=0x800000000000000f, range=[0x000000007f486000-0x000000007f491000) (0MB)
2015-02-13T13:19:38.441909-06:00 c0-0c2s0n2 EFI: mem148: type=7, attr=0xf, range=[0x000000007f491000-0x000000007f493000) (0MB)
2015-02-13T13:19:38.442131-06:00 c0-0c2s0n2 EFI: mem149: type=10, attr=0xf, range=[0x000000007f493000-0x000000007f494000) (0MB)
2015-02-13T13:19:38.467143-06:00 c0-0c2s0n2 EFI: mem150: type=6, attr=0x800000000000000f, range=[0x000000007f494000-0x000000007f49b000) (0MB)
2015-02-13T13:19:38.467400-06:00 c0-0c2s0n2 EFI: mem151: type=5, attr=0x800000000000000f, range=[0x000000007f49b000-0x000000007f49e000) (0MB)
2015-02-13T13:19:38.492408-06:00 c0-0c2s0n2 EFI: mem152: type=10, attr=0xf, range=[0x000000007f49e000-0x000000007f4a6000) (0MB)
2015-02-13T13:19:38.492680-06:00 c0-0c2s0n2 EFI: mem153: type=6, attr=0x800000000000000f, range=[0x000000007f4a6000-0x000000007f4a7000) (0MB)
2015-02-13T13:19:38.517843-06:00 c0-0c2s0n2 EFI: mem154: type=5, attr=0x800000000000000f, range=[0x000000007f4a7000-0x000000007f4ab000) (0MB)
2015-02-13T13:19:38.518034-06:00 c0-0c2s0n2 EFI: mem155: type=6, attr=0x800000000000000f, range=[0x000000007f4ab000-0x000000007f4bd000) (0MB)
2015-02-13T13:19:38.543072-06:00 c0-0c2s0n2 EFI: mem156: type=5, attr=0x800000000000000f, range=[0x000000007f4bd000-0x000000007f4cf000) (0MB)
2015-02-13T13:19:38.568300-06:00 c0-0c2s0n2 EFI: mem157: type=6, attr=0x800000000000000f, range=[0x000000007f4cf000-0x000000007f4d2000) (0MB)
2015-02-13T13:19:38.568520-06:00 c0-0c2s0n2 EFI: mem158: type=10, attr=0xf, range=[0x000000007f4d2000-0x000000007f558000) (0MB)
2015-02-13T13:19:38.593529-06:00 c0-0c2s0n2 EFI: mem159: type=3, attr=0xf, range=[0x000000007f558000-0x000000007f7e0000) (2MB)
2015-02-13T13:19:38.593727-06:00 c0-0c2s0n2 EFI: mem160: type=4, attr=0xf, range=[0x000000007f7e0000-0x000000007f7ef000) (0MB)
2015-02-13T13:19:38.618821-06:00 c0-0c2s0n2 EFI: mem161: type=3, attr=0xf, range=[0x000000007f7ef000-0x000000007f800000) (0MB)
2015-02-13T13:19:38.619040-06:00 c0-0c2s0n2 EFI: mem162: type=7, attr=0xf, range=[0x0000000100000000-0x0000001080000000) (63488MB)
2015-02-13T13:19:38.644034-06:00 c0-0c2s0n2 EFI: mem163: type=11, attr=0x8000000000000001, range=[0x0000000080000000-0x0000000090000000) (256MB)
2015-02-13T13:19:38.644296-06:00 c0-0c2s0n2 EFI: mem164: type=11, attr=0x8000000000000001, range=[0x00000000fed1c000-0x00000000fed20000) (0MB)
2015-02-13T13:19:38.669338-06:00 c0-0c2s0n2 EFI: mem165: type=11, attr=0x8000000000000001, range=[0x00000000ff000000-0x0000000100000000) (16MB)
2015-02-13T13:19:38.669390-06:00 c0-0c2s0n2 DMI 2.7 present.
2015-02-13T13:19:38.669529-06:00 c0-0c2s0n2 last_pfn = 0x1080000 max_arch_pfn = 0x400000000
2015-02-13T13:19:38.694678-06:00 c0-0c2s0n2 x86 PAT enabled: cpu 0, old 0x7040600070406, new 0x7010600070106
2015-02-13T13:19:38.694823-06:00 c0-0c2s0n2 last_pfn = 0x7f800 max_arch_pfn = 0x400000000
2015-02-13T13:19:38.719666-06:00 c0-0c2s0n2 found SMP MP-table at [ffff8800000fd830] fd830
2015-02-13T13:19:38.719800-06:00 c0-0c2s0n2 Using GB pages for direct mapping
2015-02-13T13:19:38.720074-06:00 c0-0c2s0n2 init_memory_mapping: 0000000000000000-000000007f800000
2015-02-13T13:19:38.744851-06:00 c0-0c2s0n2 init_memory_mapping: 0000000100000000-0000001080000000
2015-02-13T13:19:38.744964-06:00 c0-0c2s0n2 nmi ring buffer: 262144
2015-02-13T13:19:38.745180-06:00 c0-0c2s0n2 RAMDISK: 0fa00000 - 10610000
2015-02-13T13:19:38.745329-06:00 c0-0c2s0n2 ACPI: RSDP 000000007f395000 00024 (v02 ALASKA)
2015-02-13T13:19:38.770074-06:00 c0-0c2s0n2 ACPI: XSDT 000000007f395088 0008C (v01 ALASKA    A M I 01072009 AMI  00010013)
2015-02-13T13:19:38.770357-06:00 c0-0c2s0n2 ACPI: FACP 000000007f39ee50 000F4 (v04 ALASKA    A M I 01072009 AMI  00010013)
2015-02-13T13:19:38.795366-06:00 c0-0c2s0n2 ACPI: DSDT 000000007f3951a0 09CAD (v02 ALASKA    A M I 00000016 INTL 20051117)
2015-02-13T13:19:38.795551-06:00 c0-0c2s0n2 ACPI: FACS 000000007f4a3f80 00040
2015-02-13T13:19:38.795789-06:00 c0-0c2s0n2 ACPI: APIC 000000007f39ef48 00138 (v03 ALASKA    A M I 01072009 AMI  00010013)
2015-02-13T13:19:38.820742-06:00 c0-0c2s0n2 ACPI: FPDT 000000007f39f080 00044 (v01 ALASKA    A M I 01072009 AMI  00010013)
2015-02-13T13:19:38.820974-06:00 c0-0c2s0n2 ACPI: MCFG 000000007f39f0c8 0003C (v01 ALASKA OEMMCFG. 01072009 MSFT 00000097)
2015-02-13T13:19:38.845936-06:00 c0-0c2s0n2 ACPI: HPET 000000007f39f108 00038 (v01 ALASKA    A M I 01072009 AMI. 00000004)
2015-02-13T13:19:38.846187-06:00 c0-0c2s0n2 ACPI: PRAD 000000007f39f140 000BE (v02 PRADID  PRADTID 00000001 MSFT 03000001)
2015-02-13T13:19:38.871199-06:00 c0-0c2s0n2 ACPI: SSDT 000000007f39f200 70104 (v02  INTEL    CpuPm 00004000 INTL 20051117)
2015-02-13T13:19:38.871434-06:00 c0-0c2s0n2 ACPI: SPCR 000000007f40f308 00050 (v01  A M I   APTIO4 01072009 AMI. 00000004)
2015-02-13T13:19:38.896314-06:00 c0-0c2s0n2 ACPI: EINJ 000000007f40f358 00130 (v01    AMI AMI EINJ 00000000      00000000)
2015-02-13T13:19:38.896504-06:00 c0-0c2s0n2 ACPI: ERST 000000007f40f488 00230 (v01  AMIER AMI ERST 00000000      00000000)
2015-02-13T13:19:38.921608-06:00 c0-0c2s0n2 ACPI: HEST 000000007f40f6b8 000A8 (v01    AMI AMI HEST 00000000      00000000)
2015-02-13T13:19:38.921835-06:00 c0-0c2s0n2 ACPI: BERT 000000007f40f760 00030 (v01    AMI AMI BERT 00000000      00000000)
2015-02-13T13:19:38.946677-06:00 c0-0c2s0n2 ACPI: DMAR 000000007f40f790 000BC (v01 A M I   OEMDMAR 00000001 INTL 00000001)
2015-02-13T13:19:38.946806-06:00 c0-0c2s0n2 No NUMA configuration found
2015-02-13T13:19:38.947029-06:00 c0-0c2s0n2 Faking a node at 0000000000000000-0000001080000000
2015-02-13T13:19:38.971918-06:00 c0-0c2s0n2 Initmem setup node 0 0000000000000000-0000001080000000
2015-02-13T13:19:38.972114-06:00 c0-0c2s0n2  NODE_DATA [000000107ffbb000 - 000000107ffbffff]
2015-02-13T13:19:39.168056-06:00 c0-0c2s0n2 Zone PFN ranges:
2015-02-13T13:19:39.193156-06:00 c0-0c2s0n2  DMA      0x00000010 -> 0x00001000
2015-02-13T13:19:39.193288-06:00 c0-0c2s0n2  DMA32    0x00001000 -> 0x00100000
2015-02-13T13:19:39.193447-06:00 c0-0c2s0n2  Normal   0x00100000 -> 0x01080000
2015-02-13T13:19:39.193589-06:00 c0-0c2s0n2 Movable zone start PFN for each node
2015-02-13T13:19:39.193756-06:00 c0-0c2s0n2 early_node_map[5] active PFN ranges
2015-02-13T13:19:39.193933-06:00 c0-0c2s0n2    0: 0x00000010 -> 0x000000a0
2015-02-13T13:19:39.218599-06:00 c0-0c2s0n2    0: 0x00000100 -> 0x0007e67c
2015-02-13T13:19:39.218718-06:00 c0-0c2s0n2    0: 0x0007f491 -> 0x0007f493
2015-02-13T13:19:39.218839-06:00 c0-0c2s0n2    0: 0x0007f558 -> 0x0007f800
2015-02-13T13:19:39.218978-06:00 c0-0c2s0n2    0: 0x00100000 -> 0x01080000
2015-02-13T13:19:40.020990-06:00 c0-0c2s0n2 ACPI: LAPIC (acpi_id[0x00] lapic_id[0x00] enabled)
2015-02-13T13:19:40.020998-06:00 c0-0c2s0n2 ACPI: LAPIC (acpi_id[0x02] lapic_id[0x02] enabled)
2015-02-13T13:19:40.021004-06:00 c0-0c2s0n2 ACPI: LAPIC (acpi_id[0x04] lapic_id[0x04] enabled)
2015-02-13T13:19:40.021008-06:00 c0-0c2s0n2 ACPI: LAPIC (acpi_id[0x06] lapic_id[0x06] enabled)
2015-02-13T13:19:40.021030-06:00 c0-0c2s0n2 ACPI: LAPIC (acpi_id[0x08] lapic_id[0x08] enabled)
2015-02-13T13:19:40.021039-06:00 c0-0c2s0n2 ACPI: LAPIC (acpi_id[0x0a] lapic_id[0x0a] enabled)
2015-02-13T13:19:40.021044-06:00 c0-0c2s0n2 ACPI: LAPIC (acpi_id[0x0c] lapic_id[0x0c] enabled)
2015-02-13T13:19:40.021049-06:00 c0-0c2s0n2 ACPI: LAPIC (acpi_id[0x0e] lapic_id[0x0e] enabled)
2015-02-13T13:19:40.021058-06:00 c0-0c2s0n2 ACPI: LAPIC (acpi_id[0x01] lapic_id[0x01] enabled)
2015-02-13T13:19:40.021068-06:00 c0-0c2s0n2 ACPI: LAPIC (acpi_id[0x03] lapic_id[0x03] enabled)
2015-02-13T13:19:40.021076-06:00 c0-0c2s0n2 ACPI: LAPIC (acpi_id[0x05] lapic_id[0x05] enabled)
2015-02-13T13:19:40.021081-06:00 c0-0c2s0n2 ACPI: LAPIC (acpi_id[0x07] lapic_id[0x07] enabled)
2015-02-13T13:19:40.021093-06:00 c0-0c2s0n2 ACPI: LAPIC (acpi_id[0x09] lapic_id[0x09] enabled)
2015-02-13T13:19:40.021098-06:00 c0-0c2s0n2 ACPI: LAPIC (acpi_id[0x0b] lapic_id[0x0b] enabled)
2015-02-13T13:19:40.021109-06:00 c0-0c2s0n2 ACPI: LAPIC (acpi_id[0x0d] lapic_id[0x0d] enabled)
2015-02-13T13:19:40.021114-06:00 c0-0c2s0n2 ACPI: LAPIC (acpi_id[0x0f] lapic_id[0x0f] enabled)
2015-02-13T13:19:40.021127-06:00 c0-0c2s0n2 ACPI: LAPIC_NMI (acpi_id[0x00] high edge lint[0x1])
2015-02-13T13:19:40.021138-06:00 c0-0c2s0n2 ACPI: LAPIC_NMI (acpi_id[0x02] high edge lint[0x1])
2015-02-13T13:19:40.021146-06:00 c0-0c2s0n2 ACPI: LAPIC_NMI (acpi_id[0x04] high edge lint[0x1])
2015-02-13T13:19:40.021151-06:00 c0-0c2s0n2 ACPI: LAPIC_NMI (acpi_id[0x06] high edge lint[0x1])
2015-02-13T13:19:40.021168-06:00 c0-0c2s0n2 ACPI: LAPIC_NMI (acpi_id[0x08] high edge lint[0x1])
2015-02-13T13:19:40.060434-06:00 c0-0c2s0n2 ACPI: LAPIC_NMI (acpi_id[0x0a] high edge lint[0x1])
2015-02-13T13:19:40.060592-06:00 c0-0c2s0n2 ACPI: LAPIC_NMI (acpi_id[0x0c] high edge lint[0x1])
2015-02-13T13:19:40.060720-06:00 c0-0c2s0n2 ACPI: LAPIC_NMI (acpi_id[0x0e] high edge lint[0x1])
2015-02-13T13:19:40.060782-06:00 c0-0c2s0n2 ACPI: LAPIC_NMI (acpi_id[0x01] high edge lint[0x1])
2015-02-13T13:19:40.060882-06:00 c0-0c2s0n2 ACPI: LAPIC_NMI (acpi_id[0x03] high edge lint[0x1])
2015-02-13T13:19:40.060970-06:00 c0-0c2s0n2 ACPI: LAPIC_NMI (acpi_id[0x05] high edge lint[0x1])
2015-02-13T13:19:40.061058-06:00 c0-0c2s0n2 ACPI: LAPIC_NMI (acpi_id[0x07] high edge lint[0x1])
2015-02-13T13:19:40.079010-06:00 c0-0c2s0n2 ACPI: LAPIC_NMI (acpi_id[0x09] high edge lint[0x1])
2015-02-13T13:19:40.079729-06:00 c0-0c2s0n2 ACPI: LAPIC_NMI (acpi_id[0x0b] high edge lint[0x1])
2015-02-13T13:19:40.079858-06:00 c0-0c2s0n2 ACPI: LAPIC_NMI (acpi_id[0x0d] high edge lint[0x1])
2015-02-13T13:19:40.104243-06:00 c0-0c2s0n2 ACPI: LAPIC_NMI (acpi_id[0x0f] high edge lint[0x1])
2015-02-13T13:19:40.104439-06:00 c0-0c2s0n2 ACPI: IOAPIC (id[0x00] address[0xfec00000] gsi_base[0])
2015-02-13T13:19:40.129447-06:00 c0-0c2s0n2 IOAPIC[0]: apic_id 0, version 32, address 0xfec00000, GSI 0-23
2015-02-13T13:19:40.129593-06:00 c0-0c2s0n2 ACPI: IOAPIC (id[0x02] address[0xfec01000] gsi_base[24])
2015-02-13T13:19:40.129732-06:00 c0-0c2s0n2 IOAPIC[1]: apic_id 2, version 32, address 0xfec01000, GSI 24-47
2015-02-13T13:19:40.154634-06:00 c0-0c2s0n2 ACPI: INT_SRC_OVR (bus 0 bus_irq 0 global_irq 2 dfl dfl)
2015-02-13T13:19:40.154792-06:00 c0-0c2s0n2 ACPI: INT_SRC_OVR (bus 0 bus_irq 9 global_irq 9 high level)
2015-02-13T13:19:40.154914-06:00 c0-0c2s0n2 Using ACPI (MADT) for SMP configuration information
2015-02-13T13:19:40.179891-06:00 c0-0c2s0n2 ACPI: HPET id: 0x8086a701 base: 0xfed00000
2015-02-13T13:19:40.180011-06:00 c0-0c2s0n2 SMP: Allowing 16 CPUs, 0 hotplug CPUs
2015-02-13T13:19:40.180187-06:00 c0-0c2s0n2 Allocating PCI resources starting at 90000000 (gap: 90000000:6ed1c000)
2015-02-13T13:19:40.205135-06:00 c0-0c2s0n2 setup_percpu: NR_CPUS:128 nr_cpumask_bits:128 nr_cpu_ids:16 nr_node_ids:1
2015-02-13T13:19:40.205372-06:00 c0-0c2s0n2 PERCPU: Embedded 25 PATH1224 @ffff88107fa00000 s72704 r8192 d21504 u131072
2015-02-13T13:19:40.230373-06:00 c0-0c2s0n2 Built 1 zonelists in Zone order, mobility grouping on.  Total pages: 16534701
2015-02-13T13:19:40.230467-06:00 c0-0c2s0n2 Policy zone: Normal
2015-02-13T13:19:40.344910-06:00 c0-0c2s0n2 Kernel command line: earlyprintk=serial,115200 load_ramdisk=1 ramdisk_size=80000 console=ttyS0,115200n8 bootnodeip=IPADDR13 bootproto=ipog bootpath=PATH1220 rootfs=nfs-shared root=PATH1221 oops=panic bootifnetmask=IPADDR15 elevator=noop ippob1=10 ippob2=128 pcie_ports=native iommu=on intel_iommu=off bad_page=panic pln_enable=off apei_disable hest_disable erst_disable ghes_disable cgroup_disable=memory active_wlm=ALPS sdbnodeip=IPADDR16 sessionid=p0-20150213t131030 _cray=marker_ 
2015-02-13T13:19:40.345210-06:00 c0-0c2s0n2 Intel-IOMMU: disabled
2015-02-13T13:19:40.345557-06:00 c0-0c2s0n2 Disabling memory control group subsystem
2015-02-13T13:19:40.345744-06:00 c0-0c2s0n2 PID hash table entries: 4096 (order: 3, 32768 bytes)
2015-02-13T13:19:40.345885-06:00 c0-0c2s0n2 PATH1225: enabled xstate_bv 0x7, cntxt size 0x340
2015-02-13T13:19:40.745935-06:00 c0-0c2s0n2 Memory: PATH319779 available (5522k kernel code, 2121000k absent, 1019856k reserved, 5307k data, 692k init)
2015-02-13T13:19:40.745973-06:00 c0-0c2s0n2 Hierarchical RCU implementation.
2015-02-13T13:19:40.745985-06:00 c0-0c2s0n2 NR_IRQS:4352
2015-02-13T13:19:40.796747-06:00 c0-0c2s0n2 Extended CMOS year: 2000
2015-02-13T13:19:40.796816-06:00 c0-0c2s0n2 Console: colour dummy device 80x25
2015-02-13T13:19:40.821787-06:00 c0-0c2s0n2 console [ttyS0] enabled, bootconsole disabled
2015-02-13T13:19:40.821946-06:00 c0-0c2s0n2 console [ttyS0] enabled, bootconsole disabled
2015-02-13T13:19:40.847159-06:00 c0-0c2s0n2 Fast TSC calibration using PIT
2015-02-13T13:19:40.847232-06:00 c0-0c2s0n2 Detected 2599.916 MHz processor.
2015-02-13T13:19:40.872357-06:00 c0-0c2s0n2 Calibrating delay loop (skipped), value calculated using timer frequency.. 5199.83 BogoMIPS (lpj=10399664)
2015-02-13T13:19:40.872452-06:00 c0-0c2s0n2 pid_max: default: 32768 minimum: 301
2015-02-13T13:19:40.922794-06:00 c0-0c2s0n2 Dentry cache hash table entries: 8388608 (order: 14, 67108864 bytes)
2015-02-13T13:19:40.948110-06:00 c0-0c2s0n2 Inode-cache hash table entries: 4194304 (order: 13, 33554432 bytes)
2015-02-13T13:19:40.973221-06:00 c0-0c2s0n2 Mount-cache hash table entries: 256
2015-02-13T13:19:40.973319-06:00 c0-0c2s0n2 Initializing cgroup subsys cpuacct
2015-02-13T13:19:40.973445-06:00 c0-0c2s0n2 Initializing cgroup subsys memory
2015-02-13T13:19:40.998368-06:00 c0-0c2s0n2 Initializing cgroup subsys devices
2015-02-13T13:19:40.998574-06:00 c0-0c2s0n2 Initializing cgroup subsys perf_event
2015-02-13T13:19:40.998756-06:00 c0-0c2s0n2 CPU: Physical Processor ID: 0
2015-02-13T13:19:40.998847-06:00 c0-0c2s0n2 CPU: Processor Core ID: 0
2015-02-13T13:19:40.999099-06:00 c0-0c2s0n2 mce: CPU supports 20 MCE banks
2015-02-13T13:19:41.023802-06:00 c0-0c2s0n2 CPU0: Thermal monitoring enabled (TM1)
2015-02-13T13:19:41.023912-06:00 c0-0c2s0n2 using mwait in idle threads.
2015-02-13T13:19:41.024109-06:00 c0-0c2s0n2 ACPI: Core revision 20110413
2015-02-13T13:19:41.074181-06:00 c0-0c2s0n2 ftrace: allocating 20236 entries in 80 pages
2015-02-13T13:19:41.099425-06:00 c0-0c2s0n2 DMAR: Host address width 46
2015-02-13T13:19:41.099516-06:00 c0-0c2s0n2 DMAR: DRHD base: 0x000000fbffc000 flags: 0x1
2015-02-13T13:19:41.099736-06:00 c0-0c2s0n2 IOMMU 0: reg_base_addr fbffc000 ver 1:0 cap d2078c106f0462 ecap f020fe
2015-02-13T13:19:41.124717-06:00 c0-0c2s0n2 DMAR: RMRR base: 0x0000007f430000 end: 0x0000007f43cfff
2015-02-13T13:19:41.124832-06:00 c0-0c2s0n2 DMAR: ATSR flags: 0x0
2015-02-13T13:19:41.125085-06:00 c0-0c2s0n2 DMAR: RHSA base: 0x000000fbffc000 proximity domain: 0x0
2015-02-13T13:19:41.149904-06:00 c0-0c2s0n2 Switched APIC routing to physical flat.
2015-02-13T13:19:41.150162-06:00 c0-0c2s0n2 ..TIMER: vector=0x30 apic1=0 pin1=2 apic2=-1 pin2=-1
2015-02-13T13:19:41.200529-06:00 c0-0c2s0n2 CPU0: Intel(R) Xeon(R) CPU E5-2670 0 @ 2.60GHz stepping 07
2015-02-13T13:19:41.425918-06:00 c0-0c2s0n2 Performance Events: PEBS fmt1+, 16-deep LBR, SandyBridge events, full-width counters, Intel PMU driver.
2015-02-13T13:19:41.451043-06:00 c0-0c2s0n2 ... version:                3
2015-02-13T13:19:41.451173-06:00 c0-0c2s0n2 ... bit width:              48
2015-02-13T13:19:41.451276-06:00 c0-0c2s0n2 ... generic registers:      4
2015-02-13T13:19:41.451449-06:00 c0-0c2s0n2 ... value mask:             0000ffffffffffff
2015-02-13T13:19:41.476340-06:00 c0-0c2s0n2 ... max period:             0000ffffffffffff
2015-02-13T13:19:41.476516-06:00 c0-0c2s0n2 ... fixed-purpose events:   3
2015-02-13T13:19:41.476733-06:00 c0-0c2s0n2 ... event mask:             000000070000000f
2015-02-13T13:19:41.958543-06:00 c0-0c2s0n2 Booting Node   0, Processors  #1 #2 #3 #4 #5 #6 #7 #8 #9 #10 #11 #12 #13 #14 #15 Ok.
2015-02-13T13:19:41.983788-06:00 c0-0c2s0n2 Brought up 16 CPUs
2015-02-13T13:19:41.983859-06:00 c0-0c2s0n2 Total of 16 processors activated (83197.31 BogoMIPS).
2015-02-13T13:19:42.034185-06:00 c0-0c2s0n2 NET: Registered protocol family 16
2015-02-13T13:19:42.034342-06:00 c0-0c2s0n2 ACPI FADT declares the system doesn't support PCIe ASPM, so disable it
2015-02-13T13:19:42.059473-06:00 c0-0c2s0n2 ACPI: bus type pci registered
2015-02-13T13:19:42.059760-06:00 c0-0c2s0n2 PCI: MMCONFIG for domain 0000 [bus 00-ff] at [mem 0x80000000-0x8fffffff] (base 0x80000000)
2015-02-13T13:19:42.084686-06:00 c0-0c2s0n2 PCI: MMCONFIG at [mem 0x80000000-0x8fffffff] reserved in E820
2015-02-13T13:19:42.085043-06:00 c0-0c2s0n2 PCI: Using configuration type 1 for base access
2015-02-13T13:19:42.109976-06:00 c0-0c2s0n2 bio: create slab <bio-0> at 0
2015-02-13T13:19:42.160328-06:00 c0-0c2s0n2 ACPI: Executed 1 blocks of module-level executable AML code
2015-02-13T13:19:42.367819-06:00 c0-0c2s0n2 ACPI: Interpreter enabled
2015-02-13T13:19:42.367873-06:00 c0-0c2s0n2 ACPI: (supports S0 S1 S3 S5)
2015-02-13T13:19:42.367962-06:00 c0-0c2s0n2 ACPI: Using IOAPIC for interrupt routing
2015-02-13T13:19:42.393050-06:00 c0-0c2s0n2 ACPI: No dock devices found.
2015-02-13T13:19:42.393187-06:00 c0-0c2s0n2 HEST: Table parsing disabled.
2015-02-13T13:19:42.393372-06:00 c0-0c2s0n2 PCI: Using host bridge windows from ACPI; if necessary, use "pci=nocrs" and report a bug
2015-02-13T13:19:42.443461-06:00 c0-0c2s0n2 ACPI: PCI Root Bridge [PCI0] (domain 0000 [bus 00-fe])
2015-02-13T13:19:42.443666-06:00 c0-0c2s0n2 pci_root PNP0A08:00: host bridge window [io  0x0000-0x03af]
2015-02-13T13:19:42.443819-06:00 c0-0c2s0n2 pci_root PNP0A08:00: host bridge window [io  0x03e0-0x0cf7]
2015-02-13T13:19:42.468868-06:00 c0-0c2s0n2 pci_root PNP0A08:00: host bridge window [io  0x0d00-0xffff]
2015-02-13T13:19:42.469096-06:00 c0-0c2s0n2 pci_root PNP0A08:00: host bridge window [mem 0x000c0000-0x000dffff]
2015-02-13T13:19:42.493995-06:00 c0-0c2s0n2 pci_root PNP0A08:00: host bridge window [mem 0x80000000-0xfbffffff]
2015-02-13T13:19:42.494290-06:00 c0-0c2s0n2 pci_root PNP0A08:00: host bridge window [mem 0x1080000000-0x3c3fffffffff]
2015-02-13T13:19:42.494512-06:00 c0-0c2s0n2 pci 0000:00:02.0: PCI bridge to [bus 01-01]
2015-02-13T13:19:42.519401-06:00 c0-0c2s0n2 pci 0000:00:03.0: PCI bridge to [bus 02-02]
2015-02-13T13:19:42.519691-06:00 c0-0c2s0n2 pci 0000:00:03.2: PCI bridge to [bus 03-03]
2015-02-13T13:19:42.544621-06:00 c0-0c2s0n2 pci 0000:00:11.0: PCI bridge to [bus 04-04]
2015-02-13T13:19:42.544852-06:00 c0-0c2s0n2 pci 0000:00:1e.0: PCI bridge to [bus 05-05] (subtractive decode)
2015-02-13T13:19:42.569734-06:00 c0-0c2s0n2 pci0000:00: Unable to request _OSC control (_OSC support mask: 0x19)
2015-02-13T13:19:42.570256-06:00 c0-0c2s0n2 ACPI: PCI Root Bridge [UNC0] (domain 0000 [bus ff])
2015-02-13T13:19:42.595139-06:00 c0-0c2s0n2 pci0000:ff: Unable to request _OSC control (_OSC support mask: 0x19)
2015-02-13T13:19:42.620220-06:00 c0-0c2s0n2 ACPI: PCI Interrupt Link [LNKA] (IRQs 3 4 5 6 7 10 *11 12 14 15)
2015-02-13T13:19:42.620504-06:00 c0-0c2s0n2 ACPI: PCI Interrupt Link [LNKB] (IRQs 3 4 5 6 7 *10 11 12 14 15)
2015-02-13T13:19:42.645522-06:00 c0-0c2s0n2 ACPI: PCI Interrupt Link [LNKC] (IRQs 3 4 *5 6 10 11 12 14 15)
2015-02-13T13:19:42.645808-06:00 c0-0c2s0n2 ACPI: PCI Interrupt Link [LNKD] (IRQs *3 4 5 6 10 11 12 14 15)
2015-02-13T13:19:42.646092-06:00 c0-0c2s0n2 ACPI: PCI Interrupt Link [LNKE] (IRQs 3 4 5 6 7 10 11 12 14 15) *0
2015-02-13T13:19:42.670873-06:00 c0-0c2s0n2 ACPI: PCI Interrupt Link [LNKF] (IRQs 3 4 5 6 7 10 11 12 14 15) *0
2015-02-13T13:19:42.671142-06:00 c0-0c2s0n2 ACPI: PCI Interrupt Link [LNKG] (IRQs 3 4 5 6 7 10 11 12 14 15) *0
2015-02-13T13:19:42.696123-06:00 c0-0c2s0n2 ACPI: PCI Interrupt Link [LNKH] (IRQs 3 4 5 6 *7 10 11 12 14 15)
2015-02-13T13:19:42.696235-06:00 c0-0c2s0n2 vgaarb: loaded
2015-02-13T13:19:42.696423-06:00 c0-0c2s0n2 SCSI subsystem initialized
2015-02-13T13:19:42.696528-06:00 c0-0c2s0n2 PCI: Using ACPI for IRQ routing
2015-02-13T13:19:42.721550-06:00 c0-0c2s0n2 Switching to clocksource hpet
2015-02-13T13:19:42.721980-06:00 c0-0c2s0n2 pnp: PnP ACPI init
2015-02-13T13:19:42.722126-06:00 c0-0c2s0n2 ACPI: bus type pnp registered
2015-02-13T13:19:42.746772-06:00 c0-0c2s0n2 system 00:01: [mem 0xfc000000-0xfcffffff] has been reserved
2015-02-13T13:19:42.747032-06:00 c0-0c2s0n2 system 00:01: [mem 0xfd000000-0xfdffffff] has been reserved
2015-02-13T13:19:42.772064-06:00 c0-0c2s0n2 system 00:01: [mem 0xfe000000-0xfeafffff] has been reserved
2015-02-13T13:19:42.772303-06:00 c0-0c2s0n2 system 00:01: [mem 0xfeb00000-0xfebfffff] has been reserved
2015-02-13T13:19:42.797151-06:00 c0-0c2s0n2 system 00:01: [mem 0xfed00400-0xfed3ffff] could not be reserved
2015-02-13T13:19:42.797447-06:00 c0-0c2s0n2 system 00:01: [mem 0xfed45000-0xfedfffff] has been reserved
2015-02-13T13:19:42.822279-06:00 c0-0c2s0n2 system 00:02: [mem 0xfbffc000-0xfbffdfff] has been reserved
2015-02-13T13:19:42.822565-06:00 c0-0c2s0n2 system 00:06: [io  0x04d0-0x04d1] has been reserved
2015-02-13T13:19:42.822816-06:00 c0-0c2s0n2 system 00:08: [io  0x0400-0x0453] has been reserved
2015-02-13T13:19:42.847649-06:00 c0-0c2s0n2 system 00:08: [io  0x0458-0x047f] has been reserved
2015-02-13T13:19:42.847853-06:00 c0-0c2s0n2 system 00:08: [io  0x1180-0x119f] has been reserved
2015-02-13T13:19:42.872779-06:00 c0-0c2s0n2 system 00:08: [io  0x0500-0x057f] has been reserved
2015-02-13T13:19:42.873092-06:00 c0-0c2s0n2 system 00:08: [mem 0xfed1c000-0xfed1ffff] has been reserved
2015-02-13T13:19:42.873363-06:00 c0-0c2s0n2 system 00:08: [mem 0xfec00000-0xfecfffff] could not be reserved
2015-02-13T13:19:42.898157-06:00 c0-0c2s0n2 system 00:08: [mem 0xfed08000-0xfed08fff] has been reserved
2015-02-13T13:19:42.898435-06:00 c0-0c2s0n2 system 00:08: [mem 0xff000000-0xffffffff] has been reserved
2015-02-13T13:19:42.923264-06:00 c0-0c2s0n2 system 00:09: [io  0x0454-0x0457] has been reserved
2015-02-13T13:19:42.923569-06:00 c0-0c2s0n2 pnp: PnP ACPI: found 12 devices
2015-02-13T13:19:42.923649-06:00 c0-0c2s0n2 ACPI: ACPI bus type pnp unregistered
2015-02-13T13:19:42.948586-06:00 c0-0c2s0n2 pci 0000:00:02.0: PCI bridge to [bus 01-01]
2015-02-13T13:19:42.948767-06:00 c0-0c2s0n2 pci 0000:00:02.0:   bridge window [io  disabled]
2015-02-13T13:19:42.949037-06:00 c0-0c2s0n2 pci 0000:00:02.0:   bridge window [mem disabled]
2015-02-13T13:19:42.973847-06:00 c0-0c2s0n2 pci 0000:00:02.0:   bridge window [mem 0x3c0000000000-0x3c20000fffff 64bit pref]
2015-02-13T13:19:42.974046-06:00 c0-0c2s0n2 pci 0000:00:03.0: PCI bridge to [bus 02-02]
2015-02-13T13:19:42.974289-06:00 c0-0c2s0n2 pci 0000:00:03.0:   bridge window [io  disabled]
2015-02-13T13:19:42.999210-06:00 c0-0c2s0n2 pci 0000:00:03.0:   bridge window [mem 0xfbc00000-0xfbdfffff]
2015-02-13T13:19:42.999598-06:00 c0-0c2s0n2 pci 0000:00:03.0:   bridge window [mem 0x3c2001000000-0x3c20017fffff 64bit pref]
2015-02-13T13:19:43.024409-06:00 c0-0c2s0n2 pci 0000:00:03.2: PCI bridge to [bus 03-03]
2015-02-13T13:19:43.024659-06:00 c0-0c2s0n2 pci 0000:00:03.2:   bridge window [io  disabled]
2015-02-13T13:19:43.024936-06:00 c0-0c2s0n2 pci 0000:00:03.2:   bridge window [mem 0xfba00000-0xfbbfffff]
2015-02-13T13:19:43.049861-06:00 c0-0c2s0n2 pci 0000:00:03.2:   bridge window [mem 0x3c2000800000-0x3c2000ffffff 64bit pref]
2015-02-13T13:19:43.050053-06:00 c0-0c2s0n2 pci 0000:00:11.0: PCI bridge to [bus 04-04]
2015-02-13T13:19:43.074996-06:00 c0-0c2s0n2 pci 0000:00:11.0:   bridge window [io  0xe000-0xefff]
2015-02-13T13:19:43.075257-06:00 c0-0c2s0n2 pci 0000:00:11.0:   bridge window [mem 0xfbe00000-0xfbefffff]
2015-02-13T13:19:43.100261-06:00 c0-0c2s0n2 pci 0000:00:11.0:   bridge window [mem 0x3c2001800000-0x3c2001cfffff 64bit pref]
2015-02-13T13:19:43.100449-06:00 c0-0c2s0n2 pci 0000:00:1e.0: PCI bridge to [bus 05-05]
2015-02-13T13:19:43.100682-06:00 c0-0c2s0n2 pci 0000:00:1e.0:   bridge window [io  disabled]
2015-02-13T13:19:43.125349-06:00 c0-0c2s0n2 pci 0000:00:1e.0:   bridge window [mem disabled]
2015-02-13T13:19:43.125612-06:00 c0-0c2s0n2 pci 0000:00:1e.0:   bridge window [mem pref disabled]
2015-02-13T13:19:43.150473-06:00 c0-0c2s0n2 pci 0000:00:02.0: PCI INT A -> GSI 32 (level, low) -> IRQ 32
2015-02-13T13:19:43.150758-06:00 c0-0c2s0n2 pci 0000:00:03.0: PCI INT A -> GSI 40 (level, low) -> IRQ 40
2015-02-13T13:19:43.175771-06:00 c0-0c2s0n2 pci 0000:00:03.2: PCI INT A -> GSI 40 (level, low) -> IRQ 40
2015-02-13T13:19:43.176046-06:00 c0-0c2s0n2 pci 0000:00:11.0: PCI INT A -> GSI 16 (level, low) -> IRQ 16
2015-02-13T13:19:43.200890-06:00 c0-0c2s0n2 NET: Registered protocol family 2
2015-02-13T13:19:43.201099-06:00 c0-0c2s0n2 IP route cache hash table entries: 524288 (order: 10, 4194304 bytes)
2015-02-13T13:19:43.201505-06:00 c0-0c2s0n2 TCP established hash table entries: 524288 (order: 11, 8388608 bytes)
2015-02-13T13:19:43.226288-06:00 c0-0c2s0n2 TCP bind hash table entries: 65536 (order: 8, 1048576 bytes)
2015-02-13T13:19:43.226553-06:00 c0-0c2s0n2 TCP: Hash tables configured (established 524288 bind 65536)
2015-02-13T13:19:43.226659-06:00 c0-0c2s0n2 TCP reno registered
2015-02-13T13:19:43.251537-06:00 c0-0c2s0n2 UDP hash table entries: 32768 (order: 8, 1048576 bytes)
2015-02-13T13:19:43.251873-06:00 c0-0c2s0n2 UDP-Lite hash table entries: 32768 (order: 8, 1048576 bytes)
2015-02-13T13:19:43.276611-06:00 c0-0c2s0n2 NET: Registered protocol family 1
2015-02-13T13:19:43.276978-06:00 c0-0c2s0n2 RPC: Registered named UNIX socket transport module.
2015-02-13T13:19:43.277190-06:00 c0-0c2s0n2 RPC: Registered udp transport module.
2015-02-13T13:19:43.277340-06:00 c0-0c2s0n2 RPC: Registered tcp transport module.
2015-02-13T13:19:43.302095-06:00 c0-0c2s0n2 RPC: Registered tcp NFSv4.1 backchannel transport module.
2015-02-13T13:19:43.302358-06:00 c0-0c2s0n2 pci 0000:00:1a.0: PCI INT A -> GSI 16 (level, low) -> IRQ 16
2015-02-13T13:19:43.352383-06:00 c0-0c2s0n2 pci 0000:00:1a.0: PCI INT A disabled
2015-02-13T13:19:43.352564-06:00 c0-0c2s0n2 pci 0000:00:1d.0: PCI INT A -> GSI 23 (level, low) -> IRQ 23
2015-02-13T13:19:43.377912-06:00 c0-0c2s0n2 pci 0000:00:1d.0: PCI INT A disabled
2015-02-13T13:19:43.402894-06:00 c0-0c2s0n2 Trying to unpack rootfs image as initramfs...
2015-02-13T13:19:43.818638-06:00 c0-0c2s0n2 Freeing initrd memory: 12352k freed
2015-02-13T13:19:43.818873-06:00 c0-0c2s0n2 DMAR: Device scope device [0000:00:01.01] not found
2015-02-13T13:19:43.843780-06:00 c0-0c2s0n2 DMAR: Device scope device [0000:00:01.01] not found
2015-02-13T13:19:43.844025-06:00 c0-0c2s0n2 PCI-DMA: Using software bounce buffering for IO (SWIOTLB)
2015-02-13T13:19:43.844261-06:00 c0-0c2s0n2 Placing 64MB software IO TLB between ffff88007a67c000 - ffff88007e67c000
2015-02-13T13:19:43.868990-06:00 c0-0c2s0n2 software IO TLB at phys 0x7a67c000 - 0x7e67c000
2015-02-13T13:19:43.869243-06:00 c0-0c2s0n2 Machine check injector initialized
2015-02-13T13:19:43.894345-06:00 c0-0c2s0n2 futex hash table entries: 4096 (order: 6, 262144 bytes)
2015-02-13T13:19:43.894489-06:00 c0-0c2s0n2 Registering pnotify support for (name=job)
2015-02-13T13:19:43.894552-06:00 c0-0c2s0n2 CSA: initialized
2015-02-13T13:19:43.919461-06:00 c0-0c2s0n2 audit: initializing netlink socket (disabled)
2015-02-13T13:19:43.919560-06:00 c0-0c2s0n2 type=2000 audit(1423855178.536:1): initialized
2015-02-13T13:19:43.970173-06:00 c0-0c2s0n2 HugeTLB registered 2 MB page size, pre-allocated 0 pages
2015-02-13T13:19:43.970329-06:00 c0-0c2s0n2 VFS: Disk quotas dquot_6.5.2
2015-02-13T13:19:43.995202-06:00 c0-0c2s0n2 Dquot-cache hash table entries: 512 (order 0, 4096 bytes)
2015-02-13T13:19:43.995576-06:00 c0-0c2s0n2 Installing knfsd (copyright (C) 1996 okir@monad.swb.de).
2015-02-13T13:19:43.995705-06:00 c0-0c2s0n2 fuse init (API version 7.16)
2015-02-13T13:19:43.995913-06:00 c0-0c2s0n2 Installing v9fs 9p2000 file system support
2015-02-13T13:19:44.020488-06:00 c0-0c2s0n2 msgmni has been set to 32268
2015-02-13T13:19:44.020855-06:00 c0-0c2s0n2 Block layer SCSI generic (bsg) driver version 0.4 loaded (major 254)
2015-02-13T13:19:44.045526-06:00 c0-0c2s0n2 io scheduler noop registered (default)
2015-02-13T13:19:44.045830-06:00 c0-0c2s0n2 io scheduler deadline registered
2015-02-13T13:19:44.045977-06:00 c0-0c2s0n2 io scheduler cfq registered
2015-02-13T13:19:44.070859-06:00 c0-0c2s0n2 input: Power Button as PATH1228:PATH1229:PATH1230:PATH1231
2015-02-13T13:19:44.070983-06:00 c0-0c2s0n2 ACPI: Power Button [PWRB]
2015-02-13T13:19:44.071122-06:00 c0-0c2s0n2 input: Power Button as PATH1228:PATH1232:PATH1233
2015-02-13T13:19:44.071183-06:00 c0-0c2s0n2 ACPI: Power Button [PWRF]
2015-02-13T13:19:44.196965-06:00 c0-0c2s0n2 ERST: Error Record Serialization Table (ERST) support is disabled.
2015-02-13T13:19:44.197078-06:00 c0-0c2s0n2 GHES: HEST is not enabled!
2015-02-13T13:19:44.222612-06:00 c0-0c2s0n2 Serial: PATH1234 driver, 2 ports, IRQ sharing disabled
2015-02-13T13:19:44.272754-06:00 c0-0c2s0n2 serial8250: ttyS0 at PATH1235 0x3f8 (irq = 4) is a 16550A
2015-02-13T13:19:44.348405-06:00 c0-0c2s0n2 serial8250: ttyS1 at PATH1235 0x2f8 (irq = 3) is a 16550A
2015-02-13T13:19:44.424379-06:00 c0-0c2s0n2 Real Time Clock Driver v1.12b
2015-02-13T13:19:44.424508-06:00 c0-0c2s0n2 Linux agpgart interface v0.103
2015-02-13T13:19:44.424611-06:00 c0-0c2s0n2 brd: module loaded
2015-02-13T13:19:44.449431-06:00 c0-0c2s0n2 loop: module loaded
2015-02-13T13:19:44.449553-06:00 c0-0c2s0n2 Loading iSCSI transport class v2.0-870.
2015-02-13T13:19:44.449689-06:00 c0-0c2s0n2 iscsi: registered transport (tcp)
2015-02-13T13:19:44.474664-06:00 c0-0c2s0n2 Rounding down aligned max_sectors from 4294967295 to 4294967288
2015-02-13T13:19:44.474763-06:00 c0-0c2s0n2 console [netcon0] enabled
2015-02-13T13:19:44.474827-06:00 c0-0c2s0n2 netconsole: network logging started
2015-02-13T13:19:44.499901-06:00 c0-0c2s0n2 i8042: PNP: No PATH1236 controller found. Probing ports directly.
2015-02-13T13:19:44.889426-06:00 c0-0c2s0n2 Refined TSC clocksource calibration: 2599.999 MHz.
2015-02-13T13:19:44.889452-06:00 c0-0c2s0n2 Switching to clocksource tsc
2015-02-13T13:19:45.520180-06:00 c0-0c2s0n2 i8042: No controller found
2015-02-13T13:19:45.520296-06:00 c0-0c2s0n2 EDAC MC: Ver: 2.1.0
2015-02-13T13:19:45.520508-06:00 c0-0c2s0n2 cpuidle: using governor ladder
2015-02-13T13:19:45.545379-06:00 c0-0c2s0n2 cpuidle: using governor menu
2015-02-13T13:19:45.545469-06:00 c0-0c2s0n2 oprofile: using NMI interrupt.
2015-02-13T13:19:45.545518-06:00 c0-0c2s0n2 TCP cubic registered
2015-02-13T13:19:45.570365-06:00 c0-0c2s0n2 NET: Registered protocol family 10
2015-02-13T13:19:45.570466-06:00 c0-0c2s0n2 IPv6 over IPv4 tunneling driver
2015-02-13T13:19:45.570642-06:00 c0-0c2s0n2 NET: Registered protocol family 17
2015-02-13T13:19:45.570680-06:00 c0-0c2s0n2 Installing 9P2000 support
2015-02-13T13:19:45.595628-06:00 c0-0c2s0n2 Registering the dns_resolver key type
2015-02-13T13:19:45.595734-06:00 c0-0c2s0n2 registered taskstats version 1
2015-02-13T13:19:45.620811-06:00 c0-0c2s0n2 Freeing unused kernel memory: 692k freed
2015-02-13T13:19:45.696491-06:00 c0-0c2s0n2 ghal_init:Cray(R) Gemini Hardware Abstraction Layer - version 1.0107
2015-02-13T13:19:45.696591-06:00 c0-0c2s0n2 ghal_init:Copyright (C) 2007-1012 Cray Inc.
2015-02-13T13:19:47.465533-06:00 c0-0c2s0n2 ghal 0000:01:00.1: enabling device (0000 -> 0002)
2015-02-13T13:19:47.465543-06:00 c0-0c2s0n2 udev: starting version 147
2015-02-13T13:19:47.465550-06:00 c0-0c2s0n2 simplex: module license 'unspecified' taints kernel.
2015-02-13T13:19:47.465557-06:00 c0-0c2s0n2 hss-os: communication area 0xffff881009a44600 (phys 0x1009a44600)
2015-02-13T13:19:47.465569-06:00 c0-0c2s0n2 hss-os: new channel 1
2015-02-13T13:19:47.554783-06:00 c0-0c2s0n2 request_sys_info_from_L0: No tile dimension data
2015-02-13T13:19:47.580929-06:00 c0-0c2s0n2 hss-os: new channel 2
2015-02-13T13:19:47.580958-06:00 c0-0c2s0n2 kgni_init:Cray(R) Gemini Network Interface - Sep 17 2014 version 0x004500b7 rev 9750
2015-02-13T13:19:47.580970-06:00 c0-0c2s0n2 kgni_init:Copyright (C) 2007,2008 Cray Inc.
2015-02-13T13:19:47.607184-06:00 c0-0c2s0n2 ipogif_init:Cray(R) Gemini IP over Fabric device driver - version 0.17
2015-02-13T13:19:47.630971-06:00 c0-0c2s0n2 ipogif_init:Copyright (C) 2007 Cray Inc.
2015-02-13T13:19:47.656471-06:00 c0-0c2s0n2 ipogif_probe:Immediate checksum off
2015-02-13T13:19:47.656497-06:00 c0-0c2s0n2 Cray(R) Gemini Performance Counter Daemon - version 0.1
2015-02-13T13:19:47.656508-06:00 c0-0c2s0n2 GEMINI Performance Counter Daemon.
2015-02-13T13:19:47.656519-06:00 c0-0c2s0n2 Cray(R) Kernel Dynamic Registration (KDREG) Interface - version 0x2243e
2015-02-13T13:19:47.681413-06:00 c0-0c2s0n2 Copyright (C) 2004-5 Pete Wyckoff - modified by Cray(R)
2015-02-13T13:19:47.906846-06:00 c0-0c2s0n2 ipogif_up:Bringing interface up
2015-02-13T13:19:48.021459-06:00 c0-0c2s0n2 Sending ec_node_info with boot code 0 (NODE_INFO_OS_BOOT) for nid 130
2015-02-13T13:19:48.021965-06:00 c0-0c2s0n2 net.core.rmem_max = 16777216
2015-02-13T13:19:48.021971-06:00 c0-0c2s0n2 net.core.wmem_max = 16777216
2015-02-13T13:19:48.021983-06:00 c0-0c2s0n2 net.core.rmem_default = 16777216
2015-02-13T13:19:48.021994-06:00 c0-0c2s0n2 net.core.wmem_default = 16777216
2015-02-13T13:19:48.022003-06:00 c0-0c2s0n2 net.core.optmem_max = 16777216
2015-02-13T13:19:48.022035-06:00 c0-0c2s0n2 net.ipv4.tcp_mem = 16777216 16777216 16777216
2015-02-13T13:19:48.022047-06:00 c0-0c2s0n2 net.ipv4.tcp_rmem = 4096 87380 16777216
2015-02-13T13:19:48.022056-06:00 c0-0c2s0n2 net.ipv4.tcp_wmem = 4096 65536 16777216
2015-02-13T13:19:48.022087-06:00 c0-0c2s0n2 Using rootfs config: nfs-shared...
2015-02-13T13:19:48.022098-06:00 c0-0c2s0n2 rootfs mount succeeded.
2015-02-13T13:19:48.022109-06:00 c0-0c2s0n2 **********************************************************
2015-02-13T13:19:48.022125-06:00 c0-0c2s0n2    HOSTNAME: nid00130
2015-02-13T13:19:48.022134-06:00 c0-0c2s0n2 **********************************************************
2015-02-13T13:19:48.022144-06:00 c0-0c2s0n2 ipogif0   Link encap:Ethernet  HWaddr 00:01:01:00:00:82  
2015-02-13T13:19:48.022157-06:00 c0-0c2s0n2          inet addr:IPADDR22  Mask:IPADDR15
2015-02-13T13:19:48.022174-06:00 c0-0c2s0n2          inet6 addr: fe80::201:1ff:fe00:PATH1279 Scope:Link
2015-02-13T13:19:48.022185-06:00 c0-0c2s0n2          UP RUNNING NOARP  MTU:65520  Metric:1
2015-02-13T13:19:48.022200-06:00 c0-0c2s0n2          RX packets:21 errors:0 dropped:0 overruns:0 frame:0
2015-02-13T13:19:48.022225-06:00 c0-0c2s0n2          TX packets:28 errors:0 dropped:0 overruns:0 carrier:0
2015-02-13T13:19:48.022237-06:00 c0-0c2s0n2          collisions:0 txqueuelen:1000 
2015-02-13T13:19:48.022248-06:00 c0-0c2s0n2          RX bytes:2496 (2.4 KiB)  TX bytes:2540 (2.4 KiB)
2015-02-13T13:19:48.022260-06:00 c0-0c2s0n2 lo        Link encap:Local Loopback  
2015-02-13T13:19:48.046880-06:00 c0-0c2s0n2          inet addr:IPADDR18  Mask:IPADDR24
2015-02-13T13:19:48.046915-06:00 c0-0c2s0n2          inet6 addr: ::PATH1252 Scope:Host
2015-02-13T13:19:48.046928-06:00 c0-0c2s0n2          UP LOOPBACK RUNNING  MTU:16436  Metric:1
2015-02-13T13:19:48.046938-06:00 c0-0c2s0n2          RX packets:0 errors:0 dropped:0 overruns:0 frame:0
2015-02-13T13:19:48.047047-06:00 c0-0c2s0n2          TX packets:0 errors:0 dropped:0 overruns:0 carrier:0
2015-02-13T13:19:48.087919-06:00 c0-0c2s0n2          collisions:0 txqueuelen:0 
2015-02-13T13:19:48.088079-06:00 c0-0c2s0n2          RX bytes:0 (0.0 B)  TX bytes:0 (0.0 B)
2015-02-13T13:19:48.088110-06:00 c0-0c2s0n2 Mounting NID specific PATH1253 (nid=130)...
2015-02-13T13:19:48.088148-06:00 c0-0c2s0n2 done.
2015-02-13T13:19:48.216539-06:00 c0-0c2s0n2 INIT: version 2.86 booting
2015-02-13T13:19:48.241885-06:00 c0-0c2s0n2 System Boot Control: Running PATH1254
2015-02-13T13:19:48.241981-06:00 c0-0c2s0n2 Mounting sysfs at PATH12557[?25l
2015-02-13T13:19:48.241993-06:00 c0-0c2s0n2 [80C[10D[1;32mdone[m8[?25h
2015-02-13T13:19:48.242043-06:00 c0-0c2s0n2 Copying static PATH1256 content7[?25l
2015-02-13T13:19:48.242052-06:00 c0-0c2s0n2 [80C[10D[1;32mdone[m8[?25h
2015-02-13T13:19:48.267024-06:00 c0-0c2s0n2 Mounting tmpfs at PATH12577[?25l
2015-02-13T13:19:48.267033-06:00 c0-0c2s0n2 [80C[10D[1;32mdone[m8[?25h
2015-02-13T13:19:48.267078-06:00 c0-0c2s0n2 Mounting devpts at PATH12587[?25l
2015-02-13T13:19:48.267105-06:00 c0-0c2s0n2 [80C[10D[1;32mdone[m8[?25h
2015-02-13T13:19:48.267151-06:00 c0-0c2s0n2 Boot logging started on PATH1259(PATH1260) at Fri Feb 13 13:19:42 2015
2015-02-13T13:19:48.317491-06:00 c0-0c2s0n2 Mounting debugfs at PATH12617[?25l
2015-02-13T13:19:48.317500-06:00 c0-0c2s0n2 [80C[10D[1;32mdone[m8[?25h
2015-02-13T13:19:48.368158-06:00 c0-0c2s0n2 [m[?25hNo efivars filesystem driver available.[m[?25hStarting udevd: udev: starting version 147
2015-02-13T13:19:48.368196-06:00 c0-0c2s0n2 7[?25l
2015-02-13T13:19:48.368201-06:00 c0-0c2s0n2 [80C[10D[1;32mdone[m8[?25h
2015-02-13T13:19:48.418572-06:00 c0-0c2s0n2 Loading drivers, configuring devices: Compat-rdma backport release: ac916cb
2015-02-13T13:19:48.443734-06:00 c0-0c2s0n2 Backport based on git:PATH1237 5268562
2015-02-13T13:19:48.443810-06:00 c0-0c2s0n2 usbcore: registered new interface driver usbfs
2015-02-13T13:19:48.443902-06:00 c0-0c2s0n2 usbcore: registered new interface driver hub
2015-02-13T13:19:48.468913-06:00 c0-0c2s0n2 usbcore: registered new device driver usb
2015-02-13T13:19:48.469030-06:00 c0-0c2s0n2 ahci 0000:00:1f.2: PCI INT B -> GSI 19 (level, low) -> IRQ 19
2015-02-13T13:19:48.494139-06:00 c0-0c2s0n2 ehci_hcd: USB 2.0 'Enhanced' Host Controller (EHCI) Driver
2015-02-13T13:19:48.494315-06:00 c0-0c2s0n2 compat.git: git:PATH1237
2015-02-13T13:19:48.494376-06:00 c0-0c2s0n2 ahci 0000:00:1f.2: forcing PORTS_IMPL to 0x3f
2015-02-13T13:19:48.494472-06:00 c0-0c2s0n2 ahci 0000:00:1f.2: AHCI 0001.0300 32 slots 6 ports 6 Gbps 0x3f impl SATA mode
2015-02-13T13:19:48.519511-06:00 c0-0c2s0n2 ahci 0000:00:1f.2: flags: 64bit ncq sntf pm led clo pio slum part ems apst 
2015-02-13T13:19:48.519555-06:00 c0-0c2s0n2 scsi0 : ahci
2015-02-13T13:19:48.519575-06:00 c0-0c2s0n2 scsi1 : ahci
2015-02-13T13:19:48.519636-06:00 c0-0c2s0n2 scsi2 : ahci
2015-02-13T13:19:48.519701-06:00 c0-0c2s0n2 scsi3 : ahci
2015-02-13T13:19:48.519847-06:00 c0-0c2s0n2 mlx4_core: Mellanox ConnectX core driver v1.1 (Dec, 2011)
2015-02-13T13:19:48.544657-06:00 c0-0c2s0n2 mlx4_core: Initializing 0000:02:00.0
2015-02-13T13:19:48.544839-06:00 c0-0c2s0n2 mlx4_core 0000:02:00.0: PCI INT A -> GSI 40 (level, low) -> IRQ 40
2015-02-13T13:19:48.544850-06:00 c0-0c2s0n2 scsi4 : ahci
2015-02-13T13:19:48.544874-06:00 c0-0c2s0n2 scsi5 : ahci
2015-02-13T13:19:48.569891-06:00 c0-0c2s0n2 ata2: SATA max PATH1238 abar m2048@0xfbf00000 port 0xfbf00100 irq 164
2015-02-13T13:19:48.570030-06:00 c0-0c2s0n2 ata3: SATA max PATH1238 abar m2048@0xfbf00000 port 0xfbf00180 irq 164
2015-02-13T13:19:48.595190-06:00 c0-0c2s0n2 ata4: SATA max PATH1238 abar m2048@0xfbf00000 port 0xfbf00200 irq 164
2015-02-13T13:19:48.595366-06:00 c0-0c2s0n2 ata5: SATA max PATH1238 abar m2048@0xfbf00000 port 0xfbf00280 irq 164
2015-02-13T13:19:48.620296-06:00 c0-0c2s0n2 ata6: SATA max PATH1238 abar m2048@0xfbf00000 port 0xfbf00300 irq 164
2015-02-13T13:19:48.645603-06:00 c0-0c2s0n2 ata7: SATA max PATH1238 abar m2048@0xfbf00000 port 0xfbf00380 irq 164
2015-02-13T13:19:48.645644-06:00 c0-0c2s0n2 ehci_hcd 0000:00:1a.0: PCI INT A -> GSI 16 (level, low) -> IRQ 16
2015-02-13T13:19:48.645707-06:00 c0-0c2s0n2 ehci_hcd 0000:00:1a.0: EHCI Host Controller
2015-02-13T13:19:48.670826-06:00 c0-0c2s0n2 ehci_hcd 0000:00:1a.0: new USB bus registered, assigned bus number 1
2015-02-13T13:19:48.670869-06:00 c0-0c2s0n2 ehci_hcd 0000:00:1a.0: debug port 2
2015-02-13T13:19:48.670975-06:00 c0-0c2s0n2 ehci_hcd 0000:00:1a.0: irq 16, io mem 0xfbf02000
2015-02-13T13:19:48.696159-06:00 c0-0c2s0n2 ehci_hcd 0000:00:1a.0: USB 2.0 started, EHCI 1.00
2015-02-13T13:19:48.721297-06:00 c0-0c2s0n2 hub 1-0:1.0: USB hub found
2015-02-13T13:19:48.721340-06:00 c0-0c2s0n2 hub 1-0:1.0: 2 ports detected
2015-02-13T13:19:48.721417-06:00 c0-0c2s0n2 ehci_hcd 0000:00:1d.0: PCI INT A -> GSI 23 (level, low) -> IRQ 23
2015-02-13T13:19:48.721486-06:00 c0-0c2s0n2 ehci_hcd 0000:00:1d.0: EHCI Host Controller
2015-02-13T13:19:48.721557-06:00 c0-0c2s0n2 ehci_hcd 0000:00:1d.0: new USB bus registered, assigned bus number 2
2015-02-13T13:19:48.721626-06:00 c0-0c2s0n2 ehci_hcd 0000:00:1d.0: debug port 2
2015-02-13T13:19:48.746661-06:00 c0-0c2s0n2 ehci_hcd 0000:00:1d.0: irq 23, io mem 0xfbf01000
2015-02-13T13:19:48.771839-06:00 c0-0c2s0n2 ehci_hcd 0000:00:1d.0: USB 2.0 started, EHCI 1.00
2015-02-13T13:19:48.771896-06:00 c0-0c2s0n2 hub 2-0:1.0: USB hub found
2015-02-13T13:19:48.771938-06:00 c0-0c2s0n2 hub 2-0:1.0: 2 ports detected
2015-02-13T13:19:49.024073-06:00 c0-0c2s0n2 usb 1-1: new high-speed USB device number 2 using ehci_hcd
2015-02-13T13:19:49.175475-06:00 c0-0c2s0n2 hub 1-1:1.0: USB hub found
2015-02-13T13:19:49.175503-06:00 c0-0c2s0n2 hub 1-1:1.0: 6 ports detected
2015-02-13T13:19:49.293518-06:00 c0-0c2s0n2 usb 2-1: new high-speed USB device number 2 using ehci_hcd
2015-02-13T13:19:49.444901-06:00 c0-0c2s0n2 hub 2-1:1.0: USB hub found
2015-02-13T13:19:49.444946-06:00 c0-0c2s0n2 hub 2-1:1.0: 8 ports detected
2015-02-13T13:19:49.671978-06:00 c0-0c2s0n2 ata2: failed to resume link (SControl 0)
2015-02-13T13:19:49.672006-06:00 c0-0c2s0n2 ata2: SATA link down (SStatus 0 SControl 0)
2015-02-13T13:19:49.672047-06:00 c0-0c2s0n2 ata6: failed to resume link (SControl 0)
2015-02-13T13:19:49.697215-06:00 c0-0c2s0n2 ata6: SATA link down (SStatus 0 SControl 0)
2015-02-13T13:19:49.697251-06:00 c0-0c2s0n2 ata5: failed to resume link (SControl 0)
2015-02-13T13:19:49.697297-06:00 c0-0c2s0n2 ata5: SATA link down (SStatus 0 SControl 0)
2015-02-13T13:19:49.697330-06:00 c0-0c2s0n2 ata7: failed to resume link (SControl 0)
2015-02-13T13:19:49.722428-06:00 c0-0c2s0n2 ata7: SATA link down (SStatus 0 SControl 0)
2015-02-13T13:19:49.722455-06:00 c0-0c2s0n2 ata4: failed to resume link (SControl 0)
2015-02-13T13:19:49.722520-06:00 c0-0c2s0n2 ata4: SATA link down (SStatus 0 SControl 0)
2015-02-13T13:19:49.747643-06:00 c0-0c2s0n2 ata3: failed to resume link (SControl 0)
2015-02-13T13:19:49.747672-06:00 c0-0c2s0n2 ata3: SATA link down (SStatus 0 SControl 0)
2015-02-13T13:19:56.617611-06:00 c0-0c2s0n2 mlx4_core 0000:02:00.0: 64B PATH1239 supported by the device but not enabled
2015-02-13T13:19:57.046501-06:00 c0-0c2s0n2 mlx4_core: Initializing 0000:03:00.0
2015-02-13T13:19:57.046580-06:00 c0-0c2s0n2 mlx4_core 0000:03:00.0: PCI INT A -> GSI 42 (level, low) -> IRQ 42
2015-02-13T13:20:05.280338-06:00 c0-0c2s0n2 mlx4_core 0000:03:00.0: 64B PATH1239 supported by the device but not enabled
2015-02-13T13:20:06.004009-06:00 c0-0c2s0n2 7[?25l
2015-02-13T13:20:06.004029-06:00 c0-0c2s0n2 [80C[10D[1;32mdone[m8[?25h
2015-02-13T13:20:06.079665-06:00 c0-0c2s0n2 [m[?25hMounting PATH1262 from IPADDR13. Checking for nid=130 existance.
2015-02-13T13:20:06.217412-06:00 c0-0c2s0n2 7[?25l
2015-02-13T13:20:06.217421-06:00 c0-0c2s0n2 [80C[10D[1;32mdone[m8[?25h
2015-02-13T13:20:06.217462-06:00 c0-0c2s0n2 Mounting tmpfs on PATH12637[?25l
2015-02-13T13:20:06.217471-06:00 c0-0c2s0n2 [80C[10D[1;32mdone[m8[?25h
2015-02-13T13:20:06.217481-06:00 c0-0c2s0n2 Running sysctl using values from PATH1264
2015-02-13T13:20:06.217537-06:00 c0-0c2s0n2 net.ipv4.icmp_echo_ignore_broadcasts = 1
2015-02-13T13:20:06.217575-06:00 c0-0c2s0n2 net.ipv4.conf.all.rp_filter = 1
2015-02-13T13:20:06.217587-06:00 c0-0c2s0n2 fs.inotify.max_user_watches = 65536
2015-02-13T13:20:06.217622-06:00 c0-0c2s0n2 net.ipv4.conf.default.promote_secondaries = 1
2015-02-13T13:20:06.217670-06:00 c0-0c2s0n2 net.ipv4.conf.all.promote_secondaries = 1
2015-02-13T13:20:06.217698-06:00 c0-0c2s0n2 vm.min_free_kbytes = 102400
2015-02-13T13:20:06.217721-06:00 c0-0c2s0n2 7[?25l
2015-02-13T13:20:06.217728-06:00 c0-0c2s0n2 [80C[10D[1;32mdone[m8[?25h
2015-02-13T13:20:06.242640-06:00 c0-0c2s0n2 [m[?25hActivating swap-devices in PATH1265
2015-02-13T13:20:06.267935-06:00 c0-0c2s0n2 7[?25l[1A
2015-02-13T13:20:06.267941-06:00 c0-0c2s0n2 [80C[10D[1;32mdone[m8[?25hroot file system (PATH24) is NOT being checked.
2015-02-13T13:20:06.720410-06:00 c0-0c2s0n2 [m[?25hSet System Time to the current Hardware Clock7[?25l
2015-02-13T13:20:06.720420-06:00 c0-0c2s0n2 [80C[10D[1;32mdone[m8[?25h
2015-02-13T13:20:06.745594-06:00 c0-0c2s0n2 [m[?25hActivating device mapper...
2015-02-13T13:20:06.770946-06:00 c0-0c2s0n2 device-mapper: ioctl: 4.23.0-ioctl (2012-07-25) initialised: dm-devel@redhat.com
2015-02-13T13:20:06.770958-06:00 c0-0c2s0n2 7[?25l
2015-02-13T13:20:06.770964-06:00 c0-0c2s0n2 [80C[10D[1;32mdone[m8[?25h
2015-02-13T13:20:06.796146-06:00 c0-0c2s0n2 [m[?25hLoading required kernel modules
2015-02-13T13:20:06.846569-06:00 c0-0c2s0n2 7[?25l[1A
2015-02-13T13:20:06.846580-06:00 c0-0c2s0n2 [80C[10D[1;32mdone[m8[?25h[m[?25h[m[?25hWaiting for udev to settle...
2015-02-13T13:20:06.846640-06:00 c0-0c2s0n2 Scanning for LVM volume groups...
2015-02-13T13:20:06.846702-06:00 c0-0c2s0n2  Reading all physical volumes.  This may take a while...
2015-02-13T13:20:06.846724-06:00 c0-0c2s0n2  No volume groups found
2015-02-13T13:20:06.846813-06:00 c0-0c2s0n2  No volume groups found
2015-02-13T13:20:06.846833-06:00 c0-0c2s0n2 Activating LVM volume groups...
2015-02-13T13:20:06.846844-06:00 c0-0c2s0n2  PARTIAL MODE. Incomplete logical volumes will be processed.
2015-02-13T13:20:06.871775-06:00 c0-0c2s0n2  No volume groups found
2015-02-13T13:20:06.871798-06:00 c0-0c2s0n2 7[?25l
2015-02-13T13:20:06.871804-06:00 c0-0c2s0n2 [80C[10D[1;32mdone[m8[?25h
2015-02-13T13:20:06.896996-06:00 c0-0c2s0n2 [m[?25hNo fibre channel cards present.  Not waiting for disk devices. 
2015-02-13T13:20:06.922234-06:00 c0-0c2s0n2 [m[?25hChecking file systems...
2015-02-13T13:20:06.922257-06:00 c0-0c2s0n2 fsck from util-linux 2.19.1
2015-02-13T13:20:06.922287-06:00 c0-0c2s0n2 Checking all file systems.
2015-02-13T13:20:06.922298-06:00 c0-0c2s0n2 7[?25l[1A
2015-02-13T13:20:06.922310-06:00 c0-0c2s0n2 [80C[10D[1;32mdone[m8[?25hMounting local file systems...
2015-02-13T13:20:06.947433-06:00 c0-0c2s0n2 nothing was mounted
2015-02-13T13:20:07.185010-06:00 c0-0c2s0n2 7[?25l[1A
2015-02-13T13:20:07.185025-06:00 c0-0c2s0n2 [80C[10D[1;32mdone[m8[?25h[m[?25hCheck if the profiles matches the system7[?25l
2015-02-13T13:20:07.185031-06:00 c0-0c2s0n2 [80C[10D[1;32mdone[m8[?25h
2015-02-13T13:20:07.210268-06:00 c0-0c2s0n2 [m[?25hEnabling monitoring on LVM volume groups...
2015-02-13T13:20:07.210277-06:00 c0-0c2s0n2  No volume groups found
2015-02-13T13:20:07.210315-06:00 c0-0c2s0n2 7[?25l
2015-02-13T13:20:07.210321-06:00 c0-0c2s0n2 [80C[10D[1;32mdone[m8[?25h
2015-02-13T13:20:07.272878-06:00 c0-0c2s0n2 [m[?25h[m[?25h[m[?25h[m[?25h[m[?25hTurning quota on
2015-02-13T13:20:07.298086-06:00 c0-0c2s0n2 Checking quotas. This may take some time.
2015-02-13T13:20:07.298109-06:00 c0-0c2s0n2 7[?25l
2015-02-13T13:20:07.298116-06:00 c0-0c2s0n2 [80C[10D[1;32mdone[m8[?25h
2015-02-13T13:20:07.298135-06:00 c0-0c2s0n2 [m[?25hSetting current sysctl status from PATH12647[?25l
2015-02-13T13:20:07.298146-06:00 c0-0c2s0n2 [80C[10D[1;32mdone[m8[?25h
2015-02-13T13:20:07.489899-06:00 c0-0c2s0n2 [m[?25hATTENTION: You have modified PATH3931  Leaving it untouched...
2015-02-13T13:20:07.489967-06:00 c0-0c2s0n2 You can find my version in PATH344975 ...
2015-02-13T13:20:07.489983-06:00 c0-0c2s0n2 touch: cannot touch `PATH1267': Read-only file system
2015-02-13T13:20:07.515150-06:00 c0-0c2s0n2 chmod: cannot access `PATH1267': No such file or directory
2015-02-13T13:20:07.515174-06:00 c0-0c2s0n2 touch: cannot touch `PATH1267': Read-only file system
2015-02-13T13:20:07.515193-06:00 c0-0c2s0n2 [m[?25hSystem Boot Control: The system has been 
2015-02-13T13:20:07.515200-06:00 c0-0c2s0n2 [80C[10D[1mset up[m
2015-02-13T13:20:07.515211-06:00 c0-0c2s0n2 Skipped features: [80C[19D[1;33mboot.efivars[m
2015-02-13T13:20:07.515220-06:00 c0-0c2s0n2 System Boot Control: Running PATH1268
2015-02-13T13:20:07.540338-06:00 c0-0c2s0n2 7[?25l[1A
2015-02-13T13:20:07.540347-06:00 c0-0c2s0n2 [8
2015-02-13T13:20:07.540355-06:00 c0-0c2s0n2 INIT: Entering runlevel: 3
2015-02-13T13:20:07.575592-06:00 c0-0c2s0n2 Master Resource Control: previous runlevel: N, switching to runlevel: 
2015-02-13T13:20:07.575602-06:00 c0-0c2s0n2 [80C[10D[1m3[m
2015-02-13T13:20:07.600776-06:00 c0-0c2s0n2 Starting batchlimitd
2015-02-13T13:20:07.626059-06:00 c0-0c2s0n2 [m[?25hLoading nic compatibility device7[?25l
2015-02-13T13:20:07.626071-06:00 c0-0c2s0n2 [80C[10D[1;32mdone[m8[?25h
2015-02-13T13:20:07.764356-06:00 c0-0c2s0n2 [m[?25hbpmcd_init: Power statistics available in PATH1240
2015-02-13T13:20:07.789604-06:00 c0-0c2s0n2 [m[?25hStarting D-Bus daemon7[?25l
2015-02-13T13:20:07.789614-06:00 c0-0c2s0n2 [80C[10D[1;32mdone[m8[?25h
2015-02-13T13:20:07.840044-06:00 c0-0c2s0n2 [m[?25hiSCSI Enterprise Target Software - version trunk
2015-02-13T13:20:07.840070-06:00 c0-0c2s0n2 iscsi_trgt: Registered io type fileio
2015-02-13T13:20:07.840090-06:00 c0-0c2s0n2 iscsi_trgt: Registered io type blockio
2015-02-13T13:20:07.840109-06:00 c0-0c2s0n2 iscsi_trgt: Registered io type nullio
2015-02-13T13:20:07.866921-06:00 c0-0c2s0n2 [m[?25hLNet: HW CPU cores: 16, npartitions: 4
2015-02-13T13:20:12.902182-06:00 c0-0c2s0n2 PATH3933: line 179: lctl: command not found
2015-02-13T13:20:12.927423-06:00 c0-0c2s0n2 [m[?25hRemoving old kernel packages...
2015-02-13T13:20:12.927446-06:00 c0-0c2s0n2 rm: cannot remove `PATH1269': Read-only file system
2015-02-13T13:20:12.952603-06:00 c0-0c2s0n2 PATH1270: multiversion.kernels not configured in PATH1271, exiting.
2015-02-13T13:20:12.952624-06:00 c0-0c2s0n2 7[?25l
2015-02-13T13:20:12.952630-06:00 c0-0c2s0n2 [80C[10D[1;32mdone[m8[?25h
2015-02-13T13:20:12.979167-06:00 c0-0c2s0n2 [m[?25hInitializing random number generator7[?25l
2015-02-13T13:20:12.979177-06:00 c0-0c2s0n2 [80C[10D[1;32mdone[m8[?25h
2015-02-13T13:20:14.082070-06:00 c0-0c2s0n2 [m[?25hmlx4_core 0000:03:00.0: PCI INT A disabled
2015-02-13T13:20:15.106785-06:00 c0-0c2s0n2 mlx4_core 0000:02:00.0: PCI INT A disabled
2015-02-13T13:20:15.204969-06:00 c0-0c2s0n2 Compat-rdma backport release: ac916cb
2015-02-13T13:20:15.204994-06:00 c0-0c2s0n2 Backport based on git:PATH1237 5268562
2015-02-13T13:20:15.238061-06:00 c0-0c2s0n2 compat.git: git:PATH1237
2015-02-13T13:20:15.238089-06:00 c0-0c2s0n2 mlx4_core: Mellanox ConnectX core driver v1.1 (Dec, 2011)
2015-02-13T13:20:15.238101-06:00 c0-0c2s0n2 mlx4_core: Initializing 0000:02:00.0
2015-02-13T13:20:15.266261-06:00 c0-0c2s0n2 mlx4_core 0000:02:00.0: PCI INT A -> GSI 40 (level, low) -> IRQ 40
2015-02-13T13:20:23.507388-06:00 c0-0c2s0n2 mlx4_core 0000:02:00.0: 64B PATH1239 supported by the device but not enabled
2015-02-13T13:20:24.163521-06:00 c0-0c2s0n2 mlx4_core: Initializing 0000:03:00.0
2015-02-13T13:20:24.188685-06:00 c0-0c2s0n2 mlx4_core 0000:03:00.0: PCI INT A -> GSI 42 (level, low) -> IRQ 42
2015-02-13T13:20:32.394921-06:00 c0-0c2s0n2 mlx4_core 0000:03:00.0: 64B PATH1239 supported by the device but not enabled
2015-02-13T13:20:33.146311-06:00 c0-0c2s0n2 <mlx4_ib> mlx4_ib_add: mlx4_ib: Mellanox ConnectX InfiniBand driver v1.0 (April 4, 2008)
2015-02-13T13:20:35.362267-06:00 c0-0c2s0n2 Loading HCA driver and Access Layer:[60G[  [1;32mOK[0;39m  ]
2015-02-13T13:20:35.362297-06:00 c0-0c2s0n2 Setting up InfiniBand network interfaces:
2015-02-13T13:20:35.409757-06:00 c0-0c2s0n2    ib0       device: Mellanox Technologies MT27500 Family [ConnectX-3]
2015-02-13T13:20:35.478696-06:00 c0-0c2s0n2 ib0: multicast join failed for ff12:401b:ffff:0000:0000:0000:ffff:ffff, status -22
2015-02-13T13:20:35.478727-06:00 c0-0c2s0n2 ADDRCONF(NETDEV_UP): ib0: link is not ready
2015-02-13T13:20:36.644054-06:00 c0-0c2s0n2 ib0: enabling connected mode will cause multicast packet drops
2015-02-13T13:20:36.644080-06:00 c0-0c2s0n2 ib0: mtu > 4092 will cause multicast packet drops.
2015-02-13T13:20:36.644101-06:00 c0-0c2s0n2 Bringing up interface ib0:[60G[  [1;32mOK[0;39m  ]
2015-02-13T13:20:36.644111-06:00 c0-0c2s0n2 No configuration found for ib1
2015-02-13T13:20:37.671803-06:00 c0-0c2s0n2 ib1: enabling connected mode will cause multicast packet drops
2015-02-13T13:20:37.671827-06:00 c0-0c2s0n2 ib1: mtu > 4092 will cause multicast packet drops.
2015-02-13T13:20:37.724467-06:00 c0-0c2s0n2    ib2       device: Mellanox Technologies MT27500 Family [ConnectX-3]
2015-02-13T13:20:37.774905-06:00 c0-0c2s0n2 ib2: multicast join failed for ff12:401b:ffff:0000:0000:0000:ffff:ffff, status -22
2015-02-13T13:20:37.774928-06:00 c0-0c2s0n2 ADDRCONF(NETDEV_UP): ib2: link is not ready
2015-02-13T13:20:38.910994-06:00 c0-0c2s0n2 ib2: enabling connected mode will cause multicast packet drops
2015-02-13T13:20:38.936229-06:00 c0-0c2s0n2 ib2: mtu > 4092 will cause multicast packet drops.
2015-02-13T13:20:38.936271-06:00 c0-0c2s0n2 Bringing up interface ib2:[60G[  [1;32mOK[0;39m  ]
2015-02-13T13:20:38.936285-06:00 c0-0c2s0n2 No configuration found for ib3
2015-02-13T13:20:39.441190-06:00 c0-0c2s0n2 ADDRCONF(NETDEV_CHANGE): ib0: link becomes ready
2015-02-13T13:20:39.948837-06:00 c0-0c2s0n2 ib3: enabling connected mode will cause multicast packet drops
2015-02-13T13:20:39.948850-06:00 c0-0c2s0n2 ib3: mtu > 4092 will cause multicast packet drops.
2015-02-13T13:20:39.974066-06:00 c0-0c2s0n2 Setting up service network . . .[60G[  [0;39mdone[0;39m  ]
2015-02-13T13:20:40.281012-06:00 c0-0c2s0n2 [m[?25hSetting up (localfs) network interfaces:
2015-02-13T13:20:40.420809-06:00 c0-0c2s0n2    lo        
2015-02-13T13:20:40.471223-06:00 c0-0c2s0n2    lo        IP address: PATH1272   
2015-02-13T13:20:40.471250-06:00 c0-0c2s0n2              IP address: PATH1273   
2015-02-13T13:20:40.625398-06:00 c0-0c2s0n2 7[?25l[1A
2015-02-13T13:20:40.625408-06:00 c0-0c2s0n2 [80C[10D[1;32mdone[m8[?25h    ib0       device: Mellanox Technologies MT27500 Family 
2015-02-13T13:20:40.665333-06:00 c0-0c2s0n2    ib0       IP address: PATH4851   
2015-02-13T13:20:40.780459-06:00 c0-0c2s0n2 [1A
2015-02-13T13:20:40.780469-06:00 c0-0c2s0n2 [80C[10D[1;33mwaiting[m
2015-02-13T13:20:40.826051-06:00 c0-0c2s0n2    ib1       device: Mellanox Technologies MT27500 Family 
2015-02-13T13:20:40.851269-06:00 c0-0c2s0n2              No configuration found for ib1
2015-02-13T13:20:40.888632-06:00 c0-0c2s0n2 7[?25l[1A
2015-02-13T13:20:40.888642-06:00 c0-0c2s0n2 [80C[10D[1munused[m8[?25h    ib2       device: Mellanox Technologies MT27500 Family 
2015-02-13T13:20:40.947641-06:00 c0-0c2s0n2    ib2       IP address: PATH4852   
2015-02-13T13:20:41.133465-06:00 c0-0c2s0n2 7[?25l[1A
2015-02-13T13:20:41.133471-06:00 c0-0c2s0n2 [80C[10D[1;32mdone[m8[?25h    ib3       device: Mellanox Technologies MT27500 Family 
2015-02-13T13:20:41.133510-06:00 c0-0c2s0n2              No configuration found for ib3
2015-02-13T13:20:41.173356-06:00 c0-0c2s0n2 7[?25l[1A
2015-02-13T13:20:41.173370-06:00 c0-0c2s0n2 [80C[10D[1munused[m8[?25h    ipogif0   
2015-02-13T13:20:41.173388-06:00 c0-0c2s0n2              No configuration found for ipogif0
2015-02-13T13:20:41.314376-06:00 c0-0c2s0n2 7[?25l[1A
2015-02-13T13:20:41.314387-06:00 c0-0c2s0n2 [80C[10D[1munused[m8[?25h    ib0       device: Mellanox Technologies MT27500 Family 
2015-02-13T13:20:41.339602-06:00 c0-0c2s0n2    ib0       IP address: PATH4851
2015-02-13T13:20:41.364799-06:00 c0-0c2s0n2    ib0       is up
2015-02-13T13:20:41.399979-06:00 c0-0c2s0n2 7[?25l[1A
2015-02-13T13:20:41.399993-06:00 c0-0c2s0n2 [80C[10D[1;32mdone[m8[?25hSetting up service (localfs) network  .  .  .  .  .  .  .  .  .  .7[?25l
2015-02-13T13:20:41.399998-06:00 c0-0c2s0n2 [80C[10D[1;32mdone[m8[?25h
2015-02-13T13:20:41.427004-06:00 c0-0c2s0n2 [m[?25hCould not start BND as this is not the boot node.
2015-02-13T13:20:41.452233-06:00 c0-0c2s0n2 bootnodes are: 1 1 
2015-02-13T13:20:41.452247-06:00 c0-0c2s0n2 mynid=130
2015-02-13T13:20:41.477442-06:00 c0-0c2s0n2 [m[?25hS04cray-config-service: Mounting 9p configuration directory. 
2015-02-13T13:20:41.560476-06:00 c0-0c2s0n2 ADDRCONF(NETDEV_CHANGE): ib2: link becomes ready
2015-02-13T13:20:42.485356-06:00 c0-0c2s0n2 S04cray-config-service:   Success.  
2015-02-13T13:20:42.534723-06:00 c0-0c2s0n2 [m[?25h[m[?25hStarting hw_info_init on 130
2015-02-13T13:20:42.559977-06:00 c0-0c2s0n2 bootnodes are: 1 1 
2015-02-13T13:20:42.560001-06:00 c0-0c2s0n2 mynid=130
2015-02-13T13:20:43.000046-06:00 c0-0c2s0n2 [m[?25h[m[?25h 
2015-02-13T13:20:43.000084-06:00 c0-0c2s0n2 cray-syslog: **WARNING**  PATH1274 MAY require hard and soft file limits 
2015-02-13T13:20:43.000097-06:00 c0-0c2s0n2 cray-syslog:              greater or equal to 8192 for proper LLM operation 
2015-02-13T13:20:43.000123-06:00 c0-0c2s0n2 cray-syslog:              when large number of jobs are launched concurrently.
2015-02-13T13:20:43.000135-06:00 c0-0c2s0n2 cray-syslog:              If you have failures running large number of concurrent jobs,
2015-02-13T13:20:43.000146-06:00 c0-0c2s0n2 cray-syslog:              you may wish to update the hard and soft nofile entries in 
2015-02-13T13:20:43.000159-06:00 c0-0c2s0n2 cray-syslog:              limits.conf as follows.
2015-02-13T13:20:43.000168-06:00 c0-0c2s0n2 
2015-02-13T13:20:43.025270-06:00 c0-0c2s0n2 cray-syslog: PATH1274: 
2015-02-13T13:20:43.025304-06:00 c0-0c2s0n2 cray-syslog: *  soft  nofile  8192
2015-02-13T13:20:43.025323-06:00 c0-0c2s0n2 cray-syslog: *  hard  nofile  8192
2015-02-13T13:20:43.025338-06:00 c0-0c2s0n2 
2015-02-13T13:20:43.993410-06:00 c0-0c2s0n2 cray-syslog: rsyslogd started as process 7870.
2015-02-13T13:20:44.997730-06:00 c0-0c2s0n2 cray-syslog: llmrd started as process  7883.
2015-02-13T13:20:45.056117-06:00 c0-0c2s0n2 [m[?25h[m[?25hStarting auditd startproc:  exit status of parent of PATH1275: 6
2015-02-13T13:20:45.081364-06:00 c0-0c2s0n2 7[?25l
2015-02-13T13:20:45.081377-06:00 c0-0c2s0n2 [80C[10D[1;32mdone[m8[?25h
2015-02-13T13:20:45.167247-06:00 c0-0c2s0n2 [m[?25hStarting haveged daemon 7[?25l
2015-02-13T13:20:45.167259-06:00 c0-0c2s0n2 [80C[10D[1;32mdone[m8[?25h
2015-02-13T13:20:45.197525-06:00 c0-0c2s0n2 [m[?25hStarting rpcbind 7[?25l
2015-02-13T13:20:45.197536-06:00 c0-0c2s0n2 [80C[10D[1;32mdone[m8[?25h
2015-02-13T13:20:45.222734-06:00 c0-0c2s0n2 [m[?25hbootnodes are: 1 1 
2015-02-13T13:20:45.247982-06:00 c0-0c2s0n2 mynid=130
2015-02-13T13:20:45.273219-06:00 c0-0c2s0n2 [m[?25hNot starting NFS client services - no NFS found in PATH1276:
2015-02-13T13:20:45.273230-06:00 c0-0c2s0n2 [80C[10D[1munused[m
2015-02-13T13:20:45.298459-06:00 c0-0c2s0n2 [m[?25hStarting DVS service: DVS: Revision 1873 - Built: Sep 17 2014 @ 06:40:29 for lnet version 2.5
2015-02-13T13:20:45.361367-06:00 c0-0c2s0n2 Lustre: kgnilnd build version: 2.5-trunk-1.0502.17198.8.51-abuild-RB-5.2UP02_2.5.1-2014-09-17-06:59
2015-02-13T13:20:45.413446-06:00 c0-0c2s0n2 LNet: Added LNI 130@gni [PATH1244]
2015-02-13T13:20:45.474429-06:00 c0-0c2s0n2 LNet: Added LNI IPADDR72@o2ib [PATH4808]
2015-02-13T13:20:45.654571-06:00 c0-0c2s0n2 7[?25l
2015-02-13T13:20:45.654580-06:00 c0-0c2s0n2 [80C[10D[1;32mdone[m8[?25h
2015-02-13T13:20:45.693411-06:00 c0-0c2s0n2 [m[?25hStarting java.binfmt_misc 7[?25l
2015-02-13T13:20:45.693421-06:00 c0-0c2s0n2 [80C[10D[1;32mdone[m8[?25h
2015-02-13T13:20:45.693471-06:00 c0-0c2s0n2 [m[?25hStarting mcelog... 7[?25l
2015-02-13T13:20:45.693479-06:00 c0-0c2s0n2 [80C[10D[1;32mdone[m8[?25h
2015-02-13T13:20:45.928062-06:00 c0-0c2s0n2 [m[?25hSetting up (remotefs) network interfaces:
2015-02-13T13:20:46.003865-06:00 c0-0c2s0n2    sit0      
2015-02-13T13:20:46.028994-06:00 c0-0c2s0n2              No configuration found for sit0
2015-02-13T13:20:46.065347-06:00 c0-0c2s0n2 7[?25l[1A
2015-02-13T13:20:46.065357-06:00 c0-0c2s0n2 [80C[10D[1munused[m8[?25hSetting up service (remotefs) network  .  .  .  .  .  .  .  .  .  .7[?25l
2015-02-13T13:20:46.065363-06:00 c0-0c2s0n2 [80C[10D[1;32mdone[m8[?25h
2015-02-13T13:20:46.090587-06:00 c0-0c2s0n2 [80C[10D[1;32mdone[m8[?25h
2015-02-13T13:20:46.141023-06:00 c0-0c2s0n2 [m[?25hsdbnodes are: 137 137 
2015-02-13T13:20:46.141046-06:00 c0-0c2s0n2 mynid=130
2015-02-13T13:20:46.191540-06:00 c0-0c2s0n2 [m[?25hStarting network time protocol daemon (NTPD)7[?25l
2015-02-13T13:20:46.191546-06:00 c0-0c2s0n2 [80C[10D[1;32mdone[m8[?25h
2015-02-13T13:20:46.241997-06:00 c0-0c2s0n2 [m[?25hStarting MUNGE: munged7[?25l
2015-02-13T13:20:46.242002-06:00 c0-0c2s0n2 [80C[10D[1;32mdone[m8[?25h
2015-02-13T13:20:46.317642-06:00 c0-0c2s0n2 [m[?25h[m[?25h[m[?25hStarting Name Service Cache Daemon7[?25l
2015-02-13T13:20:46.317652-06:00 c0-0c2s0n2 [80C[10D[1;32mdone[m8[?25h
2015-02-13T13:20:46.342856-06:00 c0-0c2s0n2 [m[?25hEnabling Linux Jobs
2015-02-13T13:20:46.368104-06:00 c0-0c2s0n2 [m[?25hStarting alps services
2015-02-13T13:20:46.867887-06:00 c0-0c2s0n2 mkdir: cannot create directory `PATH1277': Read-only file system
2015-02-13T13:20:46.893082-06:00 c0-0c2s0n2 no ALPS daemon will be started on node nid00130.
2015-02-13T13:20:47.390083-06:00 c0-0c2s0n2 [m[?25h<node_health> Starting node_health_recovery
2015-02-13T13:20:47.415414-06:00 c0-0c2s0n2 [m[?25hsdbnodes are: 137 137 
2015-02-13T13:20:47.415440-06:00 c0-0c2s0n2 mynid=130
2015-02-13T13:20:47.415449-06:00 c0-0c2s0n2 [m[?25hblogd: no message logging because PATH1262 file system is not accessible
2015-02-13T13:20:47.415464-06:00 c0-0c2s0n2 Boot event: Starting
2015-02-13T13:20:47.440563-06:00 c0-0c2s0n2 Sending ec_node_info with boot code 8 (NODE_INFO_OS_BOOT_SUCCEEDED) for nid 130
2015-02-13T13:20:47.440594-06:00 c0-0c2s0n2 [m[?25hMaster Resource Control: runlevel 3 has been 
2015-02-13T13:20:47.440600-06:00 c0-0c2s0n2 [80C[10D[1mreached[m
2015-02-13T13:20:47.440615-06:00 c0-0c2s0n2 Failed services in runlevel 3: [80C[11D[1;31mlnet[m
2015-02-13T13:20:47.440629-06:00 c0-0c2s0n2 Skipped services in runlevel 3: [80C[10D[1;33mnfs[m
2015-02-13T13:20:47.440648-06:00 c0-0c2s0n2 INIT: no more processes left in this runlevel
2015-02-13T13:11:13.973885-06:00 c0-0c0s7n1 ERROR: Type:2; Severity:80; Class:3; Subclass:D; Operation: 2
2015-02-13T13:21:36.872167-06:00 c0-0c0s7n1 Wait4Boot: WRITE: 523 bytes to memory @ 0x90CD0 ... complete
2015-02-13T13:21:36.872175-06:00 c0-0c0s7n1 Wait4Boot: Blade Controller Boot Protocol version - 1
2015-02-13T13:21:36.872181-06:00 c0-0c0s7n1 Wait4Boot: JUMP: KernelStart 0x100000, boot_params 0x90000, CmdLineAddr 0x90CD0
2015-02-13T13:21:36.872196-06:00 c0-0c0s7n1 OnExitBootServices..
2015-02-13T13:21:36.945703-06:00 c0-0c0s7n1 ConfigureXhciAtBoot() Start
2015-02-13T13:21:36.945947-06:00 c0-0c0s7n1 ConfigureXhciAtBoot() End
2015-02-13T13:21:36.946122-06:00 c0-0c0s7n1 (Wdt) RunWdtBeforeOsBoot
2015-02-13T13:21:36.971041-06:00 c0-0c0s7n1 (Wdt) DisableTimer
2015-02-13T13:21:40.471636-06:00 c0-0c0s7n1 Crypto Lib Callback.
2015-02-13T13:21:40.471644-06:00 c0-0c0s7n1 Heap addr before Virtual MemFixup = 7bacb018, After = 7bacb018
2015-02-13T13:21:40.471650-06:00 c0-0c0s7n1 NvramSmi Go Virtual
2015-02-13T13:21:40.471655-06:00 c0-0c0s7n1 Stopping all external HCs
2015-02-13T13:21:40.471664-06:00 c0-0c0s7n1 stopping all HC type 40:
2015-02-13T13:21:49.573790-06:00 c0-0c0s7n1 i8042: No controller found
2015-02-13T13:21:53.670689-06:00 c0-0c0s7n1 Sending ec_node_info with boot code 0 (NODE_INFO_OS_BOOT) for nid 29
2015-02-13T13:21:53.670698-06:00 c0-0c0s7n1 net.core.rmem_max = 16777216
2015-02-13T13:21:53.670703-06:00 c0-0c0s7n1 net.core.wmem_max = 16777216
2015-02-13T13:21:53.670708-06:00 c0-0c0s7n1 net.core.rmem_default = 16777216
2015-02-13T13:21:53.670714-06:00 c0-0c0s7n1 net.core.wmem_default = 16777216
2015-02-13T13:21:53.670722-06:00 c0-0c0s7n1 net.core.optmem_max = 16777216
2015-02-13T13:21:53.670727-06:00 c0-0c0s7n1 net.ipv4.tcp_mem = 16777216 16777216 16777216
2015-02-13T13:21:53.670737-06:00 c0-0c0s7n1 net.ipv4.tcp_rmem = 4096 87380 16777216
2015-02-13T13:21:53.670749-06:00 c0-0c0s7n1 net.ipv4.tcp_wmem = 4096 65536 16777216
2015-02-13T13:21:53.670770-06:00 c0-0c0s7n1 nid 29: Linux version 3.0.101-0.31.1_1.0502.8394-cray_ari_c (abuild@cfosbld02) (gcc version 4.3.4 [gcc-4_3-branch revision 152973] (SUSE Linux) ) #1 SMP Wed Sep 10 04:09:26 UTC 2014
2015-02-13T13:21:53.670778-06:00 c0-0c0s7n1 starting pid 6931, tty '': 'PATH3974'
2015-02-13T13:21:53.670783-06:00 c0-0c0s7n1 bpmcd_init: Power statistics available in PATH1240
2015-02-13T13:21:53.670789-06:00 c0-0c0s7n1 DVS: Revision 1873 - Built: Sep 17 2014 @ 06:40:25 for lnet version 2.5
2015-02-13T13:21:53.670796-06:00 c0-0c0s7n1 LNet: HW CPU cores: 64, npartitions: 8
2015-02-13T13:21:56.819544-06:00 c0-0c0s7n1 Lustre: kgnilnd build version: 2.5-trunk-1.0502.17198.8.57-abuild-RB-5.2UP02_2.5.1-2014-09-17-06:43
2015-02-13T13:21:56.931909-06:00 c0-0c0s7n1 LNet: Added LNI 29@gni [PATH4853]
2015-02-13T13:22:12.935682-06:00 c0-0c0s7n1 mcelog: Family 6 Model 3f CPU: only decoding architectural errors
2015-02-13T13:22:12.961027-06:00 c0-0c0s7n1 SGI XPMEM kernel module v2.2 loaded
2015-02-13T13:22:12.986369-06:00 c0-0c0s7n1 <node_health> (xtnhd) xtnhd has started
2015-02-13T13:22:13.243058-06:00 c0-0c0s7n1 boot_freemem data calculated:  130106704
2015-02-13T13:11:16.014892-06:00 c0-0c1s5n2 ERROR: Type:2; Severity:80; Class:3; Subclass:D; Operation: 2
2015-02-13T13:21:36.973118-06:00 c0-0c1s5n2 Wait4Boot: WRITE: 523 bytes to memory @ 0x90CD0 ... complete
2015-02-13T13:21:36.973126-06:00 c0-0c1s5n2 Wait4Boot: Blade Controller Boot Protocol version - 1
2015-02-13T13:21:36.973132-06:00 c0-0c1s5n2 Wait4Boot: JUMP: KernelStart 0x100000, boot_params 0x90000, CmdLineAddr 0x90CD0
2015-02-13T13:21:36.973136-06:00 c0-0c1s5n2 OnExitBootServices..
2015-02-13T13:21:37.072077-06:00 c0-0c1s5n2 ConfigureXhciAtBoot() Start
2015-02-13T13:21:37.072134-06:00 c0-0c1s5n2 ConfigureXhciAtBoot() End
2015-02-13T13:21:37.096922-06:00 c0-0c1s5n2 (Wdt) RunWdtBeforeOsBoot
2015-02-13T13:21:37.097002-06:00 c0-0c1s5n2 (Wdt) DisableTimer
2015-02-13T13:21:40.572753-06:00 c0-0c1s5n2 Crypto Lib Callback.
2015-02-13T13:21:40.572761-06:00 c0-0c1s5n2 Heap addr before Virtual MemFixup = 7bacb018, After = 7bacb018
2015-02-13T13:21:40.572767-06:00 c0-0c1s5n2 NvramSmi Go Virtual
2015-02-13T13:21:40.572772-06:00 c0-0c1s5n2 Stopping all external HCs
2015-02-13T13:21:40.572777-06:00 c0-0c1s5n2 stopping all HC type 40:
2015-02-13T13:21:49.756364-06:00 c0-0c1s5n2 i8042: No controller found
2015-02-13T13:21:53.899110-06:00 c0-0c1s5n2 Sending ec_node_info with boot code 0 (NODE_INFO_OS_BOOT) for nid 86
2015-02-13T13:21:53.899118-06:00 c0-0c1s5n2 net.core.rmem_max = 16777216
2015-02-13T13:21:53.899125-06:00 c0-0c1s5n2 net.core.wmem_max = 16777216
2015-02-13T13:21:53.899135-06:00 c0-0c1s5n2 net.core.rmem_default = 16777216
2015-02-13T13:21:53.899141-06:00 c0-0c1s5n2 net.core.wmem_default = 16777216
2015-02-13T13:21:53.899150-06:00 c0-0c1s5n2 net.core.optmem_max = 16777216
2015-02-13T13:21:53.899157-06:00 c0-0c1s5n2 net.ipv4.tcp_mem = 16777216 16777216 16777216
2015-02-13T13:21:53.899168-06:00 c0-0c1s5n2 net.ipv4.tcp_rmem = 4096 87380 16777216
2015-02-13T13:21:53.899190-06:00 c0-0c1s5n2 net.ipv4.tcp_wmem = 4096 65536 16777216
2015-02-13T13:21:53.899200-06:00 c0-0c1s5n2 nid 86: Linux version 3.0.101-0.31.1_1.0502.8394-cray_ari_c (abuild@cfosbld02) (gcc version 4.3.4 [gcc-4_3-branch revision 152973] (SUSE Linux) ) #1 SMP Wed Sep 10 04:09:26 UTC 2014
2015-02-13T13:21:53.899207-06:00 c0-0c1s5n2 starting pid 6944, tty '': 'PATH3974'
2015-02-13T13:21:53.899211-06:00 c0-0c1s5n2 bpmcd_init: Power statistics available in PATH1240
2015-02-13T13:21:53.899224-06:00 c0-0c1s5n2 DVS: Revision 1873 - Built: Sep 17 2014 @ 06:40:25 for lnet version 2.5
2015-02-13T13:21:53.899233-06:00 c0-0c1s5n2 LNet: HW CPU cores: 64, npartitions: 8
2015-02-13T13:21:58.657130-06:00 c0-0c1s5n2 Lustre: kgnilnd build version: 2.5-trunk-1.0502.17198.8.57-abuild-RB-5.2UP02_2.5.1-2014-09-17-06:43
2015-02-13T13:21:58.785085-06:00 c0-0c1s5n2 LNet: Added LNI 86@gni [PATH4853]
2015-02-13T13:22:14.806842-06:00 c0-0c1s5n2 mcelog: Family 6 Model 3f CPU: only decoding architectural errors
2015-02-13T13:22:14.832450-06:00 c0-0c1s5n2 SGI XPMEM kernel module v2.2 loaded
2015-02-13T13:22:14.832469-06:00 c0-0c1s5n2 <node_health> (xtnhd) xtnhd has started
2015-02-13T13:22:15.058650-06:00 c0-0c1s5n2 boot_freemem data calculated:  130102148
2015-02-13T13:11:11.933010-06:00 c0-0c0s9n0 ERROR: Type:2; Severity:80; Class:3; Subclass:D; Operation: 2
2015-02-13T13:21:36.996813-06:00 c0-0c0s9n0 Wait4Boot: WRITE: 523 bytes to memory @ 0x90CD0 ... complete
2015-02-13T13:21:36.996823-06:00 c0-0c0s9n0 Wait4Boot: Blade Controller Boot Protocol version - 1
2015-02-13T13:21:36.996836-06:00 c0-0c0s9n0 Wait4Boot: JUMP: KernelStart 0x100000, boot_params 0x90000, CmdLineAddr 0x90CD0
2015-02-13T13:21:36.996848-06:00 c0-0c0s9n0 OnExitBootServices..
2015-02-13T13:21:36.996860-06:00 c0-0c0s9n0 ConfigureXhciAtBoot() Start
2015-02-13T13:21:36.996871-06:00 c0-0c0s9n0 ConfigureXhciAtBoot() End
2015-02-13T13:21:36.996882-06:00 c0-0c0s9n0 (Wdt) RunWdtBeforeOsBoot
2015-02-13T13:21:36.996898-06:00 c0-0c0s9n0 (Wdt) DisableTimer
2015-02-13T13:21:39.979339-06:00 c0-0c0s9n0 Crypto Lib Callback.
2015-02-13T13:21:40.546145-06:00 c0-0c0s9n0 Heap addr before Virtual MemFixup = 7bacb018, After = 7bacb018
2015-02-13T13:21:40.546154-06:00 c0-0c0s9n0 NvramSmi Go Virtual
2015-02-13T13:21:40.546159-06:00 c0-0c0s9n0 Stopping all external HCs
2015-02-13T13:21:40.546163-06:00 c0-0c0s9n0 stopping all HC type 40:
2015-02-13T13:21:49.651873-06:00 c0-0c0s9n0 i8042: No controller found
2015-02-13T13:21:53.823611-06:00 c0-0c0s9n0 Sending ec_node_info with boot code 0 (NODE_INFO_OS_BOOT) for nid 36
2015-02-13T13:21:53.823620-06:00 c0-0c0s9n0 net.core.rmem_max = 16777216
2015-02-13T13:21:53.823626-06:00 c0-0c0s9n0 net.core.wmem_max = 16777216
2015-02-13T13:21:53.823631-06:00 c0-0c0s9n0 net.core.rmem_default = 16777216
2015-02-13T13:21:53.823637-06:00 c0-0c0s9n0 net.core.wmem_default = 16777216
2015-02-13T13:21:53.823646-06:00 c0-0c0s9n0 net.core.optmem_max = 16777216
2015-02-13T13:21:53.823654-06:00 c0-0c0s9n0 net.ipv4.tcp_mem = 16777216 16777216 16777216
2015-02-13T13:21:53.823664-06:00 c0-0c0s9n0 net.ipv4.tcp_rmem = 4096 87380 16777216
2015-02-13T13:21:53.823671-06:00 c0-0c0s9n0 net.ipv4.tcp_wmem = 4096 65536 16777216
2015-02-13T13:21:53.823680-06:00 c0-0c0s9n0 nid 36: Linux version 3.0.101-0.31.1_1.0502.8394-cray_ari_c (abuild@cfosbld02) (gcc version 4.3.4 [gcc-4_3-branch revision 152973] (SUSE Linux) ) #1 SMP Wed Sep 10 04:09:26 UTC 2014
2015-02-13T13:21:53.823691-06:00 c0-0c0s9n0 starting pid 6919, tty '': 'PATH3974'
2015-02-13T13:21:53.823700-06:00 c0-0c0s9n0 bpmcd_init: Power statistics available in PATH1240
2015-02-13T13:21:53.823708-06:00 c0-0c0s9n0 DVS: Revision 1873 - Built: Sep 17 2014 @ 06:40:25 for lnet version 2.5
2015-02-13T13:21:53.823717-06:00 c0-0c0s9n0 LNet: HW CPU cores: 64, npartitions: 8
2015-02-13T13:21:56.682415-06:00 c0-0c0s9n0 Lustre: kgnilnd build version: 2.5-trunk-1.0502.17198.8.57-abuild-RB-5.2UP02_2.5.1-2014-09-17-06:43
2015-02-13T13:21:56.819566-06:00 c0-0c0s9n0 LNet: Added LNI 36@gni [PATH4853]
2015-02-13T13:22:12.829936-06:00 c0-0c0s9n0 mcelog: Family 6 Model 3f CPU: only decoding architectural errors
2015-02-13T13:22:12.829959-06:00 c0-0c0s9n0 SGI XPMEM kernel module v2.2 loaded
2015-02-13T13:22:12.859200-06:00 c0-0c0s9n0 <node_health> (xtnhd) xtnhd has started
2015-02-13T13:22:13.030295-06:00 c0-0c0s9n0 boot_freemem data calculated:  130105148
2015-02-13T13:11:13.973807-06:00 c0-0c1s6n1 ERROR: Type:2; Severity:80; Class:3; Subclass:D; Operation: 2
2015-02-13T13:21:36.872046-06:00 c0-0c1s6n1 Wait4Boot: WRITE: 523 bytes to memory @ 0x90CD0 ... complete
2015-02-13T13:21:36.872052-06:00 c0-0c1s6n1 Wait4Boot: Blade Controller Boot Protocol version - 1
2015-02-13T13:21:36.872061-06:00 c0-0c1s6n1 Wait4Boot: JUMP: KernelStart 0x100000, boot_params 0x90000, CmdLineAddr 0x90CD0
2015-02-13T13:21:36.872068-06:00 c0-0c1s6n1 OnExitBootServices..
2015-02-13T13:21:36.945593-06:00 c0-0c1s6n1 ConfigureXhciAtBoot() Start
2015-02-13T13:21:36.945813-06:00 c0-0c1s6n1 ConfigureXhciAtBoot() End
2015-02-13T13:21:36.946047-06:00 c0-0c1s6n1 (Wdt) RunWdtBeforeOsBoot
2015-02-13T13:21:36.946161-06:00 c0-0c1s6n1 (Wdt) DisableTimer
2015-02-13T13:21:40.379981-06:00 c0-0c1s6n1 Crypto Lib Callback.
2015-02-13T13:21:40.379989-06:00 c0-0c1s6n1 Heap addr before Virtual MemFixup = 7bacb018, After = 7bacb018
2015-02-13T13:21:40.379995-06:00 c0-0c1s6n1 NvramSmi Go Virtual
2015-02-13T13:21:40.380002-06:00 c0-0c1s6n1 Stopping all external HCs
2015-02-13T13:21:40.380012-06:00 c0-0c1s6n1 stopping all HC type 40:
2015-02-13T13:21:49.601029-06:00 c0-0c1s6n1 i8042: No controller found
2015-02-13T13:21:53.772896-06:00 c0-0c1s6n1 Sending ec_node_info with boot code 0 (NODE_INFO_OS_BOOT) for nid 89
2015-02-13T13:21:53.772905-06:00 c0-0c1s6n1 net.core.rmem_max = 16777216
2015-02-13T13:21:53.772912-06:00 c0-0c1s6n1 net.core.wmem_max = 16777216
2015-02-13T13:21:53.772921-06:00 c0-0c1s6n1 net.core.rmem_default = 16777216
2015-02-13T13:21:53.772926-06:00 c0-0c1s6n1 net.core.wmem_default = 16777216
2015-02-13T13:21:53.772951-06:00 c0-0c1s6n1 net.core.optmem_max = 16777216
2015-02-13T13:21:53.772960-06:00 c0-0c1s6n1 net.ipv4.tcp_mem = 16777216 16777216 16777216
2015-02-13T13:21:53.772965-06:00 c0-0c1s6n1 net.ipv4.tcp_rmem = 4096 87380 16777216
2015-02-13T13:21:53.772970-06:00 c0-0c1s6n1 net.ipv4.tcp_wmem = 4096 65536 16777216
2015-02-13T13:21:53.772974-06:00 c0-0c1s6n1 nid 89: Linux version 3.0.101-0.31.1_1.0502.8394-cray_ari_c (abuild@cfosbld02) (gcc version 4.3.4 [gcc-4_3-branch revision 152973] (SUSE Linux) ) #1 SMP Wed Sep 10 04:09:26 UTC 2014
2015-02-13T13:21:53.772986-06:00 c0-0c1s6n1 starting pid 6925, tty '': 'PATH3974'
2015-02-13T13:21:53.772991-06:00 c0-0c1s6n1 bpmcd_init: Power statistics available in PATH1240
2015-02-13T13:21:53.772995-06:00 c0-0c1s6n1 DVS: Revision 1873 - Built: Sep 17 2014 @ 06:40:25 for lnet version 2.5
2015-02-13T13:21:53.773004-06:00 c0-0c1s6n1 LNet: HW CPU cores: 64, npartitions: 8
2015-02-13T13:21:56.931873-06:00 c0-0c1s6n1 Lustre: kgnilnd build version: 2.5-trunk-1.0502.17198.8.57-abuild-RB-5.2UP02_2.5.1-2014-09-17-06:43
2015-02-13T13:21:57.058062-06:00 c0-0c1s6n1 LNet: Added LNI 89@gni [PATH4853]
2015-02-13T13:22:13.100919-06:00 c0-0c1s6n1 mcelog: Family 6 Model 3f CPU: only decoding architectural errors
2015-02-13T13:22:13.101121-06:00 c0-0c1s6n1 SGI XPMEM kernel module v2.2 loaded
2015-02-13T13:22:13.101151-06:00 c0-0c1s6n1 <node_health> (xtnhd) xtnhd has started
2015-02-13T13:22:13.375691-06:00 c0-0c1s6n1 boot_freemem data calculated:  130105296
2015-02-13T13:11:11.932980-06:00 c0-0c2s10n0 ERROR: Type:2; Severity:80; Class:3; Subclass:D; Operation: 2
2015-02-13T13:21:36.972781-06:00 c0-0c2s10n0 Wait4Boot: WRITE: 523 bytes to memory @ 0x90CD0 ... complete
2015-02-13T13:21:36.972790-06:00 c0-0c2s10n0 Wait4Boot: Blade Controller Boot Protocol version - 1
2015-02-13T13:21:36.972795-06:00 c0-0c2s10n0 Wait4Boot: JUMP: KernelStart 0x100000, boot_params 0x90000, CmdLineAddr 0x90CD0
2015-02-13T13:21:36.972802-06:00 c0-0c2s10n0 OnExitBootServices..
2015-02-13T13:21:37.021462-06:00 c0-0c2s10n0 ConfigureXhciAtBoot() Start
2015-02-13T13:21:37.046494-06:00 c0-0c2s10n0 ConfigureXhciAtBoot() End
2015-02-13T13:21:37.046541-06:00 c0-0c2s10n0 (Wdt) RunWdtBeforeOsBoot
2015-02-13T13:21:37.046602-06:00 c0-0c2s10n0 (Wdt) DisableTimer
2015-02-13T13:21:40.572849-06:00 c0-0c2s10n0 Crypto Lib Callback.
2015-02-13T13:21:40.572857-06:00 c0-0c2s10n0 Heap addr before Virtual MemFixup = 7bacb018, After = 7bacb018
2015-02-13T13:21:40.572868-06:00 c0-0c2s10n0 NvramSmi Go Virtual
2015-02-13T13:21:40.572876-06:00 c0-0c2s10n0 Stopping all external HCs
2015-02-13T13:21:40.572884-06:00 c0-0c2s10n0 stopping all HC type 40:
2015-02-13T13:21:49.626298-06:00 c0-0c2s10n0 i8042: No controller found
2015-02-13T13:21:53.750349-06:00 c0-0c2s10n0 Sending ec_node_info with boot code 0 (NODE_INFO_OS_BOOT) for nid 168
2015-02-13T13:21:53.750357-06:00 c0-0c2s10n0 net.core.rmem_max = 16777216
2015-02-13T13:21:53.750362-06:00 c0-0c2s10n0 net.core.wmem_max = 16777216
2015-02-13T13:21:53.750367-06:00 c0-0c2s10n0 net.core.rmem_default = 16777216
2015-02-13T13:21:53.750380-06:00 c0-0c2s10n0 net.core.wmem_default = 16777216
2015-02-13T13:21:53.750392-06:00 c0-0c2s10n0 net.core.optmem_max = 16777216
2015-02-13T13:21:53.750397-06:00 c0-0c2s10n0 net.ipv4.tcp_mem = 16777216 16777216 16777216
2015-02-13T13:21:53.750408-06:00 c0-0c2s10n0 net.ipv4.tcp_rmem = 4096 87380 16777216
2015-02-13T13:21:53.750416-06:00 c0-0c2s10n0 net.ipv4.tcp_wmem = 4096 65536 16777216
2015-02-13T13:21:53.750433-06:00 c0-0c2s10n0 nid 168: Linux version 3.0.101-0.31.1_1.0502.8394-cray_ari_c (abuild@cfosbld02) (gcc version 4.3.4 [gcc-4_3-branch revision 152973] (SUSE Linux) ) #1 SMP Wed Sep 10 04:09:26 UTC 2014
2015-02-13T13:21:53.750440-06:00 c0-0c2s10n0 starting pid 6928, tty '': 'PATH3974'
2015-02-13T13:21:53.750444-06:00 c0-0c2s10n0 bpmcd_init: Power statistics available in PATH1240
2015-02-13T13:21:53.750452-06:00 c0-0c2s10n0 DVS: Revision 1873 - Built: Sep 17 2014 @ 06:40:25 for lnet version 2.5
