2015-02-13T13:11:13.973853-06:00 c0-0c1s3n1 ERROR: Type:2; Severity:80; Class:3; Subclass:D; Operation: 2
2015-02-13T13:21:36.871827-06:00 c0-0c1s3n1 Wait4Boot: WRITE: 523 bytes to memory @ 0x90CD0 ... complete
2015-02-13T13:21:36.871834-06:00 c0-0c1s3n1 Wait4Boot: Blade Controller Boot Protocol version - 1
2015-02-13T13:21:36.871840-06:00 c0-0c1s3n1 Wait4Boot: JUMP: KernelStart 0x100000, boot_params 0x90000, CmdLineAddr 0x90CD0
2015-02-13T13:21:36.871852-06:00 c0-0c1s3n1 OnExitBootServices..
2015-02-13T13:21:36.945437-06:00 c0-0c1s3n1 ConfigureXhciAtBoot() Start
2015-02-13T13:21:36.945657-06:00 c0-0c1s3n1 ConfigureXhciAtBoot() End
2015-02-13T13:21:36.945881-06:00 c0-0c1s3n1 (Wdt) RunWdtBeforeOsBoot
2015-02-13T13:21:36.946039-06:00 c0-0c1s3n1 (Wdt) DisableTimer
2015-02-13T13:21:40.004963-06:00 c0-0c1s3n1 Crypto Lib Callback.
2015-02-13T13:21:40.005063-06:00 c0-0c1s3n1 Heap addr before Virtual MemFixup = 7bacb018, After = 7bacb018
2015-02-13T13:21:40.029779-06:00 c0-0c1s3n1 NvramSmi Go Virtual
2015-02-13T13:21:40.181143-06:00 c0-0c1s3n1 Stopping all external HCs
2015-02-13T13:21:40.181206-06:00 c0-0c1s3n1 stopping all HC type 40:
2015-02-13T13:21:49.651577-06:00 c0-0c1s3n1 i8042: No controller found
2015-02-13T13:21:53.772351-06:00 c0-0c1s3n1 Sending ec_node_info with boot code 0 (NODE_INFO_OS_BOOT) for nid 77
2015-02-13T13:21:53.772360-06:00 c0-0c1s3n1 net.core.rmem_max = 16777216
2015-02-13T13:21:53.772366-06:00 c0-0c1s3n1 net.core.wmem_max = 16777216
2015-02-13T13:21:53.772384-06:00 c0-0c1s3n1 net.core.rmem_default = 16777216
2015-02-13T13:21:53.772399-06:00 c0-0c1s3n1 net.core.wmem_default = 16777216
2015-02-13T13:21:53.772408-06:00 c0-0c1s3n1 net.core.optmem_max = 16777216
2015-02-13T13:21:53.772415-06:00 c0-0c1s3n1 net.ipv4.tcp_mem = 16777216 16777216 16777216
2015-02-13T13:21:53.772420-06:00 c0-0c1s3n1 net.ipv4.tcp_rmem = 4096 87380 16777216
2015-02-13T13:21:53.772428-06:00 c0-0c1s3n1 net.ipv4.tcp_wmem = 4096 65536 16777216
2015-02-13T13:21:53.772436-06:00 c0-0c1s3n1 nid 77: Linux version 3.0.101-0.31.1_1.0502.8394-cray_ari_c (abuild@cfosbld02) (gcc version 4.3.4 [gcc-4_3-branch revision 152973] (SUSE Linux) ) #1 SMP Wed Sep 10 04:09:26 UTC 2014
2015-02-13T13:21:53.772451-06:00 c0-0c1s3n1 starting pid 6938, tty '': 'PATH3974'
2015-02-13T13:21:53.772457-06:00 c0-0c1s3n1 bpmcd_init: Power statistics available in PATH1240
2015-02-13T13:21:53.772463-06:00 c0-0c1s3n1 DVS: Revision 1873 - Built: Sep 17 2014 @ 06:40:25 for lnet version 2.5
2015-02-13T13:21:53.772469-06:00 c0-0c1s3n1 LNet: HW CPU cores: 64, npartitions: 8
2015-02-13T13:21:57.007666-06:00 c0-0c1s3n1 Lustre: kgnilnd build version: 2.5-trunk-1.0502.17198.8.57-abuild-RB-5.2UP02_2.5.1-2014-09-17-06:43
2015-02-13T13:21:57.122881-06:00 c0-0c1s3n1 LNet: Added LNI 77@gni [PATH4853]
2015-02-13T13:22:13.127814-06:00 c0-0c1s3n1 mcelog: Family 6 Model 3f CPU: only decoding architectural errors
2015-02-13T13:22:13.178289-06:00 c0-0c1s3n1 SGI XPMEM kernel module v2.2 loaded
2015-02-13T13:22:13.178324-06:00 c0-0c1s3n1 <node_health> (xtnhd) xtnhd has started
2015-02-13T13:22:13.480958-06:00 c0-0c1s3n1 boot_freemem data calculated:  130106296
2015-02-13T15:37:32.109243-06:00 c0-0c1s3n1 hpcc[17604] general protection ip:b6c9fa sp:7fffffffbc80 error:0 in hpcc[400000+904000]
2015-02-13T13:11:13.973785-06:00 c0-0c0s11n1 ERROR: Type:2; Severity:80; Class:3; Subclass:D; Operation: 2
2015-02-13T13:21:36.871386-06:00 c0-0c0s11n1 Wait4Boot: WRITE: 523 bytes to memory @ 0x90CD0 ... complete
2015-02-13T13:21:36.871394-06:00 c0-0c0s11n1 Wait4Boot: Blade Controller Boot Protocol version - 1
2015-02-13T13:21:36.871400-06:00 c0-0c0s11n1 Wait4Boot: JUMP: KernelStart 0x100000, boot_params 0x90000, CmdLineAddr 0x90CD0
2015-02-13T13:21:36.871418-06:00 c0-0c0s11n1 OnExitBootServices..
2015-02-13T13:21:36.945543-06:00 c0-0c0s11n1 ConfigureXhciAtBoot() Start
2015-02-13T13:21:36.945802-06:00 c0-0c0s11n1 ConfigureXhciAtBoot() End
2015-02-13T13:21:36.946094-06:00 c0-0c0s11n1 (Wdt) RunWdtBeforeOsBoot
2015-02-13T13:21:36.970570-06:00 c0-0c0s11n1 (Wdt) DisableTimer
2015-02-13T13:21:40.004904-06:00 c0-0c0s11n1 Crypto Lib Callback.
2015-02-13T13:21:40.005023-06:00 c0-0c0s11n1 Heap addr before Virtual MemFixup = 7bacb018, After = 7bacb018
2015-02-13T13:21:40.005087-06:00 c0-0c0s11n1 NvramSmi Go Virtual
2015-02-13T13:21:40.572592-06:00 c0-0c0s11n1 Stopping all external HCs
2015-02-13T13:21:40.572600-06:00 c0-0c0s11n1 stopping all HC type 40:
2015-02-13T13:21:49.716053-06:00 c0-0c0s11n1 i8042: No controller found
2015-02-13T13:21:53.670380-06:00 c0-0c0s11n1 Sending ec_node_info with boot code 0 (NODE_INFO_OS_BOOT) for nid 45
2015-02-13T13:21:53.670392-06:00 c0-0c0s11n1 net.core.rmem_max = 16777216
2015-02-13T13:21:53.670398-06:00 c0-0c0s11n1 net.core.wmem_max = 16777216
2015-02-13T13:21:53.670403-06:00 c0-0c0s11n1 net.core.rmem_default = 16777216
2015-02-13T13:21:53.670423-06:00 c0-0c0s11n1 net.core.wmem_default = 16777216
2015-02-13T13:21:53.670432-06:00 c0-0c0s11n1 net.core.optmem_max = 16777216
2015-02-13T13:21:53.670441-06:00 c0-0c0s11n1 net.ipv4.tcp_mem = 16777216 16777216 16777216
2015-02-13T13:21:53.670447-06:00 c0-0c0s11n1 net.ipv4.tcp_rmem = 4096 87380 16777216
2015-02-13T13:21:53.670457-06:00 c0-0c0s11n1 net.ipv4.tcp_wmem = 4096 65536 16777216
2015-02-13T13:21:53.670467-06:00 c0-0c0s11n1 nid 45: Linux version 3.0.101-0.31.1_1.0502.8394-cray_ari_c (abuild@cfosbld02) (gcc version 4.3.4 [gcc-4_3-branch revision 152973] (SUSE Linux) ) #1 SMP Wed Sep 10 04:09:26 UTC 2014
2015-02-13T13:21:53.670474-06:00 c0-0c0s11n1 starting pid 6935, tty '': 'PATH3974'
2015-02-13T13:21:53.670482-06:00 c0-0c0s11n1 bpmcd_init: Power statistics available in PATH1240
2015-02-13T13:21:53.670491-06:00 c0-0c0s11n1 DVS: Revision 1873 - Built: Sep 17 2014 @ 06:40:25 for lnet version 2.5
2015-02-13T13:21:53.670499-06:00 c0-0c0s11n1 LNet: HW CPU cores: 64, npartitions: 8
2015-02-13T13:21:57.603404-06:00 c0-0c0s11n1 Lustre: kgnilnd build version: 2.5-trunk-1.0502.17198.8.57-abuild-RB-5.2UP02_2.5.1-2014-09-17-06:43
2015-02-13T13:21:57.769209-06:00 c0-0c0s11n1 LNet: Added LNI 45@gni [PATH4853]
2015-02-13T13:22:13.805736-06:00 c0-0c0s11n1 mcelog: Family 6 Model 3f CPU: only decoding architectural errors
2015-02-13T13:22:13.805848-06:00 c0-0c0s11n1 SGI XPMEM kernel module v2.2 loaded
2015-02-13T13:22:13.805866-06:00 c0-0c0s11n1 <node_health> (xtnhd) xtnhd has started
2015-02-13T13:22:14.064789-06:00 c0-0c0s11n1 boot_freemem data calculated:  130102880
2015-02-13T17:12:40.705973-06:00 c0-0c0s11n1 hpcc[27838] general protection ip:b6c9fa sp:7fffffffb840 error:0 in hpcc[400000+904000]
2015-02-13T23:27:16.426592-06:00 c0-0c0s11n1 hpcc[3538] general protection ip:b6c9fa sp:7fffffffbd20 error:0 in hpcc[400000+904000]
2015-02-13T13:11:14.012058-06:00 c0-0c1s11n1 ERROR: Type:2; Severity:80; Class:3; Subclass:D; Operation: 2
2015-02-13T13:21:36.870248-06:00 c0-0c1s11n1 Wait4Boot: WRITE: 523 bytes to memory @ 0x90CD0 ... complete
2015-02-13T13:21:36.870254-06:00 c0-0c1s11n1 Wait4Boot: Blade Controller Boot Protocol version - 1
2015-02-13T13:21:36.870262-06:00 c0-0c1s11n1 Wait4Boot: JUMP: KernelStart 0x100000, boot_params 0x90000, CmdLineAddr 0x90CD0
2015-02-13T13:21:36.870267-06:00 c0-0c1s11n1 OnExitBootServices..
2015-02-13T13:21:36.945470-06:00 c0-0c1s11n1 ConfigureXhciAtBoot() Start
2015-02-13T13:21:36.945532-06:00 c0-0c1s11n1 ConfigureXhciAtBoot() End
2015-02-13T13:21:36.945836-06:00 c0-0c1s11n1 (Wdt) RunWdtBeforeOsBoot
2015-02-13T13:21:36.946083-06:00 c0-0c1s11n1 (Wdt) DisableTimer
2015-02-13T13:21:40.405049-06:00 c0-0c1s11n1 Crypto Lib Callback.
2015-02-13T13:21:40.405057-06:00 c0-0c1s11n1 Heap addr before Virtual MemFixup = 7bacb018, After = 7bacb018
2015-02-13T13:21:40.405065-06:00 c0-0c1s11n1 NvramSmi Go Virtual
2015-02-13T13:21:40.405073-06:00 c0-0c1s11n1 Stopping all external HCs
2015-02-13T13:21:40.405078-06:00 c0-0c1s11n1 stopping all HC type 40:
2015-02-13T13:21:49.676942-06:00 c0-0c1s11n1 i8042: No controller found
2015-02-13T13:21:53.747716-06:00 c0-0c1s11n1 Sending ec_node_info with boot code 0 (NODE_INFO_OS_BOOT) for nid 109
2015-02-13T13:21:53.747723-06:00 c0-0c1s11n1 net.core.rmem_max = 16777216
2015-02-13T13:21:53.747728-06:00 c0-0c1s11n1 net.core.wmem_max = 16777216
2015-02-13T13:21:53.747732-06:00 c0-0c1s11n1 net.core.rmem_default = 16777216
2015-02-13T13:21:53.747746-06:00 c0-0c1s11n1 net.core.wmem_default = 16777216
2015-02-13T13:21:53.747757-06:00 c0-0c1s11n1 net.core.optmem_max = 16777216
2015-02-13T13:21:53.747765-06:00 c0-0c1s11n1 net.ipv4.tcp_mem = 16777216 16777216 16777216
2015-02-13T13:21:53.747770-06:00 c0-0c1s11n1 net.ipv4.tcp_rmem = 4096 87380 16777216
2015-02-13T13:21:53.747776-06:00 c0-0c1s11n1 net.ipv4.tcp_wmem = 4096 65536 16777216
2015-02-13T13:21:53.747787-06:00 c0-0c1s11n1 nid 109: Linux version 3.0.101-0.31.1_1.0502.8394-cray_ari_c (abuild@cfosbld02) (gcc version 4.3.4 [gcc-4_3-branch revision 152973] (SUSE Linux) ) #1 SMP Wed Sep 10 04:09:26 UTC 2014
2015-02-13T13:21:53.747793-06:00 c0-0c1s11n1 starting pid 6923, tty '': 'PATH3974'
2015-02-13T13:21:53.747803-06:00 c0-0c1s11n1 bpmcd_init: Power statistics available in PATH1240
2015-02-13T13:21:53.747813-06:00 c0-0c1s11n1 DVS: Revision 1873 - Built: Sep 17 2014 @ 06:40:25 for lnet version 2.5
2015-02-13T13:21:53.747818-06:00 c0-0c1s11n1 LNet: HW CPU cores: 64, npartitions: 8
2015-02-13T13:21:57.693613-06:00 c0-0c1s11n1 Lustre: kgnilnd build version: 2.5-trunk-1.0502.17198.8.57-abuild-RB-5.2UP02_2.5.1-2014-09-17-06:43
2015-02-13T13:21:57.819715-06:00 c0-0c1s11n1 LNet: Added LNI 109@gni [PATH4853]
2015-02-13T13:22:13.831697-06:00 c0-0c1s11n1 mcelog: Family 6 Model 3f CPU: only decoding architectural errors
2015-02-13T13:22:13.857125-06:00 c0-0c1s11n1 SGI XPMEM kernel module v2.2 loaded
2015-02-13T13:22:13.857207-06:00 c0-0c1s11n1 <node_health> (xtnhd) xtnhd has started
2015-02-13T13:22:14.115687-06:00 c0-0c1s11n1 boot_freemem data calculated:  130104644
2015-02-13T13:11:13.973816-06:00 c0-0c1s9n1 ERROR: Type:2; Severity:80; Class:3; Subclass:D; Operation: 2
2015-02-13T13:21:36.996379-06:00 c0-0c1s9n1 Wait4Boot: WRITE: 523 bytes to memory @ 0x90CD0 ... complete
2015-02-13T13:21:36.996391-06:00 c0-0c1s9n1 Wait4Boot: Blade Controller Boot Protocol version - 1
2015-02-13T13:21:36.996420-06:00 c0-0c1s9n1 Wait4Boot: JUMP: KernelStart 0x100000, boot_params 0x90000, CmdLineAddr 0x90CD0
2015-02-13T13:21:36.996431-06:00 c0-0c1s9n1 OnExitBootServices..
2015-02-13T13:21:36.996440-06:00 c0-0c1s9n1 ConfigureXhciAtBoot() Start
2015-02-13T13:21:36.996476-06:00 c0-0c1s9n1 ConfigureXhciAtBoot() End
2015-02-13T13:21:36.996487-06:00 c0-0c1s9n1 (Wdt) RunWdtBeforeOsBoot
2015-02-13T13:21:36.996499-06:00 c0-0c1s9n1 (Wdt) DisableTimer
2015-02-13T13:21:40.471277-06:00 c0-0c1s9n1 Crypto Lib Callback.
2015-02-13T13:21:40.471285-06:00 c0-0c1s9n1 Heap addr before Virtual MemFixup = 7bacb018, After = 7bacb018
2015-02-13T13:21:40.471291-06:00 c0-0c1s9n1 NvramSmi Go Virtual
2015-02-13T13:21:40.471296-06:00 c0-0c1s9n1 Stopping all external HCs
2015-02-13T13:21:40.471305-06:00 c0-0c1s9n1 stopping all HC type 40:
2015-02-13T13:21:49.626445-06:00 c0-0c1s9n1 i8042: No controller found
2015-02-13T13:21:53.798257-06:00 c0-0c1s9n1 Sending ec_node_info with boot code 0 (NODE_INFO_OS_BOOT) for nid 101
2015-02-13T13:21:53.798265-06:00 c0-0c1s9n1 net.core.rmem_max = 16777216
2015-02-13T13:21:53.798271-06:00 c0-0c1s9n1 net.core.wmem_max = 16777216
2015-02-13T13:21:53.798279-06:00 c0-0c1s9n1 net.core.rmem_default = 16777216
2015-02-13T13:21:53.798290-06:00 c0-0c1s9n1 net.core.wmem_default = 16777216
2015-02-13T13:21:53.798297-06:00 c0-0c1s9n1 net.core.optmem_max = 16777216
2015-02-13T13:21:53.798303-06:00 c0-0c1s9n1 net.ipv4.tcp_mem = 16777216 16777216 16777216
2015-02-13T13:21:53.798312-06:00 c0-0c1s9n1 net.ipv4.tcp_rmem = 4096 87380 16777216
2015-02-13T13:21:53.798320-06:00 c0-0c1s9n1 net.ipv4.tcp_wmem = 4096 65536 16777216
2015-02-13T13:21:53.798329-06:00 c0-0c1s9n1 nid 101: Linux version 3.0.101-0.31.1_1.0502.8394-cray_ari_c (abuild@cfosbld02) (gcc version 4.3.4 [gcc-4_3-branch revision 152973] (SUSE Linux) ) #1 SMP Wed Sep 10 04:09:26 UTC 2014
2015-02-13T13:21:53.798337-06:00 c0-0c1s9n1 starting pid 6927, tty '': 'PATH3974'
2015-02-13T13:21:53.798342-06:00 c0-0c1s9n1 bpmcd_init: Power statistics available in PATH1240
2015-02-13T13:21:53.798348-06:00 c0-0c1s9n1 DVS: Revision 1873 - Built: Sep 17 2014 @ 06:40:25 for lnet version 2.5
2015-02-13T13:21:53.798354-06:00 c0-0c1s9n1 LNet: HW CPU cores: 64, npartitions: 8
2015-02-13T13:21:56.931900-06:00 c0-0c1s9n1 Lustre: kgnilnd build version: 2.5-trunk-1.0502.17198.8.57-abuild-RB-5.2UP02_2.5.1-2014-09-17-06:43
2015-02-13T13:21:57.083320-06:00 c0-0c1s9n1 LNet: Added LNI 101@gni [PATH4853]
2015-02-13T13:22:13.101005-06:00 c0-0c1s9n1 mcelog: Family 6 Model 3f CPU: only decoding architectural errors
2015-02-13T13:22:13.101194-06:00 c0-0c1s9n1 SGI XPMEM kernel module v2.2 loaded
2015-02-13T13:22:13.101555-06:00 c0-0c1s9n1 <node_health> (xtnhd) xtnhd has started
2015-02-13T13:22:13.375760-06:00 c0-0c1s9n1 boot_freemem data calculated:  130105632
2015-02-13T13:11:16.015074-06:00 c0-0c2s12n2 ERROR: Type:2; Severity:80; Class:3; Subclass:D; Operation: 2
2015-02-13T13:21:36.894880-06:00 c0-0c2s12n2 Wait4Boot: WRITE: 523 bytes to memory @ 0x90CD0 ... complete
2015-02-13T13:21:36.894888-06:00 c0-0c2s12n2 Wait4Boot: Blade Controller Boot Protocol version - 1
2015-02-13T13:21:36.894894-06:00 c0-0c2s12n2 Wait4Boot: JUMP: KernelStart 0x100000, boot_params 0x90000, CmdLineAddr 0x90CD0
2015-02-13T13:21:36.894899-06:00 c0-0c2s12n2 OnExitBootServices..
2015-02-13T13:21:36.971447-06:00 c0-0c2s12n2 ConfigureXhciAtBoot() Start
2015-02-13T13:21:36.972012-06:00 c0-0c2s12n2 ConfigureXhciAtBoot() End
2015-02-13T13:21:36.972269-06:00 c0-0c2s12n2 (Wdt) RunWdtBeforeOsBoot
2015-02-13T13:21:36.997228-06:00 c0-0c2s12n2 (Wdt) DisableTimer
2015-02-13T13:21:40.379783-06:00 c0-0c2s12n2 Crypto Lib Callback.
2015-02-13T13:21:40.379795-06:00 c0-0c2s12n2 Heap addr before Virtual MemFixup = 7bacb018, After = 7bacb018
2015-02-13T13:21:40.379804-06:00 c0-0c2s12n2 NvramSmi Go Virtual
2015-02-13T13:21:40.379823-06:00 c0-0c2s12n2 Stopping all external HCs
2015-02-13T13:21:40.379832-06:00 c0-0c2s12n2 stopping all HC type 40:
2015-02-13T13:21:49.600998-06:00 c0-0c2s12n2 i8042: No controller found
2015-02-13T13:21:53.747222-06:00 c0-0c2s12n2 Sending ec_node_info with boot code 0 (NODE_INFO_OS_BOOT) for nid 178
2015-02-13T13:21:53.747230-06:00 c0-0c2s12n2 net.core.rmem_max = 16777216
2015-02-13T13:21:53.747237-06:00 c0-0c2s12n2 net.core.wmem_max = 16777216
2015-02-13T13:21:53.747243-06:00 c0-0c2s12n2 net.core.rmem_default = 16777216
2015-02-13T13:21:53.747254-06:00 c0-0c2s12n2 net.core.wmem_default = 16777216
2015-02-13T13:21:53.747265-06:00 c0-0c2s12n2 net.core.optmem_max = 16777216
2015-02-13T13:21:53.747284-06:00 c0-0c2s12n2 net.ipv4.tcp_mem = 16777216 16777216 16777216
2015-02-13T13:21:53.747292-06:00 c0-0c2s12n2 net.ipv4.tcp_rmem = 4096 87380 16777216
2015-02-13T13:21:53.747297-06:00 c0-0c2s12n2 net.ipv4.tcp_wmem = 4096 65536 16777216
2015-02-13T13:21:53.747328-06:00 c0-0c2s12n2 nid 178: Linux version 3.0.101-0.31.1_1.0502.8394-cray_ari_c (abuild@cfosbld02) (gcc version 4.3.4 [gcc-4_3-branch revision 152973] (SUSE Linux) ) #1 SMP Wed Sep 10 04:09:26 UTC 2014
2015-02-13T13:21:53.747337-06:00 c0-0c2s12n2 starting pid 6922, tty '': 'PATH3974'
2015-02-13T13:21:53.747345-06:00 c0-0c2s12n2 bpmcd_init: Power statistics available in PATH1240
2015-02-13T13:21:53.747364-06:00 c0-0c2s12n2 DVS: Revision 1873 - Built: Sep 17 2014 @ 06:40:25 for lnet version 2.5
2015-02-13T13:21:53.747371-06:00 c0-0c2s12n2 LNet: HW CPU cores: 64, npartitions: 8
2015-02-13T13:21:58.429982-06:00 c0-0c2s12n2 Lustre: kgnilnd build version: 2.5-trunk-1.0502.17198.8.57-abuild-RB-5.2UP02_2.5.1-2014-09-17-06:43
2015-02-13T13:21:58.556085-06:00 c0-0c2s12n2 LNet: Added LNI 178@gni [PATH4853]
2015-02-13T13:22:14.883827-06:00 c0-0c2s12n2 mcelog: Family 6 Model 3f CPU: only decoding architectural errors
2015-02-13T13:22:14.883836-06:00 c0-0c2s12n2 SGI XPMEM kernel module v2.2 loaded
2015-02-13T13:22:14.883849-06:00 c0-0c2s12n2 <node_health> (xtnhd) xtnhd has started
2015-02-13T13:22:14.883863-06:00 c0-0c2s12n2 boot_freemem data calculated:  130108532
2015-02-13T14:30:22.104629-06:00 c0-0c2s12n2 net_ratelimit: 6 callbacks suppressed
2015-02-13T15:17:27.478064-06:00 c0-0c2s12n2 net_ratelimit: 30 callbacks suppressed
2015-02-13T15:17:57.488252-06:00 c0-0c2s12n2 net_ratelimit: 29 callbacks suppressed
2015-02-13T16:04:48.847099-06:00 c0-0c2s12n2 net_ratelimit: 29 callbacks suppressed
2015-02-13T16:05:18.751422-06:00 c0-0c2s12n2 net_ratelimit: 20 callbacks suppressed
2015-02-13T16:52:24.338348-06:00 c0-0c2s12n2 net_ratelimit: 20 callbacks suppressed
2015-02-13T16:52:54.229703-06:00 c0-0c2s12n2 net_ratelimit: 18 callbacks suppressed
2015-02-13T17:40:10.548424-06:00 c0-0c2s12n2 net_ratelimit: 21 callbacks suppressed
2015-02-13T17:40:40.513443-06:00 c0-0c2s12n2 net_ratelimit: 41 callbacks suppressed
2015-02-13T18:27:05.768165-06:00 c0-0c2s12n2 net_ratelimit: 33 callbacks suppressed
2015-02-13T18:27:35.868578-06:00 c0-0c2s12n2 net_ratelimit: 31 callbacks suppressed
2015-02-13T19:13:57.762906-06:00 c0-0c2s12n2 net_ratelimit: 34 callbacks suppressed
2015-02-13T19:14:27.393164-06:00 c0-0c2s12n2 net_ratelimit: 25 callbacks suppressed
2015-02-13T20:00:32.456783-06:00 c0-0c2s12n2 net_ratelimit: 31 callbacks suppressed
2015-02-13T20:01:02.376889-06:00 c0-0c2s12n2 net_ratelimit: 25 callbacks suppressed
2015-02-13T20:47:13.568964-06:00 c0-0c2s12n2 net_ratelimit: 29 callbacks suppressed
2015-02-13T20:47:43.553011-06:00 c0-0c2s12n2 net_ratelimit: 26 callbacks suppressed
2015-02-13T21:34:10.679718-06:00 c0-0c2s12n2 net_ratelimit: 32 callbacks suppressed
2015-02-13T21:34:40.961721-06:00 c0-0c2s12n2 net_ratelimit: 26 callbacks suppressed
2015-02-13T22:20:47.649753-06:00 c0-0c2s12n2 net_ratelimit: 34 callbacks suppressed
2015-02-13T22:21:17.585613-06:00 c0-0c2s12n2 net_ratelimit: 27 callbacks suppressed
2015-02-13T23:07:09.003653-06:00 c0-0c2s12n2 net_ratelimit: 29 callbacks suppressed
2015-02-13T23:07:38.920506-06:00 c0-0c2s12n2 net_ratelimit: 22 callbacks suppressed
2015-02-13T23:53:29.980109-06:00 c0-0c2s12n2 net_ratelimit: 32 callbacks suppressed
2015-02-13T23:54:00.154804-06:00 c0-0c2s12n2 net_ratelimit: 28 callbacks suppressed
2015-02-13T13:11:11.444492-06:00 c0-0c2s1n1 ERROR: Type:2; Severity:80; Class:3; Subclass:D; Operation: 2
2015-02-13T13:19:36.050587-06:00 c0-0c2s1n1 Wait4Boot: WRITE: 533 bytes to memory @ 0x90CD0 ... complete
2015-02-13T13:19:36.050593-06:00 c0-0c2s1n1 Wait4Boot: Blade Controller Boot Protocol version - 1
2015-02-13T13:19:36.075662-06:00 c0-0c2s1n1 Wait4Boot: JUMP: KernelStart 0x100000, boot_params 0x90000, CmdLineAddr 0x90CD0
2015-02-13T13:19:36.220396-06:00 c0-0c2s1n1 Decompressing Linux... Parsing ELF... done.
2015-02-13T13:19:36.220493-06:00 c0-0c2s1n1 Booting the kernel.
2015-02-13T13:19:36.220623-06:00 c0-0c2s1n1 Initializing cgroup subsys cpuset
2015-02-13T13:19:36.220787-06:00 c0-0c2s1n1 Initializing cgroup subsys cpu
2015-02-13T13:19:36.245732-06:00 c0-0c2s1n1 Linux version 3.0.101-0.31.1_1.0502.8394-cray_ari_s (abuild@cfosbld05) (gcc version 4.3.4 [gcc-4_3-branch revision 152973] (SUSE Linux) ) #1 SMP Wed Sep 10 04:03:41 UTC 2014
2015-02-13T13:19:36.325020-06:00 c0-0c2s1n1 Command line: earlyprintk=serial,115200 load_ramdisk=1 ramdisk_size=80000 console=ttyS0,115200n8 bootnodeip=IPADDR13 bootproto=ipog bootpath=PATH1220 rootfs=nfs-shared root=PATH1221 oops=panic bootifnetmask=IPADDR15 elevator=noop ippob1=10 ippob2=128 pcie_ports=native iommu=on intel_iommu=off bad_page=panic pln_enable=off apei_disable hest_disable erst_disable ghes_disable cgroup_disable=memory active_wlm=ALPS sdbnodeip=IPADDR16 sessionid=p0-20150213t131030 _cray=marker_ 
2015-02-13T13:19:36.364769-06:00 c0-0c2s1n1 KERNEL supported cpus:
2015-02-13T13:19:36.364858-06:00 c0-0c2s1n1  Intel GenuineIntel
2015-02-13T13:19:36.365023-06:00 c0-0c2s1n1 BIOS-provided physical RAM map:
2015-02-13T13:19:36.404770-06:00 c0-0c2s1n1 BIOS-e820: 0000000000000000 - 00000000000a0000 (usable)
2015-02-13T13:19:36.405007-06:00 c0-0c2s1n1 BIOS-e820: 0000000000100000 - 000000007e67c000 (usable)
2015-02-13T13:19:36.405186-06:00 c0-0c2s1n1 BIOS-e820: 000000007e67c000 - 000000007e790000 (ACPI NVS)
2015-02-13T13:19:36.405356-06:00 c0-0c2s1n1 BIOS-e820: 000000007e790000 - 000000007f395000 (reserved)
2015-02-13T13:19:36.405528-06:00 c0-0c2s1n1 BIOS-e820: 000000007f395000 - 000000007f410000 (ACPI data)
2015-02-13T13:19:36.405707-06:00 c0-0c2s1n1 BIOS-e820: 000000007f410000 - 000000007f491000 (reserved)
2015-02-13T13:19:36.444773-06:00 c0-0c2s1n1 BIOS-e820: 000000007f491000 - 000000007f493000 (usable)
2015-02-13T13:19:36.445031-06:00 c0-0c2s1n1 BIOS-e820: 000000007f493000 - 000000007f494000 (ACPI NVS)
2015-02-13T13:19:36.445249-06:00 c0-0c2s1n1 BIOS-e820: 000000007f494000 - 000000007f49e000 (reserved)
2015-02-13T13:19:36.447515-06:00 c0-0c2s1n1 BIOS-e820: 000000007f49e000 - 000000007f4a6000 (ACPI NVS)
2015-02-13T13:19:36.447780-06:00 c0-0c2s1n1 BIOS-e820: 000000007f4a6000 - 000000007f4d2000 (reserved)
2015-02-13T13:19:36.448026-06:00 c0-0c2s1n1 BIOS-e820: 000000007f4d2000 - 000000007f558000 (ACPI NVS)
2015-02-13T13:19:36.472889-06:00 c0-0c2s1n1 BIOS-e820: 000000007f558000 - 000000007f800000 (usable)
2015-02-13T13:19:36.473113-06:00 c0-0c2s1n1 BIOS-e820: 0000000080000000 - 0000000090000000 (reserved)
2015-02-13T13:19:36.497855-06:00 c0-0c2s1n1 BIOS-e820: 00000000fed1c000 - 00000000fed20000 (reserved)
2015-02-13T13:19:36.498110-06:00 c0-0c2s1n1 BIOS-e820: 00000000ff000000 - 0000000100000000 (reserved)
2015-02-13T13:19:36.498375-06:00 c0-0c2s1n1 BIOS-e820: 0000000100000000 - 0000001080000000 (usable)
2015-02-13T13:19:36.523096-06:00 c0-0c2s1n1 bootconsole [earlyser0] enabled
2015-02-13T13:19:36.523360-06:00 c0-0c2s1n1 NX (Execute Disable) protection: active
2015-02-13T13:19:36.523535-06:00 c0-0c2s1n1 EFI v2.10 by American Megatrends
2015-02-13T13:19:36.523806-06:00 c0-0c2s1n1 ACPI=0x7f395000  ACPI 2.0=0x7f395000  SMBIOS=0xf04c0  MPS=0xfd450 
2015-02-13T13:19:36.548613-06:00 c0-0c2s1n1 EFI: mem00: type=3, attr=0xf, range=[0x0000000000000000-0x0000000000008000) (0MB)
2015-02-13T13:19:36.548911-06:00 c0-0c2s1n1 EFI: mem01: type=7, attr=0xf, range=[0x0000000000008000-0x0000000000060000) (0MB)
2015-02-13T13:19:36.573710-06:00 c0-0c2s1n1 EFI: mem02: type=3, attr=0xf, range=[0x0000000000060000-0x00000000000a0000) (0MB)
2015-02-13T13:19:36.573909-06:00 c0-0c2s1n1 EFI: mem03: type=7, attr=0xf, range=[0x0000000000100000-0x0000000001000000) (15MB)
2015-02-13T13:19:36.599091-06:00 c0-0c2s1n1 EFI: mem04: type=2, attr=0xf, range=[0x0000000001000000-0x0000000001100000) (1MB)
2015-02-13T13:19:36.599308-06:00 c0-0c2s1n1 EFI: mem05: type=4, attr=0xf, range=[0x0000000001100000-0x00000000017ea000) (6MB)
2015-02-13T13:19:36.624312-06:00 c0-0c2s1n1 EFI: mem06: type=3, attr=0xf, range=[0x00000000017ea000-0x00000000017ee000) (0MB)
2015-02-13T13:19:36.649306-06:00 c0-0c2s1n1 EFI: mem07: type=4, attr=0xf, range=[0x00000000017ee000-0x0000000001886000) (0MB)
2015-02-13T13:19:36.649543-06:00 c0-0c2s1n1 EFI: mem08: type=3, attr=0xf, range=[0x0000000001886000-0x000000000188f000) (0MB)
2015-02-13T13:19:36.674594-06:00 c0-0c2s1n1 EFI: mem09: type=4, attr=0xf, range=[0x000000000188f000-0x0000000001892000) (0MB)
2015-02-13T13:19:36.674921-06:00 c0-0c2s1n1 EFI: mem10: type=3, attr=0xf, range=[0x0000000001892000-0x000000000189e000) (0MB)
2015-02-13T13:19:36.675135-06:00 c0-0c2s1n1 EFI: mem11: type=4, attr=0xf, range=[0x000000000189e000-0x00000000018a9000) (0MB)
2015-02-13T13:19:36.700062-06:00 c0-0c2s1n1 EFI: mem12: type=3, attr=0xf, range=[0x00000000018a9000-0x00000000018ab000) (0MB)
2015-02-13T13:19:36.740182-06:00 c0-0c2s1n1 EFI: mem13: type=4, attr=0xf, range=[0x00000000018ab000-0x00000000018ad000) (0MB)
2015-02-13T13:19:36.740427-06:00 c0-0c2s1n1 EFI: mem14: type=3, attr=0xf, range=[0x00000000018ad000-0x00000000018af000) (0MB)
2015-02-13T13:19:36.780180-06:00 c0-0c2s1n1 EFI: mem15: type=4, attr=0xf, range=[0x00000000018af000-0x00000000018b7000) (0MB)
2015-02-13T13:19:36.780380-06:00 c0-0c2s1n1 EFI: mem16: type=3, attr=0xf, range=[0x00000000018b7000-0x00000000018bb000) (0MB)
2015-02-13T13:19:36.780548-06:00 c0-0c2s1n1 EFI: mem17: type=4, attr=0xf, range=[0x00000000018bb000-0x00000000018bd000) (0MB)
2015-02-13T13:19:36.780722-06:00 c0-0c2s1n1 EFI: mem18: type=3, attr=0xf, range=[0x00000000018bd000-0x00000000018bf000) (0MB)
2015-02-13T13:19:36.820126-06:00 c0-0c2s1n1 EFI: mem19: type=4, attr=0xf, range=[0x00000000018bf000-0x00000000018d1000) (0MB)
2015-02-13T13:19:36.820409-06:00 c0-0c2s1n1 EFI: mem20: type=3, attr=0xf, range=[0x00000000018d1000-0x00000000018d7000) (0MB)
2015-02-13T13:19:36.826147-06:00 c0-0c2s1n1 EFI: mem21: type=4, attr=0xf, range=[0x00000000018d7000-0x00000000018f9000) (0MB)
2015-02-13T13:19:36.826391-06:00 c0-0c2s1n1 EFI: mem22: type=3, attr=0xf, range=[0x00000000018f9000-0x0000000001908000) (0MB)
2015-02-13T13:19:36.851410-06:00 c0-0c2s1n1 EFI: mem23: type=4, attr=0xf, range=[0x0000000001908000-0x0000000001921000) (0MB)
2015-02-13T13:19:36.888768-06:00 c0-0c2s1n1 EFI: mem24: type=3, attr=0xf, range=[0x0000000001921000-0x000000000192b000) (0MB)
2015-02-13T13:19:36.889008-06:00 c0-0c2s1n1 EFI: mem25: type=4, attr=0xf, range=[0x000000000192b000-0x0000000001933000) (0MB)
2015-02-13T13:19:36.889209-06:00 c0-0c2s1n1 EFI: mem26: type=3, attr=0xf, range=[0x0000000001933000-0x0000000001936000) (0MB)
2015-02-13T13:19:36.928812-06:00 c0-0c2s1n1 EFI: mem27: type=4, attr=0xf, range=[0x0000000001936000-0x000000000193b000) (0MB)
2015-02-13T13:19:36.929019-06:00 c0-0c2s1n1 EFI: mem28: type=3, attr=0xf, range=[0x000000000193b000-0x000000000193e000) (0MB)
2015-02-13T13:19:36.929219-06:00 c0-0c2s1n1 EFI: mem29: type=4, attr=0xf, range=[0x000000000193e000-0x0000000001964000) (0MB)
2015-02-13T13:19:36.929423-06:00 c0-0c2s1n1 EFI: mem30: type=3, attr=0xf, range=[0x0000000001964000-0x0000000001968000) (0MB)
2015-02-13T13:19:36.968772-06:00 c0-0c2s1n1 EFI: mem31: type=4, attr=0xf, range=[0x0000000001968000-0x000000000198a000) (0MB)
2015-02-13T13:19:36.968986-06:00 c0-0c2s1n1 EFI: mem32: type=3, attr=0xf, range=[0x000000000198a000-0x00000000019b0000) (0MB)
2015-02-13T13:19:36.977764-06:00 c0-0c2s1n1 EFI: mem33: type=4, attr=0xf, range=[0x00000000019b0000-0x00000000019be000) (0MB)
2015-02-13T13:19:36.977963-06:00 c0-0c2s1n1 EFI: mem34: type=3, attr=0xf, range=[0x00000000019be000-0x00000000019ce000) (0MB)
2015-02-13T13:19:37.002958-06:00 c0-0c2s1n1 EFI: mem35: type=4, attr=0xf, range=[0x00000000019ce000-0x00000000019d0000) (0MB)
2015-02-13T13:19:37.003199-06:00 c0-0c2s1n1 EFI: mem36: type=3, attr=0xf, range=[0x00000000019d0000-0x00000000019d7000) (0MB)
2015-02-13T13:19:37.028112-06:00 c0-0c2s1n1 EFI: mem37: type=4, attr=0xf, range=[0x00000000019d7000-0x00000000019e1000) (0MB)
2015-02-13T13:19:37.028376-06:00 c0-0c2s1n1 EFI: mem38: type=3, attr=0xf, range=[0x00000000019e1000-0x00000000019e5000) (0MB)
2015-02-13T13:19:37.053306-06:00 c0-0c2s1n1 EFI: mem39: type=4, attr=0xf, range=[0x00000000019e5000-0x0000000001a02000) (0MB)
2015-02-13T13:19:37.053566-06:00 c0-0c2s1n1 EFI: mem40: type=3, attr=0xf, range=[0x0000000001a02000-0x0000000001a06000) (0MB)
2015-02-13T13:19:37.078705-06:00 c0-0c2s1n1 EFI: mem41: type=4, attr=0xf, range=[0x0000000001a06000-0x0000000001a0a000) (0MB)
2015-02-13T13:19:37.078907-06:00 c0-0c2s1n1 EFI: mem42: type=3, attr=0xf, range=[0x0000000001a0a000-0x0000000001a1e000) (0MB)
2015-02-13T13:19:37.103892-06:00 c0-0c2s1n1 EFI: mem43: type=4, attr=0xf, range=[0x0000000001a1e000-0x0000000001a22000) (0MB)
2015-02-13T13:19:37.104096-06:00 c0-0c2s1n1 EFI: mem44: type=3, attr=0xf, range=[0x0000000001a22000-0x0000000001a26000) (0MB)
2015-02-13T13:19:37.129117-06:00 c0-0c2s1n1 EFI: mem45: type=4, attr=0xf, range=[0x0000000001a26000-0x0000000001a34000) (0MB)
2015-02-13T13:19:37.129372-06:00 c0-0c2s1n1 EFI: mem46: type=3, attr=0xf, range=[0x0000000001a34000-0x0000000001a3b000) (0MB)
2015-02-13T13:19:37.154355-06:00 c0-0c2s1n1 EFI: mem47: type=4, attr=0xf, range=[0x0000000001a3b000-0x0000000001a42000) (0MB)
2015-02-13T13:19:37.154659-06:00 c0-0c2s1n1 EFI: mem48: type=3, attr=0xf, range=[0x0000000001a42000-0x0000000001a4a000) (0MB)
2015-02-13T13:19:37.179684-06:00 c0-0c2s1n1 EFI: mem49: type=4, attr=0xf, range=[0x0000000001a4a000-0x0000000001a4b000) (0MB)
2015-02-13T13:19:37.216875-06:00 c0-0c2s1n1 EFI: mem50: type=3, attr=0xf, range=[0x0000000001a4b000-0x0000000001a4d000) (0MB)
2015-02-13T13:19:37.217076-06:00 c0-0c2s1n1 EFI: mem51: type=4, attr=0xf, range=[0x0000000001a4d000-0x0000000001a52000) (0MB)
2015-02-13T13:19:37.217297-06:00 c0-0c2s1n1 EFI: mem52: type=3, attr=0xf, range=[0x0000000001a52000-0x0000000001a69000) (0MB)
2015-02-13T13:19:37.256922-06:00 c0-0c2s1n1 EFI: mem53: type=4, attr=0xf, range=[0x0000000001a69000-0x0000000001a6f000) (0MB)
2015-02-13T13:19:37.257158-06:00 c0-0c2s1n1 EFI: mem54: type=3, attr=0xf, range=[0x0000000001a6f000-0x0000000001a70000) (0MB)
2015-02-13T13:19:37.257351-06:00 c0-0c2s1n1 EFI: mem55: type=4, attr=0xf, range=[0x0000000001a70000-0x0000000001a71000) (0MB)
2015-02-13T13:19:37.296744-06:00 c0-0c2s1n1 EFI: mem56: type=3, attr=0xf, range=[0x0000000001a71000-0x0000000001a79000) (0MB)
2015-02-13T13:19:37.296976-06:00 c0-0c2s1n1 EFI: mem57: type=4, attr=0xf, range=[0x0000000001a79000-0x0000000001a7a000) (0MB)
2015-02-13T13:19:37.305851-06:00 c0-0c2s1n1 EFI: mem58: type=3, attr=0xf, range=[0x0000000001a7a000-0x0000000001a83000) (0MB)
2015-02-13T13:19:37.306097-06:00 c0-0c2s1n1 EFI: mem59: type=4, attr=0xf, range=[0x0000000001a83000-0x0000000001a85000) (0MB)
2015-02-13T13:19:37.331076-06:00 c0-0c2s1n1 EFI: mem60: type=3, attr=0xf, range=[0x0000000001a85000-0x0000000001abe000) (0MB)
2015-02-13T13:19:37.331313-06:00 c0-0c2s1n1 EFI: mem61: type=4, attr=0xf, range=[0x0000000001abe000-0x0000000001abf000) (0MB)
2015-02-13T13:19:37.356368-06:00 c0-0c2s1n1 EFI: mem62: type=3, attr=0xf, range=[0x0000000001abf000-0x0000000001acc000) (0MB)
2015-02-13T13:19:37.356591-06:00 c0-0c2s1n1 EFI: mem63: type=4, attr=0xf, range=[0x0000000001acc000-0x0000000001ad7000) (0MB)
2015-02-13T13:19:37.381615-06:00 c0-0c2s1n1 EFI: mem64: type=3, attr=0xf, range=[0x0000000001ad7000-0x0000000001adc000) (0MB)
2015-02-13T13:19:37.420765-06:00 c0-0c2s1n1 EFI: mem65: type=4, attr=0xf, range=[0x0000000001adc000-0x0000000001b60000) (0MB)
2015-02-13T13:19:37.420983-06:00 c0-0c2s1n1 EFI: mem66: type=3, attr=0xf, range=[0x0000000001b60000-0x0000000001b7c000) (0MB)
2015-02-13T13:19:37.421193-06:00 c0-0c2s1n1 EFI: mem67: type=4, attr=0xf, range=[0x0000000001b7c000-0x0000000001b84000) (0MB)
2015-02-13T13:19:37.460762-06:00 c0-0c2s1n1 EFI: mem68: type=3, attr=0xf, range=[0x0000000001b84000-0x0000000001b9c000) (0MB)
2015-02-13T13:19:37.460997-06:00 c0-0c2s1n1 EFI: mem69: type=4, attr=0xf, range=[0x0000000001b9c000-0x000000000b210000) (150MB)
2015-02-13T13:19:37.461192-06:00 c0-0c2s1n1 EFI: mem70: type=3, attr=0xf, range=[0x000000000b210000-0x000000000b216000) (0MB)
2015-02-13T13:19:37.461424-06:00 c0-0c2s1n1 EFI: mem71: type=4, attr=0xf, range=[0x000000000b216000-0x000000000b21f000) (0MB)
2015-02-13T13:19:37.500726-06:00 c0-0c2s1n1 EFI: mem72: type=3, attr=0xf, range=[0x000000000b21f000-0x000000000b235000) (0MB)
2015-02-13T13:19:37.500934-06:00 c0-0c2s1n1 EFI: mem73: type=4, attr=0xf, range=[0x000000000b235000-0x000000000b23b000) (0MB)
2015-02-13T13:19:37.507801-06:00 c0-0c2s1n1 EFI: mem74: type=3, attr=0xf, range=[0x000000000b23b000-0x000000000b23e000) (0MB)
2015-02-13T13:19:37.508055-06:00 c0-0c2s1n1 EFI: mem75: type=4, attr=0xf, range=[0x000000000b23e000-0x000000000b242000) (0MB)
2015-02-13T13:19:37.533096-06:00 c0-0c2s1n1 EFI: mem76: type=3, attr=0xf, range=[0x000000000b242000-0x000000000b249000) (0MB)
2015-02-13T13:19:37.533354-06:00 c0-0c2s1n1 EFI: mem77: type=4, attr=0xf, range=[0x000000000b249000-0x000000000b24c000) (0MB)
2015-02-13T13:19:37.572179-06:00 c0-0c2s1n1 EFI: mem78: type=3, attr=0xf, range=[0x000000000b24c000-0x000000000b254000) (0MB)
2015-02-13T13:19:37.572432-06:00 c0-0c2s1n1 EFI: mem79: type=4, attr=0xf, range=[0x000000000b254000-0x000000000b27a000) (0MB)
2015-02-13T13:19:37.612777-06:00 c0-0c2s1n1 EFI: mem80: type=3, attr=0xf, range=[0x000000000b27a000-0x000000000b27e000) (0MB)
2015-02-13T13:19:37.612969-06:00 c0-0c2s1n1 EFI: mem81: type=4, attr=0xf, range=[0x000000000b27e000-0x000000000b282000) (0MB)
2015-02-13T13:19:37.613178-06:00 c0-0c2s1n1 EFI: mem82: type=3, attr=0xf, range=[0x000000000b282000-0x000000000b286000) (0MB)
2015-02-13T13:19:37.613392-06:00 c0-0c2s1n1 EFI: mem83: type=4, attr=0xf, range=[0x000000000b286000-0x000000000b290000) (0MB)
2015-02-13T13:19:37.613602-06:00 c0-0c2s1n1 EFI: mem84: type=3, attr=0xf, range=[0x000000000b290000-0x000000000b2d3000) (0MB)
2015-02-13T13:19:37.652912-06:00 c0-0c2s1n1 EFI: mem85: type=4, attr=0xf, range=[0x000000000b2d3000-0x000000000b2df000) (0MB)
2015-02-13T13:19:37.653122-06:00 c0-0c2s1n1 EFI: mem86: type=3, attr=0xf, range=[0x000000000b2df000-0x000000000b2e9000) (0MB)
2015-02-13T13:19:37.659510-06:00 c0-0c2s1n1 EFI: mem87: type=4, attr=0xf, range=[0x000000000b2e9000-0x000000000b2f8000) (0MB)
2015-02-13T13:19:37.659777-06:00 c0-0c2s1n1 EFI: mem88: type=3, attr=0xf, range=[0x000000000b2f8000-0x000000000b2fc000) (0MB)
2015-02-13T13:19:37.684846-06:00 c0-0c2s1n1 EFI: mem89: type=4, attr=0xf, range=[0x000000000b2fc000-0x000000000b2fd000) (0MB)
2015-02-13T13:19:37.685138-06:00 c0-0c2s1n1 EFI: mem90: type=3, attr=0xf, range=[0x000000000b2fd000-0x000000000b302000) (0MB)
2015-02-13T13:19:37.709995-06:00 c0-0c2s1n1 EFI: mem91: type=4, attr=0xf, range=[0x000000000b302000-0x000000000b30b000) (0MB)
2015-02-13T13:19:37.710225-06:00 c0-0c2s1n1 EFI: mem92: type=3, attr=0xf, range=[0x000000000b30b000-0x000000000b343000) (0MB)
2015-02-13T13:19:37.735362-06:00 c0-0c2s1n1 EFI: mem93: type=4, attr=0xf, range=[0x000000000b343000-0x000000000b34a000) (0MB)
2015-02-13T13:19:37.735628-06:00 c0-0c2s1n1 EFI: mem94: type=3, attr=0xf, range=[0x000000000b34a000-0x000000000b351000) (0MB)
2015-02-13T13:19:37.760519-06:00 c0-0c2s1n1 EFI: mem95: type=4, attr=0xf, range=[0x000000000b351000-0x000000000b359000) (0MB)
2015-02-13T13:19:37.760792-06:00 c0-0c2s1n1 EFI: mem96: type=3, attr=0xf, range=[0x000000000b359000-0x000000000b35d000) (0MB)
2015-02-13T13:19:37.800958-06:00 c0-0c2s1n1 EFI: mem97: type=4, attr=0xf, range=[0x000000000b35d000-0x000000000b365000) (0MB)
2015-02-13T13:19:37.840777-06:00 c0-0c2s1n1 EFI: mem98: type=3, attr=0xf, range=[0x000000000b365000-0x000000000b369000) (0MB)
2015-02-13T13:19:37.841008-06:00 c0-0c2s1n1 EFI: mem99: type=4, attr=0xf, range=[0x000000000b369000-0x000000000b36d000) (0MB)
2015-02-13T13:19:37.841205-06:00 c0-0c2s1n1 EFI: mem100: type=3, attr=0xf, range=[0x000000000b36d000-0x000000000b371000) (0MB)
2015-02-13T13:19:37.841442-06:00 c0-0c2s1n1 EFI: mem101: type=4, attr=0xf, range=[0x000000000b371000-0x000000000b385000) (0MB)
2015-02-13T13:19:37.880817-06:00 c0-0c2s1n1 EFI: mem102: type=3, attr=0xf, range=[0x000000000b385000-0x000000000b38b000) (0MB)
2015-02-13T13:19:37.881016-06:00 c0-0c2s1n1 EFI: mem103: type=4, attr=0xf, range=[0x000000000b38b000-0x000000000b3ad000) (0MB)
2015-02-13T13:19:37.886721-06:00 c0-0c2s1n1 EFI: mem104: type=3, attr=0xf, range=[0x000000000b3ad000-0x000000000b3b7000) (0MB)
2015-02-13T13:19:37.886958-06:00 c0-0c2s1n1 EFI: mem105: type=4, attr=0xf, range=[0x000000000b3b7000-0x000000000b3b8000) (0MB)
2015-02-13T13:19:37.912044-06:00 c0-0c2s1n1 EFI: mem106: type=3, attr=0xf, range=[0x000000000b3b8000-0x000000000b3ca000) (0MB)
2015-02-13T13:19:37.912248-06:00 c0-0c2s1n1 EFI: mem107: type=4, attr=0xf, range=[0x000000000b3ca000-0x000000000b3cd000) (0MB)
2015-02-13T13:19:37.937204-06:00 c0-0c2s1n1 EFI: mem108: type=3, attr=0xf, range=[0x000000000b3cd000-0x000000000b3d8000) (0MB)
2015-02-13T13:19:37.937454-06:00 c0-0c2s1n1 EFI: mem109: type=4, attr=0xf, range=[0x000000000b3d8000-0x000000000b474000) (0MB)
2015-02-13T13:19:37.962416-06:00 c0-0c2s1n1 EFI: mem110: type=3, attr=0xf, range=[0x000000000b474000-0x000000000b47b000) (0MB)
2015-02-13T13:19:37.962654-06:00 c0-0c2s1n1 EFI: mem111: type=4, attr=0xf, range=[0x000000000b47b000-0x000000000b48a000) (0MB)
2015-02-13T13:19:38.000976-06:00 c0-0c2s1n1 EFI: mem112: type=3, attr=0xf, range=[0x000000000b48a000-0x000000000b48e000) (0MB)
2015-02-13T13:19:38.001190-06:00 c0-0c2s1n1 EFI: mem113: type=4, attr=0xf, range=[0x000000000b48e000-0x000000000b4b0000) (0MB)
2015-02-13T13:19:38.040905-06:00 c0-0c2s1n1 EFI: mem114: type=3, attr=0xf, range=[0x000000000b4b0000-0x000000000b4b5000) (0MB)
2015-02-13T13:19:38.041128-06:00 c0-0c2s1n1 EFI: mem115: type=4, attr=0xf, range=[0x000000000b4b5000-0x000000000b4ba000) (0MB)
2015-02-13T13:19:38.041355-06:00 c0-0c2s1n1 EFI: mem116: type=3, attr=0xf, range=[0x000000000b4ba000-0x000000000b4ce000) (0MB)
2015-02-13T13:19:38.041559-06:00 c0-0c2s1n1 EFI: mem117: type=4, attr=0xf, range=[0x000000000b4ce000-0x000000000b580000) (0MB)
2015-02-13T13:19:38.080903-06:00 c0-0c2s1n1 EFI: mem118: type=7, attr=0xf, range=[0x000000000b580000-0x000000000b581000) (0MB)
2015-02-13T13:19:38.081123-06:00 c0-0c2s1n1 EFI: mem119: type=4, attr=0xf, range=[0x000000000b581000-0x000000000b5ae000) (0MB)
2015-02-13T13:19:38.088609-06:00 c0-0c2s1n1 EFI: mem120: type=3, attr=0xf, range=[0x000000000b5ae000-0x000000000b5b7000) (0MB)
2015-02-13T13:19:38.088857-06:00 c0-0c2s1n1 EFI: mem121: type=4, attr=0xf, range=[0x000000000b5b7000-0x000000000b5b8000) (0MB)
2015-02-13T13:19:38.113894-06:00 c0-0c2s1n1 EFI: mem122: type=2, attr=0xf, range=[0x000000000b5b8000-0x000000000b5ba000) (0MB)
2015-02-13T13:19:38.114113-06:00 c0-0c2s1n1 EFI: mem123: type=7, attr=0xf, range=[0x000000000b5ba000-0x000000000b5bc000) (0MB)
2015-02-13T13:19:38.139169-06:00 c0-0c2s1n1 EFI: mem124: type=4, attr=0xf, range=[0x000000000b5bc000-0x000000000b5c6000) (0MB)
2015-02-13T13:19:38.139400-06:00 c0-0c2s1n1 EFI: mem125: type=7, attr=0xf, range=[0x000000000b5c6000-0x000000000b5cc000) (0MB)
2015-02-13T13:19:38.164291-06:00 c0-0c2s1n1 EFI: mem126: type=4, attr=0xf, range=[0x000000000b5cc000-0x000000000b7e0000) (2MB)
2015-02-13T13:19:38.164552-06:00 c0-0c2s1n1 EFI: mem127: type=7, attr=0xf, range=[0x000000000b7e0000-0x000000000b7ee000) (0MB)
2015-02-13T13:19:38.189604-06:00 c0-0c2s1n1 EFI: mem128: type=1, attr=0xf, range=[0x000000000b7ee000-0x000000000b7ff000) (0MB)
2015-02-13T13:19:38.189847-06:00 c0-0c2s1n1 EFI: mem129: type=7, attr=0xf, range=[0x000000000b7ff000-0x000000007e67c000) (1838MB)
2015-02-13T13:19:38.214907-06:00 c0-0c2s1n1 EFI: mem130: type=10, attr=0xf, range=[0x000000007e67c000-0x000000007e790000) (1MB)
2015-02-13T13:19:38.239992-06:00 c0-0c2s1n1 EFI: mem131: type=0, attr=0xf, range=[0x000000007e790000-0x000000007e792000) (0MB)
2015-02-13T13:19:38.240248-06:00 c0-0c2s1n1 EFI: mem132: type=6, attr=0x800000000000000f, range=[0x000000007e792000-0x000000007f395000) (12MB)
2015-02-13T13:19:38.265321-06:00 c0-0c2s1n1 EFI: mem133: type=9, attr=0xf, range=[0x000000007f395000-0x000000007f410000) (0MB)
2015-02-13T13:19:38.265593-06:00 c0-0c2s1n1 EFI: mem134: type=5, attr=0x800000000000000f, range=[0x000000007f410000-0x000000007f41a000) (0MB)
2015-02-13T13:19:38.290599-06:00 c0-0c2s1n1 EFI: mem135: type=0, attr=0xf, range=[0x000000007f41a000-0x000000007f41c000) (0MB)
2015-02-13T13:19:38.290798-06:00 c0-0c2s1n1 EFI: mem136: type=6, attr=0x800000000000000f, range=[0x000000007f41c000-0x000000007f42d000) (0MB)
2015-02-13T13:19:38.315917-06:00 c0-0c2s1n1 EFI: mem137: type=0, attr=0xf, range=[0x000000007f42d000-0x000000007f43d000) (0MB)
2015-02-13T13:19:38.341084-06:00 c0-0c2s1n1 EFI: mem138: type=6, attr=0x800000000000000f, range=[0x000000007f43d000-0x000000007f45e000) (0MB)
2015-02-13T13:19:38.341329-06:00 c0-0c2s1n1 EFI: mem139: type=5, attr=0x800000000000000f, range=[0x000000007f45e000-0x000000007f462000) (0MB)
2015-02-13T13:19:38.366352-06:00 c0-0c2s1n1 EFI: mem140: type=0, attr=0xf, range=[0x000000007f462000-0x000000007f46b000) (0MB)
2015-02-13T13:19:38.366549-06:00 c0-0c2s1n1 EFI: mem141: type=5, attr=0x800000000000000f, range=[0x000000007f46b000-0x000000007f46d000) (0MB)
2015-02-13T13:19:38.391592-06:00 c0-0c2s1n1 EFI: mem142: type=0, attr=0xf, range=[0x000000007f46d000-0x000000007f471000) (0MB)
2015-02-13T13:19:38.391839-06:00 c0-0c2s1n1 EFI: mem143: type=5, attr=0x800000000000000f, range=[0x000000007f471000-0x000000007f472000) (0MB)
2015-02-13T13:19:38.416953-06:00 c0-0c2s1n1 EFI: mem144: type=6, attr=0x800000000000000f, range=[0x000000007f472000-0x000000007f473000) (0MB)
2015-02-13T13:19:38.442022-06:00 c0-0c2s1n1 EFI: mem145: type=5, attr=0x800000000000000f, range=[0x000000007f473000-0x000000007f476000) (0MB)
2015-02-13T13:19:38.442333-06:00 c0-0c2s1n1 EFI: mem146: type=0, attr=0xf, range=[0x000000007f476000-0x000000007f486000) (0MB)
2015-02-13T13:19:38.467255-06:00 c0-0c2s1n1 EFI: mem147: type=5, attr=0x800000000000000f, range=[0x000000007f486000-0x000000007f491000) (0MB)
2015-02-13T13:19:38.467517-06:00 c0-0c2s1n1 EFI: mem148: type=7, attr=0xf, range=[0x000000007f491000-0x000000007f493000) (0MB)
2015-02-13T13:19:38.492512-06:00 c0-0c2s1n1 EFI: mem149: type=10, attr=0xf, range=[0x000000007f493000-0x000000007f494000) (0MB)
2015-02-13T13:19:38.517609-06:00 c0-0c2s1n1 EFI: mem150: type=6, attr=0x800000000000000f, range=[0x000000007f494000-0x000000007f49b000) (0MB)
2015-02-13T13:19:38.517918-06:00 c0-0c2s1n1 EFI: mem151: type=5, attr=0x800000000000000f, range=[0x000000007f49b000-0x000000007f49e000) (0MB)
2015-02-13T13:19:38.542860-06:00 c0-0c2s1n1 EFI: mem152: type=10, attr=0xf, range=[0x000000007f49e000-0x000000007f4a6000) (0MB)
2015-02-13T13:19:38.543186-06:00 c0-0c2s1n1 EFI: mem153: type=6, attr=0x800000000000000f, range=[0x000000007f4a6000-0x000000007f4a7000) (0MB)
2015-02-13T13:19:38.568382-06:00 c0-0c2s1n1 EFI: mem154: type=5, attr=0x800000000000000f, range=[0x000000007f4a7000-0x000000007f4ab000) (0MB)
2015-02-13T13:19:38.593439-06:00 c0-0c2s1n1 EFI: mem155: type=6, attr=0x800000000000000f, range=[0x000000007f4ab000-0x000000007f4bd000) (0MB)
2015-02-13T13:19:38.593654-06:00 c0-0c2s1n1 EFI: mem156: type=5, attr=0x800000000000000f, range=[0x000000007f4bd000-0x000000007f4cf000) (0MB)
2015-02-13T13:19:38.618714-06:00 c0-0c2s1n1 EFI: mem157: type=6, attr=0x800000000000000f, range=[0x000000007f4cf000-0x000000007f4d2000) (0MB)
2015-02-13T13:19:38.618973-06:00 c0-0c2s1n1 EFI: mem158: type=10, attr=0xf, range=[0x000000007f4d2000-0x000000007f558000) (0MB)
2015-02-13T13:19:38.643924-06:00 c0-0c2s1n1 EFI: mem159: type=3, attr=0xf, range=[0x000000007f558000-0x000000007f7e0000) (2MB)
2015-02-13T13:19:38.644231-06:00 c0-0c2s1n1 EFI: mem160: type=4, attr=0xf, range=[0x000000007f7e0000-0x000000007f7ef000) (0MB)
2015-02-13T13:19:38.669113-06:00 c0-0c2s1n1 EFI: mem161: type=3, attr=0xf, range=[0x000000007f7ef000-0x000000007f800000) (0MB)
2015-02-13T13:19:38.669411-06:00 c0-0c2s1n1 EFI: mem162: type=7, attr=0xf, range=[0x0000000100000000-0x0000001080000000) (63488MB)
2015-02-13T13:19:38.694515-06:00 c0-0c2s1n1 EFI: mem163: type=11, attr=0x8000000000000001, range=[0x0000000080000000-0x0000000090000000) (256MB)
2015-02-13T13:19:38.694800-06:00 c0-0c2s1n1 EFI: mem164: type=11, attr=0x8000000000000001, range=[0x00000000fed1c000-0x00000000fed20000) (0MB)
2015-02-13T13:19:38.719837-06:00 c0-0c2s1n1 EFI: mem165: type=11, attr=0x8000000000000001, range=[0x00000000ff000000-0x0000000100000000) (16MB)
2015-02-13T13:19:38.719930-06:00 c0-0c2s1n1 DMI 2.7 present.
2015-02-13T13:19:38.720179-06:00 c0-0c2s1n1 last_pfn = 0x1080000 max_arch_pfn = 0x400000000
2015-02-13T13:19:38.745253-06:00 c0-0c2s1n1 x86 PAT enabled: cpu 0, old 0x7040600070406, new 0x7010600070106
2015-02-13T13:19:38.745520-06:00 c0-0c2s1n1 last_pfn = 0x7f800 max_arch_pfn = 0x400000000
2015-02-13T13:19:38.770082-06:00 c0-0c2s1n1 found SMP MP-table at [ffff8800000fd830] fd830
2015-02-13T13:19:38.770252-06:00 c0-0c2s1n1 Using GB pages for direct mapping
2015-02-13T13:19:38.770452-06:00 c0-0c2s1n1 init_memory_mapping: 0000000000000000-000000007f800000
2015-02-13T13:19:38.795304-06:00 c0-0c2s1n1 init_memory_mapping: 0000000100000000-0000001080000000
2015-02-13T13:19:38.795426-06:00 c0-0c2s1n1 nmi ring buffer: 262144
2015-02-13T13:19:38.795572-06:00 c0-0c2s1n1 RAMDISK: 0fa00000 - 10610000
2015-02-13T13:19:38.795696-06:00 c0-0c2s1n1 ACPI: RSDP 000000007f395000 00024 (v02 ALASKA)
2015-02-13T13:19:38.820592-06:00 c0-0c2s1n1 ACPI: XSDT 000000007f395088 0008C (v01 ALASKA    A M I 01072009 AMI  00010013)
2015-02-13T13:19:38.820911-06:00 c0-0c2s1n1 ACPI: FACP 000000007f39ee50 000F4 (v04 ALASKA    A M I 01072009 AMI  00010013)
2015-02-13T13:19:38.845894-06:00 c0-0c2s1n1 ACPI: DSDT 000000007f3951a0 09CAD (v02 ALASKA    A M I 00000016 INTL 20051117)
2015-02-13T13:19:38.846014-06:00 c0-0c2s1n1 ACPI: FACS 000000007f4a3f80 00040
2015-02-13T13:19:38.871068-06:00 c0-0c2s1n1 ACPI: APIC 000000007f39ef48 00138 (v03 ALASKA    A M I 01072009 AMI  00010013)
2015-02-13T13:19:38.871257-06:00 c0-0c2s1n1 ACPI: FPDT 000000007f39f080 00044 (v01 ALASKA    A M I 01072009 AMI  00010013)
2015-02-13T13:19:38.871469-06:00 c0-0c2s1n1 ACPI: MCFG 000000007f39f0c8 0003C (v01 ALASKA OEMMCFG. 01072009 MSFT 00000097)
2015-02-13T13:19:38.896359-06:00 c0-0c2s1n1 ACPI: HPET 000000007f39f108 00038 (v01 ALASKA    A M I 01072009 AMI. 00000004)
2015-02-13T13:19:38.896583-06:00 c0-0c2s1n1 ACPI: PRAD 000000007f39f140 000BE (v02 PRADID  PRADTID 00000001 MSFT 03000001)
2015-02-13T13:19:38.921731-06:00 c0-0c2s1n1 ACPI: SSDT 000000007f39f200 70104 (v02  INTEL    CpuPm 00004000 INTL 20051117)
2015-02-13T13:19:38.922011-06:00 c0-0c2s1n1 ACPI: SPCR 000000007f40f308 00050 (v01  A M I   APTIO4 01072009 AMI. 00000004)
2015-02-13T13:19:38.946952-06:00 c0-0c2s1n1 ACPI: EINJ 000000007f40f358 00130 (v01    AMI AMI EINJ 00000000      00000000)
2015-02-13T13:19:38.947241-06:00 c0-0c2s1n1 ACPI: ERST 000000007f40f488 00230 (v01  AMIER AMI ERST 00000000      00000000)
2015-02-13T13:19:38.972209-06:00 c0-0c2s1n1 ACPI: HEST 000000007f40f6b8 000A8 (v01    AMI AMI HEST 00000000      00000000)
2015-02-13T13:19:38.972402-06:00 c0-0c2s1n1 ACPI: BERT 000000007f40f760 00030 (v01    AMI AMI BERT 00000000      00000000)
2015-02-13T13:19:39.022371-06:00 c0-0c2s1n1 ACPI: DMAR 000000007f40f790 000BC (v01 A M I   OEMDMAR 00000001 INTL 00000001)
2015-02-13T13:19:39.022387-06:00 c0-0c2s1n1 No NUMA configuration found
2015-02-13T13:19:39.022450-06:00 c0-0c2s1n1 Faking a node at 0000000000000000-0000001080000000
2015-02-13T13:19:39.022511-06:00 c0-0c2s1n1 Initmem setup node 0 0000000000000000-0000001080000000
2015-02-13T13:19:39.022544-06:00 c0-0c2s1n1  NODE_DATA [000000107ffbb000 - 000000107ffbffff]
2015-02-13T13:19:39.243784-06:00 c0-0c2s1n1 Zone PFN ranges:
2015-02-13T13:19:39.243944-06:00 c0-0c2s1n1  DMA      0x00000010 -> 0x00001000
2015-02-13T13:19:39.244053-06:00 c0-0c2s1n1  DMA32    0x00001000 -> 0x00100000
2015-02-13T13:19:39.244132-06:00 c0-0c2s1n1  Normal   0x00100000 -> 0x01080000
2015-02-13T13:19:39.268900-06:00 c0-0c2s1n1 Movable zone start PFN for each node
2015-02-13T13:19:39.294122-06:00 c0-0c2s1n1 early_node_map[5] active PFN ranges
2015-02-13T13:19:39.294173-06:00 c0-0c2s1n1    0: 0x00000010 -> 0x000000a0
2015-02-13T13:19:39.294209-06:00 c0-0c2s1n1    0: 0x00000100 -> 0x0007e67c
2015-02-13T13:19:39.294231-06:00 c0-0c2s1n1    0: 0x0007f491 -> 0x0007f493
2015-02-13T13:19:39.294260-06:00 c0-0c2s1n1    0: 0x0007f558 -> 0x0007f800
2015-02-13T13:19:39.319353-06:00 c0-0c2s1n1    0: 0x00100000 -> 0x01080000
2015-02-13T13:19:40.020356-06:00 c0-0c2s1n1 ACPI: LAPIC (acpi_id[0x00] lapic_id[0x00] enabled)
2015-02-13T13:19:40.020364-06:00 c0-0c2s1n1 ACPI: LAPIC (acpi_id[0x02] lapic_id[0x02] enabled)
2015-02-13T13:19:40.020370-06:00 c0-0c2s1n1 ACPI: LAPIC (acpi_id[0x04] lapic_id[0x04] enabled)
2015-02-13T13:19:40.020382-06:00 c0-0c2s1n1 ACPI: LAPIC (acpi_id[0x06] lapic_id[0x06] enabled)
2015-02-13T13:19:40.020409-06:00 c0-0c2s1n1 ACPI: LAPIC (acpi_id[0x08] lapic_id[0x08] enabled)
2015-02-13T13:19:40.020414-06:00 c0-0c2s1n1 ACPI: LAPIC (acpi_id[0x0a] lapic_id[0x0a] enabled)
2015-02-13T13:19:40.020419-06:00 c0-0c2s1n1 ACPI: LAPIC (acpi_id[0x0c] lapic_id[0x0c] enabled)
2015-02-13T13:19:40.020431-06:00 c0-0c2s1n1 ACPI: LAPIC (acpi_id[0x0e] lapic_id[0x0e] enabled)
2015-02-13T13:19:40.020436-06:00 c0-0c2s1n1 ACPI: LAPIC (acpi_id[0x01] lapic_id[0x01] enabled)
2015-02-13T13:19:40.020448-06:00 c0-0c2s1n1 ACPI: LAPIC (acpi_id[0x03] lapic_id[0x03] enabled)
2015-02-13T13:19:40.020475-06:00 c0-0c2s1n1 ACPI: LAPIC (acpi_id[0x05] lapic_id[0x05] enabled)
2015-02-13T13:19:40.020664-06:00 c0-0c2s1n1 ACPI: LAPIC (acpi_id[0x07] lapic_id[0x07] enabled)
2015-02-13T13:19:40.060335-06:00 c0-0c2s1n1 ACPI: LAPIC (acpi_id[0x09] lapic_id[0x09] enabled)
2015-02-13T13:19:40.060482-06:00 c0-0c2s1n1 ACPI: LAPIC (acpi_id[0x0b] lapic_id[0x0b] enabled)
2015-02-13T13:19:40.060606-06:00 c0-0c2s1n1 ACPI: LAPIC (acpi_id[0x0d] lapic_id[0x0d] enabled)
2015-02-13T13:19:40.060743-06:00 c0-0c2s1n1 ACPI: LAPIC (acpi_id[0x0f] lapic_id[0x0f] enabled)
2015-02-13T13:19:40.060849-06:00 c0-0c2s1n1 ACPI: LAPIC_NMI (acpi_id[0x00] high edge lint[0x1])
2015-02-13T13:19:40.060893-06:00 c0-0c2s1n1 ACPI: LAPIC_NMI (acpi_id[0x02] high edge lint[0x1])
2015-02-13T13:19:40.060984-06:00 c0-0c2s1n1 ACPI: LAPIC_NMI (acpi_id[0x04] high edge lint[0x1])
2015-02-13T13:19:40.061073-06:00 c0-0c2s1n1 ACPI: LAPIC_NMI (acpi_id[0x06] high edge lint[0x1])
2015-02-13T13:19:40.079029-06:00 c0-0c2s1n1 ACPI: LAPIC_NMI (acpi_id[0x08] high edge lint[0x1])
2015-02-13T13:19:40.079754-06:00 c0-0c2s1n1 ACPI: LAPIC_NMI (acpi_id[0x0a] high edge lint[0x1])
2015-02-13T13:19:40.079869-06:00 c0-0c2s1n1 ACPI: LAPIC_NMI (acpi_id[0x0c] high edge lint[0x1])
2015-02-13T13:19:40.104297-06:00 c0-0c2s1n1 ACPI: LAPIC_NMI (acpi_id[0x0e] high edge lint[0x1])
2015-02-13T13:19:40.104395-06:00 c0-0c2s1n1 ACPI: LAPIC_NMI (acpi_id[0x01] high edge lint[0x1])
2015-02-13T13:19:40.104505-06:00 c0-0c2s1n1 ACPI: LAPIC_NMI (acpi_id[0x03] high edge lint[0x1])
2015-02-13T13:19:40.129539-06:00 c0-0c2s1n1 ACPI: LAPIC_NMI (acpi_id[0x05] high edge lint[0x1])
2015-02-13T13:19:40.129625-06:00 c0-0c2s1n1 ACPI: LAPIC_NMI (acpi_id[0x07] high edge lint[0x1])
2015-02-13T13:19:40.129754-06:00 c0-0c2s1n1 ACPI: LAPIC_NMI (acpi_id[0x09] high edge lint[0x1])
2015-02-13T13:19:40.129824-06:00 c0-0c2s1n1 ACPI: LAPIC_NMI (acpi_id[0x0b] high edge lint[0x1])
2015-02-13T13:19:40.154785-06:00 c0-0c2s1n1 ACPI: LAPIC_NMI (acpi_id[0x0d] high edge lint[0x1])
2015-02-13T13:19:40.154947-06:00 c0-0c2s1n1 ACPI: LAPIC_NMI (acpi_id[0x0f] high edge lint[0x1])
2015-02-13T13:19:40.154994-06:00 c0-0c2s1n1 ACPI: IOAPIC (id[0x00] address[0xfec00000] gsi_base[0])
2015-02-13T13:19:40.180101-06:00 c0-0c2s1n1 IOAPIC[0]: apic_id 0, version 32, address 0xfec00000, GSI 0-23
2015-02-13T13:19:40.181000-06:00 c0-0c2s1n1 ACPI: IOAPIC (id[0x02] address[0xfec01000] gsi_base[24])
2015-02-13T13:19:40.205185-06:00 c0-0c2s1n1 IOAPIC[1]: apic_id 2, version 32, address 0xfec01000, GSI 24-47
2015-02-13T13:19:40.205361-06:00 c0-0c2s1n1 ACPI: INT_SRC_OVR (bus 0 bus_irq 0 global_irq 2 dfl dfl)
2015-02-13T13:19:40.205499-06:00 c0-0c2s1n1 ACPI: INT_SRC_OVR (bus 0 bus_irq 9 global_irq 9 high level)
2015-02-13T13:19:40.230532-06:00 c0-0c2s1n1 Using ACPI (MADT) for SMP configuration information
2015-02-13T13:19:40.230623-06:00 c0-0c2s1n1 ACPI: HPET id: 0x8086a701 base: 0xfed00000
2015-02-13T13:19:40.230682-06:00 c0-0c2s1n1 SMP: Allowing 16 CPUs, 0 hotplug CPUs
2015-02-13T13:19:40.255716-06:00 c0-0c2s1n1 Allocating PCI resources starting at 90000000 (gap: 90000000:6ed1c000)
2015-02-13T13:19:40.255855-06:00 c0-0c2s1n1 setup_percpu: NR_CPUS:128 nr_cpumask_bits:128 nr_cpu_ids:16 nr_node_ids:1
2015-02-13T13:19:40.281177-06:00 c0-0c2s1n1 PERCPU: Embedded 25 PATH1224 @ffff88107fa00000 s72704 r8192 d21504 u131072
2015-02-13T13:19:40.281219-06:00 c0-0c2s1n1 Built 1 zonelists in Zone order, mobility grouping on.  Total pages: 16534701
2015-02-13T13:19:40.281240-06:00 c0-0c2s1n1 Policy zone: Normal
2015-02-13T13:19:40.389106-06:00 c0-0c2s1n1 Kernel command line: earlyprintk=serial,115200 load_ramdisk=1 ramdisk_size=80000 console=ttyS0,115200n8 bootnodeip=IPADDR13 bootproto=ipog bootpath=PATH1220 rootfs=nfs-shared root=PATH1221 oops=panic bootifnetmask=IPADDR15 elevator=noop ippob1=10 ippob2=128 pcie_ports=native iommu=on intel_iommu=off bad_page=panic pln_enable=off apei_disable hest_disable erst_disable ghes_disable cgroup_disable=memory active_wlm=ALPS sdbnodeip=IPADDR16 sessionid=p0-20150213t131030 _cray=marker_ 
2015-02-13T13:19:40.389120-06:00 c0-0c2s1n1 Intel-IOMMU: disabled
2015-02-13T13:19:40.389145-06:00 c0-0c2s1n1 Disabling memory control group subsystem
2015-02-13T13:19:40.389159-06:00 c0-0c2s1n1 PID hash table entries: 4096 (order: 3, 32768 bytes)
2015-02-13T13:19:40.407048-06:00 c0-0c2s1n1 PATH1225: enabled xstate_bv 0x7, cntxt size 0x340
2015-02-13T13:19:40.796726-06:00 c0-0c2s1n1 Memory: PATH319779 available (5522k kernel code, 2121000k absent, 1019856k reserved, 5307k data, 692k init)
2015-02-13T13:19:40.796803-06:00 c0-0c2s1n1 Hierarchical RCU implementation.
2015-02-13T13:19:40.821735-06:00 c0-0c2s1n1 NR_IRQS:4352
2015-02-13T13:19:40.872269-06:00 c0-0c2s1n1 Extended CMOS year: 2000
2015-02-13T13:19:40.872392-06:00 c0-0c2s1n1 Console: colour dummy device 80x25
2015-02-13T13:19:40.872485-06:00 c0-0c2s1n1 console [ttyS0] enabled, bootconsole disabled
2015-02-13T13:19:40.897418-06:00 c0-0c2s1n1 console [ttyS0] enabled, bootconsole disabled
2015-02-13T13:19:40.922743-06:00 c0-0c2s1n1 Fast TSC calibration using PIT
2015-02-13T13:19:40.922786-06:00 c0-0c2s1n1 Detected 2599.959 MHz processor.
2015-02-13T13:19:40.922906-06:00 c0-0c2s1n1 Calibrating delay loop (skipped), value calculated using timer frequency.. 5199.91 BogoMIPS (lpj=10399836)
2015-02-13T13:19:40.947912-06:00 c0-0c2s1n1 pid_max: default: 32768 minimum: 301
2015-02-13T13:19:40.998398-06:00 c0-0c2s1n1 Dentry cache hash table entries: 8388608 (order: 14, 67108864 bytes)
2015-02-13T13:19:41.024084-06:00 c0-0c2s1n1 Inode-cache hash table entries: 4194304 (order: 13, 33554432 bytes)
2015-02-13T13:19:41.049043-06:00 c0-0c2s1n1 Mount-cache hash table entries: 256
2015-02-13T13:19:41.049143-06:00 c0-0c2s1n1 Initializing cgroup subsys cpuacct
2015-02-13T13:19:41.049227-06:00 c0-0c2s1n1 Initializing cgroup subsys memory
2015-02-13T13:19:41.049332-06:00 c0-0c2s1n1 Initializing cgroup subsys devices
2015-02-13T13:19:41.074116-06:00 c0-0c2s1n1 Initializing cgroup subsys perf_event
2015-02-13T13:19:41.074161-06:00 c0-0c2s1n1 CPU: Physical Processor ID: 0
2015-02-13T13:19:41.074203-06:00 c0-0c2s1n1 CPU: Processor Core ID: 0
2015-02-13T13:19:41.074219-06:00 c0-0c2s1n1 mce: CPU supports 20 MCE banks
2015-02-13T13:19:41.074257-06:00 c0-0c2s1n1 CPU0: Thermal monitoring enabled (TM1)
2015-02-13T13:19:41.099365-06:00 c0-0c2s1n1 using mwait in idle threads.
2015-02-13T13:19:41.099403-06:00 c0-0c2s1n1 ACPI: Core revision 20110413
2015-02-13T13:19:41.125200-06:00 c0-0c2s1n1 ftrace: allocating 20236 entries in 80 pages
2015-02-13T13:19:41.150268-06:00 c0-0c2s1n1 DMAR: Host address width 46
2015-02-13T13:19:41.175200-06:00 c0-0c2s1n1 DMAR: DRHD base: 0x000000fbffc000 flags: 0x1
2015-02-13T13:19:41.175394-06:00 c0-0c2s1n1 IOMMU 0: reg_base_addr fbffc000 ver 1:0 cap d2078c106f0462 ecap f020fe
2015-02-13T13:19:41.200386-06:00 c0-0c2s1n1 DMAR: RMRR base: 0x0000007f430000 end: 0x0000007f43cfff
2015-02-13T13:19:41.200456-06:00 c0-0c2s1n1 DMAR: ATSR flags: 0x0
2015-02-13T13:19:41.200497-06:00 c0-0c2s1n1 DMAR: RHSA base: 0x000000fbffc000 proximity domain: 0x0
2015-02-13T13:19:41.200549-06:00 c0-0c2s1n1 Switched APIC routing to physical flat.
2015-02-13T13:19:41.200585-06:00 c0-0c2s1n1 ..TIMER: vector=0x30 apic1=0 pin1=2 apic2=-1 pin2=-1
2015-02-13T13:19:41.276040-06:00 c0-0c2s1n1 CPU0: Intel(R) Xeon(R) CPU E5-2670 0 @ 2.60GHz stepping 07
2015-02-13T13:19:41.501547-06:00 c0-0c2s1n1 Performance Events: PEBS fmt1+, 16-deep LBR, SandyBridge events, full-width counters, Intel PMU driver.
2015-02-13T13:19:41.501610-06:00 c0-0c2s1n1 ... version:                3
2015-02-13T13:19:41.526702-06:00 c0-0c2s1n1 ... bit width:              48
2015-02-13T13:19:41.526784-06:00 c0-0c2s1n1 ... generic registers:      4
2015-02-13T13:19:41.526791-06:00 c0-0c2s1n1 ... value mask:             0000ffffffffffff
2015-02-13T13:19:41.551909-06:00 c0-0c2s1n1 ... max period:             0000ffffffffffff
2015-02-13T13:19:41.551936-06:00 c0-0c2s1n1 ... fixed-purpose events:   3
2015-02-13T13:19:41.551948-06:00 c0-0c2s1n1 ... event mask:             000000070000000f
2015-02-13T13:19:42.009071-06:00 c0-0c2s1n1 Booting Node   0, Processors  #1 #2 #3 #4 #5 #6 #7 #8 #9 #10 #11 #12 #13 #14 #15 Ok.
2015-02-13T13:19:42.034244-06:00 c0-0c2s1n1 Brought up 16 CPUs
2015-02-13T13:19:42.059426-06:00 c0-0c2s1n1 Total of 16 processors activated (83198.68 BogoMIPS).
2015-02-13T13:19:42.084849-06:00 c0-0c2s1n1 NET: Registered protocol family 16
2015-02-13T13:19:42.085065-06:00 c0-0c2s1n1 ACPI FADT declares the system doesn't support PCIe ASPM, so disable it
2015-02-13T13:19:42.109909-06:00 c0-0c2s1n1 ACPI: bus type pci registered
2015-02-13T13:19:42.135098-06:00 c0-0c2s1n1 PCI: MMCONFIG for domain 0000 [bus 00-ff] at [mem 0x80000000-0x8fffffff] (base 0x80000000)
2015-02-13T13:19:42.135246-06:00 c0-0c2s1n1 PCI: MMCONFIG at [mem 0x80000000-0x8fffffff] reserved in E820
2015-02-13T13:19:42.160413-06:00 c0-0c2s1n1 PCI: Using configuration type 1 for base access
2015-02-13T13:19:42.160523-06:00 c0-0c2s1n1 bio: create slab <bio-0> at 0
2015-02-13T13:19:42.210816-06:00 c0-0c2s1n1 ACPI: Executed 1 blocks of module-level executable AML code
2015-02-13T13:19:42.418157-06:00 c0-0c2s1n1 ACPI: Interpreter enabled
2015-02-13T13:19:42.418335-06:00 c0-0c2s1n1 ACPI: (supports S0 S1 S3 S5)
2015-02-13T13:19:42.418478-06:00 c0-0c2s1n1 ACPI: Using IOAPIC for interrupt routing
2015-02-13T13:19:42.443678-06:00 c0-0c2s1n1 ACPI: No dock devices found.
2015-02-13T13:19:42.443705-06:00 c0-0c2s1n1 HEST: Table parsing disabled.
2015-02-13T13:19:42.468882-06:00 c0-0c2s1n1 PCI: Using host bridge windows from ACPI; if necessary, use "pci=nocrs" and report a bug
2015-02-13T13:19:42.494097-06:00 c0-0c2s1n1 ACPI: PCI Root Bridge [PCI0] (domain 0000 [bus 00-fe])
2015-02-13T13:19:42.494327-06:00 c0-0c2s1n1 pci_root PNP0A08:00: host bridge window [io  0x0000-0x03af]
2015-02-13T13:19:42.494561-06:00 c0-0c2s1n1 pci_root PNP0A08:00: host bridge window [io  0x03e0-0x0cf7]
2015-02-13T13:19:42.519370-06:00 c0-0c2s1n1 pci_root PNP0A08:00: host bridge window [io  0x0d00-0xffff]
2015-02-13T13:19:42.519739-06:00 c0-0c2s1n1 pci_root PNP0A08:00: host bridge window [mem 0x000c0000-0x000dffff]
2015-02-13T13:19:42.544720-06:00 c0-0c2s1n1 pci_root PNP0A08:00: host bridge window [mem 0x80000000-0xfbffffff]
2015-02-13T13:19:42.545009-06:00 c0-0c2s1n1 pci_root PNP0A08:00: host bridge window [mem 0x1080000000-0x3c3fffffffff]
2015-02-13T13:19:42.569872-06:00 c0-0c2s1n1 pci 0000:00:02.0: PCI bridge to [bus 01-01]
2015-02-13T13:19:42.570105-06:00 c0-0c2s1n1 pci 0000:00:03.0: PCI bridge to [bus 02-02]
2015-02-13T13:19:42.570293-06:00 c0-0c2s1n1 pci 0000:00:03.2: PCI bridge to [bus 03-03]
2015-02-13T13:19:42.595097-06:00 c0-0c2s1n1 pci 0000:00:11.0: PCI bridge to [bus 04-04]
2015-02-13T13:19:42.595277-06:00 c0-0c2s1n1 pci 0000:00:1e.0: PCI bridge to [bus 05-05] (subtractive decode)
2015-02-13T13:19:42.620371-06:00 c0-0c2s1n1 pci0000:00: Unable to request _OSC control (_OSC support mask: 0x19)
2015-02-13T13:19:42.645699-06:00 c0-0c2s1n1 ACPI: PCI Root Bridge [UNC0] (domain 0000 [bus ff])
2015-02-13T13:19:42.646036-06:00 c0-0c2s1n1 pci0000:ff: Unable to request _OSC control (_OSC support mask: 0x19)
2015-02-13T13:19:42.670886-06:00 c0-0c2s1n1 ACPI: PCI Interrupt Link [LNKA] (IRQs 3 4 5 6 7 10 *11 12 14 15)
2015-02-13T13:19:42.671171-06:00 c0-0c2s1n1 ACPI: PCI Interrupt Link [LNKB] (IRQs 3 4 5 6 7 *10 11 12 14 15)
2015-02-13T13:19:42.696195-06:00 c0-0c2s1n1 ACPI: PCI Interrupt Link [LNKC] (IRQs 3 4 *5 6 10 11 12 14 15)
2015-02-13T13:19:42.696503-06:00 c0-0c2s1n1 ACPI: PCI Interrupt Link [LNKD] (IRQs *3 4 5 6 10 11 12 14 15)
2015-02-13T13:19:42.721460-06:00 c0-0c2s1n1 ACPI: PCI Interrupt Link [LNKE] (IRQs 3 4 5 6 7 10 11 12 14 15) *0
2015-02-13T13:19:42.721850-06:00 c0-0c2s1n1 ACPI: PCI Interrupt Link [LNKF] (IRQs 3 4 5 6 7 10 11 12 14 15) *0
2015-02-13T13:19:42.722110-06:00 c0-0c2s1n1 ACPI: PCI Interrupt Link [LNKG] (IRQs 3 4 5 6 7 10 11 12 14 15) *0
2015-02-13T13:19:42.746783-06:00 c0-0c2s1n1 ACPI: PCI Interrupt Link [LNKH] (IRQs 3 4 5 6 *7 10 11 12 14 15)
2015-02-13T13:19:42.746833-06:00 c0-0c2s1n1 vgaarb: loaded
2015-02-13T13:19:42.747019-06:00 c0-0c2s1n1 SCSI subsystem initialized
2015-02-13T13:19:42.771797-06:00 c0-0c2s1n1 PCI: Using ACPI for IRQ routing
2015-02-13T13:19:42.772209-06:00 c0-0c2s1n1 Switching to clocksource hpet
2015-02-13T13:19:42.797104-06:00 c0-0c2s1n1 pnp: PnP ACPI init
2015-02-13T13:19:42.797311-06:00 c0-0c2s1n1 ACPI: bus type pnp registered
2015-02-13T13:19:42.797559-06:00 c0-0c2s1n1 system 00:01: [mem 0xfc000000-0xfcffffff] has been reserved
2015-02-13T13:19:42.822367-06:00 c0-0c2s1n1 system 00:01: [mem 0xfd000000-0xfdffffff] has been reserved
2015-02-13T13:19:42.822607-06:00 c0-0c2s1n1 system 00:01: [mem 0xfe000000-0xfeafffff] has been reserved
2015-02-13T13:19:42.822891-06:00 c0-0c2s1n1 system 00:01: [mem 0xfeb00000-0xfebfffff] has been reserved
2015-02-13T13:19:42.847727-06:00 c0-0c2s1n1 system 00:01: [mem 0xfed00400-0xfed3ffff] could not be reserved
2015-02-13T13:19:42.847956-06:00 c0-0c2s1n1 system 00:01: [mem 0xfed45000-0xfedfffff] has been reserved
2015-02-13T13:19:42.872893-06:00 c0-0c2s1n1 system 00:02: [mem 0xfbffc000-0xfbffdfff] has been reserved
2015-02-13T13:19:42.873187-06:00 c0-0c2s1n1 system 00:06: [io  0x04d0-0x04d1] has been reserved
2015-02-13T13:19:42.873428-06:00 c0-0c2s1n1 system 00:08: [io  0x0400-0x0453] has been reserved
2015-02-13T13:19:42.898113-06:00 c0-0c2s1n1 system 00:08: [io  0x0458-0x047f] has been reserved
2015-02-13T13:19:42.898369-06:00 c0-0c2s1n1 system 00:08: [io  0x1180-0x119f] has been reserved
2015-02-13T13:19:42.898614-06:00 c0-0c2s1n1 system 00:08: [io  0x0500-0x057f] has been reserved
2015-02-13T13:19:42.923511-06:00 c0-0c2s1n1 system 00:08: [mem 0xfed1c000-0xfed1ffff] has been reserved
2015-02-13T13:19:42.923794-06:00 c0-0c2s1n1 system 00:08: [mem 0xfec00000-0xfecfffff] could not be reserved
2015-02-13T13:19:42.948554-06:00 c0-0c2s1n1 system 00:08: [mem 0xfed08000-0xfed08fff] has been reserved
2015-02-13T13:19:42.948863-06:00 c0-0c2s1n1 system 00:08: [mem 0xff000000-0xffffffff] has been reserved
2015-02-13T13:19:42.949133-06:00 c0-0c2s1n1 system 00:09: [io  0x0454-0x0457] has been reserved
2015-02-13T13:19:42.949253-06:00 c0-0c2s1n1 pnp: PnP ACPI: found 12 devices
2015-02-13T13:19:42.973926-06:00 c0-0c2s1n1 ACPI: ACPI bus type pnp unregistered
2015-02-13T13:19:42.974206-06:00 c0-0c2s1n1 pci 0000:00:02.0: PCI bridge to [bus 01-01]
2015-02-13T13:19:42.999077-06:00 c0-0c2s1n1 pci 0000:00:02.0:   bridge window [io  disabled]
2015-02-13T13:19:42.999283-06:00 c0-0c2s1n1 pci 0000:00:02.0:   bridge window [mem disabled]
2015-02-13T13:19:42.999613-06:00 c0-0c2s1n1 pci 0000:00:02.0:   bridge window [mem 0x3c0000000000-0x3c20000fffff 64bit pref]
2015-02-13T13:19:43.024440-06:00 c0-0c2s1n1 pci 0000:00:03.0: PCI bridge to [bus 02-02]
2015-02-13T13:19:43.024713-06:00 c0-0c2s1n1 pci 0000:00:03.0:   bridge window [io  disabled]
2015-02-13T13:19:43.024922-06:00 c0-0c2s1n1 pci 0000:00:03.0:   bridge window [mem 0xfbc00000-0xfbdfffff]
2015-02-13T13:19:43.049789-06:00 c0-0c2s1n1 pci 0000:00:03.0:   bridge window [mem 0x3c2001000000-0x3c20017fffff 64bit pref]
2015-02-13T13:19:43.049961-06:00 c0-0c2s1n1 pci 0000:00:03.2: PCI bridge to [bus 03-03]
2015-02-13T13:19:43.074931-06:00 c0-0c2s1n1 pci 0000:00:03.2:   bridge window [io  disabled]
2015-02-13T13:19:43.075193-06:00 c0-0c2s1n1 pci 0000:00:03.2:   bridge window [mem 0xfba00000-0xfbbfffff]
2015-02-13T13:19:43.100175-06:00 c0-0c2s1n1 pci 0000:00:03.2:   bridge window [mem 0x3c2000800000-0x3c2000ffffff 64bit pref]
2015-02-13T13:19:43.100394-06:00 c0-0c2s1n1 pci 0000:00:11.0: PCI bridge to [bus 04-04]
2015-02-13T13:19:43.100595-06:00 c0-0c2s1n1 pci 0000:00:11.0:   bridge window [io  0xe000-0xefff]
2015-02-13T13:19:43.125335-06:00 c0-0c2s1n1 pci 0000:00:11.0:   bridge window [mem 0xfbe00000-0xfbefffff]
2015-02-13T13:19:43.125680-06:00 c0-0c2s1n1 pci 0000:00:11.0:   bridge window [mem 0x3c2001800000-0x3c2001cfffff 64bit pref]
2015-02-13T13:19:43.150428-06:00 c0-0c2s1n1 pci 0000:00:1e.0: PCI bridge to [bus 05-05]
2015-02-13T13:19:43.150673-06:00 c0-0c2s1n1 pci 0000:00:1e.0:   bridge window [io  disabled]
2015-02-13T13:19:43.150840-06:00 c0-0c2s1n1 pci 0000:00:1e.0:   bridge window [mem disabled]
2015-02-13T13:19:43.175812-06:00 c0-0c2s1n1 pci 0000:00:1e.0:   bridge window [mem pref disabled]
2015-02-13T13:19:43.176058-06:00 c0-0c2s1n1 pci 0000:00:02.0: PCI INT A -> GSI 32 (level, low) -> IRQ 32
2015-02-13T13:19:43.200925-06:00 c0-0c2s1n1 pci 0000:00:03.0: PCI INT A -> GSI 40 (level, low) -> IRQ 40
2015-02-13T13:19:43.201214-06:00 c0-0c2s1n1 pci 0000:00:03.2: PCI INT A -> GSI 40 (level, low) -> IRQ 40
2015-02-13T13:19:43.201388-06:00 c0-0c2s1n1 pci 0000:00:11.0: PCI INT A -> GSI 16 (level, low) -> IRQ 16
2015-02-13T13:19:43.201524-06:00 c0-0c2s1n1 NET: Registered protocol family 2
2015-02-13T13:19:43.226411-06:00 c0-0c2s1n1 IP route cache hash table entries: 524288 (order: 10, 4194304 bytes)
2015-02-13T13:19:43.226760-06:00 c0-0c2s1n1 TCP established hash table entries: 524288 (order: 11, 8388608 bytes)
2015-02-13T13:19:43.251748-06:00 c0-0c2s1n1 TCP bind hash table entries: 65536 (order: 8, 1048576 bytes)
2015-02-13T13:19:43.276730-06:00 c0-0c2s1n1 TCP: Hash tables configured (established 524288 bind 65536)
2015-02-13T13:19:43.276815-06:00 c0-0c2s1n1 TCP reno registered
2015-02-13T13:19:43.277116-06:00 c0-0c2s1n1 UDP hash table entries: 32768 (order: 8, 1048576 bytes)
2015-02-13T13:19:43.277371-06:00 c0-0c2s1n1 UDP-Lite hash table entries: 32768 (order: 8, 1048576 bytes)
2015-02-13T13:19:43.301974-06:00 c0-0c2s1n1 NET: Registered protocol family 1
2015-02-13T13:19:43.302228-06:00 c0-0c2s1n1 RPC: Registered named UNIX socket transport module.
2015-02-13T13:19:43.302395-06:00 c0-0c2s1n1 RPC: Registered udp transport module.
2015-02-13T13:19:43.302431-06:00 c0-0c2s1n1 RPC: Registered tcp transport module.
2015-02-13T13:19:43.327253-06:00 c0-0c2s1n1 RPC: Registered tcp NFSv4.1 backchannel transport module.
2015-02-13T13:19:43.327460-06:00 c0-0c2s1n1 pci 0000:00:1a.0: PCI INT A -> GSI 16 (level, low) -> IRQ 16
2015-02-13T13:19:43.377588-06:00 c0-0c2s1n1 pci 0000:00:1a.0: PCI INT A disabled
2015-02-13T13:19:43.377811-06:00 c0-0c2s1n1 pci 0000:00:1d.0: PCI INT A -> GSI 23 (level, low) -> IRQ 23
2015-02-13T13:19:43.403007-06:00 c0-0c2s1n1 pci 0000:00:1d.0: PCI INT A disabled
2015-02-13T13:19:43.403087-06:00 c0-0c2s1n1 Trying to unpack rootfs image as initramfs...
2015-02-13T13:19:43.843811-06:00 c0-0c2s1n1 Freeing initrd memory: 12352k freed
2015-02-13T13:19:43.844041-06:00 c0-0c2s1n1 DMAR: Device scope device [0000:00:01.01] not found
2015-02-13T13:19:43.844199-06:00 c0-0c2s1n1 DMAR: Device scope device [0000:00:01.01] not found
2015-02-13T13:19:43.869034-06:00 c0-0c2s1n1 PCI-DMA: Using software bounce buffering for IO (SWIOTLB)
2015-02-13T13:19:43.869258-06:00 c0-0c2s1n1 Placing 64MB software IO TLB between ffff88007a67c000 - ffff88007e67c000
2015-02-13T13:19:43.894222-06:00 c0-0c2s1n1 software IO TLB at phys 0x7a67c000 - 0x7e67c000
2015-02-13T13:19:43.894464-06:00 c0-0c2s1n1 Machine check injector initialized
2015-02-13T13:19:43.919490-06:00 c0-0c2s1n1 futex hash table entries: 4096 (order: 6, 262144 bytes)
2015-02-13T13:19:43.919574-06:00 c0-0c2s1n1 Registering pnotify support for (name=job)
2015-02-13T13:19:43.919597-06:00 c0-0c2s1n1 CSA: initialized
2015-02-13T13:19:43.944688-06:00 c0-0c2s1n1 audit: initializing netlink socket (disabled)
2015-02-13T13:19:43.944744-06:00 c0-0c2s1n1 type=2000 audit(1423855178.496:1): initialized
2015-02-13T13:19:43.995257-06:00 c0-0c2s1n1 HugeTLB registered 2 MB page size, pre-allocated 0 pages
2015-02-13T13:19:43.995459-06:00 c0-0c2s1n1 VFS: Disk quotas dquot_6.5.2
2015-02-13T13:19:43.995774-06:00 c0-0c2s1n1 Dquot-cache hash table entries: 512 (order 0, 4096 bytes)
2015-02-13T13:19:44.020459-06:00 c0-0c2s1n1 Installing knfsd (copyright (C) 1996 okir@monad.swb.de).
2015-02-13T13:19:44.020686-06:00 c0-0c2s1n1 fuse init (API version 7.16)
2015-02-13T13:19:44.020882-06:00 c0-0c2s1n1 Installing v9fs 9p2000 file system support
2015-02-13T13:19:44.020951-06:00 c0-0c2s1n1 msgmni has been set to 32268
2015-02-13T13:19:44.045951-06:00 c0-0c2s1n1 Block layer SCSI generic (bsg) driver version 0.4 loaded (major 254)
2015-02-13T13:19:44.046081-06:00 c0-0c2s1n1 io scheduler noop registered (default)
2015-02-13T13:19:44.046234-06:00 c0-0c2s1n1 io scheduler deadline registered
2015-02-13T13:19:44.070842-06:00 c0-0c2s1n1 io scheduler cfq registered
2015-02-13T13:19:44.071134-06:00 c0-0c2s1n1 input: Power Button as PATH1228:PATH1229:PATH1230:PATH1231
2015-02-13T13:19:44.071195-06:00 c0-0c2s1n1 ACPI: Power Button [PWRB]
2015-02-13T13:19:44.096082-06:00 c0-0c2s1n1 input: Power Button as PATH1228:PATH1232:PATH1233
2015-02-13T13:19:44.096109-06:00 c0-0c2s1n1 ACPI: Power Button [PWRF]
2015-02-13T13:19:44.197215-06:00 c0-0c2s1n1 ERST: Error Record Serialization Table (ERST) support is disabled.
2015-02-13T13:19:44.197302-06:00 c0-0c2s1n1 GHES: HEST is not enabled!
2015-02-13T13:19:44.272796-06:00 c0-0c2s1n1 Serial: PATH1234 driver, 2 ports, IRQ sharing disabled
2015-02-13T13:19:44.272832-06:00 c0-0c2s1n1 serial8250: ttyS0 at PATH1235 0x3f8 (irq = 4) is a 16550A
2015-02-13T13:19:44.348516-06:00 c0-0c2s1n1 serial8250: ttyS1 at PATH1235 0x2f8 (irq = 3) is a 16550A
2015-02-13T13:19:44.424599-06:00 c0-0c2s1n1 Real Time Clock Driver v1.12b
2015-02-13T13:19:44.449441-06:00 c0-0c2s1n1 Linux agpgart interface v0.103
2015-02-13T13:19:44.449529-06:00 c0-0c2s1n1 brd: module loaded
2015-02-13T13:19:44.449640-06:00 c0-0c2s1n1 loop: module loaded
2015-02-13T13:19:44.449702-06:00 c0-0c2s1n1 Loading iSCSI transport class v2.0-870.
2015-02-13T13:19:44.474591-06:00 c0-0c2s1n1 iscsi: registered transport (tcp)
2015-02-13T13:19:44.474776-06:00 c0-0c2s1n1 Rounding down aligned max_sectors from 4294967295 to 4294967288
2015-02-13T13:19:44.474863-06:00 c0-0c2s1n1 console [netcon0] enabled
2015-02-13T13:19:44.499885-06:00 c0-0c2s1n1 netconsole: network logging started
2015-02-13T13:19:44.499970-06:00 c0-0c2s1n1 i8042: PNP: No PATH1236 controller found. Probing ports directly.
2015-02-13T13:19:44.914524-06:00 c0-0c2s1n1 Refined TSC clocksource calibration: 2599.999 MHz.
2015-02-13T13:19:44.914556-06:00 c0-0c2s1n1 Switching to clocksource tsc
2015-02-13T13:19:45.520333-06:00 c0-0c2s1n1 i8042: No controller found
2015-02-13T13:19:45.520437-06:00 c0-0c2s1n1 EDAC MC: Ver: 2.1.0
2015-02-13T13:19:45.545248-06:00 c0-0c2s1n1 cpuidle: using governor ladder
2015-02-13T13:19:45.545493-06:00 c0-0c2s1n1 cpuidle: using governor menu
2015-02-13T13:19:45.545609-06:00 c0-0c2s1n1 oprofile: using NMI interrupt.
2015-02-13T13:19:45.570391-06:00 c0-0c2s1n1 TCP cubic registered
2015-02-13T13:19:45.570507-06:00 c0-0c2s1n1 NET: Registered protocol family 10
2015-02-13T13:19:45.570587-06:00 c0-0c2s1n1 IPv6 over IPv4 tunneling driver
2015-02-13T13:19:45.570694-06:00 c0-0c2s1n1 NET: Registered protocol family 17
2015-02-13T13:19:45.595587-06:00 c0-0c2s1n1 Installing 9P2000 support
2015-02-13T13:19:45.595712-06:00 c0-0c2s1n1 Registering the dns_resolver key type
2015-02-13T13:19:45.595757-06:00 c0-0c2s1n1 registered taskstats version 1
2015-02-13T13:19:45.620871-06:00 c0-0c2s1n1 Freeing unused kernel memory: 692k freed
2015-02-13T13:19:45.696550-06:00 c0-0c2s1n1 ghal_init:Cray(R) Gemini Hardware Abstraction Layer - version 1.0107
2015-02-13T13:19:45.696713-06:00 c0-0c2s1n1 ghal_init:Copyright (C) 2007-1012 Cray Inc.
2015-02-13T13:19:45.772097-06:00 c0-0c2s1n1 ghal 0000:01:00.1: enabling device (0000 -> 0002)
2015-02-13T13:19:45.772109-06:00 c0-0c2s1n1 udev: starting version 147
2015-02-13T13:19:45.772116-06:00 c0-0c2s1n1 simplex: module license 'unspecified' taints kernel.
2015-02-13T13:19:45.772180-06:00 c0-0c2s1n1 hss-os: communication area 0xffff8810081ce000 (phys 0x10081ce000)
2015-02-13T13:19:45.772212-06:00 c0-0c2s1n1 hss-os: new channel 1
2015-02-13T13:19:47.557112-06:00 c0-0c2s1n1 request_sys_info_from_L0: No tile dimension data
2015-02-13T13:19:47.557121-06:00 c0-0c2s1n1 hss-os: new channel 2
2015-02-13T13:19:47.557127-06:00 c0-0c2s1n1 kgni_init:Cray(R) Gemini Network Interface - Sep 17 2014 version 0x004500b7 rev 9750
2015-02-13T13:19:47.557132-06:00 c0-0c2s1n1 kgni_init:Copyright (C) 2007,2008 Cray Inc.
2015-02-13T13:19:47.557152-06:00 c0-0c2s1n1 ipogif_init:Cray(R) Gemini IP over Fabric device driver - version 0.17
2015-02-13T13:19:47.557164-06:00 c0-0c2s1n1 ipogif_init:Copyright (C) 2007 Cray Inc.
2015-02-13T13:19:47.557173-06:00 c0-0c2s1n1 ipogif_probe:Immediate checksum off
2015-02-13T13:19:47.557182-06:00 c0-0c2s1n1 Cray(R) Gemini Performance Counter Daemon - version 0.1
2015-02-13T13:19:47.557200-06:00 c0-0c2s1n1 GEMINI Performance Counter Daemon.
2015-02-13T13:19:47.557210-06:00 c0-0c2s1n1 Cray(R) Kernel Dynamic Registration (KDREG) Interface - version 0x2243e
2015-02-13T13:19:47.557225-06:00 c0-0c2s1n1 Copyright (C) 2004-5 Pete Wyckoff - modified by Cray(R)
2015-02-13T13:19:47.706885-06:00 c0-0c2s1n1 ipogif_up:Bringing interface up
2015-02-13T13:19:47.818100-06:00 c0-0c2s1n1 Sending ec_node_info with boot code 0 (NODE_INFO_OS_BOOT) for nid 133
2015-02-13T13:19:47.818111-06:00 c0-0c2s1n1 net.core.rmem_max = 16777216
2015-02-13T13:19:47.818117-06:00 c0-0c2s1n1 net.core.wmem_max = 16777216
2015-02-13T13:19:47.818132-06:00 c0-0c2s1n1 net.core.rmem_default = 16777216
2015-02-13T13:19:47.818141-06:00 c0-0c2s1n1 net.core.wmem_default = 16777216
2015-02-13T13:19:47.818182-06:00 c0-0c2s1n1 net.core.optmem_max = 16777216
2015-02-13T13:19:47.818193-06:00 c0-0c2s1n1 net.ipv4.tcp_mem = 16777216 16777216 16777216
2015-02-13T13:19:47.818201-06:00 c0-0c2s1n1 net.ipv4.tcp_rmem = 4096 87380 16777216
2015-02-13T13:19:47.818212-06:00 c0-0c2s1n1 net.ipv4.tcp_wmem = 4096 65536 16777216
2015-02-13T13:19:47.818226-06:00 c0-0c2s1n1 Using rootfs config: nfs-shared...
2015-02-13T13:19:47.818270-06:00 c0-0c2s1n1 rootfs mount succeeded.
2015-02-13T13:19:47.818281-06:00 c0-0c2s1n1 **********************************************************
2015-02-13T13:19:47.818290-06:00 c0-0c2s1n1    HOSTNAME: nid00133
2015-02-13T13:19:47.818315-06:00 c0-0c2s1n1 **********************************************************
2015-02-13T13:19:47.818330-06:00 c0-0c2s1n1 ipogif0   Link encap:Ethernet  HWaddr 00:01:01:00:00:85  
2015-02-13T13:19:47.818338-06:00 c0-0c2s1n1          inet addr:IPADDR39  Mask:IPADDR15
2015-02-13T13:19:47.818349-06:00 c0-0c2s1n1          inet6 addr: fe80::201:1ff:fe00:PATH3938 Scope:Link
2015-02-13T13:19:47.818363-06:00 c0-0c2s1n1          UP RUNNING NOARP  MTU:65520  Metric:1
2015-02-13T13:19:47.818405-06:00 c0-0c2s1n1          RX packets:21 errors:0 dropped:0 overruns:0 frame:0
2015-02-13T13:19:47.818419-06:00 c0-0c2s1n1          TX packets:28 errors:0 dropped:0 overruns:0 carrier:0
2015-02-13T13:19:47.842499-06:00 c0-0c2s1n1          collisions:0 txqueuelen:1000 
2015-02-13T13:19:47.842535-06:00 c0-0c2s1n1          RX bytes:2496 (2.4 KiB)  TX bytes:2540 (2.4 KiB)
2015-02-13T13:19:47.881395-06:00 c0-0c2s1n1 lo        Link encap:Local Loopback  
2015-02-13T13:19:47.881547-06:00 c0-0c2s1n1          inet addr:IPADDR18  Mask:IPADDR24
2015-02-13T13:19:47.881731-06:00 c0-0c2s1n1          inet6 addr: ::PATH1252 Scope:Host
2015-02-13T13:19:47.881753-06:00 c0-0c2s1n1          UP LOOPBACK RUNNING  MTU:16436  Metric:1
2015-02-13T13:19:47.881787-06:00 c0-0c2s1n1          RX packets:0 errors:0 dropped:0 overruns:0 frame:0
2015-02-13T13:19:47.881798-06:00 c0-0c2s1n1          TX packets:0 errors:0 dropped:0 overruns:0 carrier:0
2015-02-13T13:19:47.881820-06:00 c0-0c2s1n1          collisions:0 txqueuelen:0 
2015-02-13T13:19:47.881834-06:00 c0-0c2s1n1          RX bytes:0 (0.0 B)  TX bytes:0 (0.0 B)
2015-02-13T13:19:47.881858-06:00 c0-0c2s1n1 Mounting NID specific PATH1253 (nid=133)...
2015-02-13T13:19:47.882315-06:00 c0-0c2s1n1 done.
2015-02-13T13:19:48.046892-06:00 c0-0c2s1n1 INIT: version 2.86 booting
2015-02-13T13:19:48.088214-06:00 c0-0c2s1n1 System Boot Control: Running PATH1254
2015-02-13T13:19:48.140810-06:00 c0-0c2s1n1 Mounting sysfs at PATH12557[?25l
2015-02-13T13:19:48.140819-06:00 c0-0c2s1n1 [80C[10D[1;32mdone[m8[?25h
2015-02-13T13:19:48.140842-06:00 c0-0c2s1n1 Copying static PATH1256 content7[?25l
2015-02-13T13:19:48.140850-06:00 c0-0c2s1n1 [80C[10D[1;32mdone[m8[?25h
2015-02-13T13:19:48.140870-06:00 c0-0c2s1n1 Mounting tmpfs at PATH12577[?25l
2015-02-13T13:19:48.140878-06:00 c0-0c2s1n1 [80C[10D[1;32mdone[m8[?25h
2015-02-13T13:19:48.140887-06:00 c0-0c2s1n1 Mounting devpts at PATH12587[?25l
2015-02-13T13:19:48.140895-06:00 c0-0c2s1n1 [80C[10D[1;32mdone[m8[?25h
2015-02-13T13:19:48.140922-06:00 c0-0c2s1n1 Boot logging started on PATH1259(PATH1260) at Fri Feb 13 13:19:42 2015
2015-02-13T13:19:48.191212-06:00 c0-0c2s1n1 Mounting debugfs at PATH12617[?25l
2015-02-13T13:19:48.191222-06:00 c0-0c2s1n1 [80C[10D[1;32mdone[m8[?25h
2015-02-13T13:19:48.241758-06:00 c0-0c2s1n1 [m[?25hNo efivars filesystem driver available.[m[?25hStarting udevd: udev: starting version 147
2015-02-13T13:19:48.241794-06:00 c0-0c2s1n1 7[?25l
2015-02-13T13:19:48.241814-06:00 c0-0c2s1n1 [80C[10D[1;32mdone[m8[?25h
2015-02-13T13:19:48.292233-06:00 c0-0c2s1n1 Loading drivers, configuring devices: Compat-rdma backport release: ac916cb
2015-02-13T13:19:48.292374-06:00 c0-0c2s1n1 Backport based on git:PATH1237 5268562
2015-02-13T13:19:48.317466-06:00 c0-0c2s1n1 usbcore: registered new interface driver usbfs
2015-02-13T13:19:48.317596-06:00 c0-0c2s1n1 usbcore: registered new interface driver hub
2015-02-13T13:19:48.317661-06:00 c0-0c2s1n1 usbcore: registered new device driver usb
2015-02-13T13:19:48.342733-06:00 c0-0c2s1n1 ahci 0000:00:1f.2: PCI INT B -> GSI 19 (level, low) -> IRQ 19
2015-02-13T13:19:48.342901-06:00 c0-0c2s1n1 ehci_hcd: USB 2.0 'Enhanced' Host Controller (EHCI) Driver
2015-02-13T13:19:48.367982-06:00 c0-0c2s1n1 compat.git: git:PATH1237
2015-02-13T13:19:48.368028-06:00 c0-0c2s1n1 ahci 0000:00:1f.2: forcing PORTS_IMPL to 0x3f
2015-02-13T13:19:48.368232-06:00 c0-0c2s1n1 ahci 0000:00:1f.2: AHCI 0001.0300 32 slots 6 ports 6 Gbps 0x3f impl SATA mode
2015-02-13T13:19:48.393258-06:00 c0-0c2s1n1 ahci 0000:00:1f.2: flags: 64bit ncq sntf pm led clo pio slum part ems apst 
2015-02-13T13:19:48.393294-06:00 c0-0c2s1n1 scsi0 : ahci
2015-02-13T13:19:48.393308-06:00 c0-0c2s1n1 scsi1 : ahci
2015-02-13T13:19:48.393316-06:00 c0-0c2s1n1 scsi2 : ahci
2015-02-13T13:19:48.393383-06:00 c0-0c2s1n1 scsi3 : ahci
2015-02-13T13:19:48.393441-06:00 c0-0c2s1n1 mlx4_core: Mellanox ConnectX core driver v1.1 (Dec, 2011)
2015-02-13T13:19:48.418478-06:00 c0-0c2s1n1 mlx4_core: Initializing 0000:02:00.0
2015-02-13T13:19:48.418550-06:00 c0-0c2s1n1 mlx4_core 0000:02:00.0: PCI INT A -> GSI 40 (level, low) -> IRQ 40
2015-02-13T13:19:48.418561-06:00 c0-0c2s1n1 scsi4 : ahci
2015-02-13T13:19:48.418599-06:00 c0-0c2s1n1 scsi5 : ahci
2015-02-13T13:19:48.443761-06:00 c0-0c2s1n1 ata2: SATA max PATH1238 abar m2048@0xfbf00000 port 0xfbf00100 irq 164
2015-02-13T13:19:48.443854-06:00 c0-0c2s1n1 ata3: SATA max PATH1238 abar m2048@0xfbf00000 port 0xfbf00180 irq 164
2015-02-13T13:19:48.468966-06:00 c0-0c2s1n1 ata4: SATA max PATH1238 abar m2048@0xfbf00000 port 0xfbf00200 irq 164
2015-02-13T13:19:48.469112-06:00 c0-0c2s1n1 ata5: SATA max PATH1238 abar m2048@0xfbf00000 port 0xfbf00280 irq 164
2015-02-13T13:19:48.494270-06:00 c0-0c2s1n1 ata6: SATA max PATH1238 abar m2048@0xfbf00000 port 0xfbf00300 irq 164
2015-02-13T13:19:48.494404-06:00 c0-0c2s1n1 ata7: SATA max PATH1238 abar m2048@0xfbf00000 port 0xfbf00380 irq 164
2015-02-13T13:19:48.519367-06:00 c0-0c2s1n1 ehci_hcd 0000:00:1a.0: PCI INT A -> GSI 16 (level, low) -> IRQ 16
2015-02-13T13:19:48.519486-06:00 c0-0c2s1n1 ehci_hcd 0000:00:1a.0: EHCI Host Controller
2015-02-13T13:19:48.519761-06:00 c0-0c2s1n1 ehci_hcd 0000:00:1a.0: new USB bus registered, assigned bus number 1
2015-02-13T13:19:48.519829-06:00 c0-0c2s1n1 ehci_hcd 0000:00:1a.0: debug port 2
2015-02-13T13:19:48.544767-06:00 c0-0c2s1n1 ehci_hcd 0000:00:1a.0: irq 16, io mem 0xfbf02000
2015-02-13T13:19:48.595118-06:00 c0-0c2s1n1 ehci_hcd 0000:00:1a.0: USB 2.0 started, EHCI 1.00
2015-02-13T13:19:48.595131-06:00 c0-0c2s1n1 hub 1-0:1.0: USB hub found
2015-02-13T13:19:48.595178-06:00 c0-0c2s1n1 hub 1-0:1.0: 2 ports detected
2015-02-13T13:19:48.595287-06:00 c0-0c2s1n1 ehci_hcd 0000:00:1d.0: PCI INT A -> GSI 23 (level, low) -> IRQ 23
2015-02-13T13:19:48.595402-06:00 c0-0c2s1n1 ehci_hcd 0000:00:1d.0: EHCI Host Controller
2015-02-13T13:19:48.620334-06:00 c0-0c2s1n1 ehci_hcd 0000:00:1d.0: new USB bus registered, assigned bus number 2
2015-02-13T13:19:48.645566-06:00 c0-0c2s1n1 ehci_hcd 0000:00:1d.0: debug port 2
2015-02-13T13:19:48.645657-06:00 c0-0c2s1n1 ehci_hcd 0000:00:1d.0: irq 23, io mem 0xfbf01000
2015-02-13T13:19:48.670853-06:00 c0-0c2s1n1 ehci_hcd 0000:00:1d.0: USB 2.0 started, EHCI 1.00
2015-02-13T13:19:48.670917-06:00 c0-0c2s1n1 hub 2-0:1.0: USB hub found
2015-02-13T13:19:48.670964-06:00 c0-0c2s1n1 hub 2-0:1.0: 2 ports detected
2015-02-13T13:19:48.923149-06:00 c0-0c2s1n1 usb 1-1: new high-speed USB device number 2 using ehci_hcd
2015-02-13T13:19:49.049341-06:00 c0-0c2s1n1 hub 1-1:1.0: USB hub found
2015-02-13T13:19:49.049428-06:00 c0-0c2s1n1 hub 1-1:1.0: 6 ports detected
2015-02-13T13:19:49.175523-06:00 c0-0c2s1n1 usb 2-1: new high-speed USB device number 2 using ehci_hcd
2015-02-13T13:19:49.293735-06:00 c0-0c2s1n1 hub 2-1:1.0: USB hub found
2015-02-13T13:19:49.293794-06:00 c0-0c2s1n1 hub 2-1:1.0: 8 ports detected
2015-02-13T13:19:49.520662-06:00 c0-0c2s1n1 ata4: failed to resume link (SControl 0)
2015-02-13T13:19:49.520752-06:00 c0-0c2s1n1 ata4: SATA link down (SStatus 0 SControl 0)
2015-02-13T13:19:49.545857-06:00 c0-0c2s1n1 ata6: failed to resume link (SControl 0)
2015-02-13T13:19:49.545892-06:00 c0-0c2s1n1 ata6: SATA link down (SStatus 0 SControl 0)
2015-02-13T13:19:49.571080-06:00 c0-0c2s1n1 ata2: failed to resume link (SControl 0)
2015-02-13T13:19:49.571142-06:00 c0-0c2s1n1 ata2: SATA link down (SStatus 0 SControl 0)
2015-02-13T13:19:49.571190-06:00 c0-0c2s1n1 ata3: failed to resume link (SControl 0)
2015-02-13T13:19:49.596286-06:00 c0-0c2s1n1 ata3: SATA link down (SStatus 0 SControl 0)
2015-02-13T13:19:49.596326-06:00 c0-0c2s1n1 ata7: failed to resume link (SControl 0)
2015-02-13T13:19:49.596409-06:00 c0-0c2s1n1 ata7: SATA link down (SStatus 0 SControl 0)
2015-02-13T13:19:49.596448-06:00 c0-0c2s1n1 ata5: failed to resume link (SControl 0)
2015-02-13T13:19:49.621508-06:00 c0-0c2s1n1 ata5: SATA link down (SStatus 0 SControl 0)
2015-02-13T13:19:54.279178-06:00 c0-0c2s1n1 mlx4_core 0000:02:00.0: 64B PATH1239 supported by the device but not enabled
2015-02-13T13:19:54.953324-06:00 c0-0c2s1n1 mlx4_core: Initializing 0000:03:00.0
2015-02-13T13:19:54.978595-06:00 c0-0c2s1n1 mlx4_core 0000:03:00.0: PCI INT A -> GSI 42 (level, low) -> IRQ 42
2015-02-13T13:20:00.833243-06:00 c0-0c2s1n1 mlx4_core 0000:03:00.0: 64B PATH1239 supported by the device but not enabled
2015-02-13T13:20:01.562431-06:00 c0-0c2s1n1 7[?25l
2015-02-13T13:20:01.562443-06:00 c0-0c2s1n1 [80C[10D[1;32mdone[m8[?25h
2015-02-13T13:20:01.617306-06:00 c0-0c2s1n1 [m[?25hMounting PATH1262 from IPADDR13. Checking for nid=133 existance.
2015-02-13T13:20:01.768868-06:00 c0-0c2s1n1 7[?25l
2015-02-13T13:20:01.768873-06:00 c0-0c2s1n1 [80C[10D[1;32mdone[m8[?25h
2015-02-13T13:20:01.794195-06:00 c0-0c2s1n1 Mounting tmpfs on PATH12637[?25l
2015-02-13T13:20:01.794204-06:00 c0-0c2s1n1 [80C[10D[1;32mdone[m8[?25h
2015-02-13T13:20:01.794238-06:00 c0-0c2s1n1 Running sysctl using values from PATH1264
2015-02-13T13:20:01.794253-06:00 c0-0c2s1n1 net.ipv4.icmp_echo_ignore_broadcasts = 1
2015-02-13T13:20:01.794269-06:00 c0-0c2s1n1 net.ipv4.conf.all.rp_filter = 1
2015-02-13T13:20:01.794309-06:00 c0-0c2s1n1 fs.inotify.max_user_watches = 65536
2015-02-13T13:20:01.794319-06:00 c0-0c2s1n1 net.ipv4.conf.default.promote_secondaries = 1
2015-02-13T13:20:01.794330-06:00 c0-0c2s1n1 net.ipv4.conf.all.promote_secondaries = 1
2015-02-13T13:20:01.794365-06:00 c0-0c2s1n1 vm.min_free_kbytes = 102400
2015-02-13T13:20:01.819338-06:00 c0-0c2s1n1 7[?25l
2015-02-13T13:20:01.819362-06:00 c0-0c2s1n1 [80C[10D[1;32mdone[m8[?25h
2015-02-13T13:20:01.819391-06:00 c0-0c2s1n1 [m[?25hActivating swap-devices in PATH1265
2015-02-13T13:20:01.819467-06:00 c0-0c2s1n1 7[?25l[1A
2015-02-13T13:20:01.819480-06:00 c0-0c2s1n1 [80C[10D[1;32mdone[m8[?25hroot file system (PATH24) is NOT being checked.
2015-02-13T13:20:01.970668-06:00 c0-0c2s1n1 [m[?25hSet System Time to the current Hardware Clock7[?25l
2015-02-13T13:20:01.970682-06:00 c0-0c2s1n1 [80C[10D[1;32mdone[m8[?25h
2015-02-13T13:20:01.995930-06:00 c0-0c2s1n1 [m[?25hActivating device mapper...
2015-02-13T13:20:02.021184-06:00 c0-0c2s1n1 device-mapper: ioctl: 4.23.0-ioctl (2012-07-25) initialised: dm-devel@redhat.com
2015-02-13T13:20:02.021195-06:00 c0-0c2s1n1 7[?25l
2015-02-13T13:20:02.021205-06:00 c0-0c2s1n1 [80C[10D[1;32mdone[m8[?25h
2015-02-13T13:20:02.046356-06:00 c0-0c2s1n1 [m[?25hLoading required kernel modules
2015-02-13T13:20:02.096910-06:00 c0-0c2s1n1 7[?25l[1A
2015-02-13T13:20:02.096920-06:00 c0-0c2s1n1 [80C[10D[1;32mdone[m8[?25h[m[?25h[m[?25hWaiting for udev to settle...
2015-02-13T13:20:02.096986-06:00 c0-0c2s1n1 Scanning for LVM volume groups...
2015-02-13T13:20:02.097104-06:00 c0-0c2s1n1  Reading all physical volumes.  This may take a while...
2015-02-13T13:20:02.097116-06:00 c0-0c2s1n1  No volume groups found
2015-02-13T13:20:02.097126-06:00 c0-0c2s1n1  No volume groups found
2015-02-13T13:20:02.097150-06:00 c0-0c2s1n1 Activating LVM volume groups...
2015-02-13T13:20:02.097282-06:00 c0-0c2s1n1  PARTIAL MODE. Incomplete logical volumes will be processed.
2015-02-13T13:20:02.097308-06:00 c0-0c2s1n1  No volume groups found
2015-02-13T13:20:02.122009-06:00 c0-0c2s1n1 7[?25l
2015-02-13T13:20:02.122018-06:00 c0-0c2s1n1 [80C[10D[1;32mdone[m8[?25h
2015-02-13T13:20:02.161471-06:00 c0-0c2s1n1 [m[?25hNo fibre channel cards present.  Not waiting for disk devices. 
2015-02-13T13:20:02.161697-06:00 c0-0c2s1n1 [m[?25hChecking file systems...
2015-02-13T13:20:02.241359-06:00 c0-0c2s1n1 fsck from util-linux 2.19.1
2015-02-13T13:20:02.241386-06:00 c0-0c2s1n1 Checking all file systems.
2015-02-13T13:20:02.241400-06:00 c0-0c2s1n1 7[?25l[1A
2015-02-13T13:20:02.241419-06:00 c0-0c2s1n1 [80C[10D[1;32mdone[m8[?25hMounting local file systems...
2015-02-13T13:20:02.241432-06:00 c0-0c2s1n1 nothing was mounted
2015-02-13T13:20:02.594854-06:00 c0-0c2s1n1 7[?25l[1A
2015-02-13T13:20:02.594862-06:00 c0-0c2s1n1 [80C[10D[1;32mdone[m8[?25h[m[?25hCheck if the profiles matches the system7[?25l
2015-02-13T13:20:02.594872-06:00 c0-0c2s1n1 [80C[10D[1;32mdone[m8[?25h
2015-02-13T13:20:02.620095-06:00 c0-0c2s1n1 [m[?25hEnabling monitoring on LVM volume groups...
2015-02-13T13:20:02.645429-06:00 c0-0c2s1n1  No volume groups found
2015-02-13T13:20:02.645446-06:00 c0-0c2s1n1 7[?25l
2015-02-13T13:20:02.645460-06:00 c0-0c2s1n1 [80C[10D[1;32mdone[m8[?25h
2015-02-13T13:20:02.721186-06:00 c0-0c2s1n1 [m[?25h[m[?25h[m[?25h[m[?25h[m[?25hTurning quota on
2015-02-13T13:20:02.721272-06:00 c0-0c2s1n1 Checking quotas. This may take some time.
2015-02-13T13:20:02.721316-06:00 c0-0c2s1n1 7[?25l
2015-02-13T13:20:02.721325-06:00 c0-0c2s1n1 [80C[10D[1;32mdone[m8[?25h
2015-02-13T13:20:02.746379-06:00 c0-0c2s1n1 [m[?25hSetting current sysctl status from PATH12647[?25l
2015-02-13T13:20:02.746389-06:00 c0-0c2s1n1 [80C[10D[1;32mdone[m8[?25h
2015-02-13T13:20:02.894029-06:00 c0-0c2s1n1 [m[?25hATTENTION: You have modified PATH3931  Leaving it untouched...
2015-02-13T13:20:02.894064-06:00 c0-0c2s1n1 You can find my version in PATH344969 ...
2015-02-13T13:20:02.894074-06:00 c0-0c2s1n1 touch: cannot touch `PATH1267': Read-only file system
2015-02-13T13:20:02.894121-06:00 c0-0c2s1n1 chmod: cannot access `PATH1267': No such file or directory
2015-02-13T13:20:02.894155-06:00 c0-0c2s1n1 touch: cannot touch `PATH1267': Read-only file system
2015-02-13T13:20:02.920195-06:00 c0-0c2s1n1 [m[?25hSystem Boot Control: The system has been 
2015-02-13T13:20:02.920206-06:00 c0-0c2s1n1 [80C[10D[1mset up[m
2015-02-13T13:20:02.920227-06:00 c0-0c2s1n1 Skipped features: [80C[19D[1;33mboot.efivars[m
2015-02-13T13:20:02.920241-06:00 c0-0c2s1n1 System Boot Control: Running PATH1268
2015-02-13T13:20:02.945802-06:00 c0-0c2s1n1 7[?25l[1A
2015-02-13T13:20:02.945813-06:00 c0-0c2s1n1 [80C[10D[1;32mdo
2015-02-13T13:20:02.945829-06:00 c0-0c2s1n1 INIT: Entering runlevel: 3
2015-02-13T13:20:03.009553-06:00 c0-0c2s1n1 Master Resource Control: previous runlevel: N, switching to runlevel: 
2015-02-13T13:20:03.009576-06:00 c0-0c2s1n1 [80C[10D[1m3[m
2015-02-13T13:20:03.040178-06:00 c0-0c2s1n1 Starting batchlimitd
2015-02-13T13:20:03.065424-06:00 c0-0c2s1n1 [m[?25hLoading nic compatibility device7[?25l
2015-02-13T13:20:03.065434-06:00 c0-0c2s1n1 [80C[10D[1;32mdone[m8[?25h
2015-02-13T13:20:03.157412-06:00 c0-0c2s1n1 [m[?25hbpmcd_init: Power statistics available in PATH1240
2015-02-13T13:20:03.207857-06:00 c0-0c2s1n1 [m[?25hStarting D-Bus daemon7[?25l
2015-02-13T13:20:03.207863-06:00 c0-0c2s1n1 [80C[10D[1;32mdone[m8[?25h
2015-02-13T13:20:03.233065-06:00 c0-0c2s1n1 [m[?25hiSCSI Enterprise Target Software - version trunk
2015-02-13T13:20:03.233108-06:00 c0-0c2s1n1 iscsi_trgt: Registered io type fileio
2015-02-13T13:20:03.233186-06:00 c0-0c2s1n1 iscsi_trgt: Registered io type blockio
2015-02-13T13:20:03.233215-06:00 c0-0c2s1n1 iscsi_trgt: Registered io type nullio
2015-02-13T13:20:03.283520-06:00 c0-0c2s1n1 [m[?25hLNet: HW CPU cores: 16, npartitions: 4
2015-02-13T13:20:08.311320-06:00 c0-0c2s1n1 PATH3933: line 179: lctl: command not found
2015-02-13T13:20:08.336609-06:00 c0-0c2s1n1 [m[?25hRemoving old kernel packages...
2015-02-13T13:20:08.373384-06:00 c0-0c2s1n1 rm: cannot remove `PATH1269': Read-only file system
2015-02-13T13:20:08.373441-06:00 c0-0c2s1n1 PATH1270: multiversion.kernels not configured in PATH1271, exiting.
2015-02-13T13:20:08.373482-06:00 c0-0c2s1n1 7[?25l
2015-02-13T13:20:08.373487-06:00 c0-0c2s1n1 [80C[10D[1;32mdone[m8[?25h
2015-02-13T13:20:08.413437-06:00 c0-0c2s1n1 [m[?25hInitializing random number generator7[?25l
2015-02-13T13:20:08.413449-06:00 c0-0c2s1n1 [80C[10D[1;32mdone[m8[?25h
2015-02-13T13:20:09.555521-06:00 c0-0c2s1n1 [m[?25hmlx4_core 0000:03:00.0: PCI INT A disabled
2015-02-13T13:20:10.805454-06:00 c0-0c2s1n1 mlx4_core 0000:02:00.0: PCI INT A disabled
2015-02-13T13:20:10.805463-06:00 c0-0c2s1n1 Compat-rdma backport release: ac916cb
2015-02-13T13:20:10.805470-06:00 c0-0c2s1n1 Backport based on git:PATH1237 5268562
2015-02-13T13:20:10.805475-06:00 c0-0c2s1n1 compat.git: git:PATH1237
2015-02-13T13:20:10.805486-06:00 c0-0c2s1n1 mlx4_core: Mellanox ConnectX core driver v1.1 (Dec, 2011)
2015-02-13T13:20:10.805511-06:00 c0-0c2s1n1 mlx4_core: Initializing 0000:02:00.0
2015-02-13T13:20:10.805518-06:00 c0-0c2s1n1 mlx4_core 0000:02:00.0: PCI INT A -> GSI 40 (level, low) -> IRQ 40
2015-02-13T13:20:16.797674-06:00 c0-0c2s1n1 mlx4_core 0000:02:00.0: 64B PATH1239 supported by the device but not enabled
2015-02-13T13:20:17.273161-06:00 c0-0c2s1n1 mlx4_core: Initializing 0000:03:00.0
2015-02-13T13:20:17.298273-06:00 c0-0c2s1n1 mlx4_core 0000:03:00.0: PCI INT A -> GSI 42 (level, low) -> IRQ 42
2015-02-13T13:20:23.140161-06:00 c0-0c2s1n1 mlx4_core 0000:03:00.0: 64B PATH1239 supported by the device but not enabled
2015-02-13T13:20:23.872088-06:00 c0-0c2s1n1 <mlx4_ib> mlx4_ib_add: mlx4_ib: Mellanox ConnectX InfiniBand driver v1.0 (April 4, 2008)
2015-02-13T13:20:23.947769-06:00 c0-0c2s1n1 Loading HCA driver and Access Layer:[60G[  [1;32mOK[0;39m  ]
2015-02-13T13:20:23.972887-06:00 c0-0c2s1n1 Setting up InfiniBand network interfaces:
2015-02-13T13:20:23.972911-06:00 c0-0c2s1n1 Setting up service network . . .[60G[  [0;39mdone[0;39m  ]
2015-02-13T13:20:24.253843-06:00 c0-0c2s1n1 [m[?25hSetting up (localfs) network interfaces:
2015-02-13T13:20:24.384761-06:00 c0-0c2s1n1    lo        
2015-02-13T13:20:24.435280-06:00 c0-0c2s1n1    lo        IP address: PATH1272   
2015-02-13T13:20:24.435290-06:00 c0-0c2s1n1              IP address: PATH1273   
2015-02-13T13:20:24.585694-06:00 c0-0c2s1n1 7[?25l[1A
2015-02-13T13:20:24.585706-06:00 c0-0c2s1n1 [80C[10D[1;32mdone[m8[?25h    ipogif0   
2015-02-13T13:20:24.585761-06:00 c0-0c2s1n1              No configuration found for ipogif0
2015-02-13T13:20:24.610987-06:00 c0-0c2s1n1 7[?25l[1A
2015-02-13T13:20:24.610993-06:00 c0-0c2s1n1 [80C[10D[1munused[m8[?25hSetting up service (localfs) network  .  .  .  .  .  .  .  .  .  .7[?25l
2015-02-13T13:20:24.610999-06:00 c0-0c2s1n1 [80C[10D[1;32mdone[m8[?25h
2015-02-13T13:20:24.611017-06:00 c0-0c2s1n1 [m[?25hCould not start BND as this is not the boot node.
2015-02-13T13:20:24.611039-06:00 c0-0c2s1n1 bootnodes are: 1 1 
2015-02-13T13:20:24.611060-06:00 c0-0c2s1n1 mynid=133
2015-02-13T13:20:24.661380-06:00 c0-0c2s1n1 [m[?25hS04cray-config-service: Mounting 9p configuration directory. 
2015-02-13T13:20:25.652582-06:00 c0-0c2s1n1 S04cray-config-service:   Success.  
2015-02-13T13:20:25.741379-06:00 c0-0c2s1n1 [m[?25h[m[?25hStarting hw_info_init on 133
2015-02-13T13:20:25.741402-06:00 c0-0c2s1n1 bootnodes are: 1 1 
2015-02-13T13:20:25.741439-06:00 c0-0c2s1n1 mynid=133
2015-02-13T13:20:26.160613-06:00 c0-0c2s1n1 [m[?25h[m[?25h 
2015-02-13T13:20:26.185866-06:00 c0-0c2s1n1 cray-syslog: **WARNING**  PATH1274 MAY require hard and soft file limits 
2015-02-13T13:20:26.185908-06:00 c0-0c2s1n1 cray-syslog:              greater or equal to 8192 for proper LLM operation 
2015-02-13T13:20:26.185938-06:00 c0-0c2s1n1 cray-syslog:              when large number of jobs are launched concurrently.
2015-02-13T13:20:26.185959-06:00 c0-0c2s1n1 cray-syslog:              If you have failures running large number of concurrent jobs,
2015-02-13T13:20:26.185988-06:00 c0-0c2s1n1 cray-syslog:              you may wish to update the hard and soft nofile entries in 
2015-02-13T13:20:26.186005-06:00 c0-0c2s1n1 cray-syslog:              limits.conf as follows.
2015-02-13T13:20:26.186012-06:00 c0-0c2s1n1 
2015-02-13T13:20:26.186031-06:00 c0-0c2s1n1 cray-syslog: PATH1274: 
2015-02-13T13:20:26.186046-06:00 c0-0c2s1n1 cray-syslog: *  soft  nofile  8192
2015-02-13T13:20:26.219444-06:00 c0-0c2s1n1 cray-syslog: *  hard  nofile  8192
2015-02-13T13:20:26.219482-06:00 c0-0c2s1n1 
2015-02-13T13:20:27.169239-06:00 c0-0c2s1n1 cray-syslog: rsyslogd started as process 6802.
2015-02-13T13:20:28.182645-06:00 c0-0c2s1n1 cray-syslog: llmrd started as process  6815.
2015-02-13T13:20:28.249381-06:00 c0-0c2s1n1 [m[?25h[m[?25hStarting auditd startproc:  exit status of parent of PATH1275: 6
2015-02-13T13:20:28.249394-06:00 c0-0c2s1n1 7[?25l
2015-02-13T13:20:28.249402-06:00 c0-0c2s1n1 [80C[10D[1;32mdone[m8[?25h
2015-02-13T13:20:28.344630-06:00 c0-0c2s1n1 [m[?25hStarting haveged daemon 7[?25l
2015-02-13T13:20:28.344641-06:00 c0-0c2s1n1 [80C[10D[1;32mdone[m8[?25h
2015-02-13T13:20:28.395097-06:00 c0-0c2s1n1 [m[?25hStarting rpcbind 7[?25l
2015-02-13T13:20:28.395107-06:00 c0-0c2s1n1 [80C[10D[1;32mdone[m8[?25h
2015-02-13T13:20:28.395155-06:00 c0-0c2s1n1 [m[?25hbootnodes are: 1 1 
2015-02-13T13:20:28.420295-06:00 c0-0c2s1n1 mynid=133
2015-02-13T13:20:28.550508-06:00 c0-0c2s1n1 [m[?25hStarting NFS client services: sm-notify idmapd7[?25l
2015-02-13T13:20:28.550520-06:00 c0-0c2s1n1 [80C[10D[1;32mdone[m8[?25h
2015-02-13T13:20:28.785447-06:00 c0-0c2s1n1 [m[?25hStarting DVS service: DVS: Revision 1873 - Built: Sep 17 2014 @ 06:40:29 for lnet version 2.5
2015-02-13T13:20:28.785461-06:00 c0-0c2s1n1 Lustre: kgnilnd build version: 2.5-trunk-1.0502.17198.8.51-abuild-RB-5.2UP02_2.5.1-2014-09-17-06:59
2015-02-13T13:20:28.785466-06:00 c0-0c2s1n1 LNet: Added LNI 133@gni [PATH1244]
2015-02-13T13:20:29.760898-06:00 c0-0c2s1n1 7[?25l
2015-02-13T13:20:29.760905-06:00 c0-0c2s1n1 [80C[10D[1;32mdone[m8[?25h
2015-02-13T13:20:29.760987-06:00 c0-0c2s1n1 [m[?25hStarting java.binfmt_misc 7[?25l
2015-02-13T13:20:29.761002-06:00 c0-0c2s1n1 [80C[10D[1;32mdone[m8[?25h
2015-02-13T13:20:29.825504-06:00 c0-0c2s1n1 [m[?25hStarting mcelog... 7[?25l
2015-02-13T13:20:29.825512-06:00 c0-0c2s1n1 [80C[10D[1;32mdone[m8[?25h
2015-02-13T13:20:29.939844-06:00 c0-0c2s1n1 [m[?25hSetting up (remotefs) network interfaces:
2015-02-13T13:20:30.027885-06:00 c0-0c2s1n1    sit0      
2015-02-13T13:20:30.053151-06:00 c0-0c2s1n1              No configuration found for sit0
2015-02-13T13:20:30.078395-06:00 c0-0c2s1n1 7[?25l[1A
2015-02-13T13:20:30.078412-06:00 c0-0c2s1n1 [80C[10D[1munused[m8[?25hSetting up service (remotefs) network  .  .  .  .  .  .  .  .  .  .7[?25l
2015-02-13T13:20:30.078424-06:00 c0-0c2s1n1 [80C[10D[1;32mdone[m8[?25h
2015-02-13T13:20:30.128827-06:00 c0-0c2s1n1 [80C[10D[1;32mdone[m8[?25h
2015-02-13T13:20:30.154038-06:00 c0-0c2s1n1 [m[?25hsdbnodes are: 137 137 
2015-02-13T13:20:30.179324-06:00 c0-0c2s1n1 mynid=133
2015-02-13T13:20:30.229808-06:00 c0-0c2s1n1 [m[?25hStarting network time protocol daemon (NTPD)7[?25l
2015-02-13T13:20:30.229816-06:00 c0-0c2s1n1 [80C[10D[1;32mdone[m8[?25h
2015-02-13T13:20:30.280178-06:00 c0-0c2s1n1 [m[?25hStarting MUNGE: munged7[?25l
2015-02-13T13:20:30.280188-06:00 c0-0c2s1n1 [80C[10D[1;32mdone[m8[?25h
2015-02-13T13:20:30.305710-06:00 c0-0c2s1n1 [m[?25h[m[?25h[m[?25hStarting Name Service Cache Daemon7[?25l
2015-02-13T13:20:30.305718-06:00 c0-0c2s1n1 [80C[10D[1;32mdone[m8[?25h
2015-02-13T13:20:30.331092-06:00 c0-0c2s1n1 [m[?25hEnabling Linux Jobs
2015-02-13T13:20:30.405390-06:00 c0-0c2s1n1 [m[?25hStarting alps services
2015-02-13T13:20:30.889173-06:00 c0-0c2s1n1 Starting apsys
2015-02-13T13:20:31.660875-06:00 c0-0c2s1n1 2015-02-13 13:20:26: Switching pid 7418 to PATH332988
2015-02-13T13:20:31.908847-06:00 c0-0c2s1n1 7[?25l
2015-02-13T13:20:31.908860-06:00 c0-0c2s1n1 [80C[10D[1;32mdone[m8[?25h
2015-02-13T13:20:31.945393-06:00 c0-0c2s1n1 [m[?25h<node_health> Starting node_health_recovery
2015-02-13T13:20:31.970605-06:00 c0-0c2s1n1 [m[?25hsdbnodes are: 137 137 
2015-02-13T13:20:31.970628-06:00 c0-0c2s1n1 mynid=133
2015-02-13T13:20:31.970641-06:00 c0-0c2s1n1 [m[?25hBoot event: Starting
2015-02-13T13:20:31.995959-06:00 c0-0c2s1n1 blogd: no message logging because PATH1262 file system is not accessible
2015-02-13T13:20:31.995988-06:00 c0-0c2s1n1 Sending ec_node_info with boot code 8 (NODE_INFO_OS_BOOT_SUCCEEDED) for nid 133
2015-02-13T13:20:31.996011-06:00 c0-0c2s1n1 [m[?25hMaster Resource Control: runlevel 3 has been 
2015-02-13T13:20:31.996023-06:00 c0-0c2s1n1 [80C[10D[1mreached[m
2015-02-13T13:20:31.996099-06:00 c0-0c2s1n1 Failed services in runlevel 3: [80C[11D[1;31mlnet[m
2015-02-13T13:20:31.996233-06:00 c0-0c2s1n1 INIT: no more processes left in this runlevel
2015-02-13T13:11:13.973699-06:00 c0-0c2s4n1 ERROR: Type:2; Severity:80; Class:3; Subclass:D; Operation: 2
2015-02-13T13:21:36.870509-06:00 c0-0c2s4n1 Wait4Boot: WRITE: 523 bytes to memory @ 0x90CD0 ... complete
2015-02-13T13:21:36.870517-06:00 c0-0c2s4n1 Wait4Boot: Blade Controller Boot Protocol version - 1
