2015-02-12T15:28:39.302018-06:00 c0-0c2s3n1 ERROR: Type:2; Severity:80; Class:3; Subclass:D; Operation: 2
2015-02-12T15:39:08.938108-06:00 c0-0c2s3n1 Wait4Boot: WRITE: 523 bytes to memory @ 0x90CD0 ... complete
2015-02-12T15:39:08.938117-06:00 c0-0c2s3n1 Wait4Boot: Blade Controller Boot Protocol version - 1
2015-02-12T15:39:08.938122-06:00 c0-0c2s3n1 Wait4Boot: JUMP: KernelStart 0x100000, boot_params 0x90000, CmdLineAddr 0x90CD0
2015-02-12T15:39:08.938132-06:00 c0-0c2s3n1 OnExitBootServices..
2015-02-12T15:39:09.014756-06:00 c0-0c2s3n1 ConfigureXhciAtBoot() Start
2015-02-12T15:39:09.015096-06:00 c0-0c2s3n1 ConfigureXhciAtBoot() End
2015-02-12T15:39:09.015343-06:00 c0-0c2s3n1 (Wdt) RunWdtBeforeOsBoot
2015-02-12T15:39:09.015568-06:00 c0-0c2s3n1 (Wdt) DisableTimer
2015-02-12T15:39:12.057790-06:00 c0-0c2s3n1 Crypto Lib Callback.
2015-02-12T15:39:12.082720-06:00 c0-0c2s3n1 Heap addr before Virtual MemFixup = 7bacb018, After = 7bacb018
2015-02-12T15:39:12.082964-06:00 c0-0c2s3n1 NvramSmi Go Virtual
2015-02-12T15:39:12.209736-06:00 c0-0c2s3n1 Stopping all external HCs
2015-02-12T15:39:12.234520-06:00 c0-0c2s3n1 stopping all HC type 40:
2015-02-12T15:39:21.636730-06:00 c0-0c2s3n1 i8042: No controller found
2015-02-12T15:39:25.992404-06:00 c0-0c2s3n1 Sending ec_node_info with boot code 0 (NODE_INFO_OS_BOOT) for nid 141
2015-02-12T15:39:25.992416-06:00 c0-0c2s3n1 net.core.rmem_max = 16777216
2015-02-12T15:39:25.992422-06:00 c0-0c2s3n1 net.core.wmem_max = 16777216
2015-02-12T15:39:25.992434-06:00 c0-0c2s3n1 net.core.rmem_default = 16777216
2015-02-12T15:39:25.992444-06:00 c0-0c2s3n1 net.core.wmem_default = 16777216
2015-02-12T15:39:25.992452-06:00 c0-0c2s3n1 net.core.optmem_max = 16777216
2015-02-12T15:39:25.992458-06:00 c0-0c2s3n1 net.ipv4.tcp_mem = 16777216 16777216 16777216
2015-02-12T15:39:25.992472-06:00 c0-0c2s3n1 net.ipv4.tcp_rmem = 4096 87380 16777216
2015-02-12T15:39:25.992477-06:00 c0-0c2s3n1 net.ipv4.tcp_wmem = 4096 65536 16777216
2015-02-12T15:39:25.992485-06:00 c0-0c2s3n1 nid 141: Linux version 3.0.101-0.31.1_1.0502.8394-cray_ari_c (abuild@cfosbld02) (gcc version 4.3.4 [gcc-4_3-branch revision 152973] (SUSE Linux) ) #1 SMP Wed Sep 10 04:09:26 UTC 2014
2015-02-12T15:39:25.992520-06:00 c0-0c2s3n1 starting pid 6929, tty '': 'PATH3974'
2015-02-12T15:39:25.992526-06:00 c0-0c2s3n1 bpmcd_init: Power statistics available in PATH1240
2015-02-12T15:39:25.992551-06:00 c0-0c2s3n1 DVS: Revision 1873 - Built: Sep 17 2014 @ 06:40:25 for lnet version 2.5
2015-02-12T15:39:25.992559-06:00 c0-0c2s3n1 LNet: HW CPU cores: 64, npartitions: 8
2015-02-12T15:39:29.911719-06:00 c0-0c2s3n1 Lustre: kgnilnd build version: 2.5-trunk-1.0502.17198.8.57-abuild-RB-5.2UP02_2.5.1-2014-09-17-06:43
2015-02-12T15:39:30.016704-06:00 c0-0c2s3n1 LNet: Added LNI 141@gni [PATH4853]
2015-02-12T15:39:46.028193-06:00 c0-0c2s3n1 mcelog: Family 6 Model 3f CPU: only decoding architectural errors
2015-02-12T15:39:46.093613-06:00 c0-0c2s3n1 SGI XPMEM kernel module v2.2 loaded
2015-02-12T15:39:46.118977-06:00 c0-0c2s3n1 <node_health> (xtnhd) xtnhd has started
2015-02-12T15:39:46.337716-06:00 c0-0c2s3n1 boot_freemem data calculated:  130106676
2015-02-12T15:28:37.247355-06:00 c0-0c1s10n0 ERROR: Type:2; Severity:80; Class:3; Subclass:D; Operation: 2
2015-02-12T15:39:09.039066-06:00 c0-0c1s10n0 Wait4Boot: WRITE: 523 bytes to memory @ 0x90CD0 ... complete
2015-02-12T15:39:09.039074-06:00 c0-0c1s10n0 Wait4Boot: Blade Controller Boot Protocol version - 1
2015-02-12T15:39:09.039086-06:00 c0-0c1s10n0 Wait4Boot: JUMP: KernelStart 0x100000, boot_params 0x90000, CmdLineAddr 0x90CD0
2015-02-12T15:39:09.039096-06:00 c0-0c1s10n0 OnExitBootServices..
2015-02-12T15:39:09.039104-06:00 c0-0c1s10n0 ConfigureXhciAtBoot() Start
2015-02-12T15:39:09.039112-06:00 c0-0c1s10n0 ConfigureXhciAtBoot() End
2015-02-12T15:39:09.039126-06:00 c0-0c1s10n0 (Wdt) RunWdtBeforeOsBoot
2015-02-12T15:39:09.039152-06:00 c0-0c1s10n0 (Wdt) DisableTimer
2015-02-12T15:39:12.032089-06:00 c0-0c1s10n0 Crypto Lib Callback.
2015-02-12T15:39:12.032489-06:00 c0-0c1s10n0 Heap addr before Virtual MemFixup = 7bacb018, After = 7bacb018
2015-02-12T15:39:12.032518-06:00 c0-0c1s10n0 NvramSmi Go Virtual
2015-02-12T15:39:12.183874-06:00 c0-0c1s10n0 Stopping all external HCs
2015-02-12T15:39:12.184002-06:00 c0-0c1s10n0 stopping all HC type 40:
2015-02-12T15:39:21.687290-06:00 c0-0c1s10n0 i8042: No controller found
2015-02-12T15:39:25.912379-06:00 c0-0c1s10n0 Sending ec_node_info with boot code 0 (NODE_INFO_OS_BOOT) for nid 104
2015-02-12T15:39:25.912388-06:00 c0-0c1s10n0 net.core.rmem_max = 16777216
2015-02-12T15:39:25.912394-06:00 c0-0c1s10n0 net.core.wmem_max = 16777216
2015-02-12T15:39:25.912404-06:00 c0-0c1s10n0 net.core.rmem_default = 16777216
2015-02-12T15:39:25.912415-06:00 c0-0c1s10n0 net.core.wmem_default = 16777216
2015-02-12T15:39:25.912421-06:00 c0-0c1s10n0 net.core.optmem_max = 16777216
2015-02-12T15:39:25.912432-06:00 c0-0c1s10n0 net.ipv4.tcp_mem = 16777216 16777216 16777216
2015-02-12T15:39:25.912440-06:00 c0-0c1s10n0 net.ipv4.tcp_rmem = 4096 87380 16777216
2015-02-12T15:39:25.912446-06:00 c0-0c1s10n0 net.ipv4.tcp_wmem = 4096 65536 16777216
2015-02-12T15:39:25.912453-06:00 c0-0c1s10n0 nid 104: Linux version 3.0.101-0.31.1_1.0502.8394-cray_ari_c (abuild@cfosbld02) (gcc version 4.3.4 [gcc-4_3-branch revision 152973] (SUSE Linux) ) #1 SMP Wed Sep 10 04:09:26 UTC 2014
2015-02-12T15:39:25.912465-06:00 c0-0c1s10n0 starting pid 6938, tty '': 'PATH3974'
2015-02-12T15:39:25.912487-06:00 c0-0c1s10n0 bpmcd_init: Power statistics available in PATH1240
2015-02-12T15:39:25.912496-06:00 c0-0c1s10n0 DVS: Revision 1873 - Built: Sep 17 2014 @ 06:40:25 for lnet version 2.5
2015-02-12T15:39:25.912502-06:00 c0-0c1s10n0 LNet: HW CPU cores: 64, npartitions: 8
2015-02-12T15:39:29.861206-06:00 c0-0c1s10n0 Lustre: kgnilnd build version: 2.5-trunk-1.0502.17198.8.57-abuild-RB-5.2UP02_2.5.1-2014-09-17-06:43
2015-02-12T15:39:29.987340-06:00 c0-0c1s10n0 LNet: Added LNI 104@gni [PATH4853]
2015-02-12T15:39:46.002849-06:00 c0-0c1s10n0 mcelog: Family 6 Model 3f CPU: only decoding architectural errors
2015-02-12T15:39:46.028118-06:00 c0-0c1s10n0 SGI XPMEM kernel module v2.2 loaded
2015-02-12T15:39:46.028158-06:00 c0-0c1s10n0 <node_health> (xtnhd) xtnhd has started
2015-02-12T15:39:46.337691-06:00 c0-0c1s10n0 boot_freemem data calculated:  130104836
2015-02-12T15:28:41.323480-06:00 c0-0c1s10n2 ERROR: Type:2; Severity:80; Class:3; Subclass:D; Operation: 2
2015-02-12T15:39:09.039313-06:00 c0-0c1s10n2 Wait4Boot: WRITE: 523 bytes to memory @ 0x90CD0 ... complete
2015-02-12T15:39:09.039321-06:00 c0-0c1s10n2 Wait4Boot: Blade Controller Boot Protocol version - 1
2015-02-12T15:39:09.039327-06:00 c0-0c1s10n2 Wait4Boot: JUMP: KernelStart 0x100000, boot_params 0x90000, CmdLineAddr 0x90CD0
2015-02-12T15:39:09.039332-06:00 c0-0c1s10n2 OnExitBootServices..
2015-02-12T15:39:09.039344-06:00 c0-0c1s10n2 ConfigureXhciAtBoot() Start
2015-02-12T15:39:09.039358-06:00 c0-0c1s10n2 ConfigureXhciAtBoot() End
2015-02-12T15:39:09.039362-06:00 c0-0c1s10n2 (Wdt) RunWdtBeforeOsBoot
2015-02-12T15:39:09.039375-06:00 c0-0c1s10n2 (Wdt) DisableTimer
2015-02-12T15:39:12.083046-06:00 c0-0c1s10n2 Crypto Lib Callback.
2015-02-12T15:39:12.107974-06:00 c0-0c1s10n2 Heap addr before Virtual MemFixup = 7bacb018, After = 7bacb018
2015-02-12T15:39:12.108073-06:00 c0-0c1s10n2 NvramSmi Go Virtual
2015-02-12T15:39:12.259785-06:00 c0-0c1s10n2 Stopping all external HCs
2015-02-12T15:39:12.259882-06:00 c0-0c1s10n2 stopping all HC type 40:
2015-02-12T15:39:21.662214-06:00 c0-0c1s10n2 i8042: No controller found
2015-02-12T15:39:25.952088-06:00 c0-0c1s10n2 Sending ec_node_info with boot code 0 (NODE_INFO_OS_BOOT) for nid 106
2015-02-12T15:39:25.952099-06:00 c0-0c1s10n2 net.core.rmem_max = 16777216
2015-02-12T15:39:25.952105-06:00 c0-0c1s10n2 net.core.wmem_max = 16777216
2015-02-12T15:39:25.952125-06:00 c0-0c1s10n2 net.core.rmem_default = 16777216
2015-02-12T15:39:25.952137-06:00 c0-0c1s10n2 net.core.wmem_default = 16777216
2015-02-12T15:39:25.952161-06:00 c0-0c1s10n2 net.core.optmem_max = 16777216
2015-02-12T15:39:25.952174-06:00 c0-0c1s10n2 net.ipv4.tcp_mem = 16777216 16777216 16777216
2015-02-12T15:39:25.952180-06:00 c0-0c1s10n2 net.ipv4.tcp_rmem = 4096 87380 16777216
2015-02-12T15:39:25.952185-06:00 c0-0c1s10n2 net.ipv4.tcp_wmem = 4096 65536 16777216
2015-02-12T15:39:25.952199-06:00 c0-0c1s10n2 nid 106: Linux version 3.0.101-0.31.1_1.0502.8394-cray_ari_c (abuild@cfosbld02) (gcc version 4.3.4 [gcc-4_3-branch revision 152973] (SUSE Linux) ) #1 SMP Wed Sep 10 04:09:26 UTC 2014
2015-02-12T15:39:25.952212-06:00 c0-0c1s10n2 starting pid 6922, tty '': 'PATH3974'
2015-02-12T15:39:25.952217-06:00 c0-0c1s10n2 bpmcd_init: Power statistics available in PATH1240
2015-02-12T15:39:25.952222-06:00 c0-0c1s10n2 DVS: Revision 1873 - Built: Sep 17 2014 @ 06:40:25 for lnet version 2.5
2015-02-12T15:39:25.952227-06:00 c0-0c1s10n2 LNet: HW CPU cores: 64, npartitions: 8
2015-02-12T15:39:30.714305-06:00 c0-0c1s10n2 Lustre: kgnilnd build version: 2.5-trunk-1.0502.17198.8.57-abuild-RB-5.2UP02_2.5.1-2014-09-17-06:43
2015-02-12T15:39:30.840405-06:00 c0-0c1s10n2 LNet: Added LNI 106@gni [PATH4853]
2015-02-12T15:39:46.842139-06:00 c0-0c1s10n2 mcelog: Family 6 Model 3f CPU: only decoding architectural errors
2015-02-12T15:39:46.909547-06:00 c0-0c1s10n2 SGI XPMEM kernel module v2.2 loaded
2015-02-12T15:39:46.909559-06:00 c0-0c1s10n2 <node_health> (xtnhd) xtnhd has started
2015-02-12T15:39:47.413426-06:00 c0-0c1s10n2 boot_freemem data calculated:  130105436
2015-02-12T15:28:39.301996-06:00 c0-0c0s4n1 ERROR: Type:2; Severity:80; Class:3; Subclass:D; Operation: 2
2015-02-12T15:39:09.040022-06:00 c0-0c0s4n1 Wait4Boot: WRITE: 523 bytes to memory @ 0x90CD0 ... complete
2015-02-12T15:39:09.040031-06:00 c0-0c0s4n1 Wait4Boot: Blade Controller Boot Protocol version - 1
2015-02-12T15:39:09.040049-06:00 c0-0c0s4n1 Wait4Boot: JUMP: KernelStart 0x100000, boot_params 0x90000, CmdLineAddr 0x90CD0
2015-02-12T15:39:09.040057-06:00 c0-0c0s4n1 OnExitBootServices..
2015-02-12T15:39:09.114276-06:00 c0-0c0s4n1 ConfigureXhciAtBoot() Start
2015-02-12T15:39:09.114299-06:00 c0-0c0s4n1 ConfigureXhciAtBoot() End
2015-02-12T15:39:09.114318-06:00 c0-0c0s4n1 (Wdt) RunWdtBeforeOsBoot
2015-02-12T15:39:09.114338-06:00 c0-0c0s4n1 (Wdt) DisableTimer
2015-02-12T15:39:12.183794-06:00 c0-0c0s4n1 Crypto Lib Callback.
2015-02-12T15:39:12.183818-06:00 c0-0c0s4n1 Heap addr before Virtual MemFixup = 7bacb018, After = 7bacb018
2015-02-12T15:39:12.183839-06:00 c0-0c0s4n1 NvramSmi Go Virtual
2015-02-12T15:39:12.335362-06:00 c0-0c0s4n1 Stopping all external HCs
2015-02-12T15:39:12.335384-06:00 c0-0c0s4n1 stopping all HC type 40:
2015-02-12T15:39:21.788128-06:00 c0-0c0s4n1 i8042: No controller found
2015-02-12T15:39:25.808843-06:00 c0-0c0s4n1 Sending ec_node_info with boot code 0 (NODE_INFO_OS_BOOT) for nid 17
2015-02-12T15:39:25.808851-06:00 c0-0c0s4n1 net.core.rmem_max = 16777216
2015-02-12T15:39:25.808856-06:00 c0-0c0s4n1 net.core.wmem_max = 16777216
2015-02-12T15:39:25.808861-06:00 c0-0c0s4n1 net.core.rmem_default = 16777216
2015-02-12T15:39:25.808868-06:00 c0-0c0s4n1 net.core.wmem_default = 16777216
2015-02-12T15:39:25.808880-06:00 c0-0c0s4n1 net.core.optmem_max = 16777216
2015-02-12T15:39:25.808890-06:00 c0-0c0s4n1 net.ipv4.tcp_mem = 16777216 16777216 16777216
2015-02-12T15:39:25.808896-06:00 c0-0c0s4n1 net.ipv4.tcp_rmem = 4096 87380 16777216
2015-02-12T15:39:25.808907-06:00 c0-0c0s4n1 net.ipv4.tcp_wmem = 4096 65536 16777216
2015-02-12T15:39:25.808915-06:00 c0-0c0s4n1 nid 17: Linux version 3.0.101-0.31.1_1.0502.8394-cray_ari_c (abuild@cfosbld02) (gcc version 4.3.4 [gcc-4_3-branch revision 152973] (SUSE Linux) ) #1 SMP Wed Sep 10 04:09:26 UTC 2014
2015-02-12T15:39:25.808924-06:00 c0-0c0s4n1 starting pid 6925, tty '': 'PATH3974'
2015-02-12T15:39:25.808929-06:00 c0-0c0s4n1 bpmcd_init: Power statistics available in PATH1240
2015-02-12T15:39:25.808941-06:00 c0-0c0s4n1 DVS: Revision 1873 - Built: Sep 17 2014 @ 06:40:25 for lnet version 2.5
2015-02-12T15:39:25.808949-06:00 c0-0c0s4n1 LNet: HW CPU cores: 64, npartitions: 8
2015-02-12T15:39:29.760336-06:00 c0-0c0s4n1 Lustre: kgnilnd build version: 2.5-trunk-1.0502.17198.8.57-abuild-RB-5.2UP02_2.5.1-2014-09-17-06:43
2015-02-12T15:39:29.886535-06:00 c0-0c0s4n1 LNet: Added LNI 17@gni [PATH4853]
2015-02-12T15:39:45.899109-06:00 c0-0c0s4n1 mcelog: Family 6 Model 3f CPU: only decoding architectural errors
2015-02-12T15:39:45.925892-06:00 c0-0c0s4n1 SGI XPMEM kernel module v2.2 loaded
2015-02-12T15:39:45.925913-06:00 c0-0c0s4n1 <node_health> (xtnhd) xtnhd has started
2015-02-12T15:39:46.183811-06:00 c0-0c0s4n1 boot_freemem data calculated:  130106564
2015-02-12T15:28:37.759735-06:00 c0-0c1s1n2 ERROR: Type:2; Severity:80; Class:3; Subclass:D; Operation: 2
2015-02-12T15:37:08.053177-06:00 c0-0c1s1n2 Wait4Boot: WRITE: 533 bytes to memory @ 0x90CD0 ... complete
2015-02-12T15:37:08.053227-06:00 c0-0c1s1n2 Wait4Boot: Blade Controller Boot Protocol version - 1
2015-02-12T15:37:08.102943-06:00 c0-0c1s1n2 Wait4Boot: JUMP: KernelStart 0x100000, boot_params 0x90000, CmdLineAddr 0x90CD0
2015-02-12T15:37:08.230688-06:00 c0-0c1s1n2 Decompressing Linux... Parsing ELF... done.
2015-02-12T15:37:08.230796-06:00 c0-0c1s1n2 Booting the kernel.
2015-02-12T15:37:08.255570-06:00 c0-0c1s1n2 Initializing cgroup subsys cpuset
2015-02-12T15:37:08.255685-06:00 c0-0c1s1n2 Initializing cgroup subsys cpu
2015-02-12T15:37:08.292117-06:00 c0-0c1s1n2 Linux version 3.0.101-0.31.1_1.0502.8394-cray_ari_s (abuild@cfosbld05) (gcc version 4.3.4 [gcc-4_3-branch revision 152973] (SUSE Linux) ) #1 SMP Wed Sep 10 04:03:41 UTC 2014
2015-02-12T15:37:08.373043-06:00 c0-0c1s1n2 Command line: earlyprintk=serial,115200 load_ramdisk=1 ramdisk_size=80000 console=ttyS0,115200n8 bootnodeip=IPADDR13 bootproto=ipog bootpath=PATH1220 rootfs=nfs-shared root=PATH1221 oops=panic bootifnetmask=IPADDR15 elevator=noop ippob1=10 ippob2=128 pcie_ports=native iommu=on intel_iommu=off bad_page=panic pln_enable=off apei_disable hest_disable erst_disable ghes_disable cgroup_disable=memory active_wlm=ALPS sdbnodeip=IPADDR16 sessionid=p0-20150212t152812 _cray=marker_ 
2015-02-12T15:37:08.373173-06:00 c0-0c1s1n2 KERNEL supported cpus:
2015-02-12T15:37:08.381665-06:00 c0-0c1s1n2  Intel GenuineIntel
2015-02-12T15:37:08.381718-06:00 c0-0c1s1n2 BIOS-provided physical RAM map:
2015-02-12T15:37:08.381931-06:00 c0-0c1s1n2 BIOS-e820: 0000000000000000 - 00000000000a0000 (usable)
2015-02-12T15:37:08.420083-06:00 c0-0c1s1n2 BIOS-e820: 0000000000100000 - 000000007e67c000 (usable)
2015-02-12T15:37:08.420204-06:00 c0-0c1s1n2 BIOS-e820: 000000007e67c000 - 000000007e790000 (ACPI NVS)
2015-02-12T15:37:08.420414-06:00 c0-0c1s1n2 BIOS-e820: 000000007e790000 - 000000007f395000 (reserved)
2015-02-12T15:37:08.420587-06:00 c0-0c1s1n2 BIOS-e820: 000000007f395000 - 000000007f410000 (ACPI data)
2015-02-12T15:37:08.460398-06:00 c0-0c1s1n2 BIOS-e820: 000000007f410000 - 000000007f491000 (reserved)
2015-02-12T15:37:08.460676-06:00 c0-0c1s1n2 BIOS-e820: 000000007f491000 - 000000007f493000 (usable)
2015-02-12T15:37:08.460911-06:00 c0-0c1s1n2 BIOS-e820: 000000007f493000 - 000000007f494000 (ACPI NVS)
2015-02-12T15:37:08.461122-06:00 c0-0c1s1n2 BIOS-e820: 000000007f494000 - 000000007f49e000 (reserved)
2015-02-12T15:37:08.461376-06:00 c0-0c1s1n2 BIOS-e820: 000000007f49e000 - 000000007f4a6000 (ACPI NVS)
2015-02-12T15:37:08.461680-06:00 c0-0c1s1n2 BIOS-e820: 000000007f4a6000 - 000000007f4d2000 (reserved)
2015-02-12T15:37:08.500463-06:00 c0-0c1s1n2 BIOS-e820: 000000007f4d2000 - 000000007f558000 (ACPI NVS)
2015-02-12T15:37:08.500637-06:00 c0-0c1s1n2 BIOS-e820: 000000007f558000 - 000000007f800000 (usable)
2015-02-12T15:37:08.507899-06:00 c0-0c1s1n2 BIOS-e820: 0000000080000000 - 0000000090000000 (reserved)
2015-02-12T15:37:08.508188-06:00 c0-0c1s1n2 BIOS-e820: 00000000fed1c000 - 00000000fed20000 (reserved)
2015-02-12T15:37:08.508496-06:00 c0-0c1s1n2 BIOS-e820: 00000000ff000000 - 0000000100000000 (reserved)
2015-02-12T15:37:08.508818-06:00 c0-0c1s1n2 BIOS-e820: 0000000100000000 - 0000001080000000 (usable)
2015-02-12T15:37:08.533322-06:00 c0-0c1s1n2 bootconsole [earlyser0] enabled
2015-02-12T15:37:08.533600-06:00 c0-0c1s1n2 NX (Execute Disable) protection: active
2015-02-12T15:37:08.533653-06:00 c0-0c1s1n2 EFI v2.10 by American Megatrends
2015-02-12T15:37:08.533903-06:00 c0-0c1s1n2 ACPI=0x7f395000  ACPI 2.0=0x7f395000  SMBIOS=0xf04c0  MPS=0xfd450 
2015-02-12T15:37:08.558817-06:00 c0-0c1s1n2 EFI: mem00: type=3, attr=0xf, range=[0x0000000000000000-0x0000000000008000) (0MB)
2015-02-12T15:37:08.583735-06:00 c0-0c1s1n2 EFI: mem01: type=7, attr=0xf, range=[0x0000000000008000-0x0000000000060000) (0MB)
2015-02-12T15:37:08.584023-06:00 c0-0c1s1n2 EFI: mem02: type=3, attr=0xf, range=[0x0000000000060000-0x00000000000a0000) (0MB)
2015-02-12T15:37:08.584289-06:00 c0-0c1s1n2 EFI: mem03: type=7, attr=0xf, range=[0x0000000000100000-0x0000000001000000) (15MB)
2015-02-12T15:37:08.609234-06:00 c0-0c1s1n2 EFI: mem04: type=2, attr=0xf, range=[0x0000000001000000-0x0000000001100000) (1MB)
2015-02-12T15:37:08.609496-06:00 c0-0c1s1n2 EFI: mem05: type=4, attr=0xf, range=[0x0000000001100000-0x00000000017ea000) (6MB)
2015-02-12T15:37:08.634440-06:00 c0-0c1s1n2 EFI: mem06: type=3, attr=0xf, range=[0x00000000017ea000-0x00000000017ee000) (0MB)
2015-02-12T15:37:08.659504-06:00 c0-0c1s1n2 EFI: mem07: type=4, attr=0xf, range=[0x00000000017ee000-0x0000000001886000) (0MB)
2015-02-12T15:37:08.659800-06:00 c0-0c1s1n2 EFI: mem08: type=3, attr=0xf, range=[0x0000000001886000-0x000000000188f000) (0MB)
2015-02-12T15:37:08.684777-06:00 c0-0c1s1n2 EFI: mem09: type=4, attr=0xf, range=[0x000000000188f000-0x0000000001892000) (0MB)
2015-02-12T15:37:08.685031-06:00 c0-0c1s1n2 EFI: mem10: type=3, attr=0xf, range=[0x0000000001892000-0x000000000189e000) (0MB)
2015-02-12T15:37:08.724409-06:00 c0-0c1s1n2 EFI: mem11: type=4, attr=0xf, range=[0x000000000189e000-0x00000000018a9000) (0MB)
2015-02-12T15:37:08.724616-06:00 c0-0c1s1n2 EFI: mem12: type=3, attr=0xf, range=[0x00000000018a9000-0x00000000018ab000) (0MB)
2015-02-12T15:37:08.764464-06:00 c0-0c1s1n2 EFI: mem13: type=4, attr=0xf, range=[0x00000000018ab000-0x00000000018ad000) (0MB)
2015-02-12T15:37:08.764753-06:00 c0-0c1s1n2 EFI: mem14: type=3, attr=0xf, range=[0x00000000018ad000-0x00000000018af000) (0MB)
2015-02-12T15:37:08.765027-06:00 c0-0c1s1n2 EFI: mem15: type=4, attr=0xf, range=[0x00000000018af000-0x00000000018b7000) (0MB)
2015-02-12T15:37:08.765299-06:00 c0-0c1s1n2 EFI: mem16: type=3, attr=0xf, range=[0x00000000018b7000-0x00000000018bb000) (0MB)
2015-02-12T15:37:08.804458-06:00 c0-0c1s1n2 EFI: mem17: type=4, attr=0xf, range=[0x00000000018bb000-0x00000000018bd000) (0MB)
2015-02-12T15:37:08.804760-06:00 c0-0c1s1n2 EFI: mem18: type=3, attr=0xf, range=[0x00000000018bd000-0x00000000018bf000) (0MB)
2015-02-12T15:37:08.811159-06:00 c0-0c1s1n2 EFI: mem19: type=4, attr=0xf, range=[0x00000000018bf000-0x00000000018d1000) (0MB)
2015-02-12T15:37:08.848430-06:00 c0-0c1s1n2 EFI: mem20: type=3, attr=0xf, range=[0x00000000018d1000-0x00000000018d7000) (0MB)
2015-02-12T15:37:08.848709-06:00 c0-0c1s1n2 EFI: mem21: type=4, attr=0xf, range=[0x00000000018d7000-0x00000000018f9000) (0MB)
2015-02-12T15:37:08.848995-06:00 c0-0c1s1n2 EFI: mem22: type=3, attr=0xf, range=[0x00000000018f9000-0x0000000001908000) (0MB)
2015-02-12T15:37:08.888488-06:00 c0-0c1s1n2 EFI: mem23: type=4, attr=0xf, range=[0x0000000001908000-0x0000000001921000) (0MB)
2015-02-12T15:37:08.888733-06:00 c0-0c1s1n2 EFI: mem24: type=3, attr=0xf, range=[0x0000000001921000-0x000000000192b000) (0MB)
2015-02-12T15:37:08.889003-06:00 c0-0c1s1n2 EFI: mem25: type=4, attr=0xf, range=[0x000000000192b000-0x0000000001933000) (0MB)
2015-02-12T15:37:08.889294-06:00 c0-0c1s1n2 EFI: mem26: type=3, attr=0xf, range=[0x0000000001933000-0x0000000001936000) (0MB)
2015-02-12T15:37:08.928466-06:00 c0-0c1s1n2 EFI: mem27: type=4, attr=0xf, range=[0x0000000001936000-0x000000000193b000) (0MB)
2015-02-12T15:37:08.928763-06:00 c0-0c1s1n2 EFI: mem28: type=3, attr=0xf, range=[0x000000000193b000-0x000000000193e000) (0MB)
2015-02-12T15:37:08.937405-06:00 c0-0c1s1n2 EFI: mem29: type=4, attr=0xf, range=[0x000000000193e000-0x0000000001964000) (0MB)
2015-02-12T15:37:08.937673-06:00 c0-0c1s1n2 EFI: mem30: type=3, attr=0xf, range=[0x0000000001964000-0x0000000001968000) (0MB)
2015-02-12T15:37:08.962621-06:00 c0-0c1s1n2 EFI: mem31: type=4, attr=0xf, range=[0x0000000001968000-0x000000000198a000) (0MB)
2015-02-12T15:37:08.962956-06:00 c0-0c1s1n2 EFI: mem32: type=3, attr=0xf, range=[0x000000000198a000-0x00000000019b0000) (0MB)
2015-02-12T15:37:08.988027-06:00 c0-0c1s1n2 EFI: mem33: type=4, attr=0xf, range=[0x00000000019b0000-0x00000000019be000) (0MB)
2015-02-12T15:37:08.988158-06:00 c0-0c1s1n2 EFI: mem34: type=3, attr=0xf, range=[0x00000000019be000-0x00000000019ce000) (0MB)
2015-02-12T15:37:09.013087-06:00 c0-0c1s1n2 EFI: mem35: type=4, attr=0xf, range=[0x00000000019ce000-0x00000000019d0000) (0MB)
2015-02-12T15:37:09.052402-06:00 c0-0c1s1n2 EFI: mem36: type=3, attr=0xf, range=[0x00000000019d0000-0x00000000019d7000) (0MB)
2015-02-12T15:37:09.052659-06:00 c0-0c1s1n2 EFI: mem37: type=4, attr=0xf, range=[0x00000000019d7000-0x00000000019e1000) (0MB)
2015-02-12T15:37:09.052897-06:00 c0-0c1s1n2 EFI: mem38: type=3, attr=0xf, range=[0x00000000019e1000-0x00000000019e5000) (0MB)
2015-02-12T15:37:09.092383-06:00 c0-0c1s1n2 EFI: mem39: type=4, attr=0xf, range=[0x00000000019e5000-0x0000000001a02000) (0MB)
2015-02-12T15:37:09.092644-06:00 c0-0c1s1n2 EFI: mem40: type=3, attr=0xf, range=[0x0000000001a02000-0x0000000001a06000) (0MB)
2015-02-12T15:37:09.092889-06:00 c0-0c1s1n2 EFI: mem41: type=4, attr=0xf, range=[0x0000000001a06000-0x0000000001a0a000) (0MB)
2015-02-12T15:37:09.093159-06:00 c0-0c1s1n2 EFI: mem42: type=3, attr=0xf, range=[0x0000000001a0a000-0x0000000001a1e000) (0MB)
2015-02-12T15:37:09.093415-06:00 c0-0c1s1n2 EFI: mem43: type=4, attr=0xf, range=[0x0000000001a1e000-0x0000000001a22000) (0MB)
2015-02-12T15:37:09.132541-06:00 c0-0c1s1n2 EFI: mem44: type=3, attr=0xf, range=[0x0000000001a22000-0x0000000001a26000) (0MB)
2015-02-12T15:37:09.139402-06:00 c0-0c1s1n2 EFI: mem45: type=4, attr=0xf, range=[0x0000000001a26000-0x0000000001a34000) (0MB)
2015-02-12T15:37:09.176368-06:00 c0-0c1s1n2 EFI: mem46: type=3, attr=0xf, range=[0x0000000001a34000-0x0000000001a3b000) (0MB)
2015-02-12T15:37:09.176628-06:00 c0-0c1s1n2 EFI: mem47: type=4, attr=0xf, range=[0x0000000001a3b000-0x0000000001a42000) (0MB)
2015-02-12T15:37:09.176884-06:00 c0-0c1s1n2 EFI: mem48: type=3, attr=0xf, range=[0x0000000001a42000-0x0000000001a4a000) (0MB)
2015-02-12T15:37:09.177137-06:00 c0-0c1s1n2 EFI: mem49: type=4, attr=0xf, range=[0x0000000001a4a000-0x0000000001a4b000) (0MB)
2015-02-12T15:37:09.216621-06:00 c0-0c1s1n2 EFI: mem50: type=3, attr=0xf, range=[0x0000000001a4b000-0x0000000001a4d000) (0MB)
2015-02-12T15:37:09.216902-06:00 c0-0c1s1n2 EFI: mem51: type=4, attr=0xf, range=[0x0000000001a4d000-0x0000000001a52000) (0MB)
2015-02-12T15:37:09.217168-06:00 c0-0c1s1n2 EFI: mem52: type=3, attr=0xf, range=[0x0000000001a52000-0x0000000001a69000) (0MB)
2015-02-12T15:37:09.256350-06:00 c0-0c1s1n2 EFI: mem53: type=4, attr=0xf, range=[0x0000000001a69000-0x0000000001a6f000) (0MB)
2015-02-12T15:37:09.256568-06:00 c0-0c1s1n2 EFI: mem54: type=3, attr=0xf, range=[0x0000000001a6f000-0x0000000001a70000) (0MB)
2015-02-12T15:37:09.256851-06:00 c0-0c1s1n2 EFI: mem55: type=4, attr=0xf, range=[0x0000000001a70000-0x0000000001a71000) (0MB)
2015-02-12T15:37:09.265675-06:00 c0-0c1s1n2 EFI: mem56: type=3, attr=0xf, range=[0x0000000001a71000-0x0000000001a79000) (0MB)
2015-02-12T15:37:09.290734-06:00 c0-0c1s1n2 EFI: mem57: type=4, attr=0xf, range=[0x0000000001a79000-0x0000000001a7a000) (0MB)
2015-02-12T15:37:09.328345-06:00 c0-0c1s1n2 EFI: mem58: type=3, attr=0xf, range=[0x0000000001a7a000-0x0000000001a83000) (0MB)
2015-02-12T15:37:09.328541-06:00 c0-0c1s1n2 EFI: mem59: type=4, attr=0xf, range=[0x0000000001a83000-0x0000000001a85000) (0MB)
2015-02-12T15:37:09.328742-06:00 c0-0c1s1n2 EFI: mem60: type=3, attr=0xf, range=[0x0000000001a85000-0x0000000001abe000) (0MB)
2015-02-12T15:37:09.368406-06:00 c0-0c1s1n2 EFI: mem61: type=4, attr=0xf, range=[0x0000000001abe000-0x0000000001abf000) (0MB)
2015-02-12T15:37:09.368601-06:00 c0-0c1s1n2 EFI: mem62: type=3, attr=0xf, range=[0x0000000001abf000-0x0000000001acc000) (0MB)
2015-02-12T15:37:09.368789-06:00 c0-0c1s1n2 EFI: mem63: type=4, attr=0xf, range=[0x0000000001acc000-0x0000000001ad7000) (0MB)
2015-02-12T15:37:09.368976-06:00 c0-0c1s1n2 EFI: mem64: type=3, attr=0xf, range=[0x0000000001ad7000-0x0000000001adc000) (0MB)
2015-02-12T15:37:09.408406-06:00 c0-0c1s1n2 EFI: mem65: type=4, attr=0xf, range=[0x0000000001adc000-0x0000000001b60000) (0MB)
2015-02-12T15:37:09.408609-06:00 c0-0c1s1n2 EFI: mem66: type=3, attr=0xf, range=[0x0000000001b60000-0x0000000001b7c000) (0MB)
2015-02-12T15:37:09.416894-06:00 c0-0c1s1n2 EFI: mem67: type=4, attr=0xf, range=[0x0000000001b7c000-0x0000000001b84000) (0MB)
2015-02-12T15:37:09.417158-06:00 c0-0c1s1n2 EFI: mem68: type=3, attr=0xf, range=[0x0000000001b84000-0x0000000001b9c000) (0MB)
2015-02-12T15:37:09.442223-06:00 c0-0c1s1n2 EFI: mem69: type=4, attr=0xf, range=[0x0000000001b9c000-0x000000000b210000) (150MB)
2015-02-12T15:37:09.442500-06:00 c0-0c1s1n2 EFI: mem70: type=3, attr=0xf, range=[0x000000000b210000-0x000000000b216000) (0MB)
2015-02-12T15:37:09.467653-06:00 c0-0c1s1n2 EFI: mem71: type=4, attr=0xf, range=[0x000000000b216000-0x000000000b21f000) (0MB)
2015-02-12T15:37:09.467845-06:00 c0-0c1s1n2 EFI: mem72: type=3, attr=0xf, range=[0x000000000b21f000-0x000000000b235000) (0MB)
2015-02-12T15:37:09.492711-06:00 c0-0c1s1n2 EFI: mem73: type=4, attr=0xf, range=[0x000000000b235000-0x000000000b23b000) (0MB)
2015-02-12T15:37:09.492953-06:00 c0-0c1s1n2 EFI: mem74: type=3, attr=0xf, range=[0x000000000b23b000-0x000000000b23e000) (0MB)
2015-02-12T15:37:09.517984-06:00 c0-0c1s1n2 EFI: mem75: type=4, attr=0xf, range=[0x000000000b23e000-0x000000000b24c000) (0MB)
2015-02-12T15:37:09.518242-06:00 c0-0c1s1n2 EFI: mem76: type=3, attr=0xf, range=[0x000000000b24c000-0x000000000b254000) (0MB)
2015-02-12T15:37:09.556544-06:00 c0-0c1s1n2 EFI: mem77: type=4, attr=0xf, range=[0x000000000b254000-0x000000000b272000) (0MB)
2015-02-12T15:37:09.556839-06:00 c0-0c1s1n2 EFI: mem78: type=3, attr=0xf, range=[0x000000000b272000-0x000000000b279000) (0MB)
2015-02-12T15:37:09.600442-06:00 c0-0c1s1n2 EFI: mem79: type=4, attr=0xf, range=[0x000000000b279000-0x000000000b27d000) (0MB)
2015-02-12T15:37:09.600730-06:00 c0-0c1s1n2 EFI: mem80: type=3, attr=0xf, range=[0x000000000b27d000-0x000000000b281000) (0MB)
2015-02-12T15:37:09.600944-06:00 c0-0c1s1n2 EFI: mem81: type=4, attr=0xf, range=[0x000000000b281000-0x000000000b285000) (0MB)
2015-02-12T15:37:09.601212-06:00 c0-0c1s1n2 EFI: mem82: type=3, attr=0xf, range=[0x000000000b285000-0x000000000b289000) (0MB)
2015-02-12T15:37:09.636358-06:00 c0-0c1s1n2 EFI: mem83: type=4, attr=0xf, range=[0x000000000b289000-0x000000000b295000) (0MB)
2015-02-12T15:37:09.636637-06:00 c0-0c1s1n2 EFI: mem84: type=3, attr=0xf, range=[0x000000000b295000-0x000000000b2dc000) (0MB)
2015-02-12T15:37:09.636881-06:00 c0-0c1s1n2 EFI: mem85: type=4, attr=0xf, range=[0x000000000b2dc000-0x000000000b2de000) (0MB)
2015-02-12T15:37:09.644422-06:00 c0-0c1s1n2 EFI: mem86: type=3, attr=0xf, range=[0x000000000b2de000-0x000000000b2e4000) (0MB)
2015-02-12T15:37:09.644656-06:00 c0-0c1s1n2 EFI: mem87: type=4, attr=0xf, range=[0x000000000b2e4000-0x000000000b2f0000) (0MB)
2015-02-12T15:37:09.669734-06:00 c0-0c1s1n2 EFI: mem88: type=3, attr=0xf, range=[0x000000000b2f0000-0x000000000b2f4000) (0MB)
2015-02-12T15:37:09.708428-06:00 c0-0c1s1n2 EFI: mem89: type=4, attr=0xf, range=[0x000000000b2f4000-0x000000000b301000) (0MB)
2015-02-12T15:37:09.708684-06:00 c0-0c1s1n2 EFI: mem90: type=3, attr=0xf, range=[0x000000000b301000-0x000000000b30a000) (0MB)
2015-02-12T15:37:09.708842-06:00 c0-0c1s1n2 EFI: mem91: type=4, attr=0xf, range=[0x000000000b30a000-0x000000000b30b000) (0MB)
2015-02-12T15:37:09.748711-06:00 c0-0c1s1n2 EFI: mem92: type=3, attr=0xf, range=[0x000000000b30b000-0x000000000b343000) (0MB)
2015-02-12T15:37:09.748911-06:00 c0-0c1s1n2 EFI: mem93: type=4, attr=0xf, range=[0x000000000b343000-0x000000000b351000) (0MB)
2015-02-12T15:37:09.749109-06:00 c0-0c1s1n2 EFI: mem94: type=3, attr=0xf, range=[0x000000000b351000-0x000000000b358000) (0MB)
2015-02-12T15:37:09.749356-06:00 c0-0c1s1n2 EFI: mem95: type=4, attr=0xf, range=[0x000000000b358000-0x000000000b360000) (0MB)
2015-02-12T15:37:09.792654-06:00 c0-0c1s1n2 EFI: mem96: type=3, attr=0xf, range=[0x000000000b360000-0x000000000b368000) (0MB)
2015-02-12T15:37:09.792815-06:00 c0-0c1s1n2 EFI: mem97: type=4, attr=0xf, range=[0x000000000b368000-0x000000000b382000) (0MB)
2015-02-12T15:37:09.795794-06:00 c0-0c1s1n2 EFI: mem98: type=3, attr=0xf, range=[0x000000000b382000-0x000000000b388000) (0MB)
2015-02-12T15:37:09.832439-06:00 c0-0c1s1n2 EFI: mem99: type=4, attr=0xf, range=[0x000000000b388000-0x000000000b3a3000) (0MB)
2015-02-12T15:37:09.832746-06:00 c0-0c1s1n2 EFI: mem100: type=3, attr=0xf, range=[0x000000000b3a3000-0x000000000b3b1000) (0MB)
2015-02-12T15:37:09.833012-06:00 c0-0c1s1n2 EFI: mem101: type=4, attr=0xf, range=[0x000000000b3b1000-0x000000000b3b5000) (0MB)
2015-02-12T15:37:09.872617-06:00 c0-0c1s1n2 EFI: mem102: type=3, attr=0xf, range=[0x000000000b3b5000-0x000000000b3c7000) (0MB)
2015-02-12T15:37:09.872908-06:00 c0-0c1s1n2 EFI: mem103: type=4, attr=0xf, range=[0x000000000b3c7000-0x000000000b45b000) (0MB)
2015-02-12T15:37:09.873154-06:00 c0-0c1s1n2 EFI: mem104: type=3, attr=0xf, range=[0x000000000b45b000-0x000000000b45e000) (0MB)
2015-02-12T15:37:09.873427-06:00 c0-0c1s1n2 EFI: mem105: type=4, attr=0xf, range=[0x000000000b45e000-0x000000000b466000) (0MB)
2015-02-12T15:37:09.912538-06:00 c0-0c1s1n2 EFI: mem106: type=3, attr=0xf, range=[0x000000000b466000-0x000000000b46a000) (0MB)
2015-02-12T15:37:09.912797-06:00 c0-0c1s1n2 EFI: mem107: type=4, attr=0xf, range=[0x000000000b46a000-0x000000000b478000) (0MB)
2015-02-12T15:37:09.922312-06:00 c0-0c1s1n2 EFI: mem108: type=3, attr=0xf, range=[0x000000000b478000-0x000000000b47f000) (0MB)
2015-02-12T15:37:09.922553-06:00 c0-0c1s1n2 EFI: mem109: type=4, attr=0xf, range=[0x000000000b47f000-0x000000000b48e000) (0MB)
2015-02-12T15:37:09.947606-06:00 c0-0c1s1n2 EFI: mem110: type=3, attr=0xf, range=[0x000000000b48e000-0x000000000b492000) (0MB)
2015-02-12T15:37:09.988468-06:00 c0-0c1s1n2 EFI: mem111: type=4, attr=0xf, range=[0x000000000b492000-0x000000000b4b4000) (0MB)
2015-02-12T15:37:09.988712-06:00 c0-0c1s1n2 EFI: mem112: type=3, attr=0xf, range=[0x000000000b4b4000-0x000000000b4b9000) (0MB)
2015-02-12T15:37:10.024455-06:00 c0-0c1s1n2 EFI: mem113: type=4, attr=0xf, range=[0x000000000b4b9000-0x000000000b4c5000) (0MB)
2015-02-12T15:37:10.024712-06:00 c0-0c1s1n2 EFI: mem114: type=7, attr=0xf, range=[0x000000000b4c5000-0x000000000b4c6000) (0MB)
2015-02-12T15:37:10.024984-06:00 c0-0c1s1n2 EFI: mem115: type=4, attr=0xf, range=[0x000000000b4c6000-0x000000000b53a000) (0MB)
2015-02-12T15:37:10.025238-06:00 c0-0c1s1n2 EFI: mem116: type=3, attr=0xf, range=[0x000000000b53a000-0x000000000b54e000) (0MB)
2015-02-12T15:37:10.064361-06:00 c0-0c1s1n2 EFI: mem117: type=4, attr=0xf, range=[0x000000000b54e000-0x000000000b577000) (0MB)
2015-02-12T15:37:10.064590-06:00 c0-0c1s1n2 EFI: mem118: type=3, attr=0xf, range=[0x000000000b577000-0x000000000b580000) (0MB)
2015-02-12T15:37:10.064820-06:00 c0-0c1s1n2 EFI: mem119: type=4, attr=0xf, range=[0x000000000b580000-0x000000000b581000) (0MB)
2015-02-12T15:37:10.073857-06:00 c0-0c1s1n2 EFI: mem120: type=2, attr=0xf, range=[0x000000000b581000-0x000000000b583000) (0MB)
2015-02-12T15:37:10.112530-06:00 c0-0c1s1n2 EFI: mem121: type=7, attr=0xf, range=[0x000000000b583000-0x000000000b585000) (0MB)
2015-02-12T15:37:10.112808-06:00 c0-0c1s1n2 EFI: mem122: type=4, attr=0xf, range=[0x000000000b585000-0x000000000b58f000) (0MB)
2015-02-12T15:37:10.113071-06:00 c0-0c1s1n2 EFI: mem123: type=7, attr=0xf, range=[0x000000000b58f000-0x000000000b598000) (0MB)
2015-02-12T15:37:10.152598-06:00 c0-0c1s1n2 EFI: mem124: type=4, attr=0xf, range=[0x000000000b598000-0x000000000b7ac000) (2MB)
2015-02-12T15:37:10.152809-06:00 c0-0c1s1n2 EFI: mem125: type=7, attr=0xf, range=[0x000000000b7ac000-0x000000000b7ba000) (0MB)
2015-02-12T15:37:10.153001-06:00 c0-0c1s1n2 EFI: mem126: type=1, attr=0xf, range=[0x000000000b7ba000-0x000000000b7cb000) (0MB)
2015-02-12T15:37:10.153185-06:00 c0-0c1s1n2 EFI: mem127: type=7, attr=0xf, range=[0x000000000b7cb000-0x000000007e67c000) (1838MB)
2015-02-12T15:37:10.192523-06:00 c0-0c1s1n2 EFI: mem128: type=10, attr=0xf, range=[0x000000007e67c000-0x000000007e790000) (1MB)
2015-02-12T15:37:10.199886-06:00 c0-0c1s1n2 EFI: mem129: type=0, attr=0xf, range=[0x000000007e790000-0x000000007e792000) (0MB)
2015-02-12T15:37:10.200200-06:00 c0-0c1s1n2 EFI: mem130: type=6, attr=0x800000000000000f, range=[0x000000007e792000-0x000000007f395000) (12MB)
2015-02-12T15:37:10.225216-06:00 c0-0c1s1n2 EFI: mem131: type=9, attr=0xf, range=[0x000000007f395000-0x000000007f410000) (0MB)
2015-02-12T15:37:10.225496-06:00 c0-0c1s1n2 EFI: mem132: type=5, attr=0x800000000000000f, range=[0x000000007f410000-0x000000007f41a000) (0MB)
2015-02-12T15:37:10.250483-06:00 c0-0c1s1n2 EFI: mem133: type=0, attr=0xf, range=[0x000000007f41a000-0x000000007f41c000) (0MB)
2015-02-12T15:37:10.275640-06:00 c0-0c1s1n2 EFI: mem134: type=6, attr=0x800000000000000f, range=[0x000000007f41c000-0x000000007f42d000) (0MB)
2015-02-12T15:37:10.275893-06:00 c0-0c1s1n2 EFI: mem135: type=0, attr=0xf, range=[0x000000007f42d000-0x000000007f43d000) (0MB)
2015-02-12T15:37:10.301003-06:00 c0-0c1s1n2 EFI: mem136: type=6, attr=0x800000000000000f, range=[0x000000007f43d000-0x000000007f45e000) (0MB)
2015-02-12T15:37:10.301328-06:00 c0-0c1s1n2 EFI: mem137: type=5, attr=0x800000000000000f, range=[0x000000007f45e000-0x000000007f462000) (0MB)
2015-02-12T15:37:10.326315-06:00 c0-0c1s1n2 EFI: mem138: type=0, attr=0xf, range=[0x000000007f462000-0x000000007f46b000) (0MB)
2015-02-12T15:37:10.326614-06:00 c0-0c1s1n2 EFI: mem139: type=5, attr=0x800000000000000f, range=[0x000000007f46b000-0x000000007f46d000) (0MB)
2015-02-12T15:37:10.351669-06:00 c0-0c1s1n2 EFI: mem140: type=0, attr=0xf, range=[0x000000007f46d000-0x000000007f471000) (0MB)
2015-02-12T15:37:10.388680-06:00 c0-0c1s1n2 EFI: mem141: type=5, attr=0x800000000000000f, range=[0x000000007f471000-0x000000007f472000) (0MB)
2015-02-12T15:37:10.388952-06:00 c0-0c1s1n2 EFI: mem142: type=6, attr=0x800000000000000f, range=[0x000000007f472000-0x000000007f473000) (0MB)
2015-02-12T15:37:10.389247-06:00 c0-0c1s1n2 EFI: mem143: type=5, attr=0x800000000000000f, range=[0x000000007f473000-0x000000007f476000) (0MB)
2015-02-12T15:37:10.428562-06:00 c0-0c1s1n2 EFI: mem144: type=0, attr=0xf, range=[0x000000007f476000-0x000000007f486000) (0MB)
2015-02-12T15:37:10.428886-06:00 c0-0c1s1n2 EFI: mem145: type=5, attr=0x800000000000000f, range=[0x000000007f486000-0x000000007f491000) (0MB)
2015-02-12T15:37:10.429131-06:00 c0-0c1s1n2 EFI: mem146: type=7, attr=0xf, range=[0x000000007f491000-0x000000007f493000) (0MB)
2015-02-12T15:37:10.472378-06:00 c0-0c1s1n2 EFI: mem147: type=10, attr=0xf, range=[0x000000007f493000-0x000000007f494000) (0MB)
2015-02-12T15:37:10.472632-06:00 c0-0c1s1n2 EFI: mem148: type=6, attr=0x800000000000000f, range=[0x000000007f494000-0x000000007f49b000) (0MB)
2015-02-12T15:37:10.477959-06:00 c0-0c1s1n2 EFI: mem149: type=5, attr=0x800000000000000f, range=[0x000000007f49b000-0x000000007f49e000) (0MB)
2015-02-12T15:37:10.478202-06:00 c0-0c1s1n2 EFI: mem150: type=10, attr=0xf, range=[0x000000007f49e000-0x000000007f4a6000) (0MB)
2015-02-12T15:37:10.503182-06:00 c0-0c1s1n2 EFI: mem151: type=6, attr=0x800000000000000f, range=[0x000000007f4a6000-0x000000007f4a7000) (0MB)
2015-02-12T15:37:10.540485-06:00 c0-0c1s1n2 EFI: mem152: type=5, attr=0x800000000000000f, range=[0x000000007f4a7000-0x000000007f4ab000) (0MB)
2015-02-12T15:37:10.540669-06:00 c0-0c1s1n2 EFI: mem153: type=6, attr=0x800000000000000f, range=[0x000000007f4ab000-0x000000007f4bd000) (0MB)
2015-02-12T15:37:10.580489-06:00 c0-0c1s1n2 EFI: mem154: type=5, attr=0x800000000000000f, range=[0x000000007f4bd000-0x000000007f4cf000) (0MB)
2015-02-12T15:37:10.580709-06:00 c0-0c1s1n2 EFI: mem155: type=6, attr=0x800000000000000f, range=[0x000000007f4cf000-0x000000007f4d2000) (0MB)
2015-02-12T15:37:10.580952-06:00 c0-0c1s1n2 EFI: mem156: type=10, attr=0xf, range=[0x000000007f4d2000-0x000000007f558000) (0MB)
2015-02-12T15:37:10.581083-06:00 c0-0c1s1n2 EFI: mem157: type=3, attr=0xf, range=[0x000000007f558000-0x000000007f7e0000) (2MB)
2015-02-12T15:37:10.620479-06:00 c0-0c1s1n2 EFI: mem158: type=4, attr=0xf, range=[0x000000007f7e0000-0x000000007f7ef000) (0MB)
2015-02-12T15:37:10.620647-06:00 c0-0c1s1n2 EFI: mem159: type=3, attr=0xf, range=[0x000000007f7ef000-0x000000007f800000) (0MB)
2015-02-12T15:37:10.629488-06:00 c0-0c1s1n2 EFI: mem160: type=7, attr=0xf, range=[0x0000000100000000-0x0000001080000000) (63488MB)
2015-02-12T15:37:10.654579-06:00 c0-0c1s1n2 EFI: mem161: type=11, attr=0x8000000000000001, range=[0x0000000080000000-0x0000000090000000) (256MB)
2015-02-12T15:37:10.933136-06:00 c0-0c1s1n2 EFI: mem162: type=11, attr=0x8000000000000001, range=[0x00000000fed1c000-0x00000000fed20000) (0MB)
2015-02-12T15:37:10.933144-06:00 c0-0c1s1n2 EFI: mem163: type=11, attr=0x8000000000000001, range=[0x00000000ff000000-0x0000000100000000) (16MB)
2015-02-12T15:37:10.933149-06:00 c0-0c1s1n2 DMI 2.7 present.
2015-02-12T15:37:10.933154-06:00 c0-0c1s1n2 last_pfn = 0x1080000 max_arch_pfn = 0x400000000
2015-02-12T15:37:10.933168-06:00 c0-0c1s1n2 x86 PAT enabled: cpu 0, old 0x7040600070406, new 0x7010600070106
2015-02-12T15:37:10.933181-06:00 c0-0c1s1n2 last_pfn = 0x7f800 max_arch_pfn = 0x400000000
2015-02-12T15:37:10.933195-06:00 c0-0c1s1n2 found SMP MP-table at [ffff8800000fd830] fd830
2015-02-12T15:37:10.933208-06:00 c0-0c1s1n2 Using GB pages for direct mapping
2015-02-12T15:37:10.933218-06:00 c0-0c1s1n2 init_memory_mapping: 0000000000000000-000000007f800000
2015-02-12T15:37:10.933229-06:00 c0-0c1s1n2 init_memory_mapping: 0000000100000000-0000001080000000
2015-02-12T15:37:10.933241-06:00 c0-0c1s1n2 nmi ring buffer: 262144
2015-02-12T15:37:10.933254-06:00 c0-0c1s1n2 RAMDISK: 0fa00000 - 10610000
2015-02-12T15:37:10.933265-06:00 c0-0c1s1n2 ACPI: RSDP 000000007f395000 00024 (v02 ALASKA)
2015-02-12T15:37:10.933278-06:00 c0-0c1s1n2 ACPI: XSDT 000000007f395088 0008C (v01 ALASKA    A M I 01072009 AMI  00010013)
2015-02-12T15:37:10.933293-06:00 c0-0c1s1n2 ACPI: FACP 000000007f39ee50 000F4 (v04 ALASKA    A M I 01072009 AMI  00010013)
2015-02-12T15:37:10.933306-06:00 c0-0c1s1n2 ACPI: DSDT 000000007f3951a0 09CAD (v02 ALASKA    A M I 00000016 INTL 20051117)
2015-02-12T15:37:10.933319-06:00 c0-0c1s1n2 ACPI: FACS 000000007f4a3f80 00040
2015-02-12T15:37:10.933338-06:00 c0-0c1s1n2 ACPI: APIC 000000007f39ef48 00138 (v03 ALASKA    A M I 01072009 AMI  00010013)
2015-02-12T15:37:10.933352-06:00 c0-0c1s1n2 ACPI: FPDT 000000007f39f080 00044 (v01 ALASKA    A M I 01072009 AMI  00010013)
2015-02-12T15:37:10.933364-06:00 c0-0c1s1n2 ACPI: MCFG 000000007f39f0c8 0003C (v01 ALASKA OEMMCFG. 01072009 MSFT 00000097)
2015-02-12T15:37:10.933375-06:00 c0-0c1s1n2 ACPI: HPET 000000007f39f108 00038 (v01 ALASKA    A M I 01072009 AMI. 00000004)
2015-02-12T15:37:10.933388-06:00 c0-0c1s1n2 ACPI: PRAD 000000007f39f140 000BE (v02 PRADID  PRADTID 00000001 MSFT 03000001)
2015-02-12T15:37:10.933400-06:00 c0-0c1s1n2 ACPI: SSDT 000000007f39f200 70104 (v02  INTEL    CpuPm 00004000 INTL 20051117)
2015-02-12T15:37:10.933412-06:00 c0-0c1s1n2 ACPI: SPCR 000000007f40f308 00050 (v01  A M I   APTIO4 01072009 AMI. 00000004)
2015-02-12T15:37:10.933424-06:00 c0-0c1s1n2 ACPI: EINJ 000000007f40f358 00130 (v01    AMI AMI EINJ 00000000      00000000)
2015-02-12T15:37:10.933432-06:00 c0-0c1s1n2 ACPI: ERST 000000007f40f488 00230 (v01  AMIER AMI ERST 00000000      00000000)
2015-02-12T15:37:10.933443-06:00 c0-0c1s1n2 ACPI: HEST 000000007f40f6b8 000A8 (v01    AMI AMI HEST 00000000      00000000)
2015-02-12T15:37:10.933452-06:00 c0-0c1s1n2 ACPI: BERT 000000007f40f760 00030 (v01    AMI AMI BERT 00000000      00000000)
2015-02-12T15:37:10.933490-06:00 c0-0c1s1n2 ACPI: DMAR 000000007f40f790 000BC (v01 A M I   OEMDMAR 00000001 INTL 00000001)
2015-02-12T15:37:10.933555-06:00 c0-0c1s1n2 No NUMA configuration found
2015-02-12T15:37:10.957544-06:00 c0-0c1s1n2 Faking a node at 0000000000000000-0000001080000000
2015-02-12T15:37:10.957669-06:00 c0-0c1s1n2 Initmem setup node 0 0000000000000000-0000001080000000
2015-02-12T15:37:10.982912-06:00 c0-0c1s1n2  NODE_DATA [000000107ffbb000 - 000000107ffbffff]
2015-02-12T15:37:11.184998-06:00 c0-0c1s1n2 Zone PFN ranges:
2015-02-12T15:37:11.185090-06:00 c0-0c1s1n2  DMA      0x00000010 -> 0x00001000
2015-02-12T15:37:11.185399-06:00 c0-0c1s1n2  DMA32    0x00001000 -> 0x00100000
2015-02-12T15:37:11.185718-06:00 c0-0c1s1n2  Normal   0x00100000 -> 0x01080000
2015-02-12T15:37:11.210094-06:00 c0-0c1s1n2 Movable zone start PFN for each node
2015-02-12T15:37:11.210225-06:00 c0-0c1s1n2 early_node_map[5] active PFN ranges
2015-02-12T15:37:11.210321-06:00 c0-0c1s1n2    0: 0x00000010 -> 0x000000a0
2015-02-12T15:37:11.210475-06:00 c0-0c1s1n2    0: 0x00000100 -> 0x0007e67c
2015-02-12T15:37:11.210651-06:00 c0-0c1s1n2    0: 0x0007f491 -> 0x0007f493
2015-02-12T15:37:11.235251-06:00 c0-0c1s1n2    0: 0x0007f558 -> 0x0007f800
2015-02-12T15:37:11.235488-06:00 c0-0c1s1n2    0: 0x00100000 -> 0x01080000
2015-02-12T15:37:11.869339-06:00 c0-0c1s1n2 ACPI: LAPIC (acpi_id[0x00] lapic_id[0x00] enabled)
2015-02-12T15:37:11.869492-06:00 c0-0c1s1n2 ACPI: LAPIC (acpi_id[0x02] lapic_id[0x02] enabled)
2015-02-12T15:37:11.869628-06:00 c0-0c1s1n2 ACPI: LAPIC (acpi_id[0x04] lapic_id[0x04] enabled)
2015-02-12T15:37:11.894415-06:00 c0-0c1s1n2 ACPI: LAPIC (acpi_id[0x06] lapic_id[0x06] enabled)
2015-02-12T15:37:11.894645-06:00 c0-0c1s1n2 ACPI: LAPIC (acpi_id[0x08] lapic_id[0x08] enabled)
2015-02-12T15:37:11.894855-06:00 c0-0c1s1n2 ACPI: LAPIC (acpi_id[0x0a] lapic_id[0x0a] enabled)
2015-02-12T15:37:11.919844-06:00 c0-0c1s1n2 ACPI: LAPIC (acpi_id[0x0c] lapic_id[0x0c] enabled)
2015-02-12T15:37:11.956400-06:00 c0-0c1s1n2 ACPI: LAPIC (acpi_id[0x0e] lapic_id[0x0e] enabled)
2015-02-12T15:37:11.956583-06:00 c0-0c1s1n2 ACPI: LAPIC (acpi_id[0x01] lapic_id[0x01] enabled)
2015-02-12T15:37:11.956751-06:00 c0-0c1s1n2 ACPI: LAPIC (acpi_id[0x03] lapic_id[0x03] enabled)
2015-02-12T15:37:11.956966-06:00 c0-0c1s1n2 ACPI: LAPIC (acpi_id[0x05] lapic_id[0x05] enabled)
2015-02-12T15:37:11.957130-06:00 c0-0c1s1n2 ACPI: LAPIC (acpi_id[0x07] lapic_id[0x07] enabled)
2015-02-12T15:37:11.957372-06:00 c0-0c1s1n2 ACPI: LAPIC (acpi_id[0x09] lapic_id[0x09] enabled)
2015-02-12T15:37:11.996597-06:00 c0-0c1s1n2 ACPI: LAPIC (acpi_id[0x0b] lapic_id[0x0b] enabled)
2015-02-12T15:37:11.996790-06:00 c0-0c1s1n2 ACPI: LAPIC (acpi_id[0x0d] lapic_id[0x0d] enabled)
2015-02-12T15:37:11.997022-06:00 c0-0c1s1n2 ACPI: LAPIC (acpi_id[0x0f] lapic_id[0x0f] enabled)
2015-02-12T15:37:11.997215-06:00 c0-0c1s1n2 ACPI: LAPIC_NMI (acpi_id[0x00] high edge lint[0x1])
2015-02-12T15:37:11.997359-06:00 c0-0c1s1n2 ACPI: LAPIC_NMI (acpi_id[0x02] high edge lint[0x1])
2015-02-12T15:37:11.997566-06:00 c0-0c1s1n2 ACPI: LAPIC_NMI (acpi_id[0x04] high edge lint[0x1])
2015-02-12T15:37:11.997784-06:00 c0-0c1s1n2 ACPI: LAPIC_NMI (acpi_id[0x06] high edge lint[0x1])
2015-02-12T15:37:12.036559-06:00 c0-0c1s1n2 ACPI: LAPIC_NMI (acpi_id[0x08] high edge lint[0x1])
2015-02-12T15:37:12.036755-06:00 c0-0c1s1n2 ACPI: LAPIC_NMI (acpi_id[0x0a] high edge lint[0x1])
2015-02-12T15:37:12.046285-06:00 c0-0c1s1n2 ACPI: LAPIC_NMI (acpi_id[0x0c] high edge lint[0x1])
2015-02-12T15:37:12.046623-06:00 c0-0c1s1n2 ACPI: LAPIC_NMI (acpi_id[0x0e] high edge lint[0x1])
2015-02-12T15:37:12.046899-06:00 c0-0c1s1n2 ACPI: LAPIC_NMI (acpi_id[0x01] high edge lint[0x1])
2015-02-12T15:37:12.071489-06:00 c0-0c1s1n2 ACPI: LAPIC_NMI (acpi_id[0x03] high edge lint[0x1])
2015-02-12T15:37:12.071861-06:00 c0-0c1s1n2 ACPI: LAPIC_NMI (acpi_id[0x05] high edge lint[0x1])
2015-02-12T15:37:12.072105-06:00 c0-0c1s1n2 ACPI: LAPIC_NMI (acpi_id[0x07] high edge lint[0x1])
2015-02-12T15:37:12.096701-06:00 c0-0c1s1n2 ACPI: LAPIC_NMI (acpi_id[0x09] high edge lint[0x1])
2015-02-12T15:37:12.097049-06:00 c0-0c1s1n2 ACPI: LAPIC_NMI (acpi_id[0x0b] high edge lint[0x1])
2015-02-12T15:37:12.097332-06:00 c0-0c1s1n2 ACPI: LAPIC_NMI (acpi_id[0x0d] high edge lint[0x1])
2015-02-12T15:37:12.121975-06:00 c0-0c1s1n2 ACPI: LAPIC_NMI (acpi_id[0x0f] high edge lint[0x1])
2015-02-12T15:37:12.122430-06:00 c0-0c1s1n2 ACPI: IOAPIC (id[0x00] address[0xfec00000] gsi_base[0])
2015-02-12T15:37:12.122747-06:00 c0-0c1s1n2 IOAPIC[0]: apic_id 0, version 32, address 0xfec00000, GSI 0-23
2015-02-12T15:37:12.147306-06:00 c0-0c1s1n2 ACPI: IOAPIC (id[0x02] address[0xfec01000] gsi_base[24])
2015-02-12T15:37:12.147814-06:00 c0-0c1s1n2 IOAPIC[1]: apic_id 2, version 32, address 0xfec01000, GSI 24-47
2015-02-12T15:37:12.147949-06:00 c0-0c1s1n2 ACPI: INT_SRC_OVR (bus 0 bus_irq 0 global_irq 2 dfl dfl)
2015-02-12T15:37:12.172546-06:00 c0-0c1s1n2 ACPI: INT_SRC_OVR (bus 0 bus_irq 9 global_irq 9 high level)
2015-02-12T15:37:12.172889-06:00 c0-0c1s1n2 Using ACPI (MADT) for SMP configuration information
2015-02-12T15:37:12.173182-06:00 c0-0c1s1n2 ACPI: HPET id: 0x8086a701 base: 0xfed00000
2015-02-12T15:37:12.197794-06:00 c0-0c1s1n2 SMP: Allowing 16 CPUs, 0 hotplug CPUs
2015-02-12T15:37:12.198078-06:00 c0-0c1s1n2 Allocating PCI resources starting at 90000000 (gap: 90000000:6ed1c000)
2015-02-12T15:37:12.223018-06:00 c0-0c1s1n2 setup_percpu: NR_CPUS:128 nr_cpumask_bits:128 nr_cpu_ids:16 nr_node_ids:1
2015-02-12T15:37:12.223401-06:00 c0-0c1s1n2 PERCPU: Embedded 25 PATH1224 @ffff88107fa00000 s72704 r8192 d21504 u131072
2015-02-12T15:37:12.223753-06:00 c0-0c1s1n2 Built 1 zonelists in Zone order, mobility grouping on.  Total pages: 16534701
2015-02-12T15:37:12.248328-06:00 c0-0c1s1n2 Policy zone: Normal
2015-02-12T15:37:12.324169-06:00 c0-0c1s1n2 Kernel command line: earlyprintk=serial,115200 load_ramdisk=1 ramdisk_size=80000 console=ttyS0,115200n8 bootnodeip=IPADDR13 bootproto=ipog bootpath=PATH1220 rootfs=nfs-shared root=PATH1221 oops=panic bootifnetmask=IPADDR15 elevator=noop ippob1=10 ippob2=128 pcie_ports=native iommu=on intel_iommu=off bad_page=panic pln_enable=off apei_disable hest_disable erst_disable ghes_disable cgroup_disable=memory active_wlm=ALPS sdbnodeip=IPADDR16 sessionid=p0-20150212t152812 _cray=marker_ 
2015-02-12T15:37:12.364121-06:00 c0-0c1s1n2 Intel-IOMMU: disabled
2015-02-12T15:37:12.364201-06:00 c0-0c1s1n2 Disabling memory control group subsystem
2015-02-12T15:37:12.364275-06:00 c0-0c1s1n2 PID hash table entries: 4096 (order: 3, 32768 bytes)
2015-02-12T15:37:12.364407-06:00 c0-0c1s1n2 PATH1225: enabled xstate_bv 0x7, cntxt size 0x340
2015-02-12T15:37:12.742759-06:00 c0-0c1s1n2 Memory: PATH319780 available (5522k kernel code, 2121000k absent, 1019636k reserved, 5307k data, 692k init)
2015-02-12T15:37:12.767744-06:00 c0-0c1s1n2 Hierarchical RCU implementation.
2015-02-12T15:37:12.767825-06:00 c0-0c1s1n2 NR_IRQS:4352
2015-02-12T15:37:12.818354-06:00 c0-0c1s1n2 Extended CMOS year: 2000
2015-02-12T15:37:12.818478-06:00 c0-0c1s1n2 Console: colour dummy device 80x25
2015-02-12T15:37:12.843502-06:00 c0-0c1s1n2 console [ttyS0] enabled, bootconsole disabled
2015-02-12T15:37:12.843622-06:00 c0-0c1s1n2 console [ttyS0] enabled, bootconsole disabled
2015-02-12T15:37:12.844107-06:00 c0-0c1s1n2 Fast TSC calibration using PIT
2015-02-12T15:37:12.868930-06:00 c0-0c1s1n2 Detected 2599.991 MHz processor.
2015-02-12T15:37:12.869209-06:00 c0-0c1s1n2 Calibrating delay loop (skipped), value calculated using timer frequency.. 5199.98 BogoMIPS (lpj=10399964)
2015-02-12T15:37:12.894047-06:00 c0-0c1s1n2 pid_max: default: 32768 minimum: 301
2015-02-12T15:37:12.944501-06:00 c0-0c1s1n2 Dentry cache hash table entries: 8388608 (order: 14, 67108864 bytes)
2015-02-12T15:37:12.969954-06:00 c0-0c1s1n2 Inode-cache hash table entries: 4194304 (order: 13, 33554432 bytes)
2015-02-12T15:37:12.970216-06:00 c0-0c1s1n2 Mount-cache hash table entries: 256
2015-02-12T15:37:12.994991-06:00 c0-0c1s1n2 Initializing cgroup subsys cpuacct
2015-02-12T15:37:12.995161-06:00 c0-0c1s1n2 Initializing cgroup subsys memory
2015-02-12T15:37:12.995301-06:00 c0-0c1s1n2 Initializing cgroup subsys devices
2015-02-12T15:37:12.995472-06:00 c0-0c1s1n2 Initializing cgroup subsys perf_event
2015-02-12T15:37:13.020166-06:00 c0-0c1s1n2 CPU: Physical Processor ID: 0
2015-02-12T15:37:13.020375-06:00 c0-0c1s1n2 CPU: Processor Core ID: 0
2015-02-12T15:37:13.020511-06:00 c0-0c1s1n2 mce: CPU supports 20 MCE banks
2015-02-12T15:37:13.020721-06:00 c0-0c1s1n2 CPU0: Thermal monitoring enabled (TM1)
2015-02-12T15:37:13.021040-06:00 c0-0c1s1n2 using mwait in idle threads.
2015-02-12T15:37:13.021103-06:00 c0-0c1s1n2 ACPI: Core revision 20110413
2015-02-12T15:37:13.071498-06:00 c0-0c1s1n2 ftrace: allocating 20236 entries in 80 pages
2015-02-12T15:37:13.096398-06:00 c0-0c1s1n2 DMAR: Host address width 46
2015-02-12T15:37:13.121222-06:00 c0-0c1s1n2 DMAR: DRHD base: 0x000000fbffc000 flags: 0x1
2015-02-12T15:37:13.121528-06:00 c0-0c1s1n2 IOMMU 0: reg_base_addr fbffc000 ver 1:0 cap d2078c106f0462 ecap f020fe
2015-02-12T15:37:13.146451-06:00 c0-0c1s1n2 DMAR: RMRR base: 0x0000007f430000 end: 0x0000007f43cfff
2015-02-12T15:37:13.146593-06:00 c0-0c1s1n2 DMAR: ATSR flags: 0x0
2015-02-12T15:37:13.146893-06:00 c0-0c1s1n2 DMAR: RHSA base: 0x000000fbffc000 proximity domain: 0x0
2015-02-12T15:37:13.147010-06:00 c0-0c1s1n2 Switched APIC routing to physical flat.
2015-02-12T15:37:13.147246-06:00 c0-0c1s1n2 ..TIMER: vector=0x30 apic1=0 pin1=2 apic2=-1 pin2=-1
2015-02-12T15:37:13.197359-06:00 c0-0c1s1n2 CPU0: Intel(R) Xeon(R) CPU E5-2670 0 @ 2.60GHz stepping 07
2015-02-12T15:37:13.448959-06:00 c0-0c1s1n2 Performance Events: PEBS fmt1+, 16-deep LBR, SandyBridge events, full-width counters, Intel PMU driver.
2015-02-12T15:37:13.449005-06:00 c0-0c1s1n2 ... version:                3
2015-02-12T15:37:13.449110-06:00 c0-0c1s1n2 ... bit width:              48
2015-02-12T15:37:13.474048-06:00 c0-0c1s1n2 ... generic registers:      4
2015-02-12T15:37:13.474265-06:00 c0-0c1s1n2 ... value mask:             0000ffffffffffff
2015-02-12T15:37:13.474396-06:00 c0-0c1s1n2 ... max period:             0000ffffffffffff
2015-02-12T15:37:13.474463-06:00 c0-0c1s1n2 ... fixed-purpose events:   3
2015-02-12T15:37:13.499446-06:00 c0-0c1s1n2 ... event mask:             000000070000000f
2015-02-12T15:37:13.966310-06:00 c0-0c1s1n2 Booting Node   0, Processors  #1 #2 #3 #4 #5 #6 #7 #8 #9 #10 #11 #12 #13 #14 #15 Ok.
2015-02-12T15:37:13.991536-06:00 c0-0c1s1n2 Brought up 16 CPUs
2015-02-12T15:37:13.991708-06:00 c0-0c1s1n2 Total of 16 processors activated (83199.71 BogoMIPS).
2015-02-12T15:37:14.042118-06:00 c0-0c1s1n2 NET: Registered protocol family 16
2015-02-12T15:37:14.042366-06:00 c0-0c1s1n2 ACPI FADT declares the system doesn't support PCIe ASPM, so disable it
2015-02-12T15:37:14.042455-06:00 c0-0c1s1n2 ACPI: bus type pci registered
2015-02-12T15:37:14.067384-06:00 c0-0c1s1n2 PCI: MMCONFIG for domain 0000 [bus 00-ff] at [mem 0x80000000-0x8fffffff] (base 0x80000000)
2015-02-12T15:37:14.067580-06:00 c0-0c1s1n2 PCI: MMCONFIG at [mem 0x80000000-0x8fffffff] reserved in E820
2015-02-12T15:37:14.117618-06:00 c0-0c1s1n2 PCI: Using configuration type 1 for base access
2015-02-12T15:37:14.117873-06:00 c0-0c1s1n2 bio: create slab <bio-0> at 0
2015-02-12T15:37:14.143212-06:00 c0-0c1s1n2 ACPI: Executed 1 blocks of module-level executable AML code
2015-02-12T15:37:14.345081-06:00 c0-0c1s1n2 ACPI: Interpreter enabled
2015-02-12T15:37:14.345123-06:00 c0-0c1s1n2 ACPI: (supports S0 S1 S3 S5)
2015-02-12T15:37:14.370164-06:00 c0-0c1s1n2 ACPI: Using IOAPIC for interrupt routing
2015-02-12T15:37:14.395460-06:00 c0-0c1s1n2 ACPI: No dock devices found.
2015-02-12T15:37:14.395549-06:00 c0-0c1s1n2 HEST: Table parsing disabled.
2015-02-12T15:37:14.420589-06:00 c0-0c1s1n2 PCI: Using host bridge windows from ACPI; if necessary, use "pci=nocrs" and report a bug
2015-02-12T15:37:14.420914-06:00 c0-0c1s1n2 ACPI: PCI Root Bridge [PCI0] (domain 0000 [bus 00-fe])
2015-02-12T15:37:14.445867-06:00 c0-0c1s1n2 pci_root PNP0A08:00: host bridge window [io  0x0000-0x03af]
2015-02-12T15:37:14.446134-06:00 c0-0c1s1n2 pci_root PNP0A08:00: host bridge window [io  0x03e0-0x0cf7]
2015-02-12T15:37:14.446447-06:00 c0-0c1s1n2 pci_root PNP0A08:00: host bridge window [io  0x0d00-0xffff]
2015-02-12T15:37:14.471299-06:00 c0-0c1s1n2 pci_root PNP0A08:00: host bridge window [mem 0x000c0000-0x000dffff]
2015-02-12T15:37:14.471639-06:00 c0-0c1s1n2 pci_root PNP0A08:00: host bridge window [mem 0x80000000-0xfbffffff]
2015-02-12T15:37:14.496393-06:00 c0-0c1s1n2 pci_root PNP0A08:00: host bridge window [mem 0x1080000000-0x3c3fffffffff]
2015-02-12T15:37:14.496715-06:00 c0-0c1s1n2 pci 0000:00:02.0: PCI bridge to [bus 01-01]
2015-02-12T15:37:14.496900-06:00 c0-0c1s1n2 pci 0000:00:03.0: PCI bridge to [bus 02-02]
2015-02-12T15:37:14.521707-06:00 c0-0c1s1n2 pci 0000:00:03.2: PCI bridge to [bus 03-03]
2015-02-12T15:37:14.521888-06:00 c0-0c1s1n2 pci 0000:00:11.0: PCI bridge to [bus 04-04]
2015-02-12T15:37:14.546962-06:00 c0-0c1s1n2 pci 0000:00:1e.0: PCI bridge to [bus 05-05] (subtractive decode)
2015-02-12T15:37:14.547322-06:00 c0-0c1s1n2 pci0000:00: Unable to request _OSC control (_OSC support mask: 0x19)
2015-02-12T15:37:14.572282-06:00 c0-0c1s1n2 ACPI: PCI Root Bridge [UNC0] (domain 0000 [bus ff])
2015-02-12T15:37:14.572669-06:00 c0-0c1s1n2 pci0000:ff: Unable to request _OSC control (_OSC support mask: 0x19)
2015-02-12T15:37:14.597623-06:00 c0-0c1s1n2 ACPI: PCI Interrupt Link [LNKA] (IRQs 3 4 5 6 7 10 *11 12 14 15)
2015-02-12T15:37:14.597872-06:00 c0-0c1s1n2 ACPI: PCI Interrupt Link [LNKB] (IRQs 3 4 5 6 7 *10 11 12 14 15)
2015-02-12T15:37:14.622731-06:00 c0-0c1s1n2 ACPI: PCI Interrupt Link [LNKC] (IRQs 3 4 *5 6 10 11 12 14 15)
2015-02-12T15:37:14.623103-06:00 c0-0c1s1n2 ACPI: PCI Interrupt Link [LNKD] (IRQs *3 4 5 6 10 11 12 14 15)
2015-02-12T15:37:14.647932-06:00 c0-0c1s1n2 ACPI: PCI Interrupt Link [LNKE] (IRQs 3 4 5 6 7 10 11 12 14 15) *0
2015-02-12T15:37:14.648174-06:00 c0-0c1s1n2 ACPI: PCI Interrupt Link [LNKF] (IRQs 3 4 5 6 7 10 11 12 14 15) *0
2015-02-12T15:37:14.673240-06:00 c0-0c1s1n2 ACPI: PCI Interrupt Link [LNKG] (IRQs 3 4 5 6 7 10 11 12 14 15) *0
2015-02-12T15:37:14.673583-06:00 c0-0c1s1n2 ACPI: PCI Interrupt Link [LNKH] (IRQs 3 4 5 6 *7 10 11 12 14 15)
2015-02-12T15:37:14.673615-06:00 c0-0c1s1n2 vgaarb: loaded
2015-02-12T15:37:14.698350-06:00 c0-0c1s1n2 SCSI subsystem initialized
2015-02-12T15:37:14.698546-06:00 c0-0c1s1n2 PCI: Using ACPI for IRQ routing
2015-02-12T15:37:14.698950-06:00 c0-0c1s1n2 Switching to clocksource hpet
2015-02-12T15:37:14.723668-06:00 c0-0c1s1n2 pnp: PnP ACPI init
2015-02-12T15:37:14.723903-06:00 c0-0c1s1n2 ACPI: bus type pnp registered
2015-02-12T15:37:14.748734-06:00 c0-0c1s1n2 system 00:01: [mem 0xfc000000-0xfcffffff] has been reserved
2015-02-12T15:37:14.749108-06:00 c0-0c1s1n2 system 00:01: [mem 0xfd000000-0xfdffffff] has been reserved
2015-02-12T15:37:14.749455-06:00 c0-0c1s1n2 system 00:01: [mem 0xfe000000-0xfeafffff] has been reserved
2015-02-12T15:37:14.774323-06:00 c0-0c1s1n2 system 00:01: [mem 0xfeb00000-0xfebfffff] has been reserved
2015-02-12T15:37:14.774686-06:00 c0-0c1s1n2 system 00:01: [mem 0xfed00400-0xfed3ffff] could not be reserved
2015-02-12T15:37:14.775026-06:00 c0-0c1s1n2 system 00:01: [mem 0xfed45000-0xfedfffff] has been reserved
2015-02-12T15:37:14.799650-06:00 c0-0c1s1n2 system 00:02: [mem 0xfbffc000-0xfbffdfff] has been reserved
2015-02-12T15:37:14.799861-06:00 c0-0c1s1n2 system 00:06: [io  0x04d0-0x04d1] has been reserved
2015-02-12T15:37:14.824756-06:00 c0-0c1s1n2 system 00:08: [io  0x0400-0x0453] has been reserved
2015-02-12T15:37:14.825035-06:00 c0-0c1s1n2 system 00:08: [io  0x0458-0x047f] has been reserved
2015-02-12T15:37:14.825310-06:00 c0-0c1s1n2 system 00:08: [io  0x1180-0x119f] has been reserved
2015-02-12T15:37:14.850013-06:00 c0-0c1s1n2 system 00:08: [io  0x0500-0x057f] has been reserved
2015-02-12T15:37:14.874970-06:00 c0-0c1s1n2 system 00:08: [mem 0xfed1c000-0xfed1ffff] has been reserved
2015-02-12T15:37:14.875277-06:00 c0-0c1s1n2 system 00:08: [mem 0xfec00000-0xfecfffff] could not be reserved
2015-02-12T15:37:14.875647-06:00 c0-0c1s1n2 system 00:08: [mem 0xfed08000-0xfed08fff] has been reserved
2015-02-12T15:37:14.875932-06:00 c0-0c1s1n2 system 00:08: [mem 0xff000000-0xffffffff] has been reserved
2015-02-12T15:37:14.900705-06:00 c0-0c1s1n2 system 00:09: [io  0x0454-0x0457] has been reserved
2015-02-12T15:37:14.900899-06:00 c0-0c1s1n2 pnp: PnP ACPI: found 12 devices
2015-02-12T15:37:14.901133-06:00 c0-0c1s1n2 ACPI: ACPI bus type pnp unregistered
2015-02-12T15:37:14.925961-06:00 c0-0c1s1n2 pci 0000:00:02.0: PCI bridge to [bus 01-01]
2015-02-12T15:37:14.926200-06:00 c0-0c1s1n2 pci 0000:00:02.0:   bridge window [io  disabled]
2015-02-12T15:37:14.950829-06:00 c0-0c1s1n2 pci 0000:00:02.0:   bridge window [mem disabled]
2015-02-12T15:37:14.951325-06:00 c0-0c1s1n2 pci 0000:00:02.0:   bridge window [mem 0x3c0000000000-0x3c20000fffff 64bit pref]
2015-02-12T15:37:14.951599-06:00 c0-0c1s1n2 pci 0000:00:03.0: PCI bridge to [bus 02-02]
2015-02-12T15:37:14.976374-06:00 c0-0c1s1n2 pci 0000:00:03.0:   bridge window [io  disabled]
2015-02-12T15:37:14.976757-06:00 c0-0c1s1n2 pci 0000:00:03.0:   bridge window [mem disabled]
2015-02-12T15:37:14.976902-06:00 c0-0c1s1n2 pci 0000:00:03.0:   bridge window [mem pref disabled]
2015-02-12T15:37:15.001674-06:00 c0-0c1s1n2 pci 0000:00:03.2: PCI bridge to [bus 03-03]
2015-02-12T15:37:15.001967-06:00 c0-0c1s1n2 pci 0000:00:03.2:   bridge window [io  disabled]
2015-02-12T15:37:15.026805-06:00 c0-0c1s1n2 pci 0000:00:03.2:   bridge window [mem disabled]
2015-02-12T15:37:15.027168-06:00 c0-0c1s1n2 pci 0000:00:03.2:   bridge window [mem pref disabled]
2015-02-12T15:37:15.027394-06:00 c0-0c1s1n2 pci 0000:00:11.0: PCI bridge to [bus 04-04]
2015-02-12T15:37:15.051960-06:00 c0-0c1s1n2 pci 0000:00:11.0:   bridge window [io  0xe000-0xefff]
2015-02-12T15:37:15.052404-06:00 c0-0c1s1n2 pci 0000:00:11.0:   bridge window [mem 0xfbe00000-0xfbefffff]
2015-02-12T15:37:15.077303-06:00 c0-0c1s1n2 pci 0000:00:11.0:   bridge window [mem 0x3c2000400000-0x3c20008fffff 64bit pref]
2015-02-12T15:37:15.077655-06:00 c0-0c1s1n2 pci 0000:00:1e.0: PCI bridge to [bus 05-05]
2015-02-12T15:37:15.077830-06:00 c0-0c1s1n2 pci 0000:00:1e.0:   bridge window [io  disabled]
2015-02-12T15:37:15.078079-06:00 c0-0c1s1n2 pci 0000:00:1e.0:   bridge window [mem disabled]
2015-02-12T15:37:15.102770-06:00 c0-0c1s1n2 pci 0000:00:1e.0:   bridge window [mem pref disabled]
2015-02-12T15:37:15.103117-06:00 c0-0c1s1n2 pci 0000:00:02.0: PCI INT A -> GSI 32 (level, low) -> IRQ 32
2015-02-12T15:37:15.128000-06:00 c0-0c1s1n2 pci 0000:00:03.0: PCI INT A -> GSI 40 (level, low) -> IRQ 40
2015-02-12T15:37:15.128293-06:00 c0-0c1s1n2 pci 0000:00:03.2: PCI INT A -> GSI 40 (level, low) -> IRQ 40
2015-02-12T15:37:15.153010-06:00 c0-0c1s1n2 pci 0000:00:11.0: PCI INT A -> GSI 16 (level, low) -> IRQ 16
2015-02-12T15:37:15.153253-06:00 c0-0c1s1n2 NET: Registered protocol family 2
2015-02-12T15:37:15.153677-06:00 c0-0c1s1n2 IP route cache hash table entries: 524288 (order: 10, 4194304 bytes)
2015-02-12T15:37:15.178544-06:00 c0-0c1s1n2 TCP established hash table entries: 524288 (order: 11, 8388608 bytes)
2015-02-12T15:37:15.178945-06:00 c0-0c1s1n2 TCP bind hash table entries: 65536 (order: 8, 1048576 bytes)
2015-02-12T15:37:15.203794-06:00 c0-0c1s1n2 TCP: Hash tables configured (established 524288 bind 65536)
2015-02-12T15:37:15.203913-06:00 c0-0c1s1n2 TCP reno registered
2015-02-12T15:37:15.204193-06:00 c0-0c1s1n2 UDP hash table entries: 32768 (order: 8, 1048576 bytes)
2015-02-12T15:37:15.229140-06:00 c0-0c1s1n2 UDP-Lite hash table entries: 32768 (order: 8, 1048576 bytes)
2015-02-12T15:37:15.229388-06:00 c0-0c1s1n2 NET: Registered protocol family 1
2015-02-12T15:37:15.229601-06:00 c0-0c1s1n2 RPC: Registered named UNIX socket transport module.
2015-02-12T15:37:15.254156-06:00 c0-0c1s1n2 RPC: Registered udp transport module.
2015-02-12T15:37:15.254334-06:00 c0-0c1s1n2 RPC: Registered tcp transport module.
2015-02-12T15:37:15.254664-06:00 c0-0c1s1n2 RPC: Registered tcp NFSv4.1 backchannel transport module.
2015-02-12T15:37:15.279542-06:00 c0-0c1s1n2 pci 0000:00:1a.0: PCI INT A -> GSI 16 (level, low) -> IRQ 16
2015-02-12T15:37:15.316800-06:00 c0-0c1s1n2 pci 0000:00:1a.0: PCI INT A disabled
2015-02-12T15:37:15.316970-06:00 c0-0c1s1n2 pci 0000:00:1d.0: PCI INT A -> GSI 23 (level, low) -> IRQ 23
2015-02-12T15:37:15.356617-06:00 c0-0c1s1n2 pci 0000:00:1d.0: PCI INT A disabled
2015-02-12T15:37:15.356765-06:00 c0-0c1s1n2 Trying to unpack rootfs image as initramfs...
2015-02-12T15:37:15.783704-06:00 c0-0c1s1n2 Freeing initrd memory: 12352k freed
2015-02-12T15:37:15.783791-06:00 c0-0c1s1n2 DMAR: Device scope device [0000:00:01.01] not found
2015-02-12T15:37:15.808702-06:00 c0-0c1s1n2 DMAR: Device scope device [0000:00:01.01] not found
2015-02-12T15:37:15.808890-06:00 c0-0c1s1n2 PCI-DMA: Using software bounce buffering for IO (SWIOTLB)
2015-02-12T15:37:15.834112-06:00 c0-0c1s1n2 Placing 64MB software IO TLB between ffff88007a67c000 - ffff88007e67c000
2015-02-12T15:37:15.834299-06:00 c0-0c1s1n2 software IO TLB at phys 0x7a67c000 - 0x7e67c000
2015-02-12T15:37:15.834569-06:00 c0-0c1s1n2 Machine check injector initialized
2015-02-12T15:37:15.859410-06:00 c0-0c1s1n2 futex hash table entries: 4096 (order: 6, 262144 bytes)
2015-02-12T15:37:15.859499-06:00 c0-0c1s1n2 Registering pnotify support for (name=job)
2015-02-12T15:37:15.859586-06:00 c0-0c1s1n2 CSA: initialized
2015-02-12T15:37:15.859673-06:00 c0-0c1s1n2 audit: initializing netlink socket (disabled)
2015-02-12T15:37:15.884552-06:00 c0-0c1s1n2 type=2000 audit(1423777029.516:1): initialized
2015-02-12T15:37:15.935355-06:00 c0-0c1s1n2 HugeTLB registered 2 MB page size, pre-allocated 0 pages
2015-02-12T15:37:15.935467-06:00 c0-0c1s1n2 VFS: Disk quotas dquot_6.5.2
2015-02-12T15:37:15.960286-06:00 c0-0c1s1n2 Dquot-cache hash table entries: 512 (order 0, 4096 bytes)
2015-02-12T15:37:15.960584-06:00 c0-0c1s1n2 Installing knfsd (copyright (C) 1996 okir@monad.swb.de).
2015-02-12T15:37:15.960794-06:00 c0-0c1s1n2 fuse init (API version 7.16)
2015-02-12T15:37:15.985478-06:00 c0-0c1s1n2 Installing v9fs 9p2000 file system support
2015-02-12T15:37:15.985673-06:00 c0-0c1s1n2 msgmni has been set to 32268
2015-02-12T15:37:15.986032-06:00 c0-0c1s1n2 Block layer SCSI generic (bsg) driver version 0.4 loaded (major 254)
2015-02-12T15:37:16.010705-06:00 c0-0c1s1n2 io scheduler noop registered (default)
2015-02-12T15:37:16.010945-06:00 c0-0c1s1n2 io scheduler deadline registered
2015-02-12T15:37:16.011109-06:00 c0-0c1s1n2 io scheduler cfq registered
2015-02-12T15:37:16.036009-06:00 c0-0c1s1n2 input: Power Button as PATH1228:PATH1229:PATH1230:PATH1231
2015-02-12T15:37:16.036156-06:00 c0-0c1s1n2 ACPI: Power Button [PWRB]
2015-02-12T15:37:16.036541-06:00 c0-0c1s1n2 input: Power Button as PATH1228:PATH1232:PATH1233
2015-02-12T15:37:16.036673-06:00 c0-0c1s1n2 ACPI: Power Button [PWRF]
2015-02-12T15:37:16.137301-06:00 c0-0c1s1n2 ERST: Error Record Serialization Table (ERST) support is disabled.
2015-02-12T15:37:16.137368-06:00 c0-0c1s1n2 GHES: HEST is not enabled!
2015-02-12T15:37:16.212676-06:00 c0-0c1s1n2 Serial: PATH1234 driver, 2 ports, IRQ sharing disabled
2015-02-12T15:37:16.212744-06:00 c0-0c1s1n2 serial8250: ttyS0 at PATH1235 0x3f8 (irq = 4) is a 16550A
2015-02-12T15:37:16.313547-06:00 c0-0c1s1n2 serial8250: ttyS1 at PATH1235 0x2f8 (irq = 3) is a 16550A
2015-02-12T15:37:16.414587-06:00 c0-0c1s1n2 Real Time Clock Driver v1.12b
2015-02-12T15:37:16.414638-06:00 c0-0c1s1n2 Linux agpgart interface v0.103
2015-02-12T15:37:16.414704-06:00 c0-0c1s1n2 brd: module loaded
2015-02-12T15:37:16.414772-06:00 c0-0c1s1n2 loop: module loaded
2015-02-12T15:37:16.414823-06:00 c0-0c1s1n2 Loading iSCSI transport class v2.0-870.
2015-02-12T15:37:16.414895-06:00 c0-0c1s1n2 iscsi: registered transport (tcp)
2015-02-12T15:37:16.439936-06:00 c0-0c1s1n2 Rounding down aligned max_sectors from 4294967295 to 4294967288
2015-02-12T15:37:16.440051-06:00 c0-0c1s1n2 console [netcon0] enabled
2015-02-12T15:37:16.440202-06:00 c0-0c1s1n2 netconsole: network logging started
2015-02-12T15:37:16.464999-06:00 c0-0c1s1n2 i8042: PNP: No PATH1236 controller found. Probing ports directly.
2015-02-12T15:37:16.883661-06:00 c0-0c1s1n2 Refined TSC clocksource calibration: 2599.999 MHz.
2015-02-12T15:37:16.883678-06:00 c0-0c1s1n2 Switching to clocksource tsc
2015-02-12T15:37:17.497994-06:00 c0-0c1s1n2 i8042: No controller found
2015-02-12T15:37:17.523045-06:00 c0-0c1s1n2 EDAC MC: Ver: 2.1.0
2015-02-12T15:37:17.523099-06:00 c0-0c1s1n2 cpuidle: using governor ladder
2015-02-12T15:37:17.523184-06:00 c0-0c1s1n2 cpuidle: using governor menu
2015-02-12T15:37:17.523276-06:00 c0-0c1s1n2 oprofile: using NMI interrupt.
2015-02-12T15:37:17.523313-06:00 c0-0c1s1n2 TCP cubic registered
2015-02-12T15:37:17.548309-06:00 c0-0c1s1n2 NET: Registered protocol family 10
2015-02-12T15:37:17.548384-06:00 c0-0c1s1n2 IPv6 over IPv4 tunneling driver
2015-02-12T15:37:17.548529-06:00 c0-0c1s1n2 NET: Registered protocol family 17
2015-02-12T15:37:17.548605-06:00 c0-0c1s1n2 Installing 9P2000 support
2015-02-12T15:37:17.573566-06:00 c0-0c1s1n2 Registering the dns_resolver key type
2015-02-12T15:37:17.573691-06:00 c0-0c1s1n2 registered taskstats version 1
2015-02-12T15:37:17.574042-06:00 c0-0c1s1n2 Freeing unused kernel memory: 692k freed
2015-02-12T15:37:17.674522-06:00 c0-0c1s1n2 ghal_init:Cray(R) Gemini Hardware Abstraction Layer - version 1.0107
2015-02-12T15:37:17.674649-06:00 c0-0c1s1n2 ghal_init:Copyright (C) 2007-1012 Cray Inc.
2015-02-12T15:37:17.674947-06:00 c0-0c1s1n2 ghal 0000:01:00.1: enabling device (0000 -> 0002)
2015-02-12T15:37:17.699916-06:00 c0-0c1s1n2 udev: starting version 147
2015-02-12T15:37:17.699925-06:00 c0-0c1s1n2 simplex: module license 'unspecified' taints kernel.
2015-02-12T15:37:17.725031-06:00 c0-0c1s1n2 hss-os: communication area 0xffff881009b3c800 (phys 0x1009b3c800)
2015-02-12T15:37:17.725198-06:00 c0-0c1s1n2 hss-os: new channel 1
2015-02-12T15:37:19.208165-06:00 c0-0c1s1n2 request_sys_info_from_L0: No tile dimension data
2015-02-12T15:37:19.208173-06:00 c0-0c1s1n2 hss-os: new channel 2
2015-02-12T15:37:19.208185-06:00 c0-0c1s1n2 kgni_init:Cray(R) Gemini Network Interface - Sep 17 2014 version 0x004500b7 rev 9750
2015-02-12T15:37:19.208210-06:00 c0-0c1s1n2 kgni_init:Copyright (C) 2007,2008 Cray Inc.
2015-02-12T15:37:19.208219-06:00 c0-0c1s1n2 ipogif_init:Cray(R) Gemini IP over Fabric device driver - version 0.17
2015-02-12T15:37:19.208225-06:00 c0-0c1s1n2 ipogif_init:Copyright (C) 2007 Cray Inc.
2015-02-12T15:37:19.208236-06:00 c0-0c1s1n2 ipogif_probe:Immediate checksum off
2015-02-12T15:37:19.208242-06:00 c0-0c1s1n2 Cray(R) Gemini Performance Counter Daemon - version 0.1
2015-02-12T15:37:19.208252-06:00 c0-0c1s1n2 GEMINI Performance Counter Daemon.
2015-02-12T15:37:19.208258-06:00 c0-0c1s1n2 Cray(R) Kernel Dynamic Registration (KDREG) Interface - version 0x2243e
2015-02-12T15:37:19.208281-06:00 c0-0c1s1n2 Copyright (C) 2004-5 Pete Wyckoff - modified by Cray(R)
2015-02-12T15:37:19.208304-06:00 c0-0c1s1n2 ipogif_up:Bringing interface up
2015-02-12T15:37:19.208311-06:00 c0-0c1s1n2 Sending ec_node_info with boot code 0 (NODE_INFO_OS_BOOT) for nid 70
2015-02-12T15:37:19.208319-06:00 c0-0c1s1n2 net.core.rmem_max = 16777216
2015-02-12T15:37:19.208327-06:00 c0-0c1s1n2 net.core.wmem_max = 16777216
2015-02-12T15:37:19.208337-06:00 c0-0c1s1n2 net.core.rmem_default = 16777216
2015-02-12T15:37:19.208348-06:00 c0-0c1s1n2 net.core.wmem_default = 16777216
2015-02-12T15:37:19.208360-06:00 c0-0c1s1n2 net.core.optmem_max = 16777216
2015-02-12T15:37:19.208379-06:00 c0-0c1s1n2 net.ipv4.tcp_mem = 16777216 16777216 16777216
2015-02-12T15:37:19.208387-06:00 c0-0c1s1n2 net.ipv4.tcp_rmem = 4096 87380 16777216
2015-02-12T15:37:19.208396-06:00 c0-0c1s1n2 net.ipv4.tcp_wmem = 4096 65536 16777216
2015-02-12T15:37:19.208408-06:00 c0-0c1s1n2 Using rootfs config: nfs-shared...
2015-02-12T15:37:19.208418-06:00 c0-0c1s1n2 rootfs mount succeeded.
2015-02-12T15:37:19.208428-06:00 c0-0c1s1n2 **********************************************************
2015-02-12T15:37:19.208436-06:00 c0-0c1s1n2    HOSTNAME: nid00070
2015-02-12T15:37:19.208445-06:00 c0-0c1s1n2 **********************************************************
2015-02-12T15:37:19.208450-06:00 c0-0c1s1n2 ipogif0   Link encap:Ethernet  HWaddr 00:01:01:00:00:46  
2015-02-12T15:37:19.208461-06:00 c0-0c1s1n2          inet addr:IPADDR49  Mask:IPADDR15
2015-02-12T15:37:19.208472-06:00 c0-0c1s1n2          inet6 addr: fe80::201:1ff:fe00:PATH3956 Scope:Link
2015-02-12T15:37:19.208478-06:00 c0-0c1s1n2          UP RUNNING NOARP  MTU:65520  Metric:1
2015-02-12T15:37:19.208485-06:00 c0-0c1s1n2          RX packets:21 errors:0 dropped:0 overruns:0 frame:0
2015-02-12T15:37:19.208497-06:00 c0-0c1s1n2          TX packets:28 errors:0 dropped:0 overruns:0 carrier:0
2015-02-12T15:37:19.208505-06:00 c0-0c1s1n2          collisions:0 txqueuelen:1000 
2015-02-12T15:37:19.208525-06:00 c0-0c1s1n2          RX bytes:2496 (2.4 KiB)  TX bytes:2540 (2.4 KiB)
2015-02-12T15:37:19.208538-06:00 c0-0c1s1n2 lo        Link encap:Local Loopback  
2015-02-12T15:37:19.208549-06:00 c0-0c1s1n2          inet addr:IPADDR18  Mask:IPADDR24
2015-02-12T15:37:19.208560-06:00 c0-0c1s1n2          inet6 addr: ::PATH1252 Scope:Host
2015-02-12T15:37:19.208586-06:00 c0-0c1s1n2          UP LOOPBACK RUNNING  MTU:16436  Metric:1
2015-02-12T15:37:19.208602-06:00 c0-0c1s1n2          RX packets:0 errors:0 dropped:0 overruns:0 frame:0
2015-02-12T15:37:19.208611-06:00 c0-0c1s1n2          TX packets:0 errors:0 dropped:0 overruns:0 carrier:0
2015-02-12T15:37:19.208623-06:00 c0-0c1s1n2          collisions:0 txqueuelen:0 
2015-02-12T15:37:19.208630-06:00 c0-0c1s1n2          RX bytes:0 (0.0 B)  TX bytes:0 (0.0 B)
2015-02-12T15:37:19.208641-06:00 c0-0c1s1n2 Mounting NID specific PATH1253 (nid=70)...
2015-02-12T15:37:19.208649-06:00 c0-0c1s1n2 done.
2015-02-12T15:37:19.258635-06:00 c0-0c1s1n2 INIT: version 2.86 booting
2015-02-12T15:37:19.289319-06:00 c0-0c1s1n2 System Boot Control: Running PATH1254
2015-02-12T15:37:19.289333-06:00 c0-0c1s1n2 Mounting sysfs at PATH12557[?25l
2015-02-12T15:37:19.289343-06:00 c0-0c1s1n2 [80C[10D[1;32mdone[m8[?25h
2015-02-12T15:37:19.289406-06:00 c0-0c1s1n2 Copying static PATH1256 content7[?25l
2015-02-12T15:37:19.289413-06:00 c0-0c1s1n2 [80C[10D[1;32mdone[m8[?25h
2015-02-12T15:37:19.313831-06:00 c0-0c1s1n2 Mounting tmpfs at PATH12577[?25l
2015-02-12T15:37:19.313839-06:00 c0-0c1s1n2 [80C[10D[1;32mdone[m8[?25h
2015-02-12T15:37:19.338840-06:00 c0-0c1s1n2 Mounting devpts at PATH12587[?25l
2015-02-12T15:37:19.338851-06:00 c0-0c1s1n2 [80C[10D[1;32mdone[m8[?25h
2015-02-12T15:37:19.339680-06:00 c0-0c1s1n2 Boot logging started on PATH1259(PATH1260) at Thu Feb 12 15:37:12 2015
2015-02-12T15:37:19.364464-06:00 c0-0c1s1n2 Mounting debugfs at PATH12617[?25l
2015-02-12T15:37:19.364469-06:00 c0-0c1s1n2 [80C[10D[1;32mdone[m8[?25h
2015-02-12T15:37:19.426299-06:00 c0-0c1s1n2 [m[?25hNo efivars filesystem driver available.[m[?25hStarting udevd: udev: starting version 147
2015-02-12T15:37:19.426348-06:00 c0-0c1s1n2 7[?25l
2015-02-12T15:37:19.426357-06:00 c0-0c1s1n2 [80C[10D[1;32mdone[m8[?25h
2015-02-12T15:37:19.501973-06:00 c0-0c1s1n2 Loading drivers, configuring devices: usbcore: registered new interface driver usbfs
2015-02-12T15:37:19.502048-06:00 c0-0c1s1n2 ahci 0000:00:1f.2: PCI INT B -> GSI 19 (level, low) -> IRQ 19
2015-02-12T15:37:19.527038-06:00 c0-0c1s1n2 ahci 0000:00:1f.2: forcing PORTS_IMPL to 0x3f
2015-02-12T15:37:19.527230-06:00 c0-0c1s1n2 usbcore: registered new interface driver hub
2015-02-12T15:37:19.527322-06:00 c0-0c1s1n2 usbcore: registered new device driver usb
2015-02-12T15:37:19.552298-06:00 c0-0c1s1n2 ahci 0000:00:1f.2: AHCI 0001.0300 32 slots 6 ports 6 Gbps 0x3f impl SATA mode
2015-02-12T15:37:19.552460-06:00 c0-0c1s1n2 ahci 0000:00:1f.2: flags: 64bit ncq sntf pm led clo pio slum part ems apst 
2015-02-12T15:37:19.552523-06:00 c0-0c1s1n2 scsi0 : ahci
2015-02-12T15:37:19.577502-06:00 c0-0c1s1n2 ehci_hcd: USB 2.0 'Enhanced' Host Controller (EHCI) Driver
2015-02-12T15:37:19.577598-06:00 c0-0c1s1n2 scsi1 : ahci
2015-02-12T15:37:19.577621-06:00 c0-0c1s1n2 scsi2 : ahci
2015-02-12T15:37:19.577632-06:00 c0-0c1s1n2 scsi3 : ahci
2015-02-12T15:37:19.577714-06:00 c0-0c1s1n2 scsi4 : ahci
2015-02-12T15:37:19.602638-06:00 c0-0c1s1n2 scsi5 : ahci
2015-02-12T15:37:19.602798-06:00 c0-0c1s1n2 ata2: SATA max PATH1238 abar m2048@0xfbf00000 port 0xfbf00100 irq 164
2015-02-12T15:37:19.602998-06:00 c0-0c1s1n2 ata3: SATA max PATH1238 abar m2048@0xfbf00000 port 0xfbf00180 irq 164
2015-02-12T15:37:19.628111-06:00 c0-0c1s1n2 ata4: SATA max PATH1238 abar m2048@0xfbf00000 port 0xfbf00200 irq 164
2015-02-12T15:37:19.628335-06:00 c0-0c1s1n2 ata5: SATA max PATH1238 abar m2048@0xfbf00000 port 0xfbf00280 irq 164
2015-02-12T15:37:19.628592-06:00 c0-0c1s1n2 ata6: SATA max PATH1238 abar m2048@0xfbf00000 port 0xfbf00300 irq 164
2015-02-12T15:37:19.653326-06:00 c0-0c1s1n2 ata7: SATA max PATH1238 abar m2048@0xfbf00000 port 0xfbf00380 irq 164
2015-02-12T15:37:19.653502-06:00 c0-0c1s1n2 ehci_hcd 0000:00:1a.0: PCI INT A -> GSI 16 (level, low) -> IRQ 16
2015-02-12T15:37:19.678601-06:00 c0-0c1s1n2 ehci_hcd 0000:00:1a.0: EHCI Host Controller
2015-02-12T15:37:19.678838-06:00 c0-0c1s1n2 ehci_hcd 0000:00:1a.0: new USB bus registered, assigned bus number 1
2015-02-12T15:37:19.678911-06:00 c0-0c1s1n2 ehci_hcd 0000:00:1a.0: debug port 2
2015-02-12T15:37:19.704408-06:00 c0-0c1s1n2 ehci_hcd 0000:00:1a.0: irq 16, io mem 0xfbf02000
2015-02-12T15:37:19.730143-06:00 c0-0c1s1n2 ehci_hcd 0000:00:1a.0: USB 2.0 started, EHCI 1.00
2015-02-12T15:37:19.730163-06:00 c0-0c1s1n2 hub 1-0:1.0: USB hub found
2015-02-12T15:37:19.730203-06:00 c0-0c1s1n2 hub 1-0:1.0: 2 ports detected
2015-02-12T15:37:19.730296-06:00 c0-0c1s1n2 ehci_hcd 0000:00:1d.0: PCI INT A -> GSI 23 (level, low) -> IRQ 23
2015-02-12T15:37:19.755229-06:00 c0-0c1s1n2 ehci_hcd 0000:00:1d.0: EHCI Host Controller
2015-02-12T15:37:19.820994-06:00 c0-0c1s1n2 ehci_hcd 0000:00:1d.0: new USB bus registered, assigned bus number 2
2015-02-12T15:37:19.821038-06:00 c0-0c1s1n2 ehci_hcd 0000:00:1d.0: debug port 2
2015-02-12T15:37:19.821076-06:00 c0-0c1s1n2 ehci_hcd 0000:00:1d.0: irq 23, io mem 0xfbf01000
2015-02-12T15:37:19.821093-06:00 c0-0c1s1n2 ehci_hcd 0000:00:1d.0: USB 2.0 started, EHCI 1.00
2015-02-12T15:37:19.821111-06:00 c0-0c1s1n2 hub 2-0:1.0: USB hub found
2015-02-12T15:37:19.821126-06:00 c0-0c1s1n2 hub 2-0:1.0: 2 ports detected
2015-02-12T15:37:20.096026-06:00 c0-0c1s1n2 usb 1-1: new high-speed USB device number 2 using ehci_hcd
2015-02-12T15:37:20.196893-06:00 c0-0c1s1n2 hub 1-1:1.0: USB hub found
2015-02-12T15:37:20.196948-06:00 c0-0c1s1n2 hub 1-1:1.0: 6 ports detected
2015-02-12T15:37:20.322984-06:00 c0-0c1s1n2 usb 2-1: new high-speed USB device number 2 using ehci_hcd
2015-02-12T15:37:20.449309-06:00 c0-0c1s1n2 hub 2-1:1.0: USB hub found
2015-02-12T15:37:20.449406-06:00 c0-0c1s1n2 hub 2-1:1.0: 8 ports detected
2015-02-12T15:37:20.676522-06:00 c0-0c1s1n2 ata2: failed to resume link (SControl 0)
2015-02-12T15:37:20.676589-06:00 c0-0c1s1n2 ata2: SATA link down (SStatus 0 SControl 0)
2015-02-12T15:37:20.701466-06:00 c0-0c1s1n2 ata7: failed to resume link (SControl 0)
2015-02-12T15:37:20.701541-06:00 c0-0c1s1n2 ata7: SATA link down (SStatus 0 SControl 0)
2015-02-12T15:37:20.701595-06:00 c0-0c1s1n2 ata3: failed to resume link (SControl 0)
2015-02-12T15:37:20.726762-06:00 c0-0c1s1n2 ata3: SATA link down (SStatus 0 SControl 0)
2015-02-12T15:37:20.726791-06:00 c0-0c1s1n2 ata4: failed to resume link (SControl 0)
2015-02-12T15:37:20.726832-06:00 c0-0c1s1n2 ata4: SATA link down (SStatus 0 SControl 0)
2015-02-12T15:37:20.726878-06:00 c0-0c1s1n2 ata5: failed to resume link (SControl 0)
2015-02-12T15:37:20.777020-06:00 c0-0c1s1n2 ata5: SATA link down (SStatus 0 SControl 0)
2015-02-12T15:37:20.777064-06:00 c0-0c1s1n2 ata6: failed to resume link (SControl 0)
2015-02-12T15:37:20.777103-06:00 c0-0c1s1n2 ata6: SATA link down (SStatus 0 SControl 0)
2015-02-12T15:37:20.827588-06:00 c0-0c1s1n2 7[?25l
2015-02-12T15:37:20.827596-06:00 c0-0c1s1n2 [80C[10D[1;32mdone[m8[?25h
2015-02-12T15:37:20.903340-06:00 c0-0c1s1n2 [m[?25hMounting PATH1262 from IPADDR13. Checking for nid=70 existance.
2015-02-12T15:37:21.054585-06:00 c0-0c1s1n2 7[?25l
2015-02-12T15:37:21.054594-06:00 c0-0c1s1n2 [80C[10D[1;32mdone[m8[?25h
2015-02-12T15:37:21.105071-06:00 c0-0c1s1n2 Mounting tmpfs on PATH12637[?25l
2015-02-12T15:37:21.105081-06:00 c0-0c1s1n2 [80C[10D[1;32mdone[m8[?25h
2015-02-12T15:37:21.105114-06:00 c0-0c1s1n2 Running sysctl using values from PATH1264
2015-02-12T15:37:21.105133-06:00 c0-0c1s1n2 net.ipv4.icmp_echo_ignore_broadcasts = 1
2015-02-12T15:37:21.105149-06:00 c0-0c1s1n2 net.ipv4.conf.all.rp_filter = 1
2015-02-12T15:37:21.105206-06:00 c0-0c1s1n2 fs.inotify.max_user_watches = 65536
2015-02-12T15:37:21.105244-06:00 c0-0c1s1n2 net.ipv4.conf.default.promote_secondaries = 1
2015-02-12T15:37:21.105260-06:00 c0-0c1s1n2 net.ipv4.conf.all.promote_secondaries = 1
2015-02-12T15:37:21.105306-06:00 c0-0c1s1n2 vm.min_free_kbytes = 102400
2015-02-12T15:37:21.105353-06:00 c0-0c1s1n2 7[?25l
2015-02-12T15:37:21.105362-06:00 c0-0c1s1n2 [80C[10D[1;32mdone[m8[?25h
2015-02-12T15:37:21.105396-06:00 c0-0c1s1n2 [m[?25hActivating swap-devices in PATH1265
2015-02-12T15:37:21.130223-06:00 c0-0c1s1n2 7[?25l[1A
2015-02-12T15:37:21.130229-06:00 c0-0c1s1n2 [80C[10D[1;32mdone[m8[?25hroot file system (PATH24) is NOT being checked.
2015-02-12T15:37:21.155506-06:00 c0-0c1s1n2 [m[?25hSet System Time to the current Hardware Clock7[?25l
2015-02-12T15:37:21.155523-06:00 c0-0c1s1n2 [80C[10D[1;32mdone[m8[?25h
2015-02-12T15:37:21.180735-06:00 c0-0c1s1n2 [m[?25hActivating device mapper...
2015-02-12T15:37:21.206043-06:00 c0-0c1s1n2 device-mapper: ioctl: 4.23.0-ioctl (2012-07-25) initialised: dm-devel@redhat.com
2015-02-12T15:37:21.206066-06:00 c0-0c1s1n2 7[?25l
2015-02-12T15:37:21.206074-06:00 c0-0c1s1n2 [80C[10D[1;32mdone[m8[?25h
2015-02-12T15:37:21.231142-06:00 c0-0c1s1n2 [m[?25hLoading required kernel modules
2015-02-12T15:37:21.256430-06:00 c0-0c1s1n2 7[?25l[1A
2015-02-12T15:37:21.256441-06:00 c0-0c1s1n2 [80C[10D[1;32mdone[m8[?25h[m[?25h[m[?25hWaiting for udev to settle...
2015-02-12T15:37:21.281624-06:00 c0-0c1s1n2 Scanning for LVM volume groups...
2015-02-12T15:37:21.281649-06:00 c0-0c1s1n2  Reading all physical volumes.  This may take a while...
2015-02-12T15:37:21.281670-06:00 c0-0c1s1n2  No volume groups found
2015-02-12T15:37:21.281679-06:00 c0-0c1s1n2  No volume groups found
2015-02-12T15:37:21.281687-06:00 c0-0c1s1n2 Activating LVM volume groups...
2015-02-12T15:37:21.281699-06:00 c0-0c1s1n2  PARTIAL MODE. Incomplete logical volumes will be processed.
2015-02-12T15:37:21.281709-06:00 c0-0c1s1n2  No volume groups found
2015-02-12T15:37:21.306869-06:00 c0-0c1s1n2 7[?25l
2015-02-12T15:37:21.306878-06:00 c0-0c1s1n2 [80C[10D[1;32mdone[m8[?25h
2015-02-12T15:37:21.306914-06:00 c0-0c1s1n2 [m[?25hNo fibre channel cards present.  Not waiting for disk devices. 
2015-02-12T15:37:21.357293-06:00 c0-0c1s1n2 [m[?25hChecking file systems...
2015-02-12T15:37:21.357318-06:00 c0-0c1s1n2 fsck from util-linux 2.19.1
2015-02-12T15:37:21.357341-06:00 c0-0c1s1n2 Checking all file systems.
2015-02-12T15:37:21.357366-06:00 c0-0c1s1n2 7[?25l[1A
2015-02-12T15:37:21.357376-06:00 c0-0c1s1n2 [80C[10D[1;32mdone[m8[?25hMounting local file systems...
2015-02-12T15:37:21.382531-06:00 c0-0c1s1n2 nothing was mounted
2015-02-12T15:37:21.584584-06:00 c0-0c1s1n2 7[?25l[1A
2015-02-12T15:37:21.584591-06:00 c0-0c1s1n2 [80C[10D[1;32mdone[m8[?25h[m[?25hCheck if the profiles matches the system7[?25l
2015-02-12T15:37:21.584598-06:00 c0-0c1s1n2 [80C[10D[1;32mdone[m8[?25h
2015-02-12T15:37:21.634957-06:00 c0-0c1s1n2 [m[?25hEnabling monitoring on LVM volume groups...
2015-02-12T15:37:21.634981-06:00 c0-0c1s1n2  No volume groups found
2015-02-12T15:37:21.660027-06:00 c0-0c1s1n2 7[?25l
2015-02-12T15:37:21.660036-06:00 c0-0c1s1n2 [80C[10D[1;32mdone[m8[?25h
2015-02-12T15:37:21.685566-06:00 c0-0c1s1n2 [m[?25h[m[?25h[m[?25h[m[?25h[m[?25hTurning quota on
2015-02-12T15:37:21.685677-06:00 c0-0c1s1n2 Checking quotas. This may take some time.
2015-02-12T15:37:21.710464-06:00 c0-0c1s1n2 7[?25l
2015-02-12T15:37:21.710473-06:00 c0-0c1s1n2 [80C[10D[1;32mdone[m8[?25h
2015-02-12T15:37:21.735733-06:00 c0-0c1s1n2 [m[?25hSetting current sysctl status from PATH12647[?25l
2015-02-12T15:37:21.735748-06:00 c0-0c1s1n2 [80C[10D[1;32mdone[m8[?25h
2015-02-12T15:37:21.937458-06:00 c0-0c1s1n2 [m[?25hATTENTION: You have modified PATH3931  Leaving it untouched...
2015-02-12T15:37:21.937483-06:00 c0-0c1s1n2 You can find my version in PATH350769 ...
2015-02-12T15:37:21.937505-06:00 c0-0c1s1n2 touch: cannot touch `PATH1267': Read-only file system
2015-02-12T15:37:21.937515-06:00 c0-0c1s1n2 chmod: cannot access `PATH1267': No such file or directory
2015-02-12T15:37:21.937539-06:00 c0-0c1s1n2 touch: cannot touch `PATH1267': Read-only file system
2015-02-12T15:37:21.962722-06:00 c0-0c1s1n2 [m[?25hSystem Boot Control: The system has been 
2015-02-12T15:37:21.962732-06:00 c0-0c1s1n2 [80C[10D[1mset up[m
2015-02-12T15:37:21.962757-06:00 c0-0c1s1n2 Skipped features: [80C[19D[1;33mboot.efivars[m
2015-02-12T15:37:21.962793-06:00 c0-0c1s1n2 System Boot Control: Running PATH1268
2015-02-12T15:37:21.987937-06:00 c0-0c1s1n2 7[?25l[1A
2015-02-12T15:37:21.987947-06:00 c0-0c1s1n2 [8
2015-02-12T15:37:21.987954-06:00 c0-0c1s1n2 INIT: Entering runlevel: 3
2015-02-12T15:37:22.013241-06:00 c0-0c1s1n2 Master Resource Control: previous runlevel: N, switching to runlevel: 
2015-02-12T15:37:22.013255-06:00 c0-0c1s1n2 [80C[10D[1m3[m
2015-02-12T15:37:22.038401-06:00 c0-0c1s1n2 Starting batchlimitd
2015-02-12T15:37:22.063669-06:00 c0-0c1s1n2 [m[?25hLoading nic compatibility device7[?25l
2015-02-12T15:37:22.063678-06:00 c0-0c1s1n2 [80C[10D[1;32mdone[m8[?25h
2015-02-12T15:37:22.189747-06:00 c0-0c1s1n2 [m[?25hbpmcd_init: Power statistics available in PATH1240
2015-02-12T15:37:22.215060-06:00 c0-0c1s1n2 [m[?25hStarting D-Bus daemon7[?25l
2015-02-12T15:37:22.215072-06:00 c0-0c1s1n2 [80C[10D[1;32mdone[m8[?25h
2015-02-12T15:37:22.265449-06:00 c0-0c1s1n2 [m[?25hiSCSI Enterprise Target Software - version trunk
2015-02-12T15:37:22.265525-06:00 c0-0c1s1n2 iscsi_trgt: Registered io type fileio
2015-02-12T15:37:22.290626-06:00 c0-0c1s1n2 iscsi_trgt: Registered io type blockio
2015-02-12T15:37:22.290643-06:00 c0-0c1s1n2 iscsi_trgt: Registered io type nullio
2015-02-12T15:37:22.315933-06:00 c0-0c1s1n2 [m[?25hLNet: HW CPU cores: 16, npartitions: 4
2015-02-12T15:37:27.341216-06:00 c0-0c1s1n2 PATH3933: line 179: lctl: command not found
2015-02-12T15:37:27.366466-06:00 c0-0c1s1n2 [m[?25hRemoving old kernel packages...
2015-02-12T15:37:27.405396-06:00 c0-0c1s1n2 rm: cannot remove `PATH1269': Read-only file system
2015-02-12T15:37:27.405468-06:00 c0-0c1s1n2 PATH1270: multiversion.kernels not configured in PATH1271, exiting.
2015-02-12T15:37:27.405477-06:00 c0-0c1s1n2 7[?25l
2015-02-12T15:37:27.405490-06:00 c0-0c1s1n2 [80C[10D[1;32mdone[m8[?25h
2015-02-12T15:37:27.445395-06:00 c0-0c1s1n2 [m[?25hInitializing random number generator7[?25l
2015-02-12T15:37:27.445405-06:00 c0-0c1s1n2 [80C[10D[1;32mdone[m8[?25h
2015-02-12T15:37:27.527158-06:00 c0-0c1s1n2 [m[?25hCompat-rdma backport release: ac916cb
2015-02-12T15:37:27.552346-06:00 c0-0c1s1n2 Backport based on git:PATH1237 5268562
2015-02-12T15:37:27.552368-06:00 c0-0c1s1n2 compat.git: git:PATH1237
2015-02-12T15:37:27.661656-06:00 c0-0c1s1n2 Loading HCA driver and Access Layer:[60G[  [1;32mOK[0;39m  ]
2015-02-12T15:37:27.686909-06:00 c0-0c1s1n2 Setting up InfiniBand network interfaces:
2015-02-12T15:37:27.686932-06:00 c0-0c1s1n2 Setting up service network . . .[60G[  [0;39mdone[0;39m  ]
2015-02-12T15:37:27.838400-06:00 c0-0c1s1n2 [m[?25hSetting up (localfs) network interfaces:
2015-02-12T15:37:27.958965-06:00 c0-0c1s1n2    lo        
2015-02-12T15:37:28.009511-06:00 c0-0c1s1n2    lo        IP address: PATH1272   
2015-02-12T15:37:28.009544-06:00 c0-0c1s1n2              IP address: PATH1273   
2015-02-12T15:37:28.905306-06:00 c0-0c1s1n2 7[?25l[1A
2015-02-12T15:37:28.905317-06:00 c0-0c1s1n2 [80C[10D[1;32mdone[m8[?25h    ipogif0   
2015-02-12T15:37:28.905322-06:00 c0-0c1s1n2              No configuration found for ipogif0
2015-02-12T15:37:28.905328-06:00 c0-0c1s1n2 7[?25l[1A
2015-02-12T15:37:28.905333-06:00 c0-0c1s1n2 [80C[10D[1munused[m8[?25hSetting up service (localfs) network  .  .  .  .  .  .  .  .  .  .7[?25l
2015-02-12T15:37:28.905345-06:00 c0-0c1s1n2 [80C[10D[1;32mdone[m8[?25h
2015-02-12T15:37:28.905362-06:00 c0-0c1s1n2 [m[?25hCould not start BND as this is not the boot node.
2015-02-12T15:37:28.905378-06:00 c0-0c1s1n2 bootnodes are: 1 1 
2015-02-12T15:37:28.905384-06:00 c0-0c1s1n2 mynid=70
2015-02-12T15:37:28.905388-06:00 c0-0c1s1n2 [m[?25hS04cray-config-service: Mounting 9p configuration directory. 
2015-02-12T15:37:29.250456-06:00 c0-0c1s1n2 S04cray-config-service:   Success.  
2015-02-12T15:37:29.338763-06:00 c0-0c1s1n2 [m[?25h[m[?25hStarting hw_info_init on 70
2015-02-12T15:37:29.389116-06:00 c0-0c1s1n2 bootnodes are: 1 1 
2015-02-12T15:37:29.389139-06:00 c0-0c1s1n2 mynid=70
2015-02-12T15:37:29.767840-06:00 c0-0c1s1n2 [m[?25h[m[?25h 
2015-02-12T15:37:29.767909-06:00 c0-0c1s1n2 cray-syslog: **WARNING**  PATH1274 MAY require hard and soft file limits 
2015-02-12T15:37:29.767934-06:00 c0-0c1s1n2 cray-syslog:              greater or equal to 8192 for proper LLM operation 
2015-02-12T15:37:29.792843-06:00 c0-0c1s1n2 cray-syslog:              when large number of jobs are launched concurrently.
2015-02-12T15:37:29.792931-06:00 c0-0c1s1n2 cray-syslog:              If you have failures running large number of concurrent jobs,
2015-02-12T15:37:29.792948-06:00 c0-0c1s1n2 cray-syslog:              you may wish to update the hard and soft nofile entries in 
2015-02-12T15:37:29.792990-06:00 c0-0c1s1n2 cray-syslog:              limits.conf as follows.
2015-02-12T15:37:29.792999-06:00 c0-0c1s1n2 
2015-02-12T15:37:29.793022-06:00 c0-0c1s1n2 cray-syslog: PATH1274: 
2015-02-12T15:37:29.793032-06:00 c0-0c1s1n2 cray-syslog: *  soft  nofile  8192
2015-02-12T15:37:29.793069-06:00 c0-0c1s1n2 cray-syslog: *  hard  nofile  8192
2015-02-12T15:37:29.793100-06:00 c0-0c1s1n2 
2015-02-12T15:37:30.806229-06:00 c0-0c1s1n2 cray-syslog: rsyslogd started as process 6745.
2015-02-12T15:37:31.817557-06:00 c0-0c1s1n2 cray-syslog: llmrd started as process  6758.
2015-02-12T15:37:31.868237-06:00 c0-0c1s1n2 [m[?25h[m[?25hStarting auditd startproc:  exit status of parent of PATH1275: 6
2015-02-12T15:37:31.868251-06:00 c0-0c1s1n2 7[?25l
2015-02-12T15:37:31.868257-06:00 c0-0c1s1n2 [80C[10D[1;32mdone[m8[?25h
2015-02-12T15:37:31.969129-06:00 c0-0c1s1n2 [m[?25hStarting haveged daemon 7[?25l
2015-02-12T15:37:31.969150-06:00 c0-0c1s1n2 [80C[10D[1;32mdone[m8[?25h
2015-02-12T15:37:31.994299-06:00 c0-0c1s1n2 [m[?25hStarting rpcbind 7[?25l
2015-02-12T15:37:31.994309-06:00 c0-0c1s1n2 [80C[10D[1;32mdone[m8[?25h
2015-02-12T15:37:31.994352-06:00 c0-0c1s1n2 [m[?25hbootnodes are: 1 1 
2015-02-12T15:37:32.044621-06:00 c0-0c1s1n2 mynid=70
2015-02-12T15:37:32.069869-06:00 c0-0c1s1n2 [m[?25hNot starting NFS client services - no NFS found in PATH1276:
2015-02-12T15:37:32.069884-06:00 c0-0c1s1n2 [80C[10D[1munused[m
2015-02-12T15:37:32.095082-06:00 c0-0c1s1n2 [m[?25hStarting DVS service: DVS: Revision 1873 - Built: Sep 17 2014 @ 06:40:29 for lnet version 2.5
2015-02-12T15:37:32.145684-06:00 c0-0c1s1n2 Lustre: kgnilnd build version: 2.5-trunk-1.0502.17198.8.51-abuild-RB-5.2UP02_2.5.1-2014-09-17-06:59
2015-02-12T15:37:32.221280-06:00 c0-0c1s1n2 LNet: Added LNI 70@gni [PATH1244]
2015-02-12T15:37:33.237453-06:00 c0-0c1s1n2 7[?25l
2015-02-12T15:37:33.237459-06:00 c0-0c1s1n2 [80C[10D[1;32mdone[m8[?25h
2015-02-12T15:37:33.301341-06:00 c0-0c1s1n2 [m[?25hStarting java.binfmt_misc 7[?25l
2015-02-12T15:37:33.301356-06:00 c0-0c1s1n2 [80C[10D[1;32mdone[m8[?25h
2015-02-12T15:37:33.326571-06:00 c0-0c1s1n2 [m[?25hStarting mcelog... 7[?25l
2015-02-12T15:37:33.326582-06:00 c0-0c1s1n2 [80C[10D[1;32mdone[m8[?25h
2015-02-12T15:37:33.427522-06:00 c0-0c1s1n2 [m[?25hSetting up (remotefs) network interfaces:
2015-02-12T15:37:33.528374-06:00 c0-0c1s1n2    sit0      
2015-02-12T15:37:33.553624-06:00 c0-0c1s1n2              No configuration found for sit0
2015-02-12T15:37:33.578891-06:00 c0-0c1s1n2 7[?25l[1A
2015-02-12T15:37:33.578903-06:00 c0-0c1s1n2 [80C[10D[1munused[m8[?25hSetting up service (remotefs) network  .  .  .  .  .  .  .  .  .  .7[?25l
2015-02-12T15:37:33.578915-06:00 c0-0c1s1n2 [80C[10D[1;32mdone[m8[?25h
2015-02-12T15:37:33.643688-06:00 c0-0c1s1n2 [80C[10D[1;32mdone[m8[?25h
2015-02-12T15:37:33.643743-06:00 c0-0c1s1n2 [m[?25hsdbnodes are: 137 137 
2015-02-12T15:37:33.705353-06:00 c0-0c1s1n2 mynid=70
2015-02-12T15:37:33.705730-06:00 c0-0c1s1n2 [m[?25hStarting network time protocol daemon (NTPD)7[?25l
2015-02-12T15:37:33.705738-06:00 c0-0c1s1n2 [80C[10D[1;32mdone[m8[?25h
2015-02-12T15:37:33.806271-06:00 c0-0c1s1n2 [m[?25hStarting MUNGE: munged7[?25l
2015-02-12T15:37:33.806286-06:00 c0-0c1s1n2 [80C[10D[1;32mdone[m8[?25h
2015-02-12T15:37:33.856900-06:00 c0-0c1s1n2 [m[?25h[m[?25h[m[?25hStarting Name Service Cache Daemon7[?25l
2015-02-12T15:37:33.856912-06:00 c0-0c1s1n2 [80C[10D[1;32mdone[m8[?25h
2015-02-12T15:37:33.882025-06:00 c0-0c1s1n2 [m[?25hEnabling Linux Jobs
2015-02-12T15:37:33.907326-06:00 c0-0c1s1n2 [m[?25hStarting alps services
2015-02-12T15:37:34.427802-06:00 c0-0c1s1n2 mkdir: cannot create directory `PATH1277': Read-only file system
2015-02-12T15:37:34.453013-06:00 c0-0c1s1n2 no ALPS daemon will be started on node nid00070.
2015-02-12T15:37:34.973521-06:00 c0-0c1s1n2 [m[?25h<node_health> Starting node_health_recovery
2015-02-12T15:37:35.005059-06:00 c0-0c1s1n2 [m[?25hsdbnodes are: 137 137 
2015-02-12T15:37:35.005084-06:00 c0-0c1s1n2 mynid=70
2015-02-12T15:37:35.005093-06:00 c0-0c1s1n2 [m[?25hblogd: no message logging because PATH1262 file system is not accessible
2015-02-12T15:37:35.005102-06:00 c0-0c1s1n2 Boot event: Starting
2015-02-12T15:37:35.005118-06:00 c0-0c1s1n2 Sending ec_node_info with boot code 8 (NODE_INFO_OS_BOOT_SUCCEEDED) for nid 70
2015-02-12T15:37:35.005149-06:00 c0-0c1s1n2 [m[?25hMaster Resource Control: runlevel 3 has been 
2015-02-12T15:37:35.005158-06:00 c0-0c1s1n2 [80C[10D[1mreached[m
2015-02-12T15:37:35.005170-06:00 c0-0c1s1n2 Failed services in runlevel 3: [80C[11D[1;31mlnet[m
2015-02-12T15:37:35.005219-06:00 c0-0c1s1n2 Skipped services in runlevel 3: [80C[10D[1;33mnfs[m
2015-02-12T15:37:35.030032-06:00 c0-0c1s1n2 INIT: no more processes left in this runlevel
2015-02-12T15:28:43.375469-06:00 c0-0c1s10n3 ERROR: Type:2; Severity:80; Class:3; Subclass:D; Operation: 2
2015-02-12T15:39:09.039392-06:00 c0-0c1s10n3 Wait4Boot: WRITE: 523 bytes to memory @ 0x90CD0 ... complete
2015-02-12T15:39:09.039400-06:00 c0-0c1s10n3 Wait4Boot: Blade Controller Boot Protocol version - 1
2015-02-12T15:39:09.039433-06:00 c0-0c1s10n3 Wait4Boot: JUMP: KernelStart 0x100000, boot_params 0x90000, CmdLineAddr 0x90CD0
2015-02-12T15:39:09.039442-06:00 c0-0c1s10n3 OnExitBootServices..
2015-02-12T15:39:09.064173-06:00 c0-0c1s10n3 ConfigureXhciAtBoot() Start
2015-02-12T15:39:09.064181-06:00 c0-0c1s10n3 ConfigureXhciAtBoot() End
2015-02-12T15:39:09.064227-06:00 c0-0c1s10n3 (Wdt) RunWdtBeforeOsBoot
2015-02-12T15:39:09.064513-06:00 c0-0c1s10n3 (Wdt) DisableTimer
2015-02-12T15:39:12.108433-06:00 c0-0c1s10n3 Crypto Lib Callback.
2015-02-12T15:39:12.108684-06:00 c0-0c1s10n3 Heap addr before Virtual MemFixup = 7bacb018, After = 7bacb018
2015-02-12T15:39:12.133303-06:00 c0-0c1s10n3 NvramSmi Go Virtual
2015-02-12T15:39:12.260152-06:00 c0-0c1s10n3 Stopping all external HCs
2015-02-12T15:39:12.284894-06:00 c0-0c1s10n3 stopping all HC type 40:
2015-02-12T15:39:21.838521-06:00 c0-0c1s10n3 i8042: No controller found
2015-02-12T15:39:26.116600-06:00 c0-0c1s10n3 Sending ec_node_info with boot code 0 (NODE_INFO_OS_BOOT) for nid 107
2015-02-12T15:39:26.142053-06:00 c0-0c1s10n3 net.core.rmem_max = 16777216
2015-02-12T15:39:26.142093-06:00 c0-0c1s10n3 net.core.wmem_max = 16777216
2015-02-12T15:39:26.142104-06:00 c0-0c1s10n3 net.core.rmem_default = 16777216
2015-02-12T15:39:26.142133-06:00 c0-0c1s10n3 net.core.wmem_default = 16777216
2015-02-12T15:39:26.142145-06:00 c0-0c1s10n3 net.core.optmem_max = 16777216
2015-02-12T15:39:26.142188-06:00 c0-0c1s10n3 net.ipv4.tcp_mem = 16777216 16777216 16777216
2015-02-12T15:39:26.142203-06:00 c0-0c1s10n3 net.ipv4.tcp_rmem = 4096 87380 16777216
2015-02-12T15:39:26.142220-06:00 c0-0c1s10n3 net.ipv4.tcp_wmem = 4096 65536 16777216
2015-02-12T15:39:26.476276-06:00 c0-0c1s10n3 nid 107: Linux version 3.0.101-0.31.1_1.0502.8394-cray_ari_c (abuild@cfosbld02) (gcc version 4.3.4 [gcc-4_3-branch revision 152973] (SUSE Linux) ) #1 SMP Wed Sep 10 04:09:26 UTC 2014
2015-02-12T15:39:26.501502-06:00 c0-0c1s10n3 starting pid 6929, tty '': 'PATH3974'
2015-02-12T15:39:26.624712-06:00 c0-0c1s10n3 bpmcd_init: Power statistics available in PATH1240
2015-02-12T15:39:26.624785-06:00 c0-0c1s10n3 DVS: Revision 1873 - Built: Sep 17 2014 @ 06:40:25 for lnet version 2.5
2015-02-12T15:39:26.649969-06:00 c0-0c1s10n3 LNet: HW CPU cores: 64, npartitions: 8
2015-02-12T15:39:31.655229-06:00 c0-0c1s10n3 Lustre: kgnilnd build version: 2.5-trunk-1.0502.17198.8.57-abuild-RB-5.2UP02_2.5.1-2014-09-17-06:43
2015-02-12T15:39:31.807146-06:00 c0-0c1s10n3 LNet: Added LNI 107@gni [PATH4853]
2015-02-12T15:39:47.826254-06:00 c0-0c1s10n3 mcelog: Family 6 Model 3f CPU: only decoding architectural errors
2015-02-12T15:39:47.826339-06:00 c0-0c1s10n3 SGI XPMEM kernel module v2.2 loaded
2015-02-12T15:39:47.851549-06:00 c0-0c1s10n3 <node_health> (xtnhd) xtnhd has started
2015-02-12T15:39:48.020531-06:00 c0-0c1s10n3 boot_freemem data calculated:  130105760
2015-02-12T15:28:43.487271-06:00 c0-0c1s3n3 ERROR: Type:2; Severity:80; Class:3; Subclass:D; Operation: 2
2015-02-12T15:39:08.977372-06:00 c0-0c1s3n3 Wait4Boot: WRITE: 523 bytes to memory @ 0x90CD0 ... complete
2015-02-12T15:39:08.977381-06:00 c0-0c1s3n3 Wait4Boot: Blade Controller Boot Protocol version - 1
2015-02-12T15:39:09.013275-06:00 c0-0c1s3n3 Wait4Boot: JUMP: KernelStart 0x100000, boot_params 0x90000, CmdLineAddr 0x90CD0
2015-02-12T15:39:09.013465-06:00 c0-0c1s3n3 OnExitBootServices..
2015-02-12T15:39:09.040769-06:00 c0-0c1s3n3 ConfigureXhciAtBoot() Start
2015-02-12T15:39:09.064107-06:00 c0-0c1s3n3 ConfigureXhciAtBoot() End
2015-02-12T15:39:09.064404-06:00 c0-0c1s3n3 (Wdt) RunWdtBeforeOsBoot
2015-02-12T15:39:09.064647-06:00 c0-0c1s3n3 (Wdt) DisableTimer
2015-02-12T15:39:12.108575-06:00 c0-0c1s3n3 Crypto Lib Callback.
2015-02-12T15:39:12.133375-06:00 c0-0c1s3n3 Heap addr before Virtual MemFixup = 7bacb018, After = 7bacb018
2015-02-12T15:39:12.133541-06:00 c0-0c1s3n3 NvramSmi Go Virtual
2015-02-12T15:39:12.284965-06:00 c0-0c1s3n3 Stopping all external HCs
2015-02-12T15:39:12.285316-06:00 c0-0c1s3n3 stopping all HC type 40:
2015-02-12T15:39:21.737755-06:00 c0-0c1s3n3 i8042: No controller found
2015-02-12T15:39:25.812015-06:00 c0-0c1s3n3 Sending ec_node_info with boot code 0 (NODE_INFO_OS_BOOT) for nid 79
2015-02-12T15:39:25.812023-06:00 c0-0c1s3n3 net.core.rmem_max = 16777216
2015-02-12T15:39:25.812030-06:00 c0-0c1s3n3 net.core.wmem_max = 16777216
2015-02-12T15:39:25.812040-06:00 c0-0c1s3n3 net.core.rmem_default = 16777216
2015-02-12T15:39:25.812046-06:00 c0-0c1s3n3 net.core.wmem_default = 16777216
2015-02-12T15:39:25.812055-06:00 c0-0c1s3n3 net.core.optmem_max = 16777216
2015-02-12T15:39:25.861761-06:00 c0-0c1s3n3 net.ipv4.tcp_mem = 16777216 16777216 16777216
2015-02-12T15:39:25.861770-06:00 c0-0c1s3n3 net.ipv4.tcp_rmem = 4096 87380 16777216
2015-02-12T15:39:25.862420-06:00 c0-0c1s3n3 net.ipv4.tcp_wmem = 4096 65536 16777216
2015-02-12T15:39:26.116530-06:00 c0-0c1s3n3 nid 79: Linux version 3.0.101-0.31.1_1.0502.8394-cray_ari_c (abuild@cfosbld02) (gcc version 4.3.4 [gcc-4_3-branch revision 152973] (SUSE Linux) ) #1 SMP Wed Sep 10 04:09:26 UTC 2014
2015-02-12T15:39:26.141896-06:00 c0-0c1s3n3 starting pid 6938, tty '': 'PATH3974'
2015-02-12T15:39:26.236212-06:00 c0-0c1s3n3 bpmcd_init: Power statistics available in PATH1240
2015-02-12T15:39:26.261508-06:00 c0-0c1s3n3 DVS: Revision 1873 - Built: Sep 17 2014 @ 06:40:25 for lnet version 2.5
2015-02-12T15:39:26.286515-06:00 c0-0c1s3n3 LNet: HW CPU cores: 64, npartitions: 8
2015-02-12T15:39:31.329434-06:00 c0-0c1s3n3 Lustre: kgnilnd build version: 2.5-trunk-1.0502.17198.8.57-abuild-RB-5.2UP02_2.5.1-2014-09-17-06:43
2015-02-12T15:39:31.781897-06:00 c0-0c1s3n3 LNet: Added LNI 79@gni [PATH4853]
2015-02-12T15:39:47.464737-06:00 c0-0c1s3n3 mcelog: Family 6 Model 3f CPU: only decoding architectural errors
2015-02-12T15:39:47.490054-06:00 c0-0c1s3n3 SGI XPMEM kernel module v2.2 loaded
2015-02-12T15:39:47.490389-06:00 c0-0c1s3n3 <node_health> (xtnhd) xtnhd has started
2015-02-12T15:39:47.735948-06:00 c0-0c1s3n3 boot_freemem data calculated:  130103480
2015-02-12T15:28:37.247343-06:00 c0-0c2s10n0 ERROR: Type:2; Severity:80; Class:3; Subclass:D; Operation: 2
2015-02-12T15:39:08.977448-06:00 c0-0c2s10n0 Wait4Boot: WRITE: 523 bytes to memory @ 0x90CD0 ... complete
2015-02-12T15:39:08.977456-06:00 c0-0c2s10n0 Wait4Boot: Blade Controller Boot Protocol version - 1
2015-02-12T15:39:08.977464-06:00 c0-0c2s10n0 Wait4Boot: JUMP: KernelStart 0x100000, boot_params 0x90000, CmdLineAddr 0x90CD0
2015-02-12T15:39:08.977472-06:00 c0-0c2s10n0 OnExitBootServices..
2015-02-12T15:39:09.013753-06:00 c0-0c2s10n0 ConfigureXhciAtBoot() Start
2015-02-12T15:39:09.013927-06:00 c0-0c2s10n0 ConfigureXhciAtBoot() End
2015-02-12T15:39:09.014191-06:00 c0-0c2s10n0 (Wdt) RunWdtBeforeOsBoot
2015-02-12T15:39:09.014371-06:00 c0-0c2s10n0 (Wdt) DisableTimer
2015-02-12T15:39:12.032225-06:00 c0-0c2s10n0 Crypto Lib Callback.
2015-02-12T15:39:12.032621-06:00 c0-0c2s10n0 Heap addr before Virtual MemFixup = 7bacb018, After = 7bacb018
2015-02-12T15:39:12.032818-06:00 c0-0c2s10n0 NvramSmi Go Virtual
2015-02-12T15:39:12.184051-06:00 c0-0c2s10n0 Stopping all external HCs
2015-02-12T15:39:12.184196-06:00 c0-0c2s10n0 stopping all HC type 40:
2015-02-12T15:39:21.712581-06:00 c0-0c2s10n0 i8042: No controller found
2015-02-12T15:39:25.801208-06:00 c0-0c2s10n0 Sending ec_node_info with boot code 0 (NODE_INFO_OS_BOOT) for nid 168
2015-02-12T15:39:25.801216-06:00 c0-0c2s10n0 net.core.rmem_max = 16777216
2015-02-12T15:39:25.801223-06:00 c0-0c2s10n0 net.core.wmem_max = 16777216
2015-02-12T15:39:25.801228-06:00 c0-0c2s10n0 net.core.rmem_default = 16777216
2015-02-12T15:39:25.801240-06:00 c0-0c2s10n0 net.core.wmem_default = 16777216
2015-02-12T15:39:25.801246-06:00 c0-0c2s10n0 net.core.optmem_max = 16777216
2015-02-12T15:39:25.801256-06:00 c0-0c2s10n0 net.ipv4.tcp_mem = 16777216 16777216 16777216
2015-02-12T15:39:25.801261-06:00 c0-0c2s10n0 net.ipv4.tcp_rmem = 4096 87380 16777216
2015-02-12T15:39:25.801266-06:00 c0-0c2s10n0 net.ipv4.tcp_wmem = 4096 65536 16777216
