2015-02-13T13:11:13.973672-06:00 c0-0c1s5n1 ERROR: Type:2; Severity:80; Class:3; Subclass:D; Operation: 2
2015-02-13T13:21:36.973077-06:00 c0-0c1s5n1 Wait4Boot: WRITE: 523 bytes to memory @ 0x90CD0 ... complete
2015-02-13T13:21:36.973082-06:00 c0-0c1s5n1 Wait4Boot: Blade Controller Boot Protocol version - 1
2015-02-13T13:21:36.973089-06:00 c0-0c1s5n1 Wait4Boot: JUMP: KernelStart 0x100000, boot_params 0x90000, CmdLineAddr 0x90CD0
2015-02-13T13:21:36.973098-06:00 c0-0c1s5n1 OnExitBootServices..
2015-02-13T13:21:37.071789-06:00 c0-0c1s5n1 ConfigureXhciAtBoot() Start
2015-02-13T13:21:37.071852-06:00 c0-0c1s5n1 ConfigureXhciAtBoot() End
2015-02-13T13:21:37.071912-06:00 c0-0c1s5n1 (Wdt) RunWdtBeforeOsBoot
2015-02-13T13:21:37.071963-06:00 c0-0c1s5n1 (Wdt) DisableTimer
2015-02-13T13:21:40.572702-06:00 c0-0c1s5n1 Crypto Lib Callback.
2015-02-13T13:21:40.572710-06:00 c0-0c1s5n1 Heap addr before Virtual MemFixup = 7bacb018, After = 7bacb018
2015-02-13T13:21:40.572717-06:00 c0-0c1s5n1 NvramSmi Go Virtual
2015-02-13T13:21:40.572725-06:00 c0-0c1s5n1 Stopping all external HCs
2015-02-13T13:21:40.572737-06:00 c0-0c1s5n1 stopping all HC type 40:
2015-02-13T13:21:49.756431-06:00 c0-0c1s5n1 i8042: No controller found
2015-02-13T13:21:53.898804-06:00 c0-0c1s5n1 Sending ec_node_info with boot code 0 (NODE_INFO_OS_BOOT) for nid 85
2015-02-13T13:21:53.898813-06:00 c0-0c1s5n1 net.core.rmem_max = 16777216
2015-02-13T13:21:53.898818-06:00 c0-0c1s5n1 net.core.wmem_max = 16777216
2015-02-13T13:21:53.898825-06:00 c0-0c1s5n1 net.core.rmem_default = 16777216
2015-02-13T13:21:53.898831-06:00 c0-0c1s5n1 net.core.wmem_default = 16777216
2015-02-13T13:21:53.898835-06:00 c0-0c1s5n1 net.core.optmem_max = 16777216
2015-02-13T13:21:53.898846-06:00 c0-0c1s5n1 net.ipv4.tcp_mem = 16777216 16777216 16777216
2015-02-13T13:21:53.898852-06:00 c0-0c1s5n1 net.ipv4.tcp_rmem = 4096 87380 16777216
2015-02-13T13:21:53.898858-06:00 c0-0c1s5n1 net.ipv4.tcp_wmem = 4096 65536 16777216
2015-02-13T13:21:53.898874-06:00 c0-0c1s5n1 nid 85: Linux version 3.0.101-0.31.1_1.0502.8394-cray_ari_c (abuild@cfosbld02) (gcc version 4.3.4 [gcc-4_3-branch revision 152973] (SUSE Linux) ) #1 SMP Wed Sep 10 04:09:26 UTC 2014
2015-02-13T13:21:53.898880-06:00 c0-0c1s5n1 starting pid 6932, tty '': 'PATH3974'
2015-02-13T13:21:53.898895-06:00 c0-0c1s5n1 bpmcd_init: Power statistics available in PATH1240
2015-02-13T13:21:53.898901-06:00 c0-0c1s5n1 DVS: Revision 1873 - Built: Sep 17 2014 @ 06:40:25 for lnet version 2.5
2015-02-13T13:21:53.898910-06:00 c0-0c1s5n1 LNet: HW CPU cores: 64, npartitions: 8
2015-02-13T13:21:57.743980-06:00 c0-0c1s5n1 Lustre: kgnilnd build version: 2.5-trunk-1.0502.17198.8.57-abuild-RB-5.2UP02_2.5.1-2014-09-17-06:43
2015-02-13T13:21:57.870160-06:00 c0-0c1s5n1 LNet: Added LNI 85@gni [PATH4853]
2015-02-13T13:22:13.882210-06:00 c0-0c1s5n1 mcelog: Family 6 Model 3f CPU: only decoding architectural errors
2015-02-13T13:22:13.944706-06:00 c0-0c1s5n1 SGI XPMEM kernel module v2.2 loaded
2015-02-13T13:22:13.944739-06:00 c0-0c1s5n1 <node_health> (xtnhd) xtnhd has started
2015-02-13T13:22:14.222375-06:00 c0-0c1s5n1 boot_freemem data calculated:  130104688
2015-02-13T13:11:12.439978-06:00 c0-0c2s2n2 ERROR: Type:2; Severity:80; Class:3; Subclass:D; Operation: 2
2015-02-13T13:19:36.050494-06:00 c0-0c2s2n2 Wait4Boot: WRITE: 533 bytes to memory @ 0x90CD0 ... complete
2015-02-13T13:19:36.050529-06:00 c0-0c2s2n2 Wait4Boot: Blade Controller Boot Protocol version - 1
2015-02-13T13:19:36.075554-06:00 c0-0c2s2n2 Wait4Boot: JUMP: KernelStart 0x100000, boot_params 0x90000, CmdLineAddr 0x90CD0
2015-02-13T13:19:36.220277-06:00 c0-0c2s2n2 Decompressing Linux... Parsing ELF... done.
2015-02-13T13:19:36.220461-06:00 c0-0c2s2n2 Booting the kernel.
2015-02-13T13:19:36.220535-06:00 c0-0c2s2n2 Initializing cgroup subsys cpuset
2015-02-13T13:19:36.220718-06:00 c0-0c2s2n2 Initializing cgroup subsys cpu
2015-02-13T13:19:36.245688-06:00 c0-0c2s2n2 Linux version 3.0.101-0.31.1_1.0502.8394-cray_ari_s (abuild@cfosbld05) (gcc version 4.3.4 [gcc-4_3-branch revision 152973] (SUSE Linux) ) #1 SMP Wed Sep 10 04:03:41 UTC 2014
2015-02-13T13:19:36.364722-06:00 c0-0c2s2n2 Command line: earlyprintk=serial,115200 load_ramdisk=1 ramdisk_size=80000 console=ttyS0,115200n8 bootnodeip=IPADDR13 bootproto=ipog bootpath=PATH1220 rootfs=nfs-shared root=PATH1221 oops=panic bootifnetmask=IPADDR15 elevator=noop ippob1=10 ippob2=128 pcie_ports=native iommu=on intel_iommu=off bad_page=panic pln_enable=off apei_disable hest_disable erst_disable ghes_disable cgroup_disable=memory active_wlm=ALPS sdbnodeip=IPADDR16 sessionid=p0-20150213t131030 _cray=marker_ 
2015-02-13T13:19:36.364814-06:00 c0-0c2s2n2 KERNEL supported cpus:
2015-02-13T13:19:36.364895-06:00 c0-0c2s2n2  Intel GenuineIntel
2015-02-13T13:19:36.365051-06:00 c0-0c2s2n2 BIOS-provided physical RAM map:
2015-02-13T13:19:36.404816-06:00 c0-0c2s2n2 BIOS-e820: 0000000000000000 - 00000000000a0000 (usable)
2015-02-13T13:19:36.405032-06:00 c0-0c2s2n2 BIOS-e820: 0000000000100000 - 000000007e67c000 (usable)
2015-02-13T13:19:36.405199-06:00 c0-0c2s2n2 BIOS-e820: 000000007e67c000 - 000000007e790000 (ACPI NVS)
2015-02-13T13:19:36.405383-06:00 c0-0c2s2n2 BIOS-e820: 000000007e790000 - 000000007f395000 (reserved)
2015-02-13T13:19:36.405567-06:00 c0-0c2s2n2 BIOS-e820: 000000007f395000 - 000000007f410000 (ACPI data)
2015-02-13T13:19:36.405749-06:00 c0-0c2s2n2 BIOS-e820: 000000007f410000 - 000000007f491000 (reserved)
2015-02-13T13:19:36.444830-06:00 c0-0c2s2n2 BIOS-e820: 000000007f491000 - 000000007f493000 (usable)
2015-02-13T13:19:36.445098-06:00 c0-0c2s2n2 BIOS-e820: 000000007f493000 - 000000007f494000 (ACPI NVS)
2015-02-13T13:19:36.445337-06:00 c0-0c2s2n2 BIOS-e820: 000000007f494000 - 000000007f49e000 (reserved)
2015-02-13T13:19:36.447620-06:00 c0-0c2s2n2 BIOS-e820: 000000007f49e000 - 000000007f4a6000 (ACPI NVS)
2015-02-13T13:19:36.447905-06:00 c0-0c2s2n2 BIOS-e820: 000000007f4a6000 - 000000007f4d2000 (reserved)
2015-02-13T13:19:36.472680-06:00 c0-0c2s2n2 BIOS-e820: 000000007f4d2000 - 000000007f558000 (ACPI NVS)
2015-02-13T13:19:36.473018-06:00 c0-0c2s2n2 BIOS-e820: 000000007f558000 - 000000007f800000 (usable)
2015-02-13T13:19:36.473273-06:00 c0-0c2s2n2 BIOS-e820: 0000000080000000 - 0000000090000000 (reserved)
2015-02-13T13:19:36.497961-06:00 c0-0c2s2n2 BIOS-e820: 00000000fed1c000 - 00000000fed20000 (reserved)
2015-02-13T13:19:36.498189-06:00 c0-0c2s2n2 BIOS-e820: 00000000ff000000 - 0000000100000000 (reserved)
2015-02-13T13:19:36.523058-06:00 c0-0c2s2n2 BIOS-e820: 0000000100000000 - 0000001080000000 (usable)
2015-02-13T13:19:36.523293-06:00 c0-0c2s2n2 bootconsole [earlyser0] enabled
2015-02-13T13:19:36.523493-06:00 c0-0c2s2n2 NX (Execute Disable) protection: active
2015-02-13T13:19:36.523683-06:00 c0-0c2s2n2 EFI v2.10 by American Megatrends
2015-02-13T13:19:36.548404-06:00 c0-0c2s2n2 ACPI=0x7f395000  ACPI 2.0=0x7f395000  SMBIOS=0xf04c0  MPS=0xfd450 
2015-02-13T13:19:36.548748-06:00 c0-0c2s2n2 EFI: mem00: type=3, attr=0xf, range=[0x0000000000000000-0x0000000000008000) (0MB)
2015-02-13T13:19:36.548963-06:00 c0-0c2s2n2 EFI: mem01: type=7, attr=0xf, range=[0x0000000000008000-0x0000000000060000) (0MB)
2015-02-13T13:19:36.573797-06:00 c0-0c2s2n2 EFI: mem02: type=3, attr=0xf, range=[0x0000000000060000-0x00000000000a0000) (0MB)
2015-02-13T13:19:36.599028-06:00 c0-0c2s2n2 EFI: mem03: type=7, attr=0xf, range=[0x0000000000100000-0x0000000001000000) (15MB)
2015-02-13T13:19:36.599324-06:00 c0-0c2s2n2 EFI: mem04: type=2, attr=0xf, range=[0x0000000001000000-0x0000000001100000) (1MB)
2015-02-13T13:19:36.624283-06:00 c0-0c2s2n2 EFI: mem05: type=4, attr=0xf, range=[0x0000000001100000-0x00000000017ea000) (6MB)
2015-02-13T13:19:36.624549-06:00 c0-0c2s2n2 EFI: mem06: type=3, attr=0xf, range=[0x00000000017ea000-0x00000000017ee000) (0MB)
2015-02-13T13:19:36.649493-06:00 c0-0c2s2n2 EFI: mem07: type=4, attr=0xf, range=[0x00000000017ee000-0x0000000001886000) (0MB)
2015-02-13T13:19:36.649745-06:00 c0-0c2s2n2 EFI: mem08: type=3, attr=0xf, range=[0x0000000001886000-0x000000000188f000) (0MB)
2015-02-13T13:19:36.674886-06:00 c0-0c2s2n2 EFI: mem09: type=4, attr=0xf, range=[0x000000000188f000-0x0000000001892000) (0MB)
2015-02-13T13:19:36.675146-06:00 c0-0c2s2n2 EFI: mem10: type=3, attr=0xf, range=[0x0000000001892000-0x000000000189e000) (0MB)
2015-02-13T13:19:36.700070-06:00 c0-0c2s2n2 EFI: mem11: type=4, attr=0xf, range=[0x000000000189e000-0x00000000018a9000) (0MB)
2015-02-13T13:19:36.740225-06:00 c0-0c2s2n2 EFI: mem12: type=3, attr=0xf, range=[0x00000000018a9000-0x00000000018ab000) (0MB)
2015-02-13T13:19:36.740441-06:00 c0-0c2s2n2 EFI: mem13: type=4, attr=0xf, range=[0x00000000018ab000-0x00000000018ad000) (0MB)
2015-02-13T13:19:36.780161-06:00 c0-0c2s2n2 EFI: mem14: type=3, attr=0xf, range=[0x00000000018ad000-0x00000000018af000) (0MB)
2015-02-13T13:19:36.780358-06:00 c0-0c2s2n2 EFI: mem15: type=4, attr=0xf, range=[0x00000000018af000-0x00000000018b7000) (0MB)
2015-02-13T13:19:36.780505-06:00 c0-0c2s2n2 EFI: mem16: type=3, attr=0xf, range=[0x00000000018b7000-0x00000000018bb000) (0MB)
2015-02-13T13:19:36.780664-06:00 c0-0c2s2n2 EFI: mem17: type=4, attr=0xf, range=[0x00000000018bb000-0x00000000018bd000) (0MB)
2015-02-13T13:19:36.820094-06:00 c0-0c2s2n2 EFI: mem18: type=3, attr=0xf, range=[0x00000000018bd000-0x00000000018bf000) (0MB)
2015-02-13T13:19:36.820275-06:00 c0-0c2s2n2 EFI: mem19: type=4, attr=0xf, range=[0x00000000018bf000-0x00000000018d1000) (0MB)
2015-02-13T13:19:36.826065-06:00 c0-0c2s2n2 EFI: mem20: type=3, attr=0xf, range=[0x00000000018d1000-0x00000000018d7000) (0MB)
2015-02-13T13:19:36.826332-06:00 c0-0c2s2n2 EFI: mem21: type=4, attr=0xf, range=[0x00000000018d7000-0x00000000018f9000) (0MB)
2015-02-13T13:19:36.851377-06:00 c0-0c2s2n2 EFI: mem22: type=3, attr=0xf, range=[0x00000000018f9000-0x0000000001908000) (0MB)
2015-02-13T13:19:36.888736-06:00 c0-0c2s2n2 EFI: mem23: type=4, attr=0xf, range=[0x0000000001908000-0x0000000001921000) (0MB)
2015-02-13T13:19:36.888966-06:00 c0-0c2s2n2 EFI: mem24: type=3, attr=0xf, range=[0x0000000001921000-0x000000000192b000) (0MB)
2015-02-13T13:19:36.889184-06:00 c0-0c2s2n2 EFI: mem25: type=4, attr=0xf, range=[0x000000000192b000-0x0000000001933000) (0MB)
2015-02-13T13:19:36.928743-06:00 c0-0c2s2n2 EFI: mem26: type=3, attr=0xf, range=[0x0000000001933000-0x0000000001936000) (0MB)
2015-02-13T13:19:36.929032-06:00 c0-0c2s2n2 EFI: mem27: type=4, attr=0xf, range=[0x0000000001936000-0x000000000193b000) (0MB)
2015-02-13T13:19:36.929257-06:00 c0-0c2s2n2 EFI: mem28: type=3, attr=0xf, range=[0x000000000193b000-0x000000000193e000) (0MB)
2015-02-13T13:19:36.929488-06:00 c0-0c2s2n2 EFI: mem29: type=4, attr=0xf, range=[0x000000000193e000-0x0000000001964000) (0MB)
2015-02-13T13:19:36.968826-06:00 c0-0c2s2n2 EFI: mem30: type=3, attr=0xf, range=[0x0000000001964000-0x0000000001968000) (0MB)
2015-02-13T13:19:36.977600-06:00 c0-0c2s2n2 EFI: mem31: type=4, attr=0xf, range=[0x0000000001968000-0x000000000198a000) (0MB)
2015-02-13T13:19:36.977882-06:00 c0-0c2s2n2 EFI: mem32: type=3, attr=0xf, range=[0x000000000198a000-0x00000000019b0000) (0MB)
2015-02-13T13:19:36.978061-06:00 c0-0c2s2n2 EFI: mem33: type=4, attr=0xf, range=[0x00000000019b0000-0x00000000019be000) (0MB)
2015-02-13T13:19:37.003084-06:00 c0-0c2s2n2 EFI: mem34: type=3, attr=0xf, range=[0x00000000019be000-0x00000000019ce000) (0MB)
2015-02-13T13:19:37.003320-06:00 c0-0c2s2n2 EFI: mem35: type=4, attr=0xf, range=[0x00000000019ce000-0x00000000019d0000) (0MB)
2015-02-13T13:19:37.028191-06:00 c0-0c2s2n2 EFI: mem36: type=3, attr=0xf, range=[0x00000000019d0000-0x00000000019d7000) (0MB)
2015-02-13T13:19:37.028431-06:00 c0-0c2s2n2 EFI: mem37: type=4, attr=0xf, range=[0x00000000019d7000-0x00000000019e1000) (0MB)
2015-02-13T13:19:37.053378-06:00 c0-0c2s2n2 EFI: mem38: type=3, attr=0xf, range=[0x00000000019e1000-0x00000000019e5000) (0MB)
2015-02-13T13:19:37.053612-06:00 c0-0c2s2n2 EFI: mem39: type=4, attr=0xf, range=[0x00000000019e5000-0x0000000001a02000) (0MB)
2015-02-13T13:19:37.078774-06:00 c0-0c2s2n2 EFI: mem40: type=3, attr=0xf, range=[0x0000000001a02000-0x0000000001a06000) (0MB)
2015-02-13T13:19:37.079012-06:00 c0-0c2s2n2 EFI: mem41: type=4, attr=0xf, range=[0x0000000001a06000-0x0000000001a0a000) (0MB)
2015-02-13T13:19:37.103996-06:00 c0-0c2s2n2 EFI: mem42: type=3, attr=0xf, range=[0x0000000001a0a000-0x0000000001a1e000) (0MB)
2015-02-13T13:19:37.104207-06:00 c0-0c2s2n2 EFI: mem43: type=4, attr=0xf, range=[0x0000000001a1e000-0x0000000001a22000) (0MB)
2015-02-13T13:19:37.129305-06:00 c0-0c2s2n2 EFI: mem44: type=3, attr=0xf, range=[0x0000000001a22000-0x0000000001a26000) (0MB)
2015-02-13T13:19:37.154287-06:00 c0-0c2s2n2 EFI: mem45: type=4, attr=0xf, range=[0x0000000001a26000-0x0000000001a34000) (0MB)
2015-02-13T13:19:37.154583-06:00 c0-0c2s2n2 EFI: mem46: type=3, attr=0xf, range=[0x0000000001a34000-0x0000000001a3b000) (0MB)
2015-02-13T13:19:37.179601-06:00 c0-0c2s2n2 EFI: mem47: type=4, attr=0xf, range=[0x0000000001a3b000-0x0000000001a42000) (0MB)
2015-02-13T13:19:37.216823-06:00 c0-0c2s2n2 EFI: mem48: type=3, attr=0xf, range=[0x0000000001a42000-0x0000000001a4a000) (0MB)
2015-02-13T13:19:37.217049-06:00 c0-0c2s2n2 EFI: mem49: type=4, attr=0xf, range=[0x0000000001a4a000-0x0000000001a4b000) (0MB)
2015-02-13T13:19:37.217245-06:00 c0-0c2s2n2 EFI: mem50: type=3, attr=0xf, range=[0x0000000001a4b000-0x0000000001a4d000) (0MB)
2015-02-13T13:19:37.256897-06:00 c0-0c2s2n2 EFI: mem51: type=4, attr=0xf, range=[0x0000000001a4d000-0x0000000001a52000) (0MB)
2015-02-13T13:19:37.257104-06:00 c0-0c2s2n2 EFI: mem52: type=3, attr=0xf, range=[0x0000000001a52000-0x0000000001a69000) (0MB)
2015-02-13T13:19:37.257323-06:00 c0-0c2s2n2 EFI: mem53: type=4, attr=0xf, range=[0x0000000001a69000-0x0000000001a6f000) (0MB)
2015-02-13T13:19:37.257538-06:00 c0-0c2s2n2 EFI: mem54: type=3, attr=0xf, range=[0x0000000001a6f000-0x0000000001a70000) (0MB)
2015-02-13T13:19:37.296883-06:00 c0-0c2s2n2 EFI: mem55: type=4, attr=0xf, range=[0x0000000001a70000-0x0000000001a71000) (0MB)
2015-02-13T13:19:37.297044-06:00 c0-0c2s2n2 EFI: mem56: type=3, attr=0xf, range=[0x0000000001a71000-0x0000000001a79000) (0MB)
2015-02-13T13:19:37.305963-06:00 c0-0c2s2n2 EFI: mem57: type=4, attr=0xf, range=[0x0000000001a79000-0x0000000001a7a000) (0MB)
2015-02-13T13:19:37.306194-06:00 c0-0c2s2n2 EFI: mem58: type=3, attr=0xf, range=[0x0000000001a7a000-0x0000000001a83000) (0MB)
2015-02-13T13:19:37.331164-06:00 c0-0c2s2n2 EFI: mem59: type=4, attr=0xf, range=[0x0000000001a83000-0x0000000001a85000) (0MB)
2015-02-13T13:19:37.331404-06:00 c0-0c2s2n2 EFI: mem60: type=3, attr=0xf, range=[0x0000000001a85000-0x0000000001abe000) (0MB)
2015-02-13T13:19:37.356475-06:00 c0-0c2s2n2 EFI: mem61: type=4, attr=0xf, range=[0x0000000001abe000-0x0000000001abf000) (0MB)
2015-02-13T13:19:37.356741-06:00 c0-0c2s2n2 EFI: mem62: type=3, attr=0xf, range=[0x0000000001abf000-0x0000000001acc000) (0MB)
2015-02-13T13:19:37.381819-06:00 c0-0c2s2n2 EFI: mem63: type=4, attr=0xf, range=[0x0000000001acc000-0x0000000001ad7000) (0MB)
2015-02-13T13:19:37.420917-06:00 c0-0c2s2n2 EFI: mem64: type=3, attr=0xf, range=[0x0000000001ad7000-0x0000000001adc000) (0MB)
2015-02-13T13:19:37.421142-06:00 c0-0c2s2n2 EFI: mem65: type=4, attr=0xf, range=[0x0000000001adc000-0x0000000001b60000) (0MB)
2015-02-13T13:19:37.421362-06:00 c0-0c2s2n2 EFI: mem66: type=3, attr=0xf, range=[0x0000000001b60000-0x0000000001b7c000) (0MB)
2015-02-13T13:19:37.460945-06:00 c0-0c2s2n2 EFI: mem67: type=4, attr=0xf, range=[0x0000000001b7c000-0x0000000001b84000) (0MB)
2015-02-13T13:19:37.461179-06:00 c0-0c2s2n2 EFI: mem68: type=3, attr=0xf, range=[0x0000000001b84000-0x0000000001b9c000) (0MB)
2015-02-13T13:19:37.461397-06:00 c0-0c2s2n2 EFI: mem69: type=4, attr=0xf, range=[0x0000000001b9c000-0x000000000b210000) (150MB)
2015-02-13T13:19:37.500743-06:00 c0-0c2s2n2 EFI: mem70: type=3, attr=0xf, range=[0x000000000b210000-0x000000000b216000) (0MB)
2015-02-13T13:19:37.500962-06:00 c0-0c2s2n2 EFI: mem71: type=4, attr=0xf, range=[0x000000000b216000-0x000000000b21f000) (0MB)
2015-02-13T13:19:37.507871-06:00 c0-0c2s2n2 EFI: mem72: type=3, attr=0xf, range=[0x000000000b21f000-0x000000000b235000) (0MB)
2015-02-13T13:19:37.508161-06:00 c0-0c2s2n2 EFI: mem73: type=4, attr=0xf, range=[0x000000000b235000-0x000000000b23b000) (0MB)
2015-02-13T13:19:37.533231-06:00 c0-0c2s2n2 EFI: mem74: type=3, attr=0xf, range=[0x000000000b23b000-0x000000000b23e000) (0MB)
2015-02-13T13:19:37.572103-06:00 c0-0c2s2n2 EFI: mem75: type=4, attr=0xf, range=[0x000000000b23e000-0x000000000b24c000) (0MB)
2015-02-13T13:19:37.572341-06:00 c0-0c2s2n2 EFI: mem76: type=3, attr=0xf, range=[0x000000000b24c000-0x000000000b254000) (0MB)
2015-02-13T13:19:37.572552-06:00 c0-0c2s2n2 EFI: mem77: type=4, attr=0xf, range=[0x000000000b254000-0x000000000b272000) (0MB)
2015-02-13T13:19:37.612838-06:00 c0-0c2s2n2 EFI: mem78: type=3, attr=0xf, range=[0x000000000b272000-0x000000000b279000) (0MB)
2015-02-13T13:19:37.613099-06:00 c0-0c2s2n2 EFI: mem79: type=4, attr=0xf, range=[0x000000000b279000-0x000000000b27d000) (0MB)
2015-02-13T13:19:37.613340-06:00 c0-0c2s2n2 EFI: mem80: type=3, attr=0xf, range=[0x000000000b27d000-0x000000000b281000) (0MB)
2015-02-13T13:19:37.613550-06:00 c0-0c2s2n2 EFI: mem81: type=4, attr=0xf, range=[0x000000000b281000-0x000000000b285000) (0MB)
2015-02-13T13:19:37.652875-06:00 c0-0c2s2n2 EFI: mem82: type=3, attr=0xf, range=[0x000000000b285000-0x000000000b289000) (0MB)
2015-02-13T13:19:37.653082-06:00 c0-0c2s2n2 EFI: mem83: type=4, attr=0xf, range=[0x000000000b289000-0x000000000b295000) (0MB)
2015-02-13T13:19:37.659482-06:00 c0-0c2s2n2 EFI: mem84: type=3, attr=0xf, range=[0x000000000b295000-0x000000000b2dc000) (0MB)
2015-02-13T13:19:37.659742-06:00 c0-0c2s2n2 EFI: mem85: type=4, attr=0xf, range=[0x000000000b2dc000-0x000000000b2de000) (0MB)
2015-02-13T13:19:37.684817-06:00 c0-0c2s2n2 EFI: mem86: type=3, attr=0xf, range=[0x000000000b2de000-0x000000000b2e4000) (0MB)
2015-02-13T13:19:37.685069-06:00 c0-0c2s2n2 EFI: mem87: type=4, attr=0xf, range=[0x000000000b2e4000-0x000000000b2f0000) (0MB)
2015-02-13T13:19:37.709949-06:00 c0-0c2s2n2 EFI: mem88: type=3, attr=0xf, range=[0x000000000b2f0000-0x000000000b2f4000) (0MB)
2015-02-13T13:19:37.710213-06:00 c0-0c2s2n2 EFI: mem89: type=4, attr=0xf, range=[0x000000000b2f4000-0x000000000b301000) (0MB)
2015-02-13T13:19:37.735370-06:00 c0-0c2s2n2 EFI: mem90: type=3, attr=0xf, range=[0x000000000b301000-0x000000000b30a000) (0MB)
2015-02-13T13:19:37.735594-06:00 c0-0c2s2n2 EFI: mem91: type=4, attr=0xf, range=[0x000000000b30a000-0x000000000b30b000) (0MB)
2015-02-13T13:19:37.760502-06:00 c0-0c2s2n2 EFI: mem92: type=3, attr=0xf, range=[0x000000000b30b000-0x000000000b343000) (0MB)
2015-02-13T13:19:37.760718-06:00 c0-0c2s2n2 EFI: mem93: type=4, attr=0xf, range=[0x000000000b343000-0x000000000b351000) (0MB)
2015-02-13T13:19:37.800850-06:00 c0-0c2s2n2 EFI: mem94: type=3, attr=0xf, range=[0x000000000b351000-0x000000000b358000) (0MB)
2015-02-13T13:19:37.801061-06:00 c0-0c2s2n2 EFI: mem95: type=4, attr=0xf, range=[0x000000000b358000-0x000000000b360000) (0MB)
2015-02-13T13:19:37.840887-06:00 c0-0c2s2n2 EFI: mem96: type=3, attr=0xf, range=[0x000000000b360000-0x000000000b368000) (0MB)
2015-02-13T13:19:37.841110-06:00 c0-0c2s2n2 EFI: mem97: type=4, attr=0xf, range=[0x000000000b368000-0x000000000b382000) (0MB)
2015-02-13T13:19:37.841353-06:00 c0-0c2s2n2 EFI: mem98: type=3, attr=0xf, range=[0x000000000b382000-0x000000000b388000) (0MB)
2015-02-13T13:19:37.880727-06:00 c0-0c2s2n2 EFI: mem99: type=4, attr=0xf, range=[0x000000000b388000-0x000000000b3a3000) (0MB)
2015-02-13T13:19:37.880945-06:00 c0-0c2s2n2 EFI: mem100: type=3, attr=0xf, range=[0x000000000b3a3000-0x000000000b3b1000) (0MB)
2015-02-13T13:19:37.886635-06:00 c0-0c2s2n2 EFI: mem101: type=4, attr=0xf, range=[0x000000000b3b1000-0x000000000b3b5000) (0MB)
2015-02-13T13:19:37.886895-06:00 c0-0c2s2n2 EFI: mem102: type=3, attr=0xf, range=[0x000000000b3b5000-0x000000000b3c7000) (0MB)
2015-02-13T13:19:37.911984-06:00 c0-0c2s2n2 EFI: mem103: type=4, attr=0xf, range=[0x000000000b3c7000-0x000000000b45b000) (0MB)
2015-02-13T13:19:37.912295-06:00 c0-0c2s2n2 EFI: mem104: type=3, attr=0xf, range=[0x000000000b45b000-0x000000000b45e000) (0MB)
2015-02-13T13:19:37.937285-06:00 c0-0c2s2n2 EFI: mem105: type=4, attr=0xf, range=[0x000000000b45e000-0x000000000b466000) (0MB)
2015-02-13T13:19:37.937528-06:00 c0-0c2s2n2 EFI: mem106: type=3, attr=0xf, range=[0x000000000b466000-0x000000000b46a000) (0MB)
2015-02-13T13:19:37.962534-06:00 c0-0c2s2n2 EFI: mem107: type=4, attr=0xf, range=[0x000000000b46a000-0x000000000b478000) (0MB)
2015-02-13T13:19:38.000826-06:00 c0-0c2s2n2 EFI: mem108: type=3, attr=0xf, range=[0x000000000b478000-0x000000000b47f000) (0MB)
2015-02-13T13:19:38.001043-06:00 c0-0c2s2n2 EFI: mem109: type=4, attr=0xf, range=[0x000000000b47f000-0x000000000b48e000) (0MB)
2015-02-13T13:19:38.040764-06:00 c0-0c2s2n2 EFI: mem110: type=3, attr=0xf, range=[0x000000000b48e000-0x000000000b492000) (0MB)
2015-02-13T13:19:38.041022-06:00 c0-0c2s2n2 EFI: mem111: type=4, attr=0xf, range=[0x000000000b492000-0x000000000b4b4000) (0MB)
2015-02-13T13:19:38.041236-06:00 c0-0c2s2n2 EFI: mem112: type=3, attr=0xf, range=[0x000000000b4b4000-0x000000000b4b9000) (0MB)
2015-02-13T13:19:38.041463-06:00 c0-0c2s2n2 EFI: mem113: type=4, attr=0xf, range=[0x000000000b4b9000-0x000000000b4c5000) (0MB)
2015-02-13T13:19:38.080874-06:00 c0-0c2s2n2 EFI: mem114: type=7, attr=0xf, range=[0x000000000b4c5000-0x000000000b4c6000) (0MB)
2015-02-13T13:19:38.081037-06:00 c0-0c2s2n2 EFI: mem115: type=4, attr=0xf, range=[0x000000000b4c6000-0x000000000b53a000) (0MB)
2015-02-13T13:19:38.081232-06:00 c0-0c2s2n2 EFI: mem116: type=3, attr=0xf, range=[0x000000000b53a000-0x000000000b54e000) (0MB)
2015-02-13T13:19:38.088781-06:00 c0-0c2s2n2 EFI: mem117: type=4, attr=0xf, range=[0x000000000b54e000-0x000000000b577000) (0MB)
2015-02-13T13:19:38.113811-06:00 c0-0c2s2n2 EFI: mem118: type=3, attr=0xf, range=[0x000000000b577000-0x000000000b580000) (0MB)
2015-02-13T13:19:38.114036-06:00 c0-0c2s2n2 EFI: mem119: type=4, attr=0xf, range=[0x000000000b580000-0x000000000b581000) (0MB)
2015-02-13T13:19:38.139061-06:00 c0-0c2s2n2 EFI: mem120: type=2, attr=0xf, range=[0x000000000b581000-0x000000000b583000) (0MB)
2015-02-13T13:19:38.139356-06:00 c0-0c2s2n2 EFI: mem121: type=7, attr=0xf, range=[0x000000000b583000-0x000000000b585000) (0MB)
2015-02-13T13:19:38.164248-06:00 c0-0c2s2n2 EFI: mem122: type=4, attr=0xf, range=[0x000000000b585000-0x000000000b58f000) (0MB)
2015-02-13T13:19:38.164487-06:00 c0-0c2s2n2 EFI: mem123: type=7, attr=0xf, range=[0x000000000b58f000-0x000000000b598000) (0MB)
2015-02-13T13:19:38.189561-06:00 c0-0c2s2n2 EFI: mem124: type=4, attr=0xf, range=[0x000000000b598000-0x000000000b7ac000) (2MB)
2015-02-13T13:19:38.189815-06:00 c0-0c2s2n2 EFI: mem125: type=7, attr=0xf, range=[0x000000000b7ac000-0x000000000b7ba000) (0MB)
2015-02-13T13:19:38.214884-06:00 c0-0c2s2n2 EFI: mem126: type=1, attr=0xf, range=[0x000000000b7ba000-0x000000000b7cb000) (0MB)
2015-02-13T13:19:38.239932-06:00 c0-0c2s2n2 EFI: mem127: type=7, attr=0xf, range=[0x000000000b7cb000-0x000000007e67c000) (1838MB)
2015-02-13T13:19:38.240189-06:00 c0-0c2s2n2 EFI: mem128: type=10, attr=0xf, range=[0x000000007e67c000-0x000000007e790000) (1MB)
2015-02-13T13:19:38.265202-06:00 c0-0c2s2n2 EFI: mem129: type=0, attr=0xf, range=[0x000000007e790000-0x000000007e792000) (0MB)
2015-02-13T13:19:38.265463-06:00 c0-0c2s2n2 EFI: mem130: type=6, attr=0x800000000000000f, range=[0x000000007e792000-0x000000007f395000) (12MB)
2015-02-13T13:19:38.290444-06:00 c0-0c2s2n2 EFI: mem131: type=9, attr=0xf, range=[0x000000007f395000-0x000000007f410000) (0MB)
2015-02-13T13:19:38.290690-06:00 c0-0c2s2n2 EFI: mem132: type=5, attr=0x800000000000000f, range=[0x000000007f410000-0x000000007f41a000) (0MB)
2015-02-13T13:19:38.315809-06:00 c0-0c2s2n2 EFI: mem133: type=0, attr=0xf, range=[0x000000007f41a000-0x000000007f41c000) (0MB)
2015-02-13T13:19:38.340947-06:00 c0-0c2s2n2 EFI: mem134: type=6, attr=0x800000000000000f, range=[0x000000007f41c000-0x000000007f42d000) (0MB)
2015-02-13T13:19:38.341187-06:00 c0-0c2s2n2 EFI: mem135: type=0, attr=0xf, range=[0x000000007f42d000-0x000000007f43d000) (0MB)
2015-02-13T13:19:38.366252-06:00 c0-0c2s2n2 EFI: mem136: type=6, attr=0x800000000000000f, range=[0x000000007f43d000-0x000000007f45e000) (0MB)
2015-02-13T13:19:38.366484-06:00 c0-0c2s2n2 EFI: mem137: type=5, attr=0x800000000000000f, range=[0x000000007f45e000-0x000000007f462000) (0MB)
2015-02-13T13:19:38.391559-06:00 c0-0c2s2n2 EFI: mem138: type=0, attr=0xf, range=[0x000000007f462000-0x000000007f46b000) (0MB)
2015-02-13T13:19:38.391776-06:00 c0-0c2s2n2 EFI: mem139: type=5, attr=0x800000000000000f, range=[0x000000007f46b000-0x000000007f46d000) (0MB)
2015-02-13T13:19:38.416829-06:00 c0-0c2s2n2 EFI: mem140: type=0, attr=0xf, range=[0x000000007f46d000-0x000000007f471000) (0MB)
2015-02-13T13:19:38.417075-06:00 c0-0c2s2n2 EFI: mem141: type=5, attr=0x800000000000000f, range=[0x000000007f471000-0x000000007f472000) (0MB)
2015-02-13T13:19:38.442171-06:00 c0-0c2s2n2 EFI: mem142: type=6, attr=0x800000000000000f, range=[0x000000007f472000-0x000000007f473000) (0MB)
2015-02-13T13:19:38.467245-06:00 c0-0c2s2n2 EFI: mem143: type=5, attr=0x800000000000000f, range=[0x000000007f473000-0x000000007f476000) (0MB)
2015-02-13T13:19:38.467487-06:00 c0-0c2s2n2 EFI: mem144: type=0, attr=0xf, range=[0x000000007f476000-0x000000007f486000) (0MB)
2015-02-13T13:19:38.492567-06:00 c0-0c2s2n2 EFI: mem145: type=5, attr=0x800000000000000f, range=[0x000000007f486000-0x000000007f491000) (0MB)
2015-02-13T13:19:38.492740-06:00 c0-0c2s2n2 EFI: mem146: type=7, attr=0xf, range=[0x000000007f491000-0x000000007f493000) (0MB)
2015-02-13T13:19:38.517862-06:00 c0-0c2s2n2 EFI: mem147: type=10, attr=0xf, range=[0x000000007f493000-0x000000007f494000) (0MB)
2015-02-13T13:19:38.542942-06:00 c0-0c2s2n2 EFI: mem148: type=6, attr=0x800000000000000f, range=[0x000000007f494000-0x000000007f49b000) (0MB)
2015-02-13T13:19:38.568141-06:00 c0-0c2s2n2 EFI: mem149: type=5, attr=0x800000000000000f, range=[0x000000007f49b000-0x000000007f49e000) (0MB)
2015-02-13T13:19:38.568397-06:00 c0-0c2s2n2 EFI: mem150: type=10, attr=0xf, range=[0x000000007f49e000-0x000000007f4a6000) (0MB)
2015-02-13T13:19:38.593412-06:00 c0-0c2s2n2 EFI: mem151: type=6, attr=0x800000000000000f, range=[0x000000007f4a6000-0x000000007f4a7000) (0MB)
2015-02-13T13:19:38.593678-06:00 c0-0c2s2n2 EFI: mem152: type=5, attr=0x800000000000000f, range=[0x000000007f4a7000-0x000000007f4ab000) (0MB)
2015-02-13T13:19:38.618776-06:00 c0-0c2s2n2 EFI: mem153: type=6, attr=0x800000000000000f, range=[0x000000007f4ab000-0x000000007f4bd000) (0MB)
2015-02-13T13:19:38.619031-06:00 c0-0c2s2n2 EFI: mem154: type=5, attr=0x800000000000000f, range=[0x000000007f4bd000-0x000000007f4cf000) (0MB)
2015-02-13T13:19:38.644010-06:00 c0-0c2s2n2 EFI: mem155: type=6, attr=0x800000000000000f, range=[0x000000007f4cf000-0x000000007f4d2000) (0MB)
2015-02-13T13:19:38.644284-06:00 c0-0c2s2n2 EFI: mem156: type=10, attr=0xf, range=[0x000000007f4d2000-0x000000007f558000) (0MB)
2015-02-13T13:19:38.669263-06:00 c0-0c2s2n2 EFI: mem157: type=3, attr=0xf, range=[0x000000007f558000-0x000000007f7e0000) (2MB)
2015-02-13T13:19:38.694256-06:00 c0-0c2s2n2 EFI: mem158: type=4, attr=0xf, range=[0x000000007f7e0000-0x000000007f7ef000) (0MB)
2015-02-13T13:19:38.694579-06:00 c0-0c2s2n2 EFI: mem159: type=3, attr=0xf, range=[0x000000007f7ef000-0x000000007f800000) (0MB)
2015-02-13T13:19:38.719502-06:00 c0-0c2s2n2 EFI: mem160: type=7, attr=0xf, range=[0x0000000100000000-0x0000001080000000) (63488MB)
2015-02-13T13:19:38.720014-06:00 c0-0c2s2n2 EFI: mem161: type=11, attr=0x8000000000000001, range=[0x0000000080000000-0x0000000090000000) (256MB)
2015-02-13T13:19:38.745003-06:00 c0-0c2s2n2 EFI: mem162: type=11, attr=0x8000000000000001, range=[0x00000000fed1c000-0x00000000fed20000) (0MB)
2015-02-13T13:19:38.745427-06:00 c0-0c2s2n2 EFI: mem163: type=11, attr=0x8000000000000001, range=[0x00000000ff000000-0x0000000100000000) (16MB)
2015-02-13T13:19:38.745496-06:00 c0-0c2s2n2 DMI 2.7 present.
2015-02-13T13:19:38.770107-06:00 c0-0c2s2n2 last_pfn = 0x1080000 max_arch_pfn = 0x400000000
2015-02-13T13:19:38.795212-06:00 c0-0c2s2n2 x86 PAT enabled: cpu 0, old 0x7040600070406, new 0x7010600070106
2015-02-13T13:19:38.795417-06:00 c0-0c2s2n2 last_pfn = 0x7f800 max_arch_pfn = 0x400000000
2015-02-13T13:19:38.795610-06:00 c0-0c2s2n2 found SMP MP-table at [ffff8800000fd830] fd830
2015-02-13T13:19:38.795722-06:00 c0-0c2s2n2 Using GB pages for direct mapping
2015-02-13T13:19:38.820518-06:00 c0-0c2s2n2 init_memory_mapping: 0000000000000000-000000007f800000
2015-02-13T13:19:38.820762-06:00 c0-0c2s2n2 init_memory_mapping: 0000000100000000-0000001080000000
2015-02-13T13:19:38.820850-06:00 c0-0c2s2n2 nmi ring buffer: 262144
2015-02-13T13:19:38.820950-06:00 c0-0c2s2n2 RAMDISK: 0fa00000 - 10610000
2015-02-13T13:19:38.845802-06:00 c0-0c2s2n2 ACPI: RSDP 000000007f395000 00024 (v02 ALASKA)
2015-02-13T13:19:38.846108-06:00 c0-0c2s2n2 ACPI: XSDT 000000007f395088 0008C (v01 ALASKA    A M I 01072009 AMI  00010013)
2015-02-13T13:19:38.871120-06:00 c0-0c2s2n2 ACPI: FACP 000000007f39ee50 000F4 (v04 ALASKA    A M I 01072009 AMI  00010013)
2015-02-13T13:19:38.871340-06:00 c0-0c2s2n2 ACPI: DSDT 000000007f3951a0 09CAD (v02 ALASKA    A M I 00000016 INTL 20051117)
2015-02-13T13:19:38.871456-06:00 c0-0c2s2n2 ACPI: FACS 000000007f4a3f80 00040
2015-02-13T13:19:38.896338-06:00 c0-0c2s2n2 ACPI: APIC 000000007f39ef48 00138 (v03 ALASKA    A M I 01072009 AMI  00010013)
2015-02-13T13:19:38.896538-06:00 c0-0c2s2n2 ACPI: FPDT 000000007f39f080 00044 (v01 ALASKA    A M I 01072009 AMI  00010013)
2015-02-13T13:19:38.921723-06:00 c0-0c2s2n2 ACPI: MCFG 000000007f39f0c8 0003C (v01 ALASKA OEMMCFG. 01072009 MSFT 00000097)
2015-02-13T13:19:38.922057-06:00 c0-0c2s2n2 ACPI: HPET 000000007f39f108 00038 (v01 ALASKA    A M I 01072009 AMI. 00000004)
2015-02-13T13:19:38.946969-06:00 c0-0c2s2n2 ACPI: PRAD 000000007f39f140 000BE (v02 PRADID  PRADTID 00000001 MSFT 03000001)
2015-02-13T13:19:38.971952-06:00 c0-0c2s2n2 ACPI: SSDT 000000007f39f200 70104 (v02  INTEL    CpuPm 00004000 INTL 20051117)
2015-02-13T13:19:38.972237-06:00 c0-0c2s2n2 ACPI: SPCR 000000007f40f308 00050 (v01  A M I   APTIO4 01072009 AMI. 00000004)
2015-02-13T13:19:38.972422-06:00 c0-0c2s2n2 ACPI: EINJ 000000007f40f358 00130 (v01    AMI AMI EINJ 00000000      00000000)
2015-02-13T13:19:38.997245-06:00 c0-0c2s2n2 ACPI: ERST 000000007f40f488 00230 (v01  AMIER AMI ERST 00000000      00000000)
2015-02-13T13:19:39.022499-06:00 c0-0c2s2n2 ACPI: HEST 000000007f40f6b8 000A8 (v01    AMI AMI HEST 00000000      00000000)
2015-02-13T13:19:39.022554-06:00 c0-0c2s2n2 ACPI: BERT 000000007f40f760 00030 (v01    AMI AMI BERT 00000000      00000000)
2015-02-13T13:19:39.047583-06:00 c0-0c2s2n2 ACPI: DMAR 000000007f40f790 000BC (v01 A M I   OEMDMAR 00000001 INTL 00000001)
2015-02-13T13:19:39.072819-06:00 c0-0c2s2n2 No NUMA configuration found
2015-02-13T13:19:39.072851-06:00 c0-0c2s2n2 Faking a node at 0000000000000000-0000001080000000
2015-02-13T13:19:39.072889-06:00 c0-0c2s2n2 Initmem setup node 0 0000000000000000-0000001080000000
2015-02-13T13:19:39.098075-06:00 c0-0c2s2n2  NODE_DATA [000000107ffbb000 - 000000107ffbffff]
2015-02-13T13:19:39.294218-06:00 c0-0c2s2n2 Zone PFN ranges:
2015-02-13T13:19:39.294246-06:00 c0-0c2s2n2  DMA      0x00000010 -> 0x00001000
2015-02-13T13:19:39.319387-06:00 c0-0c2s2n2  DMA32    0x00001000 -> 0x00100000
2015-02-13T13:19:39.319421-06:00 c0-0c2s2n2  Normal   0x00100000 -> 0x01080000
2015-02-13T13:19:39.319441-06:00 c0-0c2s2n2 Movable zone start PFN for each node
2015-02-13T13:19:39.319475-06:00 c0-0c2s2n2 early_node_map[5] active PFN ranges
2015-02-13T13:19:39.319500-06:00 c0-0c2s2n2    0: 0x00000010 -> 0x000000a0
2015-02-13T13:19:39.344640-06:00 c0-0c2s2n2    0: 0x00000100 -> 0x0007e67c
2015-02-13T13:19:39.344669-06:00 c0-0c2s2n2    0: 0x0007f491 -> 0x0007f493
2015-02-13T13:19:39.344703-06:00 c0-0c2s2n2    0: 0x0007f558 -> 0x0007f800
2015-02-13T13:19:39.344747-06:00 c0-0c2s2n2    0: 0x00100000 -> 0x01080000
2015-02-13T13:19:39.980571-06:00 c0-0c2s2n2 ACPI: LAPIC (acpi_id[0x00] lapic_id[0x00] enabled)
2015-02-13T13:19:39.980629-06:00 c0-0c2s2n2 ACPI: LAPIC (acpi_id[0x02] lapic_id[0x02] enabled)
2015-02-13T13:19:39.980712-06:00 c0-0c2s2n2 ACPI: LAPIC (acpi_id[0x04] lapic_id[0x04] enabled)
2015-02-13T13:19:40.020167-06:00 c0-0c2s2n2 ACPI: LAPIC (acpi_id[0x06] lapic_id[0x06] enabled)
2015-02-13T13:19:40.020287-06:00 c0-0c2s2n2 ACPI: LAPIC (acpi_id[0x08] lapic_id[0x08] enabled)
2015-02-13T13:19:40.020626-06:00 c0-0c2s2n2 ACPI: LAPIC (acpi_id[0x0a] lapic_id[0x0a] enabled)
2015-02-13T13:19:40.020954-06:00 c0-0c2s2n2 ACPI: LAPIC (acpi_id[0x0c] lapic_id[0x0c] enabled)
2015-02-13T13:19:40.060493-06:00 c0-0c2s2n2 ACPI: LAPIC (acpi_id[0x0e] lapic_id[0x0e] enabled)
2015-02-13T13:19:40.060631-06:00 c0-0c2s2n2 ACPI: LAPIC (acpi_id[0x01] lapic_id[0x01] enabled)
2015-02-13T13:19:40.060751-06:00 c0-0c2s2n2 ACPI: LAPIC (acpi_id[0x03] lapic_id[0x03] enabled)
2015-02-13T13:19:40.060794-06:00 c0-0c2s2n2 ACPI: LAPIC (acpi_id[0x05] lapic_id[0x05] enabled)
2015-02-13T13:19:40.060934-06:00 c0-0c2s2n2 ACPI: LAPIC (acpi_id[0x07] lapic_id[0x07] enabled)
2015-02-13T13:19:40.061007-06:00 c0-0c2s2n2 ACPI: LAPIC (acpi_id[0x09] lapic_id[0x09] enabled)
2015-02-13T13:19:40.078931-06:00 c0-0c2s2n2 ACPI: LAPIC (acpi_id[0x0b] lapic_id[0x0b] enabled)
2015-02-13T13:19:40.079694-06:00 c0-0c2s2n2 ACPI: LAPIC (acpi_id[0x0d] lapic_id[0x0d] enabled)
2015-02-13T13:19:40.079801-06:00 c0-0c2s2n2 ACPI: LAPIC (acpi_id[0x0f] lapic_id[0x0f] enabled)
2015-02-13T13:19:40.104214-06:00 c0-0c2s2n2 ACPI: LAPIC_NMI (acpi_id[0x00] high edge lint[0x1])
2015-02-13T13:19:40.104373-06:00 c0-0c2s2n2 ACPI: LAPIC_NMI (acpi_id[0x02] high edge lint[0x1])
2015-02-13T13:19:40.104495-06:00 c0-0c2s2n2 ACPI: LAPIC_NMI (acpi_id[0x04] high edge lint[0x1])
2015-02-13T13:19:40.129525-06:00 c0-0c2s2n2 ACPI: LAPIC_NMI (acpi_id[0x06] high edge lint[0x1])
2015-02-13T13:19:40.129615-06:00 c0-0c2s2n2 ACPI: LAPIC_NMI (acpi_id[0x08] high edge lint[0x1])
2015-02-13T13:19:40.129787-06:00 c0-0c2s2n2 ACPI: LAPIC_NMI (acpi_id[0x0a] high edge lint[0x1])
2015-02-13T13:19:40.154693-06:00 c0-0c2s2n2 ACPI: LAPIC_NMI (acpi_id[0x0c] high edge lint[0x1])
2015-02-13T13:19:40.154813-06:00 c0-0c2s2n2 ACPI: LAPIC_NMI (acpi_id[0x0e] high edge lint[0x1])
2015-02-13T13:19:40.154925-06:00 c0-0c2s2n2 ACPI: LAPIC_NMI (acpi_id[0x01] high edge lint[0x1])
2015-02-13T13:19:40.179922-06:00 c0-0c2s2n2 ACPI: LAPIC_NMI (acpi_id[0x03] high edge lint[0x1])
2015-02-13T13:19:40.180081-06:00 c0-0c2s2n2 ACPI: LAPIC_NMI (acpi_id[0x05] high edge lint[0x1])
2015-02-13T13:19:40.181008-06:00 c0-0c2s2n2 ACPI: LAPIC_NMI (acpi_id[0x07] high edge lint[0x1])
2015-02-13T13:19:40.205162-06:00 c0-0c2s2n2 ACPI: LAPIC_NMI (acpi_id[0x09] high edge lint[0x1])
2015-02-13T13:19:40.205292-06:00 c0-0c2s2n2 ACPI: LAPIC_NMI (acpi_id[0x0b] high edge lint[0x1])
2015-02-13T13:19:40.205454-06:00 c0-0c2s2n2 ACPI: LAPIC_NMI (acpi_id[0x0d] high edge lint[0x1])
2015-02-13T13:19:40.230410-06:00 c0-0c2s2n2 ACPI: LAPIC_NMI (acpi_id[0x0f] high edge lint[0x1])
2015-02-13T13:19:40.230592-06:00 c0-0c2s2n2 ACPI: IOAPIC (id[0x00] address[0xfec00000] gsi_base[0])
2015-02-13T13:19:40.255636-06:00 c0-0c2s2n2 IOAPIC[0]: apic_id 0, version 32, address 0xfec00000, GSI 0-23
2015-02-13T13:19:40.255756-06:00 c0-0c2s2n2 ACPI: IOAPIC (id[0x02] address[0xfec01000] gsi_base[24])
2015-02-13T13:19:40.255830-06:00 c0-0c2s2n2 IOAPIC[1]: apic_id 2, version 32, address 0xfec01000, GSI 24-47
2015-02-13T13:19:40.281139-06:00 c0-0c2s2n2 ACPI: INT_SRC_OVR (bus 0 bus_irq 0 global_irq 2 dfl dfl)
2015-02-13T13:19:40.281185-06:00 c0-0c2s2n2 ACPI: INT_SRC_OVR (bus 0 bus_irq 9 global_irq 9 high level)
2015-02-13T13:19:40.281210-06:00 c0-0c2s2n2 Using ACPI (MADT) for SMP configuration information
2015-02-13T13:19:40.281259-06:00 c0-0c2s2n2 ACPI: HPET id: 0x8086a701 base: 0xfed00000
2015-02-13T13:19:40.281272-06:00 c0-0c2s2n2 SMP: Allowing 16 CPUs, 0 hotplug CPUs
2015-02-13T13:19:40.344857-06:00 c0-0c2s2n2 Allocating PCI resources starting at 90000000 (gap: 90000000:6ed1c000)
2015-02-13T13:19:40.345583-06:00 c0-0c2s2n2 setup_percpu: NR_CPUS:128 nr_cpumask_bits:128 nr_cpu_ids:16 nr_node_ids:1
2015-02-13T13:19:40.345835-06:00 c0-0c2s2n2 PERCPU: Embedded 25 PATH1224 @ffff88107fa00000 s72704 r8192 d21504 u131072
2015-02-13T13:19:40.346082-06:00 c0-0c2s2n2 Built 1 zonelists in Zone order, mobility grouping on.  Total pages: 16534701
2015-02-13T13:19:40.388816-06:00 c0-0c2s2n2 Policy zone: Normal
2015-02-13T13:19:40.446484-06:00 c0-0c2s2n2 Kernel command line: earlyprintk=serial,115200 load_ramdisk=1 ramdisk_size=80000 console=ttyS0,115200n8 bootnodeip=IPADDR13 bootproto=ipog bootpath=PATH1220 rootfs=nfs-shared root=PATH1221 oops=panic bootifnetmask=IPADDR15 elevator=noop ippob1=10 ippob2=128 pcie_ports=native iommu=on intel_iommu=off bad_page=panic pln_enable=off apei_disable hest_disable erst_disable ghes_disable cgroup_disable=memory active_wlm=ALPS sdbnodeip=IPADDR16 sessionid=p0-20150213t131030 _cray=marker_ 
2015-02-13T13:19:40.471739-06:00 c0-0c2s2n2 Intel-IOMMU: disabled
2015-02-13T13:19:40.471786-06:00 c0-0c2s2n2 Disabling memory control group subsystem
2015-02-13T13:19:40.471838-06:00 c0-0c2s2n2 PID hash table entries: 4096 (order: 3, 32768 bytes)
2015-02-13T13:19:40.496945-06:00 c0-0c2s2n2 PATH1225: enabled xstate_bv 0x7, cntxt size 0x340
2015-02-13T13:19:40.847352-06:00 c0-0c2s2n2 Memory: PATH319780 available (5522k kernel code, 2121000k absent, 1019636k reserved, 5307k data, 692k init)
2015-02-13T13:19:40.872345-06:00 c0-0c2s2n2 Hierarchical RCU implementation.
2015-02-13T13:19:40.872400-06:00 c0-0c2s2n2 NR_IRQS:4352
2015-02-13T13:19:40.922819-06:00 c0-0c2s2n2 Extended CMOS year: 2000
2015-02-13T13:19:40.922870-06:00 c0-0c2s2n2 Console: colour dummy device 80x25
2015-02-13T13:19:40.947935-06:00 c0-0c2s2n2 console [ttyS0] enabled, bootconsole disabled
2015-02-13T13:19:40.948013-06:00 c0-0c2s2n2 console [ttyS0] enabled, bootconsole disabled
2015-02-13T13:19:40.973396-06:00 c0-0c2s2n2 Fast TSC calibration using PIT
2015-02-13T13:19:40.973543-06:00 c0-0c2s2n2 Detected 2599.903 MHz processor.
2015-02-13T13:19:40.998805-06:00 c0-0c2s2n2 Calibrating delay loop (skipped), value calculated using timer frequency.. 5199.80 BogoMIPS (lpj=10399612)
2015-02-13T13:19:40.998991-06:00 c0-0c2s2n2 pid_max: default: 32768 minimum: 301
2015-02-13T13:19:41.049285-06:00 c0-0c2s2n2 Dentry cache hash table entries: 8388608 (order: 14, 67108864 bytes)
2015-02-13T13:19:41.099392-06:00 c0-0c2s2n2 Inode-cache hash table entries: 4194304 (order: 13, 33554432 bytes)
2015-02-13T13:19:41.099660-06:00 c0-0c2s2n2 Mount-cache hash table entries: 256
2015-02-13T13:19:41.099773-06:00 c0-0c2s2n2 Initializing cgroup subsys cpuacct
2015-02-13T13:19:41.124702-06:00 c0-0c2s2n2 Initializing cgroup subsys memory
2015-02-13T13:19:41.124866-06:00 c0-0c2s2n2 Initializing cgroup subsys devices
2015-02-13T13:19:41.124980-06:00 c0-0c2s2n2 Initializing cgroup subsys perf_event
2015-02-13T13:19:41.125123-06:00 c0-0c2s2n2 CPU: Physical Processor ID: 0
2015-02-13T13:19:41.125224-06:00 c0-0c2s2n2 CPU: Processor Core ID: 0
2015-02-13T13:19:41.149974-06:00 c0-0c2s2n2 mce: CPU supports 20 MCE banks
2015-02-13T13:19:41.150136-06:00 c0-0c2s2n2 CPU0: Thermal monitoring enabled (TM1)
2015-02-13T13:19:41.150245-06:00 c0-0c2s2n2 using mwait in idle threads.
2015-02-13T13:19:41.150360-06:00 c0-0c2s2n2 ACPI: Core revision 20110413
2015-02-13T13:19:41.200559-06:00 c0-0c2s2n2 ftrace: allocating 20236 entries in 80 pages
2015-02-13T13:19:41.225703-06:00 c0-0c2s2n2 DMAR: Host address width 46
2015-02-13T13:19:41.225745-06:00 c0-0c2s2n2 DMAR: DRHD base: 0x000000fbffc000 flags: 0x1
2015-02-13T13:19:41.250875-06:00 c0-0c2s2n2 IOMMU 0: reg_base_addr fbffc000 ver 1:0 cap d2078c106f0462 ecap f020fe
2015-02-13T13:19:41.250887-06:00 c0-0c2s2n2 DMAR: RMRR base: 0x0000007f430000 end: 0x0000007f43cfff
2015-02-13T13:19:41.250921-06:00 c0-0c2s2n2 DMAR: ATSR flags: 0x0
2015-02-13T13:19:41.276096-06:00 c0-0c2s2n2 DMAR: RHSA base: 0x000000fbffc000 proximity domain: 0x0
2015-02-13T13:19:41.301245-06:00 c0-0c2s2n2 Switched APIC routing to physical flat.
2015-02-13T13:19:41.301322-06:00 c0-0c2s2n2 ..TIMER: vector=0x30 apic1=0 pin1=2 apic2=-1 pin2=-1
2015-02-13T13:19:41.341497-06:00 c0-0c2s2n2 CPU0: Intel(R) Xeon(R) CPU E5-2670 0 @ 2.60GHz stepping 07
2015-02-13T13:19:41.577108-06:00 c0-0c2s2n2 Performance Events: PEBS fmt1+, 16-deep LBR, SandyBridge events, full-width counters, Intel PMU driver.
2015-02-13T13:19:41.602371-06:00 c0-0c2s2n2 ... version:                3
2015-02-13T13:19:41.602406-06:00 c0-0c2s2n2 ... bit width:              48
2015-02-13T13:19:41.602441-06:00 c0-0c2s2n2 ... generic registers:      4
2015-02-13T13:19:41.602469-06:00 c0-0c2s2n2 ... value mask:             0000ffffffffffff
2015-02-13T13:19:41.602498-06:00 c0-0c2s2n2 ... max period:             0000ffffffffffff
2015-02-13T13:19:41.627625-06:00 c0-0c2s2n2 ... fixed-purpose events:   3
2015-02-13T13:19:41.627673-06:00 c0-0c2s2n2 ... event mask:             000000070000000f
2015-02-13T13:19:42.059865-06:00 c0-0c2s2n2 Booting Node   0, Processors  #1 #2 #3 #4 #5 #6 #7 #8 #9 #10 #11 #12 #13 #14 #15 Ok.
2015-02-13T13:19:42.109895-06:00 c0-0c2s2n2 Brought up 16 CPUs
2015-02-13T13:19:42.109988-06:00 c0-0c2s2n2 Total of 16 processors activated (83196.89 BogoMIPS).
2015-02-13T13:19:42.160394-06:00 c0-0c2s2n2 NET: Registered protocol family 16
2015-02-13T13:19:42.160487-06:00 c0-0c2s2n2 ACPI FADT declares the system doesn't support PCIe ASPM, so disable it
2015-02-13T13:19:42.185527-06:00 c0-0c2s2n2 ACPI: bus type pci registered
2015-02-13T13:19:42.210747-06:00 c0-0c2s2n2 PCI: MMCONFIG for domain 0000 [bus 00-ff] at [mem 0x80000000-0x8fffffff] (base 0x80000000)
2015-02-13T13:19:42.210785-06:00 c0-0c2s2n2 PCI: MMCONFIG at [mem 0x80000000-0x8fffffff] reserved in E820
2015-02-13T13:19:42.236005-06:00 c0-0c2s2n2 PCI: Using configuration type 1 for base access
2015-02-13T13:19:42.236020-06:00 c0-0c2s2n2 bio: create slab <bio-0> at 0
2015-02-13T13:19:42.286440-06:00 c0-0c2s2n2 ACPI: Executed 1 blocks of module-level executable AML code
2015-02-13T13:19:42.469057-06:00 c0-0c2s2n2 ACPI: Interpreter enabled
2015-02-13T13:19:42.469177-06:00 c0-0c2s2n2 ACPI: (supports S0 S1 S3 S5)
2015-02-13T13:19:42.494009-06:00 c0-0c2s2n2 ACPI: Using IOAPIC for interrupt routing
2015-02-13T13:19:42.494473-06:00 c0-0c2s2n2 ACPI: No dock devices found.
2015-02-13T13:19:42.494597-06:00 c0-0c2s2n2 HEST: Table parsing disabled.
2015-02-13T13:19:42.519605-06:00 c0-0c2s2n2 PCI: Using host bridge windows from ACPI; if necessary, use "pci=nocrs" and report a bug
2015-02-13T13:19:42.544894-06:00 c0-0c2s2n2 ACPI: PCI Root Bridge [PCI0] (domain 0000 [bus 00-fe])
2015-02-13T13:19:42.545053-06:00 c0-0c2s2n2 pci_root PNP0A08:00: host bridge window [io  0x0000-0x03af]
2015-02-13T13:19:42.569886-06:00 c0-0c2s2n2 pci_root PNP0A08:00: host bridge window [io  0x03e0-0x0cf7]
2015-02-13T13:19:42.570060-06:00 c0-0c2s2n2 pci_root PNP0A08:00: host bridge window [io  0x0d00-0xffff]
2015-02-13T13:19:42.570224-06:00 c0-0c2s2n2 pci_root PNP0A08:00: host bridge window [mem 0x000c0000-0x000dffff]
2015-02-13T13:19:42.595083-06:00 c0-0c2s2n2 pci_root PNP0A08:00: host bridge window [mem 0x80000000-0xfbffffff]
2015-02-13T13:19:42.595236-06:00 c0-0c2s2n2 pci_root PNP0A08:00: host bridge window [mem 0x1080000000-0x3c3fffffffff]
2015-02-13T13:19:42.620237-06:00 c0-0c2s2n2 pci 0000:00:02.0: PCI bridge to [bus 01-01]
2015-02-13T13:19:42.620459-06:00 c0-0c2s2n2 pci 0000:00:03.0: PCI bridge to [bus 02-02]
2015-02-13T13:19:42.620692-06:00 c0-0c2s2n2 pci 0000:00:03.2: PCI bridge to [bus 03-03]
2015-02-13T13:19:42.645508-06:00 c0-0c2s2n2 pci 0000:00:11.0: PCI bridge to [bus 04-04]
2015-02-13T13:19:42.645755-06:00 c0-0c2s2n2 pci 0000:00:1e.0: PCI bridge to [bus 05-05] (subtractive decode)
2015-02-13T13:19:42.645981-06:00 c0-0c2s2n2 pci0000:00: Unable to request _OSC control (_OSC support mask: 0x19)
2015-02-13T13:19:42.671117-06:00 c0-0c2s2n2 ACPI: PCI Root Bridge [UNC0] (domain 0000 [bus ff])
2015-02-13T13:19:42.696220-06:00 c0-0c2s2n2 pci0000:ff: Unable to request _OSC control (_OSC support mask: 0x19)
2015-02-13T13:19:42.696566-06:00 c0-0c2s2n2 ACPI: PCI Interrupt Link [LNKA] (IRQs 3 4 5 6 7 10 *11 12 14 15)
2015-02-13T13:19:42.721579-06:00 c0-0c2s2n2 ACPI: PCI Interrupt Link [LNKB] (IRQs 3 4 5 6 7 *10 11 12 14 15)
2015-02-13T13:19:42.721877-06:00 c0-0c2s2n2 ACPI: PCI Interrupt Link [LNKC] (IRQs 3 4 *5 6 10 11 12 14 15)
2015-02-13T13:19:42.746637-06:00 c0-0c2s2n2 ACPI: PCI Interrupt Link [LNKD] (IRQs *3 4 5 6 10 11 12 14 15)
2015-02-13T13:19:42.746926-06:00 c0-0c2s2n2 ACPI: PCI Interrupt Link [LNKE] (IRQs 3 4 5 6 7 10 11 12 14 15) *0
2015-02-13T13:19:42.771972-06:00 c0-0c2s2n2 ACPI: PCI Interrupt Link [LNKF] (IRQs 3 4 5 6 7 10 11 12 14 15) *0
2015-02-13T13:19:42.772262-06:00 c0-0c2s2n2 ACPI: PCI Interrupt Link [LNKG] (IRQs 3 4 5 6 7 10 11 12 14 15) *0
2015-02-13T13:19:42.797078-06:00 c0-0c2s2n2 ACPI: PCI Interrupt Link [LNKH] (IRQs 3 4 5 6 *7 10 11 12 14 15)
2015-02-13T13:19:42.797191-06:00 c0-0c2s2n2 vgaarb: loaded
2015-02-13T13:19:42.797381-06:00 c0-0c2s2n2 SCSI subsystem initialized
2015-02-13T13:19:42.797522-06:00 c0-0c2s2n2 PCI: Using ACPI for IRQ routing
2015-02-13T13:19:42.822487-06:00 c0-0c2s2n2 Switching to clocksource hpet
2015-02-13T13:19:42.822790-06:00 c0-0c2s2n2 pnp: PnP ACPI init
2015-02-13T13:19:42.822904-06:00 c0-0c2s2n2 ACPI: bus type pnp registered
2015-02-13T13:19:42.847792-06:00 c0-0c2s2n2 system 00:01: [mem 0xfc000000-0xfcffffff] has been reserved
2015-02-13T13:19:42.847985-06:00 c0-0c2s2n2 system 00:01: [mem 0xfd000000-0xfdffffff] has been reserved
2015-02-13T13:19:42.872964-06:00 c0-0c2s2n2 system 00:01: [mem 0xfe000000-0xfeafffff] has been reserved
2015-02-13T13:19:42.873251-06:00 c0-0c2s2n2 system 00:01: [mem 0xfeb00000-0xfebfffff] has been reserved
2015-02-13T13:19:42.898031-06:00 c0-0c2s2n2 system 00:01: [mem 0xfed00400-0xfed3ffff] could not be reserved
2015-02-13T13:19:42.898333-06:00 c0-0c2s2n2 system 00:01: [mem 0xfed45000-0xfedfffff] has been reserved
2015-02-13T13:19:42.923181-06:00 c0-0c2s2n2 system 00:02: [mem 0xfbffc000-0xfbffdfff] has been reserved
2015-02-13T13:19:42.923525-06:00 c0-0c2s2n2 system 00:06: [io  0x04d0-0x04d1] has been reserved
2015-02-13T13:19:42.923739-06:00 c0-0c2s2n2 system 00:08: [io  0x0400-0x0453] has been reserved
2015-02-13T13:19:42.948497-06:00 c0-0c2s2n2 system 00:08: [io  0x0458-0x047f] has been reserved
2015-02-13T13:19:42.948779-06:00 c0-0c2s2n2 system 00:08: [io  0x1180-0x119f] has been reserved
2015-02-13T13:19:42.949106-06:00 c0-0c2s2n2 system 00:08: [io  0x0500-0x057f] has been reserved
2015-02-13T13:19:42.973793-06:00 c0-0c2s2n2 system 00:08: [mem 0xfed1c000-0xfed1ffff] has been reserved
2015-02-13T13:19:42.974076-06:00 c0-0c2s2n2 system 00:08: [mem 0xfec00000-0xfecfffff] could not be reserved
2015-02-13T13:19:42.974349-06:00 c0-0c2s2n2 system 00:08: [mem 0xfed08000-0xfed08fff] has been reserved
2015-02-13T13:19:42.999321-06:00 c0-0c2s2n2 system 00:08: [mem 0xff000000-0xffffffff] has been reserved
2015-02-13T13:19:42.999480-06:00 c0-0c2s2n2 system 00:09: [io  0x0454-0x0457] has been reserved
2015-02-13T13:19:43.024275-06:00 c0-0c2s2n2 pnp: PnP ACPI: found 12 devices
2015-02-13T13:19:43.024468-06:00 c0-0c2s2n2 ACPI: ACPI bus type pnp unregistered
2015-02-13T13:19:43.024804-06:00 c0-0c2s2n2 pci 0000:00:02.0: PCI bridge to [bus 01-01]
2015-02-13T13:19:43.049561-06:00 c0-0c2s2n2 pci 0000:00:02.0:   bridge window [io  disabled]
2015-02-13T13:19:43.049750-06:00 c0-0c2s2n2 pci 0000:00:02.0:   bridge window [mem disabled]
2015-02-13T13:19:43.074819-06:00 c0-0c2s2n2 pci 0000:00:02.0:   bridge window [mem 0x3c0000000000-0x3c20000fffff 64bit pref]
2015-02-13T13:19:43.075067-06:00 c0-0c2s2n2 pci 0000:00:03.0: PCI bridge to [bus 02-02]
2015-02-13T13:19:43.075282-06:00 c0-0c2s2n2 pci 0000:00:03.0:   bridge window [io  disabled]
2015-02-13T13:19:43.100107-06:00 c0-0c2s2n2 pci 0000:00:03.0:   bridge window [mem disabled]
2015-02-13T13:19:43.100355-06:00 c0-0c2s2n2 pci 0000:00:03.0:   bridge window [mem pref disabled]
2015-02-13T13:19:43.100570-06:00 c0-0c2s2n2 pci 0000:00:03.2: PCI bridge to [bus 03-03]
2015-02-13T13:19:43.125227-06:00 c0-0c2s2n2 pci 0000:00:03.2:   bridge window [io  disabled]
2015-02-13T13:19:43.125451-06:00 c0-0c2s2n2 pci 0000:00:03.2:   bridge window [mem disabled]
2015-02-13T13:19:43.125642-06:00 c0-0c2s2n2 pci 0000:00:03.2:   bridge window [mem pref disabled]
2015-02-13T13:19:43.150351-06:00 c0-0c2s2n2 pci 0000:00:11.0: PCI bridge to [bus 04-04]
2015-02-13T13:19:43.150687-06:00 c0-0c2s2n2 pci 0000:00:11.0:   bridge window [io  0xe000-0xefff]
2015-02-13T13:19:43.150945-06:00 c0-0c2s2n2 pci 0000:00:11.0:   bridge window [mem 0xfbe00000-0xfbefffff]
2015-02-13T13:19:43.175959-06:00 c0-0c2s2n2 pci 0000:00:11.0:   bridge window [mem 0x3c2000400000-0x3c20008fffff 64bit pref]
2015-02-13T13:19:43.176110-06:00 c0-0c2s2n2 pci 0000:00:1e.0: PCI bridge to [bus 05-05]
2015-02-13T13:19:43.200941-06:00 c0-0c2s2n2 pci 0000:00:1e.0:   bridge window [io  disabled]
2015-02-13T13:19:43.201124-06:00 c0-0c2s2n2 pci 0000:00:1e.0:   bridge window [mem disabled]
2015-02-13T13:19:43.201335-06:00 c0-0c2s2n2 pci 0000:00:1e.0:   bridge window [mem pref disabled]
2015-02-13T13:19:43.201637-06:00 c0-0c2s2n2 pci 0000:00:02.0: PCI INT A -> GSI 32 (level, low) -> IRQ 32
2015-02-13T13:19:43.226461-06:00 c0-0c2s2n2 pci 0000:00:03.0: PCI INT A -> GSI 40 (level, low) -> IRQ 40
2015-02-13T13:19:43.226711-06:00 c0-0c2s2n2 pci 0000:00:03.2: PCI INT A -> GSI 40 (level, low) -> IRQ 40
2015-02-13T13:19:43.251657-06:00 c0-0c2s2n2 pci 0000:00:11.0: PCI INT A -> GSI 16 (level, low) -> IRQ 16
2015-02-13T13:19:43.251805-06:00 c0-0c2s2n2 NET: Registered protocol family 2
2015-02-13T13:19:43.276773-06:00 c0-0c2s2n2 IP route cache hash table entries: 524288 (order: 10, 4194304 bytes)
2015-02-13T13:19:43.277158-06:00 c0-0c2s2n2 TCP established hash table entries: 524288 (order: 11, 8388608 bytes)
2015-02-13T13:19:43.301824-06:00 c0-0c2s2n2 TCP bind hash table entries: 65536 (order: 8, 1048576 bytes)
2015-02-13T13:19:43.302121-06:00 c0-0c2s2n2 TCP: Hash tables configured (established 524288 bind 65536)
2015-02-13T13:19:43.302215-06:00 c0-0c2s2n2 TCP reno registered
2015-02-13T13:19:43.302384-06:00 c0-0c2s2n2 UDP hash table entries: 32768 (order: 8, 1048576 bytes)
2015-02-13T13:19:43.327239-06:00 c0-0c2s2n2 UDP-Lite hash table entries: 32768 (order: 8, 1048576 bytes)
2015-02-13T13:19:43.327357-06:00 c0-0c2s2n2 NET: Registered protocol family 1
2015-02-13T13:19:43.352397-06:00 c0-0c2s2n2 RPC: Registered named UNIX socket transport module.
2015-02-13T13:19:43.352539-06:00 c0-0c2s2n2 RPC: Registered udp transport module.
2015-02-13T13:19:43.352606-06:00 c0-0c2s2n2 RPC: Registered tcp transport module.
2015-02-13T13:19:43.377630-06:00 c0-0c2s2n2 RPC: Registered tcp NFSv4.1 backchannel transport module.
2015-02-13T13:19:43.377889-06:00 c0-0c2s2n2 pci 0000:00:1a.0: PCI INT A -> GSI 16 (level, low) -> IRQ 16
2015-02-13T13:19:43.403046-06:00 c0-0c2s2n2 pci 0000:00:1a.0: PCI INT A disabled
2015-02-13T13:19:43.428078-06:00 c0-0c2s2n2 pci 0000:00:1d.0: PCI INT A -> GSI 23 (level, low) -> IRQ 23
2015-02-13T13:19:43.428328-06:00 c0-0c2s2n2 pci 0000:00:1d.0: PCI INT A disabled
2015-02-13T13:19:43.428382-06:00 c0-0c2s2n2 Trying to unpack rootfs image as initramfs...
2015-02-13T13:19:43.869218-06:00 c0-0c2s2n2 Freeing initrd memory: 12352k freed
2015-02-13T13:19:43.894276-06:00 c0-0c2s2n2 DMAR: Device scope device [0000:00:01.01] not found
2015-02-13T13:19:43.894424-06:00 c0-0c2s2n2 DMAR: Device scope device [0000:00:01.01] not found
2015-02-13T13:19:43.919434-06:00 c0-0c2s2n2 PCI-DMA: Using software bounce buffering for IO (SWIOTLB)
2015-02-13T13:19:43.919635-06:00 c0-0c2s2n2 Placing 64MB software IO TLB between ffff88007a67c000 - ffff88007e67c000
2015-02-13T13:19:43.944623-06:00 c0-0c2s2n2 software IO TLB at phys 0x7a67c000 - 0x7e67c000
2015-02-13T13:19:43.944824-06:00 c0-0c2s2n2 Machine check injector initialized
2015-02-13T13:19:43.944991-06:00 c0-0c2s2n2 futex hash table entries: 4096 (order: 6, 262144 bytes)
2015-02-13T13:19:43.969937-06:00 c0-0c2s2n2 Registering pnotify support for (name=job)
2015-02-13T13:19:43.970027-06:00 c0-0c2s2n2 CSA: initialized
2015-02-13T13:19:43.970256-06:00 c0-0c2s2n2 audit: initializing netlink socket (disabled)
2015-02-13T13:19:43.970433-06:00 c0-0c2s2n2 type=2000 audit(1423855178.472:1): initialized
2015-02-13T13:19:44.020911-06:00 c0-0c2s2n2 HugeTLB registered 2 MB page size, pre-allocated 0 pages
2015-02-13T13:19:44.045644-06:00 c0-0c2s2n2 VFS: Disk quotas dquot_6.5.2
2015-02-13T13:19:44.046015-06:00 c0-0c2s2n2 Dquot-cache hash table entries: 512 (order 0, 4096 bytes)
2015-02-13T13:19:44.046260-06:00 c0-0c2s2n2 Installing knfsd (copyright (C) 1996 okir@monad.swb.de).
2015-02-13T13:19:44.070914-06:00 c0-0c2s2n2 fuse init (API version 7.16)
2015-02-13T13:19:44.071070-06:00 c0-0c2s2n2 Installing v9fs 9p2000 file system support
2015-02-13T13:19:44.071096-06:00 c0-0c2s2n2 msgmni has been set to 32268
2015-02-13T13:19:44.096006-06:00 c0-0c2s2n2 Block layer SCSI generic (bsg) driver version 0.4 loaded (major 254)
2015-02-13T13:19:44.096043-06:00 c0-0c2s2n2 io scheduler noop registered (default)
2015-02-13T13:19:44.096134-06:00 c0-0c2s2n2 io scheduler deadline registered
2015-02-13T13:19:44.121318-06:00 c0-0c2s2n2 io scheduler cfq registered
2015-02-13T13:19:44.121482-06:00 c0-0c2s2n2 input: Power Button as PATH1228:PATH1229:PATH1230:PATH1231
2015-02-13T13:19:44.121524-06:00 c0-0c2s2n2 ACPI: Power Button [PWRB]
2015-02-13T13:19:44.146552-06:00 c0-0c2s2n2 input: Power Button as PATH1228:PATH1232:PATH1233
2015-02-13T13:19:44.146609-06:00 c0-0c2s2n2 ACPI: Power Button [PWRF]
2015-02-13T13:19:44.247408-06:00 c0-0c2s2n2 ERST: Error Record Serialization Table (ERST) support is disabled.
2015-02-13T13:19:44.272732-06:00 c0-0c2s2n2 GHES: HEST is not enabled!
2015-02-13T13:19:44.323186-06:00 c0-0c2s2n2 Serial: PATH1234 driver, 2 ports, IRQ sharing disabled
2015-02-13T13:19:44.323235-06:00 c0-0c2s2n2 PATH1235 0x3f8 (irq = 4) is a 16550A
2015-02-13T13:19:44.398954-06:00 c0-0c2s2n2 serial8250: ttyS1 at PATH1235 0x2f8 (irq = 3) is a 16550A
2015-02-13T13:19:44.499853-06:00 c0-0c2s2n2 Real Time Clock Driver v1.12b
2015-02-13T13:19:44.499944-06:00 c0-0c2s2n2 Linux agpgart interface v0.103
2015-02-13T13:19:44.499982-06:00 c0-0c2s2n2 brd: module loaded
2015-02-13T13:19:44.500007-06:00 c0-0c2s2n2 loop: module loaded
2015-02-13T13:19:44.500034-06:00 c0-0c2s2n2 Loading iSCSI transport class v2.0-870.
2015-02-13T13:19:44.525028-06:00 c0-0c2s2n2 iscsi: registered transport (tcp)
2015-02-13T13:19:44.550276-06:00 c0-0c2s2n2 Rounding down aligned max_sectors from 4294967295 to 4294967288
2015-02-13T13:19:44.550353-06:00 c0-0c2s2n2 console [netcon0] enabled
2015-02-13T13:19:44.550378-06:00 c0-0c2s2n2 netconsole: network logging started
2015-02-13T13:19:44.575453-06:00 c0-0c2s2n2 i8042: PNP: No PATH1236 controller found. Probing ports directly.
2015-02-13T13:19:44.964969-06:00 c0-0c2s2n2 Refined TSC clocksource calibration: 2599.999 MHz.
2015-02-13T13:19:44.965004-06:00 c0-0c2s2n2 Switching to clocksource tsc
2015-02-13T13:19:45.570667-06:00 c0-0c2s2n2 i8042: No controller found
2015-02-13T13:19:45.595526-06:00 c0-0c2s2n2 EDAC MC: Ver: 2.1.0
2015-02-13T13:19:45.595655-06:00 c0-0c2s2n2 cpuidle: using governor ladder
2015-02-13T13:19:45.595771-06:00 c0-0c2s2n2 cpuidle: using governor menu
2015-02-13T13:19:45.620779-06:00 c0-0c2s2n2 oprofile: using NMI interrupt.
2015-02-13T13:19:45.620799-06:00 c0-0c2s2n2 TCP cubic registered
2015-02-13T13:19:45.620896-06:00 c0-0c2s2n2 NET: Registered protocol family 10
2015-02-13T13:19:45.620974-06:00 c0-0c2s2n2 IPv6 over IPv4 tunneling driver
2015-02-13T13:19:45.621010-06:00 c0-0c2s2n2 NET: Registered protocol family 17
2015-02-13T13:19:45.646003-06:00 c0-0c2s2n2 Installing 9P2000 support
2015-02-13T13:19:45.646128-06:00 c0-0c2s2n2 Registering the dns_resolver key type
2015-02-13T13:19:45.646186-06:00 c0-0c2s2n2 registered taskstats version 1
2015-02-13T13:19:45.671310-06:00 c0-0c2s2n2 Freeing unused kernel memory: 692k freed
2015-02-13T13:19:45.721839-06:00 c0-0c2s2n2 ghal_init:Cray(R) Gemini Hardware Abstraction Layer - version 1.0107
2015-02-13T13:19:45.746886-06:00 c0-0c2s2n2 ghal_init:Copyright (C) 2007-1012 Cray Inc.
2015-02-13T13:19:46.849363-06:00 c0-0c2s2n2 ghal 0000:01:00.1: enabling device (0000 -> 0002)
2015-02-13T13:19:46.849375-06:00 c0-0c2s2n2 udev: starting version 147
2015-02-13T13:19:46.849382-06:00 c0-0c2s2n2 simplex: module license 'unspecified' taints kernel.
2015-02-13T13:19:46.849394-06:00 c0-0c2s2n2 hss-os: communication area 0xffff881009b13e00 (phys 0x1009b13e00)
2015-02-13T13:19:46.849403-06:00 c0-0c2s2n2 hss-os: new channel 1
2015-02-13T13:19:46.921376-06:00 c0-0c2s2n2 request_sys_info_from_L0: No tile dimension data
2015-02-13T13:19:46.921409-06:00 c0-0c2s2n2 hss-os: new channel 2
2015-02-13T13:19:46.921473-06:00 c0-0c2s2n2 kgni_init:Cray(R) Gemini Network Interface - Sep 17 2014 version 0x004500b7 rev 9750
2015-02-13T13:19:46.921513-06:00 c0-0c2s2n2 kgni_init:Copyright (C) 2007,2008 Cray Inc.
2015-02-13T13:19:46.999286-06:00 c0-0c2s2n2 ipogif_init:Cray(R) Gemini IP over Fabric device driver - version 0.17
2015-02-13T13:19:46.999359-06:00 c0-0c2s2n2 ipogif_init:Copyright (C) 2007 Cray Inc.
2015-02-13T13:19:46.999385-06:00 c0-0c2s2n2 ipogif_probe:Immediate checksum off
2015-02-13T13:19:46.999415-06:00 c0-0c2s2n2 Cray(R) Gemini Performance Counter Daemon - version 0.1
2015-02-13T13:19:46.999445-06:00 c0-0c2s2n2 GEMINI Performance Counter Daemon.
2015-02-13T13:19:46.999470-06:00 c0-0c2s2n2 Cray(R) Kernel Dynamic Registration (KDREG) Interface - version 0x2243e
2015-02-13T13:19:47.049731-06:00 c0-0c2s2n2 Copyright (C) 2004-5 Pete Wyckoff - modified by Cray(R)
2015-02-13T13:19:47.281365-06:00 c0-0c2s2n2 ipogif_up:Bringing interface up
2015-02-13T13:19:47.339220-06:00 c0-0c2s2n2 Sending ec_node_info with boot code 0 (NODE_INFO_OS_BOOT) for nid 138
2015-02-13T13:19:47.339270-06:00 c0-0c2s2n2 net.core.rmem_max = 16777216
2015-02-13T13:19:47.339309-06:00 c0-0c2s2n2 net.core.wmem_max = 16777216
2015-02-13T13:19:47.339347-06:00 c0-0c2s2n2 net.core.rmem_default = 16777216
2015-02-13T13:19:47.339361-06:00 c0-0c2s2n2 net.core.wmem_default = 16777216
2015-02-13T13:19:47.339369-06:00 c0-0c2s2n2 net.core.optmem_max = 16777216
2015-02-13T13:19:47.339386-06:00 c0-0c2s2n2 net.ipv4.tcp_mem = 16777216 16777216 16777216
2015-02-13T13:19:47.339415-06:00 c0-0c2s2n2 net.ipv4.tcp_rmem = 4096 87380 16777216
2015-02-13T13:19:47.339456-06:00 c0-0c2s2n2 net.ipv4.tcp_wmem = 4096 65536 16777216
2015-02-13T13:19:47.364530-06:00 c0-0c2s2n2 Using rootfs config: nfs-shared...
2015-02-13T13:19:47.364574-06:00 c0-0c2s2n2 rootfs mount succeeded.
2015-02-13T13:19:47.364658-06:00 c0-0c2s2n2 **********************************************************
2015-02-13T13:19:47.364667-06:00 c0-0c2s2n2    HOSTNAME: nid00138
2015-02-13T13:19:47.364715-06:00 c0-0c2s2n2 **********************************************************
2015-02-13T13:19:47.401374-06:00 c0-0c2s2n2 ipogif0   Link encap:Ethernet  HWaddr 00:01:01:00:00:8A  
2015-02-13T13:19:47.401421-06:00 c0-0c2s2n2          inet addr:IPADDR45  Mask:IPADDR15
2015-02-13T13:19:47.401762-06:00 c0-0c2s2n2          inet6 addr: fe80::201:1ff:fe00:PATH3950 Scope:Link
2015-02-13T13:19:47.401779-06:00 c0-0c2s2n2          UP RUNNING NOARP  MTU:65520  Metric:1
2015-02-13T13:19:47.401793-06:00 c0-0c2s2n2          RX packets:21 errors:0 dropped:0 overruns:0 frame:0
2015-02-13T13:19:47.401806-06:00 c0-0c2s2n2          TX packets:28 errors:0 dropped:0 overruns:0 carrier:0
2015-02-13T13:19:47.401820-06:00 c0-0c2s2n2          collisions:0 txqueuelen:1000 
2015-02-13T13:19:47.401835-06:00 c0-0c2s2n2          RX bytes:2496 (2.4 KiB)  TX bytes:2540 (2.4 KiB)
2015-02-13T13:19:47.401851-06:00 c0-0c2s2n2 lo        Link encap:Local Loopback  
2015-02-13T13:19:47.401867-06:00 c0-0c2s2n2          inet addr:IPADDR18  Mask:IPADDR24
2015-02-13T13:19:47.401883-06:00 c0-0c2s2n2          inet6 addr: ::PATH1252 Scope:Host
2015-02-13T13:19:47.401897-06:00 c0-0c2s2n2          UP LOOPBACK RUNNING  MTU:16436  Metric:1
2015-02-13T13:19:47.426548-06:00 c0-0c2s2n2          RX packets:0 errors:0 dropped:0 overruns:0 frame:0
2015-02-13T13:19:47.426585-06:00 c0-0c2s2n2          TX packets:0 errors:0 dropped:0 overruns:0 carrier:0
2015-02-13T13:19:47.426600-06:00 c0-0c2s2n2          collisions:0 txqueuelen:0 
2015-02-13T13:19:47.465487-06:00 c0-0c2s2n2          RX bytes:0 (0.0 B)  TX bytes:0 (0.0 B)
2015-02-13T13:19:47.465497-06:00 c0-0c2s2n2 Mounting NID specific PATH1253 (nid=138)...
2015-02-13T13:19:47.465508-06:00 c0-0c2s2n2 done.
2015-02-13T13:19:47.555066-06:00 c0-0c2s2n2 INIT: version 2.86 booting
2015-02-13T13:19:47.581051-06:00 c0-0c2s2n2 System Boot Control: Running PATH1254
2015-02-13T13:19:47.581214-06:00 c0-0c2s2n2 Mounting sysfs at PATH12557[?25l
2015-02-13T13:19:47.581223-06:00 c0-0c2s2n2 [80C[10D[1;32mdone[m8[?25h
2015-02-13T13:19:47.606282-06:00 c0-0c2s2n2 Copying static PATH1256 content7[?25l
2015-02-13T13:19:47.606289-06:00 c0-0c2s2n2 [80C[10D[1;32mdone[m8[?25h
2015-02-13T13:19:47.630926-06:00 c0-0c2s2n2 Mounting tmpfs at PATH12577[?25l
2015-02-13T13:19:47.630932-06:00 c0-0c2s2n2 [80C[10D[1;32mdone[m8[?25h
2015-02-13T13:19:47.656424-06:00 c0-0c2s2n2 Mounting devpts at PATH12587[?25l
2015-02-13T13:19:47.656432-06:00 c0-0c2s2n2 [80C[10D[1;32mdone[m8[?25h
2015-02-13T13:19:47.656458-06:00 c0-0c2s2n2 Boot logging started on PATH1259(PATH1260) at Fri Feb 13 13:19:42 2015
2015-02-13T13:19:47.681330-06:00 c0-0c2s2n2 Mounting debugfs at PATH12617[?25l
2015-02-13T13:19:47.681353-06:00 c0-0c2s2n2 [80C[10D[1;32mdone[m8[?25h
2015-02-13T13:19:47.707148-06:00 c0-0c2s2n2 [m[?25hNo efivars filesystem driver available.[m[?25hStarting udevd: udev: starting version 147
2015-02-13T13:19:47.707159-06:00 c0-0c2s2n2 7[?25l
2015-02-13T13:19:47.707168-06:00 c0-0c2s2n2 [80C[10D[1;32mdone[m8[?25h
2015-02-13T13:19:47.816900-06:00 c0-0c2s2n2 Loading drivers, configuring devices: usbcore: registered new interface driver usbfs
2015-02-13T13:19:47.816951-06:00 c0-0c2s2n2 ahci 0000:00:1f.2: PCI INT B -> GSI 19 (level, low) -> IRQ 19
2015-02-13T13:19:47.816962-06:00 c0-0c2s2n2 ahci 0000:00:1f.2: forcing PORTS_IMPL to 0x3f
2015-02-13T13:19:47.817005-06:00 c0-0c2s2n2 usbcore: registered new interface driver hub
2015-02-13T13:19:47.817931-06:00 c0-0c2s2n2 usbcore: registered new device driver usb
2015-02-13T13:19:47.842517-06:00 c0-0c2s2n2 ahci 0000:00:1f.2: AHCI 0001.0300 32 slots 6 ports 6 Gbps 0x3f impl SATA mode
2015-02-13T13:19:47.881530-06:00 c0-0c2s2n2 ahci 0000:00:1f.2: flags: 64bit ncq sntf pm led clo pio slum part ems apst 
2015-02-13T13:19:47.882286-06:00 c0-0c2s2n2 scsi0 : ahci
2015-02-13T13:19:47.882395-06:00 c0-0c2s2n2 ehci_hcd: USB 2.0 'Enhanced' Host Controller (EHCI) Driver
2015-02-13T13:19:47.882425-06:00 c0-0c2s2n2 scsi1 : ahci
2015-02-13T13:19:47.882436-06:00 c0-0c2s2n2 scsi2 : ahci
2015-02-13T13:19:47.882448-06:00 c0-0c2s2n2 scsi3 : ahci
2015-02-13T13:19:47.882458-06:00 c0-0c2s2n2 scsi4 : ahci
2015-02-13T13:19:47.882468-06:00 c0-0c2s2n2 scsi5 : ahci
2015-02-13T13:19:47.882477-06:00 c0-0c2s2n2 ata2: SATA max PATH1238 abar m2048@0xfbf00000 port 0xfbf00100 irq 164
2015-02-13T13:19:47.882487-06:00 c0-0c2s2n2 ata3: SATA max PATH1238 abar m2048@0xfbf00000 port 0xfbf00180 irq 164
2015-02-13T13:19:47.906933-06:00 c0-0c2s2n2 ata4: SATA max PATH1238 abar m2048@0xfbf00000 port 0xfbf00200 irq 164
2015-02-13T13:19:47.932106-06:00 c0-0c2s2n2 ata5: SATA max PATH1238 abar m2048@0xfbf00000 port 0xfbf00280 irq 164
2015-02-13T13:19:47.957716-06:00 c0-0c2s2n2 ata6: SATA max PATH1238 abar m2048@0xfbf00000 port 0xfbf00300 irq 164
2015-02-13T13:19:47.957731-06:00 c0-0c2s2n2 ata7: SATA max PATH1238 abar m2048@0xfbf00000 port 0xfbf00380 irq 164
2015-02-13T13:19:47.957759-06:00 c0-0c2s2n2 ehci_hcd 0000:00:1a.0: PCI INT A -> GSI 16 (level, low) -> IRQ 16
2015-02-13T13:19:47.957770-06:00 c0-0c2s2n2 ehci_hcd 0000:00:1a.0: EHCI Host Controller
2015-02-13T13:19:47.957889-06:00 c0-0c2s2n2 ehci_hcd 0000:00:1a.0: new USB bus registered, assigned bus number 1
2015-02-13T13:19:47.957937-06:00 c0-0c2s2n2 ehci_hcd 0000:00:1a.0: debug port 2
2015-02-13T13:19:48.021387-06:00 c0-0c2s2n2 ehci_hcd 0000:00:1a.0: irq 16, io mem 0xfbf02000
2015-02-13T13:19:48.021596-06:00 c0-0c2s2n2 ehci_hcd 0000:00:1a.0: USB 2.0 started, EHCI 1.00
2015-02-13T13:19:48.021638-06:00 c0-0c2s2n2 hub 1-0:1.0: USB hub found
2015-02-13T13:19:48.021649-06:00 c0-0c2s2n2 hub 1-0:1.0: 2 ports detected
2015-02-13T13:19:48.021896-06:00 c0-0c2s2n2 ehci_hcd 0000:00:1d.0: PCI INT A -> GSI 23 (level, low) -> IRQ 23
2015-02-13T13:19:48.046790-06:00 c0-0c2s2n2 ehci_hcd 0000:00:1d.0: EHCI Host Controller
2015-02-13T13:19:48.047006-06:00 c0-0c2s2n2 ehci_hcd 0000:00:1d.0: new USB bus registered, assigned bus number 2
2015-02-13T13:19:48.087998-06:00 c0-0c2s2n2 ehci_hcd 0000:00:1d.0: debug port 2
2015-02-13T13:19:48.088225-06:00 c0-0c2s2n2 ehci_hcd 0000:00:1d.0: irq 23, io mem 0xfbf01000
2015-02-13T13:19:48.088245-06:00 c0-0c2s2n2 ehci_hcd 0000:00:1d.0: USB 2.0 started, EHCI 1.00
2015-02-13T13:19:48.088256-06:00 c0-0c2s2n2 hub 2-0:1.0: USB hub found
2015-02-13T13:19:48.088354-06:00 c0-0c2s2n2 hub 2-0:1.0: 2 ports detected
2015-02-13T13:19:48.342786-06:00 c0-0c2s2n2 usb 1-1: new high-speed USB device number 2 using ehci_hcd
2015-02-13T13:19:48.469081-06:00 c0-0c2s2n2 hub 1-1:1.0: USB hub found
2015-02-13T13:19:48.494167-06:00 c0-0c2s2n2 hub 1-1:1.0: 6 ports detected
2015-02-13T13:19:48.595321-06:00 c0-0c2s2n2 usb 2-1: new high-speed USB device number 2 using ehci_hcd
2015-02-13T13:19:48.721531-06:00 c0-0c2s2n2 hub 2-1:1.0: USB hub found
2015-02-13T13:19:48.721599-06:00 c0-0c2s2n2 hub 2-1:1.0: 8 ports detected
2015-02-13T13:19:48.973572-06:00 c0-0c2s2n2 ata3: failed to resume link (SControl 0)
2015-02-13T13:19:48.973597-06:00 c0-0c2s2n2 ata3: SATA link down (SStatus 0 SControl 0)
2015-02-13T13:19:48.973617-06:00 c0-0c2s2n2 ata7: failed to resume link (SControl 0)
2015-02-13T13:19:48.973669-06:00 c0-0c2s2n2 ata7: SATA link down (SStatus 0 SControl 0)
2015-02-13T13:19:49.023988-06:00 c0-0c2s2n2 ata4: failed to resume link (SControl 0)
2015-02-13T13:19:49.024029-06:00 c0-0c2s2n2 ata4: SATA link down (SStatus 0 SControl 0)
2015-02-13T13:19:49.024053-06:00 c0-0c2s2n2 ata6: failed to resume link (SControl 0)
2015-02-13T13:19:49.024084-06:00 c0-0c2s2n2 ata6: SATA link down (SStatus 0 SControl 0)
2015-02-13T13:19:49.049276-06:00 c0-0c2s2n2 ata5: failed to resume link (SControl 0)
2015-02-13T13:19:49.049293-06:00 c0-0c2s2n2 ata5: SATA link down (SStatus 0 SControl 0)
2015-02-13T13:19:49.049357-06:00 c0-0c2s2n2 ata2: failed to resume link (SControl 0)
2015-02-13T13:19:49.049437-06:00 c0-0c2s2n2 ata2: SATA link down (SStatus 0 SControl 0)
2015-02-13T13:19:49.074537-06:00 c0-0c2s2n2 7[?25l
2015-02-13T13:19:49.074546-06:00 c0-0c2s2n2 [80C[10D[1;32mdone[m8[?25h
2015-02-13T13:19:49.150239-06:00 c0-0c2s2n2 [m[?25hMounting PATH1262 from IPADDR13. Checking for nid=138 existance.
2015-02-13T13:19:49.268314-06:00 c0-0c2s2n2 7[?25l
2015-02-13T13:19:49.268325-06:00 c0-0c2s2n2 [80C[10D[1;32mdone[m8[?25h
2015-02-13T13:19:49.293527-06:00 c0-0c2s2n2 Mounting tmpfs on PATH12637[?25l
2015-02-13T13:19:49.293540-06:00 c0-0c2s2n2 [80C[10D[1;32mdone[m8[?25h
2015-02-13T13:19:49.293572-06:00 c0-0c2s2n2 Running sysctl using values from PATH1264
2015-02-13T13:19:49.293584-06:00 c0-0c2s2n2 net.ipv4.icmp_echo_ignore_broadcasts = 1
2015-02-13T13:19:49.293605-06:00 c0-0c2s2n2 net.ipv4.conf.all.rp_filter = 1
2015-02-13T13:19:49.293617-06:00 c0-0c2s2n2 fs.inotify.max_user_watches = 65536
2015-02-13T13:19:49.293627-06:00 c0-0c2s2n2 net.ipv4.conf.default.promote_secondaries = 1
2015-02-13T13:19:49.293677-06:00 c0-0c2s2n2 net.ipv4.conf.all.promote_secondaries = 1
2015-02-13T13:19:49.293746-06:00 c0-0c2s2n2 vm.min_free_kbytes = 102400
2015-02-13T13:19:49.293756-06:00 c0-0c2s2n2 7[?25l
2015-02-13T13:19:49.293777-06:00 c0-0c2s2n2 [80C[10D[1;32mdone[m8[?25h
2015-02-13T13:19:49.318665-06:00 c0-0c2s2n2 [m[?25hActivating swap-devices in PATH1265
2015-02-13T13:19:49.343946-06:00 c0-0c2s2n2 7[?25l[1A
2015-02-13T13:19:49.343952-06:00 c0-0c2s2n2 [80C[10D[1;32mdone[m8[?25hroot file system (PATH24) is NOT being checked.
2015-02-13T13:19:49.419655-06:00 c0-0c2s2n2 [m[?25hSet System Time to the current Hardware Clock7[?25l
2015-02-13T13:19:49.419663-06:00 c0-0c2s2n2 [80C[10D[1;32mdone[m8[?25h
2015-02-13T13:19:49.444982-06:00 c0-0c2s2n2 [m[?25hActivating device mapper...
2015-02-13T13:19:49.445119-06:00 c0-0c2s2n2 device-mapper: ioctl: 4.23.0-ioctl (2012-07-25) initialised: dm-devel@redhat.com
2015-02-13T13:19:49.445169-06:00 c0-0c2s2n2 7[?25l
2015-02-13T13:19:49.445177-06:00 c0-0c2s2n2 [80C[10D[1;32mdone[m8[?25h
2015-02-13T13:19:49.470216-06:00 c0-0c2s2n2 [m[?25hLoading required kernel modules
2015-02-13T13:19:49.495502-06:00 c0-0c2s2n2 7[?25l[1A
2015-02-13T13:19:49.495510-06:00 c0-0c2s2n2 [80C[10D[1;32mdone[m8[?25h[m[?25h[m[?25hWaiting for udev to settle...
2015-02-13T13:19:49.520609-06:00 c0-0c2s2n2 Scanning for LVM volume groups...
2015-02-13T13:19:49.520690-06:00 c0-0c2s2n2  Reading all physical volumes.  This may take a while...
2015-02-13T13:19:49.520708-06:00 c0-0c2s2n2  No volume groups found
2015-02-13T13:19:49.520719-06:00 c0-0c2s2n2  No volume groups found
2015-02-13T13:19:49.520741-06:00 c0-0c2s2n2 Activating LVM volume groups...
2015-02-13T13:19:49.545774-06:00 c0-0c2s2n2  PARTIAL MODE. Incomplete logical volumes will be processed.
2015-02-13T13:19:49.545812-06:00 c0-0c2s2n2  No volume groups found
2015-02-13T13:19:49.545831-06:00 c0-0c2s2n2 7[?25l
2015-02-13T13:19:49.545837-06:00 c0-0c2s2n2 [80C[10D[1;32mdone[m8[?25h
2015-02-13T13:19:49.571071-06:00 c0-0c2s2n2 [m[?25hNo fibre channel cards present.  Not waiting for disk devices. 
2015-02-13T13:19:49.596317-06:00 c0-0c2s2n2 [m[?25hChecking file systems...
2015-02-13T13:19:49.596338-06:00 c0-0c2s2n2 fsck from util-linux 2.19.1
2015-02-13T13:19:49.596367-06:00 c0-0c2s2n2 Checking all file systems.
2015-02-13T13:19:49.596379-06:00 c0-0c2s2n2 7[?25l[1A
2015-02-13T13:19:49.596384-06:00 c0-0c2s2n2 [80C[10D[1;32mdone[m8[?25hMounting local file systems...
2015-02-13T13:19:49.596428-06:00 c0-0c2s2n2 nothing was mounted
2015-02-13T13:19:49.873964-06:00 c0-0c2s2n2 7[?25l[1A
2015-02-13T13:19:49.873971-06:00 c0-0c2s2n2 [80C[10D[1;32mdone[m8[?25h[m[?25hCheck if the profiles matches the system7[?25l
2015-02-13T13:19:49.873977-06:00 c0-0c2s2n2 [80C[10D[1;32mdone[m8[?25h
2015-02-13T13:19:49.899087-06:00 c0-0c2s2n2 [m[?25hEnabling monitoring on LVM volume groups...
2015-02-13T13:19:49.899119-06:00 c0-0c2s2n2  No volume groups found
2015-02-13T13:19:49.899131-06:00 c0-0c2s2n2 7[?25l
2015-02-13T13:19:49.899159-06:00 c0-0c2s2n2 [80C[10D[1;32mdone[m8[?25h
2015-02-13T13:19:49.951360-06:00 c0-0c2s2n2 [m[?25h[m[?25h[m[?25h[m[?25h[m[?25hTurning quota on
2015-02-13T13:19:49.976593-06:00 c0-0c2s2n2 Checking quotas. This may take some time.
2015-02-13T13:19:49.976629-06:00 c0-0c2s2n2 7[?25l
2015-02-13T13:19:49.976641-06:00 c0-0c2s2n2 [80C[10D[1;32mdone[m8[?25h
2015-02-13T13:19:49.976662-06:00 c0-0c2s2n2 [m[?25hSetting current sysctl status from PATH12647[?25l
2015-02-13T13:19:49.976679-06:00 c0-0c2s2n2 [80C[10D[1;32mdone[m8[?25h
2015-02-13T13:19:50.153309-06:00 c0-0c2s2n2 [m[?25hATTENTION: You have modified PATH3931  Leaving it untouched...
2015-02-13T13:19:50.153330-06:00 c0-0c2s2n2 You can find my version in PATH344963 ...
2015-02-13T13:19:50.153357-06:00 c0-0c2s2n2 touch: cannot touch `PATH1267': Read-only file system
2015-02-13T13:19:50.153371-06:00 c0-0c2s2n2 chmod: cannot access `PATH1267': No such file or directory
2015-02-13T13:19:50.153440-06:00 c0-0c2s2n2 touch: cannot touch `PATH1267': Read-only file system
2015-02-13T13:19:50.153583-06:00 c0-0c2s2n2 [m[?25hSystem Boot Control: The system has been 
2015-02-13T13:19:50.153593-06:00 c0-0c2s2n2 [80C[10D[1mset up[m
2015-02-13T13:19:50.178499-06:00 c0-0c2s2n2 Skipped features: [80C[19D[1;33mboot.efivars[m
2015-02-13T13:19:50.178544-06:00 c0-0c2s2n2 System Boot Control: Running PATH1268
2015-02-13T13:19:50.203806-06:00 c0-0c2s2n2 7[?25l[1A
2015-02-13T13:19:50.203814-06:00 c0-0c2s2n2 [8
2015-02-13T13:19:50.203821-06:00 c0-0c2s2n2 INIT: Entering runlevel: 3
2015-02-13T13:19:50.254210-06:00 c0-0c2s2n2 Master Resource Control: previous runlevel: N, switching to runlevel: 
2015-02-13T13:19:50.254219-06:00 c0-0c2s2n2 [80C[10D[1m3[m
2015-02-13T13:19:50.254263-06:00 c0-0c2s2n2 Starting batchlimitd
2015-02-13T13:19:50.279404-06:00 c0-0c2s2n2 [m[?25hLoading nic compatibility device7[?25l
2015-02-13T13:19:50.279414-06:00 c0-0c2s2n2 [80C[10D[1;32mdone[m8[?25h
2015-02-13T13:19:50.410479-06:00 c0-0c2s2n2 [m[?25hbpmcd_init: Power statistics available in PATH1240
2015-02-13T13:19:50.461063-06:00 c0-0c2s2n2 [m[?25hStarting D-Bus daemon7[?25l
2015-02-13T13:19:50.461072-06:00 c0-0c2s2n2 [80C[10D[1;32mdone[m8[?25h
2015-02-13T13:19:50.486246-06:00 c0-0c2s2n2 [m[?25hiSCSI Enterprise Target Software - version trunk
2015-02-13T13:19:50.486339-06:00 c0-0c2s2n2 iscsi_trgt: Registered io type fileio
2015-02-13T13:19:50.486358-06:00 c0-0c2s2n2 iscsi_trgt: Registered io type blockio
2015-02-13T13:19:50.511419-06:00 c0-0c2s2n2 iscsi_trgt: Registered io type nullio
2015-02-13T13:19:50.536689-06:00 c0-0c2s2n2 [m[?25hLNet: HW CPU cores: 16, npartitions: 4
2015-02-13T13:19:55.562636-06:00 c0-0c2s2n2 PATH3933: line 179: lctl: command not found
2015-02-13T13:19:55.587901-06:00 c0-0c2s2n2 [m[?25hRemoving old kernel packages...
2015-02-13T13:19:55.625435-06:00 c0-0c2s2n2 rm: cannot remove `PATH1269': Read-only file system
2015-02-13T13:19:55.625510-06:00 c0-0c2s2n2 PATH1270: multiversion.kernels not configured in PATH1271, exiting.
2015-02-13T13:19:55.625566-06:00 c0-0c2s2n2 7[?25l
2015-02-13T13:19:55.625575-06:00 c0-0c2s2n2 [80C[10D[1;32mdone[m8[?25h
2015-02-13T13:19:55.665441-06:00 c0-0c2s2n2 [m[?25hInitializing random number generator7[?25l
2015-02-13T13:19:55.665448-06:00 c0-0c2s2n2 [80C[10D[1;32mdone[m8[?25h
2015-02-13T13:19:55.741101-06:00 c0-0c2s2n2 [m[?25hCompat-rdma backport release: ac916cb
2015-02-13T13:19:55.741224-06:00 c0-0c2s2n2 Backport based on git:PATH1237 5268562
2015-02-13T13:19:55.766334-06:00 c0-0c2s2n2 compat.git: git:PATH1237
2015-02-13T13:19:55.867301-06:00 c0-0c2s2n2 Loading HCA driver and Access Layer:[60G[  [1;32mOK[0;39m  ]
2015-02-13T13:19:55.867350-06:00 c0-0c2s2n2 Setting up InfiniBand network interfaces:
2015-02-13T13:19:55.867369-06:00 c0-0c2s2n2 Setting up service network . . .[60G[  [0;39mdone[0;39m  ]
2015-02-13T13:19:56.217682-06:00 c0-0c2s2n2 [m[?25hSetting up (localfs) network interfaces:
2015-02-13T13:19:56.217713-06:00 c0-0c2s2n2    lo        
2015-02-13T13:19:56.217718-06:00 c0-0c2s2n2    lo        IP address: PATH1272   
2015-02-13T13:19:56.217725-06:00 c0-0c2s2n2              IP address: PATH1273   
2015-02-13T13:19:56.363913-06:00 c0-0c2s2n2 7[?25l[1A
2015-02-13T13:19:56.363932-06:00 c0-0c2s2n2 [80C[10D[1;32mdone[m8[?25h    ipogif0   
2015-02-13T13:19:56.389191-06:00 c0-0c2s2n2              No configuration found for ipogif0
2015-02-13T13:19:56.425384-06:00 c0-0c2s2n2 7[?25l[1A
2015-02-13T13:19:56.425399-06:00 c0-0c2s2n2 [80C[10D[1munused[m8[?25hSetting up service (localfs) network  .  .  .  .  .  .  .  .  .  .7[?25l
2015-02-13T13:19:56.425404-06:00 c0-0c2s2n2 [80C[10D[1;32mdone[m8[?25h
2015-02-13T13:19:56.425562-06:00 c0-0c2s2n2 [m[?25hCould not start BND as this is not the boot node.
2015-02-13T13:19:56.465362-06:00 c0-0c2s2n2 bootnodes are: 1 1 
2015-02-13T13:19:56.465392-06:00 c0-0c2s2n2 mynid=138
2015-02-13T13:19:56.465427-06:00 c0-0c2s2n2 [m[?25hS04cray-config-service: Mounting 9p configuration directory. 
2015-02-13T13:19:57.475934-06:00 c0-0c2s2n2 S04cray-config-service:   Success.  
2015-02-13T13:19:57.535289-06:00 c0-0c2s2n2 [m[?25h[m[?25hStarting hw_info_init on 138
2015-02-13T13:19:57.535300-06:00 c0-0c2s2n2 bootnodes are: 1 1 
2015-02-13T13:19:57.560512-06:00 c0-0c2s2n2 mynid=138
2015-02-13T13:19:57.964562-06:00 c0-0c2s2n2 [m[?25h[m[?25h 
2015-02-13T13:19:57.964572-06:00 c0-0c2s2n2 cray-syslog: **WARNING**  PATH1274 MAY require hard and soft file limits 
2015-02-13T13:19:57.964584-06:00 c0-0c2s2n2 cray-syslog:              greater or equal to 8192 for proper LLM operation 
2015-02-13T13:19:57.964590-06:00 c0-0c2s2n2 cray-syslog:              when large number of jobs are launched concurrently.
2015-02-13T13:19:57.964626-06:00 c0-0c2s2n2 cray-syslog:              If you have failures running large number of concurrent jobs,
2015-02-13T13:19:57.964643-06:00 c0-0c2s2n2 cray-syslog:              you may wish to update the hard and soft nofile entries in 
2015-02-13T13:19:57.964668-06:00 c0-0c2s2n2 cray-syslog:              limits.conf as follows.
2015-02-13T13:19:57.964677-06:00 c0-0c2s2n2 
2015-02-13T13:19:57.989746-06:00 c0-0c2s2n2 cray-syslog: PATH1274: 
2015-02-13T13:19:57.989785-06:00 c0-0c2s2n2 cray-syslog: *  soft  nofile  8192
2015-02-13T13:19:57.989810-06:00 c0-0c2s2n2 cray-syslog: *  hard  nofile  8192
2015-02-13T13:19:57.989821-06:00 c0-0c2s2n2 
2015-02-13T13:19:58.950277-06:00 c0-0c2s2n2 cray-syslog: rsyslogd started as process 6744.
2015-02-13T13:19:59.965347-06:00 c0-0c2s2n2 cray-syslog: llmrd started as process  6757.
2015-02-13T13:20:00.041144-06:00 c0-0c2s2n2 [m[?25h[m[?25hStarting auditd startproc:  exit status of parent of PATH1275: 6
2015-02-13T13:20:00.041220-06:00 c0-0c2s2n2 7[?25l
2015-02-13T13:20:00.041231-06:00 c0-0c2s2n2 [80C[10D[1;32mdone[m8[?25h
2015-02-13T13:20:00.142006-06:00 c0-0c2s2n2 [m[?25hStarting haveged daemon 7[?25l
2015-02-13T13:20:00.142016-06:00 c0-0c2s2n2 [80C[10D[1;32mdone[m8[?25h
2015-02-13T13:20:00.167212-06:00 c0-0c2s2n2 [m[?25hStarting rpcbind 7[?25l
2015-02-13T13:20:00.167218-06:00 c0-0c2s2n2 [80C[10D[1;32mdone[m8[?25h
2015-02-13T13:20:00.192420-06:00 c0-0c2s2n2 [m[?25hbootnodes are: 1 1 
2015-02-13T13:20:00.192453-06:00 c0-0c2s2n2 mynid=138
2015-02-13T13:20:00.217665-06:00 c0-0c2s2n2 [m[?25hNot starting NFS client services - no NFS found in PATH1276:
2015-02-13T13:20:00.217677-06:00 c0-0c2s2n2 [80C[10D[1munused[m
2015-02-13T13:20:00.268157-06:00 c0-0c2s2n2 [m[?25hStarting DVS service: DVS: Revision 1873 - Built: Sep 17 2014 @ 06:40:29 for lnet version 2.5
2015-02-13T13:20:00.293350-06:00 c0-0c2s2n2 Lustre: kgnilnd build version: 2.5-trunk-1.0502.17198.8.51-abuild-RB-5.2UP02_2.5.1-2014-09-17-06:59
2015-02-13T13:20:00.369046-06:00 c0-0c2s2n2 LNet: Added LNI 138@gni [PATH1244]
2015-02-13T13:20:01.399547-06:00 c0-0c2s2n2 7[?25l
2015-02-13T13:20:01.399552-06:00 c0-0c2s2n2 [80C[10D[1;32mdone[m8[?25h
2015-02-13T13:20:01.461488-06:00 c0-0c2s2n2 [m[?25hStarting java.binfmt_misc 7[?25l
2015-02-13T13:20:01.461506-06:00 c0-0c2s2n2 [80C[10D[1;32mdone[m8[?25h
2015-02-13T13:20:01.486671-06:00 c0-0c2s2n2 [m[?25hStarting mcelog... 7[?25l
2015-02-13T13:20:01.486685-06:00 c0-0c2s2n2 [80C[10D[1;32mdone[m8[?25h
2015-02-13T13:20:01.587632-06:00 c0-0c2s2n2 [m[?25hSetting up (remotefs) network interfaces:
2015-02-13T13:20:01.693161-06:00 c0-0c2s2n2    sit0      
2015-02-13T13:20:01.693178-06:00 c0-0c2s2n2              No configuration found for sit0
2015-02-13T13:20:01.718414-06:00 c0-0c2s2n2 7[?25l[1A
2015-02-13T13:20:01.718423-06:00 c0-0c2s2n2 [80C[10D[1munused[m8[?25hSetting up service (remotefs) network  .  .  .  .  .  .  .  .  .  .7[?25l
2015-02-13T13:20:01.718432-06:00 c0-0c2s2n2 [80C[10D[1;32mdone[m8[?25h
2015-02-13T13:20:01.768858-06:00 c0-0c2s2n2 [80C[10D[1;32mdone[m8[?25h
2015-02-13T13:20:01.794298-06:00 c0-0c2s2n2 [m[?25hsdbnodes are: 137 137 
2015-02-13T13:20:01.794354-06:00 c0-0c2s2n2 mynid=138
2015-02-13T13:20:01.869747-06:00 c0-0c2s2n2 [m[?25hStarting network time protocol daemon (NTPD)7[?25l
2015-02-13T13:20:01.869753-06:00 c0-0c2s2n2 [80C[10D[1;32mdone[m8[?25h
2015-02-13T13:20:01.945349-06:00 c0-0c2s2n2 [m[?25hStarting MUNGE: munged7[?25l
2015-02-13T13:20:01.945360-06:00 c0-0c2s2n2 [80C[10D[1;32mdone[m8[?25h
2015-02-13T13:20:01.995890-06:00 c0-0c2s2n2 [m[?25h[m[?25h[m[?25hStarting Name Service Cache Daemon7[?25l
2015-02-13T13:20:01.995907-06:00 c0-0c2s2n2 [80C[10D[1;32mdone[m8[?25h
2015-02-13T13:20:02.021139-06:00 c0-0c2s2n2 [m[?25hEnabling Linux Jobs
2015-02-13T13:20:02.046325-06:00 c0-0c2s2n2 [m[?25hStarting alps services
2015-02-13T13:20:02.544338-06:00 c0-0c2s2n2 mkdir: cannot create directory `PATH1277': Read-only file system
2015-02-13T13:20:02.569601-06:00 c0-0c2s2n2 no ALPS daemon will be started on node nid00138.
2015-02-13T13:20:03.090624-06:00 c0-0c2s2n2 [m[?25h<node_health> Starting node_health_recovery
2015-02-13T13:20:03.090851-06:00 c0-0c2s2n2 [m[?25hsdbnodes are: 137 137 
2015-02-13T13:20:03.090900-06:00 c0-0c2s2n2 mynid=138
2015-02-13T13:20:03.091017-06:00 c0-0c2s2n2 [m[?25hblogd: no message logging because PATH1262 file system is not accessible
2015-02-13T13:20:03.091031-06:00 c0-0c2s2n2 Boot event: Starting
2015-02-13T13:20:03.091045-06:00 c0-0c2s2n2 Sending ec_node_info with boot code 8 (NODE_INFO_OS_BOOT_SUCCEEDED) for nid 138
2015-02-13T13:20:03.116013-06:00 c0-0c2s2n2 [m[?25hMaster Resource Control: runlevel 3 has been 
2015-02-13T13:20:03.116032-06:00 c0-0c2s2n2 [80C[10D[1mreached[m
2015-02-13T13:20:03.116085-06:00 c0-0c2s2n2 Failed services in runlevel 3: [80C[11D[1;31mlnet[m
2015-02-13T13:20:03.116119-06:00 c0-0c2s2n2 Skipped services in runlevel 3: [80C[10D[1;33mnfs[m
2015-02-13T13:20:03.157366-06:00 c0-0c2s2n2 INIT: no more processes left in this runlevel
2015-02-13T13:11:10.911160-06:00 c0-0c1s1n1 ERROR: Type:2; Severity:80; Class:3; Subclass:D; Operation: 2
2015-02-13T13:19:36.050572-06:00 c0-0c1s1n1 Wait4Boot: WRITE: 533 bytes to memory @ 0x90CD0 ... complete
2015-02-13T13:19:36.050578-06:00 c0-0c1s1n1 Wait4Boot: Blade Controller Boot Protocol version - 1
2015-02-13T13:19:36.075600-06:00 c0-0c1s1n1 Wait4Boot: JUMP: KernelStart 0x100000, boot_params 0x90000, CmdLineAddr 0x90CD0
2015-02-13T13:19:36.220323-06:00 c0-0c1s1n1 Decompressing Linux... Parsing ELF... done.
2015-02-13T13:19:36.220418-06:00 c0-0c1s1n1 Booting the kernel.
2015-02-13T13:19:36.220576-06:00 c0-0c1s1n1 Initializing cgroup subsys cpuset
2015-02-13T13:19:36.220658-06:00 c0-0c1s1n1 Initializing cgroup subsys cpu
2015-02-13T13:19:36.245631-06:00 c0-0c1s1n1 Linux version 3.0.101-0.31.1_1.0502.8394-cray_ari_s (abuild@cfosbld05) (gcc version 4.3.4 [gcc-4_3-branch revision 152973] (SUSE Linux) ) #1 SMP Wed Sep 10 04:03:41 UTC 2014
2015-02-13T13:19:36.324981-06:00 c0-0c1s1n1 Command line: earlyprintk=serial,115200 load_ramdisk=1 ramdisk_size=80000 console=ttyS0,115200n8 bootnodeip=IPADDR13 bootproto=ipog bootpath=PATH1220 rootfs=nfs-shared root=PATH1221 oops=panic bootifnetmask=IPADDR15 elevator=noop ippob1=10 ippob2=128 pcie_ports=native iommu=on intel_iommu=off bad_page=panic pln_enable=off apei_disable hest_disable erst_disable ghes_disable cgroup_disable=memory active_wlm=ALPS sdbnodeip=IPADDR16 sessionid=p0-20150213t131030 _cray=marker_ 
2015-02-13T13:19:36.364752-06:00 c0-0c1s1n1 KERNEL supported cpus:
2015-02-13T13:19:36.364830-06:00 c0-0c1s1n1  Intel GenuineIntel
2015-02-13T13:19:36.364954-06:00 c0-0c1s1n1 BIOS-provided physical RAM map:
2015-02-13T13:19:36.365287-06:00 c0-0c1s1n1 BIOS-e820: 0000000000000000 - 00000000000a0000 (usable)
2015-02-13T13:19:36.404952-06:00 c0-0c1s1n1 BIOS-e820: 0000000000100000 - 000000007e67c000 (usable)
2015-02-13T13:19:36.405119-06:00 c0-0c1s1n1 BIOS-e820: 000000007e67c000 - 000000007e790000 (ACPI NVS)
2015-02-13T13:19:36.405302-06:00 c0-0c1s1n1 BIOS-e820: 000000007e790000 - 000000007f395000 (reserved)
2015-02-13T13:19:36.405489-06:00 c0-0c1s1n1 BIOS-e820: 000000007f395000 - 000000007f410000 (ACPI data)
2015-02-13T13:19:36.405644-06:00 c0-0c1s1n1 BIOS-e820: 000000007f410000 - 000000007f491000 (reserved)
2015-02-13T13:19:36.405816-06:00 c0-0c1s1n1 BIOS-e820: 000000007f491000 - 000000007f493000 (usable)
2015-02-13T13:19:36.444950-06:00 c0-0c1s1n1 BIOS-e820: 000000007f493000 - 000000007f494000 (ACPI NVS)
2015-02-13T13:19:36.445167-06:00 c0-0c1s1n1 BIOS-e820: 000000007f494000 - 000000007f49e000 (reserved)
2015-02-13T13:19:36.447408-06:00 c0-0c1s1n1 BIOS-e820: 000000007f49e000 - 000000007f4a6000 (ACPI NVS)
2015-02-13T13:19:36.447715-06:00 c0-0c1s1n1 BIOS-e820: 000000007f4a6000 - 000000007f4d2000 (reserved)
2015-02-13T13:19:36.447981-06:00 c0-0c1s1n1 BIOS-e820: 000000007f4d2000 - 000000007f558000 (ACPI NVS)
2015-02-13T13:19:36.472774-06:00 c0-0c1s1n1 BIOS-e820: 000000007f558000 - 000000007f800000 (usable)
2015-02-13T13:19:36.473061-06:00 c0-0c1s1n1 BIOS-e820: 0000000080000000 - 0000000090000000 (reserved)
2015-02-13T13:19:36.473314-06:00 c0-0c1s1n1 BIOS-e820: 00000000fed1c000 - 00000000fed20000 (reserved)
2015-02-13T13:19:36.498012-06:00 c0-0c1s1n1 BIOS-e820: 00000000ff000000 - 0000000100000000 (reserved)
2015-02-13T13:19:36.498304-06:00 c0-0c1s1n1 BIOS-e820: 0000000100000000 - 0000001080000000 (usable)
2015-02-13T13:19:36.498448-06:00 c0-0c1s1n1 bootconsole [earlyser0] enabled
2015-02-13T13:19:36.523264-06:00 c0-0c1s1n1 NX (Execute Disable) protection: active
2015-02-13T13:19:36.523481-06:00 c0-0c1s1n1 EFI v2.10 by American Megatrends
2015-02-13T13:19:36.523783-06:00 c0-0c1s1n1 ACPI=0x7f395000  ACPI 2.0=0x7f395000  SMBIOS=0xf04c0  MPS=0xfd450 
2015-02-13T13:19:36.548594-06:00 c0-0c1s1n1 EFI: mem00: type=3, attr=0xf, range=[0x0000000000000000-0x0000000000008000) (0MB)
2015-02-13T13:19:36.548864-06:00 c0-0c1s1n1 EFI: mem01: type=7, attr=0xf, range=[0x0000000000008000-0x0000000000060000) (0MB)
2015-02-13T13:19:36.573608-06:00 c0-0c1s1n1 EFI: mem02: type=3, attr=0xf, range=[0x0000000000060000-0x00000000000a0000) (0MB)
2015-02-13T13:19:36.598801-06:00 c0-0c1s1n1 EFI: mem03: type=7, attr=0xf, range=[0x0000000000100000-0x0000000001000000) (15MB)
2015-02-13T13:19:36.599108-06:00 c0-0c1s1n1 EFI: mem04: type=2, attr=0xf, range=[0x0000000001000000-0x0000000001100000) (1MB)
2015-02-13T13:19:36.624072-06:00 c0-0c1s1n1 EFI: mem05: type=4, attr=0xf, range=[0x0000000001100000-0x00000000017ea000) (6MB)
2015-02-13T13:19:36.624348-06:00 c0-0c1s1n1 EFI: mem06: type=3, attr=0xf, range=[0x00000000017ea000-0x00000000017ee000) (0MB)
2015-02-13T13:19:36.649347-06:00 c0-0c1s1n1 EFI: mem07: type=4, attr=0xf, range=[0x00000000017ee000-0x0000000001886000) (0MB)
2015-02-13T13:19:36.649559-06:00 c0-0c1s1n1 EFI: mem08: type=3, attr=0xf, range=[0x0000000001886000-0x000000000188f000) (0MB)
2015-02-13T13:19:36.674615-06:00 c0-0c1s1n1 EFI: mem09: type=4, attr=0xf, range=[0x000000000188f000-0x0000000001892000) (0MB)
2015-02-13T13:19:36.674897-06:00 c0-0c1s1n1 EFI: mem10: type=3, attr=0xf, range=[0x0000000001892000-0x000000000189e000) (0MB)
2015-02-13T13:19:36.675112-06:00 c0-0c1s1n1 EFI: mem11: type=4, attr=0xf, range=[0x000000000189e000-0x00000000018a9000) (0MB)
2015-02-13T13:19:36.700054-06:00 c0-0c1s1n1 EFI: mem12: type=3, attr=0xf, range=[0x00000000018a9000-0x00000000018ab000) (0MB)
2015-02-13T13:19:36.740286-06:00 c0-0c1s1n1 EFI: mem13: type=4, attr=0xf, range=[0x00000000018ab000-0x00000000018ad000) (0MB)
2015-02-13T13:19:36.740400-06:00 c0-0c1s1n1 EFI: mem14: type=3, attr=0xf, range=[0x00000000018ad000-0x00000000018af000) (0MB)
2015-02-13T13:19:36.780140-06:00 c0-0c1s1n1 EFI: mem15: type=4, attr=0xf, range=[0x00000000018af000-0x00000000018b7000) (0MB)
2015-02-13T13:19:36.780314-06:00 c0-0c1s1n1 EFI: mem16: type=3, attr=0xf, range=[0x00000000018b7000-0x00000000018bb000) (0MB)
2015-02-13T13:19:36.780486-06:00 c0-0c1s1n1 EFI: mem17: type=4, attr=0xf, range=[0x00000000018bb000-0x00000000018bd000) (0MB)
2015-02-13T13:19:36.780629-06:00 c0-0c1s1n1 EFI: mem18: type=3, attr=0xf, range=[0x00000000018bd000-0x00000000018bf000) (0MB)
2015-02-13T13:19:36.780805-06:00 c0-0c1s1n1 EFI: mem19: type=4, attr=0xf, range=[0x00000000018bf000-0x00000000018d1000) (0MB)
2015-02-13T13:19:36.820239-06:00 c0-0c1s1n1 EFI: mem20: type=3, attr=0xf, range=[0x00000000018d1000-0x00000000018d7000) (0MB)
2015-02-13T13:19:36.820389-06:00 c0-0c1s1n1 EFI: mem21: type=4, attr=0xf, range=[0x00000000018d7000-0x00000000018f9000) (0MB)
2015-02-13T13:19:36.826259-06:00 c0-0c1s1n1 EFI: mem22: type=3, attr=0xf, range=[0x00000000018f9000-0x0000000001908000) (0MB)
2015-02-13T13:19:36.826459-06:00 c0-0c1s1n1 EFI: mem23: type=4, attr=0xf, range=[0x0000000001908000-0x0000000001921000) (0MB)
2015-02-13T13:19:36.851553-06:00 c0-0c1s1n1 EFI: mem24: type=3, attr=0xf, range=[0x0000000001921000-0x000000000192b000) (0MB)
2015-02-13T13:19:36.888899-06:00 c0-0c1s1n1 EFI: mem25: type=4, attr=0xf, range=[0x000000000192b000-0x0000000001933000) (0MB)
2015-02-13T13:19:36.889115-06:00 c0-0c1s1n1 EFI: mem26: type=3, attr=0xf, range=[0x0000000001933000-0x0000000001936000) (0MB)
2015-02-13T13:19:36.889340-06:00 c0-0c1s1n1 EFI: mem27: type=4, attr=0xf, range=[0x0000000001936000-0x000000000193b000) (0MB)
2015-02-13T13:19:36.928930-06:00 c0-0c1s1n1 EFI: mem28: type=3, attr=0xf, range=[0x000000000193b000-0x000000000193e000) (0MB)
2015-02-13T13:19:36.929139-06:00 c0-0c1s1n1 EFI: mem29: type=4, attr=0xf, range=[0x000000000193e000-0x0000000001964000) (0MB)
2015-02-13T13:19:36.929368-06:00 c0-0c1s1n1 EFI: mem30: type=3, attr=0xf, range=[0x0000000001964000-0x0000000001968000) (0MB)
2015-02-13T13:19:36.968722-06:00 c0-0c1s1n1 EFI: mem31: type=4, attr=0xf, range=[0x0000000001968000-0x000000000198a000) (0MB)
2015-02-13T13:19:36.968961-06:00 c0-0c1s1n1 EFI: mem32: type=3, attr=0xf, range=[0x000000000198a000-0x00000000019b0000) (0MB)
2015-02-13T13:19:36.977709-06:00 c0-0c1s1n1 EFI: mem33: type=4, attr=0xf, range=[0x00000000019b0000-0x00000000019be000) (0MB)
2015-02-13T13:19:36.977927-06:00 c0-0c1s1n1 EFI: mem34: type=3, attr=0xf, range=[0x00000000019be000-0x00000000019ce000) (0MB)
2015-02-13T13:19:37.002910-06:00 c0-0c1s1n1 EFI: mem35: type=4, attr=0xf, range=[0x00000000019ce000-0x00000000019d0000) (0MB)
2015-02-13T13:19:37.003162-06:00 c0-0c1s1n1 EFI: mem36: type=3, attr=0xf, range=[0x00000000019d0000-0x00000000019d7000) (0MB)
2015-02-13T13:19:37.003367-06:00 c0-0c1s1n1 EFI: mem37: type=4, attr=0xf, range=[0x00000000019d7000-0x00000000019e1000) (0MB)
2015-02-13T13:19:37.028265-06:00 c0-0c1s1n1 EFI: mem38: type=3, attr=0xf, range=[0x00000000019e1000-0x00000000019e5000) (0MB)
2015-02-13T13:19:37.028495-06:00 c0-0c1s1n1 EFI: mem39: type=4, attr=0xf, range=[0x00000000019e5000-0x0000000001a02000) (0MB)
2015-02-13T13:19:37.053447-06:00 c0-0c1s1n1 EFI: mem40: type=3, attr=0xf, range=[0x0000000001a02000-0x0000000001a06000) (0MB)
2015-02-13T13:19:37.053654-06:00 c0-0c1s1n1 EFI: mem41: type=4, attr=0xf, range=[0x0000000001a06000-0x0000000001a0a000) (0MB)
2015-02-13T13:19:37.078782-06:00 c0-0c1s1n1 EFI: mem42: type=3, attr=0xf, range=[0x0000000001a0a000-0x0000000001a1e000) (0MB)
2015-02-13T13:19:37.078982-06:00 c0-0c1s1n1 EFI: mem43: type=4, attr=0xf, range=[0x0000000001a1e000-0x0000000001a22000) (0MB)
2015-02-13T13:19:37.103967-06:00 c0-0c1s1n1 EFI: mem44: type=3, attr=0xf, range=[0x0000000001a22000-0x0000000001a26000) (0MB)
2015-02-13T13:19:37.104187-06:00 c0-0c1s1n1 EFI: mem45: type=4, attr=0xf, range=[0x0000000001a26000-0x0000000001a34000) (0MB)
2015-02-13T13:19:37.129191-06:00 c0-0c1s1n1 EFI: mem46: type=3, attr=0xf, range=[0x0000000001a34000-0x0000000001a3b000) (0MB)
2015-02-13T13:19:37.129383-06:00 c0-0c1s1n1 EFI: mem47: type=4, attr=0xf, range=[0x0000000001a3b000-0x0000000001a42000) (0MB)
2015-02-13T13:19:37.154384-06:00 c0-0c1s1n1 EFI: mem48: type=3, attr=0xf, range=[0x0000000001a42000-0x0000000001a4a000) (0MB)
2015-02-13T13:19:37.154614-06:00 c0-0c1s1n1 EFI: mem49: type=4, attr=0xf, range=[0x0000000001a4a000-0x0000000001a4b000) (0MB)
2015-02-13T13:19:37.179651-06:00 c0-0c1s1n1 EFI: mem50: type=3, attr=0xf, range=[0x0000000001a4b000-0x0000000001a4d000) (0MB)
2015-02-13T13:19:37.216809-06:00 c0-0c1s1n1 EFI: mem51: type=4, attr=0xf, range=[0x0000000001a4d000-0x0000000001a52000) (0MB)
2015-02-13T13:19:37.217023-06:00 c0-0c1s1n1 EFI: mem52: type=3, attr=0xf, range=[0x0000000001a52000-0x0000000001a69000) (0MB)
2015-02-13T13:19:37.217233-06:00 c0-0c1s1n1 EFI: mem53: type=4, attr=0xf, range=[0x0000000001a69000-0x0000000001a6f000) (0MB)
2015-02-13T13:19:37.256856-06:00 c0-0c1s1n1 EFI: mem54: type=3, attr=0xf, range=[0x0000000001a6f000-0x0000000001a70000) (0MB)
2015-02-13T13:19:37.257077-06:00 c0-0c1s1n1 EFI: mem55: type=4, attr=0xf, range=[0x0000000001a70000-0x0000000001a71000) (0MB)
2015-02-13T13:19:37.257258-06:00 c0-0c1s1n1 EFI: mem56: type=3, attr=0xf, range=[0x0000000001a71000-0x0000000001a79000) (0MB)
2015-02-13T13:19:37.257472-06:00 c0-0c1s1n1 EFI: mem57: type=4, attr=0xf, range=[0x0000000001a79000-0x0000000001a7a000) (0MB)
2015-02-13T13:19:37.296809-06:00 c0-0c1s1n1 EFI: mem58: type=3, attr=0xf, range=[0x0000000001a7a000-0x0000000001a83000) (0MB)
2015-02-13T13:19:37.297030-06:00 c0-0c1s1n1 EFI: mem59: type=4, attr=0xf, range=[0x0000000001a83000-0x0000000001a85000) (0MB)
2015-02-13T13:19:37.305917-06:00 c0-0c1s1n1 EFI: mem60: type=3, attr=0xf, range=[0x0000000001a85000-0x0000000001abe000) (0MB)
2015-02-13T13:19:37.306154-06:00 c0-0c1s1n1 EFI: mem61: type=4, attr=0xf, range=[0x0000000001abe000-0x0000000001abf000) (0MB)
2015-02-13T13:19:37.331115-06:00 c0-0c1s1n1 EFI: mem62: type=3, attr=0xf, range=[0x0000000001abf000-0x0000000001acc000) (0MB)
2015-02-13T13:19:37.331329-06:00 c0-0c1s1n1 EFI: mem63: type=4, attr=0xf, range=[0x0000000001acc000-0x0000000001ad7000) (0MB)
2015-02-13T13:19:37.356359-06:00 c0-0c1s1n1 EFI: mem64: type=3, attr=0xf, range=[0x0000000001ad7000-0x0000000001adc000) (0MB)
2015-02-13T13:19:37.356582-06:00 c0-0c1s1n1 EFI: mem65: type=4, attr=0xf, range=[0x0000000001adc000-0x0000000001b60000) (0MB)
2015-02-13T13:19:37.381638-06:00 c0-0c1s1n1 EFI: mem66: type=3, attr=0xf, range=[0x0000000001b60000-0x0000000001b7c000) (0MB)
2015-02-13T13:19:37.420735-06:00 c0-0c1s1n1 EFI: mem67: type=4, attr=0xf, range=[0x0000000001b7c000-0x0000000001b84000) (0MB)
2015-02-13T13:19:37.420944-06:00 c0-0c1s1n1 EFI: mem68: type=3, attr=0xf, range=[0x0000000001b84000-0x0000000001b9c000) (0MB)
2015-02-13T13:19:37.421167-06:00 c0-0c1s1n1 EFI: mem69: type=4, attr=0xf, range=[0x0000000001b9c000-0x000000000b210000) (150MB)
2015-02-13T13:19:37.460728-06:00 c0-0c1s1n1 EFI: mem70: type=3, attr=0xf, range=[0x000000000b210000-0x000000000b216000) (0MB)
2015-02-13T13:19:37.460958-06:00 c0-0c1s1n1 EFI: mem71: type=4, attr=0xf, range=[0x000000000b216000-0x000000000b21f000) (0MB)
2015-02-13T13:19:37.461167-06:00 c0-0c1s1n1 EFI: mem72: type=3, attr=0xf, range=[0x000000000b21f000-0x000000000b235000) (0MB)
2015-02-13T13:19:37.461372-06:00 c0-0c1s1n1 EFI: mem73: type=4, attr=0xf, range=[0x000000000b235000-0x000000000b23b000) (0MB)
2015-02-13T13:19:37.461579-06:00 c0-0c1s1n1 EFI: mem74: type=3, attr=0xf, range=[0x000000000b23b000-0x000000000b23e000) (0MB)
2015-02-13T13:19:37.500922-06:00 c0-0c1s1n1 EFI: mem75: type=4, attr=0xf, range=[0x000000000b23e000-0x000000000b242000) (0MB)
2015-02-13T13:19:37.501131-06:00 c0-0c1s1n1 EFI: mem76: type=3, attr=0xf, range=[0x000000000b242000-0x000000000b249000) (0MB)
2015-02-13T13:19:37.508047-06:00 c0-0c1s1n1 EFI: mem77: type=4, attr=0xf, range=[0x000000000b249000-0x000000000b24c000) (0MB)
2015-02-13T13:19:37.533060-06:00 c0-0c1s1n1 EFI: mem78: type=3, attr=0xf, range=[0x000000000b24c000-0x000000000b254000) (0MB)
2015-02-13T13:19:37.533362-06:00 c0-0c1s1n1 EFI: mem79: type=4, attr=0xf, range=[0x000000000b254000-0x000000000b27a000) (0MB)
2015-02-13T13:19:37.572210-06:00 c0-0c1s1n1 EFI: mem80: type=3, attr=0xf, range=[0x000000000b27a000-0x000000000b27e000) (0MB)
2015-02-13T13:19:37.572445-06:00 c0-0c1s1n1 EFI: mem81: type=4, attr=0xf, range=[0x000000000b27e000-0x000000000b282000) (0MB)
2015-02-13T13:19:37.612764-06:00 c0-0c1s1n1 EFI: mem82: type=3, attr=0xf, range=[0x000000000b282000-0x000000000b286000) (0MB)
2015-02-13T13:19:37.612998-06:00 c0-0c1s1n1 EFI: mem83: type=4, attr=0xf, range=[0x000000000b286000-0x000000000b290000) (0MB)
2015-02-13T13:19:37.613231-06:00 c0-0c1s1n1 EFI: mem84: type=3, attr=0xf, range=[0x000000000b290000-0x000000000b2d3000) (0MB)
2015-02-13T13:19:37.613442-06:00 c0-0c1s1n1 EFI: mem85: type=4, attr=0xf, range=[0x000000000b2d3000-0x000000000b2df000) (0MB)
2015-02-13T13:19:37.652745-06:00 c0-0c1s1n1 EFI: mem86: type=3, attr=0xf, range=[0x000000000b2df000-0x000000000b2e9000) (0MB)
2015-02-13T13:19:37.653019-06:00 c0-0c1s1n1 EFI: mem87: type=4, attr=0xf, range=[0x000000000b2e9000-0x000000000b2f8000) (0MB)
2015-02-13T13:19:37.659431-06:00 c0-0c1s1n1 EFI: mem88: type=3, attr=0xf, range=[0x000000000b2f8000-0x000000000b2fc000) (0MB)
2015-02-13T13:19:37.659724-06:00 c0-0c1s1n1 EFI: mem89: type=4, attr=0xf, range=[0x000000000b2fc000-0x000000000b2fd000) (0MB)
2015-02-13T13:19:37.684754-06:00 c0-0c1s1n1 EFI: mem90: type=3, attr=0xf, range=[0x000000000b2fd000-0x000000000b302000) (0MB)
2015-02-13T13:19:37.685024-06:00 c0-0c1s1n1 EFI: mem91: type=4, attr=0xf, range=[0x000000000b302000-0x000000000b30b000) (0MB)
2015-02-13T13:19:37.709885-06:00 c0-0c1s1n1 EFI: mem92: type=3, attr=0xf, range=[0x000000000b30b000-0x000000000b343000) (0MB)
2015-02-13T13:19:37.710125-06:00 c0-0c1s1n1 EFI: mem93: type=4, attr=0xf, range=[0x000000000b343000-0x000000000b34a000) (0MB)
2015-02-13T13:19:37.735273-06:00 c0-0c1s1n1 EFI: mem94: type=3, attr=0xf, range=[0x000000000b34a000-0x000000000b351000) (0MB)
2015-02-13T13:19:37.735499-06:00 c0-0c1s1n1 EFI: mem95: type=4, attr=0xf, range=[0x000000000b351000-0x000000000b359000) (0MB)
2015-02-13T13:19:37.760388-06:00 c0-0c1s1n1 EFI: mem96: type=3, attr=0xf, range=[0x000000000b359000-0x000000000b35d000) (0MB)
2015-02-13T13:19:37.760614-06:00 c0-0c1s1n1 EFI: mem97: type=4, attr=0xf, range=[0x000000000b35d000-0x000000000b365000) (0MB)
2015-02-13T13:19:37.760766-06:00 c0-0c1s1n1 EFI: mem98: type=3, attr=0xf, range=[0x000000000b365000-0x000000000b369000) (0MB)
2015-02-13T13:19:37.800904-06:00 c0-0c1s1n1 EFI: mem99: type=4, attr=0xf, range=[0x000000000b369000-0x000000000b36d000) (0MB)
2015-02-13T13:19:37.840795-06:00 c0-0c1s1n1 EFI: mem100: type=3, attr=0xf, range=[0x000000000b36d000-0x000000000b371000) (0MB)
2015-02-13T13:19:37.840993-06:00 c0-0c1s1n1 EFI: mem101: type=4, attr=0xf, range=[0x000000000b371000-0x000000000b385000) (0MB)
2015-02-13T13:19:37.841231-06:00 c0-0c1s1n1 EFI: mem102: type=3, attr=0xf, range=[0x000000000b385000-0x000000000b38b000) (0MB)
2015-02-13T13:19:37.841403-06:00 c0-0c1s1n1 EFI: mem103: type=4, attr=0xf, range=[0x000000000b38b000-0x000000000b3ad000) (0MB)
2015-02-13T13:19:37.880802-06:00 c0-0c1s1n1 EFI: mem104: type=3, attr=0xf, range=[0x000000000b3ad000-0x000000000b3b7000) (0MB)
2015-02-13T13:19:37.880984-06:00 c0-0c1s1n1 EFI: mem105: type=4, attr=0xf, range=[0x000000000b3b7000-0x000000000b3b8000) (0MB)
2015-02-13T13:19:37.886649-06:00 c0-0c1s1n1 EFI: mem106: type=3, attr=0xf, range=[0x000000000b3b8000-0x000000000b3ca000) (0MB)
2015-02-13T13:19:37.886880-06:00 c0-0c1s1n1 EFI: mem107: type=4, attr=0xf, range=[0x000000000b3ca000-0x000000000b3cd000) (0MB)
2015-02-13T13:19:37.911951-06:00 c0-0c1s1n1 EFI: mem108: type=3, attr=0xf, range=[0x000000000b3cd000-0x000000000b3d8000) (0MB)
2015-02-13T13:19:37.912226-06:00 c0-0c1s1n1 EFI: mem109: type=4, attr=0xf, range=[0x000000000b3d8000-0x000000000b474000) (0MB)
2015-02-13T13:19:37.937216-06:00 c0-0c1s1n1 EFI: mem110: type=3, attr=0xf, range=[0x000000000b474000-0x000000000b47b000) (0MB)
2015-02-13T13:19:37.937481-06:00 c0-0c1s1n1 EFI: mem111: type=4, attr=0xf, range=[0x000000000b47b000-0x000000000b48a000) (0MB)
