2015-02-12T15:28:37.382545-06:00 c0-0c1s3n0 ERROR: Type:2; Severity:80; Class:3; Subclass:D; Operation: 2
2015-02-12T15:39:08.976869-06:00 c0-0c1s3n0 Wait4Boot: WRITE: 523 bytes to memory @ 0x90CD0 ... complete
2015-02-12T15:39:08.976877-06:00 c0-0c1s3n0 Wait4Boot: Blade Controller Boot Protocol version - 1
2015-02-12T15:39:08.976882-06:00 c0-0c1s3n0 Wait4Boot: JUMP: KernelStart 0x100000, boot_params 0x90000, CmdLineAddr 0x90CD0
2015-02-12T15:39:08.976891-06:00 c0-0c1s3n0 OnExitBootServices..
2015-02-12T15:39:09.013799-06:00 c0-0c1s3n0 ConfigureXhciAtBoot() Start
2015-02-12T15:39:09.013973-06:00 c0-0c1s3n0 ConfigureXhciAtBoot() End
2015-02-12T15:39:09.014178-06:00 c0-0c1s3n0 (Wdt) RunWdtBeforeOsBoot
2015-02-12T15:39:09.014348-06:00 c0-0c1s3n0 (Wdt) DisableTimer
2015-02-12T15:39:12.032271-06:00 c0-0c1s3n0 Crypto Lib Callback.
2015-02-12T15:39:12.032648-06:00 c0-0c1s3n0 Heap addr before Virtual MemFixup = 7bacb018, After = 7bacb018
2015-02-12T15:39:12.057425-06:00 c0-0c1s3n0 NvramSmi Go Virtual
2015-02-12T15:39:12.184101-06:00 c0-0c1s3n0 Stopping all external HCs
2015-02-12T15:39:12.184311-06:00 c0-0c1s3n0 stopping all HC type 40:
2015-02-12T15:39:21.662164-06:00 c0-0c1s3n0 i8042: No controller found
2015-02-12T15:39:25.800774-06:00 c0-0c1s3n0 Sending ec_node_info with boot code 0 (NODE_INFO_OS_BOOT) for nid 76
2015-02-12T15:39:25.800782-06:00 c0-0c1s3n0 net.core.rmem_max = 16777216
2015-02-12T15:39:25.800788-06:00 c0-0c1s3n0 net.core.wmem_max = 16777216
2015-02-12T15:39:25.800793-06:00 c0-0c1s3n0 net.core.rmem_default = 16777216
2015-02-12T15:39:25.800807-06:00 c0-0c1s3n0 net.core.wmem_default = 16777216
2015-02-12T15:39:25.800817-06:00 c0-0c1s3n0 net.core.optmem_max = 16777216
2015-02-12T15:39:25.800823-06:00 c0-0c1s3n0 net.ipv4.tcp_mem = 16777216 16777216 16777216
2015-02-12T15:39:25.800848-06:00 c0-0c1s3n0 net.ipv4.tcp_rmem = 4096 87380 16777216
2015-02-12T15:39:25.800858-06:00 c0-0c1s3n0 net.ipv4.tcp_wmem = 4096 65536 16777216
2015-02-12T15:39:25.800864-06:00 c0-0c1s3n0 nid 76: Linux version 3.0.101-0.31.1_1.0502.8394-cray_ari_c (abuild@cfosbld02) (gcc version 4.3.4 [gcc-4_3-branch revision 152973] (SUSE Linux) ) #1 SMP Wed Sep 10 04:09:26 UTC 2014
2015-02-12T15:39:25.800874-06:00 c0-0c1s3n0 starting pid 6925, tty '': 'PATH3974'
2015-02-12T15:39:25.800882-06:00 c0-0c1s3n0 bpmcd_init: Power statistics available in PATH1240
2015-02-12T15:39:25.800890-06:00 c0-0c1s3n0 DVS: Revision 1873 - Built: Sep 17 2014 @ 06:40:25 for lnet version 2.5
2015-02-12T15:39:25.800899-06:00 c0-0c1s3n0 LNet: HW CPU cores: 64, npartitions: 8
2015-02-12T15:39:28.999122-06:00 c0-0c1s3n0 Lustre: kgnilnd build version: 2.5-trunk-1.0502.17198.8.57-abuild-RB-5.2UP02_2.5.1-2014-09-17-06:43
2015-02-12T15:39:29.126325-06:00 c0-0c1s3n0 LNet: Added LNI 76@gni [PATH4853]
2015-02-12T15:39:45.131534-06:00 c0-0c1s3n0 mcelog: Family 6 Model 3f CPU: only decoding architectural errors
2015-02-12T15:39:45.157280-06:00 c0-0c1s3n0 SGI XPMEM kernel module v2.2 loaded
2015-02-12T15:39:45.157495-06:00 c0-0c1s3n0 <node_health> (xtnhd) xtnhd has started
2015-02-12T15:39:45.457701-06:00 c0-0c1s3n0 boot_freemem data calculated:  130108880
2015-02-12T15:28:41.323663-06:00 c0-0c0s9n2 ERROR: Type:2; Severity:80; Class:3; Subclass:D; Operation: 2
2015-02-12T15:39:08.977713-06:00 c0-0c0s9n2 Wait4Boot: WRITE: 523 bytes to memory @ 0x90CD0 ... complete
2015-02-12T15:39:08.977721-06:00 c0-0c0s9n2 Wait4Boot: Blade Controller Boot Protocol version - 1
2015-02-12T15:39:08.977729-06:00 c0-0c0s9n2 Wait4Boot: JUMP: KernelStart 0x100000, boot_params 0x90000, CmdLineAddr 0x90CD0
2015-02-12T15:39:08.977739-06:00 c0-0c0s9n2 OnExitBootServices..
2015-02-12T15:39:09.016160-06:00 c0-0c0s9n2 ConfigureXhciAtBoot() Start
2015-02-12T15:39:09.039004-06:00 c0-0c0s9n2 ConfigureXhciAtBoot() End
2015-02-12T15:39:09.040135-06:00 c0-0c0s9n2 (Wdt) RunWdtBeforeOsBoot
2015-02-12T15:39:09.040461-06:00 c0-0c0s9n2 (Wdt) DisableTimer
2015-02-12T15:39:12.083212-06:00 c0-0c0s9n2 Crypto Lib Callback.
2015-02-12T15:39:12.108256-06:00 c0-0c0s9n2 Heap addr before Virtual MemFixup = 7bacb018, After = 7bacb018
2015-02-12T15:39:12.108351-06:00 c0-0c0s9n2 NvramSmi Go Virtual
2015-02-12T15:39:12.259764-06:00 c0-0c0s9n2 Stopping all external HCs
2015-02-12T15:39:12.260052-06:00 c0-0c0s9n2 stopping all HC type 40:
2015-02-12T15:39:21.712422-06:00 c0-0c0s9n2 i8042: No controller found
2015-02-12T15:39:25.886455-06:00 c0-0c0s9n2 Sending ec_node_info with boot code 0 (NODE_INFO_OS_BOOT) for nid 38
2015-02-12T15:39:25.886470-06:00 c0-0c0s9n2 net.core.rmem_max = 16777216
2015-02-12T15:39:25.886492-06:00 c0-0c0s9n2 net.core.wmem_max = 16777216
2015-02-12T15:39:25.886502-06:00 c0-0c0s9n2 net.core.rmem_default = 16777216
2015-02-12T15:39:25.886508-06:00 c0-0c0s9n2 net.core.wmem_default = 16777216
2015-02-12T15:39:25.886521-06:00 c0-0c0s9n2 net.core.optmem_max = 16777216
2015-02-12T15:39:25.886530-06:00 c0-0c0s9n2 net.ipv4.tcp_mem = 16777216 16777216 16777216
2015-02-12T15:39:25.886555-06:00 c0-0c0s9n2 net.ipv4.tcp_rmem = 4096 87380 16777216
2015-02-12T15:39:25.886564-06:00 c0-0c0s9n2 net.ipv4.tcp_wmem = 4096 65536 16777216
2015-02-12T15:39:25.886571-06:00 c0-0c0s9n2 nid 38: Linux version 3.0.101-0.31.1_1.0502.8394-cray_ari_c (abuild@cfosbld02) (gcc version 4.3.4 [gcc-4_3-branch revision 152973] (SUSE Linux) ) #1 SMP Wed Sep 10 04:09:26 UTC 2014
2015-02-12T15:39:25.886580-06:00 c0-0c0s9n2 starting pid 6923, tty '': 'PATH3974'
2015-02-12T15:39:25.886590-06:00 c0-0c0s9n2 bpmcd_init: Power statistics available in PATH1240
2015-02-12T15:39:25.886601-06:00 c0-0c0s9n2 DVS: Revision 1873 - Built: Sep 17 2014 @ 06:40:25 for lnet version 2.5
2015-02-12T15:39:25.886625-06:00 c0-0c0s9n2 LNet: HW CPU cores: 64, npartitions: 8
2015-02-12T15:39:30.584752-06:00 c0-0c0s9n2 Lustre: kgnilnd build version: 2.5-trunk-1.0502.17198.8.57-abuild-RB-5.2UP02_2.5.1-2014-09-17-06:43
2015-02-12T15:39:30.739581-06:00 c0-0c0s9n2 LNet: Added LNI 38@gni [PATH4853]
2015-02-12T15:39:46.764850-06:00 c0-0c0s9n2 mcelog: Family 6 Model 3f CPU: only decoding architectural errors
2015-02-12T15:39:46.790549-06:00 c0-0c0s9n2 SGI XPMEM kernel module v2.2 loaded
2015-02-12T15:39:46.790571-06:00 c0-0c0s9n2 <node_health> (xtnhd) xtnhd has started
2015-02-12T15:39:47.413873-06:00 c0-0c0s9n2 boot_freemem data calculated:  130104200
2015-02-12T15:28:41.323559-06:00 c0-0c1s9n2 ERROR: Type:2; Severity:80; Class:3; Subclass:D; Operation: 2
2015-02-12T15:39:08.937660-06:00 c0-0c1s9n2 Wait4Boot: WRITE: 523 bytes to memory @ 0x90CD0 ... complete
2015-02-12T15:39:08.937671-06:00 c0-0c1s9n2 Wait4Boot: Blade Controller Boot Protocol version - 1
2015-02-12T15:39:08.937679-06:00 c0-0c1s9n2 Wait4Boot: JUMP: KernelStart 0x100000, boot_params 0x90000, CmdLineAddr 0x90CD0
2015-02-12T15:39:08.937686-06:00 c0-0c1s9n2 OnExitBootServices..
2015-02-12T15:39:09.015888-06:00 c0-0c1s9n2 ConfigureXhciAtBoot() Start
2015-02-12T15:39:09.016092-06:00 c0-0c1s9n2 ConfigureXhciAtBoot() End
2015-02-12T15:39:09.040148-06:00 c0-0c1s9n2 (Wdt) RunWdtBeforeOsBoot
2015-02-12T15:39:09.040160-06:00 c0-0c1s9n2 (Wdt) DisableTimer
2015-02-12T15:39:12.083172-06:00 c0-0c1s9n2 Crypto Lib Callback.
2015-02-12T15:39:12.108117-06:00 c0-0c1s9n2 Heap addr before Virtual MemFixup = 7bacb018, After = 7bacb018
2015-02-12T15:39:12.108327-06:00 c0-0c1s9n2 NvramSmi Go Virtual
2015-02-12T15:39:12.259724-06:00 c0-0c1s9n2 Stopping all external HCs
2015-02-12T15:39:12.259901-06:00 c0-0c1s9n2 stopping all HC type 40:
2015-02-12T15:39:21.737723-06:00 c0-0c1s9n2 i8042: No controller found
2015-02-12T15:39:25.810660-06:00 c0-0c1s9n2 Sending ec_node_info with boot code 0 (NODE_INFO_OS_BOOT) for nid 102
2015-02-12T15:39:25.810669-06:00 c0-0c1s9n2 net.core.rmem_max = 16777216
2015-02-12T15:39:25.810676-06:00 c0-0c1s9n2 net.core.wmem_max = 16777216
2015-02-12T15:39:25.810689-06:00 c0-0c1s9n2 net.core.rmem_default = 16777216
2015-02-12T15:39:25.810696-06:00 c0-0c1s9n2 net.core.wmem_default = 16777216
2015-02-12T15:39:25.810701-06:00 c0-0c1s9n2 net.core.optmem_max = 16777216
2015-02-12T15:39:25.810712-06:00 c0-0c1s9n2 net.ipv4.tcp_mem = 16777216 16777216 16777216
2015-02-12T15:39:25.810724-06:00 c0-0c1s9n2 net.ipv4.tcp_rmem = 4096 87380 16777216
2015-02-12T15:39:25.810733-06:00 c0-0c1s9n2 net.ipv4.tcp_wmem = 4096 65536 16777216
2015-02-12T15:39:25.810747-06:00 c0-0c1s9n2 nid 102: Linux version 3.0.101-0.31.1_1.0502.8394-cray_ari_c (abuild@cfosbld02) (gcc version 4.3.4 [gcc-4_3-branch revision 152973] (SUSE Linux) ) #1 SMP Wed Sep 10 04:09:26 UTC 2014
2015-02-12T15:39:25.810757-06:00 c0-0c1s9n2 starting pid 6922, tty '': 'PATH3974'
2015-02-12T15:39:25.810767-06:00 c0-0c1s9n2 bpmcd_init: Power statistics available in PATH1240
2015-02-12T15:39:25.810777-06:00 c0-0c1s9n2 DVS: Revision 1873 - Built: Sep 17 2014 @ 06:40:25 for lnet version 2.5
2015-02-12T15:39:25.810783-06:00 c0-0c1s9n2 LNet: HW CPU cores: 64, npartitions: 8
2015-02-12T15:39:30.488601-06:00 c0-0c1s9n2 Lustre: kgnilnd build version: 2.5-trunk-1.0502.17198.8.57-abuild-RB-5.2UP02_2.5.1-2014-09-17-06:43
2015-02-12T15:39:30.638583-06:00 c0-0c1s9n2 LNet: Added LNI 102@gni [PATH4853]
2015-02-12T15:39:46.662573-06:00 c0-0c1s9n2 mcelog: Family 6 Model 3f CPU: only decoding architectural errors
2015-02-12T15:39:46.688360-06:00 c0-0c1s9n2 SGI XPMEM kernel module v2.2 loaded
2015-02-12T15:39:46.688387-06:00 c0-0c1s9n2 <node_health> (xtnhd) xtnhd has started
2015-02-12T15:39:46.909529-06:00 c0-0c1s9n2 boot_freemem data calculated:  130105644
2015-02-12T15:28:37.759664-06:00 c0-0c1s0n2 ERROR: Type:2; Severity:80; Class:3; Subclass:D; Operation: 2
2015-02-12T15:37:08.053164-06:00 c0-0c1s0n2 Wait4Boot: WRITE: 533 bytes to memory @ 0x90CD0 ... complete
2015-02-12T15:37:08.053215-06:00 c0-0c1s0n2 Wait4Boot: Blade Controller Boot Protocol version - 1
2015-02-12T15:37:08.102985-06:00 c0-0c1s0n2 Wait4Boot: JUMP: KernelStart 0x100000, boot_params 0x90000, CmdLineAddr 0x90CD0
2015-02-12T15:37:08.230700-06:00 c0-0c1s0n2 Decompressing Linux... Parsing ELF... done.
2015-02-12T15:37:08.230763-06:00 c0-0c1s0n2 Booting the kernel.
2015-02-12T15:37:08.230820-06:00 c0-0c1s0n2 Initializing cgroup subsys cpuset
2015-02-12T15:37:08.255611-06:00 c0-0c1s0n2 Initializing cgroup subsys cpu
2015-02-12T15:37:08.255873-06:00 c0-0c1s0n2 Linux version 3.0.101-0.31.1_1.0502.8394-cray_ari_s (abuild@cfosbld05) (gcc version 4.3.4 [gcc-4_3-branch revision 152973] (SUSE Linux) ) #1 SMP Wed Sep 10 04:03:41 UTC 2014
2015-02-12T15:37:08.333296-06:00 c0-0c1s0n2 Command line: earlyprintk=serial,115200 load_ramdisk=1 ramdisk_size=80000 console=ttyS0,115200n8 bootnodeip=IPADDR13 bootproto=ipog bootpath=PATH1220 rootfs=nfs-shared root=PATH1221 oops=panic bootifnetmask=IPADDR15 elevator=noop ippob1=10 ippob2=128 pcie_ports=native iommu=on intel_iommu=off bad_page=panic pln_enable=off apei_disable hest_disable erst_disable ghes_disable cgroup_disable=memory active_wlm=ALPS sdbnodeip=IPADDR16 sessionid=p0-20150212t152812 _cray=marker_ 
2015-02-12T15:37:08.372813-06:00 c0-0c1s0n2 KERNEL supported cpus:
2015-02-12T15:37:08.372896-06:00 c0-0c1s0n2  Intel GenuineIntel
2015-02-12T15:37:08.373124-06:00 c0-0c1s0n2 BIOS-provided physical RAM map:
2015-02-12T15:37:08.373346-06:00 c0-0c1s0n2 BIOS-e820: 0000000000000000 - 00000000000a0000 (usable)
2015-02-12T15:37:08.381904-06:00 c0-0c1s0n2 BIOS-e820: 0000000000100000 - 000000007e67c000 (usable)
2015-02-12T15:37:08.382085-06:00 c0-0c1s0n2 BIOS-e820: 000000007e67c000 - 000000007e790000 (ACPI NVS)
2015-02-12T15:37:08.420227-06:00 c0-0c1s0n2 BIOS-e820: 000000007e790000 - 000000007f395000 (reserved)
2015-02-12T15:37:08.420438-06:00 c0-0c1s0n2 BIOS-e820: 000000007f395000 - 000000007f410000 (ACPI data)
2015-02-12T15:37:08.420610-06:00 c0-0c1s0n2 BIOS-e820: 000000007f410000 - 000000007f491000 (reserved)
2015-02-12T15:37:08.460416-06:00 c0-0c1s0n2 BIOS-e820: 000000007f491000 - 000000007f493000 (usable)
2015-02-12T15:37:08.460736-06:00 c0-0c1s0n2 BIOS-e820: 000000007f493000 - 000000007f494000 (ACPI NVS)
2015-02-12T15:37:08.460945-06:00 c0-0c1s0n2 BIOS-e820: 000000007f494000 - 000000007f49e000 (reserved)
2015-02-12T15:37:08.461227-06:00 c0-0c1s0n2 BIOS-e820: 000000007f49e000 - 000000007f4a6000 (ACPI NVS)
2015-02-12T15:37:08.461453-06:00 c0-0c1s0n2 BIOS-e820: 000000007f4a6000 - 000000007f4d2000 (reserved)
2015-02-12T15:37:08.461623-06:00 c0-0c1s0n2 BIOS-e820: 000000007f4d2000 - 000000007f558000 (ACPI NVS)
2015-02-12T15:37:08.500429-06:00 c0-0c1s0n2 BIOS-e820: 000000007f558000 - 000000007f800000 (usable)
2015-02-12T15:37:08.500700-06:00 c0-0c1s0n2 BIOS-e820: 0000000080000000 - 0000000090000000 (reserved)
2015-02-12T15:37:08.508017-06:00 c0-0c1s0n2 BIOS-e820: 00000000fed1c000 - 00000000fed20000 (reserved)
2015-02-12T15:37:08.508391-06:00 c0-0c1s0n2 BIOS-e820: 00000000ff000000 - 0000000100000000 (reserved)
2015-02-12T15:37:08.508654-06:00 c0-0c1s0n2 BIOS-e820: 0000000100000000 - 0000001080000000 (usable)
2015-02-12T15:37:08.508792-06:00 c0-0c1s0n2 bootconsole [earlyser0] enabled
2015-02-12T15:37:08.533334-06:00 c0-0c1s0n2 NX (Execute Disable) protection: active
2015-02-12T15:37:08.533544-06:00 c0-0c1s0n2 EFI v2.10 by American Megatrends
2015-02-12T15:37:08.533799-06:00 c0-0c1s0n2 ACPI=0x7f395000  ACPI 2.0=0x7f395000  SMBIOS=0xf04c0  MPS=0xfd450 
2015-02-12T15:37:08.558682-06:00 c0-0c1s0n2 EFI: mem00: type=3, attr=0xf, range=[0x0000000000000000-0x0000000000008000) (0MB)
2015-02-12T15:37:08.558990-06:00 c0-0c1s0n2 EFI: mem01: type=7, attr=0xf, range=[0x0000000000008000-0x0000000000060000) (0MB)
2015-02-12T15:37:08.583934-06:00 c0-0c1s0n2 EFI: mem02: type=3, attr=0xf, range=[0x0000000000060000-0x00000000000a0000) (0MB)
2015-02-12T15:37:08.584184-06:00 c0-0c1s0n2 EFI: mem03: type=7, attr=0xf, range=[0x0000000000100000-0x0000000001000000) (15MB)
2015-02-12T15:37:08.609128-06:00 c0-0c1s0n2 EFI: mem04: type=2, attr=0xf, range=[0x0000000001000000-0x0000000001100000) (1MB)
2015-02-12T15:37:08.609408-06:00 c0-0c1s0n2 EFI: mem05: type=4, attr=0xf, range=[0x0000000001100000-0x00000000017ea000) (6MB)
2015-02-12T15:37:08.634327-06:00 c0-0c1s0n2 EFI: mem06: type=3, attr=0xf, range=[0x00000000017ea000-0x00000000017ee000) (0MB)
2015-02-12T15:37:08.634557-06:00 c0-0c1s0n2 EFI: mem07: type=4, attr=0xf, range=[0x00000000017ee000-0x0000000001886000) (0MB)
2015-02-12T15:37:08.659682-06:00 c0-0c1s0n2 EFI: mem08: type=3, attr=0xf, range=[0x0000000001886000-0x000000000188f000) (0MB)
2015-02-12T15:37:08.659933-06:00 c0-0c1s0n2 EFI: mem09: type=4, attr=0xf, range=[0x000000000188f000-0x0000000001892000) (0MB)
2015-02-12T15:37:08.684928-06:00 c0-0c1s0n2 EFI: mem10: type=3, attr=0xf, range=[0x0000000001892000-0x000000000189e000) (0MB)
2015-02-12T15:37:08.685159-06:00 c0-0c1s0n2 EFI: mem11: type=4, attr=0xf, range=[0x000000000189e000-0x00000000018a9000) (0MB)
2015-02-12T15:37:08.724546-06:00 c0-0c1s0n2 EFI: mem12: type=3, attr=0xf, range=[0x00000000018a9000-0x00000000018ab000) (0MB)
2015-02-12T15:37:08.764378-06:00 c0-0c1s0n2 EFI: mem13: type=4, attr=0xf, range=[0x00000000018ab000-0x00000000018ad000) (0MB)
2015-02-12T15:37:08.764682-06:00 c0-0c1s0n2 EFI: mem14: type=3, attr=0xf, range=[0x00000000018ad000-0x00000000018af000) (0MB)
2015-02-12T15:37:08.764993-06:00 c0-0c1s0n2 EFI: mem15: type=4, attr=0xf, range=[0x00000000018af000-0x00000000018b7000) (0MB)
2015-02-12T15:37:08.765211-06:00 c0-0c1s0n2 EFI: mem16: type=3, attr=0xf, range=[0x00000000018b7000-0x00000000018bb000) (0MB)
2015-02-12T15:37:08.804347-06:00 c0-0c1s0n2 EFI: mem17: type=4, attr=0xf, range=[0x00000000018bb000-0x00000000018bd000) (0MB)
2015-02-12T15:37:08.804607-06:00 c0-0c1s0n2 EFI: mem18: type=3, attr=0xf, range=[0x00000000018bd000-0x00000000018bf000) (0MB)
2015-02-12T15:37:08.811018-06:00 c0-0c1s0n2 EFI: mem19: type=4, attr=0xf, range=[0x00000000018bf000-0x00000000018d1000) (0MB)
2015-02-12T15:37:08.811287-06:00 c0-0c1s0n2 EFI: mem20: type=3, attr=0xf, range=[0x00000000018d1000-0x00000000018d7000) (0MB)
2015-02-12T15:37:08.848585-06:00 c0-0c1s0n2 EFI: mem21: type=4, attr=0xf, range=[0x00000000018d7000-0x00000000018f9000) (0MB)
2015-02-12T15:37:08.848877-06:00 c0-0c1s0n2 EFI: mem22: type=3, attr=0xf, range=[0x00000000018f9000-0x0000000001908000) (0MB)
2015-02-12T15:37:08.849125-06:00 c0-0c1s0n2 EFI: mem23: type=4, attr=0xf, range=[0x0000000001908000-0x0000000001921000) (0MB)
2015-02-12T15:37:08.888608-06:00 c0-0c1s0n2 EFI: mem24: type=3, attr=0xf, range=[0x0000000001921000-0x000000000192b000) (0MB)
2015-02-12T15:37:08.888893-06:00 c0-0c1s0n2 EFI: mem25: type=4, attr=0xf, range=[0x000000000192b000-0x0000000001933000) (0MB)
2015-02-12T15:37:08.889155-06:00 c0-0c1s0n2 EFI: mem26: type=3, attr=0xf, range=[0x0000000001933000-0x0000000001936000) (0MB)
2015-02-12T15:37:08.928389-06:00 c0-0c1s0n2 EFI: mem27: type=4, attr=0xf, range=[0x0000000001936000-0x000000000193b000) (0MB)
2015-02-12T15:37:08.928698-06:00 c0-0c1s0n2 EFI: mem28: type=3, attr=0xf, range=[0x000000000193b000-0x000000000193e000) (0MB)
2015-02-12T15:37:08.937363-06:00 c0-0c1s0n2 EFI: mem29: type=4, attr=0xf, range=[0x000000000193e000-0x0000000001964000) (0MB)
2015-02-12T15:37:08.937632-06:00 c0-0c1s0n2 EFI: mem30: type=3, attr=0xf, range=[0x0000000001964000-0x0000000001968000) (0MB)
2015-02-12T15:37:08.962582-06:00 c0-0c1s0n2 EFI: mem31: type=4, attr=0xf, range=[0x0000000001968000-0x000000000198a000) (0MB)
2015-02-12T15:37:08.962848-06:00 c0-0c1s0n2 EFI: mem32: type=3, attr=0xf, range=[0x000000000198a000-0x00000000019b0000) (0MB)
2015-02-12T15:37:08.987937-06:00 c0-0c1s0n2 EFI: mem33: type=4, attr=0xf, range=[0x00000000019b0000-0x00000000019be000) (0MB)
2015-02-12T15:37:08.988223-06:00 c0-0c1s0n2 EFI: mem34: type=3, attr=0xf, range=[0x00000000019be000-0x00000000019ce000) (0MB)
2015-02-12T15:37:09.013231-06:00 c0-0c1s0n2 EFI: mem35: type=4, attr=0xf, range=[0x00000000019ce000-0x00000000019d0000) (0MB)
2015-02-12T15:37:09.052586-06:00 c0-0c1s0n2 EFI: mem36: type=3, attr=0xf, range=[0x00000000019d0000-0x00000000019d7000) (0MB)
2015-02-12T15:37:09.052847-06:00 c0-0c1s0n2 EFI: mem37: type=4, attr=0xf, range=[0x00000000019d7000-0x00000000019e1000) (0MB)
2015-02-12T15:37:09.092375-06:00 c0-0c1s0n2 EFI: mem38: type=3, attr=0xf, range=[0x00000000019e1000-0x00000000019e5000) (0MB)
2015-02-12T15:37:09.092660-06:00 c0-0c1s0n2 EFI: mem39: type=4, attr=0xf, range=[0x00000000019e5000-0x0000000001a02000) (0MB)
2015-02-12T15:37:09.092921-06:00 c0-0c1s0n2 EFI: mem40: type=3, attr=0xf, range=[0x0000000001a02000-0x0000000001a06000) (0MB)
2015-02-12T15:37:09.093189-06:00 c0-0c1s0n2 EFI: mem41: type=4, attr=0xf, range=[0x0000000001a06000-0x0000000001a0a000) (0MB)
2015-02-12T15:37:09.132329-06:00 c0-0c1s0n2 EFI: mem42: type=3, attr=0xf, range=[0x0000000001a0a000-0x0000000001a1e000) (0MB)
2015-02-12T15:37:09.132591-06:00 c0-0c1s0n2 EFI: mem43: type=4, attr=0xf, range=[0x0000000001a1e000-0x0000000001a22000) (0MB)
2015-02-12T15:37:09.139417-06:00 c0-0c1s0n2 EFI: mem44: type=3, attr=0xf, range=[0x0000000001a22000-0x0000000001a26000) (0MB)
2015-02-12T15:37:09.176412-06:00 c0-0c1s0n2 EFI: mem45: type=4, attr=0xf, range=[0x0000000001a26000-0x0000000001a34000) (0MB)
2015-02-12T15:37:09.176675-06:00 c0-0c1s0n2 EFI: mem46: type=3, attr=0xf, range=[0x0000000001a34000-0x0000000001a3b000) (0MB)
2015-02-12T15:37:09.176967-06:00 c0-0c1s0n2 EFI: mem47: type=4, attr=0xf, range=[0x0000000001a3b000-0x0000000001a42000) (0MB)
2015-02-12T15:37:09.216376-06:00 c0-0c1s0n2 EFI: mem48: type=3, attr=0xf, range=[0x0000000001a42000-0x0000000001a4a000) (0MB)
2015-02-12T15:37:09.216722-06:00 c0-0c1s0n2 EFI: mem49: type=4, attr=0xf, range=[0x0000000001a4a000-0x0000000001a4b000) (0MB)
2015-02-12T15:37:09.216918-06:00 c0-0c1s0n2 EFI: mem50: type=3, attr=0xf, range=[0x0000000001a4b000-0x0000000001a4d000) (0MB)
2015-02-12T15:37:09.217194-06:00 c0-0c1s0n2 EFI: mem51: type=4, attr=0xf, range=[0x0000000001a4d000-0x0000000001a52000) (0MB)
2015-02-12T15:37:09.256337-06:00 c0-0c1s0n2 EFI: mem52: type=3, attr=0xf, range=[0x0000000001a52000-0x0000000001a69000) (0MB)
2015-02-12T15:37:09.256583-06:00 c0-0c1s0n2 EFI: mem53: type=4, attr=0xf, range=[0x0000000001a69000-0x0000000001a6f000) (0MB)
2015-02-12T15:37:09.256836-06:00 c0-0c1s0n2 EFI: mem54: type=3, attr=0xf, range=[0x0000000001a6f000-0x0000000001a70000) (0MB)
2015-02-12T15:37:09.265633-06:00 c0-0c1s0n2 EFI: mem55: type=4, attr=0xf, range=[0x0000000001a70000-0x0000000001a71000) (0MB)
2015-02-12T15:37:09.265862-06:00 c0-0c1s0n2 EFI: mem56: type=3, attr=0xf, range=[0x0000000001a71000-0x0000000001a79000) (0MB)
2015-02-12T15:37:09.290926-06:00 c0-0c1s0n2 EFI: mem57: type=4, attr=0xf, range=[0x0000000001a79000-0x0000000001a7a000) (0MB)
2015-02-12T15:37:09.328471-06:00 c0-0c1s0n2 EFI: mem58: type=3, attr=0xf, range=[0x0000000001a7a000-0x0000000001a83000) (0MB)
2015-02-12T15:37:09.328656-06:00 c0-0c1s0n2 EFI: mem59: type=4, attr=0xf, range=[0x0000000001a83000-0x0000000001a85000) (0MB)
2015-02-12T15:37:09.328847-06:00 c0-0c1s0n2 EFI: mem60: type=3, attr=0xf, range=[0x0000000001a85000-0x0000000001abe000) (0MB)
2015-02-12T15:37:09.368520-06:00 c0-0c1s0n2 EFI: mem61: type=4, attr=0xf, range=[0x0000000001abe000-0x0000000001abf000) (0MB)
2015-02-12T15:37:09.368720-06:00 c0-0c1s0n2 EFI: mem62: type=3, attr=0xf, range=[0x0000000001abf000-0x0000000001acc000) (0MB)
2015-02-12T15:37:09.368889-06:00 c0-0c1s0n2 EFI: mem63: type=4, attr=0xf, range=[0x0000000001acc000-0x0000000001ad7000) (0MB)
2015-02-12T15:37:09.369079-06:00 c0-0c1s0n2 EFI: mem64: type=3, attr=0xf, range=[0x0000000001ad7000-0x0000000001adc000) (0MB)
2015-02-12T15:37:09.408534-06:00 c0-0c1s0n2 EFI: mem65: type=4, attr=0xf, range=[0x0000000001adc000-0x0000000001b60000) (0MB)
2015-02-12T15:37:09.408729-06:00 c0-0c1s0n2 EFI: mem66: type=3, attr=0xf, range=[0x0000000001b60000-0x0000000001b7c000) (0MB)
2015-02-12T15:37:09.417070-06:00 c0-0c1s0n2 EFI: mem67: type=4, attr=0xf, range=[0x0000000001b7c000-0x0000000001b84000) (0MB)
2015-02-12T15:37:09.442167-06:00 c0-0c1s0n2 EFI: mem68: type=3, attr=0xf, range=[0x0000000001b84000-0x0000000001b9c000) (0MB)
2015-02-12T15:37:09.442421-06:00 c0-0c1s0n2 EFI: mem69: type=4, attr=0xf, range=[0x0000000001b9c000-0x000000000b210000) (150MB)
2015-02-12T15:37:09.467474-06:00 c0-0c1s0n2 EFI: mem70: type=3, attr=0xf, range=[0x000000000b210000-0x000000000b216000) (0MB)
2015-02-12T15:37:09.467817-06:00 c0-0c1s0n2 EFI: mem71: type=4, attr=0xf, range=[0x000000000b216000-0x000000000b21f000) (0MB)
2015-02-12T15:37:09.492678-06:00 c0-0c1s0n2 EFI: mem72: type=3, attr=0xf, range=[0x000000000b21f000-0x000000000b235000) (0MB)
2015-02-12T15:37:09.492993-06:00 c0-0c1s0n2 EFI: mem73: type=4, attr=0xf, range=[0x000000000b235000-0x000000000b23b000) (0MB)
2015-02-12T15:37:09.518029-06:00 c0-0c1s0n2 EFI: mem74: type=3, attr=0xf, range=[0x000000000b23b000-0x000000000b23e000) (0MB)
2015-02-12T15:37:09.518280-06:00 c0-0c1s0n2 EFI: mem75: type=4, attr=0xf, range=[0x000000000b23e000-0x000000000b242000) (0MB)
2015-02-12T15:37:09.556598-06:00 c0-0c1s0n2 EFI: mem76: type=3, attr=0xf, range=[0x000000000b242000-0x000000000b249000) (0MB)
2015-02-12T15:37:09.556871-06:00 c0-0c1s0n2 EFI: mem77: type=4, attr=0xf, range=[0x000000000b249000-0x000000000b24c000) (0MB)
2015-02-12T15:37:09.600499-06:00 c0-0c1s0n2 EFI: mem78: type=3, attr=0xf, range=[0x000000000b24c000-0x000000000b254000) (0MB)
2015-02-12T15:37:09.600764-06:00 c0-0c1s0n2 EFI: mem79: type=4, attr=0xf, range=[0x000000000b254000-0x000000000b27a000) (0MB)
2015-02-12T15:37:09.601031-06:00 c0-0c1s0n2 EFI: mem80: type=3, attr=0xf, range=[0x000000000b27a000-0x000000000b27e000) (0MB)
2015-02-12T15:37:09.601322-06:00 c0-0c1s0n2 EFI: mem81: type=4, attr=0xf, range=[0x000000000b27e000-0x000000000b282000) (0MB)
2015-02-12T15:37:09.636485-06:00 c0-0c1s0n2 EFI: mem82: type=3, attr=0xf, range=[0x000000000b282000-0x000000000b286000) (0MB)
2015-02-12T15:37:09.636717-06:00 c0-0c1s0n2 EFI: mem83: type=4, attr=0xf, range=[0x000000000b286000-0x000000000b290000) (0MB)
2015-02-12T15:37:09.644286-06:00 c0-0c1s0n2 EFI: mem84: type=3, attr=0xf, range=[0x000000000b290000-0x000000000b2d3000) (0MB)
2015-02-12T15:37:09.644582-06:00 c0-0c1s0n2 EFI: mem85: type=4, attr=0xf, range=[0x000000000b2d3000-0x000000000b2df000) (0MB)
2015-02-12T15:37:09.669667-06:00 c0-0c1s0n2 EFI: mem86: type=3, attr=0xf, range=[0x000000000b2df000-0x000000000b2e9000) (0MB)
2015-02-12T15:37:09.669884-06:00 c0-0c1s0n2 EFI: mem87: type=4, attr=0xf, range=[0x000000000b2e9000-0x000000000b2f8000) (0MB)
2015-02-12T15:37:09.708577-06:00 c0-0c1s0n2 EFI: mem88: type=3, attr=0xf, range=[0x000000000b2f8000-0x000000000b2fc000) (0MB)
2015-02-12T15:37:09.708804-06:00 c0-0c1s0n2 EFI: mem89: type=4, attr=0xf, range=[0x000000000b2fc000-0x000000000b2fd000) (0MB)
2015-02-12T15:37:09.748527-06:00 c0-0c1s0n2 EFI: mem90: type=3, attr=0xf, range=[0x000000000b2fd000-0x000000000b302000) (0MB)
2015-02-12T15:37:09.748804-06:00 c0-0c1s0n2 EFI: mem91: type=4, attr=0xf, range=[0x000000000b302000-0x000000000b30b000) (0MB)
2015-02-12T15:37:09.749063-06:00 c0-0c1s0n2 EFI: mem92: type=3, attr=0xf, range=[0x000000000b30b000-0x000000000b343000) (0MB)
2015-02-12T15:37:09.749340-06:00 c0-0c1s0n2 EFI: mem93: type=4, attr=0xf, range=[0x000000000b343000-0x000000000b34a000) (0MB)
2015-02-12T15:37:09.792489-06:00 c0-0c1s0n2 EFI: mem94: type=3, attr=0xf, range=[0x000000000b34a000-0x000000000b351000) (0MB)
2015-02-12T15:37:09.792763-06:00 c0-0c1s0n2 EFI: mem95: type=4, attr=0xf, range=[0x000000000b351000-0x000000000b359000) (0MB)
2015-02-12T15:37:09.792988-06:00 c0-0c1s0n2 EFI: mem96: type=3, attr=0xf, range=[0x000000000b359000-0x000000000b35d000) (0MB)
2015-02-12T15:37:09.832361-06:00 c0-0c1s0n2 EFI: mem97: type=4, attr=0xf, range=[0x000000000b35d000-0x000000000b365000) (0MB)
2015-02-12T15:37:09.832579-06:00 c0-0c1s0n2 EFI: mem98: type=3, attr=0xf, range=[0x000000000b365000-0x000000000b369000) (0MB)
2015-02-12T15:37:09.832847-06:00 c0-0c1s0n2 EFI: mem99: type=4, attr=0xf, range=[0x000000000b369000-0x000000000b36d000) (0MB)
2015-02-12T15:37:09.872406-06:00 c0-0c1s0n2 EFI: mem100: type=3, attr=0xf, range=[0x000000000b36d000-0x000000000b371000) (0MB)
2015-02-12T15:37:09.872706-06:00 c0-0c1s0n2 EFI: mem101: type=4, attr=0xf, range=[0x000000000b371000-0x000000000b385000) (0MB)
2015-02-12T15:37:09.872976-06:00 c0-0c1s0n2 EFI: mem102: type=3, attr=0xf, range=[0x000000000b385000-0x000000000b38b000) (0MB)
2015-02-12T15:37:09.873259-06:00 c0-0c1s0n2 EFI: mem103: type=4, attr=0xf, range=[0x000000000b38b000-0x000000000b3ad000) (0MB)
2015-02-12T15:37:09.912395-06:00 c0-0c1s0n2 EFI: mem104: type=3, attr=0xf, range=[0x000000000b3ad000-0x000000000b3b7000) (0MB)
2015-02-12T15:37:09.912680-06:00 c0-0c1s0n2 EFI: mem105: type=4, attr=0xf, range=[0x000000000b3b7000-0x000000000b3b8000) (0MB)
2015-02-12T15:37:09.922126-06:00 c0-0c1s0n2 EFI: mem106: type=3, attr=0xf, range=[0x000000000b3b8000-0x000000000b3ca000) (0MB)
2015-02-12T15:37:09.922447-06:00 c0-0c1s0n2 EFI: mem107: type=4, attr=0xf, range=[0x000000000b3ca000-0x000000000b3cd000) (0MB)
2015-02-12T15:37:09.947434-06:00 c0-0c1s0n2 EFI: mem108: type=3, attr=0xf, range=[0x000000000b3cd000-0x000000000b3d8000) (0MB)
2015-02-12T15:37:09.947734-06:00 c0-0c1s0n2 EFI: mem109: type=4, attr=0xf, range=[0x000000000b3d8000-0x000000000b474000) (0MB)
2015-02-12T15:37:09.988535-06:00 c0-0c1s0n2 EFI: mem110: type=3, attr=0xf, range=[0x000000000b474000-0x000000000b47b000) (0MB)
2015-02-12T15:37:09.988779-06:00 c0-0c1s0n2 EFI: mem111: type=4, attr=0xf, range=[0x000000000b47b000-0x000000000b48a000) (0MB)
2015-02-12T15:37:10.024492-06:00 c0-0c1s0n2 EFI: mem112: type=3, attr=0xf, range=[0x000000000b48a000-0x000000000b48e000) (0MB)
2015-02-12T15:37:10.024782-06:00 c0-0c1s0n2 EFI: mem113: type=4, attr=0xf, range=[0x000000000b48e000-0x000000000b4b0000) (0MB)
2015-02-12T15:37:10.025048-06:00 c0-0c1s0n2 EFI: mem114: type=3, attr=0xf, range=[0x000000000b4b0000-0x000000000b4b5000) (0MB)
2015-02-12T15:37:10.025300-06:00 c0-0c1s0n2 EFI: mem115: type=4, attr=0xf, range=[0x000000000b4b5000-0x000000000b4ba000) (0MB)
2015-02-12T15:37:10.064557-06:00 c0-0c1s0n2 EFI: mem116: type=3, attr=0xf, range=[0x000000000b4ba000-0x000000000b4ce000) (0MB)
2015-02-12T15:37:10.073571-06:00 c0-0c1s0n2 EFI: mem117: type=4, attr=0xf, range=[0x000000000b4ce000-0x000000000b580000) (0MB)
2015-02-12T15:37:10.073817-06:00 c0-0c1s0n2 EFI: mem118: type=7, attr=0xf, range=[0x000000000b580000-0x000000000b581000) (0MB)
2015-02-12T15:37:10.112433-06:00 c0-0c1s0n2 EFI: mem119: type=4, attr=0xf, range=[0x000000000b581000-0x000000000b5ae000) (0MB)
2015-02-12T15:37:10.112727-06:00 c0-0c1s0n2 EFI: mem120: type=3, attr=0xf, range=[0x000000000b5ae000-0x000000000b5b7000) (0MB)
2015-02-12T15:37:10.113088-06:00 c0-0c1s0n2 EFI: mem121: type=4, attr=0xf, range=[0x000000000b5b7000-0x000000000b5b8000) (0MB)
2015-02-12T15:37:10.152531-06:00 c0-0c1s0n2 EFI: mem122: type=2, attr=0xf, range=[0x000000000b5b8000-0x000000000b5ba000) (0MB)
2015-02-12T15:37:10.152718-06:00 c0-0c1s0n2 EFI: mem123: type=7, attr=0xf, range=[0x000000000b5ba000-0x000000000b5bc000) (0MB)
2015-02-12T15:37:10.152932-06:00 c0-0c1s0n2 EFI: mem124: type=4, attr=0xf, range=[0x000000000b5bc000-0x000000000b5c6000) (0MB)
2015-02-12T15:37:10.153070-06:00 c0-0c1s0n2 EFI: mem125: type=7, attr=0xf, range=[0x000000000b5c6000-0x000000000b5cc000) (0MB)
2015-02-12T15:37:10.192396-06:00 c0-0c1s0n2 EFI: mem126: type=4, attr=0xf, range=[0x000000000b5cc000-0x000000000b7e0000) (2MB)
2015-02-12T15:37:10.192603-06:00 c0-0c1s0n2 EFI: mem127: type=7, attr=0xf, range=[0x000000000b7e0000-0x000000000b7ee000) (0MB)
2015-02-12T15:37:10.200005-06:00 c0-0c1s0n2 EFI: mem128: type=1, attr=0xf, range=[0x000000000b7ee000-0x000000000b7ff000) (0MB)
2015-02-12T15:37:10.200275-06:00 c0-0c1s0n2 EFI: mem129: type=7, attr=0xf, range=[0x000000000b7ff000-0x000000007e67c000) (1838MB)
2015-02-12T15:37:10.225203-06:00 c0-0c1s0n2 EFI: mem130: type=10, attr=0xf, range=[0x000000007e67c000-0x000000007e790000) (1MB)
2015-02-12T15:37:10.225445-06:00 c0-0c1s0n2 EFI: mem131: type=0, attr=0xf, range=[0x000000007e790000-0x000000007e792000) (0MB)
2015-02-12T15:37:10.250441-06:00 c0-0c1s0n2 EFI: mem132: type=6, attr=0x800000000000000f, range=[0x000000007e792000-0x000000007f395000) (12MB)
2015-02-12T15:37:10.250733-06:00 c0-0c1s0n2 EFI: mem133: type=9, attr=0xf, range=[0x000000007f395000-0x000000007f410000) (0MB)
2015-02-12T15:37:10.275855-06:00 c0-0c1s0n2 EFI: mem134: type=5, attr=0x800000000000000f, range=[0x000000007f410000-0x000000007f41a000) (0MB)
2015-02-12T15:37:10.276096-06:00 c0-0c1s0n2 EFI: mem135: type=0, attr=0xf, range=[0x000000007f41a000-0x000000007f41c000) (0MB)
2015-02-12T15:37:10.301211-06:00 c0-0c1s0n2 EFI: mem136: type=6, attr=0x800000000000000f, range=[0x000000007f41c000-0x000000007f42d000) (0MB)
2015-02-12T15:37:10.301394-06:00 c0-0c1s0n2 EFI: mem137: type=0, attr=0xf, range=[0x000000007f42d000-0x000000007f43d000) (0MB)
2015-02-12T15:37:10.326396-06:00 c0-0c1s0n2 EFI: mem138: type=6, attr=0x800000000000000f, range=[0x000000007f43d000-0x000000007f45e000) (0MB)
2015-02-12T15:37:10.351416-06:00 c0-0c1s0n2 EFI: mem139: type=5, attr=0x800000000000000f, range=[0x000000007f45e000-0x000000007f462000) (0MB)
2015-02-12T15:37:10.388443-06:00 c0-0c1s0n2 EFI: mem140: type=0, attr=0xf, range=[0x000000007f462000-0x000000007f46b000) (0MB)
2015-02-12T15:37:10.388721-06:00 c0-0c1s0n2 EFI: mem141: type=5, attr=0x800000000000000f, range=[0x000000007f46b000-0x000000007f46d000) (0MB)
2015-02-12T15:37:10.388988-06:00 c0-0c1s0n2 EFI: mem142: type=0, attr=0xf, range=[0x000000007f46d000-0x000000007f471000) (0MB)
2015-02-12T15:37:10.389280-06:00 c0-0c1s0n2 EFI: mem143: type=5, attr=0x800000000000000f, range=[0x000000007f471000-0x000000007f472000) (0MB)
2015-02-12T15:37:10.428639-06:00 c0-0c1s0n2 EFI: mem144: type=6, attr=0x800000000000000f, range=[0x000000007f472000-0x000000007f473000) (0MB)
2015-02-12T15:37:10.428923-06:00 c0-0c1s0n2 EFI: mem145: type=5, attr=0x800000000000000f, range=[0x000000007f473000-0x000000007f476000) (0MB)
2015-02-12T15:37:10.429166-06:00 c0-0c1s0n2 EFI: mem146: type=0, attr=0xf, range=[0x000000007f476000-0x000000007f486000) (0MB)
2015-02-12T15:37:10.472437-06:00 c0-0c1s0n2 EFI: mem147: type=5, attr=0x800000000000000f, range=[0x000000007f486000-0x000000007f491000) (0MB)
2015-02-12T15:37:10.472669-06:00 c0-0c1s0n2 EFI: mem148: type=7, attr=0xf, range=[0x000000007f491000-0x000000007f493000) (0MB)
2015-02-12T15:37:10.477987-06:00 c0-0c1s0n2 EFI: mem149: type=10, attr=0xf, range=[0x000000007f493000-0x000000007f494000) (0MB)
2015-02-12T15:37:10.503009-06:00 c0-0c1s0n2 EFI: mem150: type=6, attr=0x800000000000000f, range=[0x000000007f494000-0x000000007f49b000) (0MB)
2015-02-12T15:37:10.503253-06:00 c0-0c1s0n2 EFI: mem151: type=5, attr=0x800000000000000f, range=[0x000000007f49b000-0x000000007f49e000) (0MB)
2015-02-12T15:37:10.540532-06:00 c0-0c1s0n2 EFI: mem152: type=10, attr=0xf, range=[0x000000007f49e000-0x000000007f4a6000) (0MB)
2015-02-12T15:37:10.540727-06:00 c0-0c1s0n2 EFI: mem153: type=6, attr=0x800000000000000f, range=[0x000000007f4a6000-0x000000007f4a7000) (0MB)
2015-02-12T15:37:10.580565-06:00 c0-0c1s0n2 EFI: mem154: type=5, attr=0x800000000000000f, range=[0x000000007f4a7000-0x000000007f4ab000) (0MB)
2015-02-12T15:37:10.580772-06:00 c0-0c1s0n2 EFI: mem155: type=6, attr=0x800000000000000f, range=[0x000000007f4ab000-0x000000007f4bd000) (0MB)
2015-02-12T15:37:10.580990-06:00 c0-0c1s0n2 EFI: mem156: type=5, attr=0x800000000000000f, range=[0x000000007f4bd000-0x000000007f4cf000) (0MB)
2015-02-12T15:37:10.620390-06:00 c0-0c1s0n2 EFI: mem157: type=6, attr=0x800000000000000f, range=[0x000000007f4cf000-0x000000007f4d2000) (0MB)
2015-02-12T15:37:10.620543-06:00 c0-0c1s0n2 EFI: mem158: type=10, attr=0xf, range=[0x000000007f4d2000-0x000000007f558000) (0MB)
2015-02-12T15:37:10.629332-06:00 c0-0c1s0n2 EFI: mem159: type=3, attr=0xf, range=[0x000000007f558000-0x000000007f7e0000) (2MB)
2015-02-12T15:37:10.654474-06:00 c0-0c1s0n2 EFI: mem160: type=4, attr=0xf, range=[0x000000007f7e0000-0x000000007f7ef000) (0MB)
2015-02-12T15:37:10.654651-06:00 c0-0c1s0n2 EFI: mem161: type=3, attr=0xf, range=[0x000000007f7ef000-0x000000007f800000) (0MB)
2015-02-12T15:37:10.679788-06:00 c0-0c1s0n2 EFI: mem162: type=7, attr=0xf, range=[0x0000000100000000-0x0000001080000000) (63488MB)
2015-02-12T15:37:10.679971-06:00 c0-0c1s0n2 EFI: mem163: type=11, attr=0x8000000000000001, range=[0x0000000080000000-0x0000000090000000) (256MB)
2015-02-12T15:37:10.705152-06:00 c0-0c1s0n2 EFI: mem164: type=11, attr=0x8000000000000001, range=[0x00000000fed1c000-0x00000000fed20000) (0MB)
2015-02-12T15:37:10.705295-06:00 c0-0c1s0n2 EFI: mem165: type=11, attr=0x8000000000000001, range=[0x00000000ff000000-0x0000000100000000) (16MB)
2015-02-12T15:37:10.705333-06:00 c0-0c1s0n2 DMI 2.7 present.
2015-02-12T15:37:10.730353-06:00 c0-0c1s0n2 last_pfn = 0x1080000 max_arch_pfn = 0x400000000
2015-02-12T15:37:10.755529-06:00 c0-0c1s0n2 x86 PAT enabled: cpu 0, old 0x7040600070406, new 0x7010600070106
2015-02-12T15:37:10.755602-06:00 c0-0c1s0n2 last_pfn = 0x7f800 max_arch_pfn = 0x400000000
2015-02-12T15:37:10.755743-06:00 c0-0c1s0n2 found SMP MP-table at [ffff8800000fd830] fd830
2015-02-12T15:37:10.755795-06:00 c0-0c1s0n2 Using GB pages for direct mapping
2015-02-12T15:37:10.780775-06:00 c0-0c1s0n2 init_memory_mapping: 0000000000000000-000000007f800000
2015-02-12T15:37:10.780892-06:00 c0-0c1s0n2 init_memory_mapping: 0000000100000000-0000001080000000
2015-02-12T15:37:10.780936-06:00 c0-0c1s0n2 nmi ring buffer: 262144
2015-02-12T15:37:10.781012-06:00 c0-0c1s0n2 RAMDISK: 0fa00000 - 10610000
2015-02-12T15:37:10.806140-06:00 c0-0c1s0n2 ACPI: RSDP 000000007f395000 00024 (v02 ALASKA)
2015-02-12T15:37:10.806234-06:00 c0-0c1s0n2 ACPI: XSDT 000000007f395088 0008C (v01 ALASKA    A M I 01072009 AMI  00010013)
2015-02-12T15:37:10.806320-06:00 c0-0c1s0n2 ACPI: FACP 000000007f39ee50 000F4 (v04 ALASKA    A M I 01072009 AMI  00010013)
2015-02-12T15:37:10.831276-06:00 c0-0c1s0n2 ACPI: DSDT 000000007f3951a0 09CAD (v02 ALASKA    A M I 00000016 INTL 20051117)
2015-02-12T15:37:10.831343-06:00 c0-0c1s0n2 ACPI: FACS 000000007f4a3f80 00040
2015-02-12T15:37:10.831443-06:00 c0-0c1s0n2 ACPI: APIC 000000007f39ef48 00138 (v03 ALASKA    A M I 01072009 AMI  00010013)
2015-02-12T15:37:11.185436-06:00 c0-0c1s0n2 ACPI: FPDT 000000007f39f080 00044 (v01 ALASKA    A M I 01072009 AMI  00010013)
2015-02-12T15:37:11.185447-06:00 c0-0c1s0n2 ACPI: MCFG 000000007f39f0c8 0003C (v01 ALASKA OEMMCFG. 01072009 MSFT 00000097)
2015-02-12T15:37:11.185459-06:00 c0-0c1s0n2 ACPI: HPET 000000007f39f108 00038 (v01 ALASKA    A M I 01072009 AMI. 00000004)
2015-02-12T15:37:11.185471-06:00 c0-0c1s0n2 ACPI: PRAD 000000007f39f140 000BE (v02 PRADID  PRADTID 00000001 MSFT 03000001)
2015-02-12T15:37:11.185483-06:00 c0-0c1s0n2 ACPI: SSDT 000000007f39f200 70104 (v02  INTEL    CpuPm 00004000 INTL 20051117)
2015-02-12T15:37:11.185512-06:00 c0-0c1s0n2 ACPI: SPCR 000000007f40f308 00050 (v01  A M I   APTIO4 01072009 AMI. 00000004)
2015-02-12T15:37:11.185527-06:00 c0-0c1s0n2 ACPI: EINJ 000000007f40f358 00130 (v01    AMI AMI EINJ 00000000      00000000)
2015-02-12T15:37:11.185540-06:00 c0-0c1s0n2 ACPI: ERST 000000007f40f488 00230 (v01  AMIER AMI ERST 00000000      00000000)
2015-02-12T15:37:11.185553-06:00 c0-0c1s0n2 ACPI: HEST 000000007f40f6b8 000A8 (v01    AMI AMI HEST 00000000      00000000)
2015-02-12T15:37:11.185561-06:00 c0-0c1s0n2 ACPI: BERT 000000007f40f760 00030 (v01    AMI AMI BERT 00000000      00000000)
2015-02-12T15:37:11.185573-06:00 c0-0c1s0n2 ACPI: DMAR 000000007f40f790 000BC (v01 A M I   OEMDMAR 00000001 INTL 00000001)
2015-02-12T15:37:11.185580-06:00 c0-0c1s0n2 No NUMA configuration found
2015-02-12T15:37:11.185596-06:00 c0-0c1s0n2 Faking a node at 0000000000000000-0000001080000000
2015-02-12T15:37:11.185608-06:00 c0-0c1s0n2 Initmem setup node 0 0000000000000000-0000001080000000
2015-02-12T15:37:11.185624-06:00 c0-0c1s0n2  NODE_DATA [000000107ffbb000 - 000000107ffbffff]
2015-02-12T15:37:11.210608-06:00 c0-0c1s0n2 Zone PFN ranges:
2015-02-12T15:37:11.235220-06:00 c0-0c1s0n2  DMA      0x00000010 -> 0x00001000
2015-02-12T15:37:11.235457-06:00 c0-0c1s0n2  DMA32    0x00001000 -> 0x00100000
2015-02-12T15:37:11.235632-06:00 c0-0c1s0n2  Normal   0x00100000 -> 0x01080000
2015-02-12T15:37:11.235755-06:00 c0-0c1s0n2 Movable zone start PFN for each node
2015-02-12T15:37:11.260551-06:00 c0-0c1s0n2 early_node_map[5] active PFN ranges
2015-02-12T15:37:11.260814-06:00 c0-0c1s0n2    0: 0x00000010 -> 0x000000a0
2015-02-12T15:37:11.260950-06:00 c0-0c1s0n2    0: 0x00000100 -> 0x0007e67c
2015-02-12T15:37:11.260986-06:00 c0-0c1s0n2    0: 0x0007f491 -> 0x0007f493
2015-02-12T15:37:11.261099-06:00 c0-0c1s0n2    0: 0x0007f558 -> 0x0007f800
2015-02-12T15:37:11.261215-06:00 c0-0c1s0n2    0: 0x00100000 -> 0x01080000
2015-02-12T15:37:11.894768-06:00 c0-0c1s0n2 ACPI: LAPIC (acpi_id[0x00] lapic_id[0x00] enabled)
2015-02-12T15:37:11.919684-06:00 c0-0c1s0n2 ACPI: LAPIC (acpi_id[0x02] lapic_id[0x02] enabled)
2015-02-12T15:37:11.919956-06:00 c0-0c1s0n2 ACPI: LAPIC (acpi_id[0x04] lapic_id[0x04] enabled)
2015-02-12T15:37:11.956499-06:00 c0-0c1s0n2 ACPI: LAPIC (acpi_id[0x06] lapic_id[0x06] enabled)
2015-02-12T15:37:11.956687-06:00 c0-0c1s0n2 ACPI: LAPIC (acpi_id[0x08] lapic_id[0x08] enabled)
2015-02-12T15:37:11.956852-06:00 c0-0c1s0n2 ACPI: LAPIC (acpi_id[0x0a] lapic_id[0x0a] enabled)
2015-02-12T15:37:11.957056-06:00 c0-0c1s0n2 ACPI: LAPIC (acpi_id[0x0c] lapic_id[0x0c] enabled)
2015-02-12T15:37:11.957271-06:00 c0-0c1s0n2 ACPI: LAPIC (acpi_id[0x0e] lapic_id[0x0e] enabled)
2015-02-12T15:37:11.996518-06:00 c0-0c1s0n2 ACPI: LAPIC (acpi_id[0x01] lapic_id[0x01] enabled)
2015-02-12T15:37:11.996727-06:00 c0-0c1s0n2 ACPI: LAPIC (acpi_id[0x03] lapic_id[0x03] enabled)
2015-02-12T15:37:11.996920-06:00 c0-0c1s0n2 ACPI: LAPIC (acpi_id[0x05] lapic_id[0x05] enabled)
2015-02-12T15:37:11.997150-06:00 c0-0c1s0n2 ACPI: LAPIC (acpi_id[0x07] lapic_id[0x07] enabled)
2015-02-12T15:37:11.997399-06:00 c0-0c1s0n2 ACPI: LAPIC (acpi_id[0x09] lapic_id[0x09] enabled)
2015-02-12T15:37:11.997605-06:00 c0-0c1s0n2 ACPI: LAPIC (acpi_id[0x0b] lapic_id[0x0b] enabled)
2015-02-12T15:37:12.036369-06:00 c0-0c1s0n2 ACPI: LAPIC (acpi_id[0x0d] lapic_id[0x0d] enabled)
2015-02-12T15:37:12.036587-06:00 c0-0c1s0n2 ACPI: LAPIC (acpi_id[0x0f] lapic_id[0x0f] enabled)
2015-02-12T15:37:12.036812-06:00 c0-0c1s0n2 ACPI: LAPIC_NMI (acpi_id[0x00] high edge lint[0x1])
2015-02-12T15:37:12.046300-06:00 c0-0c1s0n2 ACPI: LAPIC_NMI (acpi_id[0x02] high edge lint[0x1])
2015-02-12T15:37:12.046663-06:00 c0-0c1s0n2 ACPI: LAPIC_NMI (acpi_id[0x04] high edge lint[0x1])
2015-02-12T15:37:12.046916-06:00 c0-0c1s0n2 ACPI: LAPIC_NMI (acpi_id[0x06] high edge lint[0x1])
2015-02-12T15:37:12.071558-06:00 c0-0c1s0n2 ACPI: LAPIC_NMI (acpi_id[0x08] high edge lint[0x1])
2015-02-12T15:37:12.071895-06:00 c0-0c1s0n2 ACPI: LAPIC_NMI (acpi_id[0x0a] high edge lint[0x1])
2015-02-12T15:37:12.072174-06:00 c0-0c1s0n2 ACPI: LAPIC_NMI (acpi_id[0x0c] high edge lint[0x1])
2015-02-12T15:37:12.096731-06:00 c0-0c1s0n2 ACPI: LAPIC_NMI (acpi_id[0x0e] high edge lint[0x1])
2015-02-12T15:37:12.097059-06:00 c0-0c1s0n2 ACPI: LAPIC_NMI (acpi_id[0x01] high edge lint[0x1])
2015-02-12T15:37:12.097348-06:00 c0-0c1s0n2 ACPI: LAPIC_NMI (acpi_id[0x03] high edge lint[0x1])
2015-02-12T15:37:12.121992-06:00 c0-0c1s0n2 ACPI: LAPIC_NMI (acpi_id[0x05] high edge lint[0x1])
2015-02-12T15:37:12.122414-06:00 c0-0c1s0n2 ACPI: LAPIC_NMI (acpi_id[0x07] high edge lint[0x1])
2015-02-12T15:37:12.122662-06:00 c0-0c1s0n2 ACPI: LAPIC_NMI (acpi_id[0x09] high edge lint[0x1])
2015-02-12T15:37:12.147186-06:00 c0-0c1s0n2 ACPI: LAPIC_NMI (acpi_id[0x0b] high edge lint[0x1])
2015-02-12T15:37:12.147550-06:00 c0-0c1s0n2 ACPI: LAPIC_NMI (acpi_id[0x0d] high edge lint[0x1])
2015-02-12T15:37:12.147848-06:00 c0-0c1s0n2 ACPI: LAPIC_NMI (acpi_id[0x0f] high edge lint[0x1])
2015-02-12T15:37:12.148113-06:00 c0-0c1s0n2 ACPI: IOAPIC (id[0x00] address[0xfec00000] gsi_base[0])
2015-02-12T15:37:12.172799-06:00 c0-0c1s0n2 IOAPIC[0]: apic_id 0, version 32, address 0xfec00000, GSI 0-23
2015-02-12T15:37:12.173117-06:00 c0-0c1s0n2 ACPI: IOAPIC (id[0x02] address[0xfec01000] gsi_base[24])
2015-02-12T15:37:12.197861-06:00 c0-0c1s0n2 IOAPIC[1]: apic_id 2, version 32, address 0xfec01000, GSI 24-47
2015-02-12T15:37:12.198147-06:00 c0-0c1s0n2 ACPI: INT_SRC_OVR (bus 0 bus_irq 0 global_irq 2 dfl dfl)
2015-02-12T15:37:12.198368-06:00 c0-0c1s0n2 ACPI: INT_SRC_OVR (bus 0 bus_irq 9 global_irq 9 high level)
2015-02-12T15:37:12.223286-06:00 c0-0c1s0n2 Using ACPI (MADT) for SMP configuration information
2015-02-12T15:37:12.223448-06:00 c0-0c1s0n2 ACPI: HPET id: 0x8086a701 base: 0xfed00000
2015-02-12T15:37:12.223640-06:00 c0-0c1s0n2 SMP: Allowing 16 CPUs, 0 hotplug CPUs
2015-02-12T15:37:12.248424-06:00 c0-0c1s0n2 Allocating PCI resources starting at 90000000 (gap: 90000000:6ed1c000)
2015-02-12T15:37:12.248716-06:00 c0-0c1s0n2 setup_percpu: NR_CPUS:128 nr_cpumask_bits:128 nr_cpu_ids:16 nr_node_ids:1
2015-02-12T15:37:12.273558-06:00 c0-0c1s0n2 PERCPU: Embedded 25 PATH1224 @ffff88107fa00000 s72704 r8192 d21504 u131072
2015-02-12T15:37:12.273740-06:00 c0-0c1s0n2 Built 1 zonelists in Zone order, mobility grouping on.  Total pages: 16534701
2015-02-12T15:37:12.273751-06:00 c0-0c1s0n2 Policy zone: Normal
2015-02-12T15:37:12.404087-06:00 c0-0c1s0n2 Kernel command line: earlyprintk=serial,115200 load_ramdisk=1 ramdisk_size=80000 console=ttyS0,115200n8 bootnodeip=IPADDR13 bootproto=ipog bootpath=PATH1220 rootfs=nfs-shared root=PATH1221 oops=panic bootifnetmask=IPADDR15 elevator=noop ippob1=10 ippob2=128 pcie_ports=native iommu=on intel_iommu=off bad_page=panic pln_enable=off apei_disable hest_disable erst_disable ghes_disable cgroup_disable=memory active_wlm=ALPS sdbnodeip=IPADDR16 sessionid=p0-20150212t152812 _cray=marker_ 
2015-02-12T15:37:12.404100-06:00 c0-0c1s0n2 Intel-IOMMU: disabled
2015-02-12T15:37:12.404153-06:00 c0-0c1s0n2 Disabling memory control group subsystem
2015-02-12T15:37:12.404231-06:00 c0-0c1s0n2 PID hash table entries: 4096 (order: 3, 32768 bytes)
2015-02-12T15:37:12.404246-06:00 c0-0c1s0n2 PATH1225: enabled xstate_bv 0x7, cntxt size 0x340
2015-02-12T15:37:12.768053-06:00 c0-0c1s0n2 Memory: PATH319779 available (5522k kernel code, 2121000k absent, 1019856k reserved, 5307k data, 692k init)
2015-02-12T15:37:12.793124-06:00 c0-0c1s0n2 Hierarchical RCU implementation.
2015-02-12T15:37:12.793155-06:00 c0-0c1s0n2 NR_IRQS:4352
2015-02-12T15:37:12.843855-06:00 c0-0c1s0n2 Extended CMOS year: 2000
2015-02-12T15:37:12.844009-06:00 c0-0c1s0n2 Console: colour dummy device 80x25
2015-02-12T15:37:12.868796-06:00 c0-0c1s0n2 console [ttyS0] enabled, bootconsole disabled
2015-02-12T15:37:12.869042-06:00 c0-0c1s0n2 console [ttyS0] enabled, bootconsole disabled
2015-02-12T15:37:12.894260-06:00 c0-0c1s0n2 Fast TSC calibration using PIT
2015-02-12T15:37:12.894385-06:00 c0-0c1s0n2 Detected 2599.944 MHz processor.
2015-02-12T15:37:12.919477-06:00 c0-0c1s0n2 Calibrating delay loop (skipped), value calculated using timer frequency.. 5199.88 BogoMIPS (lpj=10399776)
2015-02-12T15:37:12.919582-06:00 c0-0c1s0n2 pid_max: default: 32768 minimum: 301
2015-02-12T15:37:12.970109-06:00 c0-0c1s0n2 Dentry cache hash table entries: 8388608 (order: 14, 67108864 bytes)
2015-02-12T15:37:12.995508-06:00 c0-0c1s0n2 Inode-cache hash table entries: 4194304 (order: 13, 33554432 bytes)
2015-02-12T15:37:13.020638-06:00 c0-0c1s0n2 Mount-cache hash table entries: 256
2015-02-12T15:37:13.020856-06:00 c0-0c1s0n2 Initializing cgroup subsys cpuacct
2015-02-12T15:37:13.021071-06:00 c0-0c1s0n2 Initializing cgroup subsys memory
2015-02-12T15:37:13.045701-06:00 c0-0c1s0n2 Initializing cgroup subsys devices
2015-02-12T15:37:13.045885-06:00 c0-0c1s0n2 Initializing cgroup subsys perf_event
2015-02-12T15:37:13.046051-06:00 c0-0c1s0n2 CPU: Physical Processor ID: 0
2015-02-12T15:37:13.046198-06:00 c0-0c1s0n2 CPU: Processor Core ID: 0
2015-02-12T15:37:13.070811-06:00 c0-0c1s0n2 mce: CPU supports 20 MCE banks
2015-02-12T15:37:13.071101-06:00 c0-0c1s0n2 CPU0: Thermal monitoring enabled (TM1)
2015-02-12T15:37:13.071176-06:00 c0-0c1s0n2 using mwait in idle threads.
2015-02-12T15:37:13.071317-06:00 c0-0c1s0n2 ACPI: Core revision 20110413
2015-02-12T15:37:13.121489-06:00 c0-0c1s0n2 ftrace: allocating 20236 entries in 80 pages
2015-02-12T15:37:13.146751-06:00 c0-0c1s0n2 DMAR: Host address width 46
2015-02-12T15:37:13.146993-06:00 c0-0c1s0n2 DMAR: DRHD base: 0x000000fbffc000 flags: 0x1
2015-02-12T15:37:13.147231-06:00 c0-0c1s0n2 IOMMU 0: reg_base_addr fbffc000 ver 1:0 cap d2078c106f0462 ecap f020fe
2015-02-12T15:37:13.171877-06:00 c0-0c1s0n2 DMAR: RMRR base: 0x0000007f430000 end: 0x0000007f43cfff
2015-02-12T15:37:13.171961-06:00 c0-0c1s0n2 DMAR: ATSR flags: 0x0
2015-02-12T15:37:13.172117-06:00 c0-0c1s0n2 DMAR: RHSA base: 0x000000fbffc000 proximity domain: 0x0
2015-02-12T15:37:13.197024-06:00 c0-0c1s0n2 Switched APIC routing to physical flat.
2015-02-12T15:37:13.197183-06:00 c0-0c1s0n2 ..TIMER: vector=0x30 apic1=0 pin1=2 apic2=-1 pin2=-1
2015-02-12T15:37:13.272756-06:00 c0-0c1s0n2 CPU0: Intel(R) Xeon(R) CPU E5-2670 0 @ 2.60GHz stepping 07
2015-02-12T15:37:13.474537-06:00 c0-0c1s0n2 Performance Events: PEBS fmt1+, 16-deep LBR, SandyBridge events, full-width counters, Intel PMU driver.
2015-02-12T15:37:13.499394-06:00 c0-0c1s0n2 ... version:                3
2015-02-12T15:37:13.499571-06:00 c0-0c1s0n2 ... bit width:              48
2015-02-12T15:37:13.499649-06:00 c0-0c1s0n2 ... generic registers:      4
2015-02-12T15:37:13.499791-06:00 c0-0c1s0n2 ... value mask:             0000ffffffffffff
2015-02-12T15:37:13.499925-06:00 c0-0c1s0n2 ... max period:             0000ffffffffffff
2015-02-12T15:37:13.524554-06:00 c0-0c1s0n2 ... fixed-purpose events:   3
2015-02-12T15:37:13.524705-06:00 c0-0c1s0n2 ... event mask:             000000070000000f
2015-02-12T15:37:13.991646-06:00 c0-0c1s0n2 Booting Node   0, Processors  #1 #2 #3 #4 #5 #6 #7 #8 #9 #10 #11 #12 #13 #14 #15 Ok.
2015-02-12T15:37:14.016993-06:00 c0-0c1s0n2 Brought up 16 CPUs
2015-02-12T15:37:14.042104-06:00 c0-0c1s0n2 Total of 16 processors activated (83198.20 BogoMIPS).
2015-02-12T15:37:14.067505-06:00 c0-0c1s0n2 NET: Registered protocol family 16
2015-02-12T15:37:14.092617-06:00 c0-0c1s0n2 ACPI FADT declares the system doesn't support PCIe ASPM, so disable it
2015-02-12T15:37:14.092714-06:00 c0-0c1s0n2 ACPI: bus type pci registered
2015-02-12T15:37:14.117809-06:00 c0-0c1s0n2 PCI: MMCONFIG for domain 0000 [bus 00-ff] at [mem 0x80000000-0x8fffffff] (base 0x80000000)
2015-02-12T15:37:14.117983-06:00 c0-0c1s0n2 PCI: MMCONFIG at [mem 0x80000000-0x8fffffff] reserved in E820
2015-02-12T15:37:14.168155-06:00 c0-0c1s0n2 PCI: Using configuration type 1 for base access
2015-02-12T15:37:14.168382-06:00 c0-0c1s0n2 bio: create slab <bio-0> at 0
2015-02-12T15:37:14.218694-06:00 c0-0c1s0n2 ACPI: Executed 1 blocks of module-level executable AML code
2015-02-12T15:37:14.395767-06:00 c0-0c1s0n2 ACPI: Interpreter enabled
2015-02-12T15:37:14.420606-06:00 c0-0c1s0n2 ACPI: (supports S0 S1 S3 S5)
2015-02-12T15:37:14.420749-06:00 c0-0c1s0n2 ACPI: Using IOAPIC for interrupt routing
2015-02-12T15:37:14.445883-06:00 c0-0c1s0n2 ACPI: No dock devices found.
2015-02-12T15:37:14.445989-06:00 c0-0c1s0n2 HEST: Table parsing disabled.
2015-02-12T15:37:14.446433-06:00 c0-0c1s0n2 PCI: Using host bridge windows from ACPI; if necessary, use "pci=nocrs" and report a bug
2015-02-12T15:37:14.471618-06:00 c0-0c1s0n2 ACPI: PCI Root Bridge [PCI0] (domain 0000 [bus 00-fe])
2015-02-12T15:37:14.496377-06:00 c0-0c1s0n2 pci_root PNP0A08:00: host bridge window [io  0x0000-0x03af]
2015-02-12T15:37:14.496665-06:00 c0-0c1s0n2 pci_root PNP0A08:00: host bridge window [io  0x03e0-0x0cf7]
2015-02-12T15:37:14.496932-06:00 c0-0c1s0n2 pci_root PNP0A08:00: host bridge window [io  0x0d00-0xffff]
2015-02-12T15:37:14.521791-06:00 c0-0c1s0n2 pci_root PNP0A08:00: host bridge window [mem 0x000c0000-0x000dffff]
2015-02-12T15:37:14.546784-06:00 c0-0c1s0n2 pci_root PNP0A08:00: host bridge window [mem 0x80000000-0xfbffffff]
2015-02-12T15:37:14.547211-06:00 c0-0c1s0n2 pci_root PNP0A08:00: host bridge window [mem 0x1080000000-0x3c3fffffffff]
2015-02-12T15:37:14.547522-06:00 c0-0c1s0n2 pci 0000:00:02.0: PCI bridge to [bus 01-01]
2015-02-12T15:37:14.572046-06:00 c0-0c1s0n2 pci 0000:00:03.0: PCI bridge to [bus 02-02]
2015-02-12T15:37:14.572370-06:00 c0-0c1s0n2 pci 0000:00:03.2: PCI bridge to [bus 03-03]
2015-02-12T15:37:14.572511-06:00 c0-0c1s0n2 pci 0000:00:11.0: PCI bridge to [bus 04-04]
2015-02-12T15:37:14.597393-06:00 c0-0c1s0n2 pci 0000:00:1e.0: PCI bridge to [bus 05-05] (subtractive decode)
2015-02-12T15:37:14.597708-06:00 c0-0c1s0n2 pci0000:00: Unable to request _OSC control (_OSC support mask: 0x19)
2015-02-12T15:37:14.622954-06:00 c0-0c1s0n2 ACPI: PCI Root Bridge [UNC0] (domain 0000 [bus ff])
2015-02-12T15:37:14.647895-06:00 c0-0c1s0n2 pci0000:ff: Unable to request _OSC control (_OSC support mask: 0x19)
2015-02-12T15:37:14.673072-06:00 c0-0c1s0n2 ACPI: PCI Interrupt Link [LNKA] (IRQs 3 4 5 6 7 10 *11 12 14 15)
2015-02-12T15:37:14.673403-06:00 c0-0c1s0n2 ACPI: PCI Interrupt Link [LNKB] (IRQs 3 4 5 6 7 *10 11 12 14 15)
2015-02-12T15:37:14.673696-06:00 c0-0c1s0n2 ACPI: PCI Interrupt Link [LNKC] (IRQs 3 4 *5 6 10 11 12 14 15)
2015-02-12T15:37:14.698609-06:00 c0-0c1s0n2 ACPI: PCI Interrupt Link [LNKD] (IRQs *3 4 5 6 10 11 12 14 15)
2015-02-12T15:37:14.698977-06:00 c0-0c1s0n2 ACPI: PCI Interrupt Link [LNKE] (IRQs 3 4 5 6 7 10 11 12 14 15) *0
2015-02-12T15:37:14.723764-06:00 c0-0c1s0n2 ACPI: PCI Interrupt Link [LNKF] (IRQs 3 4 5 6 7 10 11 12 14 15) *0
2015-02-12T15:37:14.724132-06:00 c0-0c1s0n2 ACPI: PCI Interrupt Link [LNKG] (IRQs 3 4 5 6 7 10 11 12 14 15) *0
2015-02-12T15:37:14.749072-06:00 c0-0c1s0n2 ACPI: PCI Interrupt Link [LNKH] (IRQs 3 4 5 6 *7 10 11 12 14 15)
2015-02-12T15:37:14.749173-06:00 c0-0c1s0n2 vgaarb: loaded
2015-02-12T15:37:14.749336-06:00 c0-0c1s0n2 SCSI subsystem initialized
2015-02-12T15:37:14.774239-06:00 c0-0c1s0n2 PCI: Using ACPI for IRQ routing
2015-02-12T15:37:14.774551-06:00 c0-0c1s0n2 Switching to clocksource hpet
2015-02-12T15:37:14.774993-06:00 c0-0c1s0n2 pnp: PnP ACPI init
2015-02-12T15:37:14.799416-06:00 c0-0c1s0n2 ACPI: bus type pnp registered
2015-02-12T15:37:14.799740-06:00 c0-0c1s0n2 system 00:01: [mem 0xfc000000-0xfcffffff] has been reserved
2015-02-12T15:37:14.824617-06:00 c0-0c1s0n2 system 00:01: [mem 0xfd000000-0xfdffffff] has been reserved
2015-02-12T15:37:14.824936-06:00 c0-0c1s0n2 system 00:01: [mem 0xfe000000-0xfeafffff] has been reserved
2015-02-12T15:37:14.825213-06:00 c0-0c1s0n2 system 00:01: [mem 0xfeb00000-0xfebfffff] has been reserved
2015-02-12T15:37:14.850026-06:00 c0-0c1s0n2 system 00:01: [mem 0xfed00400-0xfed3ffff] could not be reserved
2015-02-12T15:37:14.850347-06:00 c0-0c1s0n2 system 00:01: [mem 0xfed45000-0xfedfffff] has been reserved
2015-02-12T15:37:14.875259-06:00 c0-0c1s0n2 system 00:02: [mem 0xfbffc000-0xfbffdfff] has been reserved
2015-02-12T15:37:14.875565-06:00 c0-0c1s0n2 system 00:06: [io  0x04d0-0x04d1] has been reserved
2015-02-12T15:37:14.875875-06:00 c0-0c1s0n2 system 00:08: [io  0x0400-0x0453] has been reserved
2015-02-12T15:37:14.900621-06:00 c0-0c1s0n2 system 00:08: [io  0x0458-0x047f] has been reserved
2015-02-12T15:37:14.900954-06:00 c0-0c1s0n2 system 00:08: [io  0x1180-0x119f] has been reserved
2015-02-12T15:37:14.925599-06:00 c0-0c1s0n2 system 00:08: [io  0x0500-0x057f] has been reserved
2015-02-12T15:37:14.926013-06:00 c0-0c1s0n2 system 00:08: [mem 0xfed1c000-0xfed1ffff] has been reserved
2015-02-12T15:37:14.926362-06:00 c0-0c1s0n2 system 00:08: [mem 0xfec00000-0xfecfffff] could not be reserved
2015-02-12T15:37:14.951130-06:00 c0-0c1s0n2 system 00:08: [mem 0xfed08000-0xfed08fff] has been reserved
2015-02-12T15:37:14.951416-06:00 c0-0c1s0n2 system 00:08: [mem 0xff000000-0xffffffff] has been reserved
2015-02-12T15:37:14.976094-06:00 c0-0c1s0n2 system 00:09: [io  0x0454-0x0457] has been reserved
2015-02-12T15:37:14.976407-06:00 c0-0c1s0n2 pnp: PnP ACPI: found 12 devices
2015-02-12T15:37:14.976585-06:00 c0-0c1s0n2 ACPI: ACPI bus type pnp unregistered
2015-02-12T15:37:15.001443-06:00 c0-0c1s0n2 pci 0000:00:02.0: PCI bridge to [bus 01-01]
2015-02-12T15:37:15.001726-06:00 c0-0c1s0n2 pci 0000:00:02.0:   bridge window [io  disabled]
2015-02-12T15:37:15.001986-06:00 c0-0c1s0n2 pci 0000:00:02.0:   bridge window [mem disabled]
2015-02-12T15:37:15.027065-06:00 c0-0c1s0n2 pci 0000:00:02.0:   bridge window [mem 0x3c0000000000-0x3c20000fffff 64bit pref]
2015-02-12T15:37:15.027326-06:00 c0-0c1s0n2 pci 0000:00:03.0: PCI bridge to [bus 02-02]
2015-02-12T15:37:15.052189-06:00 c0-0c1s0n2 pci 0000:00:03.0:   bridge window [io  disabled]
2015-02-12T15:37:15.052312-06:00 c0-0c1s0n2 pci 0000:00:03.0:   bridge window [mem 0xfbc00000-0xfbdfffff]
2015-02-12T15:37:15.052736-06:00 c0-0c1s0n2 pci 0000:00:03.0:   bridge window [mem 0x3c2001000000-0x3c20017fffff 64bit pref]
2015-02-12T15:37:15.077464-06:00 c0-0c1s0n2 pci 0000:00:03.2: PCI bridge to [bus 03-03]
2015-02-12T15:37:15.077750-06:00 c0-0c1s0n2 pci 0000:00:03.2:   bridge window [io  disabled]
2015-02-12T15:37:15.078029-06:00 c0-0c1s0n2 pci 0000:00:03.2:   bridge window [mem 0xfba00000-0xfbbfffff]
2015-02-12T15:37:15.102892-06:00 c0-0c1s0n2 pci 0000:00:03.2:   bridge window [mem 0x3c2000800000-0x3c2000ffffff 64bit pref]
2015-02-12T15:37:15.103084-06:00 c0-0c1s0n2 pci 0000:00:11.0: PCI bridge to [bus 04-04]
2015-02-12T15:37:15.127919-06:00 c0-0c1s0n2 pci 0000:00:11.0:   bridge window [io  0xe000-0xefff]
2015-02-12T15:37:15.128218-06:00 c0-0c1s0n2 pci 0000:00:11.0:   bridge window [mem 0xfbe00000-0xfbefffff]
2015-02-12T15:37:15.153066-06:00 c0-0c1s0n2 pci 0000:00:11.0:   bridge window [mem 0x3c2001800000-0x3c2001cfffff 64bit pref]
2015-02-12T15:37:15.153360-06:00 c0-0c1s0n2 pci 0000:00:1e.0: PCI bridge to [bus 05-05]
2015-02-12T15:37:15.153586-06:00 c0-0c1s0n2 pci 0000:00:1e.0:   bridge window [io  disabled]
2015-02-12T15:37:15.178380-06:00 c0-0c1s0n2 pci 0000:00:1e.0:   bridge window [mem disabled]
2015-02-12T15:37:15.178710-06:00 c0-0c1s0n2 pci 0000:00:1e.0:   bridge window [mem pref disabled]
2015-02-12T15:37:15.179002-06:00 c0-0c1s0n2 pci 0000:00:02.0: PCI INT A -> GSI 32 (level, low) -> IRQ 32
2015-02-12T15:37:15.203880-06:00 c0-0c1s0n2 pci 0000:00:03.0: PCI INT A -> GSI 40 (level, low) -> IRQ 40
2015-02-12T15:37:15.204176-06:00 c0-0c1s0n2 pci 0000:00:03.2: PCI INT A -> GSI 40 (level, low) -> IRQ 40
2015-02-12T15:37:15.229124-06:00 c0-0c1s0n2 pci 0000:00:11.0: PCI INT A -> GSI 16 (level, low) -> IRQ 16
2015-02-12T15:37:15.229302-06:00 c0-0c1s0n2 NET: Registered protocol family 2
2015-02-12T15:37:15.229697-06:00 c0-0c1s0n2 IP route cache hash table entries: 524288 (order: 10, 4194304 bytes)
2015-02-12T15:37:15.254646-06:00 c0-0c1s0n2 TCP established hash table entries: 524288 (order: 11, 8388608 bytes)
2015-02-12T15:37:15.279311-06:00 c0-0c1s0n2 TCP bind hash table entries: 65536 (order: 8, 1048576 bytes)
2015-02-12T15:37:15.316350-06:00 c0-0c1s0n2 TCP: Hash tables configured (established 524288 bind 65536)
2015-02-12T15:37:15.316470-06:00 c0-0c1s0n2 TCP reno registered
2015-02-12T15:37:15.316679-06:00 c0-0c1s0n2 UDP hash table entries: 32768 (order: 8, 1048576 bytes)
2015-02-12T15:37:15.316890-06:00 c0-0c1s0n2 UDP-Lite hash table entries: 32768 (order: 8, 1048576 bytes)
2015-02-12T15:37:15.317007-06:00 c0-0c1s0n2 NET: Registered protocol family 1
2015-02-12T15:37:15.356386-06:00 c0-0c1s0n2 RPC: Registered named UNIX socket transport module.
2015-02-12T15:37:15.356483-06:00 c0-0c1s0n2 RPC: Registered udp transport module.
2015-02-12T15:37:15.356579-06:00 c0-0c1s0n2 RPC: Registered tcp transport module.
2015-02-12T15:37:15.356778-06:00 c0-0c1s0n2 RPC: Registered tcp NFSv4.1 backchannel transport module.
2015-02-12T15:37:15.356946-06:00 c0-0c1s0n2 pci 0000:00:1a.0: PCI INT A -> GSI 16 (level, low) -> IRQ 16
2015-02-12T15:37:15.380641-06:00 c0-0c1s0n2 pci 0000:00:1a.0: PCI INT A disabled
2015-02-12T15:37:15.405674-06:00 c0-0c1s0n2 pci 0000:00:1d.0: PCI INT A -> GSI 23 (level, low) -> IRQ 23
2015-02-12T15:37:15.430718-06:00 c0-0c1s0n2 pci 0000:00:1d.0: PCI INT A disabled
2015-02-12T15:37:15.430838-06:00 c0-0c1s0n2 Trying to unpack rootfs image as initramfs...
2015-02-12T15:37:15.859482-06:00 c0-0c1s0n2 Freeing initrd memory: 12352k freed
2015-02-12T15:37:15.884392-06:00 c0-0c1s0n2 DMAR: Device scope device [0000:00:01.01] not found
2015-02-12T15:37:15.884635-06:00 c0-0c1s0n2 DMAR: Device scope device [0000:00:01.01] not found
2015-02-12T15:37:15.884879-06:00 c0-0c1s0n2 PCI-DMA: Using software bounce buffering for IO (SWIOTLB)
2015-02-12T15:37:15.910133-06:00 c0-0c1s0n2 Placing 64MB software IO TLB between ffff88007a67c000 - ffff88007e67c000
2015-02-12T15:37:15.935052-06:00 c0-0c1s0n2 software IO TLB at phys 0x7a67c000 - 0x7e67c000
2015-02-12T15:37:15.935322-06:00 c0-0c1s0n2 Machine check injector initialized
2015-02-12T15:37:15.935583-06:00 c0-0c1s0n2 futex hash table entries: 4096 (order: 6, 262144 bytes)
2015-02-12T15:37:15.960392-06:00 c0-0c1s0n2 Registering pnotify support for (name=job)
2015-02-12T15:37:15.960513-06:00 c0-0c1s0n2 CSA: initialized
2015-02-12T15:37:15.960758-06:00 c0-0c1s0n2 audit: initializing netlink socket (disabled)
2015-02-12T15:37:15.960918-06:00 c0-0c1s0n2 type=2000 audit(1423777030.532:1): initialized
2015-02-12T15:37:16.011420-06:00 c0-0c1s0n2 HugeTLB registered 2 MB page size, pre-allocated 0 pages
2015-02-12T15:37:16.036070-06:00 c0-0c1s0n2 VFS: Disk quotas dquot_6.5.2
2015-02-12T15:37:16.036407-06:00 c0-0c1s0n2 Dquot-cache hash table entries: 512 (order 0, 4096 bytes)
2015-02-12T15:37:16.036703-06:00 c0-0c1s0n2 Installing knfsd (copyright (C) 1996 okir@monad.swb.de).
2015-02-12T15:37:16.061427-06:00 c0-0c1s0n2 fuse init (API version 7.16)
2015-02-12T15:37:16.061572-06:00 c0-0c1s0n2 Installing v9fs 9p2000 file system support
2015-02-12T15:37:16.061685-06:00 c0-0c1s0n2 msgmni has been set to 32268
2015-02-12T15:37:16.061949-06:00 c0-0c1s0n2 Block layer SCSI generic (bsg) driver version 0.4 loaded (major 254)
2015-02-12T15:37:16.086729-06:00 c0-0c1s0n2 io scheduler noop registered (default)
2015-02-12T15:37:16.086865-06:00 c0-0c1s0n2 io scheduler deadline registered
2015-02-12T15:37:16.086912-06:00 c0-0c1s0n2 io scheduler cfq registered
2015-02-12T15:37:16.112084-06:00 c0-0c1s0n2 input: Power Button as PATH1228:PATH1229:PATH1230:PATH1231
2015-02-12T15:37:16.112118-06:00 c0-0c1s0n2 ACPI: Power Button [PWRB]
2015-02-12T15:37:16.137155-06:00 c0-0c1s0n2 input: Power Button as PATH1228:PATH1232:PATH1233
2015-02-12T15:37:16.137220-06:00 c0-0c1s0n2 ACPI: Power Button [PWRF]
2015-02-12T15:37:16.212894-06:00 c0-0c1s0n2 ERST: Error Record Serialization Table (ERST) support is disabled.
2015-02-12T15:37:16.237924-06:00 c0-0c1s0n2 GHES: HEST is not enabled!
2015-02-12T15:37:16.288550-06:00 c0-0c1s0n2 Serial: PATH1234 driver, 2 ports, IRQ sharing disabled
2015-02-12T15:37:16.288605-06:00 c0-0c1s0n2 serial8250: ttyS0 at PATH1235 0x3f8 (irq = 4) is a 16550A
2015-02-12T15:37:16.364260-06:00 c0-0c1s0n2 serial8250: ttyS1 at PATH1235 0x2f8 (irq = 3) is a 16550A
2015-02-12T15:37:16.465014-06:00 c0-0c1s0n2 Real Time Clock Driver v1.12b
2015-02-12T15:37:16.465157-06:00 c0-0c1s0n2 Linux agpgart interface v0.103
2015-02-12T15:37:16.465338-06:00 c0-0c1s0n2 brd: module loaded
2015-02-12T15:37:16.465463-06:00 c0-0c1s0n2 loop: module loaded
2015-02-12T15:37:16.490286-06:00 c0-0c1s0n2 Loading iSCSI transport class v2.0-870.
2015-02-12T15:37:16.490400-06:00 c0-0c1s0n2 iscsi: registered transport (tcp)
2015-02-12T15:37:16.490521-06:00 c0-0c1s0n2 Rounding down aligned max_sectors from 4294967295 to 4294967288
2015-02-12T15:37:16.515528-06:00 c0-0c1s0n2 console [netcon0] enabled
2015-02-12T15:37:16.515612-06:00 c0-0c1s0n2 netconsole: network logging started
2015-02-12T15:37:16.515762-06:00 c0-0c1s0n2 i8042: PNP: No PATH1236 controller found. Probing ports directly.
2015-02-12T15:37:17.073013-06:00 c0-0c1s0n2 Refined TSC clocksource calibration: 2599.999 MHz.
2015-02-12T15:37:17.073026-06:00 c0-0c1s0n2 Switching to clocksource tsc
2015-02-12T15:37:17.548752-06:00 c0-0c1s0n2 i8042: No controller found
2015-02-12T15:37:17.573578-06:00 c0-0c1s0n2 EDAC MC: Ver: 2.1.0
2015-02-12T15:37:17.573831-06:00 c0-0c1s0n2 cpuidle: using governor ladder
2015-02-12T15:37:17.574119-06:00 c0-0c1s0n2 cpuidle: using governor menu
2015-02-12T15:37:17.598784-06:00 c0-0c1s0n2 oprofile: using NMI interrupt.
2015-02-12T15:37:17.598874-06:00 c0-0c1s0n2 TCP cubic registered
2015-02-12T15:37:17.599025-06:00 c0-0c1s0n2 NET: Registered protocol family 10
2015-02-12T15:37:17.599166-06:00 c0-0c1s0n2 IPv6 over IPv4 tunneling driver
2015-02-12T15:37:17.624103-06:00 c0-0c1s0n2 NET: Registered protocol family 17
2015-02-12T15:37:17.624232-06:00 c0-0c1s0n2 Installing 9P2000 support
2015-02-12T15:37:17.624334-06:00 c0-0c1s0n2 Registering the dns_resolver key type
2015-02-12T15:37:17.624472-06:00 c0-0c1s0n2 registered taskstats version 1
2015-02-12T15:37:17.649414-06:00 c0-0c1s0n2 Freeing unused kernel memory: 692k freed
2015-02-12T15:37:17.725149-06:00 c0-0c1s0n2 ghal_init:Cray(R) Gemini Hardware Abstraction Layer - version 1.0107
2015-02-12T15:37:17.725241-06:00 c0-0c1s0n2 ghal_init:Copyright (C) 2007-1012 Cray Inc.
2015-02-12T15:37:17.751234-06:00 c0-0c1s0n2 ghal 0000:01:00.1: enabling device (0000 -> 0002)
2015-02-12T15:37:17.776470-06:00 c0-0c1s0n2 udev: starting version 147
2015-02-12T15:37:17.776481-06:00 c0-0c1s0n2 simplex: module license 'unspecified' taints kernel.
2015-02-12T15:37:17.776556-06:00 c0-0c1s0n2 hss-os: communication area 0xffff881009b3ca00 (phys 0x1009b3ca00)
2015-02-12T15:37:17.776581-06:00 c0-0c1s0n2 hss-os: new channel 1
2015-02-12T15:37:19.313265-06:00 c0-0c1s0n2 request_sys_info_from_L0: No tile dimension data
2015-02-12T15:37:19.313281-06:00 c0-0c1s0n2 hss-os: new channel 2
2015-02-12T15:37:19.313288-06:00 c0-0c1s0n2 kgni_init:Cray(R) Gemini Network Interface - Sep 17 2014 version 0x004500b7 rev 9750
2015-02-12T15:37:19.313294-06:00 c0-0c1s0n2 kgni_init:Copyright (C) 2007,2008 Cray Inc.
2015-02-12T15:37:19.313299-06:00 c0-0c1s0n2 ipogif_init:Cray(R) Gemini IP over Fabric device driver - version 0.17
2015-02-12T15:37:19.313303-06:00 c0-0c1s0n2 ipogif_init:Copyright (C) 2007 Cray Inc.
2015-02-12T15:37:19.313353-06:00 c0-0c1s0n2 ipogif_probe:Immediate checksum off
2015-02-12T15:37:19.313361-06:00 c0-0c1s0n2 Cray(R) Gemini Performance Counter Daemon - version 0.1
2015-02-12T15:37:19.313368-06:00 c0-0c1s0n2 GEMINI Performance Counter Daemon.
2015-02-12T15:37:19.313375-06:00 c0-0c1s0n2 Cray(R) Kernel Dynamic Registration (KDREG) Interface - version 0x2243e
2015-02-12T15:37:19.313405-06:00 c0-0c1s0n2 Copyright (C) 2004-5 Pete Wyckoff - modified by Cray(R)
2015-02-12T15:37:19.313428-06:00 c0-0c1s0n2 ipogif_up:Bringing interface up
2015-02-12T15:37:19.313438-06:00 c0-0c1s0n2 Sending ec_node_info with boot code 0 (NODE_INFO_OS_BOOT) for nid 66
2015-02-12T15:37:19.313443-06:00 c0-0c1s0n2 net.core.rmem_max = 16777216
2015-02-12T15:37:19.313450-06:00 c0-0c1s0n2 net.core.wmem_max = 16777216
2015-02-12T15:37:19.313461-06:00 c0-0c1s0n2 net.core.rmem_default = 16777216
2015-02-12T15:37:19.313469-06:00 c0-0c1s0n2 net.core.wmem_default = 16777216
2015-02-12T15:37:19.313475-06:00 c0-0c1s0n2 net.core.optmem_max = 16777216
2015-02-12T15:37:19.313488-06:00 c0-0c1s0n2 net.ipv4.tcp_mem = 16777216 16777216 16777216
2015-02-12T15:37:19.313495-06:00 c0-0c1s0n2 net.ipv4.tcp_rmem = 4096 87380 16777216
2015-02-12T15:37:19.313507-06:00 c0-0c1s0n2 net.ipv4.tcp_wmem = 4096 65536 16777216
2015-02-12T15:37:19.313528-06:00 c0-0c1s0n2 Using rootfs config: nfs-shared...
2015-02-12T15:37:19.313538-06:00 c0-0c1s0n2 rootfs mount succeeded.
2015-02-12T15:37:19.313548-06:00 c0-0c1s0n2 **********************************************************
2015-02-12T15:37:19.313557-06:00 c0-0c1s0n2    HOSTNAME: nid00066
2015-02-12T15:37:19.313563-06:00 c0-0c1s0n2 **********************************************************
2015-02-12T15:37:19.313573-06:00 c0-0c1s0n2 ipogif0   Link encap:Ethernet  HWaddr 00:01:01:00:00:42  
2015-02-12T15:37:19.313587-06:00 c0-0c1s0n2          inet addr:IPADDR20  Mask:IPADDR15
2015-02-12T15:37:19.313612-06:00 c0-0c1s0n2          inet6 addr: fe80::201:1ff:fe00:PATH1278 Scope:Link
2015-02-12T15:37:19.313618-06:00 c0-0c1s0n2          UP RUNNING NOARP  MTU:65520  Metric:1
2015-02-12T15:37:19.313625-06:00 c0-0c1s0n2          RX packets:21 errors:0 dropped:0 overruns:0 frame:0
2015-02-12T15:37:19.313631-06:00 c0-0c1s0n2          TX packets:28 errors:0 dropped:0 overruns:0 carrier:0
2015-02-12T15:37:19.313636-06:00 c0-0c1s0n2          collisions:0 txqueuelen:1000 
2015-02-12T15:37:19.313648-06:00 c0-0c1s0n2          RX bytes:2496 (2.4 KiB)  TX bytes:2540 (2.4 KiB)
2015-02-12T15:37:19.313655-06:00 c0-0c1s0n2 lo        Link encap:Local Loopback  
2015-02-12T15:37:19.313665-06:00 c0-0c1s0n2          inet addr:IPADDR18  Mask:IPADDR24
2015-02-12T15:37:19.313672-06:00 c0-0c1s0n2          inet6 addr: ::PATH1252 Scope:Host
2015-02-12T15:37:19.313679-06:00 c0-0c1s0n2          UP LOOPBACK RUNNING  MTU:16436  Metric:1
2015-02-12T15:37:19.313686-06:00 c0-0c1s0n2          RX packets:0 errors:0 dropped:0 overruns:0 frame:0
2015-02-12T15:37:19.313692-06:00 c0-0c1s0n2          TX packets:0 errors:0 dropped:0 overruns:0 carrier:0
2015-02-12T15:37:19.313709-06:00 c0-0c1s0n2          collisions:0 txqueuelen:0 
2015-02-12T15:37:19.313716-06:00 c0-0c1s0n2          RX bytes:0 (0.0 B)  TX bytes:0 (0.0 B)
2015-02-12T15:37:19.313727-06:00 c0-0c1s0n2 Mounting NID specific PATH1253 (nid=66)...
2015-02-12T15:37:19.313734-06:00 c0-0c1s0n2 done.
2015-02-12T15:37:19.313745-06:00 c0-0c1s0n2 INIT: version 2.86 booting
2015-02-12T15:37:19.313754-06:00 c0-0c1s0n2 System Boot Control: Running PATH1254
2015-02-12T15:37:19.313865-06:00 c0-0c1s0n2 Mounting sysfs at PATH12557[?25l
2015-02-12T15:37:19.313882-06:00 c0-0c1s0n2 [80C[10D[1;32mdone[m8[?25h
2015-02-12T15:37:19.340259-06:00 c0-0c1s0n2 Copying static PATH1256 content7[?25l
2015-02-12T15:37:19.340266-06:00 c0-0c1s0n2 [80C[10D[1;32mdone[m8[?25h
2015-02-12T15:37:19.340295-06:00 c0-0c1s0n2 Mounting tmpfs at PATH12577[?25l
2015-02-12T15:37:19.340305-06:00 c0-0c1s0n2 [80C[10D[1;32mdone[m8[?25h
2015-02-12T15:37:19.340310-06:00 c0-0c1s0n2 Mounting devpts at PATH12587[?25l
2015-02-12T15:37:19.340315-06:00 c0-0c1s0n2 [80C[10D[1;32mdone[m8[?25h
2015-02-12T15:37:19.364183-06:00 c0-0c1s0n2 Boot logging started on PATH1259(PATH1260) at Thu Feb 12 15:37:13 2015
2015-02-12T15:37:19.400886-06:00 c0-0c1s0n2 Mounting debugfs at PATH12617[?25l
2015-02-12T15:37:19.400901-06:00 c0-0c1s0n2 [80C[10D[1;32mdone[m8[?25h
2015-02-12T15:37:19.451544-06:00 c0-0c1s0n2 [m[?25hNo efivars filesystem driver available.[m[?25hStarting udevd: udev: starting version 147
2015-02-12T15:37:19.476500-06:00 c0-0c1s0n2 7[?25l
2015-02-12T15:37:19.476539-06:00 c0-0c1s0n2 [80C[10D[1;32mdone[m8[?25h
2015-02-12T15:37:19.527112-06:00 c0-0c1s0n2 Loading drivers, configuring devices: Compat-rdma backport release: ac916cb
2015-02-12T15:37:19.527255-06:00 c0-0c1s0n2 usbcore: registered new interface driver usbfs
2015-02-12T15:37:19.527374-06:00 c0-0c1s0n2 usbcore: registered new interface driver hub
2015-02-12T15:37:19.552167-06:00 c0-0c1s0n2 usbcore: registered new device driver usb
2015-02-12T15:37:19.552404-06:00 c0-0c1s0n2 ahci 0000:00:1f.2: PCI INT B -> GSI 19 (level, low) -> IRQ 19
2015-02-12T15:37:19.552487-06:00 c0-0c1s0n2 ehci_hcd: USB 2.0 'Enhanced' Host Controller (EHCI) Driver
2015-02-12T15:37:19.577537-06:00 c0-0c1s0n2 Backport based on git:PATH1237 5268562
2015-02-12T15:37:19.577749-06:00 c0-0c1s0n2 ahci 0000:00:1f.2: forcing PORTS_IMPL to 0x3f
2015-02-12T15:37:19.602852-06:00 c0-0c1s0n2 ahci 0000:00:1f.2: AHCI 0001.0300 32 slots 6 ports 6 Gbps 0x3f impl SATA mode
2015-02-12T15:37:19.603049-06:00 c0-0c1s0n2 ahci 0000:00:1f.2: flags: 64bit ncq sntf pm led clo pio slum part ems apst 
2015-02-12T15:37:19.603078-06:00 c0-0c1s0n2 scsi0 : ahci
2015-02-12T15:37:19.628180-06:00 c0-0c1s0n2 compat.git: git:PATH1237
2015-02-12T15:37:19.628256-06:00 c0-0c1s0n2 scsi1 : ahci
2015-02-12T15:37:19.628292-06:00 c0-0c1s0n2 scsi2 : ahci
2015-02-12T15:37:19.628342-06:00 c0-0c1s0n2 scsi3 : ahci
2015-02-12T15:37:19.628447-06:00 c0-0c1s0n2 scsi4 : ahci
2015-02-12T15:37:19.628460-06:00 c0-0c1s0n2 scsi5 : ahci
2015-02-12T15:37:19.653163-06:00 c0-0c1s0n2 ata2: SATA max PATH1238 abar m2048@0xfbf00000 port 0xfbf00100 irq 164
2015-02-12T15:37:19.653338-06:00 c0-0c1s0n2 ata3: SATA max PATH1238 abar m2048@0xfbf00000 port 0xfbf00180 irq 164
2015-02-12T15:37:19.678547-06:00 c0-0c1s0n2 ata4: SATA max PATH1238 abar m2048@0xfbf00000 port 0xfbf00200 irq 164
2015-02-12T15:37:19.678776-06:00 c0-0c1s0n2 ata5: SATA max PATH1238 abar m2048@0xfbf00000 port 0xfbf00280 irq 164
2015-02-12T15:37:19.704203-06:00 c0-0c1s0n2 ata6: SATA max PATH1238 abar m2048@0xfbf00000 port 0xfbf00300 irq 164
2015-02-12T15:37:19.729298-06:00 c0-0c1s0n2 ata7: SATA max PATH1238 abar m2048@0xfbf00000 port 0xfbf00380 irq 164
2015-02-12T15:37:19.730309-06:00 c0-0c1s0n2 ehci_hcd 0000:00:1a.0: PCI INT A -> GSI 16 (level, low) -> IRQ 16
2015-02-12T15:37:19.730325-06:00 c0-0c1s0n2 ehci_hcd 0000:00:1a.0: EHCI Host Controller
2015-02-12T15:37:19.730336-06:00 c0-0c1s0n2 ehci_hcd 0000:00:1a.0: new USB bus registered, assigned bus number 1
2015-02-12T15:37:19.730347-06:00 c0-0c1s0n2 mlx4_core: Mellanox ConnectX core driver v1.1 (Dec, 2011)
2015-02-12T15:37:19.755336-06:00 c0-0c1s0n2 mlx4_core: Initializing 0000:02:00.0
2015-02-12T15:37:19.780539-06:00 c0-0c1s0n2 mlx4_core 0000:02:00.0: PCI INT A -> GSI 40 (level, low) -> IRQ 40
2015-02-12T15:37:19.780569-06:00 c0-0c1s0n2 ehci_hcd 0000:00:1a.0: debug port 2
2015-02-12T15:37:19.821748-06:00 c0-0c1s0n2 ehci_hcd 0000:00:1a.0: irq 16, io mem 0xfbf02000
2015-02-12T15:37:19.821761-06:00 c0-0c1s0n2 ehci_hcd 0000:00:1a.0: USB 2.0 started, EHCI 1.00
2015-02-12T15:37:19.821772-06:00 c0-0c1s0n2 hub 1-0:1.0: USB hub found
2015-02-12T15:37:19.821959-06:00 c0-0c1s0n2 hub 1-0:1.0: 2 ports detected
2015-02-12T15:37:19.846109-06:00 c0-0c1s0n2 ehci_hcd 0000:00:1d.0: PCI INT A -> GSI 23 (level, low) -> IRQ 23
2015-02-12T15:37:19.846186-06:00 c0-0c1s0n2 ehci_hcd 0000:00:1d.0: EHCI Host Controller
2015-02-12T15:37:19.871461-06:00 c0-0c1s0n2 ehci_hcd 0000:00:1d.0: new USB bus registered, assigned bus number 2
2015-02-12T15:37:19.896800-06:00 c0-0c1s0n2 ehci_hcd 0000:00:1d.0: debug port 2
2015-02-12T15:37:19.896816-06:00 c0-0c1s0n2 ehci_hcd 0000:00:1d.0: irq 23, io mem 0xfbf01000
2015-02-12T15:37:19.896976-06:00 c0-0c1s0n2 ehci_hcd 0000:00:1d.0: USB 2.0 started, EHCI 1.00
2015-02-12T15:37:19.897049-06:00 c0-0c1s0n2 hub 2-0:1.0: USB hub found
2015-02-12T15:37:19.921752-06:00 c0-0c1s0n2 hub 2-0:1.0: 2 ports detected
2015-02-12T15:37:20.171535-06:00 c0-0c1s0n2 usb 1-1: new high-speed USB device number 2 using ehci_hcd
2015-02-12T15:37:20.272606-06:00 c0-0c1s0n2 hub 1-1:1.0: USB hub found
2015-02-12T15:37:20.272681-06:00 c0-0c1s0n2 hub 1-1:1.0: 6 ports detected
2015-02-12T15:37:20.398852-06:00 c0-0c1s0n2 usb 2-1: new high-speed USB device number 2 using ehci_hcd
2015-02-12T15:37:20.550048-06:00 c0-0c1s0n2 hub 2-1:1.0: USB hub found
2015-02-12T15:37:20.550163-06:00 c0-0c1s0n2 hub 2-1:1.0: 8 ports detected
2015-02-12T15:37:20.676174-06:00 c0-0c1s0n2 ata3: failed to resume link (SControl 0)
2015-02-12T15:37:20.676251-06:00 c0-0c1s0n2 ata3: SATA link down (SStatus 0 SControl 0)
2015-02-12T15:37:20.676352-06:00 c0-0c1s0n2 ata5: failed to resume link (SControl 0)
2015-02-12T15:37:20.676442-06:00 c0-0c1s0n2 ata5: SATA link down (SStatus 0 SControl 0)
2015-02-12T15:37:20.676484-06:00 c0-0c1s0n2 ata2: failed to resume link (SControl 0)
2015-02-12T15:37:20.676545-06:00 c0-0c1s0n2 ata2: SATA link down (SStatus 0 SControl 0)
2015-02-12T15:37:20.701384-06:00 c0-0c1s0n2 ata4: failed to resume link (SControl 0)
2015-02-12T15:37:20.701529-06:00 c0-0c1s0n2 ata4: SATA link down (SStatus 0 SControl 0)
2015-02-12T15:37:20.701583-06:00 c0-0c1s0n2 ata6: failed to resume link (SControl 0)
2015-02-12T15:37:20.726676-06:00 c0-0c1s0n2 ata6: SATA link down (SStatus 0 SControl 0)
2015-02-12T15:37:20.726781-06:00 c0-0c1s0n2 ata7: failed to resume link (SControl 0)
2015-02-12T15:37:20.726823-06:00 c0-0c1s0n2 ata7: SATA link down (SStatus 0 SControl 0)
2015-02-12T15:37:28.009493-06:00 c0-0c1s0n2 mlx4_core 0000:02:00.0: 64B PATH1239 supported by the device but not enabled
2015-02-12T15:37:28.666804-06:00 c0-0c1s0n2 mlx4_core: Initializing 0000:03:00.0
2015-02-12T15:37:28.691978-06:00 c0-0c1s0n2 mlx4_core 0000:03:00.0: PCI INT A -> GSI 42 (level, low) -> IRQ 42
2015-02-12T15:37:36.897991-06:00 c0-0c1s0n2 mlx4_core 0000:03:00.0: 64B PATH1239 supported by the device but not enabled
2015-02-12T15:37:37.697538-06:00 c0-0c1s0n2 7[?25l
2015-02-12T15:37:37.697554-06:00 c0-0c1s0n2 [80C[10D[1;32mdone[m8[?25h
2015-02-12T15:37:37.763762-06:00 c0-0c1s0n2 [m[?25hMounting PATH1262 from IPADDR13. Checking for nid=66 existance.
2015-02-12T15:37:37.885396-06:00 c0-0c1s0n2 7[?25l
2015-02-12T15:37:37.885403-06:00 c0-0c1s0n2 [80C[10D[1;32mdone[m8[?25h
2015-02-12T15:37:37.935808-06:00 c0-0c1s0n2 Mounting tmpfs on PATH12637[?25l
2015-02-12T15:37:37.935819-06:00 c0-0c1s0n2 [80C[10D[1;32mdone[m8[?25h
2015-02-12T15:37:37.935872-06:00 c0-0c1s0n2 Running sysctl using values from PATH1264
2015-02-12T15:37:37.935893-06:00 c0-0c1s0n2 net.ipv4.icmp_echo_ignore_broadcasts = 1
2015-02-12T15:37:37.960988-06:00 c0-0c1s0n2 net.ipv4.conf.all.rp_filter = 1
2015-02-12T15:37:37.961018-06:00 c0-0c1s0n2 fs.inotify.max_user_watches = 65536
2015-02-12T15:37:37.961040-06:00 c0-0c1s0n2 net.ipv4.conf.default.promote_secondaries = 1
2015-02-12T15:37:37.961073-06:00 c0-0c1s0n2 net.ipv4.conf.all.promote_secondaries = 1
2015-02-12T15:37:37.961091-06:00 c0-0c1s0n2 vm.min_free_kbytes = 102400
2015-02-12T15:37:37.961112-06:00 c0-0c1s0n2 7[?25l
2015-02-12T15:37:37.961120-06:00 c0-0c1s0n2 [80C[10D[1;32mdone[m8[?25h
2015-02-12T15:37:37.961159-06:00 c0-0c1s0n2 [m[?25hActivating swap-devices in PATH1265
2015-02-12T15:37:37.961189-06:00 c0-0c1s0n2 7[?25l[1A
2015-02-12T15:37:37.961195-06:00 c0-0c1s0n2 [80C[10D[1;32mdone[m8[?25hroot file system (PATH24) is NOT being checked.
2015-02-12T15:37:38.365913-06:00 c0-0c1s0n2 [m[?25hSet System Time to the current Hardware Clock7[?25l
2015-02-12T15:37:38.365923-06:00 c0-0c1s0n2 [80C[10D[1;32mdone[m8[?25h
2015-02-12T15:37:38.366014-06:00 c0-0c1s0n2 [m[?25hActivating device mapper...
2015-02-12T15:37:38.391191-06:00 c0-0c1s0n2 device-mapper: ioctl: 4.23.0-ioctl (2012-07-25) initialised: dm-devel@redhat.com
2015-02-12T15:37:38.391218-06:00 c0-0c1s0n2 7[?25l
2015-02-12T15:37:38.391224-06:00 c0-0c1s0n2 [80C[10D[1;32mdone[m8[?25h
2015-02-12T15:37:38.416397-06:00 c0-0c1s0n2 [m[?25hLoading required kernel modules
2015-02-12T15:37:38.441604-06:00 c0-0c1s0n2 7[?25l[1A
2015-02-12T15:37:38.441614-06:00 c0-0c1s0n2 [80C[10D[1;32mdone[m8[?25h[m[?25h[m[?25hWaiting for udev to settle...
2015-02-12T15:37:38.466830-06:00 c0-0c1s0n2 Scanning for LVM volume groups...
2015-02-12T15:37:38.466893-06:00 c0-0c1s0n2  Reading all physical volumes.  This may take a while...
2015-02-12T15:37:38.466917-06:00 c0-0c1s0n2  No volume groups found
2015-02-12T15:37:38.466959-06:00 c0-0c1s0n2  No volume groups found
2015-02-12T15:37:38.466985-06:00 c0-0c1s0n2 Activating LVM volume groups...
2015-02-12T15:37:38.492139-06:00 c0-0c1s0n2  PARTIAL MODE. Incomplete logical volumes will be processed.
2015-02-12T15:37:38.492183-06:00 c0-0c1s0n2  No volume groups found
2015-02-12T15:37:38.492202-06:00 c0-0c1s0n2 7[?25l
2015-02-12T15:37:38.492209-06:00 c0-0c1s0n2 [80C[10D[1;32mdone[m8[?25h
2015-02-12T15:37:38.492256-06:00 c0-0c1s0n2 [m[?25hNo fibre channel cards present.  Not waiting for disk devices. 
2015-02-12T15:37:38.542660-06:00 c0-0c1s0n2 [m[?25hChecking file systems...
2015-02-12T15:37:38.542689-06:00 c0-0c1s0n2 fsck from util-linux 2.19.1
2015-02-12T15:37:38.542705-06:00 c0-0c1s0n2 Checking all file systems.
2015-02-12T15:37:38.542720-06:00 c0-0c1s0n2 7[?25l[1A
2015-02-12T15:37:38.542734-06:00 c0-0c1s0n2 [80C[10D[1;32mdone[m8[?25hMounting local file systems...
2015-02-12T15:37:38.567869-06:00 c0-0c1s0n2 nothing was mounted
2015-02-12T15:37:38.816183-06:00 c0-0c1s0n2 7[?25l[1A
2015-02-12T15:37:38.816196-06:00 c0-0c1s0n2 [80C[10D[1;32mdone[m8[?25h[m[?25hCheck if the profiles matches the system7[?25l
2015-02-12T15:37:38.816220-06:00 c0-0c1s0n2 [80C[10D[1;32mdone[m8[?25h
2015-02-12T15:37:38.841485-06:00 c0-0c1s0n2 [m[?25hEnabling monitoring on LVM volume groups...
2015-02-12T15:37:38.841530-06:00 c0-0c1s0n2  No volume groups found
2015-02-12T15:37:38.841571-06:00 c0-0c1s0n2 7[?25l
2015-02-12T15:37:38.841580-06:00 c0-0c1s0n2 [80C[10D[1;32mdone[m8[?25h
2015-02-12T15:37:38.917119-06:00 c0-0c1s0n2 [m[?25h[m[?25h[m[?25h[m[?25h[m[?25hTurning quota on
2015-02-12T15:37:38.917156-06:00 c0-0c1s0n2 Checking quotas. This may take some time.
2015-02-12T15:37:38.942292-06:00 c0-0c1s0n2 7[?25l
2015-02-12T15:37:38.942304-06:00 c0-0c1s0n2 [80C[10D[1;32mdone[m8[?25h
2015-02-12T15:37:38.942335-06:00 c0-0c1s0n2 [m[?25hSetting current sysctl status from PATH12647[?25l
2015-02-12T15:37:38.942346-06:00 c0-0c1s0n2 [80C[10D[1;32mdone[m8[?25h
2015-02-12T15:37:39.094667-06:00 c0-0c1s0n2 [m[?25hATTENTION: You have modified PATH3931  Leaving it untouched...
2015-02-12T15:37:39.119903-06:00 c0-0c1s0n2 You can find my version in PATH350781 ...
2015-02-12T15:37:39.119936-06:00 c0-0c1s0n2 touch: cannot touch `PATH1267': Read-only file system
2015-02-12T15:37:39.119956-06:00 c0-0c1s0n2 chmod: cannot access `PATH1267': No such file or directory
2015-02-12T15:37:39.119973-06:00 c0-0c1s0n2 touch: cannot touch `PATH1267': Read-only file system
2015-02-12T15:37:39.145132-06:00 c0-0c1s0n2 [m[?25hSystem Boot Control: The system has been 
2015-02-12T15:37:39.145142-06:00 c0-0c1s0n2 [80C[10D[1mset up[m
2015-02-12T15:37:39.145165-06:00 c0-0c1s0n2 Skipped features: [80C[19D[1;33mboot.efivars[m
2015-02-12T15:37:39.145179-06:00 c0-0c1s0n2 System Boot Control: Running PATH1268
2015-02-12T15:37:39.170358-06:00 c0-0c1s0n2 7[?25l[1A
2015-02-12T15:37:39.170368-06:00 c0-0c1s0n2 [8
2015-02-12T15:37:39.170373-06:00 c0-0c1s0n2 INIT: Entering runlevel: 3
2015-02-12T15:37:39.195616-06:00 c0-0c1s0n2 Master Resource Control: previous runlevel: N, switching to runlevel: 
2015-02-12T15:37:39.195627-06:00 c0-0c1s0n2 [80C[10D[1m3[m
2015-02-12T15:37:39.220803-06:00 c0-0c1s0n2 Starting batchlimitd
2015-02-12T15:37:39.246065-06:00 c0-0c1s0n2 [m[?25hLoading nic compatibility device7[?25l
2015-02-12T15:37:39.246073-06:00 c0-0c1s0n2 [80C[10D[1;32mdone[m8[?25h
2015-02-12T15:37:39.360037-06:00 c0-0c1s0n2 [m[?25hbpmcd_init: Power statistics available in PATH1240
2015-02-12T15:37:39.411806-06:00 c0-0c1s0n2 [m[?25hStarting D-Bus daemon7[?25l
2015-02-12T15:37:39.411815-06:00 c0-0c1s0n2 [80C[10D[1;32mdone[m8[?25h
2015-02-12T15:37:39.445480-06:00 c0-0c1s0n2 [m[?25hiSCSI Enterprise Target Software - version trunk
2015-02-12T15:37:39.470771-06:00 c0-0c1s0n2 iscsi_trgt: Registered io type fileio
2015-02-12T15:37:39.470795-06:00 c0-0c1s0n2 iscsi_trgt: Registered io type blockio
2015-02-12T15:37:39.470820-06:00 c0-0c1s0n2 iscsi_trgt: Registered io type nullio
2015-02-12T15:37:39.495953-06:00 c0-0c1s0n2 [m[?25hLNet: HW CPU cores: 16, npartitions: 4
2015-02-12T15:37:44.543079-06:00 c0-0c1s0n2 PATH3933: line 179: lctl: command not found
2015-02-12T15:37:44.568306-06:00 c0-0c1s0n2 [m[?25hRemoving old kernel packages...
2015-02-12T15:37:44.568315-06:00 c0-0c1s0n2 rm: cannot remove `PATH1269': Read-only file system
2015-02-12T15:37:44.593531-06:00 c0-0c1s0n2 PATH1270: multiversion.kernels not configured in PATH1271, exiting.
2015-02-12T15:37:44.593553-06:00 c0-0c1s0n2 7[?25l
2015-02-12T15:37:44.593558-06:00 c0-0c1s0n2 [80C[10D[1;32mdone[m8[?25h
2015-02-12T15:37:44.618715-06:00 c0-0c1s0n2 [m[?25hInitializing random number generator7[?25l
2015-02-12T15:37:44.618734-06:00 c0-0c1s0n2 [80C[10D[1;32mdone[m8[?25h
2015-02-12T15:37:45.744333-06:00 c0-0c1s0n2 [m[?25hmlx4_core 0000:03:00.0: PCI INT A disabled
2015-02-12T15:37:47.637256-06:00 c0-0c1s0n2 mlx4_core 0000:02:00.0: PCI INT A disabled
2015-02-12T15:37:47.749135-06:00 c0-0c1s0n2 Compat-rdma backport release: ac916cb
2015-02-12T15:37:47.749156-06:00 c0-0c1s0n2 Backport based on git:PATH1237 5268562
2015-02-12T15:37:47.749166-06:00 c0-0c1s0n2 compat.git: git:PATH1237
2015-02-12T15:37:47.774887-06:00 c0-0c1s0n2 mlx4_core: Mellanox ConnectX core driver v1.1 (Dec, 2011)
2015-02-12T15:37:47.774911-06:00 c0-0c1s0n2 mlx4_core: Initializing 0000:02:00.0
2015-02-12T15:37:47.805332-06:00 c0-0c1s0n2 mlx4_core 0000:02:00.0: PCI INT A -> GSI 40 (level, low) -> IRQ 40
2015-02-12T15:37:56.038269-06:00 c0-0c1s0n2 mlx4_core 0000:02:00.0: 64B PATH1239 supported by the device but not enabled
2015-02-12T15:37:56.721384-06:00 c0-0c1s0n2 mlx4_core: Initializing 0000:03:00.0
2015-02-12T15:37:56.721408-06:00 c0-0c1s0n2 mlx4_core 0000:03:00.0: PCI INT A -> GSI 42 (level, low) -> IRQ 42
2015-02-12T15:38:05.061875-06:00 c0-0c1s0n2 mlx4_core 0000:03:00.0: 64B PATH1239 supported by the device but not enabled
2015-02-12T15:38:05.651931-06:00 c0-0c1s0n2 <mlx4_ib> mlx4_ib_add: mlx4_ib: Mellanox ConnectX InfiniBand driver v1.0 (April 4, 2008)
2015-02-12T15:38:05.850214-06:00 c0-0c1s0n2 Loading HCA driver and Access Layer:[60G[  [1;32mOK[0;39m  ]
2015-02-12T15:38:05.875423-06:00 c0-0c1s0n2 Setting up InfiniBand network interfaces:
2015-02-12T15:38:05.926158-06:00 c0-0c1s0n2    ib0       device: Mellanox Technologies MT27500 Family [ConnectX-3]
2015-02-12T15:38:06.025644-06:00 c0-0c1s0n2 ib0: multicast join failed for ff12:401b:ffff:0000:0000:0000:ffff:ffff, status -22
2015-02-12T15:38:06.025676-06:00 c0-0c1s0n2 ADDRCONF(NETDEV_UP): ib0: link is not ready
2015-02-12T15:38:07.193379-06:00 c0-0c1s0n2 ib0: enabling connected mode will cause multicast packet drops
2015-02-12T15:38:07.218601-06:00 c0-0c1s0n2 ib0: mtu > 4092 will cause multicast packet drops.
2015-02-12T15:38:07.218630-06:00 c0-0c1s0n2 Bringing up interface ib0:[60G[  [1;32mOK[0;39m  ]
2015-02-12T15:38:07.218639-06:00 c0-0c1s0n2 No configuration found for ib1
2015-02-12T15:38:08.036538-06:00 c0-0c1s0n2 ib0: multicast join failed for ff12:401b:ffff:0000:0000:0000:ffff:ffff, status -22
2015-02-12T15:38:08.211582-06:00 c0-0c1s0n2 ib1: enabling connected mode will cause multicast packet drops
2015-02-12T15:38:08.211598-06:00 c0-0c1s0n2 ib1: mtu > 4092 will cause multicast packet drops.
2015-02-12T15:38:08.261181-06:00 c0-0c1s0n2    ib2       device: Mellanox Technologies MT27500 Family [ConnectX-3]
2015-02-12T15:38:08.349420-06:00 c0-0c1s0n2 ib2: multicast join failed for ff12:401b:ffff:0000:0000:0000:ffff:ffff, status -22
2015-02-12T15:38:08.349447-06:00 c0-0c1s0n2 ADDRCONF(NETDEV_UP): ib2: link is not ready
2015-02-12T15:38:09.461722-06:00 c0-0c1s0n2 ib2: enabling connected mode will cause multicast packet drops
2015-02-12T15:38:09.486987-06:00 c0-0c1s0n2 ib2: mtu > 4092 will cause multicast packet drops.
2015-02-12T15:38:09.487018-06:00 c0-0c1s0n2 Bringing up interface ib2:[60G[  [1;32mOK[0;39m  ]
2015-02-12T15:38:09.487028-06:00 c0-0c1s0n2 No configuration found for ib3
2015-02-12T15:38:10.505318-06:00 c0-0c1s0n2 ib3: enabling connected mode will cause multicast packet drops
2015-02-12T15:38:10.505353-06:00 c0-0c1s0n2 ib3: mtu > 4092 will cause multicast packet drops.
2015-02-12T15:38:10.505373-06:00 c0-0c1s0n2 Setting up service network . . .[60G[  [0;39mdone[0;39m  ]
2015-02-12T15:38:10.834134-06:00 c0-0c1s0n2 [m[?25hSetting up (localfs) network interfaces:
2015-02-12T15:38:11.077671-06:00 c0-0c1s0n2    lo        
2015-02-12T15:38:11.077694-06:00 c0-0c1s0n2    lo        IP address: PATH1272   
2015-02-12T15:38:11.077700-06:00 c0-0c1s0n2              IP address: PATH1273   
2015-02-12T15:38:11.160746-06:00 c0-0c1s0n2 7[?25l[1A
2015-02-12T15:38:11.160761-06:00 c0-0c1s0n2 [80C[10D[1;32mdone[m8[?25h    ib0       device: Mellanox Technologies MT27500 Family 
2015-02-12T15:38:11.237664-06:00 c0-0c1s0n2    ib0       IP address: PATH4849   
2015-02-12T15:38:11.393414-06:00 c0-0c1s0n2 7[?25l[1A
2015-02-12T15:38:11.393421-06:00 c0-0c1s0n2 [80C[10D[1;32mdone[m8[?25h    ib1       device: Mellanox Technologies MT27500 Family 
2015-02-12T15:38:11.418575-06:00 c0-0c1s0n2              No configuration found for ib1
2015-02-12T15:38:11.455017-06:00 c0-0c1s0n2 7[?25l[1A
2015-02-12T15:38:11.455030-06:00 c0-0c1s0n2 [80C[10D[1munused[m8[?25h    ib2       device: Mellanox Technologies MT27500 Family 
2015-02-12T15:38:11.522762-06:00 c0-0c1s0n2    ib2       IP address: PATH4850   
2015-02-12T15:38:11.665131-06:00 c0-0c1s0n2 7[?25l[1A
2015-02-12T15:38:11.665137-06:00 c0-0c1s0n2 [80C[10D[1;32mdone[m8[?25hADDRCONF(NETDEV_CHANGE): ib2: link becomes ready
2015-02-12T15:38:11.701327-06:00 c0-0c1s0n2 ADDRCONF(NETDEV_CHANGE): ib0: link becomes ready
2015-02-12T15:38:11.701371-06:00 c0-0c1s0n2    ib3       device: Mellanox Technologies MT27500 Family 
2015-02-12T15:38:11.726553-06:00 c0-0c1s0n2              No configuration found for ib3
2015-02-12T15:38:11.751808-06:00 c0-0c1s0n2 7[?25l[1A
2015-02-12T15:38:11.751823-06:00 c0-0c1s0n2 [80C[10D[1munused[m8[?25h    ipogif0   
2015-02-12T15:38:11.777040-06:00 c0-0c1s0n2              No configuration found for ipogif0
2015-02-12T15:38:11.802268-06:00 c0-0c1s0n2 7[?25l[1A
2015-02-12T15:38:11.802278-06:00 c0-0c1s0n2 [80C[10D[1munused[m8[?25hSetting up service (localfs) network  .  .  .  .  .  .  .  .  .  .7[?25l
2015-02-12T15:38:11.802284-06:00 c0-0c1s0n2 [80C[10D[1;32mdone[m8[?25h
2015-02-12T15:38:11.827512-06:00 c0-0c1s0n2 [m[?25hCould not start BND as this is not the boot node.
2015-02-12T15:38:11.827541-06:00 c0-0c1s0n2 bootnodes are: 1 1 
2015-02-12T15:38:11.827549-06:00 c0-0c1s0n2 mynid=66
2015-02-12T15:38:11.853198-06:00 c0-0c1s0n2 [m[?25hS04cray-config-service: Mounting 9p configuration directory. 
2015-02-12T15:38:12.859659-06:00 c0-0c1s0n2 S04cray-config-service:   Success.  
2015-02-12T15:38:12.921836-06:00 c0-0c1s0n2 [m[?25h[m[?25hStarting hw_info_init on 66
2015-02-12T15:38:12.921849-06:00 c0-0c1s0n2 bootnodes are: 1 1 
2015-02-12T15:38:12.921900-06:00 c0-0c1s0n2 mynid=66
2015-02-12T15:38:13.377322-06:00 c0-0c1s0n2 [m[?25h[m[?25h 
2015-02-12T15:38:13.377337-06:00 c0-0c1s0n2 cray-syslog: **WARNING**  PATH1274 MAY require hard and soft file limits 
2015-02-12T15:38:13.377364-06:00 c0-0c1s0n2 cray-syslog:              greater or equal to 8192 for proper LLM operation 
2015-02-12T15:38:13.377380-06:00 c0-0c1s0n2 cray-syslog:              when large number of jobs are launched concurrently.
2015-02-12T15:38:13.417421-06:00 c0-0c1s0n2 cray-syslog:              If you have failures running large number of concurrent jobs,
2015-02-12T15:38:13.417446-06:00 c0-0c1s0n2 cray-syslog:              you may wish to update the hard and soft nofile entries in 
2015-02-12T15:38:13.417457-06:00 c0-0c1s0n2 cray-syslog:              limits.conf as follows.
2015-02-12T15:38:13.417474-06:00 c0-0c1s0n2 
2015-02-12T15:38:13.417493-06:00 c0-0c1s0n2 cray-syslog: PATH1274: 
2015-02-12T15:38:13.417499-06:00 c0-0c1s0n2 cray-syslog: *  soft  nofile  8192
2015-02-12T15:38:13.417514-06:00 c0-0c1s0n2 cray-syslog: *  hard  nofile  8192
2015-02-12T15:38:13.417520-06:00 c0-0c1s0n2 
2015-02-12T15:38:14.372313-06:00 c0-0c1s0n2 cray-syslog: rsyslogd started as process 7743.
2015-02-12T15:38:15.409790-06:00 c0-0c1s0n2 cray-syslog: llmrd started as process  7756.
2015-02-12T15:38:15.460317-06:00 c0-0c1s0n2 [m[?25h[m[?25hStarting auditd startproc:  exit status of parent of PATH1275: 6
2015-02-12T15:38:15.460375-06:00 c0-0c1s0n2 7[?25l
2015-02-12T15:38:15.460402-06:00 c0-0c1s0n2 [80C[10D[1;32mdone[m8[?25h
2015-02-12T15:38:15.575733-06:00 c0-0c1s0n2 [m[?25hStarting haveged daemon 7[?25l
2015-02-12T15:38:15.575745-06:00 c0-0c1s0n2 [80C[10D[1;32mdone[m8[?25h
2015-02-12T15:38:15.613407-06:00 c0-0c1s0n2 [m[?25hStarting rpcbind 7[?25l
2015-02-12T15:38:15.613413-06:00 c0-0c1s0n2 [80C[10D[1;32mdone[m8[?25h
2015-02-12T15:38:15.638620-06:00 c0-0c1s0n2 [m[?25hbootnodes are: 1 1 
2015-02-12T15:38:15.638651-06:00 c0-0c1s0n2 mynid=66
2015-02-12T15:38:15.663843-06:00 c0-0c1s0n2 [m[?25hNot starting NFS client services - no NFS found in PATH1276:
2015-02-12T15:38:15.663853-06:00 c0-0c1s0n2 [80C[10D[1munused[m
2015-02-12T15:38:15.689015-06:00 c0-0c1s0n2 [m[?25hStarting DVS service: DVS: Revision 1873 - Built: Sep 17 2014 @ 06:40:29 for lnet version 2.5
2015-02-12T15:38:15.726059-06:00 c0-0c1s0n2 Lustre: kgnilnd build version: 2.5-trunk-1.0502.17198.8.51-abuild-RB-5.2UP02_2.5.1-2014-09-17-06:59
2015-02-12T15:38:15.811972-06:00 c0-0c1s0n2 LNet: Added LNI 66@gni [PATH1244]
2015-02-12T15:38:15.848292-06:00 c0-0c1s0n2 LNet: Added LNI IPADDR70@o2ib [PATH4808]
2015-02-12T15:38:16.027385-06:00 c0-0c1s0n2 7[?25l
2015-02-12T15:38:16.027413-06:00 c0-0c1s0n2 [80C[10D[1;32mdone[m8[?25h
2015-02-12T15:38:16.065397-06:00 c0-0c1s0n2 [m[?25hStarting java.binfmt_misc 7[?25l
2015-02-12T15:38:16.065411-06:00 c0-0c1s0n2 [80C[10D[1;32mdone[m8[?25h
2015-02-12T15:38:16.105340-06:00 c0-0c1s0n2 [m[?25hStarting mcelog... 7[?25l
2015-02-12T15:38:16.105356-06:00 c0-0c1s0n2 [80C[10D[1;32mdone[m8[?25h
2015-02-12T15:38:16.282556-06:00 c0-0c1s0n2 [m[?25hSetting up (remotefs) network interfaces:
2015-02-12T15:38:16.376359-06:00 c0-0c1s0n2    sit0      
2015-02-12T15:38:16.401595-06:00 c0-0c1s0n2              No configuration found for sit0
2015-02-12T15:38:16.426807-06:00 c0-0c1s0n2 7[?25l[1A
2015-02-12T15:38:16.426822-06:00 c0-0c1s0n2 [80C[10D[1munused[m8[?25hSetting up service (remotefs) network  .  .  .  .  .  .  .  .  .  .7[?25l
2015-02-12T15:38:16.426829-06:00 c0-0c1s0n2 [80C[10D[1;32mdone[m8[?25h
2015-02-12T15:38:16.452094-06:00 c0-0c1s0n2 [80C[10D[1;32mdone[m8[?25h
2015-02-12T15:38:16.489670-06:00 c0-0c1s0n2 [m[?25hsdbnodes are: 137 137 
2015-02-12T15:38:16.514871-06:00 c0-0c1s0n2 mynid=66
2015-02-12T15:38:16.565346-06:00 c0-0c1s0n2 [m[?25hStarting network time protocol daemon (NTPD)7[?25l
2015-02-12T15:38:16.565367-06:00 c0-0c1s0n2 [80C[10D[1;32mdone[m8[?25h
2015-02-12T15:38:16.615993-06:00 c0-0c1s0n2 [m[?25hStarting MUNGE: munged7[?25l
2015-02-12T15:38:16.616009-06:00 c0-0c1s0n2 [80C[10D[1;32mdone[m8[?25h
2015-02-12T15:38:16.710439-06:00 c0-0c1s0n2 [m[?25h[m[?25h[m[?25hStarting Name Service Cache Daemon7[?25l
2015-02-12T15:38:16.710451-06:00 c0-0c1s0n2 [80C[10D[1;32mdone[m8[?25h
2015-02-12T15:38:16.710484-06:00 c0-0c1s0n2 [m[?25hEnabling Linux Jobs
2015-02-12T15:38:16.735637-06:00 c0-0c1s0n2 [m[?25hStarting alps services
2015-02-12T15:38:17.249344-06:00 c0-0c1s0n2 mkdir: cannot create directory `PATH1277': Read-only file system
2015-02-12T15:38:17.249368-06:00 c0-0c1s0n2 no ALPS daemon will be started on node nid00066.
2015-02-12T15:38:17.761767-06:00 c0-0c1s0n2 [m[?25h<node_health> Starting node_health_recovery
2015-02-12T15:38:17.787014-06:00 c0-0c1s0n2 [m[?25hsdbnodes are: 137 137 
2015-02-12T15:38:17.812375-06:00 c0-0c1s0n2 mynid=66
2015-02-12T15:38:17.812393-06:00 c0-0c1s0n2 [m[?25hblogd: no message logging because PATH1262 file system is not accessible
2015-02-12T15:38:17.812424-06:00 c0-0c1s0n2 Boot event: Starting
2015-02-12T15:38:17.837466-06:00 c0-0c1s0n2 Sending ec_node_info with boot code 8 (NODE_INFO_OS_BOOT_SUCCEEDED) for nid 66
2015-02-12T15:38:17.837498-06:00 c0-0c1s0n2 [m[?25hMaster Resource Control: runlevel 3 has been 
2015-02-12T15:38:17.837521-06:00 c0-0c1s0n2 [80C[10D[1mreached[m
2015-02-12T15:38:17.837533-06:00 c0-0c1s0n2 Failed services in runlevel 3: [80C[11D[1;31mlnet[m
2015-02-12T15:38:17.837557-06:00 c0-0c1s0n2 Skipped services in runlevel 3: [80C[10D[1;33mnfs[m
2015-02-12T15:38:17.837589-06:00 c0-0c1s0n2 INIT: no more processes left in this runlevel
2015-02-12T15:28:43.375722-06:00 c0-0c0s4n3 ERROR: Type:2; Severity:80; Class:3; Subclass:D; Operation: 2
2015-02-12T15:39:09.040217-06:00 c0-0c0s4n3 Wait4Boot: WRITE: 523 bytes to memory @ 0x90CD0 ... complete
2015-02-12T15:39:09.040226-06:00 c0-0c0s4n3 Wait4Boot: Blade Controller Boot Protocol version - 1
2015-02-12T15:39:09.040572-06:00 c0-0c0s4n3 Wait4Boot: JUMP: KernelStart 0x100000, boot_params 0x90000, CmdLineAddr 0x90CD0
2015-02-12T15:39:09.040712-06:00 c0-0c0s4n3 OnExitBootServices..
2015-02-12T15:39:09.164822-06:00 c0-0c0s4n3 ConfigureXhciAtBoot() Start
2015-02-12T15:39:09.189979-06:00 c0-0c0s4n3 ConfigureXhciAtBoot() End
2015-02-12T15:39:09.190027-06:00 c0-0c0s4n3 (Wdt) RunWdtBeforeOsBoot
2015-02-12T15:39:09.190051-06:00 c0-0c0s4n3 (Wdt) DisableTimer
2015-02-12T15:39:12.209621-06:00 c0-0c0s4n3 Crypto Lib Callback.
2015-02-12T15:39:12.234725-06:00 c0-0c0s4n3 Heap addr before Virtual MemFixup = 7bacb018, After = 7bacb018
2015-02-12T15:39:12.234766-06:00 c0-0c0s4n3 NvramSmi Go Virtual
2015-02-12T15:39:12.411122-06:00 c0-0c0s4n3 Stopping all external HCs
2015-02-12T15:39:12.411148-06:00 c0-0c0s4n3 stopping all HC type 40:
2015-02-12T15:39:21.863709-06:00 c0-0c0s4n3 i8042: No controller found
2015-02-12T15:39:25.860905-06:00 c0-0c0s4n3 Sending ec_node_info with boot code 0 (NODE_INFO_OS_BOOT) for nid 19
2015-02-12T15:39:25.860915-06:00 c0-0c0s4n3 net.core.rmem_max = 16777216
2015-02-12T15:39:25.860927-06:00 c0-0c0s4n3 net.core.wmem_max = 16777216
2015-02-12T15:39:25.860962-06:00 c0-0c0s4n3 net.core.rmem_default = 16777216
2015-02-12T15:39:25.860976-06:00 c0-0c0s4n3 net.core.wmem_default = 16777216
2015-02-12T15:39:25.860995-06:00 c0-0c0s4n3 net.core.optmem_max = 16777216
2015-02-12T15:39:25.862390-06:00 c0-0c0s4n3 net.ipv4.tcp_mem = 16777216 16777216 16777216
2015-02-12T15:39:25.862400-06:00 c0-0c0s4n3 net.ipv4.tcp_rmem = 4096 87380 16777216
2015-02-12T15:39:25.862409-06:00 c0-0c0s4n3 net.ipv4.tcp_wmem = 4096 65536 16777216
2015-02-12T15:39:26.116577-06:00 c0-0c0s4n3 nid 19: Linux version 3.0.101-0.31.1_1.0502.8394-cray_ari_c (abuild@cfosbld02) (gcc version 4.3.4 [gcc-4_3-branch revision 152973] (SUSE Linux) ) #1 SMP Wed Sep 10 04:09:26 UTC 2014
2015-02-12T15:39:26.141948-06:00 c0-0c0s4n3 starting pid 6925, tty '': 'PATH3974'
2015-02-12T15:39:26.261291-06:00 c0-0c0s4n3 bpmcd_init: Power statistics available in PATH1240
2015-02-12T15:39:26.286603-06:00 c0-0c0s4n3 DVS: Revision 1873 - Built: Sep 17 2014 @ 06:40:25 for lnet version 2.5
2015-02-12T15:39:26.286621-06:00 c0-0c0s4n3 LNet: HW CPU cores: 64, npartitions: 8
2015-02-12T15:39:31.329459-06:00 c0-0c0s4n3 Lustre: kgnilnd build version: 2.5-trunk-1.0502.17198.8.57-abuild-RB-5.2UP02_2.5.1-2014-09-17-06:43
2015-02-12T15:39:31.439618-06:00 c0-0c0s4n3 LNet: Added LNI 19@gni [PATH4853]
2015-02-12T15:39:47.550578-06:00 c0-0c0s4n3 mcelog: Family 6 Model 3f CPU: only decoding architectural errors
2015-02-12T15:39:47.550591-06:00 c0-0c0s4n3 SGI XPMEM kernel module v2.2 loaded
2015-02-12T15:39:47.550601-06:00 c0-0c0s4n3 <node_health> (xtnhd) xtnhd has started
2015-02-12T15:39:47.735904-06:00 c0-0c0s4n3 boot_freemem data calculated:  130107424
2015-02-12T15:28:39.276802-06:00 c0-0c0s10n1 ERROR: Type:2; Severity:80; Class:3; Subclass:D; Operation: 2
2015-02-12T15:39:08.977279-06:00 c0-0c0s10n1 Wait4Boot: WRITE: 523 bytes to memory @ 0x90CD0 ... complete
2015-02-12T15:39:08.977289-06:00 c0-0c0s10n1 Wait4Boot: Blade Controller Boot Protocol version - 1
2015-02-12T15:39:08.977298-06:00 c0-0c0s10n1 Wait4Boot: JUMP: KernelStart 0x100000, boot_params 0x90000, CmdLineAddr 0x90CD0
2015-02-12T15:39:08.977308-06:00 c0-0c0s10n1 OnExitBootServices..
2015-02-12T15:39:09.014696-06:00 c0-0c0s10n1 ConfigureXhciAtBoot() Start
2015-02-12T15:39:09.014870-06:00 c0-0c0s10n1 ConfigureXhciAtBoot() End
2015-02-12T15:39:09.015186-06:00 c0-0c0s10n1 (Wdt) RunWdtBeforeOsBoot
2015-02-12T15:39:09.015465-06:00 c0-0c0s10n1 (Wdt) DisableTimer
2015-02-12T15:39:12.057735-06:00 c0-0c0s10n1 Crypto Lib Callback.
2015-02-12T15:39:12.058119-06:00 c0-0c0s10n1 Heap addr before Virtual MemFixup = 7bacb018, After = 7bacb018
2015-02-12T15:39:12.082784-06:00 c0-0c0s10n1 NvramSmi Go Virtual
2015-02-12T15:39:12.209641-06:00 c0-0c0s10n1 Stopping all external HCs
2015-02-12T15:39:12.234442-06:00 c0-0c0s10n1 stopping all HC type 40:
2015-02-12T15:39:21.662343-06:00 c0-0c0s10n1 i8042: No controller found
2015-02-12T15:39:25.810964-06:00 c0-0c0s10n1 Sending ec_node_info with boot code 0 (NODE_INFO_OS_BOOT) for nid 41
2015-02-12T15:39:25.810973-06:00 c0-0c0s10n1 net.core.rmem_max = 16777216
2015-02-12T15:39:25.810978-06:00 c0-0c0s10n1 net.core.wmem_max = 16777216
2015-02-12T15:39:25.810990-06:00 c0-0c0s10n1 net.core.rmem_default = 16777216
2015-02-12T15:39:25.810996-06:00 c0-0c0s10n1 net.core.wmem_default = 16777216
2015-02-12T15:39:25.811008-06:00 c0-0c0s10n1 net.core.optmem_max = 16777216
2015-02-12T15:39:25.811018-06:00 c0-0c0s10n1 net.ipv4.tcp_mem = 16777216 16777216 16777216
2015-02-12T15:39:25.811036-06:00 c0-0c0s10n1 net.ipv4.tcp_rmem = 4096 87380 16777216
2015-02-12T15:39:25.811041-06:00 c0-0c0s10n1 net.ipv4.tcp_wmem = 4096 65536 16777216
2015-02-12T15:39:25.811050-06:00 c0-0c0s10n1 nid 41: Linux version 3.0.101-0.31.1_1.0502.8394-cray_ari_c (abuild@cfosbld02) (gcc version 4.3.4 [gcc-4_3-branch revision 152973] (SUSE Linux) ) #1 SMP Wed Sep 10 04:09:26 UTC 2014
2015-02-12T15:39:25.811055-06:00 c0-0c0s10n1 starting pid 6934, tty '': 'PATH3974'
2015-02-12T15:39:25.811067-06:00 c0-0c0s10n1 bpmcd_init: Power statistics available in PATH1240
2015-02-12T15:39:25.811079-06:00 c0-0c0s10n1 DVS: Revision 1873 - Built: Sep 17 2014 @ 06:40:25 for lnet version 2.5
2015-02-12T15:39:25.811095-06:00 c0-0c0s10n1 LNet: HW CPU cores: 64, npartitions: 8
2015-02-12T15:39:29.810772-06:00 c0-0c0s10n1 Lustre: kgnilnd build version: 2.5-trunk-1.0502.17198.8.57-abuild-RB-5.2UP02_2.5.1-2014-09-17-06:43
