2015-02-18T10:09:52.285902-07:00 c0-0c1s7n2 ERROR: Type:2; Severity:80; Class:3; Subclass:D; Operation: 2
2015-02-18T09:34:17.063442-07:00 c0-0c0s0n2 Wait4Boot: WRITE: 533 bytes to memory @ 0x90CD0 ... complete
2015-02-18T09:34:17.063488-07:00 c0-0c0s0n2 Wait4Boot: Blade Controller Boot Protocol version - 1
2015-02-18T09:34:17.092053-07:00 c0-0c0s0n2 Wait4Boot: JUMP: KernelStart 0x100000, boot_params 0x90000, CmdLineAddr 0x90CD0
2015-02-18T09:34:17.232058-07:00 c0-0c0s0n2 Decompressing Linux... Parsing ELF... done.
2015-02-18T09:34:17.232084-07:00 c0-0c0s0n2 Booting the kernel.
2015-02-18T09:34:17.232102-07:00 c0-0c0s0n2 Initializing cgroup subsys cpuset
2015-02-18T09:34:17.232119-07:00 c0-0c0s0n2 Initializing cgroup subsys cpu
2015-02-18T09:34:17.272316-07:00 c0-0c0s0n2 Linux version 3.0.101-0.31.1_1.0502.8394-cray_ari_s (abuild@cfosbld05) (gcc version 4.3.4 [gcc-4_3-branch revision 152973] (SUSE Linux) ) #1 SMP Wed Sep 10 04:03:41 UTC 2014
2015-02-18T09:34:17.360046-07:00 c0-0c0s0n2 Command line: earlyprintk=serial,115200 load_ramdisk=1 ramdisk_size=80000 console=ttyS0,115200n8 bootnodeip=IPADDR13 bootproto=ipog bootpath=PATH1220 rootfs=nfs-shared root=PATH1221 oops=panic bootifnetmask=IPADDR15 elevator=noop ippob1=10 ippob2=128 pcie_ports=native iommu=on intel_iommu=off bad_page=panic pln_enable=off apei_disable hest_disable erst_disable ghes_disable cgroup_disable=memory active_wlm=ALPS sdbnodeip=IPADDR16 sessionid=p0-20150218t092259 _cray=marker_ 
2015-02-18T09:34:17.360062-07:00 c0-0c0s0n2 KERNEL supported cpus:
2015-02-18T09:34:17.360071-07:00 c0-0c0s0n2  Intel GenuineIntel
2015-02-18T09:34:17.360086-07:00 c0-0c0s0n2 BIOS-provided physical RAM map:
2015-02-18T09:34:17.360115-07:00 c0-0c0s0n2 BIOS-e820: 0000000000000000 - 00000000000a0000 (usable)
2015-02-18T09:34:17.391553-07:00 c0-0c0s0n2 BIOS-e820: 0000000000100000 - 000000007e67c000 (usable)
2015-02-18T09:34:17.416758-07:00 c0-0c0s0n2 BIOS-e820: 000000007e67c000 - 000000007e790000 (ACPI NVS)
2015-02-18T09:34:17.416781-07:00 c0-0c0s0n2 BIOS-e820: 000000007e790000 - 000000007f395000 (reserved)
2015-02-18T09:34:17.441981-07:00 c0-0c0s0n2 BIOS-e820: 000000007f395000 - 000000007f410000 (ACPI data)
2015-02-18T09:34:17.442010-07:00 c0-0c0s0n2 BIOS-e820: 000000007f410000 - 000000007f491000 (reserved)
2015-02-18T09:34:17.442028-07:00 c0-0c0s0n2 BIOS-e820: 000000007f491000 - 000000007f493000 (usable)
2015-02-18T09:34:17.467253-07:00 c0-0c0s0n2 BIOS-e820: 000000007f493000 - 000000007f494000 (ACPI NVS)
2015-02-18T09:34:17.467281-07:00 c0-0c0s0n2 BIOS-e820: 000000007f494000 - 000000007f49e000 (reserved)
2015-02-18T09:34:17.467308-07:00 c0-0c0s0n2 BIOS-e820: 000000007f49e000 - 000000007f4a6000 (ACPI NVS)
2015-02-18T09:34:17.505453-07:00 c0-0c0s0n2 BIOS-e820: 000000007f4a6000 - 000000007f4d2000 (reserved)
2015-02-18T09:34:17.505484-07:00 c0-0c0s0n2 BIOS-e820: 000000007f4d2000 - 000000007f558000 (ACPI NVS)
2015-02-18T09:34:17.505505-07:00 c0-0c0s0n2 BIOS-e820: 000000007f558000 - 000000007f800000 (usable)
2015-02-18T09:34:17.505520-07:00 c0-0c0s0n2 BIOS-e820: 0000000080000000 - 0000000090000000 (reserved)
2015-02-18T09:34:17.530670-07:00 c0-0c0s0n2 BIOS-e820: 00000000fed1c000 - 00000000fed20000 (reserved)
2015-02-18T09:34:17.530699-07:00 c0-0c0s0n2 BIOS-e820: 00000000ff000000 - 0000000100000000 (reserved)
2015-02-18T09:34:17.555889-07:00 c0-0c0s0n2 BIOS-e820: 0000000100000000 - 0000001080000000 (usable)
2015-02-18T09:34:17.555918-07:00 c0-0c0s0n2 bootconsole [earlyser0] enabled
2015-02-18T09:34:17.555942-07:00 c0-0c0s0n2 NX (Execute Disable) protection: active
2015-02-18T09:34:17.555967-07:00 c0-0c0s0n2 EFI v2.10 by American Megatrends
2015-02-18T09:34:17.581092-07:00 c0-0c0s0n2 ACPI=0x7f395000  ACPI 2.0=0x7f395000  SMBIOS=0xf04c0  MPS=0xfd450 
2015-02-18T09:34:17.581115-07:00 c0-0c0s0n2 EFI: mem00: type=3, attr=0xf, range=[0x0000000000000000-0x0000000000008000) (0MB)
2015-02-18T09:34:17.606317-07:00 c0-0c0s0n2 EFI: mem01: type=7, attr=0xf, range=[0x0000000000008000-0x0000000000060000) (0MB)
2015-02-18T09:34:17.606349-07:00 c0-0c0s0n2 EFI: mem02: type=3, attr=0xf, range=[0x0000000000060000-0x00000000000a0000) (0MB)
2015-02-18T09:34:17.631571-07:00 c0-0c0s0n2 EFI: mem03: type=7, attr=0xf, range=[0x0000000000100000-0x0000000001000000) (15MB)
2015-02-18T09:34:17.631593-07:00 c0-0c0s0n2 EFI: mem04: type=2, attr=0xf, range=[0x0000000001000000-0x0000000001100000) (1MB)
2015-02-18T09:34:17.656830-07:00 c0-0c0s0n2 EFI: mem05: type=4, attr=0xf, range=[0x0000000001100000-0x00000000017ea000) (6MB)
2015-02-18T09:34:17.656858-07:00 c0-0c0s0n2 EFI: mem06: type=3, attr=0xf, range=[0x00000000017ea000-0x00000000017ee000) (0MB)
2015-02-18T09:34:17.656898-07:00 c0-0c0s0n2 EFI: mem07: type=4, attr=0xf, range=[0x00000000017ee000-0x0000000001886000) (0MB)
2015-02-18T09:34:17.682028-07:00 c0-0c0s0n2 EFI: mem08: type=3, attr=0xf, range=[0x0000000001886000-0x000000000188f000) (0MB)
2015-02-18T09:34:17.707249-07:00 c0-0c0s0n2 EFI: mem09: type=4, attr=0xf, range=[0x000000000188f000-0x0000000001892000) (0MB)
2015-02-18T09:34:17.707271-07:00 c0-0c0s0n2 EFI: mem10: type=3, attr=0xf, range=[0x0000000001892000-0x000000000189e000) (0MB)
2015-02-18T09:34:17.732523-07:00 c0-0c0s0n2 EFI: mem11: type=4, attr=0xf, range=[0x000000000189e000-0x00000000018a9000) (0MB)
2015-02-18T09:34:17.732548-07:00 c0-0c0s0n2 EFI: mem12: type=3, attr=0xf, range=[0x00000000018a9000-0x00000000018ab000) (0MB)
2015-02-18T09:34:17.757761-07:00 c0-0c0s0n2 EFI: mem13: type=4, attr=0xf, range=[0x00000000018ab000-0x00000000018ad000) (0MB)
2015-02-18T09:34:17.757786-07:00 c0-0c0s0n2 EFI: mem14: type=3, attr=0xf, range=[0x00000000018ad000-0x00000000018af000) (0MB)
2015-02-18T09:34:17.782977-07:00 c0-0c0s0n2 EFI: mem15: type=4, attr=0xf, range=[0x00000000018af000-0x00000000018b7000) (0MB)
2015-02-18T09:34:17.783000-07:00 c0-0c0s0n2 EFI: mem16: type=3, attr=0xf, range=[0x00000000018b7000-0x00000000018bb000) (0MB)
2015-02-18T09:34:17.808251-07:00 c0-0c0s0n2 EFI: mem17: type=4, attr=0xf, range=[0x00000000018bb000-0x00000000018bd000) (0MB)
2015-02-18T09:34:17.808275-07:00 c0-0c0s0n2 EFI: mem18: type=3, attr=0xf, range=[0x00000000018bd000-0x00000000018bf000) (0MB)
2015-02-18T09:34:17.808296-07:00 c0-0c0s0n2 EFI: mem19: type=4, attr=0xf, range=[0x00000000018bf000-0x00000000018d1000) (0MB)
2015-02-18T09:34:17.833436-07:00 c0-0c0s0n2 EFI: mem20: type=3, attr=0xf, range=[0x00000000018d1000-0x00000000018d7000) (0MB)
2015-02-18T09:34:17.833460-07:00 c0-0c0s0n2 EFI: mem21: type=4, attr=0xf, range=[0x00000000018d7000-0x00000000018f9000) (0MB)
2015-02-18T09:34:17.858664-07:00 c0-0c0s0n2 EFI: mem22: type=3, attr=0xf, range=[0x00000000018f9000-0x0000000001908000) (0MB)
2015-02-18T09:34:18.081396-07:00 c0-0c0s0n2 EFI: mem23: type=4, attr=0xf, range=[0x0000000001908000-0x0000000001921000) (0MB)
2015-02-18T09:34:18.081414-07:00 c0-0c0s0n2 EFI: mem24: type=3, attr=0xf, range=[0x0000000001921000-0x000000000192b000) (0MB)
2015-02-18T09:34:18.081420-07:00 c0-0c0s0n2 EFI: mem25: type=4, attr=0xf, range=[0x000000000192b000-0x0000000001933000) (0MB)
2015-02-18T09:34:18.081428-07:00 c0-0c0s0n2 EFI: mem26: type=3, attr=0xf, range=[0x0000000001933000-0x0000000001936000) (0MB)
2015-02-18T09:34:18.081436-07:00 c0-0c0s0n2 EFI: mem27: type=4, attr=0xf, range=[0x0000000001936000-0x000000000193b000) (0MB)
2015-02-18T09:34:18.081445-07:00 c0-0c0s0n2 EFI: mem28: type=3, attr=0xf, range=[0x000000000193b000-0x000000000193e000) (0MB)
2015-02-18T09:34:18.081450-07:00 c0-0c0s0n2 EFI: mem29: type=4, attr=0xf, range=[0x000000000193e000-0x0000000001964000) (0MB)
2015-02-18T09:34:18.081457-07:00 c0-0c0s0n2 EFI: mem30: type=3, attr=0xf, range=[0x0000000001964000-0x0000000001968000) (0MB)
2015-02-18T09:34:18.081468-07:00 c0-0c0s0n2 EFI: mem31: type=4, attr=0xf, range=[0x0000000001968000-0x000000000198a000) (0MB)
2015-02-18T09:34:18.081473-07:00 c0-0c0s0n2 EFI: mem32: type=3, attr=0xf, range=[0x000000000198a000-0x00000000019b0000) (0MB)
2015-02-18T09:34:18.081478-07:00 c0-0c0s0n2 EFI: mem33: type=4, attr=0xf, range=[0x00000000019b0000-0x00000000019be000) (0MB)
2015-02-18T09:34:18.081482-07:00 c0-0c0s0n2 EFI: mem34: type=3, attr=0xf, range=[0x00000000019be000-0x00000000019ce000) (0MB)
2015-02-18T09:34:18.081487-07:00 c0-0c0s0n2 EFI: mem35: type=4, attr=0xf, range=[0x00000000019ce000-0x00000000019d0000) (0MB)
2015-02-18T09:34:18.081491-07:00 c0-0c0s0n2 EFI: mem36: type=3, attr=0xf, range=[0x00000000019d0000-0x00000000019d7000) (0MB)
2015-02-18T09:34:18.081495-07:00 c0-0c0s0n2 EFI: mem37: type=4, attr=0xf, range=[0x00000000019d7000-0x00000000019e1000) (0MB)
2015-02-18T09:34:18.081504-07:00 c0-0c0s0n2 EFI: mem38: type=3, attr=0xf, range=[0x00000000019e1000-0x00000000019e5000) (0MB)
2015-02-18T09:34:18.081508-07:00 c0-0c0s0n2 EFI: mem39: type=4, attr=0xf, range=[0x00000000019e5000-0x0000000001a02000) (0MB)
2015-02-18T09:34:18.081513-07:00 c0-0c0s0n2 EFI: mem40: type=3, attr=0xf, range=[0x0000000001a02000-0x0000000001a06000) (0MB)
2015-02-18T09:34:18.106631-07:00 c0-0c0s0n2 EFI: mem41: type=4, attr=0xf, range=[0x0000000001a06000-0x0000000001a0a000) (0MB)
2015-02-18T09:34:18.106651-07:00 c0-0c0s0n2 EFI: mem42: type=3, attr=0xf, range=[0x0000000001a0a000-0x0000000001a1e000) (0MB)
2015-02-18T09:34:18.131840-07:00 c0-0c0s0n2 EFI: mem43: type=4, attr=0xf, range=[0x0000000001a1e000-0x0000000001a22000) (0MB)
2015-02-18T09:34:18.131853-07:00 c0-0c0s0n2 EFI: mem44: type=3, attr=0xf, range=[0x0000000001a22000-0x0000000001a26000) (0MB)
2015-02-18T09:34:18.131862-07:00 c0-0c0s0n2 EFI: mem45: type=4, attr=0xf, range=[0x0000000001a26000-0x0000000001a34000) (0MB)
2015-02-18T09:34:18.157039-07:00 c0-0c0s0n2 EFI: mem46: type=3, attr=0xf, range=[0x0000000001a34000-0x0000000001a3b000) (0MB)
2015-02-18T09:34:18.157053-07:00 c0-0c0s0n2 EFI: mem47: type=4, attr=0xf, range=[0x0000000001a3b000-0x0000000001a42000) (0MB)
2015-02-18T09:34:18.182238-07:00 c0-0c0s0n2 EFI: mem48: type=3, attr=0xf, range=[0x0000000001a42000-0x0000000001a4a000) (0MB)
2015-02-18T09:34:18.182251-07:00 c0-0c0s0n2 EFI: mem49: type=4, attr=0xf, range=[0x0000000001a4a000-0x0000000001a4b000) (0MB)
2015-02-18T09:34:18.207439-07:00 c0-0c0s0n2 EFI: mem50: type=3, attr=0xf, range=[0x0000000001a4b000-0x0000000001a4d000) (0MB)
2015-02-18T09:34:18.232664-07:00 c0-0c0s0n2 EFI: mem51: type=4, attr=0xf, range=[0x0000000001a4d000-0x0000000001a52000) (0MB)
2015-02-18T09:34:18.232686-07:00 c0-0c0s0n2 EFI: mem52: type=3, attr=0xf, range=[0x0000000001a52000-0x0000000001a69000) (0MB)
2015-02-18T09:34:18.257893-07:00 c0-0c0s0n2 EFI: mem53: type=4, attr=0xf, range=[0x0000000001a69000-0x0000000001a6f000) (0MB)
2015-02-18T09:34:18.257919-07:00 c0-0c0s0n2 EFI: mem54: type=3, attr=0xf, range=[0x0000000001a6f000-0x0000000001a70000) (0MB)
2015-02-18T09:34:18.283095-07:00 c0-0c0s0n2 EFI: mem55: type=4, attr=0xf, range=[0x0000000001a70000-0x0000000001a71000) (0MB)
2015-02-18T09:34:18.283117-07:00 c0-0c0s0n2 EFI: mem56: type=3, attr=0xf, range=[0x0000000001a71000-0x0000000001a79000) (0MB)
2015-02-18T09:34:18.308327-07:00 c0-0c0s0n2 EFI: mem57: type=4, attr=0xf, range=[0x0000000001a79000-0x0000000001a7a000) (0MB)
2015-02-18T09:34:18.308350-07:00 c0-0c0s0n2 EFI: mem58: type=3, attr=0xf, range=[0x0000000001a7a000-0x0000000001a83000) (0MB)
2015-02-18T09:34:18.333553-07:00 c0-0c0s0n2 EFI: mem59: type=4, attr=0xf, range=[0x0000000001a83000-0x0000000001a85000) (0MB)
2015-02-18T09:34:18.333579-07:00 c0-0c0s0n2 EFI: mem60: type=3, attr=0xf, range=[0x0000000001a85000-0x0000000001abe000) (0MB)
2015-02-18T09:34:18.358759-07:00 c0-0c0s0n2 EFI: mem61: type=4, attr=0xf, range=[0x0000000001abe000-0x0000000001abf000) (0MB)
2015-02-18T09:34:18.358785-07:00 c0-0c0s0n2 EFI: mem62: type=3, attr=0xf, range=[0x0000000001abf000-0x0000000001acc000) (0MB)
2015-02-18T09:34:18.383959-07:00 c0-0c0s0n2 EFI: mem63: type=4, attr=0xf, range=[0x0000000001acc000-0x0000000001ad7000) (0MB)
2015-02-18T09:34:18.383981-07:00 c0-0c0s0n2 EFI: mem64: type=3, attr=0xf, range=[0x0000000001ad7000-0x0000000001adc000) (0MB)
2015-02-18T09:34:18.409168-07:00 c0-0c0s0n2 EFI: mem65: type=4, attr=0xf, range=[0x0000000001adc000-0x0000000001b60000) (0MB)
2015-02-18T09:34:18.409196-07:00 c0-0c0s0n2 EFI: mem66: type=3, attr=0xf, range=[0x0000000001b60000-0x0000000001b7c000) (0MB)
2015-02-18T09:34:18.434402-07:00 c0-0c0s0n2 EFI: mem67: type=4, attr=0xf, range=[0x0000000001b7c000-0x0000000001b84000) (0MB)
2015-02-18T09:34:18.434429-07:00 c0-0c0s0n2 EFI: mem68: type=3, attr=0xf, range=[0x0000000001b84000-0x0000000001b9c000) (0MB)
2015-02-18T09:34:18.459616-07:00 c0-0c0s0n2 EFI: mem69: type=4, attr=0xf, range=[0x0000000001b9c000-0x000000000b210000) (150MB)
2015-02-18T09:34:18.459638-07:00 c0-0c0s0n2 EFI: mem70: type=3, attr=0xf, range=[0x000000000b210000-0x000000000b216000) (0MB)
2015-02-18T09:34:18.484871-07:00 c0-0c0s0n2 EFI: mem71: type=4, attr=0xf, range=[0x000000000b216000-0x000000000b21f000) (0MB)
2015-02-18T09:34:18.510115-07:00 c0-0c0s0n2 EFI: mem72: type=3, attr=0xf, range=[0x000000000b21f000-0x000000000b235000) (0MB)
2015-02-18T09:34:18.510139-07:00 c0-0c0s0n2 EFI: mem73: type=4, attr=0xf, range=[0x000000000b235000-0x000000000b23b000) (0MB)
2015-02-18T09:34:18.535327-07:00 c0-0c0s0n2 EFI: mem74: type=3, attr=0xf, range=[0x000000000b23b000-0x000000000b23e000) (0MB)
2015-02-18T09:34:18.535353-07:00 c0-0c0s0n2 EFI: mem75: type=4, attr=0xf, range=[0x000000000b23e000-0x000000000b242000) (0MB)
2015-02-18T09:34:18.560548-07:00 c0-0c0s0n2 EFI: mem76: type=3, attr=0xf, range=[0x000000000b242000-0x000000000b249000) (0MB)
2015-02-18T09:34:18.560576-07:00 c0-0c0s0n2 EFI: mem77: type=4, attr=0xf, range=[0x000000000b249000-0x000000000b24c000) (0MB)
2015-02-18T09:34:18.585794-07:00 c0-0c0s0n2 EFI: mem78: type=3, attr=0xf, range=[0x000000000b24c000-0x000000000b254000) (0MB)
2015-02-18T09:34:18.585817-07:00 c0-0c0s0n2 EFI: mem79: type=4, attr=0xf, range=[0x000000000b254000-0x000000000b27a000) (0MB)
2015-02-18T09:34:18.611048-07:00 c0-0c0s0n2 EFI: mem80: type=3, attr=0xf, range=[0x000000000b27a000-0x000000000b27e000) (0MB)
2015-02-18T09:34:18.611071-07:00 c0-0c0s0n2 EFI: mem81: type=4, attr=0xf, range=[0x000000000b27e000-0x000000000b282000) (0MB)
2015-02-18T09:34:18.636312-07:00 c0-0c0s0n2 EFI: mem82: type=3, attr=0xf, range=[0x000000000b282000-0x000000000b286000) (0MB)
2015-02-18T09:34:18.636337-07:00 c0-0c0s0n2 EFI: mem83: type=4, attr=0xf, range=[0x000000000b286000-0x000000000b290000) (0MB)
2015-02-18T09:34:18.661544-07:00 c0-0c0s0n2 EFI: mem84: type=3, attr=0xf, range=[0x000000000b290000-0x000000000b2d3000) (0MB)
2015-02-18T09:34:18.661568-07:00 c0-0c0s0n2 EFI: mem85: type=4, attr=0xf, range=[0x000000000b2d3000-0x000000000b2df000) (0MB)
2015-02-18T09:34:18.686763-07:00 c0-0c0s0n2 EFI: mem86: type=3, attr=0xf, range=[0x000000000b2df000-0x000000000b2e9000) (0MB)
2015-02-18T09:34:18.686785-07:00 c0-0c0s0n2 EFI: mem87: type=4, attr=0xf, range=[0x000000000b2e9000-0x000000000b2f8000) (0MB)
2015-02-18T09:34:18.712029-07:00 c0-0c0s0n2 EFI: mem88: type=3, attr=0xf, range=[0x000000000b2f8000-0x000000000b2fc000) (0MB)
2015-02-18T09:34:18.712052-07:00 c0-0c0s0n2 EFI: mem89: type=4, attr=0xf, range=[0x000000000b2fc000-0x000000000b2fd000) (0MB)
2015-02-18T09:34:18.737249-07:00 c0-0c0s0n2 EFI: mem90: type=3, attr=0xf, range=[0x000000000b2fd000-0x000000000b302000) (0MB)
2015-02-18T09:34:18.737271-07:00 c0-0c0s0n2 EFI: mem91: type=4, attr=0xf, range=[0x000000000b302000-0x000000000b30b000) (0MB)
2015-02-18T09:34:18.777311-07:00 c0-0c0s0n2 EFI: mem92: type=3, attr=0xf, range=[0x000000000b30b000-0x000000000b343000) (0MB)
2015-02-18T09:34:18.777338-07:00 c0-0c0s0n2 EFI: mem93: type=4, attr=0xf, range=[0x000000000b343000-0x000000000b34a000) (0MB)
2015-02-18T09:34:18.802536-07:00 c0-0c0s0n2 EFI: mem94: type=3, attr=0xf, range=[0x000000000b34a000-0x000000000b351000) (0MB)
2015-02-18T09:34:18.802566-07:00 c0-0c0s0n2 EFI: mem95: type=4, attr=0xf, range=[0x000000000b351000-0x000000000b359000) (0MB)
2015-02-18T09:34:18.802581-07:00 c0-0c0s0n2 EFI: mem96: type=3, attr=0xf, range=[0x000000000b359000-0x000000000b35d000) (0MB)
2015-02-18T09:34:18.827745-07:00 c0-0c0s0n2 EFI: mem97: type=4, attr=0xf, range=[0x000000000b35d000-0x000000000b365000) (0MB)
2015-02-18T09:34:18.827770-07:00 c0-0c0s0n2 EFI: mem98: type=3, attr=0xf, range=[0x000000000b365000-0x000000000b369000) (0MB)
2015-02-18T09:34:18.852983-07:00 c0-0c0s0n2 EFI: mem99: type=4, attr=0xf, range=[0x000000000b369000-0x000000000b36d000) (0MB)
2015-02-18T09:34:18.853011-07:00 c0-0c0s0n2 EFI: mem100: type=3, attr=0xf, range=[0x000000000b36d000-0x000000000b371000) (0MB)
2015-02-18T09:34:18.878187-07:00 c0-0c0s0n2 EFI: mem101: type=4, attr=0xf, range=[0x000000000b371000-0x000000000b385000) (0MB)
2015-02-18T09:34:18.903436-07:00 c0-0c0s0n2 EFI: mem102: type=3, attr=0xf, range=[0x000000000b385000-0x000000000b38b000) (0MB)
2015-02-18T09:34:18.903459-07:00 c0-0c0s0n2 EFI: mem103: type=4, attr=0xf, range=[0x000000000b38b000-0x000000000b3ad000) (0MB)
2015-02-18T09:34:18.928650-07:00 c0-0c0s0n2 EFI: mem104: type=3, attr=0xf, range=[0x000000000b3ad000-0x000000000b3b7000) (0MB)
2015-02-18T09:34:18.928674-07:00 c0-0c0s0n2 EFI: mem105: type=4, attr=0xf, range=[0x000000000b3b7000-0x000000000b3b8000) (0MB)
2015-02-18T09:34:18.953857-07:00 c0-0c0s0n2 EFI: mem106: type=3, attr=0xf, range=[0x000000000b3b8000-0x000000000b3ca000) (0MB)
2015-02-18T09:34:18.953879-07:00 c0-0c0s0n2 EFI: mem107: type=4, attr=0xf, range=[0x000000000b3ca000-0x000000000b3cd000) (0MB)
2015-02-18T09:34:18.979071-07:00 c0-0c0s0n2 EFI: mem108: type=3, attr=0xf, range=[0x000000000b3cd000-0x000000000b3d8000) (0MB)
2015-02-18T09:34:18.979093-07:00 c0-0c0s0n2 EFI: mem109: type=4, attr=0xf, range=[0x000000000b3d8000-0x000000000b474000) (0MB)
2015-02-18T09:34:19.004300-07:00 c0-0c0s0n2 EFI: mem110: type=3, attr=0xf, range=[0x000000000b474000-0x000000000b47b000) (0MB)
2015-02-18T09:34:19.004338-07:00 c0-0c0s0n2 EFI: mem111: type=4, attr=0xf, range=[0x000000000b47b000-0x000000000b48a000) (0MB)
2015-02-18T09:34:19.029520-07:00 c0-0c0s0n2 EFI: mem112: type=3, attr=0xf, range=[0x000000000b48a000-0x000000000b48e000) (0MB)
2015-02-18T09:34:19.029550-07:00 c0-0c0s0n2 EFI: mem113: type=4, attr=0xf, range=[0x000000000b48e000-0x000000000b4b0000) (0MB)
2015-02-18T09:34:19.054754-07:00 c0-0c0s0n2 EFI: mem114: type=3, attr=0xf, range=[0x000000000b4b0000-0x000000000b4b5000) (0MB)
2015-02-18T09:34:19.054777-07:00 c0-0c0s0n2 EFI: mem115: type=4, attr=0xf, range=[0x000000000b4b5000-0x000000000b4ba000) (0MB)
2015-02-18T09:34:19.093344-07:00 c0-0c0s0n2 EFI: mem116: type=3, attr=0xf, range=[0x000000000b4ba000-0x000000000b4ce000) (0MB)
2015-02-18T09:34:19.093366-07:00 c0-0c0s0n2 EFI: mem117: type=4, attr=0xf, range=[0x000000000b4ce000-0x000000000b580000) (0MB)
2015-02-18T09:34:19.118588-07:00 c0-0c0s0n2 EFI: mem118: type=7, attr=0xf, range=[0x000000000b580000-0x000000000b581000) (0MB)
2015-02-18T09:34:19.118616-07:00 c0-0c0s0n2 EFI: mem119: type=4, attr=0xf, range=[0x000000000b581000-0x000000000b5ae000) (0MB)
2015-02-18T09:34:19.143831-07:00 c0-0c0s0n2 EFI: mem120: type=3, attr=0xf, range=[0x000000000b5ae000-0x000000000b5b7000) (0MB)
2015-02-18T09:34:19.143854-07:00 c0-0c0s0n2 EFI: mem121: type=4, attr=0xf, range=[0x000000000b5b7000-0x000000000b5b8000) (0MB)
2015-02-18T09:34:19.181362-07:00 c0-0c0s0n2 EFI: mem122: type=2, attr=0xf, range=[0x000000000b5b8000-0x000000000b5ba000) (0MB)
2015-02-18T09:34:19.181396-07:00 c0-0c0s0n2 EFI: mem123: type=7, attr=0xf, range=[0x000000000b5ba000-0x000000000b5bc000) (0MB)
2015-02-18T09:34:19.181411-07:00 c0-0c0s0n2 EFI: mem124: type=4, attr=0xf, range=[0x000000000b5bc000-0x000000000b5c6000) (0MB)
2015-02-18T09:34:19.206583-07:00 c0-0c0s0n2 EFI: mem125: type=7, attr=0xf, range=[0x000000000b5c6000-0x000000000b5cc000) (0MB)
2015-02-18T09:34:19.206606-07:00 c0-0c0s0n2 EFI: mem126: type=4, attr=0xf, range=[0x000000000b5cc000-0x000000000b7e0000) (2MB)
2015-02-18T09:34:19.231852-07:00 c0-0c0s0n2 EFI: mem127: type=7, attr=0xf, range=[0x000000000b7e0000-0x000000000b7ee000) (0MB)
2015-02-18T09:34:19.231875-07:00 c0-0c0s0n2 EFI: mem128: type=1, attr=0xf, range=[0x000000000b7ee000-0x000000000b7ff000) (0MB)
2015-02-18T09:34:19.269325-07:00 c0-0c0s0n2 EFI: mem129: type=7, attr=0xf, range=[0x000000000b7ff000-0x000000007e67c000) (1838MB)
2015-02-18T09:34:19.269353-07:00 c0-0c0s0n2 EFI: mem130: type=10, attr=0xf, range=[0x000000007e67c000-0x000000007e790000) (1MB)
2015-02-18T09:34:19.269368-07:00 c0-0c0s0n2 EFI: mem131: type=0, attr=0xf, range=[0x000000007e790000-0x000000007e792000) (0MB)
2015-02-18T09:34:19.294563-07:00 c0-0c0s0n2 EFI: mem132: type=6, attr=0x800000000000000f, range=[0x000000007e792000-0x000000007f395000) (12MB)
2015-02-18T09:34:19.319774-07:00 c0-0c0s0n2 EFI: mem133: type=9, attr=0xf, range=[0x000000007f395000-0x000000007f410000) (0MB)
2015-02-18T09:34:19.319809-07:00 c0-0c0s0n2 EFI: mem134: type=5, attr=0x800000000000000f, range=[0x000000007f410000-0x000000007f41a000) (0MB)
2015-02-18T09:34:19.344990-07:00 c0-0c0s0n2 EFI: mem135: type=0, attr=0xf, range=[0x000000007f41a000-0x000000007f41c000) (0MB)
2015-02-18T09:34:19.345017-07:00 c0-0c0s0n2 EFI: mem136: type=6, attr=0x800000000000000f, range=[0x000000007f41c000-0x000000007f42d000) (0MB)
2015-02-18T09:34:19.370246-07:00 c0-0c0s0n2 EFI: mem137: type=0, attr=0xf, range=[0x000000007f42d000-0x000000007f43d000) (0MB)
2015-02-18T09:34:19.370269-07:00 c0-0c0s0n2 EFI: mem138: type=6, attr=0x800000000000000f, range=[0x000000007f43d000-0x000000007f45e000) (0MB)
2015-02-18T09:34:19.395445-07:00 c0-0c0s0n2 EFI: mem139: type=5, attr=0x800000000000000f, range=[0x000000007f45e000-0x000000007f462000) (0MB)
2015-02-18T09:34:19.420699-07:00 c0-0c0s0n2 EFI: mem140: type=0, attr=0xf, range=[0x000000007f462000-0x000000007f46b000) (0MB)
2015-02-18T09:34:19.420720-07:00 c0-0c0s0n2 EFI: mem141: type=5, attr=0x800000000000000f, range=[0x000000007f46b000-0x000000007f46d000) (0MB)
2015-02-18T09:34:19.445949-07:00 c0-0c0s0n2 EFI: mem142: type=0, attr=0xf, range=[0x000000007f46d000-0x000000007f471000) (0MB)
2015-02-18T09:34:19.445970-07:00 c0-0c0s0n2 EFI: mem143: type=5, attr=0x800000000000000f, range=[0x000000007f471000-0x000000007f472000) (0MB)
2015-02-18T09:34:19.471182-07:00 c0-0c0s0n2 EFI: mem144: type=6, attr=0x800000000000000f, range=[0x000000007f472000-0x000000007f473000) (0MB)
2015-02-18T09:34:19.496383-07:00 c0-0c0s0n2 EFI: mem145: type=5, attr=0x800000000000000f, range=[0x000000007f473000-0x000000007f476000) (0MB)
2015-02-18T09:34:19.496412-07:00 c0-0c0s0n2 EFI: mem146: type=0, attr=0xf, range=[0x000000007f476000-0x000000007f486000) (0MB)
2015-02-18T09:34:19.521607-07:00 c0-0c0s0n2 EFI: mem147: type=5, attr=0x800000000000000f, range=[0x000000007f486000-0x000000007f491000) (0MB)
2015-02-18T09:34:19.521629-07:00 c0-0c0s0n2 EFI: mem148: type=7, attr=0xf, range=[0x000000007f491000-0x000000007f493000) (0MB)
2015-02-18T09:34:19.546813-07:00 c0-0c0s0n2 EFI: mem149: type=10, attr=0xf, range=[0x000000007f493000-0x000000007f494000) (0MB)
2015-02-18T09:34:19.546835-07:00 c0-0c0s0n2 EFI: mem150: type=6, attr=0x800000000000000f, range=[0x000000007f494000-0x000000007f49b000) (0MB)
2015-02-18T09:34:19.572048-07:00 c0-0c0s0n2 EFI: mem151: type=5, attr=0x800000000000000f, range=[0x000000007f49b000-0x000000007f49e000) (0MB)
2015-02-18T09:34:19.572086-07:00 c0-0c0s0n2 EFI: mem152: type=10, attr=0xf, range=[0x000000007f49e000-0x000000007f4a6000) (0MB)
2015-02-18T09:34:19.597263-07:00 c0-0c0s0n2 EFI: mem153: type=6, attr=0x800000000000000f, range=[0x000000007f4a6000-0x000000007f4a7000) (0MB)
2015-02-18T09:34:19.622484-07:00 c0-0c0s0n2 EFI: mem154: type=5, attr=0x800000000000000f, range=[0x000000007f4a7000-0x000000007f4ab000) (0MB)
2015-02-18T09:34:19.622505-07:00 c0-0c0s0n2 EFI: mem155: type=6, attr=0x800000000000000f, range=[0x000000007f4ab000-0x000000007f4bd000) (0MB)
2015-02-18T09:34:19.647731-07:00 c0-0c0s0n2 EFI: mem156: type=5, attr=0x800000000000000f, range=[0x000000007f4bd000-0x000000007f4cf000) (0MB)
2015-02-18T09:34:19.647753-07:00 c0-0c0s0n2 EFI: mem157: type=6, attr=0x800000000000000f, range=[0x000000007f4cf000-0x000000007f4d2000) (0MB)
2015-02-18T09:34:19.685344-07:00 c0-0c0s0n2 EFI: mem158: type=10, attr=0xf, range=[0x000000007f4d2000-0x000000007f558000) (0MB)
2015-02-18T09:34:19.685372-07:00 c0-0c0s0n2 EFI: mem159: type=3, attr=0xf, range=[0x000000007f558000-0x000000007f7e0000) (2MB)
2015-02-18T09:34:19.685381-07:00 c0-0c0s0n2 EFI: mem160: type=4, attr=0xf, range=[0x000000007f7e0000-0x000000007f7ef000) (0MB)
2015-02-18T09:34:19.710579-07:00 c0-0c0s0n2 EFI: mem161: type=3, attr=0xf, range=[0x000000007f7ef000-0x000000007f800000) (0MB)
2015-02-18T09:34:19.710601-07:00 c0-0c0s0n2 EFI: mem162: type=7, attr=0xf, range=[0x0000000100000000-0x0000001080000000) (63488MB)
2015-02-18T09:34:19.735771-07:00 c0-0c0s0n2 EFI: mem163: type=11, attr=0x8000000000000001, range=[0x0000000080000000-0x0000000090000000) (256MB)
2015-02-18T09:34:19.760981-07:00 c0-0c0s0n2 EFI: mem164: type=11, attr=0x8000000000000001, range=[0x00000000fed1c000-0x00000000fed20000) (0MB)
2015-02-18T09:34:19.761010-07:00 c0-0c0s0n2 EFI: mem165: type=11, attr=0x8000000000000001, range=[0x00000000ff000000-0x0000000100000000) (16MB)
2015-02-18T09:34:19.761029-07:00 c0-0c0s0n2 DMI 2.7 present.
2015-02-18T09:34:19.786228-07:00 c0-0c0s0n2 last_pfn = 0x1080000 max_arch_pfn = 0x400000000
2015-02-18T09:34:19.786253-07:00 c0-0c0s0n2 x86 PAT enabled: cpu 0, old 0x7040600070406, new 0x7010600070106
2015-02-18T09:34:19.811465-07:00 c0-0c0s0n2 last_pfn = 0x7f800 max_arch_pfn = 0x400000000
2015-02-18T09:34:19.811492-07:00 c0-0c0s0n2 found SMP MP-table at [ffff8800000fd830] fd830
2015-02-18T09:34:19.811507-07:00 c0-0c0s0n2 Using GB pages for direct mapping
2015-02-18T09:34:19.836718-07:00 c0-0c0s0n2 init_memory_mapping: 0000000000000000-000000007f800000
2015-02-18T09:34:19.836747-07:00 c0-0c0s0n2 init_memory_mapping: 0000000100000000-0000001080000000
2015-02-18T09:34:19.836782-07:00 c0-0c0s0n2 nmi ring buffer: 262144
2015-02-18T09:34:19.836790-07:00 c0-0c0s0n2 RAMDISK: 0fa00000 - 1060f000
2015-02-18T09:34:19.836815-07:00 c0-0c0s0n2 ACPI: RSDP 000000007f395000 00024 (v02 ALASKA)
2015-02-18T09:34:19.873389-07:00 c0-0c0s0n2 ACPI: XSDT 000000007f395088 0008C (v01 ALASKA    A M I 01072009 AMI  00010013)
2015-02-18T09:34:19.873411-07:00 c0-0c0s0n2 ACPI: FACP 000000007f39ee50 000F4 (v04 ALASKA    A M I 01072009 AMI  00010013)
2015-02-18T09:34:19.873422-07:00 c0-0c0s0n2 ACPI: DSDT 000000007f3951a0 09CAD (v02 ALASKA    A M I 00000016 INTL 20051117)
2015-02-18T09:34:19.898621-07:00 c0-0c0s0n2 ACPI: FACS 000000007f4a3f80 00040
2015-02-18T09:34:19.898648-07:00 c0-0c0s0n2 ACPI: APIC 000000007f39ef48 00138 (v03 ALASKA    A M I 01072009 AMI  00010013)
2015-02-18T09:34:19.923843-07:00 c0-0c0s0n2 ACPI: FPDT 000000007f39f080 00044 (v01 ALASKA    A M I 01072009 AMI  00010013)
2015-02-18T09:34:19.923865-07:00 c0-0c0s0n2 ACPI: MCFG 000000007f39f0c8 0003C (v01 ALASKA OEMMCFG. 01072009 MSFT 00000097)
2015-02-18T09:34:19.949101-07:00 c0-0c0s0n2 ACPI: HPET 000000007f39f108 00038 (v01 ALASKA    A M I 01072009 AMI. 00000004)
2015-02-18T09:34:19.949122-07:00 c0-0c0s0n2 ACPI: PRAD 000000007f39f140 000BE (v02 PRADID  PRADTID 00000001 MSFT 03000001)
2015-02-18T09:34:19.974324-07:00 c0-0c0s0n2 ACPI: SSDT 000000007f39f200 70104 (v02  INTEL    CpuPm 00004000 INTL 20051117)
2015-02-18T09:34:19.974349-07:00 c0-0c0s0n2 ACPI: SPCR 000000007f40f308 00050 (v01  A M I   APTIO4 01072009 AMI. 00000004)
2015-02-18T09:34:19.999561-07:00 c0-0c0s0n2 ACPI: EINJ 000000007f40f358 00130 (v01    AMI AMI EINJ 00000000      00000000)
2015-02-18T09:34:19.999585-07:00 c0-0c0s0n2 ACPI: ERST 000000007f40f488 00230 (v01  AMIER AMI ERST 00000000      00000000)
2015-02-18T09:34:20.024781-07:00 c0-0c0s0n2 ACPI: HEST 000000007f40f6b8 000A8 (v01    AMI AMI HEST 00000000      00000000)
2015-02-18T09:34:20.024815-07:00 c0-0c0s0n2 ACPI: BERT 000000007f40f760 00030 (v01    AMI AMI BERT 00000000      00000000)
2015-02-18T09:34:20.049991-07:00 c0-0c0s0n2 ACPI: DMAR 000000007f40f790 000BC (v01 A M I   OEMDMAR 00000001 INTL 00000001)
2015-02-18T09:34:20.050020-07:00 c0-0c0s0n2 No NUMA configuration found
2015-02-18T09:34:20.050029-07:00 c0-0c0s0n2 Faking a node at 0000000000000000-0000001080000000
2015-02-18T09:34:20.075186-07:00 c0-0c0s0n2 Initmem setup node 0 0000000000000000-0000001080000000
2015-02-18T09:34:20.075212-07:00 c0-0c0s0n2  NODE_DATA [000000107ffbb000 - 000000107ffbffff]
2015-02-18T09:34:20.262556-07:00 c0-0c0s0n2 Zone PFN ranges:
2015-02-18T09:34:20.287773-07:00 c0-0c0s0n2  DMA      0x00000010 -> 0x00001000
2015-02-18T09:34:20.287808-07:00 c0-0c0s0n2  DMA32    0x00001000 -> 0x00100000
2015-02-18T09:34:20.287821-07:00 c0-0c0s0n2  Normal   0x00100000 -> 0x01080000
2015-02-18T09:34:20.287831-07:00 c0-0c0s0n2 Movable zone start PFN for each node
2015-02-18T09:34:20.313030-07:00 c0-0c0s0n2 early_node_map[5] active PFN ranges
2015-02-18T09:34:20.313058-07:00 c0-0c0s0n2    0: 0x00000010 -> 0x000000a0
2015-02-18T09:34:20.313073-07:00 c0-0c0s0n2    0: 0x00000100 -> 0x0007e67c
2015-02-18T09:34:20.313086-07:00 c0-0c0s0n2    0: 0x0007f491 -> 0x0007f493
2015-02-18T09:34:20.338239-07:00 c0-0c0s0n2    0: 0x0007f558 -> 0x0007f800
2015-02-18T09:34:20.338261-07:00 c0-0c0s0n2    0: 0x00100000 -> 0x01080000
2015-02-18T09:34:20.944630-07:00 c0-0c0s0n2 ACPI: LAPIC (acpi_id[0x00] lapic_id[0x00] enabled)
2015-02-18T09:34:20.969848-07:00 c0-0c0s0n2 ACPI: LAPIC (acpi_id[0x02] lapic_id[0x02] enabled)
2015-02-18T09:34:20.969863-07:00 c0-0c0s0n2 ACPI: LAPIC (acpi_id[0x04] lapic_id[0x04] enabled)
2015-02-18T09:34:20.969873-07:00 c0-0c0s0n2 ACPI: LAPIC (acpi_id[0x06] lapic_id[0x06] enabled)
2015-02-18T09:34:20.995085-07:00 c0-0c0s0n2 ACPI: LAPIC (acpi_id[0x08] lapic_id[0x08] enabled)
2015-02-18T09:34:20.995098-07:00 c0-0c0s0n2 ACPI: LAPIC (acpi_id[0x0a] lapic_id[0x0a] enabled)
2015-02-18T09:34:20.995108-07:00 c0-0c0s0n2 ACPI: LAPIC (acpi_id[0x0c] lapic_id[0x0c] enabled)
2015-02-18T09:34:21.020294-07:00 c0-0c0s0n2 ACPI: LAPIC (acpi_id[0x0e] lapic_id[0x0e] enabled)
2015-02-18T09:34:21.020326-07:00 c0-0c0s0n2 ACPI: LAPIC (acpi_id[0x01] lapic_id[0x01] enabled)
2015-02-18T09:34:21.020337-07:00 c0-0c0s0n2 ACPI: LAPIC (acpi_id[0x03] lapic_id[0x03] enabled)
2015-02-18T09:34:21.045520-07:00 c0-0c0s0n2 ACPI: LAPIC (acpi_id[0x05] lapic_id[0x05] enabled)
2015-02-18T09:34:21.045535-07:00 c0-0c0s0n2 ACPI: LAPIC (acpi_id[0x07] lapic_id[0x07] enabled)
2015-02-18T09:34:21.045556-07:00 c0-0c0s0n2 ACPI: LAPIC (acpi_id[0x09] lapic_id[0x09] enabled)
2015-02-18T09:34:21.070726-07:00 c0-0c0s0n2 ACPI: LAPIC (acpi_id[0x0b] lapic_id[0x0b] enabled)
2015-02-18T09:34:21.070753-07:00 c0-0c0s0n2 ACPI: LAPIC (acpi_id[0x0d] lapic_id[0x0d] enabled)
2015-02-18T09:34:21.070780-07:00 c0-0c0s0n2 ACPI: LAPIC (acpi_id[0x0f] lapic_id[0x0f] enabled)
2015-02-18T09:34:21.095942-07:00 c0-0c0s0n2 ACPI: LAPIC_NMI (acpi_id[0x00] high edge lint[0x1])
2015-02-18T09:34:21.095964-07:00 c0-0c0s0n2 ACPI: LAPIC_NMI (acpi_id[0x02] high edge lint[0x1])
2015-02-18T09:34:21.095973-07:00 c0-0c0s0n2 ACPI: LAPIC_NMI (acpi_id[0x04] high edge lint[0x1])
2015-02-18T09:34:21.121174-07:00 c0-0c0s0n2 ACPI: LAPIC_NMI (acpi_id[0x06] high edge lint[0x1])
2015-02-18T09:34:21.121196-07:00 c0-0c0s0n2 ACPI: LAPIC_NMI (acpi_id[0x08] high edge lint[0x1])
2015-02-18T09:34:21.121242-07:00 c0-0c0s0n2 ACPI: LAPIC_NMI (acpi_id[0x0a] high edge lint[0x1])
2015-02-18T09:34:21.146369-07:00 c0-0c0s0n2 ACPI: LAPIC_NMI (acpi_id[0x0c] high edge lint[0x1])
2015-02-18T09:34:21.146393-07:00 c0-0c0s0n2 ACPI: LAPIC_NMI (acpi_id[0x0e] high edge lint[0x1])
2015-02-18T09:34:21.146402-07:00 c0-0c0s0n2 ACPI: LAPIC_NMI (acpi_id[0x01] high edge lint[0x1])
2015-02-18T09:34:21.171613-07:00 c0-0c0s0n2 ACPI: LAPIC_NMI (acpi_id[0x03] high edge lint[0x1])
2015-02-18T09:34:21.171641-07:00 c0-0c0s0n2 ACPI: LAPIC_NMI (acpi_id[0x05] high edge lint[0x1])
2015-02-18T09:34:21.171667-07:00 c0-0c0s0n2 ACPI: LAPIC_NMI (acpi_id[0x07] high edge lint[0x1])
2015-02-18T09:34:21.196852-07:00 c0-0c0s0n2 ACPI: LAPIC_NMI (acpi_id[0x09] high edge lint[0x1])
2015-02-18T09:34:21.196875-07:00 c0-0c0s0n2 ACPI: LAPIC_NMI (acpi_id[0x0b] high edge lint[0x1])
2015-02-18T09:34:21.196886-07:00 c0-0c0s0n2 ACPI: LAPIC_NMI (acpi_id[0x0d] high edge lint[0x1])
2015-02-18T09:34:21.233357-07:00 c0-0c0s0n2 ACPI: LAPIC_NMI (acpi_id[0x0f] high edge lint[0x1])
2015-02-18T09:34:21.233384-07:00 c0-0c0s0n2 ACPI: IOAPIC (id[0x00] address[0xfec00000] gsi_base[0])
2015-02-18T09:34:21.233395-07:00 c0-0c0s0n2 IOAPIC[0]: apic_id 0, version 32, address 0xfec00000, GSI 0-23
2015-02-18T09:34:21.233413-07:00 c0-0c0s0n2 ACPI: IOAPIC (id[0x02] address[0xfec01000] gsi_base[24])
2015-02-18T09:34:21.258556-07:00 c0-0c0s0n2 IOAPIC[1]: apic_id 2, version 32, address 0xfec01000, GSI 24-47
2015-02-18T09:34:21.258579-07:00 c0-0c0s0n2 ACPI: INT_SRC_OVR (bus 0 bus_irq 0 global_irq 2 dfl dfl)
2015-02-18T09:34:21.258590-07:00 c0-0c0s0n2 ACPI: INT_SRC_OVR (bus 0 bus_irq 9 global_irq 9 high level)
2015-02-18T09:34:21.283807-07:00 c0-0c0s0n2 Using ACPI (MADT) for SMP configuration information
2015-02-18T09:34:21.283835-07:00 c0-0c0s0n2 ACPI: HPET id: 0x8086a701 base: 0xfed00000
2015-02-18T09:34:21.283859-07:00 c0-0c0s0n2 SMP: Allowing 16 CPUs, 0 hotplug CPUs
2015-02-18T09:34:21.309016-07:00 c0-0c0s0n2 Allocating PCI resources starting at 90000000 (gap: 90000000:6ed1c000)
2015-02-18T09:34:21.309038-07:00 c0-0c0s0n2 setup_percpu: NR_CPUS:128 nr_cpumask_bits:128 nr_cpu_ids:16 nr_node_ids:1
2015-02-18T09:34:21.334256-07:00 c0-0c0s0n2 PERCPU: Embedded 25 PATH1224 @ffff88107fa00000 s72704 r8192 d21504 u131072
2015-02-18T09:34:21.334284-07:00 c0-0c0s0n2 Built 1 zonelists in Zone order, mobility grouping on.  Total pages: 16534701
2015-02-18T09:34:21.334311-07:00 c0-0c0s0n2 Policy zone: Normal
2015-02-18T09:34:21.415059-07:00 c0-0c0s0n2 Kernel command line: earlyprintk=serial,115200 load_ramdisk=1 ramdisk_size=80000 console=ttyS0,115200n8 bootnodeip=IPADDR13 bootproto=ipog bootpath=PATH1220 rootfs=nfs-shared root=PATH1221 oops=panic bootifnetmask=IPADDR15 elevator=noop ippob1=10 ippob2=128 pcie_ports=native iommu=on intel_iommu=off bad_page=panic pln_enable=off apei_disable hest_disable erst_disable ghes_disable cgroup_disable=memory active_wlm=ALPS sdbnodeip=IPADDR16 sessionid=p0-20150218t092259 _cray=marker_ 
2015-02-18T09:34:21.440279-07:00 c0-0c0s0n2 Intel-IOMMU: disabled
2015-02-18T09:34:21.440311-07:00 c0-0c0s0n2 Disabling memory control group subsystem
2015-02-18T09:34:21.440328-07:00 c0-0c0s0n2 PID hash table entries: 4096 (order: 3, 32768 bytes)
2015-02-18T09:34:21.465493-07:00 c0-0c0s0n2 PATH1225: enabled xstate_bv 0x7, cntxt size 0x340
2015-02-18T09:34:21.837311-07:00 c0-0c0s0n2 Memory: PATH1226 available (5522k kernel code, 2121000k absent, 1019852k reserved, 5307k data, 692k init)
2015-02-18T09:34:21.837329-07:00 c0-0c0s0n2 Hierarchical RCU implementation.
2015-02-18T09:34:21.862525-07:00 c0-0c0s0n2 NR_IRQS:4352
2015-02-18T09:34:21.901290-07:00 c0-0c0s0n2 Extended CMOS year: 2000
2015-02-18T09:34:21.926561-07:00 c0-0c0s0n2 Console: colour dummy device 80x25
2015-02-18T09:34:21.926575-07:00 c0-0c0s0n2 console [ttyS0] enabled, bootconsole disabled
2015-02-18T09:34:21.926586-07:00 c0-0c0s0n2 console [ttyS0] enabled, bootconsole disabled
2015-02-18T09:34:21.951774-07:00 c0-0c0s0n2 Fast TSC calibration using PIT
2015-02-18T09:34:21.976992-07:00 c0-0c0s0n2 Detected 2600.016 MHz processor.
2015-02-18T09:34:21.977007-07:00 c0-0c0s0n2 Calibrating delay loop (skipped), value calculated using timer frequency.. 5200.03 BogoMIPS (lpj=10400064)
2015-02-18T09:34:21.977050-07:00 c0-0c0s0n2 pid_max: default: 32768 minimum: 301
2015-02-18T09:34:22.022754-07:00 c0-0c0s0n2 Dentry cache hash table entries: 8388608 (order: 14, 67108864 bytes)
2015-02-18T09:34:22.058258-07:00 c0-0c0s0n2 Inode-cache hash table entries: 4194304 (order: 13, 33554432 bytes)
2015-02-18T09:34:22.083460-07:00 c0-0c0s0n2 Mount-cache hash table entries: 256
2015-02-18T09:34:22.083486-07:00 c0-0c0s0n2 Initializing cgroup subsys cpuacct
2015-02-18T09:34:22.108683-07:00 c0-0c0s0n2 Initializing cgroup subsys memory
2015-02-18T09:34:22.108722-07:00 c0-0c0s0n2 Initializing cgroup subsys devices
2015-02-18T09:34:22.108734-07:00 c0-0c0s0n2 Initializing cgroup subsys perf_event
2015-02-18T09:34:22.108757-07:00 c0-0c0s0n2 CPU: Physical Processor ID: 0
2015-02-18T09:34:22.108769-07:00 c0-0c0s0n2 CPU: Processor Core ID: 0
2015-02-18T09:34:22.133908-07:00 c0-0c0s0n2 mce: CPU supports 20 MCE banks
2015-02-18T09:34:22.133936-07:00 c0-0c0s0n2 CPU0: Thermal monitoring enabled (TM1)
2015-02-18T09:34:22.133951-07:00 c0-0c0s0n2 using mwait in idle threads.
2015-02-18T09:34:22.133963-07:00 c0-0c0s0n2 ACPI: Core revision 20110413
2015-02-18T09:34:22.175661-07:00 c0-0c0s0n2 ftrace: allocating 20236 entries in 80 pages
2015-02-18T09:34:22.200859-07:00 c0-0c0s0n2 DMAR: Host address width 46
2015-02-18T09:34:22.226107-07:00 c0-0c0s0n2 DMAR: DRHD base: 0x000000fbffc000 flags: 0x1
2015-02-18T09:34:22.226135-07:00 c0-0c0s0n2 IOMMU 0: reg_base_addr fbffc000 ver 1:0 cap d2078c106f0462 ecap f020fe
2015-02-18T09:34:22.226160-07:00 c0-0c0s0n2 DMAR: RMRR base: 0x0000007f430000 end: 0x0000007f43cfff
2015-02-18T09:34:22.251309-07:00 c0-0c0s0n2 DMAR: ATSR flags: 0x0
2015-02-18T09:34:22.251333-07:00 c0-0c0s0n2 DMAR: RHSA base: 0x000000fbffc000 proximity domain: 0x0
2015-02-18T09:34:22.251342-07:00 c0-0c0s0n2 Switched APIC routing to physical flat.
2015-02-18T09:34:22.276501-07:00 c0-0c0s0n2 ..TIMER: vector=0x30 apic1=0 pin1=2 apic2=-1 pin2=-1
2015-02-18T09:34:22.301699-07:00 c0-0c0s0n2 CPU0: Intel(R) Xeon(R) CPU E5-2670 0 @ 2.60GHz stepping 07
2015-02-18T09:34:22.529425-07:00 c0-0c0s0n2 Performance Events: PEBS fmt1+, 16-deep LBR, SandyBridge events, full-width counters, Intel PMU driver.
2015-02-18T09:34:22.554626-07:00 c0-0c0s0n2 ... version:                3
2015-02-18T09:34:22.554640-07:00 c0-0c0s0n2 ... bit width:              48
2015-02-18T09:34:22.554656-07:00 c0-0c0s0n2 ... generic registers:      4
2015-02-18T09:34:22.554669-07:00 c0-0c0s0n2 ... value mask:             0000ffffffffffff
2015-02-18T09:34:22.579825-07:00 c0-0c0s0n2 ... max period:             0000ffffffffffff
2015-02-18T09:34:22.579838-07:00 c0-0c0s0n2 ... fixed-purpose events:   3
2015-02-18T09:34:22.579857-07:00 c0-0c0s0n2 ... event mask:             000000070000000f
2015-02-18T09:34:23.029257-07:00 c0-0c0s0n2 Booting Node   0, Processors  #1 #2 #3 #4 #5 #6 #7 #8 #9 #10 #11 #12 #13 #14 #15 Ok.
2015-02-18T09:34:23.064023-07:00 c0-0c0s0n2 Brought up 16 CPUs
2015-02-18T09:34:23.089261-07:00 c0-0c0s0n2 Total of 16 processors activated (83200.51 BogoMIPS).
2015-02-18T09:34:23.129315-07:00 c0-0c0s0n2 NET: Registered protocol family 16
2015-02-18T09:34:23.129329-07:00 c0-0c0s0n2 ACPI FADT declares the system doesn't support PCIe ASPM, so disable it
2015-02-18T09:34:23.154540-07:00 c0-0c0s0n2 ACPI: bus type pci registered
2015-02-18T09:34:23.154560-07:00 c0-0c0s0n2 PCI: MMCONFIG for domain 0000 [bus 00-ff] at [mem 0x80000000-0x8fffffff] (base 0x80000000)
2015-02-18T09:34:23.154582-07:00 c0-0c0s0n2 PCI: MMCONFIG at [mem 0x80000000-0x8fffffff] reserved in E820
2015-02-18T09:34:23.179735-07:00 c0-0c0s0n2 PCI: Using configuration type 1 for base access
2015-02-18T09:34:23.204943-07:00 c0-0c0s0n2 bio: create slab <bio-0> at 0
2015-02-18T09:34:23.230152-07:00 c0-0c0s0n2 ACPI: Executed 1 blocks of module-level executable AML code
2015-02-18T09:34:23.431178-07:00 c0-0c0s0n2 ACPI: Interpreter enabled
2015-02-18T09:34:23.456396-07:00 c0-0c0s0n2 ACPI: (supports S0 S1 S3 S5)
2015-02-18T09:34:23.456423-07:00 c0-0c0s0n2 ACPI: Using IOAPIC for interrupt routing
2015-02-18T09:34:23.481616-07:00 c0-0c0s0n2 ACPI: No dock devices found.
2015-02-18T09:34:23.481645-07:00 c0-0c0s0n2 HEST: Table parsing disabled.
2015-02-18T09:34:23.506829-07:00 c0-0c0s0n2 PCI: Using host bridge windows from ACPI; if necessary, use "pci=nocrs" and report a bug
2015-02-18T09:34:23.506852-07:00 c0-0c0s0n2 ACPI: PCI Root Bridge [PCI0] (domain 0000 [bus 00-fe])
2015-02-18T09:34:23.532071-07:00 c0-0c0s0n2 pci_root PNP0A08:00: host bridge window [io  0x0000-0x03af]
2015-02-18T09:34:23.532098-07:00 c0-0c0s0n2 pci_root PNP0A08:00: host bridge window [io  0x03e0-0x0cf7]
2015-02-18T09:34:23.557265-07:00 c0-0c0s0n2 pci_root PNP0A08:00: host bridge window [io  0x0d00-0xffff]
2015-02-18T09:34:23.557288-07:00 c0-0c0s0n2 pci_root PNP0A08:00: host bridge window [mem 0x000c0000-0x000dffff]
2015-02-18T09:34:23.557306-07:00 c0-0c0s0n2 pci_root PNP0A08:00: host bridge window [mem 0x80000000-0xfbffffff]
2015-02-18T09:34:23.582511-07:00 c0-0c0s0n2 pci_root PNP0A08:00: host bridge window [mem 0x1080000000-0x3c3fffffffff]
2015-02-18T09:34:23.582533-07:00 c0-0c0s0n2 pci 0000:00:02.0: PCI bridge to [bus 01-01]
2015-02-18T09:34:23.607769-07:00 c0-0c0s0n2 pci 0000:00:03.0: PCI bridge to [bus 02-02]
2015-02-18T09:34:23.607792-07:00 c0-0c0s0n2 pci 0000:00:03.2: PCI bridge to [bus 03-03]
2015-02-18T09:34:23.607810-07:00 c0-0c0s0n2 pci 0000:00:11.0: PCI bridge to [bus 04-04]
2015-02-18T09:34:23.645358-07:00 c0-0c0s0n2 pci 0000:00:1e.0: PCI bridge to [bus 05-05] (subtractive decode)
2015-02-18T09:34:23.645380-07:00 c0-0c0s0n2 pci0000:00: Unable to request _OSC control (_OSC support mask: 0x19)
2015-02-18T09:34:23.670567-07:00 c0-0c0s0n2 ACPI: PCI Root Bridge [UNC0] (domain 0000 [bus ff])
2015-02-18T09:34:23.670590-07:00 c0-0c0s0n2 pci0000:ff: Unable to request _OSC control (_OSC support mask: 0x19)
2015-02-18T09:34:23.695790-07:00 c0-0c0s0n2 ACPI: PCI Interrupt Link [LNKA] (IRQs 3 4 5 6 7 10 *11 12 14 15)
2015-02-18T09:34:23.695817-07:00 c0-0c0s0n2 ACPI: PCI Interrupt Link [LNKB] (IRQs 3 4 5 6 7 *10 11 12 14 15)
2015-02-18T09:34:23.695840-07:00 c0-0c0s0n2 ACPI: PCI Interrupt Link [LNKC] (IRQs 3 4 *5 6 10 11 12 14 15)
2015-02-18T09:34:23.721018-07:00 c0-0c0s0n2 ACPI: PCI Interrupt Link [LNKD] (IRQs *3 4 5 6 10 11 12 14 15)
2015-02-18T09:34:23.721041-07:00 c0-0c0s0n2 ACPI: PCI Interrupt Link [LNKE] (IRQs 3 4 5 6 7 10 11 12 14 15) *0
2015-02-18T09:34:23.746234-07:00 c0-0c0s0n2 ACPI: PCI Interrupt Link [LNKF] (IRQs 3 4 5 6 7 10 11 12 14 15) *0
2015-02-18T09:34:23.746256-07:00 c0-0c0s0n2 ACPI: PCI Interrupt Link [LNKG] (IRQs 3 4 5 6 7 10 11 12 14 15) *0
2015-02-18T09:34:23.746266-07:00 c0-0c0s0n2 ACPI: PCI Interrupt Link [LNKH] (IRQs 3 4 5 6 *7 10 11 12 14 15)
2015-02-18T09:34:23.771437-07:00 c0-0c0s0n2 vgaarb: loaded
2015-02-18T09:34:23.771466-07:00 c0-0c0s0n2 SCSI subsystem initialized
2015-02-18T09:34:23.771475-07:00 c0-0c0s0n2 PCI: Using ACPI for IRQ routing
2015-02-18T09:34:23.771484-07:00 c0-0c0s0n2 Switching to clocksource hpet
2015-02-18T09:34:23.796648-07:00 c0-0c0s0n2 pnp: PnP ACPI init
2015-02-18T09:34:23.796675-07:00 c0-0c0s0n2 ACPI: bus type pnp registered
2015-02-18T09:34:23.821902-07:00 c0-0c0s0n2 system 00:01: [mem 0xfc000000-0xfcffffff] has been reserved
2015-02-18T09:34:23.821926-07:00 c0-0c0s0n2 system 00:01: [mem 0xfd000000-0xfdffffff] has been reserved
2015-02-18T09:34:23.821946-07:00 c0-0c0s0n2 system 00:01: [mem 0xfe000000-0xfeafffff] has been reserved
2015-02-18T09:34:23.861362-07:00 c0-0c0s0n2 system 00:01: [mem 0xfeb00000-0xfebfffff] has been reserved
2015-02-18T09:34:23.861396-07:00 c0-0c0s0n2 system 00:01: [mem 0xfed00400-0xfed3ffff] could not be reserved
2015-02-18T09:34:24.080232-07:00 c0-0c0s0n2 system 00:01: [mem 0xfed45000-0xfedfffff] has been reserved
2015-02-18T09:34:24.080247-07:00 c0-0c0s0n2 system 00:02: [mem 0xfbffc000-0xfbffdfff] has been reserved
2015-02-18T09:34:24.080255-07:00 c0-0c0s0n2 system 00:06: [io  0x04d0-0x04d1] has been reserved
2015-02-18T09:34:24.080262-07:00 c0-0c0s0n2 system 00:08: [io  0x0400-0x0453] has been reserved
2015-02-18T09:34:24.080276-07:00 c0-0c0s0n2 system 00:08: [io  0x0458-0x047f] has been reserved
2015-02-18T09:34:24.080290-07:00 c0-0c0s0n2 system 00:08: [io  0x1180-0x119f] has been reserved
2015-02-18T09:34:24.080304-07:00 c0-0c0s0n2 system 00:08: [io  0x0500-0x057f] has been reserved
2015-02-18T09:34:24.080312-07:00 c0-0c0s0n2 system 00:08: [mem 0xfed1c000-0xfed1ffff] has been reserved
2015-02-18T09:34:24.080323-07:00 c0-0c0s0n2 system 00:08: [mem 0xfec00000-0xfecfffff] could not be reserved
2015-02-18T09:34:24.080341-07:00 c0-0c0s0n2 system 00:08: [mem 0xfed08000-0xfed08fff] has been reserved
2015-02-18T09:34:24.080353-07:00 c0-0c0s0n2 system 00:08: [mem 0xff000000-0xffffffff] has been reserved
2015-02-18T09:34:24.080360-07:00 c0-0c0s0n2 system 00:09: [io  0x0454-0x0457] has been reserved
2015-02-18T09:34:24.080365-07:00 c0-0c0s0n2 pnp: PnP ACPI: found 12 devices
2015-02-18T09:34:24.080380-07:00 c0-0c0s0n2 ACPI: ACPI bus type pnp unregistered
2015-02-18T09:34:24.080389-07:00 c0-0c0s0n2 pci 0000:00:02.0: PCI bridge to [bus 01-01]
2015-02-18T09:34:24.080396-07:00 c0-0c0s0n2 pci 0000:00:02.0:   bridge window [io  disabled]
2015-02-18T09:34:24.080406-07:00 c0-0c0s0n2 pci 0000:00:02.0:   bridge window [mem disabled]
2015-02-18T09:34:24.080419-07:00 c0-0c0s0n2 pci 0000:00:02.0:   bridge window [mem 0x3c0000000000-0x3c20000fffff 64bit pref]
2015-02-18T09:34:24.080430-07:00 c0-0c0s0n2 pci 0000:00:03.0: PCI bridge to [bus 02-02]
2015-02-18T09:34:24.080441-07:00 c0-0c0s0n2 pci 0000:00:03.0:   bridge window [io  disabled]
2015-02-18T09:34:24.080451-07:00 c0-0c0s0n2 pci 0000:00:03.0:   bridge window [mem 0xfbc00000-0xfbdfffff]
2015-02-18T09:34:24.080465-07:00 c0-0c0s0n2 pci 0000:00:03.0:   bridge window [mem 0x3c2001000000-0x3c20017fffff 64bit pref]
2015-02-18T09:34:24.080473-07:00 c0-0c0s0n2 pci 0000:00:03.2: PCI bridge to [bus 03-03]
2015-02-18T09:34:24.080483-07:00 c0-0c0s0n2 pci 0000:00:03.2:   bridge window [io  disabled]
2015-02-18T09:34:24.117365-07:00 c0-0c0s0n2 pci 0000:00:03.2:   bridge window [mem 0xfba00000-0xfbbfffff]
2015-02-18T09:34:24.117380-07:00 c0-0c0s0n2 pci 0000:00:03.2:   bridge window [mem 0x3c2000800000-0x3c2000ffffff 64bit pref]
2015-02-18T09:34:24.117396-07:00 c0-0c0s0n2 pci 0000:00:11.0: PCI bridge to [bus 04-04]
2015-02-18T09:34:24.117424-07:00 c0-0c0s0n2 pci 0000:00:11.0:   bridge window [io  0xe000-0xefff]
2015-02-18T09:34:24.142607-07:00 c0-0c0s0n2 pci 0000:00:11.0:   bridge window [mem 0xfbe00000-0xfbefffff]
2015-02-18T09:34:24.142621-07:00 c0-0c0s0n2 pci 0000:00:11.0:   bridge window [mem 0x3c2001800000-0x3c2001cfffff 64bit pref]
2015-02-18T09:34:24.167809-07:00 c0-0c0s0n2 pci 0000:00:1e.0: PCI bridge to [bus 05-05]
2015-02-18T09:34:24.167821-07:00 c0-0c0s0n2 pci 0000:00:1e.0:   bridge window [io  disabled]
2015-02-18T09:34:24.167850-07:00 c0-0c0s0n2 pci 0000:00:1e.0:   bridge window [mem disabled]
2015-02-18T09:34:24.193046-07:00 c0-0c0s0n2 pci 0000:00:1e.0:   bridge window [mem pref disabled]
2015-02-18T09:34:24.193063-07:00 c0-0c0s0n2 pci 0000:00:02.0: PCI INT A -> GSI 32 (level, low) -> IRQ 32
2015-02-18T09:34:24.193088-07:00 c0-0c0s0n2 pci 0000:00:03.0: PCI INT A -> GSI 40 (level, low) -> IRQ 40
2015-02-18T09:34:24.218295-07:00 c0-0c0s0n2 pci 0000:00:03.2: PCI INT A -> GSI 40 (level, low) -> IRQ 40
2015-02-18T09:34:24.218317-07:00 c0-0c0s0n2 pci 0000:00:11.0: PCI INT A -> GSI 16 (level, low) -> IRQ 16
2015-02-18T09:34:24.218334-07:00 c0-0c0s0n2 NET: Registered protocol family 2
2015-02-18T09:34:24.243505-07:00 c0-0c0s0n2 IP route cache hash table entries: 524288 (order: 10, 4194304 bytes)
2015-02-18T09:34:24.243532-07:00 c0-0c0s0n2 TCP established hash table entries: 524288 (order: 11, 8388608 bytes)
2015-02-18T09:34:24.268709-07:00 c0-0c0s0n2 TCP bind hash table entries: 65536 (order: 8, 1048576 bytes)
2015-02-18T09:34:24.268731-07:00 c0-0c0s0n2 TCP: Hash tables configured (established 524288 bind 65536)
2015-02-18T09:34:24.268741-07:00 c0-0c0s0n2 TCP reno registered
2015-02-18T09:34:24.293992-07:00 c0-0c0s0n2 UDP hash table entries: 32768 (order: 8, 1048576 bytes)
2015-02-18T09:34:24.294015-07:00 c0-0c0s0n2 UDP-Lite hash table entries: 32768 (order: 8, 1048576 bytes)
2015-02-18T09:34:24.294037-07:00 c0-0c0s0n2 NET: Registered protocol family 1
2015-02-18T09:34:24.319179-07:00 c0-0c0s0n2 RPC: Registered named UNIX socket transport module.
2015-02-18T09:34:24.319203-07:00 c0-0c0s0n2 RPC: Registered udp transport module.
2015-02-18T09:34:24.319212-07:00 c0-0c0s0n2 RPC: Registered tcp transport module.
2015-02-18T09:34:24.319226-07:00 c0-0c0s0n2 RPC: Registered tcp NFSv4.1 backchannel transport module.
2015-02-18T09:34:24.344373-07:00 c0-0c0s0n2 pci 0000:00:1a.0: PCI INT A -> GSI 16 (level, low) -> IRQ 16
2015-02-18T09:34:24.369625-07:00 c0-0c0s0n2 pci 0000:00:1a.0: PCI INT A disabled
2015-02-18T09:34:24.369652-07:00 c0-0c0s0n2 pci 0000:00:1d.0: PCI INT A -> GSI 23 (level, low) -> IRQ 23
2015-02-18T09:34:24.394791-07:00 c0-0c0s0n2 pci 0000:00:1d.0: PCI INT A disabled
2015-02-18T09:34:24.420013-07:00 c0-0c0s0n2 Trying to unpack rootfs image as initramfs...
2015-02-18T09:34:24.831964-07:00 c0-0c0s0n2 Freeing initrd memory: 12348k freed
2015-02-18T09:34:24.857205-07:00 c0-0c0s0n2 DMAR: Device scope device [0000:00:01.01] not found
2015-02-18T09:34:24.857224-07:00 c0-0c0s0n2 DMAR: Device scope device [0000:00:01.01] not found
2015-02-18T09:34:24.882438-07:00 c0-0c0s0n2 PCI-DMA: Using software bounce buffering for IO (SWIOTLB)
2015-02-18T09:34:24.882451-07:00 c0-0c0s0n2 Placing 64MB software IO TLB between ffff88007a67c000 - ffff88007e67c000
2015-02-18T09:34:24.882466-07:00 c0-0c0s0n2 software IO TLB at phys 0x7a67c000 - 0x7e67c000
2015-02-18T09:34:24.921351-07:00 c0-0c0s0n2 Machine check injector initialized
2015-02-18T09:34:24.921380-07:00 c0-0c0s0n2 futex hash table entries: 4096 (order: 6, 262144 bytes)
2015-02-18T09:34:24.921411-07:00 c0-0c0s0n2 Registering pnotify support for (name=job)
2015-02-18T09:34:24.921436-07:00 c0-0c0s0n2 CSA: initialized
2015-02-18T09:34:24.921472-07:00 c0-0c0s0n2 audit: initializing netlink socket (disabled)
2015-02-18T09:34:24.946618-07:00 c0-0c0s0n2 type=2000 audit(1424277259.464:1): initialized
2015-02-18T09:34:24.985330-07:00 c0-0c0s0n2 HugeTLB registered 2 MB page size, pre-allocated 0 pages
2015-02-18T09:34:24.985358-07:00 c0-0c0s0n2 VFS: Disk quotas dquot_6.5.2
2015-02-18T09:34:25.010545-07:00 c0-0c0s0n2 Dquot-cache hash table entries: 512 (order 0, 4096 bytes)
2015-02-18T09:34:25.010583-07:00 c0-0c0s0n2 Installing knfsd (copyright (C) 1996 okir@monad.swb.de).
2015-02-18T09:34:25.010607-07:00 c0-0c0s0n2 fuse init (API version 7.16)
2015-02-18T09:34:25.010616-07:00 c0-0c0s0n2 Installing v9fs 9p2000 file system support
2015-02-18T09:34:25.035763-07:00 c0-0c0s0n2 msgmni has been set to 32268
2015-02-18T09:34:25.035790-07:00 c0-0c0s0n2 Block layer SCSI generic (bsg) driver version 0.4 loaded (major 254)
2015-02-18T09:34:25.035822-07:00 c0-0c0s0n2 io scheduler noop registered (default)
2015-02-18T09:34:25.035835-07:00 c0-0c0s0n2 io scheduler deadline registered
2015-02-18T09:34:25.060984-07:00 c0-0c0s0n2 io scheduler cfq registered
2015-02-18T09:34:25.061018-07:00 c0-0c0s0n2 input: Power Button as PATH1228:PATH1229:PATH1230:PATH1231
2015-02-18T09:34:25.061052-07:00 c0-0c0s0n2 ACPI: Power Button [PWRB]
2015-02-18T09:34:25.086216-07:00 c0-0c0s0n2 input: Power Button as PATH1228:PATH1232:PATH1233
2015-02-18T09:34:25.086240-07:00 c0-0c0s0n2 ACPI: Power Button [PWRF]
2015-02-18T09:34:25.166940-07:00 c0-0c0s0n2 ERST: Error Record Serialization Table (ERST) support is disabled.
2015-02-18T09:34:25.192208-07:00 c0-0c0s0n2 GHES: HEST is not enabled!
2015-02-18T09:34:25.223838-07:00 c0-0c0s0n2 Serial: PATH1234 driver, 2 ports, IRQ sharing disabled
2015-02-18T09:34:25.249095-07:00 c0-0c0s0n2 serial8250: ttyS0 at PATH1235 0x3f8 (irq = 4) is a 16550A
2015-02-18T09:34:25.299718-07:00 c0-0c0s0n2 serial8250: ttyS1 at PATH1235 0x2f8 (irq = 3) is a 16550A
2015-02-18T09:34:25.393229-07:00 c0-0c0s0n2 Real Time Clock Driver v1.12b
2015-02-18T09:34:25.418484-07:00 c0-0c0s0n2 Linux agpgart interface v0.103
2015-02-18T09:34:25.418509-07:00 c0-0c0s0n2 brd: module loaded
2015-02-18T09:34:25.418543-07:00 c0-0c0s0n2 loop: module loaded
2015-02-18T09:34:25.418554-07:00 c0-0c0s0n2 Loading iSCSI transport class v2.0-870.
2015-02-18T09:34:25.443684-07:00 c0-0c0s0n2 iscsi: registered transport (tcp)
2015-02-18T09:34:25.443714-07:00 c0-0c0s0n2 Rounding down aligned max_sectors from 4294967295 to 4294967288
2015-02-18T09:34:25.443733-07:00 c0-0c0s0n2 console [netcon0] enabled
2015-02-18T09:34:25.443767-07:00 c0-0c0s0n2 netconsole: network logging started
2015-02-18T09:34:25.468935-07:00 c0-0c0s0n2 i8042: PNP: No PATH1236 controller found. Probing ports directly.
2015-02-18T09:34:25.883747-07:00 c0-0c0s0n2 Refined TSC clocksource calibration: 2599.999 MHz.
2015-02-18T09:34:25.908936-07:00 c0-0c0s0n2 Switching to clocksource tsc
2015-02-18T09:34:26.484457-07:00 c0-0c0s0n2 i8042: No controller found
2015-02-18T09:34:26.484479-07:00 c0-0c0s0n2 EDAC MC: Ver: 2.1.0
2015-02-18T09:34:26.484499-07:00 c0-0c0s0n2 cpuidle: using governor ladder
2015-02-18T09:34:26.484509-07:00 c0-0c0s0n2 cpuidle: using governor menu
2015-02-18T09:34:26.512727-07:00 c0-0c0s0n2 oprofile: using NMI interrupt.
2015-02-18T09:34:26.512742-07:00 c0-0c0s0n2 TCP cubic registered
2015-02-18T09:34:26.512763-07:00 c0-0c0s0n2 NET: Registered protocol family 10
2015-02-18T09:34:26.512788-07:00 c0-0c0s0n2 IPv6 over IPv4 tunneling driver
2015-02-18T09:34:26.512806-07:00 c0-0c0s0n2 NET: Registered protocol family 17
2015-02-18T09:34:26.512826-07:00 c0-0c0s0n2 Installing 9P2000 support
2015-02-18T09:34:26.543823-07:00 c0-0c0s0n2 Registering the dns_resolver key type
2015-02-18T09:34:26.543836-07:00 c0-0c0s0n2 registered taskstats version 1
2015-02-18T09:34:26.543863-07:00 c0-0c0s0n2 Freeing unused kernel memory: 692k freed
2015-02-18T09:34:26.656992-07:00 c0-0c0s0n2 ghal_init:Cray(R) Gemini Hardware Abstraction Layer - version 1.0107
2015-02-18T09:34:26.657016-07:00 c0-0c0s0n2 ghal_init:Copyright (C) 2007-1012 Cray Inc.
2015-02-18T09:34:26.682187-07:00 c0-0c0s0n2 ghal 0000:01:00.1: enabling device (0000 -> 0002)
2015-02-18T09:34:26.707387-07:00 c0-0c0s0n2 udev: starting version 147
2015-02-18T09:34:26.707397-07:00 c0-0c0s0n2 simplex: module license 'unspecified' taints kernel.
2015-02-18T09:34:26.707426-07:00 c0-0c0s0n2 hss-os: communication area 0xffff881008244600 (phys 0x1008244600)
2015-02-18T09:34:27.504187-07:00 c0-0c0s0n2 hss-os: new channel 1
2015-02-18T09:34:27.592975-07:00 c0-0c0s0n2 request_sys_info_from_L0: No tile dimension data
2015-02-18T09:34:27.592989-07:00 c0-0c0s0n2 hss-os: new channel 2
2015-02-18T09:34:27.593011-07:00 c0-0c0s0n2 kgni_init:Cray(R) Gemini Network Interface - Sep 17 2014 version 0x004500b7 rev 9750
2015-02-18T09:34:27.621436-07:00 c0-0c0s0n2 kgni_init:Copyright (C) 2007,2008 Cray Inc.
2015-02-18T09:34:27.678941-07:00 c0-0c0s0n2 ipogif_init:Cray(R) Gemini IP over Fabric device driver - version 0.17
2015-02-18T09:34:27.678956-07:00 c0-0c0s0n2 ipogif_init:Copyright (C) 2007 Cray Inc.
2015-02-18T09:34:27.678973-07:00 c0-0c0s0n2 ipogif_probe:Immediate checksum off
2015-02-18T09:34:27.678997-07:00 c0-0c0s0n2 Cray(R) Gemini Performance Counter Daemon - version 0.1
2015-02-18T09:34:27.711884-07:00 c0-0c0s0n2 GEMINI Performance Counter Daemon.
2015-02-18T09:34:27.711905-07:00 c0-0c0s0n2 Cray(R) Kernel Dynamic Registration (KDREG) Interface - version 0x2243e
2015-02-18T09:34:27.737117-07:00 c0-0c0s0n2 Copyright (C) 2004-5 Pete Wyckoff - modified by Cray(R)
2015-02-18T09:34:27.982468-07:00 c0-0c0s0n2 ipogif_up:Bringing interface up
2015-02-18T09:34:28.071764-07:00 c0-0c0s0n2 Sending ec_node_info with boot code 0 (NODE_INFO_OS_BOOT) for nid 2
2015-02-18T09:34:28.071801-07:00 c0-0c0s0n2 arp: sdbnode NID 137 = 000101000089
2015-02-18T09:34:28.071810-07:00 c0-0c0s0n2 arp: bootnode NID 1 = 000101000001
2015-02-18T09:34:28.071825-07:00 c0-0c0s0n2 net.core.rmem_max = 16777216
2015-02-18T09:34:28.071844-07:00 c0-0c0s0n2 net.core.wmem_max = 16777216
2015-02-18T09:34:28.071853-07:00 c0-0c0s0n2 net.core.rmem_default = 16777216
2015-02-18T09:34:28.071864-07:00 c0-0c0s0n2 net.core.wmem_default = 16777216
2015-02-18T09:34:28.071883-07:00 c0-0c0s0n2 net.core.optmem_max = 16777216
2015-02-18T09:34:28.071901-07:00 c0-0c0s0n2 net.ipv4.tcp_mem = 16777216 16777216 16777216
2015-02-18T09:34:28.071912-07:00 c0-0c0s0n2 net.ipv4.tcp_rmem = 4096 87380 16777216
2015-02-18T09:34:28.071922-07:00 c0-0c0s0n2 net.ipv4.tcp_wmem = 4096 65536 16777216
2015-02-18T09:34:28.096829-07:00 c0-0c0s0n2 Using rootfs config: nfs-shared...
2015-02-18T09:34:28.096853-07:00 c0-0c0s0n2 rootfs mount succeeded.
2015-02-18T09:34:28.096885-07:00 c0-0c0s0n2 **********************************************************
2015-02-18T09:34:28.096897-07:00 c0-0c0s0n2    HOSTNAME: nid00002
2015-02-18T09:34:28.096907-07:00 c0-0c0s0n2 **********************************************************
2015-02-18T09:34:28.096915-07:00 c0-0c0s0n2 ipogif0   Link encap:Ethernet  HWaddr 00:01:01:00:00:02  
2015-02-18T09:34:28.133316-07:00 c0-0c0s0n2          inet addr:IPADDR14  Mask:IPADDR15
2015-02-18T09:34:28.133354-07:00 c0-0c0s0n2          inet6 addr: fe80::201:1ff:fe00:PATH1251 Scope:Link
2015-02-18T09:34:28.133389-07:00 c0-0c0s0n2          UP RUNNING NOARP  MTU:65520  Metric:1
2015-02-18T09:34:28.133406-07:00 c0-0c0s0n2          RX packets:21 errors:0 dropped:0 overruns:0 frame:0
2015-02-18T09:34:28.133419-07:00 c0-0c0s0n2          TX packets:28 errors:0 dropped:0 overruns:0 carrier:0
2015-02-18T09:34:28.133439-07:00 c0-0c0s0n2          collisions:0 txqueuelen:1000 
2015-02-18T09:34:28.133462-07:00 c0-0c0s0n2          RX bytes:2496 (2.4 KiB)  TX bytes:2540 (2.4 KiB)
2015-02-18T09:34:28.133481-07:00 c0-0c0s0n2 lo        Link encap:Local Loopback  
2015-02-18T09:34:28.133511-07:00 c0-0c0s0n2          inet addr:IPADDR18  Mask:IPADDR24
2015-02-18T09:34:28.133521-07:00 c0-0c0s0n2          inet6 addr: ::PATH1252 Scope:Host
2015-02-18T09:34:28.133526-07:00 c0-0c0s0n2          UP LOOPBACK RUNNING  MTU:16436  Metric:1
2015-02-18T09:34:28.133556-07:00 c0-0c0s0n2          RX packets:0 errors:0 dropped:0 overruns:0 frame:0
2015-02-18T09:34:28.158560-07:00 c0-0c0s0n2          TX packets:0 errors:0 dropped:0 overruns:0 carrier:0
2015-02-18T09:34:28.158595-07:00 c0-0c0s0n2          collisions:0 txqueuelen:0 
2015-02-18T09:34:28.158610-07:00 c0-0c0s0n2          RX bytes:0 (0.0 B)  TX bytes:0 (0.0 B)
2015-02-18T09:34:28.158626-07:00 c0-0c0s0n2 Mounting NID specific PATH1253 (nid=2)...
2015-02-18T09:34:28.158636-07:00 c0-0c0s0n2 done.
2015-02-18T09:34:28.306712-07:00 c0-0c0s0n2 INIT: version 2.86 booting
2015-02-18T09:34:28.332582-07:00 c0-0c0s0n2 System Boot Control: Running PATH1254
2015-02-18T09:34:28.357829-07:00 c0-0c0s0n2 Mounting sysfs at PATH12557[?25l
2015-02-18T09:34:28.357839-07:00 c0-0c0s0n2 [80C[10D[1;32mdone[m8[?25h
2015-02-18T09:34:28.357861-07:00 c0-0c0s0n2 Copying static PATH1256 content7[?25l
2015-02-18T09:34:28.357867-07:00 c0-0c0s0n2 [80C[10D[1;32mdone[m8[?25h
2015-02-18T09:34:28.357881-07:00 c0-0c0s0n2 Mounting tmpfs at PATH12577[?25l
2015-02-18T09:34:28.357895-07:00 c0-0c0s0n2 [80C[10D[1;32mdone[m8[?25h
2015-02-18T09:34:28.383089-07:00 c0-0c0s0n2 Mounting devpts at PATH12587[?25l
2015-02-18T09:34:28.383104-07:00 c0-0c0s0n2 [80C[10D[1;32mdone[m8[?25h
2015-02-18T09:34:28.383124-07:00 c0-0c0s0n2 Boot logging started on PATH1259(PATH1260) at Wed Feb 18 10:34:22 2015
2015-02-18T09:34:28.412645-07:00 c0-0c0s0n2 Mounting debugfs at PATH12617[?25l
2015-02-18T09:34:28.412657-07:00 c0-0c0s0n2 [80C[10D[1;32mdone[m8[?25h
2015-02-18T09:34:28.464438-07:00 c0-0c0s0n2 [m[?25hNo efivars filesystem driver available.[m[?25hStarting udevd: udev: starting version 147
2015-02-18T09:34:28.489646-07:00 c0-0c0s0n2 7[?25l
2015-02-18T09:34:28.489659-07:00 c0-0c0s0n2 [80C[10D[1;32mdone[m8[?25h
2015-02-18T09:34:28.523636-07:00 c0-0c0s0n2 Loading drivers, configuring devices: Compat-rdma backport release: ac916cb
2015-02-18T09:34:28.548889-07:00 c0-0c0s0n2 usbcore: registered new interface driver usbfs
2015-02-18T09:34:28.548915-07:00 c0-0c0s0n2 usbcore: registered new interface driver hub
2015-02-18T09:34:28.548924-07:00 c0-0c0s0n2 usbcore: registered new device driver usb
2015-02-18T09:34:28.574150-07:00 c0-0c0s0n2 Backport based on git:PATH1237 5268562
2015-02-18T09:34:28.574176-07:00 c0-0c0s0n2 compat.git: git:PATH1237
2015-02-18T09:34:28.574186-07:00 c0-0c0s0n2 ahci 0000:00:1f.2: PCI INT B -> GSI 19 (level, low) -> IRQ 19
2015-02-18T09:34:28.599388-07:00 c0-0c0s0n2 ehci_hcd: USB 2.0 'Enhanced' Host Controller (EHCI) Driver
2015-02-18T09:34:28.599412-07:00 c0-0c0s0n2 mlx4_core: Mellanox ConnectX core driver v1.1 (Dec, 2011)
2015-02-18T09:34:28.599422-07:00 c0-0c0s0n2 mlx4_core: Initializing 0000:02:00.0
2015-02-18T09:34:28.624588-07:00 c0-0c0s0n2 mlx4_core 0000:02:00.0: PCI INT A -> GSI 40 (level, low) -> IRQ 40
2015-02-18T09:34:28.624618-07:00 c0-0c0s0n2 ahci 0000:00:1f.2: forcing PORTS_IMPL to 0x3f
2015-02-18T09:34:28.649837-07:00 c0-0c0s0n2 ahci 0000:00:1f.2: AHCI 0001.0300 32 slots 6 ports 6 Gbps 0x3f impl SATA mode
2015-02-18T09:34:28.649882-07:00 c0-0c0s0n2 ahci 0000:00:1f.2: flags: 64bit ncq sntf pm led clo pio slum part ems apst 
2015-02-18T09:34:28.649897-07:00 c0-0c0s0n2 scsi0 : ahci
2015-02-18T09:34:28.649917-07:00 c0-0c0s0n2 scsi1 : ahci
2015-02-18T09:34:28.649933-07:00 c0-0c0s0n2 scsi2 : ahci
2015-02-18T09:34:28.649946-07:00 c0-0c0s0n2 scsi3 : ahci
2015-02-18T09:34:28.675074-07:00 c0-0c0s0n2 scsi4 : ahci
2015-02-18T09:34:28.675099-07:00 c0-0c0s0n2 scsi5 : ahci
2015-02-18T09:34:28.675109-07:00 c0-0c0s0n2 ata2: SATA max PATH1238 abar m2048@0xfbf00000 port 0xfbf00100 irq 164
2015-02-18T09:34:28.700285-07:00 c0-0c0s0n2 ata3: SATA max PATH1238 abar m2048@0xfbf00000 port 0xfbf00180 irq 164
2015-02-18T09:34:28.700311-07:00 c0-0c0s0n2 ata4: SATA max PATH1238 abar m2048@0xfbf00000 port 0xfbf00200 irq 164
2015-02-18T09:34:28.700322-07:00 c0-0c0s0n2 ata5: SATA max PATH1238 abar m2048@0xfbf00000 port 0xfbf00280 irq 164
2015-02-18T09:34:28.725525-07:00 c0-0c0s0n2 ata6: SATA max PATH1238 abar m2048@0xfbf00000 port 0xfbf00300 irq 164
2015-02-18T09:34:28.725550-07:00 c0-0c0s0n2 ata7: SATA max PATH1238 abar m2048@0xfbf00000 port 0xfbf00380 irq 164
2015-02-18T09:34:28.750762-07:00 c0-0c0s0n2 ehci_hcd 0000:00:1a.0: PCI INT A -> GSI 16 (level, low) -> IRQ 16
2015-02-18T09:34:28.750788-07:00 c0-0c0s0n2 ehci_hcd 0000:00:1a.0: EHCI Host Controller
2015-02-18T09:34:28.750798-07:00 c0-0c0s0n2 ehci_hcd 0000:00:1a.0: new USB bus registered, assigned bus number 1
2015-02-18T09:34:28.750842-07:00 c0-0c0s0n2 ehci_hcd 0000:00:1a.0: debug port 2
2015-02-18T09:34:28.775996-07:00 c0-0c0s0n2 ehci_hcd 0000:00:1a.0: irq 16, io mem 0xfbf02000
2015-02-18T09:34:28.801276-07:00 c0-0c0s0n2 ehci_hcd 0000:00:1a.0: USB 2.0 started, EHCI 1.00
2015-02-18T09:34:28.801300-07:00 c0-0c0s0n2 hub 1-0:1.0: USB hub found
2015-02-18T09:34:28.801310-07:00 c0-0c0s0n2 hub 1-0:1.0: 2 ports detected
2015-02-18T09:34:28.826491-07:00 c0-0c0s0n2 ehci_hcd 0000:00:1d.0: PCI INT A -> GSI 23 (level, low) -> IRQ 23
2015-02-18T09:34:28.826515-07:00 c0-0c0s0n2 ehci_hcd 0000:00:1d.0: EHCI Host Controller
2015-02-18T09:34:28.826525-07:00 c0-0c0s0n2 ehci_hcd 0000:00:1d.0: new USB bus registered, assigned bus number 2
2015-02-18T09:34:28.826536-07:00 c0-0c0s0n2 ehci_hcd 0000:00:1d.0: debug port 2
2015-02-18T09:34:28.851697-07:00 c0-0c0s0n2 ehci_hcd 0000:00:1d.0: irq 23, io mem 0xfbf01000
2015-02-18T09:34:28.876955-07:00 c0-0c0s0n2 ehci_hcd 0000:00:1d.0: USB 2.0 started, EHCI 1.00
2015-02-18T09:34:28.876983-07:00 c0-0c0s0n2 hub 2-0:1.0: USB hub found
2015-02-18T09:34:28.876992-07:00 c0-0c0s0n2 hub 2-0:1.0: 2 ports detected
2015-02-18T09:34:29.113608-07:00 c0-0c0s0n2 usb 1-1: new high-speed USB device number 2 using ehci_hcd
2015-02-18T09:34:29.253778-07:00 c0-0c0s0n2 hub 1-1:1.0: USB hub found
2015-02-18T09:34:29.279001-07:00 c0-0c0s0n2 hub 1-1:1.0: 6 ports detected
2015-02-18T09:34:29.374924-07:00 c0-0c0s0n2 usb 2-1: new high-speed USB device number 2 using ehci_hcd
2015-02-18T09:34:29.512313-07:00 c0-0c0s0n2 hub 2-1:1.0: USB hub found
2015-02-18T09:34:29.537530-07:00 c0-0c0s0n2 hub 2-1:1.0: 8 ports detected
2015-02-18T09:34:29.750456-07:00 c0-0c0s0n2 ata6: failed to resume link (SControl 0)
2015-02-18T09:34:29.775692-07:00 c0-0c0s0n2 ata6: SATA link down (SStatus 0 SControl 0)
2015-02-18T09:34:29.775720-07:00 c0-0c0s0n2 ata3: failed to resume link (SControl 0)
2015-02-18T09:34:29.775729-07:00 c0-0c0s0n2 ata3: SATA link down (SStatus 0 SControl 0)
2015-02-18T09:34:29.800921-07:00 c0-0c0s0n2 ata2: failed to resume link (SControl 0)
2015-02-18T09:34:29.800950-07:00 c0-0c0s0n2 ata2: SATA link down (SStatus 0 SControl 0)
2015-02-18T09:34:29.800968-07:00 c0-0c0s0n2 ata4: failed to resume link (SControl 0)
2015-02-18T09:34:29.800983-07:00 c0-0c0s0n2 ata4: SATA link down (SStatus 0 SControl 0)
2015-02-18T09:34:29.837355-07:00 c0-0c0s0n2 ata5: failed to resume link (SControl 0)
2015-02-18T09:34:29.837381-07:00 c0-0c0s0n2 ata5: SATA link down (SStatus 0 SControl 0)
2015-02-18T09:34:29.837391-07:00 c0-0c0s0n2 ata7: failed to resume link (SControl 0)
2015-02-18T09:34:29.837404-07:00 c0-0c0s0n2 ata7: SATA link down (SStatus 0 SControl 0)
2015-02-18T09:34:36.801174-07:00 c0-0c0s0n2 mlx4_core 0000:02:00.0: 64B PATH1239 supported by the device but not enabled
2015-02-18T09:34:37.479814-07:00 c0-0c0s0n2 mlx4_core: Initializing 0000:03:00.0
2015-02-18T09:34:37.479835-07:00 c0-0c0s0n2 mlx4_core 0000:03:00.0: PCI INT A -> GSI 42 (level, low) -> IRQ 42
2015-02-18T09:34:45.709695-07:00 c0-0c0s0n2 mlx4_core 0000:03:00.0: 64B PATH1239 supported by the device but not enabled
2015-02-18T09:34:46.485528-07:00 c0-0c0s0n2 7[?25l
2015-02-18T09:34:46.485548-07:00 c0-0c0s0n2 [80C[10D[1;32mdone[m8[?25h
2015-02-18T09:34:46.544823-07:00 c0-0c0s0n2 [m[?25hMounting PATH1262 from IPADDR13. Checking for nid=2 existance.
2015-02-18T09:34:46.716543-07:00 c0-0c0s0n2 7[?25l
2015-02-18T09:34:46.716552-07:00 c0-0c0s0n2 [80C[10D[1;32mdone[m8[?25h
2015-02-18T09:34:46.754027-07:00 c0-0c0s0n2 Mounting tmpfs on PATH12637[?25l
2015-02-18T09:34:46.754050-07:00 c0-0c0s0n2 [80C[10D[1;32mdone[m8[?25h
2015-02-18T09:34:46.754066-07:00 c0-0c0s0n2 Running sysctl using values from PATH1264
2015-02-18T09:34:46.754125-07:00 c0-0c0s0n2 net.ipv4.icmp_echo_ignore_broadcasts = 1
2015-02-18T09:34:46.754138-07:00 c0-0c0s0n2 net.ipv4.conf.all.rp_filter = 1
2015-02-18T09:34:46.754150-07:00 c0-0c0s0n2 fs.inotify.max_user_watches = 65536
2015-02-18T09:34:46.754159-07:00 c0-0c0s0n2 net.ipv4.conf.default.promote_secondaries = 1
2015-02-18T09:34:46.754179-07:00 c0-0c0s0n2 net.ipv4.conf.all.promote_secondaries = 1
2015-02-18T09:34:46.754212-07:00 c0-0c0s0n2 vm.min_free_kbytes = 102400
2015-02-18T09:34:46.754229-07:00 c0-0c0s0n2 7[?25l
2015-02-18T09:34:46.754235-07:00 c0-0c0s0n2 [80C[10D[1;32mdone[m8[?25h
2015-02-18T09:34:46.754263-07:00 c0-0c0s0n2 [m[?25hActivating swap-devices in PATH1265
2015-02-18T09:34:46.783845-07:00 c0-0c0s0n2 7[?25l[1A
2015-02-18T09:34:46.783858-07:00 c0-0c0s0n2 [80C[10D[1;32mdone[m8[?25hroot file system (PATH24) is NOT being checked.
2015-02-18T09:34:47.658539-07:00 c0-0c0s0n2 [m[?25hSet System Time to the current Hardware Clock7[?25l
2015-02-18T09:34:47.658563-07:00 c0-0c0s0n2 [80C[10D[1;32mdone[m8[?25h
2015-02-18T09:34:47.701169-07:00 c0-0c0s0n2 [m[?25hActivating device mapper...
2015-02-18T09:34:47.701184-07:00 c0-0c0s0n2 device-mapper: ioctl: 4.23.0-ioctl (2012-07-25) initialised: dm-devel@redhat.com
2015-02-18T09:34:47.701199-07:00 c0-0c0s0n2 7[?25l
2015-02-18T09:34:47.701211-07:00 c0-0c0s0n2 [80C[10D[1;32mdone[m8[?25h
2015-02-18T09:34:47.744440-07:00 c0-0c0s0n2 [m[?25hLoading required kernel modules
2015-02-18T09:34:47.779737-07:00 c0-0c0s0n2 7[?25l[1A
2015-02-18T09:34:47.779754-07:00 c0-0c0s0n2 [80C[10D[1;32mdone[m8[?25h[m[?25h[m[?25hWaiting for udev to settle...
2015-02-18T09:34:47.779780-07:00 c0-0c0s0n2 Scanning for LVM volume groups...
2015-02-18T09:34:47.779795-07:00 c0-0c0s0n2  Reading all physical volumes.  This may take a while...
2015-02-18T09:34:47.779817-07:00 c0-0c0s0n2  No volume groups found
2015-02-18T09:34:47.779839-07:00 c0-0c0s0n2  No volume groups found
2015-02-18T09:34:47.779874-07:00 c0-0c0s0n2 Activating LVM volume groups...
2015-02-18T09:34:47.779887-07:00 c0-0c0s0n2  PARTIAL MODE. Incomplete logical volumes will be processed.
2015-02-18T09:34:47.779908-07:00 c0-0c0s0n2  No volume groups found
2015-02-18T09:34:47.806527-07:00 c0-0c0s0n2 7[?25l
2015-02-18T09:34:47.806536-07:00 c0-0c0s0n2 [80C[10D[1;32mdone[m8[?25h
2015-02-18T09:34:47.831768-07:00 c0-0c0s0n2 [m[?25hNo fibre channel cards present.  Not waiting for disk devices. 
2015-02-18T09:34:48.051083-07:00 c0-0c0s0n2 [m[?25hChecking file systems...
2015-02-18T09:34:48.051099-07:00 c0-0c0s0n2 fsck from util-linux 2.19.1
2015-02-18T09:34:48.051105-07:00 c0-0c0s0n2 Checking all file systems.
2015-02-18T09:34:48.051110-07:00 c0-0c0s0n2 7[?25l[1A
2015-02-18T09:34:48.051119-07:00 c0-0c0s0n2 [80C[10D[1;32mdone[m8[?25hMounting local file systems...
2015-02-18T09:34:48.051125-07:00 c0-0c0s0n2 nothing was mounted
2015-02-18T09:34:48.145796-07:00 c0-0c0s0n2 7[?25l[1A
2015-02-18T09:34:48.145810-07:00 c0-0c0s0n2 [80C[10D[1;32mdone[m8[?25h[m[?25hCheck if the profiles matches the system7[?25l
2015-02-18T09:34:48.145815-07:00 c0-0c0s0n2 [80C[10D[1;32mdone[m8[?25h
2015-02-18T09:34:48.145826-07:00 c0-0c0s0n2 [m[?25hEnabling monitoring on LVM volume groups...
2015-02-18T09:34:48.171017-07:00 c0-0c0s0n2  No volume groups found
2015-02-18T09:34:48.171034-07:00 c0-0c0s0n2 7[?25l
2015-02-18T09:34:48.171047-07:00 c0-0c0s0n2 [80C[10D[1;32mdone[m8[?25h
2015-02-18T09:34:48.210616-07:00 c0-0c0s0n2 [m[?25h[m[?25h[m[?25h[m[?25h[m[?25hTurning quota on
2015-02-18T09:34:48.235830-07:00 c0-0c0s0n2 Checking quotas. This may take some time.
2015-02-18T09:34:48.235842-07:00 c0-0c0s0n2 7[?25l
2015-02-18T09:34:48.235847-07:00 c0-0c0s0n2 [80C[10D[1;32mdone[m8[?25h
2015-02-18T09:34:48.235864-07:00 c0-0c0s0n2 [m[?25hSetting current sysctl status from PATH12647[?25l
2015-02-18T09:34:48.235876-07:00 c0-0c0s0n2 [80C[10D[1;32mdone[m8[?25h
2015-02-18T09:34:48.362998-07:00 c0-0c0s0n2 [m[?25htouch: cannot touch `PATH1266': Read-only file system
2015-02-18T09:34:48.388248-07:00 c0-0c0s0n2 chmod: changing permissions of `PATH1266': Read-only file system
2015-02-18T09:34:48.388266-07:00 c0-0c0s0n2 touch: cannot touch `PATH1266': Read-only file system
2015-02-18T09:34:48.388285-07:00 c0-0c0s0n2 touch: cannot touch `PATH1267': Read-only file system
2015-02-18T09:34:48.388313-07:00 c0-0c0s0n2 chmod: cannot access `PATH1267': No such file or directory
2015-02-18T09:34:48.388324-07:00 c0-0c0s0n2 touch: cannot touch `PATH1267': Read-only file system
2015-02-18T09:34:48.425378-07:00 c0-0c0s0n2 [m[?25hSystem Boot Control: The system has been 
2015-02-18T09:34:48.425389-07:00 c0-0c0s0n2 [80C[10D[1mset up[m
2015-02-18T09:34:48.425414-07:00 c0-0c0s0n2 Skipped features: [80C[19D[1;33mboot.efivars[m
2015-02-18T09:34:48.425427-07:00 c0-0c0s0n2 System Boot Control: Running PATH1268
2015-02-18T09:34:48.425460-07:00 c0-0c0s0n2 7[?25l[1A
2015-02-18T09:34:48.425469-07:00 c0-0c0s0n2 [8
2015-02-18T09:34:48.425474-07:00 c0-0c0s0n2 INIT: Entering runlevel: 3
2015-02-18T09:34:48.450566-07:00 c0-0c0s0n2 Master Resource Control: previous runlevel: N, switching to runlevel: 
2015-02-18T09:34:48.450578-07:00 c0-0c0s0n2 [80C[10D[1m3[m
2015-02-18T09:34:48.475763-07:00 c0-0c0s0n2 Starting batchlimitd
2015-02-18T09:34:48.500969-07:00 c0-0c0s0n2 [m[?25hLoading nic compatibility device7[?25l
2015-02-18T09:34:48.500980-07:00 c0-0c0s0n2 [80C[10D[1;32mdone[m8[?25h
2015-02-18T09:34:48.646108-07:00 c0-0c0s0n2 [m[?25hbpmcd_init: Power statistics available in PATH1240
2015-02-18T09:34:48.671315-07:00 c0-0c0s0n2 [m[?25hStarting D-Bus daemon7[?25l
2015-02-18T09:34:48.671325-07:00 c0-0c0s0n2 [80C[10D[1;32mdone[m8[?25h
2015-02-18T09:34:49.121108-07:00 c0-0c0s0n2 [m[?25h[m[?25hiSCSI Enterprise Target Software - version trunk
2015-02-18T09:34:49.148088-07:00 c0-0c0s0n2 iscsi_trgt: Registered io type fileio
2015-02-18T09:34:49.148108-07:00 c0-0c0s0n2 iscsi_trgt: Registered io type blockio
2015-02-18T09:34:49.148119-07:00 c0-0c0s0n2 iscsi_trgt: Registered io type nullio
2015-02-18T09:34:49.173432-07:00 c0-0c0s0n2 [m[?25hRemoving old kernel packages...
2015-02-18T09:34:49.173453-07:00 c0-0c0s0n2 rm: cannot remove `PATH1269': Read-only file system
2015-02-18T09:34:49.173464-07:00 c0-0c0s0n2 PATH1270: multiversion.kernels not configured in PATH1271, exiting.
2015-02-18T09:34:49.199814-07:00 c0-0c0s0n2 7[?25l
2015-02-18T09:34:49.199831-07:00 c0-0c0s0n2 [80C[10D[1;32mdone[m8[?25h
2015-02-18T09:34:49.236097-07:00 c0-0c0s0n2 [m[?25hInitializing random number generator7[?25l
2015-02-18T09:34:49.236108-07:00 c0-0c0s0n2 [80C[10D[1;32mdone[m8[?25h
2015-02-18T09:34:52.652899-07:00 c0-0c0s0n2 [m[?25hmlx4_core 0000:03:00.0: PCI INT A disabled
2015-02-18T09:34:55.633495-07:00 c0-0c0s0n2 mlx4_core 0000:02:00.0: PCI INT A disabled
2015-02-18T09:34:55.746177-07:00 c0-0c0s0n2 Compat-rdma backport release: ac916cb
2015-02-18T09:34:55.771412-07:00 c0-0c0s0n2 Backport based on git:PATH1237 5268562
2015-02-18T09:34:55.771431-07:00 c0-0c0s0n2 compat.git: git:PATH1237
2015-02-18T09:34:55.796635-07:00 c0-0c0s0n2 mlx4_core: Mellanox ConnectX core driver v1.1 (Dec, 2011)
2015-02-18T09:34:55.796649-07:00 c0-0c0s0n2 mlx4_core: Initializing 0000:02:00.0
2015-02-18T09:34:55.796663-07:00 c0-0c0s0n2 mlx4_core 0000:02:00.0: PCI INT A -> GSI 40 (level, low) -> IRQ 40
2015-02-18T09:35:03.975732-07:00 c0-0c0s0n2 mlx4_core 0000:02:00.0: 64B PATH1239 supported by the device but not enabled
2015-02-18T09:35:04.654283-07:00 c0-0c0s0n2 mlx4_core: Initializing 0000:03:00.0
2015-02-18T09:35:04.654304-07:00 c0-0c0s0n2 mlx4_core 0000:03:00.0: PCI INT A -> GSI 42 (level, low) -> IRQ 42
2015-02-18T09:35:12.963167-07:00 c0-0c0s0n2 mlx4_core 0000:03:00.0: 64B PATH1239 supported by the device but not enabled
2015-02-18T09:35:13.693841-07:00 c0-0c0s0n2 <mlx4_ib> mlx4_ib_add: mlx4_ib: Mellanox ConnectX InfiniBand driver v1.0 (April 4, 2008)
2015-02-18T09:35:13.908533-07:00 c0-0c0s0n2 Loading HCA driver and Access Layer:[60G[  [1;32mOK[0;39m  ]
2015-02-18T09:35:13.908547-07:00 c0-0c0s0n2 Setting up InfiniBand network interfaces:
2015-02-18T09:35:13.958805-07:00 c0-0c0s0n2    ib0       device: Mellanox Technologies MT27500 Family [ConnectX-3]
2015-02-18T09:35:14.037259-07:00 c0-0c0s0n2 ib0: multicast join failed for ff12:401b:ffff:0000:0000:0000:ffff:ffff, status -22
2015-02-18T09:35:14.037282-07:00 c0-0c0s0n2 ADDRCONF(NETDEV_UP): ib0: link is not ready
2015-02-18T09:35:15.195752-07:00 c0-0c0s0n2 ib0: enabling connected mode will cause multicast packet drops
2015-02-18T09:35:15.195778-07:00 c0-0c0s0n2 ib0: mtu > 4092 will cause multicast packet drops.
2015-02-18T09:35:15.195795-07:00 c0-0c0s0n2 Bringing up interface ib0:[60G[  [1;32mOK[0;39m  ]
2015-02-18T09:35:15.195805-07:00 c0-0c0s0n2 No configuration found for ib1
2015-02-18T09:35:16.057286-07:00 c0-0c0s0n2 ib0: multicast join failed for ff12:401b:ffff:0000:0000:0000:ffff:ffff, status -22
2015-02-18T09:35:16.219591-07:00 c0-0c0s0n2 ib1: enabling connected mode will cause multicast packet drops
2015-02-18T09:35:16.219605-07:00 c0-0c0s0n2 ib1: mtu > 4092 will cause multicast packet drops.
2015-02-18T09:35:16.271583-07:00 c0-0c0s0n2    ib2       device: Mellanox Technologies MT27500 Family [ConnectX-3]
2015-02-18T09:35:16.707223-07:00 c0-0c0s0n2 ADDRCONF(NETDEV_UP): ib2: link is not ready
2015-02-18T09:35:16.707236-07:00 c0-0c0s0n2 ADDRCONF(NETDEV_CHANGE): ib2: link becomes ready
2015-02-18T09:35:18.830330-07:00 c0-0c0s0n2 ib2: enabling connected mode will cause multicast packet drops
2015-02-18T09:35:18.830352-07:00 c0-0c0s0n2 ib2: mtu > 2044 will cause multicast packet drops.
2015-02-18T09:35:18.830370-07:00 c0-0c0s0n2 Bringing up interface ib2:[60G[  [1;32mOK[0;39m  ]
2015-02-18T09:35:18.830380-07:00 c0-0c0s0n2 No configuration found for ib3
2015-02-18T09:35:19.607962-07:00 c0-0c0s0n2 ADDRCONF(NETDEV_CHANGE): ib0: link becomes ready
2015-02-18T09:35:19.847027-07:00 c0-0c0s0n2 ib3: enabling connected mode will cause multicast packet drops
2015-02-18T09:35:19.847045-07:00 c0-0c0s0n2 ib3: mtu > 4092 will cause multicast packet drops.
2015-02-18T09:35:19.875500-07:00 c0-0c0s0n2 Setting up service network . . .[60G[  [0;39mdone[0;39m  ]
2015-02-18T09:35:20.270886-07:00 c0-0c0s0n2 [m[?25hSetting up (localfs) network interfaces:
2015-02-18T09:35:20.392230-07:00 c0-0c0s0n2    lo        
2015-02-18T09:35:20.450551-07:00 c0-0c0s0n2    lo        IP address: PATH1272   
2015-02-18T09:35:20.475780-07:00 c0-0c0s0n2              IP address: PATH1273   
2015-02-18T09:35:20.601760-07:00 c0-0c0s0n2 7[?25l[1A
2015-02-18T09:35:20.601774-07:00 c0-0c0s0n2 [80C[10D[1;32mdone[m8[?25h    ib0       device: Mellanox Technologies MT27500 Family 
2015-02-18T09:35:20.789580-07:00 c0-0c0s0n2 [1A
2015-02-18T09:35:20.789592-07:00 c0-0c0s0n2 [80C[10D[1;33mwaiting[m
2015-02-18T09:35:20.835135-07:00 c0-0c0s0n2    ib1       device: Mellanox Technologies MT27500 Family 
2015-02-18T09:35:20.860340-07:00 c0-0c0s0n2              No configuration found for ib1
2015-02-18T09:35:20.895792-07:00 c0-0c0s0n2 7[?25l[1A
2015-02-18T09:35:20.895801-07:00 c0-0c0s0n2 [80C[10D[1munused[m8[?25h    ib2       device: Mellanox Technologies MT27500 Family 
2015-02-18T09:35:21.360269-07:00 c0-0c0s0n2 ADDRCONF(NETDEV_UP): ib2: link is not ready
2015-02-18T09:35:21.360288-07:00 c0-0c0s0n2 ADDRCONF(NETDEV_CHANGE): ib2: link becomes ready
2015-02-18T09:35:21.497394-07:00 c0-0c0s0n2 [1A
2015-02-18T09:35:21.497403-07:00 c0-0c0s0n2 [80C[10D[1;33mwaiting[m
2015-02-18T09:35:21.543896-07:00 c0-0c0s0n2    ib3       device: Mellanox Technologies MT27500 Family 
2015-02-18T09:35:21.543916-07:00 c0-0c0s0n2              No configuration found for ib3
2015-02-18T09:35:21.582548-07:00 c0-0c0s0n2 7[?25l[1A
2015-02-18T09:35:21.582562-07:00 c0-0c0s0n2 [80C[10D[1munused[m8[?25h    ipogif0   
2015-02-18T09:35:21.582572-07:00 c0-0c0s0n2              No configuration found for ipogif0
2015-02-18T09:35:21.746325-07:00 c0-0c0s0n2 7[?25l[1A
2015-02-18T09:35:21.746338-07:00 c0-0c0s0n2 [80C[10D[1munused[m8[?25h    ib0       device: Mellanox Technologies MT27500 Family 
2015-02-18T09:35:21.772540-07:00 c0-0c0s0n2    ib0       is up
2015-02-18T09:35:21.895063-07:00 c0-0c0s0n2 7[?25l[1A
2015-02-18T09:35:21.895077-07:00 c0-0c0s0n2 [80C[10D[1;32mdone[m8[?25hWaiting for mandatory devices:  ib2 
2015-02-18T09:35:22.996963-07:00 c0-0c0s0n2 28 
2015-02-18T09:35:23.037287-07:00 c0-0c0s0n2    ib2       device: Mellanox Technologies MT27500 Family 
2015-02-18T09:35:23.063651-07:00 c0-0c0s0n2    ib2       is up
2015-02-18T09:35:23.163656-07:00 c0-0c0s0n2 7[?25l[1A
2015-02-18T09:35:23.163666-07:00 c0-0c0s0n2 [80C[10D[1;32mdone[m8[?25h    bond0     
2015-02-18T09:35:23.229879-07:00 c0-0c0s0n2 bonding: Ethernet Channel Bonding Driver: v3.7.1 (April 27, 2011)
2015-02-18T09:35:23.229892-07:00 c0-0c0s0n2 bonding: bond0 is being created...
2015-02-18T09:35:23.274038-07:00 c0-0c0s0n2 bonding: bond0: Adding slave ib2.
2015-02-18T09:35:23.274056-07:00 c0-0c0s0n2 bonding: bond0: Warning: enslaved VLAN challenged slave ib2. Adding VLANs will be blocked as long as ib2 is part of bond bond0
2015-02-18T09:35:23.318810-07:00 c0-0c0s0n2 bonding: bond0: Warning: The first slave device specified does not support setting the MAC address. Setting fail_over_mac to active.
2015-02-18T09:35:23.344071-07:00 c0-0c0s0n2 bonding: bond0: enslaving ib2 as an active interface with an up link.
2015-02-18T09:35:23.344089-07:00 c0-0c0s0n2    bond0     enslaved interface: ib2
2015-02-18T09:35:23.379264-07:00 c0-0c0s0n2    bond0     IP address: PATH1248   
2015-02-18T09:35:23.531266-07:00 c0-0c0s0n2 [1A
2015-02-18T09:35:23.531276-07:00 c0-0c0s0n2 [80C[10D[1;33mwaiting[m
2015-02-18T09:35:23.638261-07:00 c0-0c0s0n2 Waiting for virtual interfaces:  bond0
2015-02-18T09:35:25.876850-07:00 c0-0c0s0n2 29 28 
2015-02-18T09:35:25.902082-07:00 c0-0c0s0n2    bond0     
2015-02-18T09:35:25.902097-07:00 c0-0c0s0n2    bond0     IP address: PATH1248
2015-02-18T09:35:25.927276-07:00 c0-0c0s0n2    bond0     is up
2015-02-18T09:35:25.979114-07:00 c0-0c0s0n2 7[?25l[1A
2015-02-18T09:35:25.979125-07:00 c0-0c0s0n2 [80C[10D[1;32mdone[m8[?25hSetting up service (localfs) network  .  .  .  .  .  .  .  .  .  .7[?25l
2015-02-18T09:35:25.979130-07:00 c0-0c0s0n2 [80C[10D[1;32mdone[m8[?25h
2015-02-18T09:35:26.005808-07:00 c0-0c0s0n2 [m[?25hCould not start BND as this is not the boot node.
2015-02-18T09:35:26.031023-07:00 c0-0c0s0n2 bootnodes are: 1 129 
2015-02-18T09:35:26.031037-07:00 c0-0c0s0n2 mynid=2
2015-02-18T09:35:26.056226-07:00 c0-0c0s0n2 [m[?25hS04cray-config-service: Mounting 9p configuration directory. 
2015-02-18T09:35:27.054200-07:00 c0-0c0s0n2 S04cray-config-service:   Success.  
2015-02-18T09:35:27.114362-07:00 c0-0c0s0n2 [m[?25h[m[?25hStarting hw_info_init on 2
2015-02-18T09:35:27.114377-07:00 c0-0c0s0n2 bootnodes are: 1 129 
2015-02-18T09:35:27.114398-07:00 c0-0c0s0n2 mynid=2
2015-02-18T09:35:27.511127-07:00 c0-0c0s0n2 [m[?25h[m[?25h 
2015-02-18T09:35:27.511182-07:00 c0-0c0s0n2 cray-syslog: **WARNING**  PATH1274 MAY require hard and soft file limits 
2015-02-18T09:35:27.511200-07:00 c0-0c0s0n2 cray-syslog:              greater or equal to 8192 for proper LLM operation 
2015-02-18T09:35:27.511211-07:00 c0-0c0s0n2 cray-syslog:              when large number of jobs are launched concurrently.
2015-02-18T09:35:27.511222-07:00 c0-0c0s0n2 cray-syslog:              If you have failures running large number of concurrent jobs,
2015-02-18T09:35:27.511231-07:00 c0-0c0s0n2 cray-syslog:              you may wish to update the hard and soft nofile entries in 
2015-02-18T09:35:27.511244-07:00 c0-0c0s0n2 cray-syslog:              limits.conf as follows.
2015-02-18T09:35:27.511250-07:00 c0-0c0s0n2 
2015-02-18T09:35:27.511260-07:00 c0-0c0s0n2 cray-syslog: PATH1274: 
2015-02-18T09:35:27.511274-07:00 c0-0c0s0n2 cray-syslog: *  soft  nofile  8192
2015-02-18T09:35:27.537161-07:00 c0-0c0s0n2 cray-syslog: *  hard  nofile  8192
2015-02-18T09:35:27.537176-07:00 c0-0c0s0n2 
2015-02-18T09:35:28.519709-07:00 c0-0c0s0n2 cray-syslog: rsyslogd started as process 10033.
2015-02-18T09:35:29.533575-07:00 c0-0c0s0n2 cray-syslog: llmrd started as process 10046.
2015-02-18T09:35:29.583791-07:00 c0-0c0s0n2 [m[?25h[m[?25hStarting auditd startproc:  exit status of parent of PATH1275: 6
2015-02-18T09:35:29.583813-07:00 c0-0c0s0n2 7[?25l
2015-02-18T09:35:29.583823-07:00 c0-0c0s0n2 [80C[10D[1;32mdone[m8[?25h
2015-02-18T09:35:29.690822-07:00 c0-0c0s0n2 [m[?25hStarting haveged daemon 7[?25l
2015-02-18T09:35:29.690832-07:00 c0-0c0s0n2 [80C[10D[1;32mdone[m8[?25h
2015-02-18T09:35:29.720222-07:00 c0-0c0s0n2 [m[?25hStarting rpcbind 7[?25l
2015-02-18T09:35:29.720235-07:00 c0-0c0s0n2 [80C[10D[1;32mdone[m8[?25h
2015-02-18T09:35:29.745447-07:00 c0-0c0s0n2 [m[?25hbootnodes are: 1 129 
2015-02-18T09:35:29.770686-07:00 c0-0c0s0n2 mynid=2
2015-02-18T09:35:29.809310-07:00 c0-0c0s0n2 [m[?25hNot starting NFS client services - no NFS found in PATH1276:
2015-02-18T09:35:29.809320-07:00 c0-0c0s0n2 [80C[10D[1munused[m
2015-02-18T09:35:29.834520-07:00 c0-0c0s0n2 [m[?25hStarting DVS service: DVS: Revision 1873 - Built: Sep 17 2014 @ 06:40:29 for lnet version 2.5
2015-02-18T09:35:29.859771-07:00 c0-0c0s0n2 LNet: HW CPU cores: 16, npartitions: 4
2015-02-18T09:35:34.909278-07:00 c0-0c0s0n2 Lustre: kgnilnd build version: 2.5-trunk-1.0502.17198.8.51-abuild-RB-5.2UP02_2.5.1-2014-09-17-06:59
2015-02-18T09:35:34.985797-07:00 c0-0c0s0n2 LNet: Added LNI 2@gni [PATH1244]
2015-02-18T09:35:35.014307-07:00 c0-0c0s0n2 7[?25l
2015-02-18T09:35:35.014326-07:00 c0-0c0s0n2 [80C[10D[1;32mdone[m8[?25h
2015-02-18T09:35:35.054360-07:00 c0-0c0s0n2 [m[?25hStarting java.binfmt_misc 7[?25l
2015-02-18T09:35:35.054370-07:00 c0-0c0s0n2 [80C[10D[1;32mdone[m8[?25h
2015-02-18T09:35:35.086474-07:00 c0-0c0s0n2 [m[?25hStarting mcelog... 7[?25l
2015-02-18T09:35:35.086483-07:00 c0-0c0s0n2 [80C[10D[1;32mdone[m8[?25h
2015-02-18T09:35:35.325048-07:00 c0-0c0s0n2 [m[?25hSetting up (remotefs) network interfaces:
2015-02-18T09:35:35.441007-07:00 c0-0c0s0n2    sit0      
2015-02-18T09:35:35.466244-07:00 c0-0c0s0n2              No configuration found for sit0
2015-02-18T09:35:35.505350-07:00 c0-0c0s0n2 7[?25l[1A
2015-02-18T09:35:35.505362-07:00 c0-0c0s0n2 [80C[10D[1munused[m8[?25hSetting up service (remotefs) network  .  .  .  .  .  .  .  .  .  .7[?25l
2015-02-18T09:35:35.505369-07:00 c0-0c0s0n2 [80C[10D[1;32mdone[m8[?25h
2015-02-18T09:35:35.530577-07:00 c0-0c0s0n2 [80C[10D[1;32mdone[m8[?25h
2015-02-18T09:35:35.569362-07:00 c0-0c0s0n2 [m[?25hsdbnodes are: 137 65 
2015-02-18T09:35:35.569388-07:00 c0-0c0s0n2 mynid=2
2015-02-18T09:35:35.619777-07:00 c0-0c0s0n2 [m[?25hStarting network time protocol daemon (NTPD)7[?25l
2015-02-18T09:35:35.619789-07:00 c0-0c0s0n2 [80C[10D[1;32mdone[m8[?25h
2015-02-18T09:35:35.670249-07:00 c0-0c0s0n2 [m[?25hStarting MUNGE: munged7[?25l
2015-02-18T09:35:35.670262-07:00 c0-0c0s0n2 [80C[10D[1;32mdone[m8[?25h
2015-02-18T09:35:35.721795-07:00 c0-0c0s0n2 [m[?25h[m[?25h[m[?25hStarting Name Service Cache Daemon7[?25l
2015-02-18T09:35:35.721806-07:00 c0-0c0s0n2 [80C[10D[1;32mdone[m8[?25h
2015-02-18T09:35:35.747002-07:00 c0-0c0s0n2 [m[?25hEnabling Linux Jobs
2015-02-18T09:35:35.772210-07:00 c0-0c0s0n2 [m[?25hStarting alps services
2015-02-18T09:35:36.288400-07:00 c0-0c0s0n2 mkdir: cannot create directory `PATH1277': Read-only file system
2015-02-18T09:35:36.288441-07:00 c0-0c0s0n2 no ALPS daemon will be started on node nid00002.
2015-02-18T09:35:36.808856-07:00 c0-0c0s0n2 [m[?25h<node_health> Starting node_health_recovery
2015-02-18T09:35:36.808871-07:00 c0-0c0s0n2 [m[?25hsdbnodes are: 137 65 
2015-02-18T09:35:36.834821-07:00 c0-0c0s0n2 mynid=2
2015-02-18T09:35:36.834837-07:00 c0-0c0s0n2 [m[?25hblogd: no message logging because PATH1262 file system is not accessible
2015-02-18T09:35:36.859932-07:00 c0-0c0s0n2 Boot event: Starting
2015-02-18T09:35:36.859962-07:00 c0-0c0s0n2 Sending ec_node_info with boot code 8 (NODE_INFO_OS_BOOT_SUCCEEDED) for nid 2
2015-02-18T09:35:36.859978-07:00 c0-0c0s0n2 [m[?25hMaster Resource Control: runlevel 3 has been 
2015-02-18T09:35:36.860005-07:00 c0-0c0s0n2 [80C[10D[1mreached[m
2015-02-18T09:35:36.860020-07:00 c0-0c0s0n2 Skipped services in runlevel 3: [80C[10D[1;33mnfs[m
2015-02-18T09:35:36.860041-07:00 c0-0c0s0n2 INIT: no more processes left in this runlevel
2015-02-18T10:06:36.332105-07:00 c0-0c0s0n2 INIT: Switching to runlevel: 0
2015-02-18T10:06:36.397359-07:00 c0-0c0s0n2 Boot logging started on PATH1259((no tty)) at Wed Feb 18 11:06:30 2015
2015-02-18T10:06:36.397396-07:00 c0-0c0s0n2 Master Resource Control: previous runlevel: 3, switching to runlevel: 
2015-02-18T10:06:36.397408-07:00 c0-0c0s0n2 [80C[10D[1m0[m
2015-02-18T10:06:36.397440-07:00 c0-0c0s0n2 sdbnodes are: 137 65 
2015-02-18T10:06:36.397456-07:00 c0-0c0s0n2 mynid=2
2015-02-18T10:06:36.437768-07:00 c0-0c0s0n2 [m[?25hBoot event: Nothing to stop.
2015-02-18T10:06:36.437804-07:00 c0-0c0s0n2 [m[?25hShutting down auditd 7[?25l
2015-02-18T10:06:36.437810-07:00 c0-0c0s0n2 [80C[10D[1;32mdone[m8[?25h
2015-02-18T10:06:36.437845-07:00 c0-0c0s0n2 [m[?25hStopping batchlimitd
2015-02-18T10:06:36.463000-07:00 c0-0c0s0n2 [m[?25hCould not start BND as this is not the boot node.
2015-02-18T10:06:36.463039-07:00 c0-0c0s0n2 bootnodes are: 1 129 
2015-02-18T10:06:36.463077-07:00 c0-0c0s0n2 mynid=2
2015-02-18T10:06:36.495521-07:00 c0-0c0s0n2 [m[?25hK02cray-config-service: Unmounting the configuration directory. 
2015-02-18T10:06:37.485425-07:00 c0-0c0s0n2 K02cray-config-service:   Success.  
2015-02-18T10:06:37.534354-07:00 c0-0c0s0n2 [m[?25hUnloading nic compatibility device7[?25l
2015-02-18T10:06:37.534367-07:00 c0-0c0s0n2 [80C[10D[1;32mdone[m8[?25h
2015-02-18T10:06:37.534383-07:00 c0-0c0s0n2 [mbpmcd_exit: No local access to power statistics
2015-02-18T10:06:42.561412-07:00 c0-0c0s0n2 [?25h[m[?25hStopping DVS service: LNet: Removed LNI 2@gni
2015-02-18T10:06:44.502746-07:00 c0-0c0s0n2 7[?25l
2015-02-18T10:06:44.502767-07:00 c0-0c0s0n2 [80C[10D[1;32mdone[m8[?25h
2015-02-18T10:06:44.531263-07:00 c0-0c0s0n2 [m[?25hGEMINI Performance Counter Daemon Reporting removed
2015-02-18T10:06:44.609642-07:00 c0-0c0s0n2 [m[?25hShutting down haveged daemon 7[?25l
2015-02-18T10:06:44.609652-07:00 c0-0c0s0n2 [80C[10D[1;32mdone[m8[?25h
2015-02-18T10:06:44.643692-07:00 c0-0c0s0n2 [m[?25hStarting hw_info_init on 2
2015-02-18T10:06:44.668926-07:00 c0-0c0s0n2 bootnodes are: 1 129 
2015-02-18T10:06:44.668947-07:00 c0-0c0s0n2 mynid=2
2015-02-18T10:06:44.694352-07:00 c0-0c0s0n2 [m[?25h[m[?25hShutting down java.binfmt_misc 7[?25l
2015-02-18T10:06:44.694366-07:00 c0-0c0s0n2 [80C[10D[1;32mdone[m8[?25h
2015-02-18T10:06:49.728407-07:00 c0-0c0s0n2 [m[?25hERROR: Module lnet has non-zero reference count.
2015-02-18T10:06:49.809966-07:00 c0-0c0s0n2 [m[?25hShutting down mcelog... 7[?25l
2015-02-18T10:06:49.809977-07:00 c0-0c0s0n2 [80C[10D[1;32mdone[m8[?25h
2015-02-18T10:06:49.901642-07:00 c0-0c0s0n2 [m[?25hStopping MUNGE: munged7[?25l
2015-02-18T10:06:49.901656-07:00 c0-0c0s0n2 [80C[10D[1;32mdone[m8[?25h
2015-02-18T10:06:49.901667-07:00 c0-0c0s0n2 [m[?25h<node_health> Stopping node_health_recovery
2015-02-18T10:06:49.927789-07:00 c0-0c0s0n2 node_health_recovery: no process found
2015-02-18T10:06:50.212201-07:00 c0-0c0s0n2 [m[?25hShutting down Name Service Cache Daemon7[?25l
2015-02-18T10:06:50.212221-07:00 c0-0c0s0n2 [80C[10D[1;32mdone[m8[?25h
2015-02-18T10:06:50.297817-07:00 c0-0c0s0n2 [m[?25h[m[?25h[m[?25h[m[?25hbootnodes are: 1 129 
2015-02-18T10:06:50.297831-07:00 c0-0c0s0n2 mynid=2
2015-02-18T10:06:50.333459-07:00 c0-0c0s0n2 [m[?25hShutting down alps services
2015-02-18T10:06:50.837518-07:00 c0-0c0s0n2 Terminating apsys
2015-02-18T10:06:51.347993-07:00 c0-0c0s0n2 7[?25l
2015-02-18T10:06:51.348029-07:00 c0-0c0s0n2 [80C[10D[1;32mdone[m8[?25h
2015-02-18T10:06:51.373224-07:00 c0-0c0s0n2 [m[?25hNOT Disabling ipogif0
2015-02-18T10:06:51.437340-07:00 c0-0c0s0n2 [m[?25hSaving random seed7[?25l
2015-02-18T10:06:51.437350-07:00 c0-0c0s0n2 [80C[10D[1;32mdone[m8[?25h
2015-02-18T10:06:51.471059-07:00 c0-0c0s0n2 [m[?25h[m[?25hDisabling Linux Jobs
2015-02-18T10:06:51.471081-07:00 c0-0c0s0n2 No new jobs will be created. If Linux Jobs support was loaded
2015-02-18T10:06:51.471094-07:00 c0-0c0s0n2 as a kernel module, you can unload the module once the number of
2015-02-18T10:06:51.471155-07:00 c0-0c0s0n2 running jobs is 0 (zero).  Use the lsmod command to find if job
2015-02-18T10:06:51.471169-07:00 c0-0c0s0n2 module is loaded and the rmmod command to unload it once the
2015-02-18T10:06:51.471179-07:00 c0-0c0s0n2 used-count is 0. The jstat command can be used
2015-02-18T10:06:51.471210-07:00 c0-0c0s0n2 to determine what jobs are currently running.
2015-02-18T10:06:51.471224-07:00 c0-0c0s0n2 jsethid illegal parameter: 0xffffffff
2015-02-18T10:06:51.496268-07:00 c0-0c0s0n2 [m[?25hsdbnodes are: 137 65 
2015-02-18T10:06:51.496306-07:00 c0-0c0s0n2 mynid=2
2015-02-18T10:06:51.521463-07:00 c0-0c0s0n2 [80C[10D[1;32mdone[m8[?25h
2015-02-18T10:06:51.580440-07:00 c0-0c0s0n2 [m[?25hShutting down network time protocol daemon (NTPD)7[?25l
2015-02-18T10:06:51.580455-07:00 c0-0c0s0n2 [80C[10D[1;32mdone[m8[?25h
2015-02-18T10:06:51.816939-07:00 c0-0c0s0n2 [m[?25hShutting down (remotefs) network interfaces:
2015-02-18T10:06:51.853046-07:00 c0-0c0s0n2    sit0      
2015-02-18T10:06:51.853061-07:00 c0-0c0s0n2              No configuration found for sit0 
2015-02-18T10:06:51.853077-07:00 c0-0c0s0n2              Nevertheless the interface will be shut down.
2015-02-18T10:06:52.361000-07:00 c0-0c0s0n2 7[?25l[1A
2015-02-18T10:06:52.361019-07:00 c0-0c0s0n2 [80C[10D[1;32mdone[m8[?25hShutting down service (remotefs) network  .  .  .  .  .  .  .  .  .7[?25l
2015-02-18T10:06:52.361025-07:00 c0-0c0s0n2 [80C[10D[1;32mdone[m8[?25h
2015-02-18T10:06:52.361037-07:00 c0-0c0s0n2 [m[?25hShutting down NFS client services: root filesystem is on NFS
2015-02-18T10:06:52.361043-07:00 c0-0c0s0n2 [80C[10D[1;33mskipped[m
2015-02-18T10:06:52.423030-07:00 c0-0c0s0n2 [m[?25hShutting down rpcbind 7[?25l
2015-02-18T10:06:52.423041-07:00 c0-0c0s0n2 [80C[10D[1;32mdone[m8[?25h
2015-02-18T10:06:58.589230-07:00 c0-0c0s0n2 [m[?25hcray-syslog: Sent shutdown to llmrd at process 10046....... 
2015-02-18T10:06:58.589256-07:00 c0-0c0s0n2 cray-syslog: llmrd shutdown cleanly.
2015-02-18T10:06:59.588565-07:00 c0-0c0s0n2 cray-syslog: Sent shutdown to rsyslogd at process 10033.. 
2015-02-18T10:06:59.613806-07:00 c0-0c0s0n2 cray-syslog: rsyslogd shutdown cleanly.
2015-02-18T10:06:59.837771-07:00 c0-0c0s0n2 [m[?25h[m[?25hShutting down (localfs) network interfaces:
2015-02-18T10:06:59.862980-07:00 c0-0c0s0n2    bond0     
2015-02-18T10:07:00.381766-07:00 c0-0c0s0n2 bonding: bond0: Removing slave ib2.
2015-02-18T10:07:00.406992-07:00 c0-0c0s0n2 bonding: bond0: releasing active interface ib2
2015-02-18T10:07:00.432202-07:00 c0-0c0s0n2 ib2: mtu > 2044 will cause multicast packet drops.
2015-02-18T10:07:00.432217-07:00 c0-0c0s0n2 bonding: bond0 is being deleted...
2015-02-18T10:07:00.568998-07:00 c0-0c0s0n2 7[?25l[1A
2015-02-18T10:07:00.569013-07:00 c0-0c0s0n2 [80C[10D[1;32mdone[m8[?25h    ib0       device: Mellanox Technologies MT27500 Family 
2015-02-18T10:07:01.105291-07:00 c0-0c0s0n2 7[?25l[1A
2015-02-18T10:07:01.105305-07:00 c0-0c0s0n2 [80C[10D[1;32mdone[m8[?25h    ib1       device: Mellanox Technologies MT27500 Family 
2015-02-18T10:07:01.105317-07:00 c0-0c0s0n2              No configuration found for ib1 
2015-02-18T10:07:01.105336-07:00 c0-0c0s0n2              Nevertheless the interface will be shut down.
2015-02-18T10:07:01.579481-07:00 c0-0c0s0n2 could not find inferface configuration: ib1
2015-02-18T10:07:01.643639-07:00 c0-0c0s0n2 7[?25l[1A
2015-02-18T10:07:01.643650-07:00 c0-0c0s0n2 [80C[10D[1;32mdone[m8[?25h    ib2       device: Mellanox Technologies MT27500 Family 
2015-02-18T10:07:02.163888-07:00 c0-0c0s0n2 7[?25l[1A
2015-02-18T10:07:02.163899-07:00 c0-0c0s0n2 [80C[10D[1;32mdone[m8[?25h    ib3       device: Mellanox Technologies MT27500 Family 
2015-02-18T10:07:02.189143-07:00 c0-0c0s0n2              No configuration found for ib3 
2015-02-18T10:07:02.189158-07:00 c0-0c0s0n2              Nevertheless the interface will be shut down.
2015-02-18T10:07:32.655344-07:00 c0-0c0s0n2 nfs: server IPADDR13 not responding, still trying
2015-02-18T10:09:54.326833-07:00 c0-0c2s3n3 ERROR: Type:2; Severity:80; Class:3; Subclass:D; Operation: 2
2015-02-18T10:09:52.285829-07:00 c0-0c0s9n2 ERROR: Type:2; Severity:80; Class:3; Subclass:D; Operation: 2
2015-02-18T10:09:52.286039-07:00 c0-0c0s7n2 ERROR: Type:2; Severity:80; Class:3; Subclass:D; Operation: 2
2015-02-18T10:09:52.286065-07:00 c0-0c0s4n2 ERROR: Type:2; Severity:80; Class:3; Subclass:D; Operation: 2
2015-02-18T10:09:48.182447-07:00 c0-0c1s9n0 ERROR: Type:2; Severity:80; Class:3; Subclass:D; Operation: 2
2015-02-18T10:09:50.244217-07:00 c0-0c1s3n1 ERROR: Type:2; Severity:80; Class:3; Subclass:D; Operation: 2
2015-02-18T09:32:41.074068-07:00 c0-0c2s2n1 Wait4Boot: WRITE: 533 bytes to memory @ 0x90CD0 ... complete
2015-02-18T09:32:41.074089-07:00 c0-0c2s2n1 Wait4Boot: Blade Controller Boot Protocol version - 1
2015-02-18T09:32:41.074143-07:00 c0-0c2s2n1 Wait4Boot: JUMP: KernelStart 0x100000, boot_params 0x90000, CmdLineAddr 0x90CD0
2015-02-18T09:32:41.323632-07:00 c0-0c2s2n1 Decompressing Linux... Parsing ELF... done.
2015-02-18T09:32:41.323646-07:00 c0-0c2s2n1 Booting the kernel.
2015-02-18T09:32:41.323685-07:00 c0-0c2s2n1 Initializing cgroup subsys cpuset
2015-02-18T09:32:41.323724-07:00 c0-0c2s2n1 Initializing cgroup subsys cpu
2015-02-18T09:32:41.361406-07:00 c0-0c2s2n1 Linux version 3.0.101-0.31.1_1.0502.8394-cray_ari_s (abuild@cfosbld05) (gcc version 4.3.4 [gcc-4_3-branch revision 152973] (SUSE Linux) ) #1 SMP Wed Sep 10 04:03:41 UTC 2014
2015-02-18T09:32:41.428078-07:00 c0-0c2s2n1 Command line: earlyprintk=serial,115200 load_ramdisk=1 ramdisk_size=80000 console=ttyS0,115200n8 bootnodeip=IPADDR13 bootproto=ipog bootpath=PATH1220 rootfs=nfs-shared root=PATH1221 oops=panic bootifnetmask=IPADDR15 elevator=noop ippob1=10 ippob2=128 pcie_ports=native iommu=on intel_iommu=off bad_page=panic pln_enable=off apei_disable hest_disable erst_disable ghes_disable cgroup_disable=memory active_wlm=ALPS sdbnodeip=IPADDR16 sessionid=p0-20150218t092259 _cray=marker_ 
2015-02-18T09:32:41.428102-07:00 c0-0c2s2n1 KERNEL supported cpus:
2015-02-18T09:32:41.428132-07:00 c0-0c2s2n1  Intel GenuineIntel
2015-02-18T09:32:41.428170-07:00 c0-0c2s2n1 BIOS-provided physical RAM map:
2015-02-18T09:32:41.453153-07:00 c0-0c2s2n1 BIOS-e820: 0000000000000000 - 00000000000a0000 (usable)
2015-02-18T09:32:41.478392-07:00 c0-0c2s2n1 BIOS-e820: 0000000000100000 - 000000007e67c000 (usable)
2015-02-18T09:32:41.478413-07:00 c0-0c2s2n1 BIOS-e820: 000000007e67c000 - 000000007e790000 (ACPI NVS)
2015-02-18T09:32:41.478444-07:00 c0-0c2s2n1 BIOS-e820: 000000007e790000 - 000000007f395000 (reserved)
2015-02-18T09:32:41.503611-07:00 c0-0c2s2n1 BIOS-e820: 000000007f395000 - 000000007f410000 (ACPI data)
2015-02-18T09:32:41.503664-07:00 c0-0c2s2n1 BIOS-e820: 000000007f410000 - 000000007f491000 (reserved)
2015-02-18T09:32:41.528824-07:00 c0-0c2s2n1 BIOS-e820: 000000007f491000 - 000000007f493000 (usable)
2015-02-18T09:32:41.528844-07:00 c0-0c2s2n1 BIOS-e820: 000000007f493000 - 000000007f494000 (ACPI NVS)
2015-02-18T09:32:41.528904-07:00 c0-0c2s2n1 BIOS-e820: 000000007f494000 - 000000007f49e000 (reserved)
2015-02-18T09:32:41.554115-07:00 c0-0c2s2n1 BIOS-e820: 000000007f49e000 - 000000007f4a6000 (ACPI NVS)
2015-02-18T09:32:41.554158-07:00 c0-0c2s2n1 BIOS-e820: 000000007f4a6000 - 000000007f4d2000 (reserved)
2015-02-18T09:32:41.554204-07:00 c0-0c2s2n1 BIOS-e820: 000000007f4d2000 - 000000007f558000 (ACPI NVS)
2015-02-18T09:32:41.579307-07:00 c0-0c2s2n1 BIOS-e820: 000000007f558000 - 000000007f800000 (usable)
2015-02-18T09:32:41.579383-07:00 c0-0c2s2n1 BIOS-e820: 0000000080000000 - 0000000090000000 (reserved)
2015-02-18T09:32:41.579424-07:00 c0-0c2s2n1 BIOS-e820: 00000000fed1c000 - 00000000fed20000 (reserved)
2015-02-18T09:32:41.604539-07:00 c0-0c2s2n1 BIOS-e820: 00000000ff000000 - 0000000100000000 (reserved)
2015-02-18T09:32:41.604607-07:00 c0-0c2s2n1 BIOS-e820: 0000000100000000 - 0000001080000000 (usable)
2015-02-18T09:32:41.604649-07:00 c0-0c2s2n1 bootconsole [earlyser0] enabled
2015-02-18T09:32:41.604661-07:00 c0-0c2s2n1 NX (Execute Disable) protection: active
2015-02-18T09:32:41.629762-07:00 c0-0c2s2n1 EFI v2.10 by American Megatrends
2015-02-18T09:32:41.629808-07:00 c0-0c2s2n1 ACPI=0x7f395000  ACPI 2.0=0x7f395000  SMBIOS=0xf04c0  MPS=0xfd450 
2015-02-18T09:32:41.654989-07:00 c0-0c2s2n1 EFI: mem00: type=3, attr=0xf, range=[0x0000000000000000-0x0000000000008000) (0MB)
2015-02-18T09:32:41.655038-07:00 c0-0c2s2n1 EFI: mem01: type=7, attr=0xf, range=[0x0000000000008000-0x0000000000060000) (0MB)
2015-02-18T09:32:41.680234-07:00 c0-0c2s2n1 EFI: mem02: type=3, attr=0xf, range=[0x0000000000060000-0x00000000000a0000) (0MB)
2015-02-18T09:32:41.680276-07:00 c0-0c2s2n1 EFI: mem03: type=7, attr=0xf, range=[0x0000000000100000-0x0000000001000000) (15MB)
2015-02-18T09:32:41.705438-07:00 c0-0c2s2n1 EFI: mem04: type=2, attr=0xf, range=[0x0000000001000000-0x0000000001100000) (1MB)
