2015-02-13T13:11:11.932804-06:00 c0-0c0s4n0 ERROR: Type:2; Severity:80; Class:3; Subclass:D; Operation: 2
2015-02-13T13:21:36.872271-06:00 c0-0c0s4n0 Wait4Boot: WRITE: 523 bytes to memory @ 0x90CD0 ... complete
2015-02-13T13:21:36.872287-06:00 c0-0c0s4n0 Wait4Boot: Blade Controller Boot Protocol version - 1
2015-02-13T13:21:36.872298-06:00 c0-0c0s4n0 Wait4Boot: JUMP: KernelStart 0x100000, boot_params 0x90000, CmdLineAddr 0x90CD0
2015-02-13T13:21:36.872307-06:00 c0-0c0s4n0 OnExitBootServices..
2015-02-13T13:21:36.920045-06:00 c0-0c0s4n0 ConfigureXhciAtBoot() Start
2015-02-13T13:21:36.920296-06:00 c0-0c0s4n0 ConfigureXhciAtBoot() End
2015-02-13T13:21:36.920545-06:00 c0-0c0s4n0 (Wdt) RunWdtBeforeOsBoot
2015-02-13T13:21:36.920791-06:00 c0-0c0s4n0 (Wdt) DisableTimer
2015-02-13T13:21:40.470885-06:00 c0-0c0s4n0 Crypto Lib Callback.
2015-02-13T13:21:40.470893-06:00 c0-0c0s4n0 Heap addr before Virtual MemFixup = 7bacb018, After = 7bacb018
2015-02-13T13:21:40.470899-06:00 c0-0c0s4n0 NvramSmi Go Virtual
2015-02-13T13:21:40.470903-06:00 c0-0c0s4n0 Stopping all external HCs
2015-02-13T13:21:40.470907-06:00 c0-0c0s4n0 stopping all HC type 40:
2015-02-13T13:21:49.573726-06:00 c0-0c0s4n0 i8042: No controller found
2015-02-13T13:21:53.618038-06:00 c0-0c0s4n0 Sending ec_node_info with boot code 0 (NODE_INFO_OS_BOOT) for nid 16
2015-02-13T13:21:53.618064-06:00 c0-0c0s4n0 net.core.rmem_max = 16777216
2015-02-13T13:21:53.618071-06:00 c0-0c0s4n0 net.core.wmem_max = 16777216
2015-02-13T13:21:53.618077-06:00 c0-0c0s4n0 net.core.rmem_default = 16777216
2015-02-13T13:21:53.618083-06:00 c0-0c0s4n0 net.core.wmem_default = 16777216
2015-02-13T13:21:53.618088-06:00 c0-0c0s4n0 net.core.optmem_max = 16777216
2015-02-13T13:21:53.618093-06:00 c0-0c0s4n0 net.ipv4.tcp_mem = 16777216 16777216 16777216
2015-02-13T13:21:53.618097-06:00 c0-0c0s4n0 net.ipv4.tcp_rmem = 4096 87380 16777216
2015-02-13T13:21:53.618102-06:00 c0-0c0s4n0 net.ipv4.tcp_wmem = 4096 65536 16777216
2015-02-13T13:21:53.618117-06:00 c0-0c0s4n0 nid 16: Linux version 3.0.101-0.31.1_1.0502.8394-cray_ari_c (abuild@cfosbld02) (gcc version 4.3.4 [gcc-4_3-branch revision 152973] (SUSE Linux) ) #1 SMP Wed Sep 10 04:09:26 UTC 2014
2015-02-13T13:21:53.618127-06:00 c0-0c0s4n0 starting pid 6919, tty '': 'PATH3974'
2015-02-13T13:21:53.618134-06:00 c0-0c0s4n0 bpmcd_init: Power statistics available in PATH1240
2015-02-13T13:21:53.618140-06:00 c0-0c0s4n0 DVS: Revision 1873 - Built: Sep 17 2014 @ 06:40:25 for lnet version 2.5
2015-02-13T13:21:53.618148-06:00 c0-0c0s4n0 LNet: HW CPU cores: 64, npartitions: 8
2015-02-13T13:21:56.732866-06:00 c0-0c0s4n0 Lustre: kgnilnd build version: 2.5-trunk-1.0502.17198.8.57-abuild-RB-5.2UP02_2.5.1-2014-09-17-06:43
2015-02-13T13:21:56.844876-06:00 c0-0c0s4n0 LNet: Added LNI 16@gni [PATH4853]
2015-02-13T13:22:12.859227-06:00 c0-0c0s4n0 mcelog: Family 6 Model 3f CPU: only decoding architectural errors
2015-02-13T13:22:12.884709-06:00 c0-0c0s4n0 SGI XPMEM kernel module v2.2 loaded
2015-02-13T13:22:12.884932-06:00 c0-0c0s4n0 <node_health> (xtnhd) xtnhd has started
2015-02-13T13:22:13.127781-06:00 c0-0c0s4n0 boot_freemem data calculated:  130105840
2015-02-13T14:30:22.104461-06:00 c0-0c0s4n0 net_ratelimit: 218 callbacks suppressed
2015-02-13T15:17:27.629778-06:00 c0-0c0s4n0 net_ratelimit: 241 callbacks suppressed
2015-02-13T15:17:57.463329-06:00 c0-0c0s4n0 net_ratelimit: 236 callbacks suppressed
2015-02-13T16:04:48.846876-06:00 c0-0c0s4n0 net_ratelimit: 243 callbacks suppressed
2015-02-13T16:05:18.776248-06:00 c0-0c0s4n0 net_ratelimit: 252 callbacks suppressed
2015-02-13T16:52:24.338256-06:00 c0-0c0s4n0 net_ratelimit: 251 callbacks suppressed
2015-02-13T16:52:54.229644-06:00 c0-0c0s4n0 net_ratelimit: 232 callbacks suppressed
2015-02-13T17:40:10.548376-06:00 c0-0c0s4n0 net_ratelimit: 241 callbacks suppressed
2015-02-13T17:40:40.488193-06:00 c0-0c0s4n0 net_ratelimit: 245 callbacks suppressed
2015-02-13T18:27:05.767936-06:00 c0-0c0s4n0 net_ratelimit: 235 callbacks suppressed
2015-02-13T18:27:35.839084-06:00 c0-0c0s4n0 net_ratelimit: 246 callbacks suppressed
2015-02-13T19:13:57.395426-06:00 c0-0c0s4n0 net_ratelimit: 247 callbacks suppressed
2015-02-13T19:14:27.392816-06:00 c0-0c0s4n0 net_ratelimit: 250 callbacks suppressed
2015-02-13T20:00:32.456760-06:00 c0-0c0s4n0 net_ratelimit: 228 callbacks suppressed
2015-02-13T20:01:02.376844-06:00 c0-0c0s4n0 net_ratelimit: 246 callbacks suppressed
2015-02-13T20:47:13.569008-06:00 c0-0c0s4n0 net_ratelimit: 246 callbacks suppressed
2015-02-13T20:47:43.552812-06:00 c0-0c0s4n0 net_ratelimit: 239 callbacks suppressed
2015-02-13T21:34:10.679567-06:00 c0-0c0s4n0 net_ratelimit: 242 callbacks suppressed
2015-02-13T21:34:40.986792-06:00 c0-0c0s4n0 net_ratelimit: 245 callbacks suppressed
2015-02-13T22:20:47.649669-06:00 c0-0c0s4n0 net_ratelimit: 256 callbacks suppressed
2015-02-13T22:21:17.560620-06:00 c0-0c0s4n0 net_ratelimit: 250 callbacks suppressed
2015-02-13T23:07:09.339589-06:00 c0-0c0s4n0 net_ratelimit: 246 callbacks suppressed
2015-02-13T23:07:38.875035-06:00 c0-0c0s4n0 net_ratelimit: 251 callbacks suppressed
2015-02-13T23:53:29.980092-06:00 c0-0c0s4n0 net_ratelimit: 241 callbacks suppressed
2015-02-13T23:54:00.155024-06:00 c0-0c0s4n0 net_ratelimit: 238 callbacks suppressed
2015-02-13T13:11:11.933020-06:00 c0-0c0s11n0 ERROR: Type:2; Severity:80; Class:3; Subclass:D; Operation: 2
2015-02-13T13:21:36.871347-06:00 c0-0c0s11n0 Wait4Boot: WRITE: 523 bytes to memory @ 0x90CD0 ... complete
2015-02-13T13:21:36.871358-06:00 c0-0c0s11n0 Wait4Boot: Blade Controller Boot Protocol version - 1
2015-02-13T13:21:36.871365-06:00 c0-0c0s11n0 Wait4Boot: JUMP: KernelStart 0x100000, boot_params 0x90000, CmdLineAddr 0x90CD0
2015-02-13T13:21:36.871369-06:00 c0-0c0s11n0 OnExitBootServices..
2015-02-13T13:21:36.920163-06:00 c0-0c0s11n0 ConfigureXhciAtBoot() Start
2015-02-13T13:21:36.920348-06:00 c0-0c0s11n0 ConfigureXhciAtBoot() End
2015-02-13T13:21:36.920604-06:00 c0-0c0s11n0 (Wdt) RunWdtBeforeOsBoot
2015-02-13T13:21:36.920765-06:00 c0-0c0s11n0 (Wdt) DisableTimer
2015-02-13T13:21:39.979415-06:00 c0-0c0s11n0 Crypto Lib Callback.
2015-02-13T13:21:39.979617-06:00 c0-0c0s11n0 Heap addr before Virtual MemFixup = 7bacb018, After = 7bacb018
2015-02-13T13:21:40.004791-06:00 c0-0c0s11n0 NvramSmi Go Virtual
2015-02-13T13:21:40.572524-06:00 c0-0c0s11n0 Stopping all external HCs
2015-02-13T13:21:40.572540-06:00 c0-0c0s11n0 stopping all HC type 40:
2015-02-13T13:21:49.601043-06:00 c0-0c0s11n0 i8042: No controller found
2015-02-13T13:21:53.645465-06:00 c0-0c0s11n0 Sending ec_node_info with boot code 0 (NODE_INFO_OS_BOOT) for nid 44
2015-02-13T13:21:53.645473-06:00 c0-0c0s11n0 net.core.rmem_max = 16777216
2015-02-13T13:21:53.645479-06:00 c0-0c0s11n0 net.core.wmem_max = 16777216
2015-02-13T13:21:53.645486-06:00 c0-0c0s11n0 net.core.rmem_default = 16777216
2015-02-13T13:21:53.645496-06:00 c0-0c0s11n0 net.core.wmem_default = 16777216
2015-02-13T13:21:53.645511-06:00 c0-0c0s11n0 net.core.optmem_max = 16777216
2015-02-13T13:21:53.645519-06:00 c0-0c0s11n0 net.ipv4.tcp_mem = 16777216 16777216 16777216
2015-02-13T13:21:53.645529-06:00 c0-0c0s11n0 net.ipv4.tcp_rmem = 4096 87380 16777216
2015-02-13T13:21:53.645537-06:00 c0-0c0s11n0 net.ipv4.tcp_wmem = 4096 65536 16777216
2015-02-13T13:21:53.645548-06:00 c0-0c0s11n0 nid 44: Linux version 3.0.101-0.31.1_1.0502.8394-cray_ari_c (abuild@cfosbld02) (gcc version 4.3.4 [gcc-4_3-branch revision 152973] (SUSE Linux) ) #1 SMP Wed Sep 10 04:09:26 UTC 2014
2015-02-13T13:21:53.645557-06:00 c0-0c0s11n0 starting pid 6922, tty '': 'PATH3974'
2015-02-13T13:21:53.645566-06:00 c0-0c0s11n0 bpmcd_init: Power statistics available in PATH1240
2015-02-13T13:21:53.645574-06:00 c0-0c0s11n0 DVS: Revision 1873 - Built: Sep 17 2014 @ 06:40:25 for lnet version 2.5
2015-02-13T13:21:53.645582-06:00 c0-0c0s11n0 LNet: HW CPU cores: 64, npartitions: 8
2015-02-13T13:21:56.844890-06:00 c0-0c0s11n0 Lustre: kgnilnd build version: 2.5-trunk-1.0502.17198.8.57-abuild-RB-5.2UP02_2.5.1-2014-09-17-06:43
2015-02-13T13:21:56.982409-06:00 c0-0c0s11n0 LNet: Added LNI 44@gni [PATH4853]
2015-02-13T13:22:13.030003-06:00 c0-0c0s11n0 mcelog: Family 6 Model 3f CPU: only decoding architectural errors
2015-02-13T13:22:13.030278-06:00 c0-0c0s11n0 SGI XPMEM kernel module v2.2 loaded
2015-02-13T13:22:13.055656-06:00 c0-0c0s11n0 <node_health> (xtnhd) xtnhd has started
2015-02-13T13:22:13.345490-06:00 c0-0c0s11n0 boot_freemem data calculated:  130105520
2015-02-13T13:11:18.039657-06:00 c0-0c1s10n3 ERROR: Type:2; Severity:80; Class:3; Subclass:D; Operation: 2
2015-02-13T13:21:36.871645-06:00 c0-0c1s10n3 Wait4Boot: WRITE: 523 bytes to memory @ 0x90CD0 ... complete
2015-02-13T13:21:36.871654-06:00 c0-0c1s10n3 Wait4Boot: Blade Controller Boot Protocol version - 1
2015-02-13T13:21:36.895169-06:00 c0-0c1s10n3 Wait4Boot: JUMP: KernelStart 0x100000, boot_params 0x90000, CmdLineAddr 0x90CD0
2015-02-13T13:21:36.895306-06:00 c0-0c1s10n3 OnExitBootServices..
2015-02-13T13:21:36.997665-06:00 c0-0c1s10n3 ConfigureXhciAtBoot() Start
2015-02-13T13:21:36.997874-06:00 c0-0c1s10n3 ConfigureXhciAtBoot() End
2015-02-13T13:21:36.998120-06:00 c0-0c1s10n3 (Wdt) RunWdtBeforeOsBoot
2015-02-13T13:21:36.998359-06:00 c0-0c1s10n3 (Wdt) DisableTimer
2015-02-13T13:21:40.055270-06:00 c0-0c1s10n3 Crypto Lib Callback.
2015-02-13T13:21:40.080243-06:00 c0-0c1s10n3 Heap addr before Virtual MemFixup = 7bacb018, After = 7bacb018
2015-02-13T13:21:40.080343-06:00 c0-0c1s10n3 NvramSmi Go Virtual
2015-02-13T13:21:40.520917-06:00 c0-0c1s10n3 Stopping all external HCs
2015-02-13T13:21:40.520926-06:00 c0-0c1s10n3 stopping all HC type 40:
2015-02-13T13:21:49.716136-06:00 c0-0c1s10n3 i8042: No controller found
2015-02-13T13:21:53.994992-06:00 c0-0c1s10n3 Sending ec_node_info with boot code 0 (NODE_INFO_OS_BOOT) for nid 107
2015-02-13T13:21:53.995001-06:00 c0-0c1s10n3 net.core.rmem_max = 16777216
2015-02-13T13:21:53.995196-06:00 c0-0c1s10n3 net.core.wmem_max = 16777216
2015-02-13T13:21:53.995205-06:00 c0-0c1s10n3 net.core.rmem_default = 16777216
2015-02-13T13:21:53.995212-06:00 c0-0c1s10n3 net.core.wmem_default = 16777216
2015-02-13T13:21:53.995220-06:00 c0-0c1s10n3 net.core.optmem_max = 16777216
2015-02-13T13:21:53.995232-06:00 c0-0c1s10n3 net.ipv4.tcp_mem = 16777216 16777216 16777216
2015-02-13T13:21:53.995244-06:00 c0-0c1s10n3 net.ipv4.tcp_rmem = 4096 87380 16777216
2015-02-13T13:21:54.057473-06:00 c0-0c1s10n3 net.ipv4.tcp_wmem = 4096 65536 16777216
2015-02-13T13:21:54.362873-06:00 c0-0c1s10n3 nid 107: Linux version 3.0.101-0.31.1_1.0502.8394-cray_ari_c (abuild@cfosbld02) (gcc version 4.3.4 [gcc-4_3-branch revision 152973] (SUSE Linux) ) #1 SMP Wed Sep 10 04:09:26 UTC 2014
2015-02-13T13:21:54.362938-06:00 c0-0c1s10n3 starting pid 6928, tty '': 'PATH3974'
2015-02-13T13:21:54.471580-06:00 c0-0c1s10n3 bpmcd_init: Power statistics available in PATH1240
2015-02-13T13:21:54.496770-06:00 c0-0c1s10n3 DVS: Revision 1873 - Built: Sep 17 2014 @ 06:40:25 for lnet version 2.5
2015-02-13T13:21:54.496824-06:00 c0-0c1s10n3 LNet: HW CPU cores: 64, npartitions: 8
2015-02-13T13:21:59.838072-06:00 c0-0c1s10n3 Lustre: kgnilnd build version: 2.5-trunk-1.0502.17198.8.57-abuild-RB-5.2UP02_2.5.1-2014-09-17-06:43
2015-02-13T13:21:59.838082-06:00 c0-0c1s10n3 LNet: Added LNI 107@gni [PATH4853]
2015-02-13T13:22:15.679321-06:00 c0-0c1s10n3 mcelog: Family 6 Model 3f CPU: only decoding architectural errors
2015-02-13T13:22:15.705374-06:00 c0-0c1s10n3 SGI XPMEM kernel module v2.2 loaded
2015-02-13T13:22:15.705409-06:00 c0-0c1s10n3 <node_health> (xtnhd) xtnhd has started
2015-02-13T13:22:15.945935-06:00 c0-0c1s10n3 boot_freemem data calculated:  130105964
2015-02-13T13:11:12.439921-06:00 c0-0c1s0n2 ERROR: Type:2; Severity:80; Class:3; Subclass:D; Operation: 2
2015-02-13T13:19:36.075422-06:00 c0-0c1s0n2 Wait4Boot: WRITE: 533 bytes to memory @ 0x90CD0 ... complete
2015-02-13T13:19:36.075479-06:00 c0-0c1s0n2 Wait4Boot: Blade Controller Boot Protocol version - 1
2015-02-13T13:19:36.112061-06:00 c0-0c1s0n2 Wait4Boot: JUMP: KernelStart 0x100000, boot_params 0x90000, CmdLineAddr 0x90CD0
2015-02-13T13:19:36.220744-06:00 c0-0c1s0n2 Decompressing Linux... Parsing ELF... done.
2015-02-13T13:19:36.220847-06:00 c0-0c1s0n2 Booting the kernel.
2015-02-13T13:19:36.220925-06:00 c0-0c1s0n2 Initializing cgroup subsys cpuset
2015-02-13T13:19:36.245532-06:00 c0-0c1s0n2 Initializing cgroup subsys cpu
2015-02-13T13:19:36.284077-06:00 c0-0c1s0n2 Linux version 3.0.101-0.31.1_1.0502.8394-cray_ari_s (abuild@cfosbld05) (gcc version 4.3.4 [gcc-4_3-branch revision 152973] (SUSE Linux) ) #1 SMP Wed Sep 10 04:03:41 UTC 2014
2015-02-13T13:19:36.364878-06:00 c0-0c1s0n2 Command line: earlyprintk=serial,115200 load_ramdisk=1 ramdisk_size=80000 console=ttyS0,115200n8 bootnodeip=IPADDR13 bootproto=ipog bootpath=PATH1220 rootfs=nfs-shared root=PATH1221 oops=panic bootifnetmask=IPADDR15 elevator=noop ippob1=10 ippob2=128 pcie_ports=native iommu=on intel_iommu=off bad_page=panic pln_enable=off apei_disable hest_disable erst_disable ghes_disable cgroup_disable=memory active_wlm=ALPS sdbnodeip=IPADDR16 sessionid=p0-20150213t131030 _cray=marker_ 
2015-02-13T13:19:36.364992-06:00 c0-0c1s0n2 KERNEL supported cpus:
2015-02-13T13:19:36.365102-06:00 c0-0c1s0n2  Intel GenuineIntel
2015-02-13T13:19:36.365274-06:00 c0-0c1s0n2 BIOS-provided physical RAM map:
2015-02-13T13:19:36.404967-06:00 c0-0c1s0n2 BIOS-e820: 0000000000000000 - 00000000000a0000 (usable)
2015-02-13T13:19:36.405159-06:00 c0-0c1s0n2 BIOS-e820: 0000000000100000 - 000000007e67c000 (usable)
2015-02-13T13:19:36.405289-06:00 c0-0c1s0n2 BIOS-e820: 000000007e67c000 - 000000007e790000 (ACPI NVS)
2015-02-13T13:19:36.405464-06:00 c0-0c1s0n2 BIOS-e820: 000000007e790000 - 000000007f395000 (reserved)
2015-02-13T13:19:36.405631-06:00 c0-0c1s0n2 BIOS-e820: 000000007f395000 - 000000007f410000 (ACPI data)
2015-02-13T13:19:36.405802-06:00 c0-0c1s0n2 BIOS-e820: 000000007f410000 - 000000007f491000 (reserved)
2015-02-13T13:19:36.444923-06:00 c0-0c1s0n2 BIOS-e820: 000000007f491000 - 000000007f493000 (usable)
2015-02-13T13:19:36.445138-06:00 c0-0c1s0n2 BIOS-e820: 000000007f493000 - 000000007f494000 (ACPI NVS)
2015-02-13T13:19:36.447372-06:00 c0-0c1s0n2 BIOS-e820: 000000007f494000 - 000000007f49e000 (reserved)
2015-02-13T13:19:36.447657-06:00 c0-0c1s0n2 BIOS-e820: 000000007f49e000 - 000000007f4a6000 (ACPI NVS)
2015-02-13T13:19:36.447925-06:00 c0-0c1s0n2 BIOS-e820: 000000007f4a6000 - 000000007f4d2000 (reserved)
2015-02-13T13:19:36.472720-06:00 c0-0c1s0n2 BIOS-e820: 000000007f4d2000 - 000000007f558000 (ACPI NVS)
2015-02-13T13:19:36.472996-06:00 c0-0c1s0n2 BIOS-e820: 000000007f558000 - 000000007f800000 (usable)
2015-02-13T13:19:36.473238-06:00 c0-0c1s0n2 BIOS-e820: 0000000080000000 - 0000000090000000 (reserved)
2015-02-13T13:19:36.497949-06:00 c0-0c1s0n2 BIOS-e820: 00000000fed1c000 - 00000000fed20000 (reserved)
2015-02-13T13:19:36.498177-06:00 c0-0c1s0n2 BIOS-e820: 00000000ff000000 - 0000000100000000 (reserved)
2015-02-13T13:19:36.498472-06:00 c0-0c1s0n2 BIOS-e820: 0000000100000000 - 0000001080000000 (usable)
2015-02-13T13:19:36.523350-06:00 c0-0c1s0n2 bootconsole [earlyser0] enabled
2015-02-13T13:19:36.523473-06:00 c0-0c1s0n2 NX (Execute Disable) protection: active
2015-02-13T13:19:36.523612-06:00 c0-0c1s0n2 EFI v2.10 by American Megatrends
2015-02-13T13:19:36.548353-06:00 c0-0c1s0n2 ACPI=0x7f395000  ACPI 2.0=0x7f395000  SMBIOS=0xf04c0  MPS=0xfd450 
2015-02-13T13:19:36.548640-06:00 c0-0c1s0n2 EFI: mem00: type=3, attr=0xf, range=[0x0000000000000000-0x0000000000008000) (0MB)
2015-02-13T13:19:36.548902-06:00 c0-0c1s0n2 EFI: mem01: type=7, attr=0xf, range=[0x0000000000008000-0x0000000000060000) (0MB)
2015-02-13T13:19:36.573658-06:00 c0-0c1s0n2 EFI: mem02: type=3, attr=0xf, range=[0x0000000000060000-0x00000000000a0000) (0MB)
2015-02-13T13:19:36.598852-06:00 c0-0c1s0n2 EFI: mem03: type=7, attr=0xf, range=[0x0000000000100000-0x0000000001000000) (15MB)
2015-02-13T13:19:36.599118-06:00 c0-0c1s0n2 EFI: mem04: type=2, attr=0xf, range=[0x0000000001000000-0x0000000001100000) (1MB)
2015-02-13T13:19:36.624100-06:00 c0-0c1s0n2 EFI: mem05: type=4, attr=0xf, range=[0x0000000001100000-0x00000000017ea000) (6MB)
2015-02-13T13:19:36.624392-06:00 c0-0c1s0n2 EFI: mem06: type=3, attr=0xf, range=[0x00000000017ea000-0x00000000017ee000) (0MB)
2015-02-13T13:19:36.649379-06:00 c0-0c1s0n2 EFI: mem07: type=4, attr=0xf, range=[0x00000000017ee000-0x0000000001886000) (0MB)
2015-02-13T13:19:36.649602-06:00 c0-0c1s0n2 EFI: mem08: type=3, attr=0xf, range=[0x0000000001886000-0x000000000188f000) (0MB)
2015-02-13T13:19:36.674712-06:00 c0-0c1s0n2 EFI: mem09: type=4, attr=0xf, range=[0x000000000188f000-0x0000000001892000) (0MB)
2015-02-13T13:19:36.674964-06:00 c0-0c1s0n2 EFI: mem10: type=3, attr=0xf, range=[0x0000000001892000-0x000000000189e000) (0MB)
2015-02-13T13:19:36.699821-06:00 c0-0c1s0n2 EFI: mem11: type=4, attr=0xf, range=[0x000000000189e000-0x00000000018a9000) (0MB)
2015-02-13T13:19:36.700127-06:00 c0-0c1s0n2 EFI: mem12: type=3, attr=0xf, range=[0x00000000018a9000-0x00000000018ab000) (0MB)
2015-02-13T13:19:36.740215-06:00 c0-0c1s0n2 EFI: mem13: type=4, attr=0xf, range=[0x00000000018ab000-0x00000000018ad000) (0MB)
2015-02-13T13:19:36.740454-06:00 c0-0c1s0n2 EFI: mem14: type=3, attr=0xf, range=[0x00000000018ad000-0x00000000018af000) (0MB)
2015-02-13T13:19:36.780168-06:00 c0-0c1s0n2 EFI: mem15: type=4, attr=0xf, range=[0x00000000018af000-0x00000000018b7000) (0MB)
2015-02-13T13:19:36.780369-06:00 c0-0c1s0n2 EFI: mem16: type=3, attr=0xf, range=[0x00000000018b7000-0x00000000018bb000) (0MB)
2015-02-13T13:19:36.780525-06:00 c0-0c1s0n2 EFI: mem17: type=4, attr=0xf, range=[0x00000000018bb000-0x00000000018bd000) (0MB)
2015-02-13T13:19:36.780710-06:00 c0-0c1s0n2 EFI: mem18: type=3, attr=0xf, range=[0x00000000018bd000-0x00000000018bf000) (0MB)
2015-02-13T13:19:36.820109-06:00 c0-0c1s0n2 EFI: mem19: type=4, attr=0xf, range=[0x00000000018bf000-0x00000000018d1000) (0MB)
2015-02-13T13:19:36.820293-06:00 c0-0c1s0n2 EFI: mem20: type=3, attr=0xf, range=[0x00000000018d1000-0x00000000018d7000) (0MB)
2015-02-13T13:19:36.826085-06:00 c0-0c1s0n2 EFI: mem21: type=4, attr=0xf, range=[0x00000000018d7000-0x00000000018f9000) (0MB)
2015-02-13T13:19:36.826383-06:00 c0-0c1s0n2 EFI: mem22: type=3, attr=0xf, range=[0x00000000018f9000-0x0000000001908000) (0MB)
2015-02-13T13:19:36.851430-06:00 c0-0c1s0n2 EFI: mem23: type=4, attr=0xf, range=[0x0000000001908000-0x0000000001921000) (0MB)
2015-02-13T13:19:36.888798-06:00 c0-0c1s0n2 EFI: mem24: type=3, attr=0xf, range=[0x0000000001921000-0x000000000192b000) (0MB)
2015-02-13T13:19:36.889022-06:00 c0-0c1s0n2 EFI: mem25: type=4, attr=0xf, range=[0x000000000192b000-0x0000000001933000) (0MB)
2015-02-13T13:19:36.889236-06:00 c0-0c1s0n2 EFI: mem26: type=3, attr=0xf, range=[0x0000000001933000-0x0000000001936000) (0MB)
2015-02-13T13:19:36.928801-06:00 c0-0c1s0n2 EFI: mem27: type=4, attr=0xf, range=[0x0000000001936000-0x000000000193b000) (0MB)
2015-02-13T13:19:36.929045-06:00 c0-0c1s0n2 EFI: mem28: type=3, attr=0xf, range=[0x000000000193b000-0x000000000193e000) (0MB)
2015-02-13T13:19:36.929311-06:00 c0-0c1s0n2 EFI: mem29: type=4, attr=0xf, range=[0x000000000193e000-0x0000000001964000) (0MB)
2015-02-13T13:19:36.929474-06:00 c0-0c1s0n2 EFI: mem30: type=3, attr=0xf, range=[0x0000000001964000-0x0000000001968000) (0MB)
2015-02-13T13:19:36.968812-06:00 c0-0c1s0n2 EFI: mem31: type=4, attr=0xf, range=[0x0000000001968000-0x000000000198a000) (0MB)
2015-02-13T13:19:36.969026-06:00 c0-0c1s0n2 EFI: mem32: type=3, attr=0xf, range=[0x000000000198a000-0x00000000019b0000) (0MB)
2015-02-13T13:19:36.977771-06:00 c0-0c1s0n2 EFI: mem33: type=4, attr=0xf, range=[0x00000000019b0000-0x00000000019be000) (0MB)
2015-02-13T13:19:36.978017-06:00 c0-0c1s0n2 EFI: mem34: type=3, attr=0xf, range=[0x00000000019be000-0x00000000019ce000) (0MB)
2015-02-13T13:19:37.002996-06:00 c0-0c1s0n2 EFI: mem35: type=4, attr=0xf, range=[0x00000000019ce000-0x00000000019d0000) (0MB)
2015-02-13T13:19:37.003269-06:00 c0-0c1s0n2 EFI: mem36: type=3, attr=0xf, range=[0x00000000019d0000-0x00000000019d7000) (0MB)
2015-02-13T13:19:37.028199-06:00 c0-0c1s0n2 EFI: mem37: type=4, attr=0xf, range=[0x00000000019d7000-0x00000000019e1000) (0MB)
2015-02-13T13:19:37.028336-06:00 c0-0c1s0n2 EFI: mem38: type=3, attr=0xf, range=[0x00000000019e1000-0x00000000019e5000) (0MB)
2015-02-13T13:19:37.028540-06:00 c0-0c1s0n2 EFI: mem39: type=4, attr=0xf, range=[0x00000000019e5000-0x0000000001a02000) (0MB)
2015-02-13T13:19:37.053484-06:00 c0-0c1s0n2 EFI: mem40: type=3, attr=0xf, range=[0x0000000001a02000-0x0000000001a06000) (0MB)
2015-02-13T13:19:37.078562-06:00 c0-0c1s0n2 EFI: mem41: type=4, attr=0xf, range=[0x0000000001a06000-0x0000000001a0a000) (0MB)
2015-02-13T13:19:37.078825-06:00 c0-0c1s0n2 EFI: mem42: type=3, attr=0xf, range=[0x0000000001a0a000-0x0000000001a1e000) (0MB)
2015-02-13T13:19:37.103792-06:00 c0-0c1s0n2 EFI: mem43: type=4, attr=0xf, range=[0x0000000001a1e000-0x0000000001a22000) (0MB)
2015-02-13T13:19:37.104056-06:00 c0-0c1s0n2 EFI: mem44: type=3, attr=0xf, range=[0x0000000001a22000-0x0000000001a26000) (0MB)
2015-02-13T13:19:37.129031-06:00 c0-0c1s0n2 EFI: mem45: type=4, attr=0xf, range=[0x0000000001a26000-0x0000000001a34000) (0MB)
2015-02-13T13:19:37.129354-06:00 c0-0c1s0n2 EFI: mem46: type=3, attr=0xf, range=[0x0000000001a34000-0x0000000001a3b000) (0MB)
2015-02-13T13:19:37.129516-06:00 c0-0c1s0n2 EFI: mem47: type=4, attr=0xf, range=[0x0000000001a3b000-0x0000000001a42000) (0MB)
2015-02-13T13:19:37.154550-06:00 c0-0c1s0n2 EFI: mem48: type=3, attr=0xf, range=[0x0000000001a42000-0x0000000001a4a000) (0MB)
2015-02-13T13:19:37.179560-06:00 c0-0c1s0n2 EFI: mem49: type=4, attr=0xf, range=[0x0000000001a4a000-0x0000000001a4b000) (0MB)
2015-02-13T13:19:37.216764-06:00 c0-0c1s0n2 EFI: mem50: type=3, attr=0xf, range=[0x0000000001a4b000-0x0000000001a4d000) (0MB)
2015-02-13T13:19:37.216984-06:00 c0-0c1s0n2 EFI: mem51: type=4, attr=0xf, range=[0x0000000001a4d000-0x0000000001a52000) (0MB)
2015-02-13T13:19:37.217193-06:00 c0-0c1s0n2 EFI: mem52: type=3, attr=0xf, range=[0x0000000001a52000-0x0000000001a69000) (0MB)
2015-02-13T13:19:37.256825-06:00 c0-0c1s0n2 EFI: mem53: type=4, attr=0xf, range=[0x0000000001a69000-0x0000000001a6f000) (0MB)
2015-02-13T13:19:37.257037-06:00 c0-0c1s0n2 EFI: mem54: type=3, attr=0xf, range=[0x0000000001a6f000-0x0000000001a70000) (0MB)
2015-02-13T13:19:37.257246-06:00 c0-0c1s0n2 EFI: mem55: type=4, attr=0xf, range=[0x0000000001a70000-0x0000000001a71000) (0MB)
2015-02-13T13:19:37.257459-06:00 c0-0c1s0n2 EFI: mem56: type=3, attr=0xf, range=[0x0000000001a71000-0x0000000001a79000) (0MB)
2015-02-13T13:19:37.296796-06:00 c0-0c1s0n2 EFI: mem57: type=4, attr=0xf, range=[0x0000000001a79000-0x0000000001a7a000) (0MB)
2015-02-13T13:19:37.297017-06:00 c0-0c1s0n2 EFI: mem58: type=3, attr=0xf, range=[0x0000000001a7a000-0x0000000001a83000) (0MB)
2015-02-13T13:19:37.305878-06:00 c0-0c1s0n2 EFI: mem59: type=4, attr=0xf, range=[0x0000000001a83000-0x0000000001a85000) (0MB)
2015-02-13T13:19:37.306143-06:00 c0-0c1s0n2 EFI: mem60: type=3, attr=0xf, range=[0x0000000001a85000-0x0000000001abe000) (0MB)
2015-02-13T13:19:37.331096-06:00 c0-0c1s0n2 EFI: mem61: type=4, attr=0xf, range=[0x0000000001abe000-0x0000000001abf000) (0MB)
2015-02-13T13:19:37.331290-06:00 c0-0c1s0n2 EFI: mem62: type=3, attr=0xf, range=[0x0000000001abf000-0x0000000001acc000) (0MB)
2015-02-13T13:19:37.356317-06:00 c0-0c1s0n2 EFI: mem63: type=4, attr=0xf, range=[0x0000000001acc000-0x0000000001ad7000) (0MB)
2015-02-13T13:19:37.356550-06:00 c0-0c1s0n2 EFI: mem64: type=3, attr=0xf, range=[0x0000000001ad7000-0x0000000001adc000) (0MB)
2015-02-13T13:19:37.381583-06:00 c0-0c1s0n2 EFI: mem65: type=4, attr=0xf, range=[0x0000000001adc000-0x0000000001b60000) (0MB)
2015-02-13T13:19:37.420752-06:00 c0-0c1s0n2 EFI: mem66: type=3, attr=0xf, range=[0x0000000001b60000-0x0000000001b7c000) (0MB)
2015-02-13T13:19:37.420955-06:00 c0-0c1s0n2 EFI: mem67: type=4, attr=0xf, range=[0x0000000001b7c000-0x0000000001b84000) (0MB)
2015-02-13T13:19:37.421181-06:00 c0-0c1s0n2 EFI: mem68: type=3, attr=0xf, range=[0x0000000001b84000-0x0000000001b9c000) (0MB)
2015-02-13T13:19:37.460744-06:00 c0-0c1s0n2 EFI: mem69: type=4, attr=0xf, range=[0x0000000001b9c000-0x000000000b210000) (150MB)
2015-02-13T13:19:37.460970-06:00 c0-0c1s0n2 EFI: mem70: type=3, attr=0xf, range=[0x000000000b210000-0x000000000b216000) (0MB)
2015-02-13T13:19:37.461218-06:00 c0-0c1s0n2 EFI: mem71: type=4, attr=0xf, range=[0x000000000b216000-0x000000000b21f000) (0MB)
2015-02-13T13:19:37.461411-06:00 c0-0c1s0n2 EFI: mem72: type=3, attr=0xf, range=[0x000000000b21f000-0x000000000b235000) (0MB)
2015-02-13T13:19:37.500710-06:00 c0-0c1s0n2 EFI: mem73: type=4, attr=0xf, range=[0x000000000b235000-0x000000000b23b000) (0MB)
2015-02-13T13:19:37.501040-06:00 c0-0c1s0n2 EFI: mem74: type=3, attr=0xf, range=[0x000000000b23b000-0x000000000b23e000) (0MB)
2015-02-13T13:19:37.507842-06:00 c0-0c1s0n2 EFI: mem75: type=4, attr=0xf, range=[0x000000000b23e000-0x000000000b242000) (0MB)
2015-02-13T13:19:37.508089-06:00 c0-0c1s0n2 EFI: mem76: type=3, attr=0xf, range=[0x000000000b242000-0x000000000b249000) (0MB)
2015-02-13T13:19:37.533210-06:00 c0-0c1s0n2 EFI: mem77: type=4, attr=0xf, range=[0x000000000b249000-0x000000000b24c000) (0MB)
2015-02-13T13:19:37.533385-06:00 c0-0c1s0n2 EFI: mem78: type=3, attr=0xf, range=[0x000000000b24c000-0x000000000b254000) (0MB)
2015-02-13T13:19:37.572231-06:00 c0-0c1s0n2 EFI: mem79: type=4, attr=0xf, range=[0x000000000b254000-0x000000000b27a000) (0MB)
2015-02-13T13:19:37.572408-06:00 c0-0c1s0n2 EFI: mem80: type=3, attr=0xf, range=[0x000000000b27a000-0x000000000b27e000) (0MB)
2015-02-13T13:19:37.572621-06:00 c0-0c1s0n2 EFI: mem81: type=4, attr=0xf, range=[0x000000000b27e000-0x000000000b282000) (0MB)
2015-02-13T13:19:37.612955-06:00 c0-0c1s0n2 EFI: mem82: type=3, attr=0xf, range=[0x000000000b282000-0x000000000b286000) (0MB)
2015-02-13T13:19:37.613191-06:00 c0-0c1s0n2 EFI: mem83: type=4, attr=0xf, range=[0x000000000b286000-0x000000000b290000) (0MB)
2015-02-13T13:19:37.613405-06:00 c0-0c1s0n2 EFI: mem84: type=3, attr=0xf, range=[0x000000000b290000-0x000000000b2d3000) (0MB)
2015-02-13T13:19:37.613614-06:00 c0-0c1s0n2 EFI: mem85: type=4, attr=0xf, range=[0x000000000b2d3000-0x000000000b2df000) (0MB)
2015-02-13T13:19:37.652925-06:00 c0-0c1s0n2 EFI: mem86: type=3, attr=0xf, range=[0x000000000b2df000-0x000000000b2e9000) (0MB)
2015-02-13T13:19:37.653135-06:00 c0-0c1s0n2 EFI: mem87: type=4, attr=0xf, range=[0x000000000b2e9000-0x000000000b2f8000) (0MB)
2015-02-13T13:19:37.659554-06:00 c0-0c1s0n2 EFI: mem88: type=3, attr=0xf, range=[0x000000000b2f8000-0x000000000b2fc000) (0MB)
2015-02-13T13:19:37.659786-06:00 c0-0c1s0n2 EFI: mem89: type=4, attr=0xf, range=[0x000000000b2fc000-0x000000000b2fd000) (0MB)
2015-02-13T13:19:37.684887-06:00 c0-0c1s0n2 EFI: mem90: type=3, attr=0xf, range=[0x000000000b2fd000-0x000000000b302000) (0MB)
2015-02-13T13:19:37.685101-06:00 c0-0c1s0n2 EFI: mem91: type=4, attr=0xf, range=[0x000000000b302000-0x000000000b30b000) (0MB)
2015-02-13T13:19:37.709970-06:00 c0-0c1s0n2 EFI: mem92: type=3, attr=0xf, range=[0x000000000b30b000-0x000000000b343000) (0MB)
2015-02-13T13:19:37.710200-06:00 c0-0c1s0n2 EFI: mem93: type=4, attr=0xf, range=[0x000000000b343000-0x000000000b34a000) (0MB)
2015-02-13T13:19:37.735325-06:00 c0-0c1s0n2 EFI: mem94: type=3, attr=0xf, range=[0x000000000b34a000-0x000000000b351000) (0MB)
2015-02-13T13:19:37.735548-06:00 c0-0c1s0n2 EFI: mem95: type=4, attr=0xf, range=[0x000000000b351000-0x000000000b359000) (0MB)
2015-02-13T13:19:37.760458-06:00 c0-0c1s0n2 EFI: mem96: type=3, attr=0xf, range=[0x000000000b359000-0x000000000b35d000) (0MB)
2015-02-13T13:19:37.760745-06:00 c0-0c1s0n2 EFI: mem97: type=4, attr=0xf, range=[0x000000000b35d000-0x000000000b365000) (0MB)
2015-02-13T13:19:37.800864-06:00 c0-0c1s0n2 EFI: mem98: type=3, attr=0xf, range=[0x000000000b365000-0x000000000b369000) (0MB)
2015-02-13T13:19:37.801072-06:00 c0-0c1s0n2 EFI: mem99: type=4, attr=0xf, range=[0x000000000b369000-0x000000000b36d000) (0MB)
2015-02-13T13:19:37.840874-06:00 c0-0c1s0n2 EFI: mem100: type=3, attr=0xf, range=[0x000000000b36d000-0x000000000b371000) (0MB)
2015-02-13T13:19:37.841096-06:00 c0-0c1s0n2 EFI: mem101: type=4, attr=0xf, range=[0x000000000b371000-0x000000000b385000) (0MB)
2015-02-13T13:19:37.841366-06:00 c0-0c1s0n2 EFI: mem102: type=3, attr=0xf, range=[0x000000000b385000-0x000000000b38b000) (0MB)
2015-02-13T13:19:37.880759-06:00 c0-0c1s0n2 EFI: mem103: type=4, attr=0xf, range=[0x000000000b38b000-0x000000000b3ad000) (0MB)
2015-02-13T13:19:37.880958-06:00 c0-0c1s0n2 EFI: mem104: type=3, attr=0xf, range=[0x000000000b3ad000-0x000000000b3b7000) (0MB)
2015-02-13T13:19:37.886573-06:00 c0-0c1s0n2 EFI: mem105: type=4, attr=0xf, range=[0x000000000b3b7000-0x000000000b3b8000) (0MB)
2015-02-13T13:19:37.886873-06:00 c0-0c1s0n2 EFI: mem106: type=3, attr=0xf, range=[0x000000000b3b8000-0x000000000b3ca000) (0MB)
2015-02-13T13:19:37.911904-06:00 c0-0c1s0n2 EFI: mem107: type=4, attr=0xf, range=[0x000000000b3ca000-0x000000000b3cd000) (0MB)
2015-02-13T13:19:37.912180-06:00 c0-0c1s0n2 EFI: mem108: type=3, attr=0xf, range=[0x000000000b3cd000-0x000000000b3d8000) (0MB)
2015-02-13T13:19:37.937122-06:00 c0-0c1s0n2 EFI: mem109: type=4, attr=0xf, range=[0x000000000b3d8000-0x000000000b474000) (0MB)
2015-02-13T13:19:37.937414-06:00 c0-0c1s0n2 EFI: mem110: type=3, attr=0xf, range=[0x000000000b474000-0x000000000b47b000) (0MB)
2015-02-13T13:19:37.962344-06:00 c0-0c1s0n2 EFI: mem111: type=4, attr=0xf, range=[0x000000000b47b000-0x000000000b48a000) (0MB)
2015-02-13T13:19:37.962619-06:00 c0-0c1s0n2 EFI: mem112: type=3, attr=0xf, range=[0x000000000b48a000-0x000000000b48e000) (0MB)
2015-02-13T13:19:38.000912-06:00 c0-0c1s0n2 EFI: mem113: type=4, attr=0xf, range=[0x000000000b48e000-0x000000000b4b0000) (0MB)
2015-02-13T13:19:38.001110-06:00 c0-0c1s0n2 EFI: mem114: type=3, attr=0xf, range=[0x000000000b4b0000-0x000000000b4b5000) (0MB)
2015-02-13T13:19:38.040835-06:00 c0-0c1s0n2 EFI: mem115: type=4, attr=0xf, range=[0x000000000b4b5000-0x000000000b4ba000) (0MB)
2015-02-13T13:19:38.041076-06:00 c0-0c1s0n2 EFI: mem116: type=3, attr=0xf, range=[0x000000000b4ba000-0x000000000b4ce000) (0MB)
2015-02-13T13:19:38.041276-06:00 c0-0c1s0n2 EFI: mem117: type=4, attr=0xf, range=[0x000000000b4ce000-0x000000000b580000) (0MB)
2015-02-13T13:19:38.041476-06:00 c0-0c1s0n2 EFI: mem118: type=7, attr=0xf, range=[0x000000000b580000-0x000000000b581000) (0MB)
2015-02-13T13:19:38.080821-06:00 c0-0c1s0n2 EFI: mem119: type=4, attr=0xf, range=[0x000000000b581000-0x000000000b5ae000) (0MB)
2015-02-13T13:19:38.081024-06:00 c0-0c1s0n2 EFI: mem120: type=3, attr=0xf, range=[0x000000000b5ae000-0x000000000b5b7000) (0MB)
2015-02-13T13:19:38.081274-06:00 c0-0c1s0n2 EFI: mem121: type=4, attr=0xf, range=[0x000000000b5b7000-0x000000000b5b8000) (0MB)
2015-02-13T13:19:38.088819-06:00 c0-0c1s0n2 EFI: mem122: type=2, attr=0xf, range=[0x000000000b5b8000-0x000000000b5ba000) (0MB)
2015-02-13T13:19:38.113862-06:00 c0-0c1s0n2 EFI: mem123: type=7, attr=0xf, range=[0x000000000b5ba000-0x000000000b5bc000) (0MB)
2015-02-13T13:19:38.114049-06:00 c0-0c1s0n2 EFI: mem124: type=4, attr=0xf, range=[0x000000000b5bc000-0x000000000b5c6000) (0MB)
2015-02-13T13:19:38.139158-06:00 c0-0c1s0n2 EFI: mem125: type=7, attr=0xf, range=[0x000000000b5c6000-0x000000000b5cc000) (0MB)
2015-02-13T13:19:38.139308-06:00 c0-0c1s0n2 EFI: mem126: type=4, attr=0xf, range=[0x000000000b5cc000-0x000000000b7e0000) (2MB)
2015-02-13T13:19:38.139508-06:00 c0-0c1s0n2 EFI: mem127: type=7, attr=0xf, range=[0x000000000b7e0000-0x000000000b7ee000) (0MB)
2015-02-13T13:19:38.164529-06:00 c0-0c1s0n2 EFI: mem128: type=1, attr=0xf, range=[0x000000000b7ee000-0x000000000b7ff000) (0MB)
2015-02-13T13:19:38.189471-06:00 c0-0c1s0n2 EFI: mem129: type=7, attr=0xf, range=[0x000000000b7ff000-0x000000007e67c000) (1838MB)
2015-02-13T13:19:38.189720-06:00 c0-0c1s0n2 EFI: mem130: type=10, attr=0xf, range=[0x000000007e67c000-0x000000007e790000) (1MB)
2015-02-13T13:19:38.214726-06:00 c0-0c1s0n2 EFI: mem131: type=0, attr=0xf, range=[0x000000007e790000-0x000000007e792000) (0MB)
2015-02-13T13:19:38.214986-06:00 c0-0c1s0n2 EFI: mem132: type=6, attr=0x800000000000000f, range=[0x000000007e792000-0x000000007f395000) (12MB)
2015-02-13T13:19:38.240034-06:00 c0-0c1s0n2 EFI: mem133: type=9, attr=0xf, range=[0x000000007f395000-0x000000007f410000) (0MB)
2015-02-13T13:19:38.240320-06:00 c0-0c1s0n2 EFI: mem134: type=5, attr=0x800000000000000f, range=[0x000000007f410000-0x000000007f41a000) (0MB)
2015-02-13T13:19:38.265361-06:00 c0-0c1s0n2 EFI: mem135: type=0, attr=0xf, range=[0x000000007f41a000-0x000000007f41c000) (0MB)
2015-02-13T13:19:38.265623-06:00 c0-0c1s0n2 EFI: mem136: type=6, attr=0x800000000000000f, range=[0x000000007f41c000-0x000000007f42d000) (0MB)
2015-02-13T13:19:38.290610-06:00 c0-0c1s0n2 EFI: mem137: type=0, attr=0xf, range=[0x000000007f42d000-0x000000007f43d000) (0MB)
2015-02-13T13:19:38.290775-06:00 c0-0c1s0n2 EFI: mem138: type=6, attr=0x800000000000000f, range=[0x000000007f43d000-0x000000007f45e000) (0MB)
2015-02-13T13:19:38.315967-06:00 c0-0c1s0n2 EFI: mem139: type=5, attr=0x800000000000000f, range=[0x000000007f45e000-0x000000007f462000) (0MB)
2015-02-13T13:19:38.341038-06:00 c0-0c1s0n2 EFI: mem140: type=0, attr=0xf, range=[0x000000007f462000-0x000000007f46b000) (0MB)
2015-02-13T13:19:38.341308-06:00 c0-0c1s0n2 EFI: mem141: type=5, attr=0x800000000000000f, range=[0x000000007f46b000-0x000000007f46d000) (0MB)
2015-02-13T13:19:38.366293-06:00 c0-0c1s0n2 EFI: mem142: type=0, attr=0xf, range=[0x000000007f46d000-0x000000007f471000) (0MB)
2015-02-13T13:19:38.366515-06:00 c0-0c1s0n2 EFI: mem143: type=5, attr=0x800000000000000f, range=[0x000000007f471000-0x000000007f472000) (0MB)
2015-02-13T13:19:38.391625-06:00 c0-0c1s0n2 EFI: mem144: type=6, attr=0x800000000000000f, range=[0x000000007f472000-0x000000007f473000) (0MB)
2015-02-13T13:19:38.391852-06:00 c0-0c1s0n2 EFI: mem145: type=5, attr=0x800000000000000f, range=[0x000000007f473000-0x000000007f476000) (0MB)
2015-02-13T13:19:38.416895-06:00 c0-0c1s0n2 EFI: mem146: type=0, attr=0xf, range=[0x000000007f476000-0x000000007f486000) (0MB)
2015-02-13T13:19:38.441949-06:00 c0-0c1s0n2 EFI: mem147: type=5, attr=0x800000000000000f, range=[0x000000007f486000-0x000000007f491000) (0MB)
2015-02-13T13:19:38.442231-06:00 c0-0c1s0n2 EFI: mem148: type=7, attr=0xf, range=[0x000000007f491000-0x000000007f493000) (0MB)
2015-02-13T13:19:38.467217-06:00 c0-0c1s0n2 EFI: mem149: type=10, attr=0xf, range=[0x000000007f493000-0x000000007f494000) (0MB)
2015-02-13T13:19:38.467475-06:00 c0-0c1s0n2 EFI: mem150: type=6, attr=0x800000000000000f, range=[0x000000007f494000-0x000000007f49b000) (0MB)
2015-02-13T13:19:38.492533-06:00 c0-0c1s0n2 EFI: mem151: type=5, attr=0x800000000000000f, range=[0x000000007f49b000-0x000000007f49e000) (0MB)
2015-02-13T13:19:38.517631-06:00 c0-0c1s0n2 EFI: mem152: type=10, attr=0xf, range=[0x000000007f49e000-0x000000007f4a6000) (0MB)
2015-02-13T13:19:38.517882-06:00 c0-0c1s0n2 EFI: mem153: type=6, attr=0x800000000000000f, range=[0x000000007f4a6000-0x000000007f4a7000) (0MB)
2015-02-13T13:19:38.542905-06:00 c0-0c1s0n2 EFI: mem154: type=5, attr=0x800000000000000f, range=[0x000000007f4a7000-0x000000007f4ab000) (0MB)
2015-02-13T13:19:38.543155-06:00 c0-0c1s0n2 EFI: mem155: type=6, attr=0x800000000000000f, range=[0x000000007f4ab000-0x000000007f4bd000) (0MB)
2015-02-13T13:19:38.568352-06:00 c0-0c1s0n2 EFI: mem156: type=5, attr=0x800000000000000f, range=[0x000000007f4bd000-0x000000007f4cf000) (0MB)
2015-02-13T13:19:38.568611-06:00 c0-0c1s0n2 EFI: mem157: type=6, attr=0x800000000000000f, range=[0x000000007f4cf000-0x000000007f4d2000) (0MB)
2015-02-13T13:19:38.593600-06:00 c0-0c1s0n2 EFI: mem158: type=10, attr=0xf, range=[0x000000007f4d2000-0x000000007f558000) (0MB)
2015-02-13T13:19:38.593808-06:00 c0-0c1s0n2 EFI: mem159: type=3, attr=0xf, range=[0x000000007f558000-0x000000007f7e0000) (2MB)
2015-02-13T13:19:38.618898-06:00 c0-0c1s0n2 EFI: mem160: type=4, attr=0xf, range=[0x000000007f7e0000-0x000000007f7ef000) (0MB)
2015-02-13T13:19:38.619120-06:00 c0-0c1s0n2 EFI: mem161: type=3, attr=0xf, range=[0x000000007f7ef000-0x000000007f800000) (0MB)
2015-02-13T13:19:38.644061-06:00 c0-0c1s0n2 EFI: mem162: type=7, attr=0xf, range=[0x0000000100000000-0x0000001080000000) (63488MB)
2015-02-13T13:19:38.644328-06:00 c0-0c1s0n2 EFI: mem163: type=11, attr=0x8000000000000001, range=[0x0000000080000000-0x0000000090000000) (256MB)
2015-02-13T13:19:38.669369-06:00 c0-0c1s0n2 EFI: mem164: type=11, attr=0x8000000000000001, range=[0x00000000fed1c000-0x00000000fed20000) (0MB)
2015-02-13T13:19:38.694406-06:00 c0-0c1s0n2 EFI: mem165: type=11, attr=0x8000000000000001, range=[0x00000000ff000000-0x0000000100000000) (16MB)
2015-02-13T13:19:38.694502-06:00 c0-0c1s0n2 DMI 2.7 present.
2015-02-13T13:19:38.694643-06:00 c0-0c1s0n2 last_pfn = 0x1080000 max_arch_pfn = 0x400000000
2015-02-13T13:19:38.719720-06:00 c0-0c1s0n2 x86 PAT enabled: cpu 0, old 0x7040600070406, new 0x7010600070106
2015-02-13T13:19:38.719900-06:00 c0-0c1s0n2 last_pfn = 0x7f800 max_arch_pfn = 0x400000000
2015-02-13T13:19:38.720139-06:00 c0-0c1s0n2 found SMP MP-table at [ffff8800000fd830] fd830
2015-02-13T13:19:38.744828-06:00 c0-0c1s0n2 Using GB pages for direct mapping
2015-02-13T13:19:38.745168-06:00 c0-0c1s0n2 init_memory_mapping: 0000000000000000-000000007f800000
2015-02-13T13:19:38.745347-06:00 c0-0c1s0n2 init_memory_mapping: 0000000100000000-0000001080000000
2015-02-13T13:19:38.745450-06:00 c0-0c1s0n2 nmi ring buffer: 262144
2015-02-13T13:19:38.769944-06:00 c0-0c1s0n2 RAMDISK: 0fa00000 - 10610000
2015-02-13T13:19:38.770232-06:00 c0-0c1s0n2 ACPI: RSDP 000000007f395000 00024 (v02 ALASKA)
2015-02-13T13:19:38.770492-06:00 c0-0c1s0n2 ACPI: XSDT 000000007f395088 0008C (v01 ALASKA    A M I 01072009 AMI  00010013)
2015-02-13T13:19:38.795446-06:00 c0-0c1s0n2 ACPI: FACP 000000007f39ee50 000F4 (v04 ALASKA    A M I 01072009 AMI  00010013)
2015-02-13T13:19:38.795709-06:00 c0-0c1s0n2 ACPI: DSDT 000000007f3951a0 09CAD (v02 ALASKA    A M I 00000016 INTL 20051117)
2015-02-13T13:19:38.795809-06:00 c0-0c1s0n2 ACPI: FACS 000000007f4a3f80 00040
2015-02-13T13:19:38.820789-06:00 c0-0c1s0n2 ACPI: APIC 000000007f39ef48 00138 (v03 ALASKA    A M I 01072009 AMI  00010013)
2015-02-13T13:19:38.845681-06:00 c0-0c1s0n2 ACPI: FPDT 000000007f39f080 00044 (v01 ALASKA    A M I 01072009 AMI  00010013)
2015-02-13T13:19:38.845982-06:00 c0-0c1s0n2 ACPI: MCFG 000000007f39f0c8 0003C (v01 ALASKA OEMMCFG. 01072009 MSFT 00000097)
2015-02-13T13:19:38.870977-06:00 c0-0c1s0n2 ACPI: HPET 000000007f39f108 00038 (v01 ALASKA    A M I 01072009 AMI. 00000004)
2015-02-13T13:19:38.871207-06:00 c0-0c1s0n2 ACPI: PRAD 000000007f39f140 000BE (v02 PRADID  PRADTID 00000001 MSFT 03000001)
2015-02-13T13:19:38.871406-06:00 c0-0c1s0n2 ACPI: SSDT 000000007f39f200 70104 (v02  INTEL    CpuPm 00004000 INTL 20051117)
2015-02-13T13:19:38.896271-06:00 c0-0c1s0n2 ACPI: SPCR 000000007f40f308 00050 (v01  A M I   APTIO4 01072009 AMI. 00000004)
2015-02-13T13:19:38.896517-06:00 c0-0c1s0n2 ACPI: EINJ 000000007f40f358 00130 (v01    AMI AMI EINJ 00000000      00000000)
2015-02-13T13:19:38.921679-06:00 c0-0c1s0n2 ACPI: ERST 000000007f40f488 00230 (v01  AMIER AMI ERST 00000000      00000000)
2015-02-13T13:19:38.921936-06:00 c0-0c1s0n2 ACPI: HEST 000000007f40f6b8 000A8 (v01    AMI AMI HEST 00000000      00000000)
2015-02-13T13:19:38.946780-06:00 c0-0c1s0n2 ACPI: BERT 000000007f40f760 00030 (v01    AMI AMI BERT 00000000      00000000)
2015-02-13T13:19:38.947103-06:00 c0-0c1s0n2 ACPI: DMAR 000000007f40f790 000BC (v01 A M I   OEMDMAR 00000001 INTL 00000001)
2015-02-13T13:19:38.947205-06:00 c0-0c1s0n2 No NUMA configuration found
2015-02-13T13:19:38.972092-06:00 c0-0c1s0n2 Faking a node at 0000000000000000-0000001080000000
2015-02-13T13:19:38.972229-06:00 c0-0c1s0n2 Initmem setup node 0 0000000000000000-0000001080000000
2015-02-13T13:19:38.972353-06:00 c0-0c1s0n2  NODE_DATA [000000107ffbb000 - 000000107ffbffff]
2015-02-13T13:19:39.193417-06:00 c0-0c1s0n2 Zone PFN ranges:
2015-02-13T13:19:39.193535-06:00 c0-0c1s0n2  DMA      0x00000010 -> 0x00001000
2015-02-13T13:19:39.193685-06:00 c0-0c1s0n2  DMA32    0x00001000 -> 0x00100000
2015-02-13T13:19:39.193863-06:00 c0-0c1s0n2  Normal   0x00100000 -> 0x01080000
2015-02-13T13:19:39.218489-06:00 c0-0c1s0n2 Movable zone start PFN for each node
2015-02-13T13:19:39.218710-06:00 c0-0c1s0n2 early_node_map[5] active PFN ranges
2015-02-13T13:19:39.218815-06:00 c0-0c1s0n2    0: 0x00000010 -> 0x000000a0
2015-02-13T13:19:39.218966-06:00 c0-0c1s0n2    0: 0x00000100 -> 0x0007e67c
2015-02-13T13:19:39.243816-06:00 c0-0c1s0n2    0: 0x0007f491 -> 0x0007f493
2015-02-13T13:19:39.243956-06:00 c0-0c1s0n2    0: 0x0007f558 -> 0x0007f800
2015-02-13T13:19:39.244031-06:00 c0-0c1s0n2    0: 0x00100000 -> 0x01080000
2015-02-13T13:19:39.877112-06:00 c0-0c1s0n2 ACPI: LAPIC (acpi_id[0x00] lapic_id[0x00] enabled)
2015-02-13T13:19:39.877181-06:00 c0-0c1s0n2 ACPI: LAPIC (acpi_id[0x02] lapic_id[0x02] enabled)
2015-02-13T13:19:40.180601-06:00 c0-0c1s0n2 ACPI: LAPIC (acpi_id[0x04] lapic_id[0x04] enabled)
2015-02-13T13:19:40.180609-06:00 c0-0c1s0n2 ACPI: LAPIC (acpi_id[0x06] lapic_id[0x06] enabled)
2015-02-13T13:19:40.180615-06:00 c0-0c1s0n2 ACPI: LAPIC (acpi_id[0x08] lapic_id[0x08] enabled)
2015-02-13T13:19:40.180637-06:00 c0-0c1s0n2 ACPI: LAPIC (acpi_id[0x0a] lapic_id[0x0a] enabled)
2015-02-13T13:19:40.180646-06:00 c0-0c1s0n2 ACPI: LAPIC (acpi_id[0x0c] lapic_id[0x0c] enabled)
2015-02-13T13:19:40.180655-06:00 c0-0c1s0n2 ACPI: LAPIC (acpi_id[0x0e] lapic_id[0x0e] enabled)
2015-02-13T13:19:40.180668-06:00 c0-0c1s0n2 ACPI: LAPIC (acpi_id[0x01] lapic_id[0x01] enabled)
2015-02-13T13:19:40.180676-06:00 c0-0c1s0n2 ACPI: LAPIC (acpi_id[0x03] lapic_id[0x03] enabled)
2015-02-13T13:19:40.180681-06:00 c0-0c1s0n2 ACPI: LAPIC (acpi_id[0x05] lapic_id[0x05] enabled)
2015-02-13T13:19:40.180688-06:00 c0-0c1s0n2 ACPI: LAPIC (acpi_id[0x07] lapic_id[0x07] enabled)
2015-02-13T13:19:40.180696-06:00 c0-0c1s0n2 ACPI: LAPIC (acpi_id[0x09] lapic_id[0x09] enabled)
2015-02-13T13:19:40.180705-06:00 c0-0c1s0n2 ACPI: LAPIC (acpi_id[0x0b] lapic_id[0x0b] enabled)
2015-02-13T13:19:40.180710-06:00 c0-0c1s0n2 ACPI: LAPIC (acpi_id[0x0d] lapic_id[0x0d] enabled)
2015-02-13T13:19:40.180729-06:00 c0-0c1s0n2 ACPI: LAPIC (acpi_id[0x0f] lapic_id[0x0f] enabled)
2015-02-13T13:19:40.180739-06:00 c0-0c1s0n2 ACPI: LAPIC_NMI (acpi_id[0x00] high edge lint[0x1])
2015-02-13T13:19:40.180744-06:00 c0-0c1s0n2 ACPI: LAPIC_NMI (acpi_id[0x02] high edge lint[0x1])
2015-02-13T13:19:40.180749-06:00 c0-0c1s0n2 ACPI: LAPIC_NMI (acpi_id[0x04] high edge lint[0x1])
2015-02-13T13:19:40.180756-06:00 c0-0c1s0n2 ACPI: LAPIC_NMI (acpi_id[0x06] high edge lint[0x1])
2015-02-13T13:19:40.180782-06:00 c0-0c1s0n2 ACPI: LAPIC_NMI (acpi_id[0x08] high edge lint[0x1])
2015-02-13T13:19:40.180790-06:00 c0-0c1s0n2 ACPI: LAPIC_NMI (acpi_id[0x0a] high edge lint[0x1])
2015-02-13T13:19:40.180796-06:00 c0-0c1s0n2 ACPI: LAPIC_NMI (acpi_id[0x0c] high edge lint[0x1])
2015-02-13T13:19:40.180806-06:00 c0-0c1s0n2 ACPI: LAPIC_NMI (acpi_id[0x0e] high edge lint[0x1])
2015-02-13T13:19:40.180813-06:00 c0-0c1s0n2 ACPI: LAPIC_NMI (acpi_id[0x01] high edge lint[0x1])
2015-02-13T13:19:40.180823-06:00 c0-0c1s0n2 ACPI: LAPIC_NMI (acpi_id[0x03] high edge lint[0x1])
2015-02-13T13:19:40.180834-06:00 c0-0c1s0n2 ACPI: LAPIC_NMI (acpi_id[0x05] high edge lint[0x1])
2015-02-13T13:19:40.180840-06:00 c0-0c1s0n2 ACPI: LAPIC_NMI (acpi_id[0x07] high edge lint[0x1])
2015-02-13T13:19:40.180850-06:00 c0-0c1s0n2 ACPI: LAPIC_NMI (acpi_id[0x09] high edge lint[0x1])
2015-02-13T13:19:40.180858-06:00 c0-0c1s0n2 ACPI: LAPIC_NMI (acpi_id[0x0b] high edge lint[0x1])
2015-02-13T13:19:40.180866-06:00 c0-0c1s0n2 ACPI: LAPIC_NMI (acpi_id[0x0d] high edge lint[0x1])
2015-02-13T13:19:40.180874-06:00 c0-0c1s0n2 ACPI: LAPIC_NMI (acpi_id[0x0f] high edge lint[0x1])
2015-02-13T13:19:40.180884-06:00 c0-0c1s0n2 ACPI: IOAPIC (id[0x00] address[0xfec00000] gsi_base[0])
2015-02-13T13:19:40.180892-06:00 c0-0c1s0n2 IOAPIC[0]: apic_id 0, version 32, address 0xfec00000, GSI 0-23
2015-02-13T13:19:40.180903-06:00 c0-0c1s0n2 ACPI: IOAPIC (id[0x02] address[0xfec01000] gsi_base[24])
2015-02-13T13:19:40.180914-06:00 c0-0c1s0n2 IOAPIC[1]: apic_id 2, version 32, address 0xfec01000, GSI 24-47
2015-02-13T13:19:40.180925-06:00 c0-0c1s0n2 ACPI: INT_SRC_OVR (bus 0 bus_irq 0 global_irq 2 dfl dfl)
2015-02-13T13:19:40.180932-06:00 c0-0c1s0n2 ACPI: INT_SRC_OVR (bus 0 bus_irq 9 global_irq 9 high level)
2015-02-13T13:19:40.180966-06:00 c0-0c1s0n2 Using ACPI (MADT) for SMP configuration information
2015-02-13T13:19:40.181096-06:00 c0-0c1s0n2 ACPI: HPET id: 0x8086a701 base: 0xfed00000
2015-02-13T13:19:40.205279-06:00 c0-0c1s0n2 SMP: Allowing 16 CPUs, 0 hotplug CPUs
2015-02-13T13:19:40.205418-06:00 c0-0c1s0n2 Allocating PCI resources starting at 90000000 (gap: 90000000:6ed1c000)
2015-02-13T13:19:40.230481-06:00 c0-0c1s0n2 setup_percpu: NR_CPUS:128 nr_cpumask_bits:128 nr_cpu_ids:16 nr_node_ids:1
2015-02-13T13:19:40.230663-06:00 c0-0c1s0n2 PERCPU: Embedded 25 PATH1224 @ffff88107fa00000 s72704 r8192 d21504 u131072
2015-02-13T13:19:40.255744-06:00 c0-0c1s0n2 Built 1 zonelists in Zone order, mobility grouping on.  Total pages: 16534701
2015-02-13T13:19:40.255800-06:00 c0-0c1s0n2 Policy zone: Normal
2015-02-13T13:19:40.345903-06:00 c0-0c1s0n2 Kernel command line: earlyprintk=serial,115200 load_ramdisk=1 ramdisk_size=80000 console=ttyS0,115200n8 bootnodeip=IPADDR13 bootproto=ipog bootpath=PATH1220 rootfs=nfs-shared root=PATH1221 oops=panic bootifnetmask=IPADDR15 elevator=noop ippob1=10 ippob2=128 pcie_ports=native iommu=on intel_iommu=off bad_page=panic pln_enable=off apei_disable hest_disable erst_disable ghes_disable cgroup_disable=memory active_wlm=ALPS sdbnodeip=IPADDR16 sessionid=p0-20150213t131030 _cray=marker_ 
2015-02-13T13:19:40.345973-06:00 c0-0c1s0n2 Intel-IOMMU: disabled
2015-02-13T13:19:40.388767-06:00 c0-0c1s0n2 Disabling memory control group subsystem
2015-02-13T13:19:40.388911-06:00 c0-0c1s0n2 PID hash table entries: 4096 (order: 3, 32768 bytes)
2015-02-13T13:19:40.389005-06:00 c0-0c1s0n2 PATH1225: enabled xstate_bv 0x7, cntxt size 0x340
2015-02-13T13:19:40.771216-06:00 c0-0c1s0n2 Memory: PATH319779 available (5522k kernel code, 2121000k absent, 1019856k reserved, 5307k data, 692k init)
2015-02-13T13:19:40.771244-06:00 c0-0c1s0n2 Hierarchical RCU implementation.
2015-02-13T13:19:40.771281-06:00 c0-0c1s0n2 NR_IRQS:4352
2015-02-13T13:19:40.822017-06:00 c0-0c1s0n2 Extended CMOS year: 2000
2015-02-13T13:19:40.822073-06:00 c0-0c1s0n2 Console: colour dummy device 80x25
2015-02-13T13:19:40.822187-06:00 c0-0c1s0n2 console [ttyS0] enabled, bootconsole disabled
2015-02-13T13:19:40.847047-06:00 c0-0c1s0n2 console [ttyS0] enabled, bootconsole disabled
2015-02-13T13:19:40.872419-06:00 c0-0c1s0n2 Fast TSC calibration using PIT
2015-02-13T13:19:40.872508-06:00 c0-0c1s0n2 Detected 2599.966 MHz processor.
2015-02-13T13:19:40.897595-06:00 c0-0c1s0n2 Calibrating delay loop (skipped), value calculated using timer frequency.. 5199.93 BogoMIPS (lpj=10399864)
2015-02-13T13:19:40.897629-06:00 c0-0c1s0n2 pid_max: default: 32768 minimum: 301
2015-02-13T13:19:40.947973-06:00 c0-0c1s0n2 Dentry cache hash table entries: 8388608 (order: 14, 67108864 bytes)
2015-02-13T13:19:40.973465-06:00 c0-0c1s0n2 Inode-cache hash table entries: 4194304 (order: 13, 33554432 bytes)
2015-02-13T13:19:40.998710-06:00 c0-0c1s0n2 Mount-cache hash table entries: 256
2015-02-13T13:19:40.998906-06:00 c0-0c1s0n2 Initializing cgroup subsys cpuacct
2015-02-13T13:19:40.999040-06:00 c0-0c1s0n2 Initializing cgroup subsys memory
2015-02-13T13:19:41.024000-06:00 c0-0c1s0n2 Initializing cgroup subsys devices
2015-02-13T13:19:41.024010-06:00 c0-0c1s0n2 Initializing cgroup subsys perf_event
2015-02-13T13:19:41.024209-06:00 c0-0c1s0n2 CPU: Physical Processor ID: 0
2015-02-13T13:19:41.024297-06:00 c0-0c1s0n2 CPU: Processor Core ID: 0
2015-02-13T13:19:41.048909-06:00 c0-0c1s0n2 mce: CPU supports 20 MCE banks
2015-02-13T13:19:41.049066-06:00 c0-0c1s0n2 CPU0: Thermal monitoring enabled (TM1)
2015-02-13T13:19:41.049131-06:00 c0-0c1s0n2 using mwait in idle threads.
2015-02-13T13:19:41.049214-06:00 c0-0c1s0n2 ACPI: Core revision 20110413
2015-02-13T13:19:41.099487-06:00 c0-0c1s0n2 ftrace: allocating 20236 entries in 80 pages
2015-02-13T13:19:41.124586-06:00 c0-0c1s0n2 DMAR: Host address width 46
2015-02-13T13:19:41.124814-06:00 c0-0c1s0n2 DMAR: DRHD base: 0x000000fbffc000 flags: 0x1
2015-02-13T13:19:41.125108-06:00 c0-0c1s0n2 IOMMU 0: reg_base_addr fbffc000 ver 1:0 cap d2078c106f0462 ecap f020fe
2015-02-13T13:19:41.150034-06:00 c0-0c1s0n2 DMAR: RMRR base: 0x0000007f430000 end: 0x0000007f43cfff
2015-02-13T13:19:41.150116-06:00 c0-0c1s0n2 DMAR: ATSR flags: 0x0
2015-02-13T13:19:41.150333-06:00 c0-0c1s0n2 DMAR: RHSA base: 0x000000fbffc000 proximity domain: 0x0
2015-02-13T13:19:41.175242-06:00 c0-0c1s0n2 Switched APIC routing to physical flat.
2015-02-13T13:19:41.175382-06:00 c0-0c1s0n2 ..TIMER: vector=0x30 apic1=0 pin1=2 apic2=-1 pin2=-1
2015-02-13T13:19:41.225680-06:00 c0-0c1s0n2 CPU0: Intel(R) Xeon(R) CPU E5-2670 0 @ 2.60GHz stepping 07
2015-02-13T13:19:41.451461-06:00 c0-0c1s0n2 Performance Events: PEBS fmt1+, 16-deep LBR, SandyBridge events, full-width counters, Intel PMU driver.
2015-02-13T13:19:41.451584-06:00 c0-0c1s0n2 ... version:                3
2015-02-13T13:19:41.476475-06:00 c0-0c1s0n2 ... bit width:              48
2015-02-13T13:19:41.476646-06:00 c0-0c1s0n2 ... generic registers:      4
2015-02-13T13:19:41.476832-06:00 c0-0c1s0n2 ... value mask:             0000ffffffffffff
2015-02-13T13:19:41.476945-06:00 c0-0c1s0n2 ... max period:             0000ffffffffffff
2015-02-13T13:19:41.501538-06:00 c0-0c1s0n2 ... fixed-purpose events:   3
2015-02-13T13:19:41.501663-06:00 c0-0c1s0n2 ... event mask:             000000070000000f
2015-02-13T13:19:41.958652-06:00 c0-0c1s0n2 Booting Node   0, Processors  #1 #2 #3 #4 #5 #6 #7 #8 #9 #10 #11 #12 #13 #14 #15 Ok.
2015-02-13T13:19:42.009054-06:00 c0-0c1s0n2 Brought up 16 CPUs
2015-02-13T13:19:42.009179-06:00 c0-0c1s0n2 Total of 16 processors activated (83198.91 BogoMIPS).
2015-02-13T13:19:42.059597-06:00 c0-0c1s0n2 NET: Registered protocol family 16
2015-02-13T13:19:42.059814-06:00 c0-0c1s0n2 ACPI FADT declares the system doesn't support PCIe ASPM, so disable it
2015-02-13T13:19:42.084669-06:00 c0-0c1s0n2 ACPI: bus type pci registered
2015-02-13T13:19:42.084936-06:00 c0-0c1s0n2 PCI: MMCONFIG for domain 0000 [bus 00-ff] at [mem 0x80000000-0x8fffffff] (base 0x80000000)
2015-02-13T13:19:42.109844-06:00 c0-0c1s0n2 PCI: MMCONFIG at [mem 0x80000000-0x8fffffff] reserved in E820
2015-02-13T13:19:42.135198-06:00 c0-0c1s0n2 PCI: Using configuration type 1 for base access
2015-02-13T13:19:42.135330-06:00 c0-0c1s0n2 bio: create slab <bio-0> at 0
2015-02-13T13:19:42.185563-06:00 c0-0c1s0n2 ACPI: Executed 1 blocks of module-level executable AML code
2015-02-13T13:19:42.368193-06:00 c0-0c1s0n2 ACPI: Interpreter enabled
2015-02-13T13:19:42.393081-06:00 c0-0c1s0n2 ACPI: (supports S0 S1 S3 S5)
2015-02-13T13:19:42.393243-06:00 c0-0c1s0n2 ACPI: Using IOAPIC for interrupt routing
2015-02-13T13:19:42.418284-06:00 c0-0c1s0n2 ACPI: No dock devices found.
2015-02-13T13:19:42.418434-06:00 c0-0c1s0n2 HEST: Table parsing disabled.
2015-02-13T13:19:42.443515-06:00 c0-0c1s0n2 PCI: Using host bridge windows from ACPI; if necessary, use "pci=nocrs" and report a bug
2015-02-13T13:19:42.468704-06:00 c0-0c1s0n2 ACPI: PCI Root Bridge [PCI0] (domain 0000 [bus 00-fe])
2015-02-13T13:19:42.468969-06:00 c0-0c1s0n2 pci_root PNP0A08:00: host bridge window [io  0x0000-0x03af]
2015-02-13T13:19:42.469150-06:00 c0-0c1s0n2 pci_root PNP0A08:00: host bridge window [io  0x03e0-0x0cf7]
2015-02-13T13:19:42.494111-06:00 c0-0c1s0n2 pci_root PNP0A08:00: host bridge window [io  0x0d00-0xffff]
2015-02-13T13:19:42.494358-06:00 c0-0c1s0n2 pci_root PNP0A08:00: host bridge window [mem 0x000c0000-0x000dffff]
2015-02-13T13:19:42.494611-06:00 c0-0c1s0n2 pci_root PNP0A08:00: host bridge window [mem 0x80000000-0xfbffffff]
2015-02-13T13:19:42.519512-06:00 c0-0c1s0n2 pci_root PNP0A08:00: host bridge window [mem 0x1080000000-0x3c3fffffffff]
2015-02-13T13:19:42.544520-06:00 c0-0c1s0n2 pci 0000:00:02.0: PCI bridge to [bus 01-01]
2015-02-13T13:19:42.544813-06:00 c0-0c1s0n2 pci 0000:00:03.0: PCI bridge to [bus 02-02]
2015-02-13T13:19:42.545023-06:00 c0-0c1s0n2 pci 0000:00:03.2: PCI bridge to [bus 03-03]
2015-02-13T13:19:42.569839-06:00 c0-0c1s0n2 pci 0000:00:11.0: PCI bridge to [bus 04-04]
2015-02-13T13:19:42.570018-06:00 c0-0c1s0n2 pci 0000:00:1e.0: PCI bridge to [bus 05-05] (subtractive decode)
2015-02-13T13:19:42.570280-06:00 c0-0c1s0n2 pci0000:00: Unable to request _OSC control (_OSC support mask: 0x19)
2015-02-13T13:19:42.595363-06:00 c0-0c1s0n2 ACPI: PCI Root Bridge [UNC0] (domain 0000 [bus ff])
2015-02-13T13:19:42.620543-06:00 c0-0c1s0n2 pci0000:ff: Unable to request _OSC control (_OSC support mask: 0x19)
2015-02-13T13:19:42.645657-06:00 c0-0c1s0n2 ACPI: PCI Interrupt Link [LNKA] (IRQs 3 4 5 6 7 10 *11 12 14 15)
2015-02-13T13:19:42.645888-06:00 c0-0c1s0n2 ACPI: PCI Interrupt Link [LNKB] (IRQs 3 4 5 6 7 *10 11 12 14 15)
2015-02-13T13:19:42.670774-06:00 c0-0c1s0n2 ACPI: PCI Interrupt Link [LNKC] (IRQs 3 4 *5 6 10 11 12 14 15)
2015-02-13T13:19:42.671064-06:00 c0-0c1s0n2 ACPI: PCI Interrupt Link [LNKD] (IRQs *3 4 5 6 10 11 12 14 15)
2015-02-13T13:19:42.696082-06:00 c0-0c1s0n2 ACPI: PCI Interrupt Link [LNKE] (IRQs 3 4 5 6 7 10 11 12 14 15) *0
2015-02-13T13:19:42.696435-06:00 c0-0c1s0n2 ACPI: PCI Interrupt Link [LNKF] (IRQs 3 4 5 6 7 10 11 12 14 15) *0
2015-02-13T13:19:42.721377-06:00 c0-0c1s0n2 ACPI: PCI Interrupt Link [LNKG] (IRQs 3 4 5 6 7 10 11 12 14 15) *0
2015-02-13T13:19:42.721695-06:00 c0-0c1s0n2 ACPI: PCI Interrupt Link [LNKH] (IRQs 3 4 5 6 *7 10 11 12 14 15)
2015-02-13T13:19:42.721797-06:00 c0-0c1s0n2 vgaarb: loaded
2015-02-13T13:19:42.721917-06:00 c0-0c1s0n2 SCSI subsystem initialized
2015-02-13T13:19:42.722097-06:00 c0-0c1s0n2 PCI: Using ACPI for IRQ routing
2015-02-13T13:19:42.746873-06:00 c0-0c1s0n2 Switching to clocksource hpet
2015-02-13T13:19:42.772013-06:00 c0-0c1s0n2 pnp: PnP ACPI init
2015-02-13T13:19:42.772114-06:00 c0-0c1s0n2 ACPI: bus type pnp registered
2015-02-13T13:19:42.772406-06:00 c0-0c1s0n2 system 00:01: [mem 0xfc000000-0xfcffffff] has been reserved
2015-02-13T13:19:42.797342-06:00 c0-0c1s0n2 system 00:01: [mem 0xfd000000-0xfdffffff] has been reserved
2015-02-13T13:19:42.797584-06:00 c0-0c1s0n2 system 00:01: [mem 0xfe000000-0xfeafffff] has been reserved
2015-02-13T13:19:42.822446-06:00 c0-0c1s0n2 system 00:01: [mem 0xfeb00000-0xfebfffff] has been reserved
2015-02-13T13:19:42.822710-06:00 c0-0c1s0n2 system 00:01: [mem 0xfed00400-0xfed3ffff] could not be reserved
2015-02-13T13:19:42.847545-06:00 c0-0c1s0n2 system 00:01: [mem 0xfed45000-0xfedfffff] has been reserved
2015-02-13T13:19:42.847817-06:00 c0-0c1s0n2 system 00:02: [mem 0xfbffc000-0xfbffdfff] has been reserved
2015-02-13T13:19:42.872689-06:00 c0-0c1s0n2 system 00:06: [io  0x04d0-0x04d1] has been reserved
2015-02-13T13:19:42.873031-06:00 c0-0c1s0n2 system 00:08: [io  0x0400-0x0453] has been reserved
2015-02-13T13:19:42.873279-06:00 c0-0c1s0n2 system 00:08: [io  0x0458-0x047f] has been reserved
2015-02-13T13:19:42.873491-06:00 c0-0c1s0n2 system 00:08: [io  0x1180-0x119f] has been reserved
2015-02-13T13:19:42.898226-06:00 c0-0c1s0n2 system 00:08: [io  0x0500-0x057f] has been reserved
2015-02-13T13:19:42.898486-06:00 c0-0c1s0n2 system 00:08: [mem 0xfed1c000-0xfed1ffff] has been reserved
2015-02-13T13:19:42.923371-06:00 c0-0c1s0n2 system 00:08: [mem 0xfec00000-0xfecfffff] could not be reserved
2015-02-13T13:19:42.923727-06:00 c0-0c1s0n2 system 00:08: [mem 0xfed08000-0xfed08fff] has been reserved
2015-02-13T13:19:42.948542-06:00 c0-0c1s0n2 system 00:08: [mem 0xff000000-0xffffffff] has been reserved
2015-02-13T13:19:42.948755-06:00 c0-0c1s0n2 system 00:09: [io  0x0454-0x0457] has been reserved
2015-02-13T13:19:42.949020-06:00 c0-0c1s0n2 pnp: PnP ACPI: found 12 devices
2015-02-13T13:19:42.949201-06:00 c0-0c1s0n2 ACPI: ACPI bus type pnp unregistered
2015-02-13T13:19:42.973964-06:00 c0-0c1s0n2 pci 0000:00:02.0: PCI bridge to [bus 01-01]
2015-02-13T13:19:42.974193-06:00 c0-0c1s0n2 pci 0000:00:02.0:   bridge window [io  disabled]
2015-02-13T13:19:42.999035-06:00 c0-0c1s0n2 pci 0000:00:02.0:   bridge window [mem disabled]
2015-02-13T13:19:42.999427-06:00 c0-0c1s0n2 pci 0000:00:02.0:   bridge window [mem 0x3c0000000000-0x3c20000fffff 64bit pref]
2015-02-13T13:19:42.999675-06:00 c0-0c1s0n2 pci 0000:00:03.0: PCI bridge to [bus 02-02]
2015-02-13T13:19:43.024608-06:00 c0-0c1s0n2 pci 0000:00:03.0:   bridge window [io  disabled]
2015-02-13T13:19:43.024777-06:00 c0-0c1s0n2 pci 0000:00:03.0:   bridge window [mem 0xfbc00000-0xfbdfffff]
2015-02-13T13:19:43.049652-06:00 c0-0c1s0n2 pci 0000:00:03.0:   bridge window [mem 0x3c2001000000-0x3c20017fffff 64bit pref]
2015-02-13T13:19:43.049803-06:00 c0-0c1s0n2 pci 0000:00:03.2: PCI bridge to [bus 03-03]
2015-02-13T13:19:43.074675-06:00 c0-0c1s0n2 pci 0000:00:03.2:   bridge window [io  disabled]
2015-02-13T13:19:43.075022-06:00 c0-0c1s0n2 pci 0000:00:03.2:   bridge window [mem 0xfba00000-0xfbbfffff]
2015-02-13T13:19:43.099991-06:00 c0-0c1s0n2 pci 0000:00:03.2:   bridge window [mem 0x3c2000800000-0x3c2000ffffff 64bit pref]
2015-02-13T13:19:43.100202-06:00 c0-0c1s0n2 pci 0000:00:11.0: PCI bridge to [bus 04-04]
2015-02-13T13:19:43.100462-06:00 c0-0c1s0n2 pci 0000:00:11.0:   bridge window [io  0xe000-0xefff]
2015-02-13T13:19:43.125169-06:00 c0-0c1s0n2 pci 0000:00:11.0:   bridge window [mem 0xfbe00000-0xfbefffff]
2015-02-13T13:19:43.125560-06:00 c0-0c1s0n2 pci 0000:00:11.0:   bridge window [mem 0x3c2001800000-0x3c2001cfffff 64bit pref]
2015-02-13T13:19:43.125761-06:00 c0-0c1s0n2 pci 0000:00:1e.0: PCI bridge to [bus 05-05]
2015-02-13T13:19:43.150603-06:00 c0-0c1s0n2 pci 0000:00:1e.0:   bridge window [io  disabled]
2015-02-13T13:19:43.150802-06:00 c0-0c1s0n2 pci 0000:00:1e.0:   bridge window [mem disabled]
2015-02-13T13:19:43.175727-06:00 c0-0c1s0n2 pci 0000:00:1e.0:   bridge window [mem pref disabled]
2015-02-13T13:19:43.176003-06:00 c0-0c1s0n2 pci 0000:00:02.0: PCI INT A -> GSI 32 (level, low) -> IRQ 32
2015-02-13T13:19:43.176253-06:00 c0-0c1s0n2 pci 0000:00:03.0: PCI INT A -> GSI 40 (level, low) -> IRQ 40
2015-02-13T13:19:43.201190-06:00 c0-0c1s0n2 pci 0000:00:03.2: PCI INT A -> GSI 40 (level, low) -> IRQ 40
2015-02-13T13:19:43.201466-06:00 c0-0c1s0n2 pci 0000:00:11.0: PCI INT A -> GSI 16 (level, low) -> IRQ 16
2015-02-13T13:19:43.201582-06:00 c0-0c1s0n2 NET: Registered protocol family 2
2015-02-13T13:19:43.226435-06:00 c0-0c1s0n2 IP route cache hash table entries: 524288 (order: 10, 4194304 bytes)
2015-02-13T13:19:43.251369-06:00 c0-0c1s0n2 TCP established hash table entries: 524288 (order: 11, 8388608 bytes)
2015-02-13T13:19:43.251773-06:00 c0-0c1s0n2 TCP bind hash table entries: 65536 (order: 8, 1048576 bytes)
2015-02-13T13:19:43.276869-06:00 c0-0c1s0n2 TCP: Hash tables configured (established 524288 bind 65536)
2015-02-13T13:19:43.276880-06:00 c0-0c1s0n2 TCP reno registered
2015-02-13T13:19:43.277174-06:00 c0-0c1s0n2 UDP hash table entries: 32768 (order: 8, 1048576 bytes)
2015-02-13T13:19:43.277355-06:00 c0-0c1s0n2 UDP-Lite hash table entries: 32768 (order: 8, 1048576 bytes)
2015-02-13T13:19:43.302001-06:00 c0-0c1s0n2 NET: Registered protocol family 1
2015-02-13T13:19:43.302240-06:00 c0-0c1s0n2 RPC: Registered named UNIX socket transport module.
2015-02-13T13:19:43.302333-06:00 c0-0c1s0n2 RPC: Registered udp transport module.
2015-02-13T13:19:43.327067-06:00 c0-0c1s0n2 RPC: Registered tcp transport module.
2015-02-13T13:19:43.327280-06:00 c0-0c1s0n2 RPC: Registered tcp NFSv4.1 backchannel transport module.
2015-02-13T13:19:43.352486-06:00 c0-0c1s0n2 pci 0000:00:1a.0: PCI INT A -> GSI 16 (level, low) -> IRQ 16
2015-02-13T13:19:43.377786-06:00 c0-0c1s0n2 pci 0000:00:1a.0: PCI INT A disabled
2015-02-13T13:19:43.402817-06:00 c0-0c1s0n2 pci 0000:00:1d.0: PCI INT A -> GSI 23 (level, low) -> IRQ 23
2015-02-13T13:19:43.403107-06:00 c0-0c1s0n2 pci 0000:00:1d.0: PCI INT A disabled
2015-02-13T13:19:43.428146-06:00 c0-0c1s0n2 Trying to unpack rootfs image as initramfs...
2015-02-13T13:19:43.843922-06:00 c0-0c1s0n2 Freeing initrd memory: 12352k freed
2015-02-13T13:19:43.844235-06:00 c0-0c1s0n2 DMAR: Device scope device [0000:00:01.01] not found
2015-02-13T13:19:43.869006-06:00 c0-0c1s0n2 DMAR: Device scope device [0000:00:01.01] not found
2015-02-13T13:19:43.869232-06:00 c0-0c1s0n2 PCI-DMA: Using software bounce buffering for IO (SWIOTLB)
2015-02-13T13:19:43.894332-06:00 c0-0c1s0n2 Placing 64MB software IO TLB between ffff88007a67c000 - ffff88007e67c000
2015-02-13T13:19:43.894515-06:00 c0-0c1s0n2 software IO TLB at phys 0x7a67c000 - 0x7e67c000
2015-02-13T13:19:43.919521-06:00 c0-0c1s0n2 Machine check injector initialized
2015-02-13T13:19:43.944540-06:00 c0-0c1s0n2 futex hash table entries: 4096 (order: 6, 262144 bytes)
2015-02-13T13:19:43.944730-06:00 c0-0c1s0n2 Registering pnotify support for (name=job)
2015-02-13T13:19:43.944756-06:00 c0-0c1s0n2 CSA: initialized
2015-02-13T13:19:43.944892-06:00 c0-0c1s0n2 audit: initializing netlink socket (disabled)
2015-02-13T13:19:43.945029-06:00 c0-0c1s0n2 type=2000 audit(1423855178.544:1): initialized
2015-02-13T13:19:43.995799-06:00 c0-0c1s0n2 HugeTLB registered 2 MB page size, pre-allocated 0 pages
2015-02-13T13:19:44.020365-06:00 c0-0c1s0n2 VFS: Disk quotas dquot_6.5.2
2015-02-13T13:19:44.020713-06:00 c0-0c1s0n2 Dquot-cache hash table entries: 512 (order 0, 4096 bytes)
2015-02-13T13:19:44.045726-06:00 c0-0c1s0n2 Installing knfsd (copyright (C) 1996 okir@monad.swb.de).
2015-02-13T13:19:44.045895-06:00 c0-0c1s0n2 fuse init (API version 7.16)
2015-02-13T13:19:44.046029-06:00 c0-0c1s0n2 Installing v9fs 9p2000 file system support
2015-02-13T13:19:44.046123-06:00 c0-0c1s0n2 msgmni has been set to 32268
2015-02-13T13:19:44.070928-06:00 c0-0c1s0n2 Block layer SCSI generic (bsg) driver version 0.4 loaded (major 254)
2015-02-13T13:19:44.071058-06:00 c0-0c1s0n2 io scheduler noop registered (default)
2015-02-13T13:19:44.071109-06:00 c0-0c1s0n2 io scheduler deadline registered
2015-02-13T13:19:44.071171-06:00 c0-0c1s0n2 io scheduler cfq registered
2015-02-13T13:19:44.096098-06:00 c0-0c1s0n2 input: Power Button as PATH1228:PATH1229:PATH1230:PATH1231
2015-02-13T13:19:44.096162-06:00 c0-0c1s0n2 ACPI: Power Button [PWRB]
2015-02-13T13:19:44.121361-06:00 c0-0c1s0n2 input: Power Button as PATH1228:PATH1232:PATH1233
2015-02-13T13:19:44.121417-06:00 c0-0c1s0n2 ACPI: Power Button [PWRF]
2015-02-13T13:19:44.222394-06:00 c0-0c1s0n2 ERST: Error Record Serialization Table (ERST) support is disabled.
2015-02-13T13:19:44.222464-06:00 c0-0c1s0n2 GHES: HEST is not enabled!
2015-02-13T13:19:44.297939-06:00 c0-0c1s0n2 Serial: PATH1234 driver, 2 ports, IRQ sharing disabled
2015-02-13T13:19:44.298023-06:00 c0-0c1s0n2 serial8250: ttyS0 at PATH1235 0x3f8 (irq = 4) is a 16550A
2015-02-13T13:19:44.373660-06:00 c0-0c1s0n2 serial8250: ttyS1 at PATH1235 0x2f8 (irq = 3) is a 16550A
2015-02-13T13:19:44.449740-06:00 c0-0c1s0n2 Real Time Clock Driver v1.12b
2015-02-13T13:19:44.474628-06:00 c0-0c1s0n2 Linux agpgart interface v0.103
2015-02-13T13:19:44.474731-06:00 c0-0c1s0n2 brd: module loaded
2015-02-13T13:19:44.474815-06:00 c0-0c1s0n2 loop: module loaded
2015-02-13T13:19:44.474876-06:00 c0-0c1s0n2 Loading iSCSI transport class v2.0-870.
2015-02-13T13:19:44.499932-06:00 c0-0c1s0n2 iscsi: registered transport (tcp)
2015-02-13T13:19:44.499994-06:00 c0-0c1s0n2 Rounding down aligned max_sectors from 4294967295 to 4294967288
2015-02-13T13:19:44.500021-06:00 c0-0c1s0n2 console [netcon0] enabled
2015-02-13T13:19:44.524995-06:00 c0-0c1s0n2 netconsole: network logging started
2015-02-13T13:19:44.550325-06:00 c0-0c1s0n2 i8042: PNP: No PATH1236 controller found. Probing ports directly.
2015-02-13T13:19:44.939793-06:00 c0-0c1s0n2 Refined TSC clocksource calibration: 2599.999 MHz.
2015-02-13T13:19:44.939822-06:00 c0-0c1s0n2 Switching to clocksource tsc
2015-02-13T13:19:45.545572-06:00 c0-0c1s0n2 i8042: No controller found
2015-02-13T13:19:45.545681-06:00 c0-0c1s0n2 EDAC MC: Ver: 2.1.0
2015-02-13T13:19:45.570519-06:00 c0-0c1s0n2 cpuidle: using governor ladder
2015-02-13T13:19:45.570714-06:00 c0-0c1s0n2 cpuidle: using governor menu
2015-02-13T13:19:45.595616-06:00 c0-0c1s0n2 oprofile: using NMI interrupt.
2015-02-13T13:19:45.595698-06:00 c0-0c1s0n2 TCP cubic registered
2015-02-13T13:19:45.595746-06:00 c0-0c1s0n2 NET: Registered protocol family 10
2015-02-13T13:19:45.620738-06:00 c0-0c1s0n2 IPv6 over IPv4 tunneling driver
2015-02-13T13:19:45.620859-06:00 c0-0c1s0n2 NET: Registered protocol family 17
2015-02-13T13:19:45.620936-06:00 c0-0c1s0n2 Installing 9P2000 support
2015-02-13T13:19:45.620997-06:00 c0-0c1s0n2 Registering the dns_resolver key type
2015-02-13T13:19:45.621036-06:00 c0-0c1s0n2 registered taskstats version 1
2015-02-13T13:19:45.646259-06:00 c0-0c1s0n2 Freeing unused kernel memory: 692k freed
2015-02-13T13:19:45.721702-06:00 c0-0c1s0n2 ghal_init:Cray(R) Gemini Hardware Abstraction Layer - version 1.0107
2015-02-13T13:19:45.721790-06:00 c0-0c1s0n2 ghal_init:Copyright (C) 2007-1012 Cray Inc.
2015-02-13T13:19:45.772195-06:00 c0-0c1s0n2 ghal 0000:01:00.1: enabling device (0000 -> 0002)
2015-02-13T13:19:45.797462-06:00 c0-0c1s0n2 udev: starting version 147
2015-02-13T13:19:45.797473-06:00 c0-0c1s0n2 simplex: module license 'unspecified' taints kernel.
2015-02-13T13:19:45.797513-06:00 c0-0c1s0n2 hss-os: communication area 0xffff881009bd8000 (phys 0x1009bd8000)
2015-02-13T13:19:45.797530-06:00 c0-0c1s0n2 hss-os: new channel 1
2015-02-13T13:19:47.605515-06:00 c0-0c1s0n2 request_sys_info_from_L0: No tile dimension data
2015-02-13T13:19:47.605528-06:00 c0-0c1s0n2 hss-os: new channel 2
2015-02-13T13:19:47.605534-06:00 c0-0c1s0n2 kgni_init:Cray(R) Gemini Network Interface - Sep 17 2014 version 0x004500b7 rev 9750
2015-02-13T13:19:47.605540-06:00 c0-0c1s0n2 kgni_init:Copyright (C) 2007,2008 Cray Inc.
2015-02-13T13:19:47.605545-06:00 c0-0c1s0n2 ipogif_init:Cray(R) Gemini IP over Fabric device driver - version 0.17
2015-02-13T13:19:47.605550-06:00 c0-0c1s0n2 ipogif_init:Copyright (C) 2007 Cray Inc.
2015-02-13T13:19:47.605558-06:00 c0-0c1s0n2 ipogif_probe:Immediate checksum off
2015-02-13T13:19:47.605571-06:00 c0-0c1s0n2 Cray(R) Gemini Performance Counter Daemon - version 0.1
2015-02-13T13:19:47.605593-06:00 c0-0c1s0n2 GEMINI Performance Counter Daemon.
2015-02-13T13:19:47.605599-06:00 c0-0c1s0n2 Cray(R) Kernel Dynamic Registration (KDREG) Interface - version 0x2243e
2015-02-13T13:19:47.605604-06:00 c0-0c1s0n2 Copyright (C) 2004-5 Pete Wyckoff - modified by Cray(R)
2015-02-13T13:19:47.605609-06:00 c0-0c1s0n2 ipogif_up:Bringing interface up
2015-02-13T13:19:47.605618-06:00 c0-0c1s0n2 Sending ec_node_info with boot code 0 (NODE_INFO_OS_BOOT) for nid 66
2015-02-13T13:19:47.605639-06:00 c0-0c1s0n2 net.core.rmem_max = 16777216
2015-02-13T13:19:47.605672-06:00 c0-0c1s0n2 net.core.wmem_max = 16777216
2015-02-13T13:19:47.605683-06:00 c0-0c1s0n2 net.core.rmem_default = 16777216
2015-02-13T13:19:47.605689-06:00 c0-0c1s0n2 net.core.wmem_default = 16777216
2015-02-13T13:19:47.605720-06:00 c0-0c1s0n2 net.core.optmem_max = 16777216
2015-02-13T13:19:47.605728-06:00 c0-0c1s0n2 net.ipv4.tcp_mem = 16777216 16777216 16777216
2015-02-13T13:19:47.605742-06:00 c0-0c1s0n2 net.ipv4.tcp_rmem = 4096 87380 16777216
2015-02-13T13:19:47.605755-06:00 c0-0c1s0n2 net.ipv4.tcp_wmem = 4096 65536 16777216
2015-02-13T13:19:47.605765-06:00 c0-0c1s0n2 Using rootfs config: nfs-shared...
2015-02-13T13:19:47.605772-06:00 c0-0c1s0n2 rootfs mount succeeded.
2015-02-13T13:19:47.605780-06:00 c0-0c1s0n2 **********************************************************
2015-02-13T13:19:47.605790-06:00 c0-0c1s0n2    HOSTNAME: nid00066
2015-02-13T13:19:47.605799-06:00 c0-0c1s0n2 **********************************************************
2015-02-13T13:19:47.605813-06:00 c0-0c1s0n2 ipogif0   Link encap:Ethernet  HWaddr 00:01:01:00:00:42  
2015-02-13T13:19:47.605821-06:00 c0-0c1s0n2          inet addr:IPADDR20  Mask:IPADDR15
2015-02-13T13:19:47.605844-06:00 c0-0c1s0n2          inet6 addr: fe80::201:1ff:fe00:PATH1278 Scope:Link
2015-02-13T13:19:47.605853-06:00 c0-0c1s0n2          UP RUNNING NOARP  MTU:65520  Metric:1
2015-02-13T13:19:47.605877-06:00 c0-0c1s0n2          RX packets:21 errors:0 dropped:0 overruns:0 frame:0
2015-02-13T13:19:47.605885-06:00 c0-0c1s0n2          TX packets:28 errors:0 dropped:0 overruns:0 carrier:0
2015-02-13T13:19:47.605898-06:00 c0-0c1s0n2          collisions:0 txqueuelen:1000 
2015-02-13T13:19:47.605907-06:00 c0-0c1s0n2          RX bytes:2496 (2.4 KiB)  TX bytes:2540 (2.4 KiB)
2015-02-13T13:19:47.605922-06:00 c0-0c1s0n2 lo        Link encap:Local Loopback  
2015-02-13T13:19:47.605928-06:00 c0-0c1s0n2          inet addr:IPADDR18  Mask:IPADDR24
2015-02-13T13:19:47.605950-06:00 c0-0c1s0n2          inet6 addr: ::PATH1252 Scope:Host
2015-02-13T13:19:47.605960-06:00 c0-0c1s0n2          UP LOOPBACK RUNNING  MTU:16436  Metric:1
2015-02-13T13:19:47.605968-06:00 c0-0c1s0n2          RX packets:0 errors:0 dropped:0 overruns:0 frame:0
2015-02-13T13:19:47.605976-06:00 c0-0c1s0n2          TX packets:0 errors:0 dropped:0 overruns:0 carrier:0
2015-02-13T13:19:47.605986-06:00 c0-0c1s0n2          collisions:0 txqueuelen:0 
2015-02-13T13:19:47.606009-06:00 c0-0c1s0n2          RX bytes:0 (0.0 B)  TX bytes:0 (0.0 B)
2015-02-13T13:19:47.606020-06:00 c0-0c1s0n2 Mounting NID specific PATH1253 (nid=66)...
2015-02-13T13:19:47.606028-06:00 c0-0c1s0n2 done.
2015-02-13T13:19:47.606043-06:00 c0-0c1s0n2 INIT: version 2.86 booting
2015-02-13T13:19:47.606053-06:00 c0-0c1s0n2 System Boot Control: Running PATH1254
2015-02-13T13:19:47.606060-06:00 c0-0c1s0n2 Mounting sysfs at PATH12557[?25l
2015-02-13T13:19:47.606077-06:00 c0-0c1s0n2 [80C[10D[1;32mdone[m8[?25h
2015-02-13T13:19:47.606085-06:00 c0-0c1s0n2 Copying static PATH1256 content7[?25l
2015-02-13T13:19:47.606098-06:00 c0-0c1s0n2 [80C[10D[1;32mdone[m8[?25h
2015-02-13T13:19:47.606109-06:00 c0-0c1s0n2 Mounting tmpfs at PATH12577[?25l
2015-02-13T13:19:47.606114-06:00 c0-0c1s0n2 [80C[10D[1;32mdone[m8[?25h
2015-02-13T13:19:47.606125-06:00 c0-0c1s0n2 Mounting devpts at PATH12587[?25l
2015-02-13T13:19:47.606131-06:00 c0-0c1s0n2 [80C[10D[1;32mdone[m8[?25h
2015-02-13T13:19:47.606141-06:00 c0-0c1s0n2 Boot logging started on PATH1259(PATH1260) at Fri Feb 13 13:19:42 2015
2015-02-13T13:19:47.606147-06:00 c0-0c1s0n2 Mounting debugfs at PATH12617[?25l
2015-02-13T13:19:47.606151-06:00 c0-0c1s0n2 [80C[10D[1;32mdone[m8[?25h
2015-02-13T13:19:47.606156-06:00 c0-0c1s0n2 [m[?25hNo efivars filesystem driver available.[m[?25hStarting udevd: udev: starting version 147
2015-02-13T13:19:47.606166-06:00 c0-0c1s0n2 7[?25l
2015-02-13T13:19:47.606172-06:00 c0-0c1s0n2 [80C[10D[1;32mdone[m8[?25h
2015-02-13T13:19:47.606180-06:00 c0-0c1s0n2 Loading drivers, configuring devices: Compat-rdma backport release: ac916cb
2015-02-13T13:19:47.606241-06:00 c0-0c1s0n2 Backport based on git:PATH1237 5268562
2015-02-13T13:19:47.606339-06:00 c0-0c1s0n2 compat.git: git:PATH1237
2015-02-13T13:19:47.630831-06:00 c0-0c1s0n2 usbcore: registered new interface driver usbfs
2015-02-13T13:19:47.630848-06:00 c0-0c1s0n2 usbcore: registered new interface driver hub
2015-02-13T13:19:47.630865-06:00 c0-0c1s0n2 usbcore: registered new device driver usb
2015-02-13T13:19:47.656288-06:00 c0-0c1s0n2 ahci 0000:00:1f.2: PCI INT B -> GSI 19 (level, low) -> IRQ 19
2015-02-13T13:19:47.656298-06:00 c0-0c1s0n2 ehci_hcd: USB 2.0 'Enhanced' Host Controller (EHCI) Driver
2015-02-13T13:19:47.656327-06:00 c0-0c1s0n2 mlx4_core: Mellanox ConnectX core driver v1.1 (Dec, 2011)
2015-02-13T13:19:47.656598-06:00 c0-0c1s0n2 mlx4_core: Initializing 0000:02:00.0
2015-02-13T13:19:47.681460-06:00 c0-0c1s0n2 mlx4_core 0000:02:00.0: PCI INT A -> GSI 40 (level, low) -> IRQ 40
2015-02-13T13:19:47.681557-06:00 c0-0c1s0n2 ahci 0000:00:1f.2: forcing PORTS_IMPL to 0x3f
2015-02-13T13:19:47.706651-06:00 c0-0c1s0n2 ahci 0000:00:1f.2: AHCI 0001.0300 32 slots 6 ports 6 Gbps 0x3f impl SATA mode
2015-02-13T13:19:47.706924-06:00 c0-0c1s0n2 ahci 0000:00:1f.2: flags: 64bit ncq sntf pm led clo pio slum part ems apst 
2015-02-13T13:19:47.707007-06:00 c0-0c1s0n2 scsi0 : ahci
2015-02-13T13:19:47.707035-06:00 c0-0c1s0n2 scsi1 : ahci
2015-02-13T13:19:47.707055-06:00 c0-0c1s0n2 scsi2 : ahci
2015-02-13T13:19:47.707135-06:00 c0-0c1s0n2 scsi3 : ahci
2015-02-13T13:19:47.707177-06:00 c0-0c1s0n2 scsi4 : ahci
2015-02-13T13:19:47.731788-06:00 c0-0c1s0n2 scsi5 : ahci
2015-02-13T13:19:47.731945-06:00 c0-0c1s0n2 ata2: SATA max PATH1238 abar m2048@0xfbf00000 port 0xfbf00100 irq 164
2015-02-13T13:19:47.757090-06:00 c0-0c1s0n2 ata3: SATA max PATH1238 abar m2048@0xfbf00000 port 0xfbf00180 irq 164
2015-02-13T13:19:47.757249-06:00 c0-0c1s0n2 ata4: SATA max PATH1238 abar m2048@0xfbf00000 port 0xfbf00200 irq 164
2015-02-13T13:19:47.782278-06:00 c0-0c1s0n2 ata5: SATA max PATH1238 abar m2048@0xfbf00000 port 0xfbf00280 irq 164
2015-02-13T13:19:47.816837-06:00 c0-0c1s0n2 ata6: SATA max PATH1238 abar m2048@0xfbf00000 port 0xfbf00300 irq 164
2015-02-13T13:19:47.817840-06:00 c0-0c1s0n2 ata7: SATA max PATH1238 abar m2048@0xfbf00000 port 0xfbf00380 irq 164
2015-02-13T13:19:47.817854-06:00 c0-0c1s0n2 ehci_hcd 0000:00:1a.0: PCI INT A -> GSI 16 (level, low) -> IRQ 16
2015-02-13T13:19:47.817863-06:00 c0-0c1s0n2 ehci_hcd 0000:00:1a.0: EHCI Host Controller
2015-02-13T13:19:47.817918-06:00 c0-0c1s0n2 ehci_hcd 0000:00:1a.0: new USB bus registered, assigned bus number 1
2015-02-13T13:19:47.818081-06:00 c0-0c1s0n2 ehci_hcd 0000:00:1a.0: debug port 2
2015-02-13T13:19:47.881433-06:00 c0-0c1s0n2 ehci_hcd 0000:00:1a.0: irq 16, io mem 0xfbf02000
2015-02-13T13:19:47.881719-06:00 c0-0c1s0n2 ehci_hcd 0000:00:1a.0: USB 2.0 started, EHCI 1.00
2015-02-13T13:19:47.906858-06:00 c0-0c1s0n2 hub 1-0:1.0: USB hub found
2015-02-13T13:19:47.906866-06:00 c0-0c1s0n2 hub 1-0:1.0: 2 ports detected
2015-02-13T13:19:47.906888-06:00 c0-0c1s0n2 ehci_hcd 0000:00:1d.0: PCI INT A -> GSI 23 (level, low) -> IRQ 23
2015-02-13T13:19:47.906913-06:00 c0-0c1s0n2 ehci_hcd 0000:00:1d.0: EHCI Host Controller
2015-02-13T13:19:47.932040-06:00 c0-0c1s0n2 ehci_hcd 0000:00:1d.0: new USB bus registered, assigned bus number 2
2015-02-13T13:19:47.932069-06:00 c0-0c1s0n2 ehci_hcd 0000:00:1d.0: debug port 2
2015-02-13T13:19:47.932080-06:00 c0-0c1s0n2 ehci_hcd 0000:00:1d.0: irq 23, io mem 0xfbf01000
2015-02-13T13:19:47.932332-06:00 c0-0c1s0n2 ehci_hcd 0000:00:1d.0: USB 2.0 started, EHCI 1.00
2015-02-13T13:19:47.957438-06:00 c0-0c1s0n2 hub 2-0:1.0: USB hub found
2015-02-13T13:19:47.957837-06:00 c0-0c1s0n2 hub 2-0:1.0: 2 ports detected
2015-02-13T13:19:48.216508-06:00 c0-0c1s0n2 usb 1-1: new high-speed USB device number 2 using ehci_hcd
2015-02-13T13:19:48.317713-06:00 c0-0c1s0n2 hub 1-1:1.0: USB hub found
2015-02-13T13:19:48.342812-06:00 c0-0c1s0n2 hub 1-1:1.0: 6 ports detected
2015-02-13T13:19:48.468847-06:00 c0-0c1s0n2 usb 2-1: new high-speed USB device number 2 using ehci_hcd
2015-02-13T13:19:48.595250-06:00 c0-0c1s0n2 hub 2-1:1.0: USB hub found
2015-02-13T13:19:48.595332-06:00 c0-0c1s0n2 hub 2-1:1.0: 8 ports detected
2015-02-13T13:19:48.822221-06:00 c0-0c1s0n2 ata4: failed to resume link (SControl 0)
2015-02-13T13:19:48.822274-06:00 c0-0c1s0n2 ata4: SATA link down (SStatus 0 SControl 0)
2015-02-13T13:19:48.822324-06:00 c0-0c1s0n2 ata2: failed to resume link (SControl 0)
2015-02-13T13:19:48.872665-06:00 c0-0c1s0n2 ata2: SATA link down (SStatus 0 SControl 0)
2015-02-13T13:19:48.872705-06:00 c0-0c1s0n2 ata6: failed to resume link (SControl 0)
2015-02-13T13:19:48.872752-06:00 c0-0c1s0n2 ata6: SATA link down (SStatus 0 SControl 0)
2015-02-13T13:19:48.872790-06:00 c0-0c1s0n2 ata3: failed to resume link (SControl 0)
2015-02-13T13:19:48.872880-06:00 c0-0c1s0n2 ata3: SATA link down (SStatus 0 SControl 0)
2015-02-13T13:19:48.872953-06:00 c0-0c1s0n2 ata7: failed to resume link (SControl 0)
2015-02-13T13:19:48.897959-06:00 c0-0c1s0n2 ata7: SATA link down (SStatus 0 SControl 0)
2015-02-13T13:19:48.923116-06:00 c0-0c1s0n2 ata5: failed to resume link (SControl 0)
2015-02-13T13:19:48.923193-06:00 c0-0c1s0n2 ata5: SATA link down (SStatus 0 SControl 0)
2015-02-13T13:19:56.592374-06:00 c0-0c1s0n2 mlx4_core 0000:02:00.0: 64B PATH1239 supported by the device but not enabled
2015-02-13T13:19:56.592383-06:00 c0-0c1s0n2 mlx4_core: Initializing 0000:03:00.0
2015-02-13T13:19:56.592388-06:00 c0-0c1s0n2 mlx4_core 0000:03:00.0: PCI INT A -> GSI 42 (level, low) -> IRQ 42
2015-02-13T13:20:04.797578-06:00 c0-0c1s0n2 mlx4_core 0000:03:00.0: 64B PATH1239 supported by the device but not enabled
2015-02-13T13:20:05.533356-06:00 c0-0c1s0n2 7[?25l
2015-02-13T13:20:05.533366-06:00 c0-0c1s0n2 [80C[10D[1;32mdone[m8[?25h
2015-02-13T13:20:05.573334-06:00 c0-0c1s0n2 [m[?25hMounting PATH1262 from IPADDR13. Checking for nid=66 existance.
2015-02-13T13:20:05.729133-06:00 c0-0c1s0n2 7[?25l
2015-02-13T13:20:05.729143-06:00 c0-0c1s0n2 [80C[10D[1;32mdone[m8[?25h
2015-02-13T13:20:05.757026-06:00 c0-0c1s0n2 Mounting tmpfs on PATH12637[?25l
2015-02-13T13:20:05.757036-06:00 c0-0c1s0n2 [80C[10D[1;32mdone[m8[?25h
2015-02-13T13:20:05.782254-06:00 c0-0c1s0n2 Running sysctl using values from PATH1264
2015-02-13T13:20:05.782289-06:00 c0-0c1s0n2 net.ipv4.icmp_echo_ignore_broadcasts = 1
2015-02-13T13:20:05.782299-06:00 c0-0c1s0n2 net.ipv4.conf.all.rp_filter = 1
2015-02-13T13:20:05.782315-06:00 c0-0c1s0n2 fs.inotify.max_user_watches = 65536
2015-02-13T13:20:05.782356-06:00 c0-0c1s0n2 net.ipv4.conf.default.promote_secondaries = 1
2015-02-13T13:20:05.782388-06:00 c0-0c1s0n2 net.ipv4.conf.all.promote_secondaries = 1
2015-02-13T13:20:05.782409-06:00 c0-0c1s0n2 vm.min_free_kbytes = 102400
2015-02-13T13:20:05.782421-06:00 c0-0c1s0n2 7[?25l
2015-02-13T13:20:05.782429-06:00 c0-0c1s0n2 [80C[10D[1;32mdone[m8[?25h
2015-02-13T13:20:05.782439-06:00 c0-0c1s0n2 [m[?25hActivating swap-devices in PATH1265
2015-02-13T13:20:05.821385-06:00 c0-0c1s0n2 7[?25l[1A
2015-02-13T13:20:05.821395-06:00 c0-0c1s0n2 [80C[10D[1;32mdone[m8[?25hroot file system (PATH24) is NOT being checked.
2015-02-13T13:20:06.054505-06:00 c0-0c1s0n2 [m[?25hSet System Time to the current Hardware Clock7[?25l
2015-02-13T13:20:06.054510-06:00 c0-0c1s0n2 [80C[10D[1;32mdone[m8[?25h
2015-02-13T13:20:06.079692-06:00 c0-0c1s0n2 [m[?25hActivating device mapper...
2015-02-13T13:20:06.104952-06:00 c0-0c1s0n2 device-mapper: ioctl: 4.23.0-ioctl (2012-07-25) initialised: dm-devel@redhat.com
2015-02-13T13:20:06.104978-06:00 c0-0c1s0n2 7[?25l
2015-02-13T13:20:06.104988-06:00 c0-0c1s0n2 [80C[10D[1;32mdone[m8[?25h
2015-02-13T13:20:06.130162-06:00 c0-0c1s0n2 [m[?25hLoading required kernel modules
2015-02-13T13:20:06.155392-06:00 c0-0c1s0n2 7[?25l[1A
2015-02-13T13:20:06.155398-06:00 c0-0c1s0n2 [80C[10D[1;32mdone[m8[?25h[m[?25h[m[?25hWaiting for udev to settle...
2015-02-13T13:20:06.155411-06:00 c0-0c1s0n2 Scanning for LVM volume groups...
2015-02-13T13:20:06.180726-06:00 c0-0c1s0n2  Reading all physical volumes.  This may take a while...
2015-02-13T13:20:06.180738-06:00 c0-0c1s0n2  No volume groups found
2015-02-13T13:20:06.180746-06:00 c0-0c1s0n2  No volume groups found
2015-02-13T13:20:06.180756-06:00 c0-0c1s0n2 Activating LVM volume groups...
2015-02-13T13:20:06.180767-06:00 c0-0c1s0n2  PARTIAL MODE. Incomplete logical volumes will be processed.
2015-02-13T13:20:06.180789-06:00 c0-0c1s0n2  No volume groups found
2015-02-13T13:20:06.180800-06:00 c0-0c1s0n2 7[?25l
2015-02-13T13:20:06.180806-06:00 c0-0c1s0n2 [80C[10D[1;32mdone[m8[?25h
2015-02-13T13:20:06.217385-06:00 c0-0c1s0n2 [m[?25hNo fibre channel cards present.  Not waiting for disk devices. 
2015-02-13T13:20:06.217440-06:00 c0-0c1s0n2 [m[?25hChecking file systems...
2015-02-13T13:20:06.217509-06:00 c0-0c1s0n2 fsck from util-linux 2.19.1
2015-02-13T13:20:06.217549-06:00 c0-0c1s0n2 Checking all file systems.
2015-02-13T13:20:06.217597-06:00 c0-0c1s0n2 7[?25l[1A
2015-02-13T13:20:06.217607-06:00 c0-0c1s0n2 [80C[10D[1;32mdone[m8[?25hMounting local file systems...
2015-02-13T13:20:06.242631-06:00 c0-0c1s0n2 nothing was mounted
2015-02-13T13:20:06.489354-06:00 c0-0c1s0n2 7[?25l[1A
2015-02-13T13:20:06.489363-06:00 c0-0c1s0n2 [80C[10D[1;32mdone[m8[?25h[m[?25hCheck if the profiles matches the system7[?25l
2015-02-13T13:20:06.489369-06:00 c0-0c1s0n2 [80C[10D[1;32mdone[m8[?25h
2015-02-13T13:20:06.514614-06:00 c0-0c1s0n2 [m[?25hEnabling monitoring on LVM volume groups...
2015-02-13T13:20:06.514639-06:00 c0-0c1s0n2  No volume groups found
2015-02-13T13:20:06.514648-06:00 c0-0c1s0n2 7[?25l
2015-02-13T13:20:06.514665-06:00 c0-0c1s0n2 [80C[10D[1;32mdone[m8[?25h
2015-02-13T13:20:06.599664-06:00 c0-0c1s0n2 [m[?25h[m[?25h[m[?25h[m[?25h[m[?25hTurning quota on
2015-02-13T13:20:06.599688-06:00 c0-0c1s0n2 Checking quotas. This may take some time.
2015-02-13T13:20:06.599697-06:00 c0-0c1s0n2 7[?25l
2015-02-13T13:20:06.599702-06:00 c0-0c1s0n2 [80C[10D[1;32mdone[m8[?25h
2015-02-13T13:20:06.599723-06:00 c0-0c1s0n2 [m[?25hSetting current sysctl status from PATH12647[?25l
2015-02-13T13:20:06.599740-06:00 c0-0c1s0n2 [80C[10D[1;32mdone[m8[?25h
2015-02-13T13:20:06.745621-06:00 c0-0c1s0n2 [m[?25hATTENTION: You have modified PATH3931  Leaving it untouched...
2015-02-13T13:20:06.770850-06:00 c0-0c1s0n2 You can find my version in PATH344973 ...
2015-02-13T13:20:06.770883-06:00 c0-0c1s0n2 touch: cannot touch `PATH1267': Read-only file system
2015-02-13T13:20:06.770894-06:00 c0-0c1s0n2 chmod: cannot access `PATH1267': No such file or directory
2015-02-13T13:20:06.770924-06:00 c0-0c1s0n2 touch: cannot touch `PATH1267': Read-only file system
2015-02-13T13:20:06.796086-06:00 c0-0c1s0n2 [m[?25hSystem Boot Control: The system has been 
2015-02-13T13:20:06.796096-06:00 c0-0c1s0n2 [80C[10D[1mset up[m
2015-02-13T13:20:06.796117-06:00 c0-0c1s0n2 Skipped features: [80C[19D[1;33mboot.efivars[m
2015-02-13T13:20:06.796126-06:00 c0-0c1s0n2 System Boot Control: Running PATH1268
2015-02-13T13:20:06.821278-06:00 c0-0c1s0n2 7[?25l[1A
2015-02-13T13:20:06.821295-06:00 c0-0c1s0n2 [8
2015-02-13T13:20:06.821300-06:00 c0-0c1s0n2 INIT: Entering runlevel: 3
2015-02-13T13:20:06.846604-06:00 c0-0c1s0n2 Master Resource Control: previous runlevel: N, switching to runlevel: 
2015-02-13T13:20:06.846612-06:00 c0-0c1s0n2 [80C[10D[1m3[m
2015-02-13T13:20:06.846787-06:00 c0-0c1s0n2 Starting batchlimitd
2015-02-13T13:20:06.897047-06:00 c0-0c1s0n2 [m[?25hLoading nic compatibility device7[?25l
2015-02-13T13:20:06.897056-06:00 c0-0c1s0n2 [80C[10D[1;32mdone[m8[?25h
2015-02-13T13:20:07.010117-06:00 c0-0c1s0n2 [m[?25hbpmcd_init: Power statistics available in PATH1240
2015-02-13T13:20:07.050684-06:00 c0-0c1s0n2 [m[?25hStarting D-Bus daemon7[?25l
2015-02-13T13:20:07.050695-06:00 c0-0c1s0n2 [80C[10D[1;32mdone[m8[?25h
2015-02-13T13:20:07.083981-06:00 c0-0c1s0n2 [m[?25hiSCSI Enterprise Target Software - version trunk
2015-02-13T13:20:07.109231-06:00 c0-0c1s0n2 iscsi_trgt: Registered io type fileio
2015-02-13T13:20:07.109255-06:00 c0-0c1s0n2 iscsi_trgt: Registered io type blockio
2015-02-13T13:20:07.109294-06:00 c0-0c1s0n2 iscsi_trgt: Registered io type nullio
2015-02-13T13:20:07.159687-06:00 c0-0c1s0n2 [m[?25hLNet: HW CPU cores: 16, npartitions: 4
2015-02-13T13:20:12.179368-06:00 c0-0c1s0n2 PATH3933: line 179: lctl: command not found
2015-02-13T13:20:12.204560-06:00 c0-0c1s0n2 [m[?25hRemoving old kernel packages...
2015-02-13T13:20:12.229770-06:00 c0-0c1s0n2 rm: cannot remove `PATH1269': Read-only file system
2015-02-13T13:20:12.229794-06:00 c0-0c1s0n2 PATH1270: multiversion.kernels not configured in PATH1271, exiting.
2015-02-13T13:20:12.229813-06:00 c0-0c1s0n2 7[?25l
2015-02-13T13:20:12.229818-06:00 c0-0c1s0n2 [80C[10D[1;32mdone[m8[?25h
2015-02-13T13:20:12.254964-06:00 c0-0c1s0n2 [m[?25hInitializing random number generator7[?25l
2015-02-13T13:20:12.254974-06:00 c0-0c1s0n2 [80C[10D[1;32mdone[m8[?25h
2015-02-13T13:20:13.363606-06:00 c0-0c1s0n2 [m[?25hmlx4_core 0000:03:00.0: PCI INT A disabled
2015-02-13T13:20:15.589782-06:00 c0-0c1s0n2 mlx4_core 0000:02:00.0: PCI INT A disabled
2015-02-13T13:20:15.729403-06:00 c0-0c1s0n2 Compat-rdma backport release: ac916cb
2015-02-13T13:20:15.729413-06:00 c0-0c1s0n2 Backport based on git:PATH1237 5268562
2015-02-13T13:20:15.769338-06:00 c0-0c1s0n2 compat.git: git:PATH1237
2015-02-13T13:20:15.769364-06:00 c0-0c1s0n2 mlx4_core: Mellanox ConnectX core driver v1.1 (Dec, 2011)
2015-02-13T13:20:15.769379-06:00 c0-0c1s0n2 mlx4_core: Initializing 0000:02:00.0
2015-02-13T13:20:15.769398-06:00 c0-0c1s0n2 mlx4_core 0000:02:00.0: PCI INT A -> GSI 40 (level, low) -> IRQ 40
2015-02-13T13:20:23.998174-06:00 c0-0c1s0n2 mlx4_core 0000:02:00.0: 64B PATH1239 supported by the device but not enabled
2015-02-13T13:20:24.661446-06:00 c0-0c1s0n2 mlx4_core: Initializing 0000:03:00.0
2015-02-13T13:20:24.686659-06:00 c0-0c1s0n2 mlx4_core 0000:03:00.0: PCI INT A -> GSI 42 (level, low) -> IRQ 42
2015-02-13T13:20:33.014538-06:00 c0-0c1s0n2 mlx4_core 0000:03:00.0: 64B PATH1239 supported by the device but not enabled
2015-02-13T13:20:33.688459-06:00 c0-0c1s0n2 <mlx4_ib> mlx4_ib_add: mlx4_ib: Mellanox ConnectX InfiniBand driver v1.0 (April 4, 2008)
2015-02-13T13:20:33.900239-06:00 c0-0c1s0n2 Loading HCA driver and Access Layer:[60G[  [1;32mOK[0;39m  ]
2015-02-13T13:20:33.900274-06:00 c0-0c1s0n2 Setting up InfiniBand network interfaces:
2015-02-13T13:20:34.526346-06:00 c0-0c1s0n2    ib0       device: Mellanox Technologies MT27500 Family [ConnectX-3]
2015-02-13T13:20:34.809330-06:00 c0-0c1s0n2 ib0: multicast join failed for ff12:401b:ffff:0000:0000:0000:ffff:ffff, status -22
2015-02-13T13:20:34.809343-06:00 c0-0c1s0n2 ADDRCONF(NETDEV_UP): ib0: link is not ready
2015-02-13T13:20:35.881274-06:00 c0-0c1s0n2 ib0: enabling connected mode will cause multicast packet drops
2015-02-13T13:20:35.881302-06:00 c0-0c1s0n2 ib0: mtu > 4092 will cause multicast packet drops.
2015-02-13T13:20:35.881364-06:00 c0-0c1s0n2 Bringing up interface ib0:[60G[  [1;32mOK[0;39m  ]
2015-02-13T13:20:35.881395-06:00 c0-0c1s0n2 No configuration found for ib1
2015-02-13T13:20:36.882040-06:00 c0-0c1s0n2 ib1: enabling connected mode will cause multicast packet drops
2015-02-13T13:20:36.882085-06:00 c0-0c1s0n2 ib1: mtu > 4092 will cause multicast packet drops.
2015-02-13T13:20:36.936036-06:00 c0-0c1s0n2    ib2       device: Mellanox Technologies MT27500 Family [ConnectX-3]
2015-02-13T13:20:36.996693-06:00 c0-0c1s0n2 ADDRCONF(NETDEV_UP): ib2: link is not ready
2015-02-13T13:20:36.996770-06:00 c0-0c1s0n2 ADDRCONF(NETDEV_CHANGE): ib2: link becomes ready
2015-02-13T13:20:39.466397-06:00 c0-0c1s0n2 ADDRCONF(NETDEV_CHANGE): ib0: link becomes ready
2015-02-13T13:20:40.083774-06:00 c0-0c1s0n2 ib2: enabling connected mode will cause multicast packet drops
2015-02-13T13:20:40.083784-06:00 c0-0c1s0n2 ib2: mtu > 2044 will cause multicast packet drops.
2015-02-13T13:20:40.108954-06:00 c0-0c1s0n2 Bringing up interface ib2:[60G[  [1;32mOK[0;39m  ]
2015-02-13T13:20:40.108975-06:00 c0-0c1s0n2 No configuration found for ib3
2015-02-13T13:20:41.133410-06:00 c0-0c1s0n2 ib3: enabling connected mode will cause multicast packet drops
2015-02-13T13:20:41.133451-06:00 c0-0c1s0n2 ib3: mtu > 4092 will cause multicast packet drops.
2015-02-13T13:20:41.133495-06:00 c0-0c1s0n2 Setting up service network . . .[60G[  [0;39mdone[0;39m  ]
2015-02-13T13:20:41.452277-06:00 c0-0c1s0n2 [m[?25hSetting up (localfs) network interfaces:
2015-02-13T13:20:41.585706-06:00 c0-0c1s0n2    lo        
2015-02-13T13:20:41.636134-06:00 c0-0c1s0n2    lo        IP address: PATH1272   
2015-02-13T13:20:41.636156-06:00 c0-0c1s0n2              IP address: PATH1273   
2015-02-13T13:20:41.773637-06:00 c0-0c1s0n2 7[?25l[1A
2015-02-13T13:20:41.773642-06:00 c0-0c1s0n2 [80C[10D[1;32mdone[m8[?25h    ib0       device: Mellanox Technologies MT27500 Family 
2015-02-13T13:20:41.834143-06:00 c0-0c1s0n2    ib0       IP address: PATH4849   
2015-02-13T13:20:41.995345-06:00 c0-0c1s0n2 7[?25l[1A
2015-02-13T13:20:41.995355-06:00 c0-0c1s0n2 [80C[10D[1;32mdone[m8[?25h    ib1       device: Mellanox Technologies MT27500 Family 
2015-02-13T13:20:42.020544-06:00 c0-0c1s0n2              No configuration found for ib1
2015-02-13T13:20:42.057503-06:00 c0-0c1s0n2 7[?25l[1A
2015-02-13T13:20:42.057521-06:00 c0-0c1s0n2 [80C[10D[1munused[m8[?25h    ib2       device: Mellanox Technologies MT27500 Family 
2015-02-13T13:20:42.121864-06:00 c0-0c1s0n2    ib2       IP address: PATH4850   
2015-02-13T13:20:42.280670-06:00 c0-0c1s0n2 7[?25l[1A
2015-02-13T13:20:42.280685-06:00 c0-0c1s0n2 [80C[10D[1;32mdone[m8[?25h    ib3       device: Mellanox Technologies MT27500 Family 
2015-02-13T13:20:42.305902-06:00 c0-0c1s0n2              No configuration found for ib3
2015-02-13T13:20:42.331110-06:00 c0-0c1s0n2 7[?25l[1A
2015-02-13T13:20:42.331121-06:00 c0-0c1s0n2 [80C[10D[1munused[m8[?25h    ipogif0   
2015-02-13T13:20:42.356332-06:00 c0-0c1s0n2              No configuration found for ipogif0
2015-02-13T13:20:42.381609-06:00 c0-0c1s0n2 7[?25l[1A
2015-02-13T13:20:42.381619-06:00 c0-0c1s0n2 [80C[10D[1munused[m8[?25hSetting up service (localfs) network  .  .  .  .  .  .  .  .  .  .7[?25l
2015-02-13T13:20:42.381625-06:00 c0-0c1s0n2 [80C[10D[1;32mdone[m8[?25h
2015-02-13T13:20:42.406820-06:00 c0-0c1s0n2 [m[?25hCould not start BND as this is not the boot node.
2015-02-13T13:20:42.406843-06:00 c0-0c1s0n2 bootnodes are: 1 1 
2015-02-13T13:20:42.406852-06:00 c0-0c1s0n2 mynid=66
2015-02-13T13:20:42.432807-06:00 c0-0c1s0n2 [m[?25hS04cray-config-service: Mounting 9p configuration directory. 
2015-02-13T13:20:43.439535-06:00 c0-0c1s0n2 S04cray-config-service:   Success.  
2015-02-13T13:20:43.498322-06:00 c0-0c1s0n2 [m[?25h[m[?25hStarting hw_info_init on 66
2015-02-13T13:20:43.523547-06:00 c0-0c1s0n2 bootnodes are: 1 1 
2015-02-13T13:20:43.523573-06:00 c0-0c1s0n2 mynid=66
2015-02-13T13:20:43.929707-06:00 c0-0c1s0n2 [m[?25h[m[?25h 
2015-02-13T13:20:43.954951-06:00 c0-0c1s0n2 cray-syslog: **WARNING**  PATH1274 MAY require hard and soft file limits 
2015-02-13T13:20:43.954986-06:00 c0-0c1s0n2 cray-syslog:              greater or equal to 8192 for proper LLM operation 
2015-02-13T13:20:43.954996-06:00 c0-0c1s0n2 cray-syslog:              when large number of jobs are launched concurrently.
2015-02-13T13:20:43.955007-06:00 c0-0c1s0n2 cray-syslog:              If you have failures running large number of concurrent jobs,
2015-02-13T13:20:43.955015-06:00 c0-0c1s0n2 cray-syslog:              you may wish to update the hard and soft nofile entries in 
2015-02-13T13:20:43.955056-06:00 c0-0c1s0n2 cray-syslog:              limits.conf as follows.
2015-02-13T13:20:43.955062-06:00 c0-0c1s0n2 
2015-02-13T13:20:43.955090-06:00 c0-0c1s0n2 cray-syslog: PATH1274: 
2015-02-13T13:20:43.955119-06:00 c0-0c1s0n2 cray-syslog: *  soft  nofile  8192
2015-02-13T13:20:43.993336-06:00 c0-0c1s0n2 cray-syslog: *  hard  nofile  8192
2015-02-13T13:20:43.993362-06:00 c0-0c1s0n2 
2015-02-13T13:20:44.938434-06:00 c0-0c1s0n2 cray-syslog: rsyslogd started as process 7952.
2015-02-13T13:20:45.953270-06:00 c0-0c1s0n2 cray-syslog: llmrd started as process  7965.
2015-02-13T13:20:46.028968-06:00 c0-0c1s0n2 [m[?25h[m[?25hStarting auditd startproc:  exit status of parent of PATH1275: 6
2015-02-13T13:20:46.029018-06:00 c0-0c1s0n2 7[?25l
2015-02-13T13:20:46.029027-06:00 c0-0c1s0n2 [80C[10D[1;32mdone[m8[?25h
2015-02-13T13:20:46.115823-06:00 c0-0c1s0n2 [m[?25hStarting haveged daemon 7[?25l
2015-02-13T13:20:46.115832-06:00 c0-0c1s0n2 [80C[10D[1;32mdone[m8[?25h
2015-02-13T13:20:46.166297-06:00 c0-0c1s0n2 [m[?25hStarting rpcbind 7[?25l
2015-02-13T13:20:46.166306-06:00 c0-0c1s0n2 [80C[10D[1;32mdone[m8[?25h
2015-02-13T13:20:46.166333-06:00 c0-0c1s0n2 [m[?25hbootnodes are: 1 1 
2015-02-13T13:20:46.191516-06:00 c0-0c1s0n2 mynid=66
2015-02-13T13:20:46.216723-06:00 c0-0c1s0n2 [m[?25hNot starting NFS client services - no NFS found in PATH1276:
2015-02-13T13:20:46.216734-06:00 c0-0c1s0n2 [80C[10D[1munused[m
2015-02-13T13:20:46.241974-06:00 c0-0c1s0n2 [m[?25hStarting DVS service: DVS: Revision 1873 - Built: Sep 17 2014 @ 06:40:29 for lnet version 2.5
2015-02-13T13:20:46.292567-06:00 c0-0c1s0n2 Lustre: kgnilnd build version: 2.5-trunk-1.0502.17198.8.51-abuild-RB-5.2UP02_2.5.1-2014-09-17-06:59
2015-02-13T13:20:46.368127-06:00 c0-0c1s0n2 LNet: Added LNI 66@gni [PATH1244]
2015-02-13T13:20:46.418536-06:00 c0-0c1s0n2 LNet: Added LNI IPADDR70@o2ib [PATH4808]
2015-02-13T13:20:46.582398-06:00 c0-0c1s0n2 7[?25l
2015-02-13T13:20:46.582414-06:00 c0-0c1s0n2 [80C[10D[1;32mdone[m8[?25h
2015-02-13T13:20:46.772898-06:00 c0-0c1s0n2 [m[?25hStarting java.binfmt_misc 7[?25l
2015-02-13T13:20:46.772908-06:00 c0-0c1s0n2 [80C[10D[1;32mdone[m8[?25h
2015-02-13T13:20:46.772914-06:00 c0-0c1s0n2 [m[?25hStarting mcelog... 7[?25l
2015-02-13T13:20:46.772919-06:00 c0-0c1s0n2 [80C[10D[1;32mdone[m8[?25h
2015-02-13T13:20:46.813958-06:00 c0-0c1s0n2 [m[?25hSetting up (remotefs) network interfaces:
2015-02-13T13:20:46.930912-06:00 c0-0c1s0n2    sit0      
2015-02-13T13:20:46.956165-06:00 c0-0c1s0n2              No configuration found for sit0
2015-02-13T13:20:46.981369-06:00 c0-0c1s0n2 7[?25l[1A
2015-02-13T13:20:46.981379-06:00 c0-0c1s0n2 [80C[10D[1munused[m8[?25hSetting up service (remotefs) network  .  .  .  .  .  .  .  .  .  .7[?25l
2015-02-13T13:20:46.981385-06:00 c0-0c1s0n2 [80C[10D[1;32mdone[m8[?25h
2015-02-13T13:20:47.015801-06:00 c0-0c1s0n2 [80C[10D[1;32mdone[m8[?25h
2015-02-13T13:20:47.057597-06:00 c0-0c1s0n2 [m[?25hsdbnodes are: 137 137 
2015-02-13T13:20:47.082815-06:00 c0-0c1s0n2 mynid=66
2015-02-13T13:20:47.133278-06:00 c0-0c1s0n2 [m[?25hStarting network time protocol daemon (NTPD)7[?25l
2015-02-13T13:20:47.133288-06:00 c0-0c1s0n2 [80C[10D[1;32mdone[m8[?25h
2015-02-13T13:20:47.187741-06:00 c0-0c1s0n2 [m[?25hStarting MUNGE: munged7[?25l
2015-02-13T13:20:47.187755-06:00 c0-0c1s0n2 [80C[10D[1;32mdone[m8[?25h
2015-02-13T13:20:47.263962-06:00 c0-0c1s0n2 [m[?25h[m[?25h[m[?25hStarting Name Service Cache Daemon7[?25l
2015-02-13T13:20:47.263972-06:00 c0-0c1s0n2 [80C[10D[1;32mdone[m8[?25h
2015-02-13T13:20:47.289169-06:00 c0-0c1s0n2 [m[?25hEnabling Linux Jobs
2015-02-13T13:20:47.314396-06:00 c0-0c1s0n2 [m[?25hStarting alps services
2015-02-13T13:20:47.840064-06:00 c0-0c1s0n2 mkdir: cannot create directory `PATH1277': Read-only file system
2015-02-13T13:20:47.840088-06:00 c0-0c1s0n2 no ALPS daemon will be started on node nid00066.
2015-02-13T13:20:48.313119-06:00 c0-0c1s0n2 [m[?25h<node_health> Starting node_health_recovery
2015-02-13T13:20:48.353804-06:00 c0-0c1s0n2 [m[?25hsdbnodes are: 137 137 
2015-02-13T13:20:48.353847-06:00 c0-0c1s0n2 mynid=66
2015-02-13T13:20:48.353884-06:00 c0-0c1s0n2 [m[?25hblogd: no message logging because PATH1262 file system is not accessible
2015-02-13T13:20:48.353902-06:00 c0-0c1s0n2 Boot event: Starting
2015-02-13T13:20:48.379019-06:00 c0-0c1s0n2 Sending ec_node_info with boot code 8 (NODE_INFO_OS_BOOT_SUCCEEDED) for nid 66
2015-02-13T13:20:48.379044-06:00 c0-0c1s0n2 [m[?25hMaster Resource Control: runlevel 3 has been 
2015-02-13T13:20:48.379050-06:00 c0-0c1s0n2 [80C[10D[1mreached[m
2015-02-13T13:20:48.421371-06:00 c0-0c1s0n2 Failed services in runlevel 3: [80C[11D[1;31mlnet[m
2015-02-13T13:20:48.421398-06:00 c0-0c1s0n2 Skipped services in runlevel 3: [80C[10D[1;33mnfs[m
2015-02-13T13:20:48.421408-06:00 c0-0c1s0n2 INIT: no more processes left in this runlevel
2015-02-13T13:11:16.015045-06:00 c0-0c1s8n2 ERROR: Type:2; Severity:80; Class:3; Subclass:D; Operation: 2
2015-02-13T13:21:36.995915-06:00 c0-0c1s8n2 Wait4Boot: WRITE: 523 bytes to memory @ 0x90CD0 ... complete
2015-02-13T13:21:36.995924-06:00 c0-0c1s8n2 Wait4Boot: Blade Controller Boot Protocol version - 1
2015-02-13T13:21:36.995937-06:00 c0-0c1s8n2 Wait4Boot: JUMP: KernelStart 0x100000, boot_params 0x90000, CmdLineAddr 0x90CD0
2015-02-13T13:21:36.995945-06:00 c0-0c1s8n2 OnExitBootServices..
2015-02-13T13:21:36.995993-06:00 c0-0c1s8n2 ConfigureXhciAtBoot() Start
2015-02-13T13:21:36.996033-06:00 c0-0c1s8n2 ConfigureXhciAtBoot() End
2015-02-13T13:21:36.996041-06:00 c0-0c1s8n2 (Wdt) RunWdtBeforeOsBoot
2015-02-13T13:21:36.996065-06:00 c0-0c1s8n2 (Wdt) DisableTimer
2015-02-13T13:21:40.495837-06:00 c0-0c1s8n2 Crypto Lib Callback.
2015-02-13T13:21:40.495848-06:00 c0-0c1s8n2 Heap addr before Virtual MemFixup = 7bacb018, After = 7bacb018
2015-02-13T13:21:40.495858-06:00 c0-0c1s8n2 NvramSmi Go Virtual
2015-02-13T13:21:40.495862-06:00 c0-0c1s8n2 Stopping all external HCs
2015-02-13T13:21:40.495867-06:00 c0-0c1s8n2 stopping all HC type 40:
2015-02-13T13:21:49.651851-06:00 c0-0c1s8n2 i8042: No controller found
2015-02-13T13:21:53.823207-06:00 c0-0c1s8n2 Sending ec_node_info with boot code 0 (NODE_INFO_OS_BOOT) for nid 98
2015-02-13T13:21:53.823215-06:00 c0-0c1s8n2 net.core.rmem_max = 16777216
2015-02-13T13:21:53.823225-06:00 c0-0c1s8n2 net.core.wmem_max = 16777216
2015-02-13T13:21:53.823233-06:00 c0-0c1s8n2 net.core.rmem_default = 16777216
2015-02-13T13:21:53.823242-06:00 c0-0c1s8n2 net.core.wmem_default = 16777216
2015-02-13T13:21:53.823250-06:00 c0-0c1s8n2 net.core.optmem_max = 16777216
2015-02-13T13:21:53.823258-06:00 c0-0c1s8n2 net.ipv4.tcp_mem = 16777216 16777216 16777216
2015-02-13T13:21:53.823281-06:00 c0-0c1s8n2 net.ipv4.tcp_rmem = 4096 87380 16777216
2015-02-13T13:21:53.823296-06:00 c0-0c1s8n2 net.ipv4.tcp_wmem = 4096 65536 16777216
2015-02-13T13:21:53.823315-06:00 c0-0c1s8n2 nid 98: Linux version 3.0.101-0.31.1_1.0502.8394-cray_ari_c (abuild@cfosbld02) (gcc version 4.3.4 [gcc-4_3-branch revision 152973] (SUSE Linux) ) #1 SMP Wed Sep 10 04:09:26 UTC 2014
2015-02-13T13:21:53.823324-06:00 c0-0c1s8n2 starting pid 6929, tty '': 'PATH3974'
2015-02-13T13:21:53.823339-06:00 c0-0c1s8n2 bpmcd_init: Power statistics available in PATH1240
2015-02-13T13:21:53.823349-06:00 c0-0c1s8n2 DVS: Revision 1873 - Built: Sep 17 2014 @ 06:40:25 for lnet version 2.5
2015-02-13T13:21:53.823356-06:00 c0-0c1s8n2 LNet: HW CPU cores: 64, npartitions: 8
2015-02-13T13:21:58.480398-06:00 c0-0c1s8n2 Lustre: kgnilnd build version: 2.5-trunk-1.0502.17198.8.57-abuild-RB-5.2UP02_2.5.1-2014-09-17-06:43
2015-02-13T13:21:58.606698-06:00 c0-0c1s8n2 LNet: Added LNI 98@gni [PATH4853]
2015-02-13T13:22:14.858189-06:00 c0-0c1s8n2 mcelog: Family 6 Model 3f CPU: only decoding architectural errors
2015-02-13T13:22:14.858201-06:00 c0-0c1s8n2 SGI XPMEM kernel module v2.2 loaded
2015-02-13T13:22:14.858212-06:00 c0-0c1s8n2 <node_health> (xtnhd) xtnhd has started
2015-02-13T13:22:14.858248-06:00 c0-0c1s8n2 boot_freemem data calculated:  130106636
2015-02-13T13:11:11.419240-06:00 c0-0c0s2n1 ERROR: Type:2; Severity:80; Class:3; Subclass:D; Operation: 2
2015-02-13T13:19:36.162637-06:00 c0-0c0s2n1 Wait4Boot: WRITE: 533 bytes to memory @ 0x90CD0 ... complete
2015-02-13T13:19:36.162647-06:00 c0-0c0s2n1 Wait4Boot: Blade Controller Boot Protocol version - 1
2015-02-13T13:19:36.162653-06:00 c0-0c0s2n1 Wait4Boot: JUMP: KernelStart 0x100000, boot_params 0x90000, CmdLineAddr 0x90CD0
2015-02-13T13:19:36.220248-06:00 c0-0c0s2n1 Decompressing Linux... Parsing ELF... done.
2015-02-13T13:19:36.220407-06:00 c0-0c0s2n1 Booting the kernel.
2015-02-13T13:19:36.220502-06:00 c0-0c0s2n1 Initializing cgroup subsys cpuset
2015-02-13T13:19:36.220648-06:00 c0-0c0s2n1 Initializing cgroup subsys cpu
