2015-02-12T15:28:39.327296-06:00 c0-0c2s12n1 ERROR: Type:2; Severity:80; Class:3; Subclass:D; Operation: 2
2015-02-12T15:39:09.039671-06:00 c0-0c2s12n1 Wait4Boot: WRITE: 523 bytes to memory @ 0x90CD0 ... complete
2015-02-12T15:39:09.039679-06:00 c0-0c2s12n1 Wait4Boot: Blade Controller Boot Protocol version - 1
2015-02-12T15:39:09.039686-06:00 c0-0c2s12n1 Wait4Boot: JUMP: KernelStart 0x100000, boot_params 0x90000, CmdLineAddr 0x90CD0
2015-02-12T15:39:09.039695-06:00 c0-0c2s12n1 OnExitBootServices..
2015-02-12T15:39:09.039703-06:00 c0-0c2s12n1 ConfigureXhciAtBoot() Start
2015-02-12T15:39:09.039711-06:00 c0-0c2s12n1 ConfigureXhciAtBoot() End
2015-02-12T15:39:09.039717-06:00 c0-0c2s12n1 (Wdt) RunWdtBeforeOsBoot
2015-02-12T15:39:09.039727-06:00 c0-0c2s12n1 (Wdt) DisableTimer
2015-02-12T15:39:12.057747-06:00 c0-0c2s12n1 Crypto Lib Callback.
2015-02-12T15:39:12.082659-06:00 c0-0c2s12n1 Heap addr before Virtual MemFixup = 7bacb018, After = 7bacb018
2015-02-12T15:39:12.082833-06:00 c0-0c2s12n1 NvramSmi Go Virtual
2015-02-12T15:39:12.234339-06:00 c0-0c2s12n1 Stopping all external HCs
2015-02-12T15:39:12.234487-06:00 c0-0c2s12n1 stopping all HC type 40:
2015-02-12T15:39:21.687278-06:00 c0-0c2s12n1 i8042: No controller found
2015-02-12T15:39:25.760521-06:00 c0-0c2s12n1 Sending ec_node_info with boot code 0 (NODE_INFO_OS_BOOT) for nid 177
2015-02-12T15:39:25.760529-06:00 c0-0c2s12n1 net.core.rmem_max = 16777216
2015-02-12T15:39:25.760534-06:00 c0-0c2s12n1 net.core.wmem_max = 16777216
2015-02-12T15:39:25.760539-06:00 c0-0c2s12n1 net.core.rmem_default = 16777216
2015-02-12T15:39:25.760548-06:00 c0-0c2s12n1 net.core.wmem_default = 16777216
2015-02-12T15:39:25.760555-06:00 c0-0c2s12n1 net.core.optmem_max = 16777216
2015-02-12T15:39:25.760566-06:00 c0-0c2s12n1 net.ipv4.tcp_mem = 16777216 16777216 16777216
2015-02-12T15:39:25.760572-06:00 c0-0c2s12n1 net.ipv4.tcp_rmem = 4096 87380 16777216
2015-02-12T15:39:25.760577-06:00 c0-0c2s12n1 net.ipv4.tcp_wmem = 4096 65536 16777216
2015-02-12T15:39:25.760582-06:00 c0-0c2s12n1 nid 177: Linux version 3.0.101-0.31.1_1.0502.8394-cray_ari_c (abuild@cfosbld02) (gcc version 4.3.4 [gcc-4_3-branch revision 152973] (SUSE Linux) ) #1 SMP Wed Sep 10 04:09:26 UTC 2014
2015-02-12T15:39:25.760596-06:00 c0-0c2s12n1 starting pid 6928, tty '': 'PATH3974'
2015-02-12T15:39:25.760604-06:00 c0-0c2s12n1 bpmcd_init: Power statistics available in PATH1240
2015-02-12T15:39:25.760615-06:00 c0-0c2s12n1 DVS: Revision 1873 - Built: Sep 17 2014 @ 06:40:25 for lnet version 2.5
2015-02-12T15:39:25.760624-06:00 c0-0c2s12n1 LNet: HW CPU cores: 64, npartitions: 8
2015-02-12T15:39:29.735030-06:00 c0-0c2s12n1 Lustre: kgnilnd build version: 2.5-trunk-1.0502.17198.8.57-abuild-RB-5.2UP02_2.5.1-2014-09-17-06:43
2015-02-12T15:39:29.861240-06:00 c0-0c2s12n1 LNet: Added LNI 177@gni [PATH4853]
2015-02-12T15:39:45.873511-06:00 c0-0c2s12n1 mcelog: Family 6 Model 3f CPU: only decoding architectural errors
2015-02-12T15:39:45.873756-06:00 c0-0c2s12n1 SGI XPMEM kernel module v2.2 loaded
2015-02-12T15:39:45.925040-06:00 c0-0c2s12n1 <node_health> (xtnhd) xtnhd has started
2015-02-12T15:39:46.119060-06:00 c0-0c2s12n1 boot_freemem data calculated:  130102772
2015-02-12T15:28:41.323498-06:00 c0-0c0s7n2 ERROR: Type:2; Severity:80; Class:3; Subclass:D; Operation: 2
2015-02-12T15:39:08.938464-06:00 c0-0c0s7n2 Wait4Boot: WRITE: 523 bytes to memory @ 0x90CD0 ... complete
2015-02-12T15:39:08.938472-06:00 c0-0c0s7n2 Wait4Boot: Blade Controller Boot Protocol version - 1
2015-02-12T15:39:08.938479-06:00 c0-0c0s7n2 Wait4Boot: JUMP: KernelStart 0x100000, boot_params 0x90000, CmdLineAddr 0x90CD0
2015-02-12T15:39:08.938485-06:00 c0-0c0s7n2 OnExitBootServices..
2015-02-12T15:39:09.016052-06:00 c0-0c0s7n2 ConfigureXhciAtBoot() Start
2015-02-12T15:39:09.038678-06:00 c0-0c0s7n2 ConfigureXhciAtBoot() End
2015-02-12T15:39:09.039487-06:00 c0-0c0s7n2 (Wdt) RunWdtBeforeOsBoot
2015-02-12T15:39:09.040254-06:00 c0-0c0s7n2 (Wdt) DisableTimer
2015-02-12T15:39:12.083238-06:00 c0-0c0s7n2 Crypto Lib Callback.
2015-02-12T15:39:12.108266-06:00 c0-0c0s7n2 Heap addr before Virtual MemFixup = 7bacb018, After = 7bacb018
2015-02-12T15:39:12.108372-06:00 c0-0c0s7n2 NvramSmi Go Virtual
2015-02-12T15:39:12.259776-06:00 c0-0c0s7n2 Stopping all external HCs
2015-02-12T15:39:12.259983-06:00 c0-0c0s7n2 stopping all HC type 40:
2015-02-12T15:39:21.788180-06:00 c0-0c0s7n2 i8042: No controller found
2015-02-12T15:39:25.993067-06:00 c0-0c0s7n2 Sending ec_node_info with boot code 0 (NODE_INFO_OS_BOOT) for nid 30
2015-02-12T15:39:25.993075-06:00 c0-0c0s7n2 net.core.rmem_max = 16777216
2015-02-12T15:39:25.993080-06:00 c0-0c0s7n2 net.core.wmem_max = 16777216
2015-02-12T15:39:25.993084-06:00 c0-0c0s7n2 net.core.rmem_default = 16777216
2015-02-12T15:39:25.993090-06:00 c0-0c0s7n2 net.core.wmem_default = 16777216
2015-02-12T15:39:25.993096-06:00 c0-0c0s7n2 net.core.optmem_max = 16777216
2015-02-12T15:39:25.993101-06:00 c0-0c0s7n2 net.ipv4.tcp_mem = 16777216 16777216 16777216
2015-02-12T15:39:25.993106-06:00 c0-0c0s7n2 net.ipv4.tcp_rmem = 4096 87380 16777216
2015-02-12T15:39:25.993114-06:00 c0-0c0s7n2 net.ipv4.tcp_wmem = 4096 65536 16777216
2015-02-12T15:39:26.211198-06:00 c0-0c0s7n2 nid 30: Linux version 3.0.101-0.31.1_1.0502.8394-cray_ari_c (abuild@cfosbld02) (gcc version 4.3.4 [gcc-4_3-branch revision 152973] (SUSE Linux) ) #1 SMP Wed Sep 10 04:09:26 UTC 2014
2015-02-12T15:39:26.236203-06:00 c0-0c0s7n2 starting pid 6941, tty '': 'PATH3974'
2015-02-12T15:39:26.387464-06:00 c0-0c0s7n2 bpmcd_init: Power statistics available in PATH1240
2015-02-12T15:39:26.387589-06:00 c0-0c0s7n2 DVS: Revision 1873 - Built: Sep 17 2014 @ 06:40:25 for lnet version 2.5
2015-02-12T15:39:26.412629-06:00 c0-0c0s7n2 LNet: HW CPU cores: 64, npartitions: 8
2015-02-12T15:39:31.439598-06:00 c0-0c0s7n2 Lustre: kgnilnd build version: 2.5-trunk-1.0502.17198.8.57-abuild-RB-5.2UP02_2.5.1-2014-09-17-06:43
2015-02-12T15:39:31.566730-06:00 c0-0c0s7n2 LNet: Added LNI 30@gni [PATH4853]
2015-02-12T15:39:47.575976-06:00 c0-0c0s7n2 mcelog: Family 6 Model 3f CPU: only decoding architectural errors
2015-02-12T15:39:47.604310-06:00 c0-0c0s7n2 SGI XPMEM kernel module v2.2 loaded
2015-02-12T15:39:47.604899-06:00 c0-0c0s7n2 <node_health> (xtnhd) xtnhd has started
2015-02-12T15:39:47.890468-06:00 c0-0c0s7n2 boot_freemem data calculated:  130103796
2015-02-12T15:28:37.759745-06:00 c0-0c2s2n2 ERROR: Type:2; Severity:80; Class:3; Subclass:D; Operation: 2
2015-02-12T15:37:08.052751-06:00 c0-0c2s2n2 Wait4Boot: WRITE: 533 bytes to memory @ 0x90CD0 ... complete
2015-02-12T15:37:08.052892-06:00 c0-0c2s2n2 Wait4Boot: Blade Controller Boot Protocol version - 1
2015-02-12T15:37:08.077723-06:00 c0-0c2s2n2 Wait4Boot: JUMP: KernelStart 0x100000, boot_params 0x90000, CmdLineAddr 0x90CD0
2015-02-12T15:37:08.205155-06:00 c0-0c2s2n2 Decompressing Linux... Parsing ELF... done.
2015-02-12T15:37:08.230344-06:00 c0-0c2s2n2 Booting the kernel.
2015-02-12T15:37:08.230490-06:00 c0-0c2s2n2 Initializing cgroup subsys cpuset
2015-02-12T15:37:08.230673-06:00 c0-0c2s2n2 Initializing cgroup subsys cpu
2015-02-12T15:37:08.255773-06:00 c0-0c2s2n2 Linux version 3.0.101-0.31.1_1.0502.8394-cray_ari_s (abuild@cfosbld05) (gcc version 4.3.4 [gcc-4_3-branch revision 152973] (SUSE Linux) ) #1 SMP Wed Sep 10 04:03:41 UTC 2014
2015-02-12T15:37:08.333119-06:00 c0-0c2s2n2 Command line: earlyprintk=serial,115200 load_ramdisk=1 ramdisk_size=80000 console=ttyS0,115200n8 bootnodeip=IPADDR13 bootproto=ipog bootpath=PATH1220 rootfs=nfs-shared root=PATH1221 oops=panic bootifnetmask=IPADDR15 elevator=noop ippob1=10 ippob2=128 pcie_ports=native iommu=on intel_iommu=off bad_page=panic pln_enable=off apei_disable hest_disable erst_disable ghes_disable cgroup_disable=memory active_wlm=ALPS sdbnodeip=IPADDR16 sessionid=p0-20150212t152812 _cray=marker_ 
2015-02-12T15:37:08.333272-06:00 c0-0c2s2n2 KERNEL supported cpus:
2015-02-12T15:37:08.372725-06:00 c0-0c2s2n2  Intel GenuineIntel
2015-02-12T15:37:08.372939-06:00 c0-0c2s2n2 BIOS-provided physical RAM map:
2015-02-12T15:37:08.373234-06:00 c0-0c2s2n2 BIOS-e820: 0000000000000000 - 00000000000a0000 (usable)
2015-02-12T15:37:08.381783-06:00 c0-0c2s2n2 BIOS-e820: 0000000000100000 - 000000007e67c000 (usable)
2015-02-12T15:37:08.381993-06:00 c0-0c2s2n2 BIOS-e820: 000000007e67c000 - 000000007e790000 (ACPI NVS)
2015-02-12T15:37:08.420110-06:00 c0-0c2s2n2 BIOS-e820: 000000007e790000 - 000000007f395000 (reserved)
2015-02-12T15:37:08.420316-06:00 c0-0c2s2n2 BIOS-e820: 000000007f395000 - 000000007f410000 (ACPI data)
2015-02-12T15:37:08.420488-06:00 c0-0c2s2n2 BIOS-e820: 000000007f410000 - 000000007f491000 (reserved)
2015-02-12T15:37:08.420695-06:00 c0-0c2s2n2 BIOS-e820: 000000007f491000 - 000000007f493000 (usable)
2015-02-12T15:37:08.460479-06:00 c0-0c2s2n2 BIOS-e820: 000000007f493000 - 000000007f494000 (ACPI NVS)
2015-02-12T15:37:08.460748-06:00 c0-0c2s2n2 BIOS-e820: 000000007f494000 - 000000007f49e000 (reserved)
2015-02-12T15:37:08.460971-06:00 c0-0c2s2n2 BIOS-e820: 000000007f49e000 - 000000007f4a6000 (ACPI NVS)
2015-02-12T15:37:08.461151-06:00 c0-0c2s2n2 BIOS-e820: 000000007f4a6000 - 000000007f4d2000 (reserved)
2015-02-12T15:37:08.461390-06:00 c0-0c2s2n2 BIOS-e820: 000000007f4d2000 - 000000007f558000 (ACPI NVS)
2015-02-12T15:37:08.461635-06:00 c0-0c2s2n2 BIOS-e820: 000000007f558000 - 000000007f800000 (usable)
2015-02-12T15:37:08.500441-06:00 c0-0c2s2n2 BIOS-e820: 0000000080000000 - 0000000090000000 (reserved)
2015-02-12T15:37:08.500677-06:00 c0-0c2s2n2 BIOS-e820: 00000000fed1c000 - 00000000fed20000 (reserved)
2015-02-12T15:37:08.507965-06:00 c0-0c2s2n2 BIOS-e820: 00000000ff000000 - 0000000100000000 (reserved)
2015-02-12T15:37:08.508272-06:00 c0-0c2s2n2 BIOS-e820: 0000000100000000 - 0000001080000000 (usable)
2015-02-12T15:37:08.508458-06:00 c0-0c2s2n2 bootconsole [earlyser0] enabled
2015-02-12T15:37:08.508679-06:00 c0-0c2s2n2 NX (Execute Disable) protection: active
2015-02-12T15:37:08.508831-06:00 c0-0c2s2n2 EFI v2.10 by American Megatrends
2015-02-12T15:37:08.533518-06:00 c0-0c2s2n2 ACPI=0x7f395000  ACPI 2.0=0x7f395000  SMBIOS=0xf04c0  MPS=0xfd450 
2015-02-12T15:37:08.533864-06:00 c0-0c2s2n2 EFI: mem00: type=3, attr=0xf, range=[0x0000000000000000-0x0000000000008000) (0MB)
2015-02-12T15:37:08.558777-06:00 c0-0c2s2n2 EFI: mem01: type=7, attr=0xf, range=[0x0000000000008000-0x0000000000060000) (0MB)
2015-02-12T15:37:08.583675-06:00 c0-0c2s2n2 EFI: mem02: type=3, attr=0xf, range=[0x0000000000060000-0x00000000000a0000) (0MB)
2015-02-12T15:37:08.584035-06:00 c0-0c2s2n2 EFI: mem03: type=7, attr=0xf, range=[0x0000000000100000-0x0000000001000000) (15MB)
2015-02-12T15:37:08.584303-06:00 c0-0c2s2n2 EFI: mem04: type=2, attr=0xf, range=[0x0000000001000000-0x0000000001100000) (1MB)
2015-02-12T15:37:08.609259-06:00 c0-0c2s2n2 EFI: mem05: type=4, attr=0xf, range=[0x0000000001100000-0x00000000017ea000) (6MB)
2015-02-12T15:37:08.609510-06:00 c0-0c2s2n2 EFI: mem06: type=3, attr=0xf, range=[0x00000000017ea000-0x00000000017ee000) (0MB)
2015-02-12T15:37:08.634404-06:00 c0-0c2s2n2 EFI: mem07: type=4, attr=0xf, range=[0x00000000017ee000-0x0000000001886000) (0MB)
2015-02-12T15:37:08.659557-06:00 c0-0c2s2n2 EFI: mem08: type=3, attr=0xf, range=[0x0000000001886000-0x000000000188f000) (0MB)
2015-02-12T15:37:08.659747-06:00 c0-0c2s2n2 EFI: mem09: type=4, attr=0xf, range=[0x000000000188f000-0x0000000001892000) (0MB)
2015-02-12T15:37:08.684722-06:00 c0-0c2s2n2 EFI: mem10: type=3, attr=0xf, range=[0x0000000001892000-0x000000000189e000) (0MB)
2015-02-12T15:37:08.685018-06:00 c0-0c2s2n2 EFI: mem11: type=4, attr=0xf, range=[0x000000000189e000-0x00000000018a9000) (0MB)
2015-02-12T15:37:08.724348-06:00 c0-0c2s2n2 EFI: mem12: type=3, attr=0xf, range=[0x00000000018a9000-0x00000000018ab000) (0MB)
2015-02-12T15:37:08.724535-06:00 c0-0c2s2n2 EFI: mem13: type=4, attr=0xf, range=[0x00000000018ab000-0x00000000018ad000) (0MB)
2015-02-12T15:37:08.724710-06:00 c0-0c2s2n2 EFI: mem14: type=3, attr=0xf, range=[0x00000000018ad000-0x00000000018af000) (0MB)
2015-02-12T15:37:08.764614-06:00 c0-0c2s2n2 EFI: mem15: type=4, attr=0xf, range=[0x00000000018af000-0x00000000018b7000) (0MB)
2015-02-12T15:37:08.764942-06:00 c0-0c2s2n2 EFI: mem16: type=3, attr=0xf, range=[0x00000000018b7000-0x00000000018bb000) (0MB)
2015-02-12T15:37:08.765265-06:00 c0-0c2s2n2 EFI: mem17: type=4, attr=0xf, range=[0x00000000018bb000-0x00000000018bd000) (0MB)
2015-02-12T15:37:08.804393-06:00 c0-0c2s2n2 EFI: mem18: type=3, attr=0xf, range=[0x00000000018bd000-0x00000000018bf000) (0MB)
2015-02-12T15:37:08.804676-06:00 c0-0c2s2n2 EFI: mem19: type=4, attr=0xf, range=[0x00000000018bf000-0x00000000018d1000) (0MB)
2015-02-12T15:37:08.811090-06:00 c0-0c2s2n2 EFI: mem20: type=3, attr=0xf, range=[0x00000000018d1000-0x00000000018d7000) (0MB)
2015-02-12T15:37:08.848398-06:00 c0-0c2s2n2 EFI: mem21: type=4, attr=0xf, range=[0x00000000018d7000-0x00000000018f9000) (0MB)
2015-02-12T15:37:08.848741-06:00 c0-0c2s2n2 EFI: mem22: type=3, attr=0xf, range=[0x00000000018f9000-0x0000000001908000) (0MB)
2015-02-12T15:37:08.848980-06:00 c0-0c2s2n2 EFI: mem23: type=4, attr=0xf, range=[0x0000000001908000-0x0000000001921000) (0MB)
2015-02-12T15:37:08.888474-06:00 c0-0c2s2n2 EFI: mem24: type=3, attr=0xf, range=[0x0000000001921000-0x000000000192b000) (0MB)
2015-02-12T15:37:08.888747-06:00 c0-0c2s2n2 EFI: mem25: type=4, attr=0xf, range=[0x000000000192b000-0x0000000001933000) (0MB)
2015-02-12T15:37:08.889037-06:00 c0-0c2s2n2 EFI: mem26: type=3, attr=0xf, range=[0x0000000001933000-0x0000000001936000) (0MB)
2015-02-12T15:37:08.889312-06:00 c0-0c2s2n2 EFI: mem27: type=4, attr=0xf, range=[0x0000000001936000-0x000000000193b000) (0MB)
2015-02-12T15:37:08.928566-06:00 c0-0c2s2n2 EFI: mem28: type=3, attr=0xf, range=[0x000000000193b000-0x000000000193e000) (0MB)
2015-02-12T15:37:08.928832-06:00 c0-0c2s2n2 EFI: mem29: type=4, attr=0xf, range=[0x000000000193e000-0x0000000001964000) (0MB)
2015-02-12T15:37:08.937524-06:00 c0-0c2s2n2 EFI: mem30: type=3, attr=0xf, range=[0x0000000001964000-0x0000000001968000) (0MB)
2015-02-12T15:37:08.962430-06:00 c0-0c2s2n2 EFI: mem31: type=4, attr=0xf, range=[0x0000000001968000-0x000000000198a000) (0MB)
2015-02-12T15:37:08.962764-06:00 c0-0c2s2n2 EFI: mem32: type=3, attr=0xf, range=[0x000000000198a000-0x00000000019b0000) (0MB)
2015-02-12T15:37:08.987810-06:00 c0-0c2s2n2 EFI: mem33: type=4, attr=0xf, range=[0x00000000019b0000-0x00000000019be000) (0MB)
2015-02-12T15:37:08.988106-06:00 c0-0c2s2n2 EFI: mem34: type=3, attr=0xf, range=[0x00000000019be000-0x00000000019ce000) (0MB)
2015-02-12T15:37:09.013041-06:00 c0-0c2s2n2 EFI: mem35: type=4, attr=0xf, range=[0x00000000019ce000-0x00000000019d0000) (0MB)
2015-02-12T15:37:09.052372-06:00 c0-0c2s2n2 EFI: mem36: type=3, attr=0xf, range=[0x00000000019d0000-0x00000000019d7000) (0MB)
2015-02-12T15:37:09.052674-06:00 c0-0c2s2n2 EFI: mem37: type=4, attr=0xf, range=[0x00000000019d7000-0x00000000019e1000) (0MB)
2015-02-12T15:37:09.052929-06:00 c0-0c2s2n2 EFI: mem38: type=3, attr=0xf, range=[0x00000000019e1000-0x00000000019e5000) (0MB)
2015-02-12T15:37:09.092452-06:00 c0-0c2s2n2 EFI: mem39: type=4, attr=0xf, range=[0x00000000019e5000-0x0000000001a02000) (0MB)
2015-02-12T15:37:09.092724-06:00 c0-0c2s2n2 EFI: mem40: type=3, attr=0xf, range=[0x0000000001a02000-0x0000000001a06000) (0MB)
2015-02-12T15:37:09.092954-06:00 c0-0c2s2n2 EFI: mem41: type=4, attr=0xf, range=[0x0000000001a06000-0x0000000001a0a000) (0MB)
2015-02-12T15:37:09.093223-06:00 c0-0c2s2n2 EFI: mem42: type=3, attr=0xf, range=[0x0000000001a0a000-0x0000000001a1e000) (0MB)
2015-02-12T15:37:09.132394-06:00 c0-0c2s2n2 EFI: mem43: type=4, attr=0xf, range=[0x0000000001a1e000-0x0000000001a22000) (0MB)
2015-02-12T15:37:09.132675-06:00 c0-0c2s2n2 EFI: mem44: type=3, attr=0xf, range=[0x0000000001a22000-0x0000000001a26000) (0MB)
2015-02-12T15:37:09.139526-06:00 c0-0c2s2n2 EFI: mem45: type=4, attr=0xf, range=[0x0000000001a26000-0x0000000001a34000) (0MB)
2015-02-12T15:37:09.176541-06:00 c0-0c2s2n2 EFI: mem46: type=3, attr=0xf, range=[0x0000000001a34000-0x0000000001a3b000) (0MB)
2015-02-12T15:37:09.176819-06:00 c0-0c2s2n2 EFI: mem47: type=4, attr=0xf, range=[0x0000000001a3b000-0x0000000001a42000) (0MB)
2015-02-12T15:37:09.177079-06:00 c0-0c2s2n2 EFI: mem48: type=3, attr=0xf, range=[0x0000000001a42000-0x0000000001a4a000) (0MB)
2015-02-12T15:37:09.216513-06:00 c0-0c2s2n2 EFI: mem49: type=4, attr=0xf, range=[0x0000000001a4a000-0x0000000001a4b000) (0MB)
2015-02-12T15:37:09.216767-06:00 c0-0c2s2n2 EFI: mem50: type=3, attr=0xf, range=[0x0000000001a4b000-0x0000000001a4d000) (0MB)
2015-02-12T15:37:09.217033-06:00 c0-0c2s2n2 EFI: mem51: type=4, attr=0xf, range=[0x0000000001a4d000-0x0000000001a52000) (0MB)
2015-02-12T15:37:09.217287-06:00 c0-0c2s2n2 EFI: mem52: type=3, attr=0xf, range=[0x0000000001a52000-0x0000000001a69000) (0MB)
2015-02-12T15:37:09.256429-06:00 c0-0c2s2n2 EFI: mem53: type=4, attr=0xf, range=[0x0000000001a69000-0x0000000001a6f000) (0MB)
2015-02-12T15:37:09.256708-06:00 c0-0c2s2n2 EFI: mem54: type=3, attr=0xf, range=[0x0000000001a6f000-0x0000000001a70000) (0MB)
2015-02-12T15:37:09.265551-06:00 c0-0c2s2n2 EFI: mem55: type=4, attr=0xf, range=[0x0000000001a70000-0x0000000001a71000) (0MB)
2015-02-12T15:37:09.265816-06:00 c0-0c2s2n2 EFI: mem56: type=3, attr=0xf, range=[0x0000000001a71000-0x0000000001a79000) (0MB)
2015-02-12T15:37:09.290913-06:00 c0-0c2s2n2 EFI: mem57: type=4, attr=0xf, range=[0x0000000001a79000-0x0000000001a7a000) (0MB)
2015-02-12T15:37:09.328457-06:00 c0-0c2s2n2 EFI: mem58: type=3, attr=0xf, range=[0x0000000001a7a000-0x0000000001a83000) (0MB)
2015-02-12T15:37:09.328679-06:00 c0-0c2s2n2 EFI: mem59: type=4, attr=0xf, range=[0x0000000001a83000-0x0000000001a85000) (0MB)
2015-02-12T15:37:09.328869-06:00 c0-0c2s2n2 EFI: mem60: type=3, attr=0xf, range=[0x0000000001a85000-0x0000000001abe000) (0MB)
2015-02-12T15:37:09.368553-06:00 c0-0c2s2n2 EFI: mem61: type=4, attr=0xf, range=[0x0000000001abe000-0x0000000001abf000) (0MB)
2015-02-12T15:37:09.368767-06:00 c0-0c2s2n2 EFI: mem62: type=3, attr=0xf, range=[0x0000000001abf000-0x0000000001acc000) (0MB)
2015-02-12T15:37:09.368944-06:00 c0-0c2s2n2 EFI: mem63: type=4, attr=0xf, range=[0x0000000001acc000-0x0000000001ad7000) (0MB)
2015-02-12T15:37:09.408365-06:00 c0-0c2s2n2 EFI: mem64: type=3, attr=0xf, range=[0x0000000001ad7000-0x0000000001adc000) (0MB)
2015-02-12T15:37:09.408570-06:00 c0-0c2s2n2 EFI: mem65: type=4, attr=0xf, range=[0x0000000001adc000-0x0000000001b60000) (0MB)
2015-02-12T15:37:09.408774-06:00 c0-0c2s2n2 EFI: mem66: type=3, attr=0xf, range=[0x0000000001b60000-0x0000000001b7c000) (0MB)
2015-02-12T15:37:09.417171-06:00 c0-0c2s2n2 EFI: mem67: type=4, attr=0xf, range=[0x0000000001b7c000-0x0000000001b84000) (0MB)
2015-02-12T15:37:09.442251-06:00 c0-0c2s2n2 EFI: mem68: type=3, attr=0xf, range=[0x0000000001b84000-0x0000000001b9c000) (0MB)
2015-02-12T15:37:09.442578-06:00 c0-0c2s2n2 EFI: mem69: type=4, attr=0xf, range=[0x0000000001b9c000-0x000000000b210000) (150MB)
2015-02-12T15:37:09.467613-06:00 c0-0c2s2n2 EFI: mem70: type=3, attr=0xf, range=[0x000000000b210000-0x000000000b216000) (0MB)
2015-02-12T15:37:09.467884-06:00 c0-0c2s2n2 EFI: mem71: type=4, attr=0xf, range=[0x000000000b216000-0x000000000b21f000) (0MB)
2015-02-12T15:37:09.492777-06:00 c0-0c2s2n2 EFI: mem72: type=3, attr=0xf, range=[0x000000000b21f000-0x000000000b235000) (0MB)
2015-02-12T15:37:09.493111-06:00 c0-0c2s2n2 EFI: mem73: type=4, attr=0xf, range=[0x000000000b235000-0x000000000b23b000) (0MB)
2015-02-12T15:37:09.518130-06:00 c0-0c2s2n2 EFI: mem74: type=3, attr=0xf, range=[0x000000000b23b000-0x000000000b23e000) (0MB)
2015-02-12T15:37:09.556405-06:00 c0-0c2s2n2 EFI: mem75: type=4, attr=0xf, range=[0x000000000b23e000-0x000000000b24c000) (0MB)
2015-02-12T15:37:09.556692-06:00 c0-0c2s2n2 EFI: mem76: type=3, attr=0xf, range=[0x000000000b24c000-0x000000000b254000) (0MB)
2015-02-12T15:37:09.556971-06:00 c0-0c2s2n2 EFI: mem77: type=4, attr=0xf, range=[0x000000000b254000-0x000000000b272000) (0MB)
2015-02-12T15:37:09.600622-06:00 c0-0c2s2n2 EFI: mem78: type=3, attr=0xf, range=[0x000000000b272000-0x000000000b279000) (0MB)
2015-02-12T15:37:09.600863-06:00 c0-0c2s2n2 EFI: mem79: type=4, attr=0xf, range=[0x000000000b279000-0x000000000b27d000) (0MB)
2015-02-12T15:37:09.601142-06:00 c0-0c2s2n2 EFI: mem80: type=3, attr=0xf, range=[0x000000000b27d000-0x000000000b281000) (0MB)
2015-02-12T15:37:09.636336-06:00 c0-0c2s2n2 EFI: mem81: type=4, attr=0xf, range=[0x000000000b281000-0x000000000b285000) (0MB)
2015-02-12T15:37:09.636594-06:00 c0-0c2s2n2 EFI: mem82: type=3, attr=0xf, range=[0x000000000b285000-0x000000000b289000) (0MB)
2015-02-12T15:37:09.636862-06:00 c0-0c2s2n2 EFI: mem83: type=4, attr=0xf, range=[0x000000000b289000-0x000000000b295000) (0MB)
2015-02-12T15:37:09.644448-06:00 c0-0c2s2n2 EFI: mem84: type=3, attr=0xf, range=[0x000000000b295000-0x000000000b2dc000) (0MB)
2015-02-12T15:37:09.669524-06:00 c0-0c2s2n2 EFI: mem85: type=4, attr=0xf, range=[0x000000000b2dc000-0x000000000b2de000) (0MB)
2015-02-12T15:37:09.669833-06:00 c0-0c2s2n2 EFI: mem86: type=3, attr=0xf, range=[0x000000000b2de000-0x000000000b2e4000) (0MB)
2015-02-12T15:37:09.708524-06:00 c0-0c2s2n2 EFI: mem87: type=4, attr=0xf, range=[0x000000000b2e4000-0x000000000b2f0000) (0MB)
2015-02-12T15:37:09.708724-06:00 c0-0c2s2n2 EFI: mem88: type=3, attr=0xf, range=[0x000000000b2f0000-0x000000000b2f4000) (0MB)
2015-02-12T15:37:09.748428-06:00 c0-0c2s2n2 EFI: mem89: type=4, attr=0xf, range=[0x000000000b2f4000-0x000000000b301000) (0MB)
2015-02-12T15:37:09.748680-06:00 c0-0c2s2n2 EFI: mem90: type=3, attr=0xf, range=[0x000000000b301000-0x000000000b30a000) (0MB)
2015-02-12T15:37:09.748963-06:00 c0-0c2s2n2 EFI: mem91: type=4, attr=0xf, range=[0x000000000b30a000-0x000000000b30b000) (0MB)
2015-02-12T15:37:09.749224-06:00 c0-0c2s2n2 EFI: mem92: type=3, attr=0xf, range=[0x000000000b30b000-0x000000000b343000) (0MB)
2015-02-12T15:37:09.792435-06:00 c0-0c2s2n2 EFI: mem93: type=4, attr=0xf, range=[0x000000000b343000-0x000000000b351000) (0MB)
2015-02-12T15:37:09.792716-06:00 c0-0c2s2n2 EFI: mem94: type=3, attr=0xf, range=[0x000000000b351000-0x000000000b358000) (0MB)
2015-02-12T15:37:09.793005-06:00 c0-0c2s2n2 EFI: mem95: type=4, attr=0xf, range=[0x000000000b358000-0x000000000b360000) (0MB)
2015-02-12T15:37:09.832345-06:00 c0-0c2s2n2 EFI: mem96: type=3, attr=0xf, range=[0x000000000b360000-0x000000000b368000) (0MB)
2015-02-12T15:37:09.832668-06:00 c0-0c2s2n2 EFI: mem97: type=4, attr=0xf, range=[0x000000000b368000-0x000000000b382000) (0MB)
2015-02-12T15:37:09.832911-06:00 c0-0c2s2n2 EFI: mem98: type=3, attr=0xf, range=[0x000000000b382000-0x000000000b388000) (0MB)
2015-02-12T15:37:09.872510-06:00 c0-0c2s2n2 EFI: mem99: type=4, attr=0xf, range=[0x000000000b388000-0x000000000b3a3000) (0MB)
2015-02-12T15:37:09.872842-06:00 c0-0c2s2n2 EFI: mem100: type=3, attr=0xf, range=[0x000000000b3a3000-0x000000000b3b1000) (0MB)
2015-02-12T15:37:09.873102-06:00 c0-0c2s2n2 EFI: mem101: type=4, attr=0xf, range=[0x000000000b3b1000-0x000000000b3b5000) (0MB)
2015-02-12T15:37:09.873377-06:00 c0-0c2s2n2 EFI: mem102: type=3, attr=0xf, range=[0x000000000b3b5000-0x000000000b3c7000) (0MB)
2015-02-12T15:37:09.912506-06:00 c0-0c2s2n2 EFI: mem103: type=4, attr=0xf, range=[0x000000000b3c7000-0x000000000b45b000) (0MB)
2015-02-12T15:37:09.912812-06:00 c0-0c2s2n2 EFI: mem104: type=3, attr=0xf, range=[0x000000000b45b000-0x000000000b45e000) (0MB)
2015-02-12T15:37:09.922325-06:00 c0-0c2s2n2 EFI: mem105: type=4, attr=0xf, range=[0x000000000b45e000-0x000000000b466000) (0MB)
2015-02-12T15:37:09.947381-06:00 c0-0c2s2n2 EFI: mem106: type=3, attr=0xf, range=[0x000000000b466000-0x000000000b46a000) (0MB)
2015-02-12T15:37:09.947722-06:00 c0-0c2s2n2 EFI: mem107: type=4, attr=0xf, range=[0x000000000b46a000-0x000000000b478000) (0MB)
2015-02-12T15:37:09.988552-06:00 c0-0c2s2n2 EFI: mem108: type=3, attr=0xf, range=[0x000000000b478000-0x000000000b47f000) (0MB)
2015-02-12T15:37:09.988813-06:00 c0-0c2s2n2 EFI: mem109: type=4, attr=0xf, range=[0x000000000b47f000-0x000000000b48e000) (0MB)
2015-02-12T15:37:10.024527-06:00 c0-0c2s2n2 EFI: mem110: type=3, attr=0xf, range=[0x000000000b48e000-0x000000000b492000) (0MB)
2015-02-12T15:37:10.024872-06:00 c0-0c2s2n2 EFI: mem111: type=4, attr=0xf, range=[0x000000000b492000-0x000000000b4b4000) (0MB)
2015-02-12T15:37:10.025222-06:00 c0-0c2s2n2 EFI: mem112: type=3, attr=0xf, range=[0x000000000b4b4000-0x000000000b4b9000) (0MB)
2015-02-12T15:37:10.025329-06:00 c0-0c2s2n2 EFI: mem113: type=4, attr=0xf, range=[0x000000000b4b9000-0x000000000b4c5000) (0MB)
2015-02-12T15:37:10.064487-06:00 c0-0c2s2n2 EFI: mem114: type=7, attr=0xf, range=[0x000000000b4c5000-0x000000000b4c6000) (0MB)
2015-02-12T15:37:10.064753-06:00 c0-0c2s2n2 EFI: mem115: type=4, attr=0xf, range=[0x000000000b4c6000-0x000000000b53a000) (0MB)
2015-02-12T15:37:10.073877-06:00 c0-0c2s2n2 EFI: mem116: type=3, attr=0xf, range=[0x000000000b53a000-0x000000000b54e000) (0MB)
2015-02-12T15:37:10.112580-06:00 c0-0c2s2n2 EFI: mem117: type=4, attr=0xf, range=[0x000000000b54e000-0x000000000b577000) (0MB)
2015-02-12T15:37:10.112856-06:00 c0-0c2s2n2 EFI: mem118: type=3, attr=0xf, range=[0x000000000b577000-0x000000000b580000) (0MB)
2015-02-12T15:37:10.152408-06:00 c0-0c2s2n2 EFI: mem119: type=4, attr=0xf, range=[0x000000000b580000-0x000000000b581000) (0MB)
2015-02-12T15:37:10.152685-06:00 c0-0c2s2n2 EFI: mem120: type=2, attr=0xf, range=[0x000000000b581000-0x000000000b583000) (0MB)
2015-02-12T15:37:10.152877-06:00 c0-0c2s2n2 EFI: mem121: type=7, attr=0xf, range=[0x000000000b583000-0x000000000b585000) (0MB)
2015-02-12T15:37:10.153118-06:00 c0-0c2s2n2 EFI: mem122: type=4, attr=0xf, range=[0x000000000b585000-0x000000000b58f000) (0MB)
2015-02-12T15:37:10.192468-06:00 c0-0c2s2n2 EFI: mem123: type=7, attr=0xf, range=[0x000000000b58f000-0x000000000b598000) (0MB)
2015-02-12T15:37:10.192659-06:00 c0-0c2s2n2 EFI: mem124: type=4, attr=0xf, range=[0x000000000b598000-0x000000000b7ac000) (2MB)
2015-02-12T15:37:10.200046-06:00 c0-0c2s2n2 EFI: mem125: type=7, attr=0xf, range=[0x000000000b7ac000-0x000000000b7ba000) (0MB)
2015-02-12T15:37:10.200300-06:00 c0-0c2s2n2 EFI: mem126: type=1, attr=0xf, range=[0x000000000b7ba000-0x000000000b7cb000) (0MB)
2015-02-12T15:37:10.225307-06:00 c0-0c2s2n2 EFI: mem127: type=7, attr=0xf, range=[0x000000000b7cb000-0x000000007e67c000) (1838MB)
2015-02-12T15:37:10.225521-06:00 c0-0c2s2n2 EFI: mem128: type=10, attr=0xf, range=[0x000000007e67c000-0x000000007e790000) (1MB)
2015-02-12T15:37:10.250548-06:00 c0-0c2s2n2 EFI: mem129: type=0, attr=0xf, range=[0x000000007e790000-0x000000007e792000) (0MB)
2015-02-12T15:37:10.275651-06:00 c0-0c2s2n2 EFI: mem130: type=6, attr=0x800000000000000f, range=[0x000000007e792000-0x000000007f395000) (12MB)
2015-02-12T15:37:10.275988-06:00 c0-0c2s2n2 EFI: mem131: type=9, attr=0xf, range=[0x000000007f395000-0x000000007f410000) (0MB)
2015-02-12T15:37:10.300891-06:00 c0-0c2s2n2 EFI: mem132: type=5, attr=0x800000000000000f, range=[0x000000007f410000-0x000000007f41a000) (0MB)
2015-02-12T15:37:10.301236-06:00 c0-0c2s2n2 EFI: mem133: type=0, attr=0xf, range=[0x000000007f41a000-0x000000007f41c000) (0MB)
2015-02-12T15:37:10.326196-06:00 c0-0c2s2n2 EFI: mem134: type=6, attr=0x800000000000000f, range=[0x000000007f41c000-0x000000007f42d000) (0MB)
2015-02-12T15:37:10.326409-06:00 c0-0c2s2n2 EFI: mem135: type=0, attr=0xf, range=[0x000000007f42d000-0x000000007f43d000) (0MB)
2015-02-12T15:37:10.351449-06:00 c0-0c2s2n2 EFI: mem136: type=6, attr=0x800000000000000f, range=[0x000000007f43d000-0x000000007f45e000) (0MB)
2015-02-12T15:37:10.388518-06:00 c0-0c2s2n2 EFI: mem137: type=5, attr=0x800000000000000f, range=[0x000000007f45e000-0x000000007f462000) (0MB)
2015-02-12T15:37:10.388736-06:00 c0-0c2s2n2 EFI: mem138: type=0, attr=0xf, range=[0x000000007f462000-0x000000007f46b000) (0MB)
2015-02-12T15:37:10.389023-06:00 c0-0c2s2n2 EFI: mem139: type=5, attr=0x800000000000000f, range=[0x000000007f46b000-0x000000007f46d000) (0MB)
2015-02-12T15:37:10.389265-06:00 c0-0c2s2n2 EFI: mem140: type=0, attr=0xf, range=[0x000000007f46d000-0x000000007f471000) (0MB)
2015-02-12T15:37:10.428597-06:00 c0-0c2s2n2 EFI: mem141: type=5, attr=0x800000000000000f, range=[0x000000007f471000-0x000000007f472000) (0MB)
2015-02-12T15:37:10.428868-06:00 c0-0c2s2n2 EFI: mem142: type=6, attr=0x800000000000000f, range=[0x000000007f472000-0x000000007f473000) (0MB)
2015-02-12T15:37:10.429202-06:00 c0-0c2s2n2 EFI: mem143: type=5, attr=0x800000000000000f, range=[0x000000007f473000-0x000000007f476000) (0MB)
2015-02-12T15:37:10.472422-06:00 c0-0c2s2n2 EFI: mem144: type=0, attr=0xf, range=[0x000000007f476000-0x000000007f486000) (0MB)
2015-02-12T15:37:10.472687-06:00 c0-0c2s2n2 EFI: mem145: type=5, attr=0x800000000000000f, range=[0x000000007f486000-0x000000007f491000) (0MB)
2015-02-12T15:37:10.477945-06:00 c0-0c2s2n2 EFI: mem146: type=7, attr=0xf, range=[0x000000007f491000-0x000000007f493000) (0MB)
2015-02-12T15:37:10.502938-06:00 c0-0c2s2n2 EFI: mem147: type=10, attr=0xf, range=[0x000000007f493000-0x000000007f494000) (0MB)
2015-02-12T15:37:10.540333-06:00 c0-0c2s2n2 EFI: mem148: type=6, attr=0x800000000000000f, range=[0x000000007f494000-0x000000007f49b000) (0MB)
2015-02-12T15:37:10.540591-06:00 c0-0c2s2n2 EFI: mem149: type=5, attr=0x800000000000000f, range=[0x000000007f49b000-0x000000007f49e000) (0MB)
2015-02-12T15:37:10.540739-06:00 c0-0c2s2n2 EFI: mem150: type=10, attr=0xf, range=[0x000000007f49e000-0x000000007f4a6000) (0MB)
2015-02-12T15:37:10.580540-06:00 c0-0c2s2n2 EFI: mem151: type=6, attr=0x800000000000000f, range=[0x000000007f4a6000-0x000000007f4a7000) (0MB)
2015-02-12T15:37:10.580722-06:00 c0-0c2s2n2 EFI: mem152: type=5, attr=0x800000000000000f, range=[0x000000007f4a7000-0x000000007f4ab000) (0MB)
2015-02-12T15:37:10.580939-06:00 c0-0c2s2n2 EFI: mem153: type=6, attr=0x800000000000000f, range=[0x000000007f4ab000-0x000000007f4bd000) (0MB)
2015-02-12T15:37:10.620345-06:00 c0-0c2s2n2 EFI: mem154: type=5, attr=0x800000000000000f, range=[0x000000007f4bd000-0x000000007f4cf000) (0MB)
2015-02-12T15:37:10.620556-06:00 c0-0c2s2n2 EFI: mem155: type=6, attr=0x800000000000000f, range=[0x000000007f4cf000-0x000000007f4d2000) (0MB)
2015-02-12T15:37:10.629343-06:00 c0-0c2s2n2 EFI: mem156: type=10, attr=0xf, range=[0x000000007f4d2000-0x000000007f558000) (0MB)
2015-02-12T15:37:10.654486-06:00 c0-0c2s2n2 EFI: mem157: type=3, attr=0xf, range=[0x000000007f558000-0x000000007f7e0000) (2MB)
2015-02-12T15:37:10.654637-06:00 c0-0c2s2n2 EFI: mem158: type=4, attr=0xf, range=[0x000000007f7e0000-0x000000007f7ef000) (0MB)
2015-02-12T15:37:10.679861-06:00 c0-0c2s2n2 EFI: mem159: type=3, attr=0xf, range=[0x000000007f7ef000-0x000000007f800000) (0MB)
2015-02-12T15:37:10.679926-06:00 c0-0c2s2n2 EFI: mem160: type=7, attr=0xf, range=[0x0000000100000000-0x0000001080000000) (63488MB)
2015-02-12T15:37:10.705103-06:00 c0-0c2s2n2 EFI: mem161: type=11, attr=0x8000000000000001, range=[0x0000000080000000-0x0000000090000000) (256MB)
2015-02-12T15:37:10.705247-06:00 c0-0c2s2n2 EFI: mem162: type=11, attr=0x8000000000000001, range=[0x00000000fed1c000-0x00000000fed20000) (0MB)
2015-02-12T15:37:10.730336-06:00 c0-0c2s2n2 EFI: mem163: type=11, attr=0x8000000000000001, range=[0x00000000ff000000-0x0000000100000000) (16MB)
2015-02-12T15:37:10.730419-06:00 c0-0c2s2n2 DMI 2.7 present.
2015-02-12T15:37:10.755463-06:00 c0-0c2s2n2 last_pfn = 0x1080000 max_arch_pfn = 0x400000000
2015-02-12T15:37:10.755636-06:00 c0-0c2s2n2 x86 PAT enabled: cpu 0, old 0x7040600070406, new 0x7010600070106
2015-02-12T15:37:10.755776-06:00 c0-0c2s2n2 last_pfn = 0x7f800 max_arch_pfn = 0x400000000
2015-02-12T15:37:10.780710-06:00 c0-0c2s2n2 found SMP MP-table at [ffff8800000fd830] fd830
2015-02-12T15:37:10.780794-06:00 c0-0c2s2n2 Using GB pages for direct mapping
2015-02-12T15:37:10.780905-06:00 c0-0c2s2n2 init_memory_mapping: 0000000000000000-000000007f800000
2015-02-12T15:37:10.805969-06:00 c0-0c2s2n2 init_memory_mapping: 0000000100000000-0000001080000000
2015-02-12T15:37:10.806072-06:00 c0-0c2s2n2 nmi ring buffer: 262144
2015-02-12T15:37:10.806156-06:00 c0-0c2s2n2 RAMDISK: 0fa00000 - 10610000
2015-02-12T15:37:10.806217-06:00 c0-0c2s2n2 ACPI: RSDP 000000007f395000 00024 (v02 ALASKA)
2015-02-12T15:37:10.806336-06:00 c0-0c2s2n2 ACPI: XSDT 000000007f395088 0008C (v01 ALASKA    A M I 01072009 AMI  00010013)
2015-02-12T15:37:10.831292-06:00 c0-0c2s2n2 ACPI: FACP 000000007f39ee50 000F4 (v04 ALASKA    A M I 01072009 AMI  00010013)
2015-02-12T15:37:10.831431-06:00 c0-0c2s2n2 ACPI: DSDT 000000007f3951a0 09CAD (v02 ALASKA    A M I 00000016 INTL 20051117)
2015-02-12T15:37:10.831836-06:00 c0-0c2s2n2 ACPI: FACS 000000007f4a3f80 00040
2015-02-12T15:37:10.881702-06:00 c0-0c2s2n2 ACPI: APIC 000000007f39ef48 00138 (v03 ALASKA    A M I 01072009 AMI  00010013)
2015-02-12T15:37:10.881753-06:00 c0-0c2s2n2 ACPI: FPDT 000000007f39f080 00044 (v01 ALASKA    A M I 01072009 AMI  00010013)
2015-02-12T15:37:10.906989-06:00 c0-0c2s2n2 ACPI: MCFG 000000007f39f0c8 0003C (v01 ALASKA OEMMCFG. 01072009 MSFT 00000097)
2015-02-12T15:37:10.907033-06:00 c0-0c2s2n2 ACPI: HPET 000000007f39f108 00038 (v01 ALASKA    A M I 01072009 AMI. 00000004)
2015-02-12T15:37:11.134330-06:00 c0-0c2s2n2 ACPI: PRAD 000000007f39f140 000BE (v02 PRADID  PRADTID 00000001 MSFT 03000001)
2015-02-12T15:37:11.134340-06:00 c0-0c2s2n2 ACPI: SSDT 000000007f39f200 70104 (v02  INTEL    CpuPm 00004000 INTL 20051117)
2015-02-12T15:37:11.134345-06:00 c0-0c2s2n2 ACPI: SPCR 000000007f40f308 00050 (v01  A M I   APTIO4 01072009 AMI. 00000004)
2015-02-12T15:37:11.134350-06:00 c0-0c2s2n2 ACPI: EINJ 000000007f40f358 00130 (v01    AMI AMI EINJ 00000000      00000000)
2015-02-12T15:37:11.134354-06:00 c0-0c2s2n2 ACPI: ERST 000000007f40f488 00230 (v01  AMIER AMI ERST 00000000      00000000)
2015-02-12T15:37:11.134358-06:00 c0-0c2s2n2 ACPI: HEST 000000007f40f6b8 000A8 (v01    AMI AMI HEST 00000000      00000000)
2015-02-12T15:37:11.134367-06:00 c0-0c2s2n2 ACPI: BERT 000000007f40f760 00030 (v01    AMI AMI BERT 00000000      00000000)
2015-02-12T15:37:11.134376-06:00 c0-0c2s2n2 ACPI: DMAR 000000007f40f790 000BC (v01 A M I   OEMDMAR 00000001 INTL 00000001)
2015-02-12T15:37:11.134388-06:00 c0-0c2s2n2 No NUMA configuration found
2015-02-12T15:37:11.134403-06:00 c0-0c2s2n2 Faking a node at 0000000000000000-0000001080000000
2015-02-12T15:37:11.134414-06:00 c0-0c2s2n2 Initmem setup node 0 0000000000000000-0000001080000000
2015-02-12T15:37:11.134425-06:00 c0-0c2s2n2  NODE_DATA [000000107ffbb000 - 000000107ffbffff]
2015-02-12T15:37:11.235569-06:00 c0-0c2s2n2 Zone PFN ranges:
2015-02-12T15:37:11.235723-06:00 c0-0c2s2n2  DMA      0x00000010 -> 0x00001000
2015-02-12T15:37:11.260535-06:00 c0-0c2s2n2  DMA32    0x00001000 -> 0x00100000
2015-02-12T15:37:11.260711-06:00 c0-0c2s2n2  Normal   0x00100000 -> 0x01080000
2015-02-12T15:37:11.260883-06:00 c0-0c2s2n2 Movable zone start PFN for each node
2015-02-12T15:37:11.261067-06:00 c0-0c2s2n2 early_node_map[5] active PFN ranges
2015-02-12T15:37:11.261232-06:00 c0-0c2s2n2    0: 0x00000010 -> 0x000000a0
2015-02-12T15:37:11.261313-06:00 c0-0c2s2n2    0: 0x00000100 -> 0x0007e67c
2015-02-12T15:37:11.285742-06:00 c0-0c2s2n2    0: 0x0007f491 -> 0x0007f493
2015-02-12T15:37:11.285808-06:00 c0-0c2s2n2    0: 0x0007f558 -> 0x0007f800
2015-02-12T15:37:11.310964-06:00 c0-0c2s2n2    0: 0x00100000 -> 0x01080000
2015-02-12T15:37:11.956441-06:00 c0-0c2s2n2 ACPI: LAPIC (acpi_id[0x00] lapic_id[0x00] enabled)
2015-02-12T15:37:11.956649-06:00 c0-0c2s2n2 ACPI: LAPIC (acpi_id[0x02] lapic_id[0x02] enabled)
2015-02-12T15:37:11.956865-06:00 c0-0c2s2n2 ACPI: LAPIC (acpi_id[0x04] lapic_id[0x04] enabled)
2015-02-12T15:37:11.957068-06:00 c0-0c2s2n2 ACPI: LAPIC (acpi_id[0x06] lapic_id[0x06] enabled)
2015-02-12T15:37:11.957322-06:00 c0-0c2s2n2 ACPI: LAPIC (acpi_id[0x08] lapic_id[0x08] enabled)
2015-02-12T15:37:11.996584-06:00 c0-0c2s2n2 ACPI: LAPIC (acpi_id[0x0a] lapic_id[0x0a] enabled)
2015-02-12T15:37:11.996829-06:00 c0-0c2s2n2 ACPI: LAPIC (acpi_id[0x0c] lapic_id[0x0c] enabled)
2015-02-12T15:37:11.996996-06:00 c0-0c2s2n2 ACPI: LAPIC (acpi_id[0x0e] lapic_id[0x0e] enabled)
2015-02-12T15:37:11.997191-06:00 c0-0c2s2n2 ACPI: LAPIC (acpi_id[0x01] lapic_id[0x01] enabled)
2015-02-12T15:37:11.997439-06:00 c0-0c2s2n2 ACPI: LAPIC (acpi_id[0x03] lapic_id[0x03] enabled)
2015-02-12T15:37:11.997669-06:00 c0-0c2s2n2 ACPI: LAPIC (acpi_id[0x05] lapic_id[0x05] enabled)
2015-02-12T15:37:12.036395-06:00 c0-0c2s2n2 ACPI: LAPIC (acpi_id[0x07] lapic_id[0x07] enabled)
2015-02-12T15:37:12.036643-06:00 c0-0c2s2n2 ACPI: LAPIC (acpi_id[0x09] lapic_id[0x09] enabled)
2015-02-12T15:37:12.036852-06:00 c0-0c2s2n2 ACPI: LAPIC (acpi_id[0x0b] lapic_id[0x0b] enabled)
2015-02-12T15:37:12.046402-06:00 c0-0c2s2n2 ACPI: LAPIC (acpi_id[0x0d] lapic_id[0x0d] enabled)
2015-02-12T15:37:12.046771-06:00 c0-0c2s2n2 ACPI: LAPIC (acpi_id[0x0f] lapic_id[0x0f] enabled)
2015-02-12T15:37:12.047040-06:00 c0-0c2s2n2 ACPI: LAPIC_NMI (acpi_id[0x00] high edge lint[0x1])
2015-02-12T15:37:12.071745-06:00 c0-0c2s2n2 ACPI: LAPIC_NMI (acpi_id[0x02] high edge lint[0x1])
2015-02-12T15:37:12.072016-06:00 c0-0c2s2n2 ACPI: LAPIC_NMI (acpi_id[0x04] high edge lint[0x1])
2015-02-12T15:37:12.096567-06:00 c0-0c2s2n2 ACPI: LAPIC_NMI (acpi_id[0x06] high edge lint[0x1])
2015-02-12T15:37:12.096935-06:00 c0-0c2s2n2 ACPI: LAPIC_NMI (acpi_id[0x08] high edge lint[0x1])
2015-02-12T15:37:12.097263-06:00 c0-0c2s2n2 ACPI: LAPIC_NMI (acpi_id[0x0a] high edge lint[0x1])
2015-02-12T15:37:12.122229-06:00 c0-0c2s2n2 ACPI: LAPIC_NMI (acpi_id[0x0c] high edge lint[0x1])
2015-02-12T15:37:12.122377-06:00 c0-0c2s2n2 ACPI: LAPIC_NMI (acpi_id[0x0e] high edge lint[0x1])
2015-02-12T15:37:12.122625-06:00 c0-0c2s2n2 ACPI: LAPIC_NMI (acpi_id[0x01] high edge lint[0x1])
2015-02-12T15:37:12.122879-06:00 c0-0c2s2n2 ACPI: LAPIC_NMI (acpi_id[0x03] high edge lint[0x1])
2015-02-12T15:37:12.147494-06:00 c0-0c2s2n2 ACPI: LAPIC_NMI (acpi_id[0x05] high edge lint[0x1])
2015-02-12T15:37:12.147686-06:00 c0-0c2s2n2 ACPI: LAPIC_NMI (acpi_id[0x07] high edge lint[0x1])
2015-02-12T15:37:12.147986-06:00 c0-0c2s2n2 ACPI: LAPIC_NMI (acpi_id[0x09] high edge lint[0x1])
2015-02-12T15:37:12.172684-06:00 c0-0c2s2n2 ACPI: LAPIC_NMI (acpi_id[0x0b] high edge lint[0x1])
2015-02-12T15:37:12.172921-06:00 c0-0c2s2n2 ACPI: LAPIC_NMI (acpi_id[0x0d] high edge lint[0x1])
2015-02-12T15:37:12.197845-06:00 c0-0c2s2n2 ACPI: LAPIC_NMI (acpi_id[0x0f] high edge lint[0x1])
2015-02-12T15:37:12.197932-06:00 c0-0c2s2n2 ACPI: IOAPIC (id[0x00] address[0xfec00000] gsi_base[0])
2015-02-12T15:37:12.198233-06:00 c0-0c2s2n2 IOAPIC[0]: apic_id 0, version 32, address 0xfec00000, GSI 0-23
2015-02-12T15:37:12.222984-06:00 c0-0c2s2n2 ACPI: IOAPIC (id[0x02] address[0xfec01000] gsi_base[24])
2015-02-12T15:37:12.223320-06:00 c0-0c2s2n2 IOAPIC[1]: apic_id 2, version 32, address 0xfec01000, GSI 24-47
2015-02-12T15:37:12.223578-06:00 c0-0c2s2n2 ACPI: INT_SRC_OVR (bus 0 bus_irq 0 global_irq 2 dfl dfl)
2015-02-12T15:37:12.248373-06:00 c0-0c2s2n2 ACPI: INT_SRC_OVR (bus 0 bus_irq 9 global_irq 9 high level)
2015-02-12T15:37:12.248588-06:00 c0-0c2s2n2 Using ACPI (MADT) for SMP configuration information
2015-02-12T15:37:12.248765-06:00 c0-0c2s2n2 ACPI: HPET id: 0x8086a701 base: 0xfed00000
2015-02-12T15:37:12.248834-06:00 c0-0c2s2n2 SMP: Allowing 16 CPUs, 0 hotplug CPUs
2015-02-12T15:37:12.273707-06:00 c0-0c2s2n2 Allocating PCI resources starting at 90000000 (gap: 90000000:6ed1c000)
2015-02-12T15:37:12.273819-06:00 c0-0c2s2n2 setup_percpu: NR_CPUS:128 nr_cpumask_bits:128 nr_cpu_ids:16 nr_node_ids:1
2015-02-12T15:37:12.298880-06:00 c0-0c2s2n2 PERCPU: Embedded 25 PATH1224 @ffff88107fa00000 s72704 r8192 d21504 u131072
2015-02-12T15:37:12.298945-06:00 c0-0c2s2n2 Built 1 zonelists in Zone order, mobility grouping on.  Total pages: 16534701
2015-02-12T15:37:12.298976-06:00 c0-0c2s2n2 Policy zone: Normal
2015-02-12T15:37:12.404334-06:00 c0-0c2s2n2 Kernel command line: earlyprintk=serial,115200 load_ramdisk=1 ramdisk_size=80000 console=ttyS0,115200n8 bootnodeip=IPADDR13 bootproto=ipog bootpath=PATH1220 rootfs=nfs-shared root=PATH1221 oops=panic bootifnetmask=IPADDR15 elevator=noop ippob1=10 ippob2=128 pcie_ports=native iommu=on intel_iommu=off bad_page=panic pln_enable=off apei_disable hest_disable erst_disable ghes_disable cgroup_disable=memory active_wlm=ALPS sdbnodeip=IPADDR16 sessionid=p0-20150212t152812 _cray=marker_ 
2015-02-12T15:37:12.425134-06:00 c0-0c2s2n2 Intel-IOMMU: disabled
2015-02-12T15:37:12.425164-06:00 c0-0c2s2n2 Disabling memory control group subsystem
2015-02-12T15:37:12.425196-06:00 c0-0c2s2n2 PID hash table entries: 4096 (order: 3, 32768 bytes)
2015-02-12T15:37:12.450282-06:00 c0-0c2s2n2 PATH1225: enabled xstate_bv 0x7, cntxt size 0x340
2015-02-12T15:37:12.843469-06:00 c0-0c2s2n2 Memory: PATH319780 available (5522k kernel code, 2121000k absent, 1019636k reserved, 5307k data, 692k init)
2015-02-12T15:37:12.843605-06:00 c0-0c2s2n2 Hierarchical RCU implementation.
2015-02-12T15:37:12.843676-06:00 c0-0c2s2n2 NR_IRQS:4352
2015-02-12T15:37:12.894087-06:00 c0-0c2s2n2 Extended CMOS year: 2000
2015-02-12T15:37:12.894149-06:00 c0-0c2s2n2 Console: colour dummy device 80x25
2015-02-12T15:37:12.894360-06:00 c0-0c2s2n2 console [ttyS0] enabled, bootconsole disabled
2015-02-12T15:37:12.919231-06:00 c0-0c2s2n2 console [ttyS0] enabled, bootconsole disabled
2015-02-12T15:37:12.944644-06:00 c0-0c2s2n2 Fast TSC calibration using PIT
2015-02-12T15:37:12.944719-06:00 c0-0c2s2n2 Detected 2599.978 MHz processor.
2015-02-12T15:37:12.969827-06:00 c0-0c2s2n2 Calibrating delay loop (skipped), value calculated using timer frequency.. 5199.95 BogoMIPS (lpj=10399912)
2015-02-12T15:37:12.969992-06:00 c0-0c2s2n2 pid_max: default: 32768 minimum: 301
2015-02-12T15:37:13.020300-06:00 c0-0c2s2n2 Dentry cache hash table entries: 8388608 (order: 14, 67108864 bytes)
2015-02-12T15:37:13.046000-06:00 c0-0c2s2n2 Inode-cache hash table entries: 4194304 (order: 13, 33554432 bytes)
2015-02-12T15:37:13.071024-06:00 c0-0c2s2n2 Mount-cache hash table entries: 256
2015-02-12T15:37:13.071210-06:00 c0-0c2s2n2 Initializing cgroup subsys cpuacct
2015-02-12T15:37:13.071367-06:00 c0-0c2s2n2 Initializing cgroup subsys memory
2015-02-12T15:37:13.071515-06:00 c0-0c2s2n2 Initializing cgroup subsys devices
2015-02-12T15:37:13.096125-06:00 c0-0c2s2n2 Initializing cgroup subsys perf_event
2015-02-12T15:37:13.096240-06:00 c0-0c2s2n2 CPU: Physical Processor ID: 0
2015-02-12T15:37:13.096336-06:00 c0-0c2s2n2 CPU: Processor Core ID: 0
2015-02-12T15:37:13.096509-06:00 c0-0c2s2n2 mce: CPU supports 20 MCE banks
2015-02-12T15:37:13.121270-06:00 c0-0c2s2n2 CPU0: Thermal monitoring enabled (TM1)
2015-02-12T15:37:13.121419-06:00 c0-0c2s2n2 using mwait in idle threads.
2015-02-12T15:37:13.121544-06:00 c0-0c2s2n2 ACPI: Core revision 20110413
2015-02-12T15:37:13.171820-06:00 c0-0c2s2n2 ftrace: allocating 20236 entries in 80 pages
2015-02-12T15:37:13.196951-06:00 c0-0c2s2n2 DMAR: Host address width 46
2015-02-12T15:37:13.197136-06:00 c0-0c2s2n2 DMAR: DRHD base: 0x000000fbffc000 flags: 0x1
2015-02-12T15:37:13.197331-06:00 c0-0c2s2n2 IOMMU 0: reg_base_addr fbffc000 ver 1:0 cap d2078c106f0462 ecap f020fe
2015-02-12T15:37:13.247391-06:00 c0-0c2s2n2 DMAR: RMRR base: 0x0000007f430000 end: 0x0000007f43cfff
2015-02-12T15:37:13.247428-06:00 c0-0c2s2n2 DMAR: ATSR flags: 0x0
2015-02-12T15:37:13.247504-06:00 c0-0c2s2n2 DMAR: RHSA base: 0x000000fbffc000 proximity domain: 0x0
2015-02-12T15:37:13.272603-06:00 c0-0c2s2n2 Switched APIC routing to physical flat.
2015-02-12T15:37:13.272695-06:00 c0-0c2s2n2 ..TIMER: vector=0x30 apic1=0 pin1=2 apic2=-1 pin2=-1
2015-02-12T15:37:13.323029-06:00 c0-0c2s2n2 CPU0: Intel(R) Xeon(R) CPU E5-2670 0 @ 2.60GHz stepping 07
2015-02-12T15:37:13.549734-06:00 c0-0c2s2n2 Performance Events: PEBS fmt1+, 16-deep LBR, SandyBridge events, full-width counters, Intel PMU driver.
2015-02-12T15:37:13.549809-06:00 c0-0c2s2n2 ... version:                3
2015-02-12T15:37:13.549860-06:00 c0-0c2s2n2 ... bit width:              48
2015-02-12T15:37:13.549918-06:00 c0-0c2s2n2 ... generic registers:      4
2015-02-12T15:37:13.574952-06:00 c0-0c2s2n2 ... value mask:             0000ffffffffffff
2015-02-12T15:37:13.575068-06:00 c0-0c2s2n2 ... max period:             0000ffffffffffff
2015-02-12T15:37:13.600256-06:00 c0-0c2s2n2 ... fixed-purpose events:   3
2015-02-12T15:37:13.600328-06:00 c0-0c2s2n2 ... event mask:             000000070000000f
2015-02-12T15:37:14.042237-06:00 c0-0c2s2n2 Booting Node   0, Processors  #1 #2 #3 #4 #5 #6 #7 #8 #9 #10 #11 #12 #13 #14 #15 Ok.
2015-02-12T15:37:14.067519-06:00 c0-0c2s2n2 Brought up 16 CPUs
2015-02-12T15:37:14.092519-06:00 c0-0c2s2n2 Total of 16 processors activated (83199.29 BogoMIPS).
2015-02-12T15:37:14.118016-06:00 c0-0c2s2n2 NET: Registered protocol family 16
2015-02-12T15:37:14.143079-06:00 c0-0c2s2n2 ACPI FADT declares the system doesn't support PCIe ASPM, so disable it
2015-02-12T15:37:14.143146-06:00 c0-0c2s2n2 ACPI: bus type pci registered
2015-02-12T15:37:14.168334-06:00 c0-0c2s2n2 PCI: MMCONFIG for domain 0000 [bus 00-ff] at [mem 0x80000000-0x8fffffff] (base 0x80000000)
2015-02-12T15:37:14.193474-06:00 c0-0c2s2n2 PCI: MMCONFIG at [mem 0x80000000-0x8fffffff] reserved in E820
2015-02-12T15:37:14.218733-06:00 c0-0c2s2n2 PCI: Using configuration type 1 for base access
2015-02-12T15:37:14.218799-06:00 c0-0c2s2n2 bio: create slab <bio-0> at 0
2015-02-12T15:37:14.269116-06:00 c0-0c2s2n2 ACPI: Executed 1 blocks of module-level executable AML code
2015-02-12T15:37:14.446213-06:00 c0-0c2s2n2 ACPI: Interpreter enabled
2015-02-12T15:37:14.446340-06:00 c0-0c2s2n2 ACPI: (supports S0 S1 S3 S5)
2015-02-12T15:37:14.446517-06:00 c0-0c2s2n2 ACPI: Using IOAPIC for interrupt routing
2015-02-12T15:37:14.471552-06:00 c0-0c2s2n2 ACPI: No dock devices found.
2015-02-12T15:37:14.471768-06:00 c0-0c2s2n2 HEST: Table parsing disabled.
2015-02-12T15:37:14.496633-06:00 c0-0c2s2n2 PCI: Using host bridge windows from ACPI; if necessary, use "pci=nocrs" and report a bug
2015-02-12T15:37:14.521822-06:00 c0-0c2s2n2 ACPI: PCI Root Bridge [PCI0] (domain 0000 [bus 00-fe])
2015-02-12T15:37:14.546843-06:00 c0-0c2s2n2 pci_root PNP0A08:00: host bridge window [io  0x0000-0x03af]
2015-02-12T15:37:14.547135-06:00 c0-0c2s2n2 pci_root PNP0A08:00: host bridge window [io  0x03e0-0x0cf7]
2015-02-12T15:37:14.547412-06:00 c0-0c2s2n2 pci_root PNP0A08:00: host bridge window [io  0x0d00-0xffff]
2015-02-12T15:37:14.547627-06:00 c0-0c2s2n2 pci_root PNP0A08:00: host bridge window [mem 0x000c0000-0x000dffff]
2015-02-12T15:37:14.572247-06:00 c0-0c2s2n2 pci_root PNP0A08:00: host bridge window [mem 0x80000000-0xfbffffff]
2015-02-12T15:37:14.572594-06:00 c0-0c2s2n2 pci_root PNP0A08:00: host bridge window [mem 0x1080000000-0x3c3fffffffff]
2015-02-12T15:37:14.597494-06:00 c0-0c2s2n2 pci 0000:00:02.0: PCI bridge to [bus 01-01]
2015-02-12T15:37:14.597692-06:00 c0-0c2s2n2 pci 0000:00:03.0: PCI bridge to [bus 02-02]
2015-02-12T15:37:14.597889-06:00 c0-0c2s2n2 pci 0000:00:03.2: PCI bridge to [bus 03-03]
2015-02-12T15:37:14.622712-06:00 c0-0c2s2n2 pci 0000:00:11.0: PCI bridge to [bus 04-04]
2015-02-12T15:37:14.623057-06:00 c0-0c2s2n2 pci 0000:00:1e.0: PCI bridge to [bus 05-05] (subtractive decode)
2015-02-12T15:37:14.647884-06:00 c0-0c2s2n2 pci0000:00: Unable to request _OSC control (_OSC support mask: 0x19)
2015-02-12T15:37:14.673319-06:00 c0-0c2s2n2 ACPI: PCI Root Bridge [UNC0] (domain 0000 [bus ff])
2015-02-12T15:37:14.698418-06:00 c0-0c2s2n2 pci0000:ff: Unable to request _OSC control (_OSC support mask: 0x19)
2015-02-12T15:37:14.698840-06:00 c0-0c2s2n2 ACPI: PCI Interrupt Link [LNKA] (IRQs 3 4 5 6 7 10 *11 12 14 15)
2015-02-12T15:37:14.699221-06:00 c0-0c2s2n2 ACPI: PCI Interrupt Link [LNKB] (IRQs 3 4 5 6 7 *10 11 12 14 15)
2015-02-12T15:37:14.723935-06:00 c0-0c2s2n2 ACPI: PCI Interrupt Link [LNKC] (IRQs 3 4 *5 6 10 11 12 14 15)
2015-02-12T15:37:14.724158-06:00 c0-0c2s2n2 ACPI: PCI Interrupt Link [LNKD] (IRQs *3 4 5 6 10 11 12 14 15)
2015-02-12T15:37:14.749090-06:00 c0-0c2s2n2 ACPI: PCI Interrupt Link [LNKE] (IRQs 3 4 5 6 7 10 11 12 14 15) *0
2015-02-12T15:37:14.773982-06:00 c0-0c2s2n2 ACPI: PCI Interrupt Link [LNKF] (IRQs 3 4 5 6 7 10 11 12 14 15) *0
2015-02-12T15:37:14.774409-06:00 c0-0c2s2n2 ACPI: PCI Interrupt Link [LNKG] (IRQs 3 4 5 6 7 10 11 12 14 15) *0
2015-02-12T15:37:14.774888-06:00 c0-0c2s2n2 ACPI: PCI Interrupt Link [LNKH] (IRQs 3 4 5 6 *7 10 11 12 14 15)
2015-02-12T15:37:14.774940-06:00 c0-0c2s2n2 vgaarb: loaded
2015-02-12T15:37:14.799306-06:00 c0-0c2s2n2 SCSI subsystem initialized
2015-02-12T15:37:14.799500-06:00 c0-0c2s2n2 PCI: Using ACPI for IRQ routing
2015-02-12T15:37:14.799891-06:00 c0-0c2s2n2 Switching to clocksource hpet
2015-02-12T15:37:14.824855-06:00 c0-0c2s2n2 pnp: PnP ACPI init
2015-02-12T15:37:14.825053-06:00 c0-0c2s2n2 ACPI: bus type pnp registered
2015-02-12T15:37:14.825363-06:00 c0-0c2s2n2 system 00:01: [mem 0xfc000000-0xfcffffff] has been reserved
2015-02-12T15:37:14.850113-06:00 c0-0c2s2n2 system 00:01: [mem 0xfd000000-0xfdffffff] has been reserved
2015-02-12T15:37:14.875099-06:00 c0-0c2s2n2 system 00:01: [mem 0xfe000000-0xfeafffff] has been reserved
2015-02-12T15:37:14.875457-06:00 c0-0c2s2n2 system 00:01: [mem 0xfeb00000-0xfebfffff] has been reserved
2015-02-12T15:37:14.875824-06:00 c0-0c2s2n2 system 00:01: [mem 0xfed00400-0xfed3ffff] could not be reserved
2015-02-12T15:37:14.900638-06:00 c0-0c2s2n2 system 00:01: [mem 0xfed45000-0xfedfffff] has been reserved
2015-02-12T15:37:14.901002-06:00 c0-0c2s2n2 system 00:02: [mem 0xfbffc000-0xfbffdfff] has been reserved
2015-02-12T15:37:14.925747-06:00 c0-0c2s2n2 system 00:06: [io  0x04d0-0x04d1] has been reserved
2015-02-12T15:37:14.926102-06:00 c0-0c2s2n2 system 00:08: [io  0x0400-0x0453] has been reserved
2015-02-12T15:37:14.926397-06:00 c0-0c2s2n2 system 00:08: [io  0x0458-0x047f] has been reserved
2015-02-12T15:37:14.951063-06:00 c0-0c2s2n2 system 00:08: [io  0x1180-0x119f] has been reserved
2015-02-12T15:37:14.951378-06:00 c0-0c2s2n2 system 00:08: [io  0x0500-0x057f] has been reserved
2015-02-12T15:37:14.976168-06:00 c0-0c2s2n2 system 00:08: [mem 0xfed1c000-0xfed1ffff] has been reserved
2015-02-12T15:37:14.976600-06:00 c0-0c2s2n2 system 00:08: [mem 0xfec00000-0xfecfffff] could not be reserved
2015-02-12T15:37:15.001366-06:00 c0-0c2s2n2 system 00:08: [mem 0xfed08000-0xfed08fff] has been reserved
2015-02-12T15:37:15.001795-06:00 c0-0c2s2n2 system 00:08: [mem 0xff000000-0xffffffff] has been reserved
2015-02-12T15:37:15.002067-06:00 c0-0c2s2n2 system 00:09: [io  0x0454-0x0457] has been reserved
2015-02-12T15:37:15.026874-06:00 c0-0c2s2n2 pnp: PnP ACPI: found 12 devices
2015-02-12T15:37:15.027152-06:00 c0-0c2s2n2 ACPI: ACPI bus type pnp unregistered
2015-02-12T15:37:15.027552-06:00 c0-0c2s2n2 pci 0000:00:02.0: PCI bridge to [bus 01-01]
2015-02-12T15:37:15.052104-06:00 c0-0c2s2n2 pci 0000:00:02.0:   bridge window [io  disabled]
2015-02-12T15:37:15.052444-06:00 c0-0c2s2n2 pci 0000:00:02.0:   bridge window [mem disabled]
2015-02-12T15:37:15.077368-06:00 c0-0c2s2n2 pci 0000:00:02.0:   bridge window [mem 0x3c0000000000-0x3c20000fffff 64bit pref]
2015-02-12T15:37:15.077687-06:00 c0-0c2s2n2 pci 0000:00:03.0: PCI bridge to [bus 02-02]
2015-02-12T15:37:15.077921-06:00 c0-0c2s2n2 pci 0000:00:03.0:   bridge window [io  disabled]
2015-02-12T15:37:15.102618-06:00 c0-0c2s2n2 pci 0000:00:03.0:   bridge window [mem disabled]
2015-02-12T15:37:15.102953-06:00 c0-0c2s2n2 pci 0000:00:03.0:   bridge window [mem pref disabled]
2015-02-12T15:37:15.103182-06:00 c0-0c2s2n2 pci 0000:00:03.2: PCI bridge to [bus 03-03]
2015-02-12T15:37:15.128016-06:00 c0-0c2s2n2 pci 0000:00:03.2:   bridge window [io  disabled]
2015-02-12T15:37:15.128170-06:00 c0-0c2s2n2 pci 0000:00:03.2:   bridge window [mem disabled]
2015-02-12T15:37:15.128466-06:00 c0-0c2s2n2 pci 0000:00:03.2:   bridge window [mem pref disabled]
2015-02-12T15:37:15.153168-06:00 c0-0c2s2n2 pci 0000:00:11.0: PCI bridge to [bus 04-04]
2015-02-12T15:37:15.153465-06:00 c0-0c2s2n2 pci 0000:00:11.0:   bridge window [io  0xe000-0xefff]
2015-02-12T15:37:15.153740-06:00 c0-0c2s2n2 pci 0000:00:11.0:   bridge window [mem 0xfbe00000-0xfbefffff]
2015-02-12T15:37:15.178728-06:00 c0-0c2s2n2 pci 0000:00:11.0:   bridge window [mem 0x3c2000400000-0x3c20008fffff 64bit pref]
2015-02-12T15:37:15.178917-06:00 c0-0c2s2n2 pci 0000:00:1e.0: PCI bridge to [bus 05-05]
2015-02-12T15:37:15.203732-06:00 c0-0c2s2n2 pci 0000:00:1e.0:   bridge window [io  disabled]
2015-02-12T15:37:15.204046-06:00 c0-0c2s2n2 pci 0000:00:1e.0:   bridge window [mem disabled]
2015-02-12T15:37:15.228901-06:00 c0-0c2s2n2 pci 0000:00:1e.0:   bridge window [mem pref disabled]
2015-02-12T15:37:15.229254-06:00 c0-0c2s2n2 pci 0000:00:02.0: PCI INT A -> GSI 32 (level, low) -> IRQ 32
2015-02-12T15:37:15.229588-06:00 c0-0c2s2n2 pci 0000:00:03.0: PCI INT A -> GSI 40 (level, low) -> IRQ 40
2015-02-12T15:37:15.254281-06:00 c0-0c2s2n2 pci 0000:00:03.2: PCI INT A -> GSI 40 (level, low) -> IRQ 40
2015-02-12T15:37:15.254544-06:00 c0-0c2s2n2 pci 0000:00:11.0: PCI INT A -> GSI 16 (level, low) -> IRQ 16
2015-02-12T15:37:15.254717-06:00 c0-0c2s2n2 NET: Registered protocol family 2
2015-02-12T15:37:15.279436-06:00 c0-0c2s2n2 IP route cache hash table entries: 524288 (order: 10, 4194304 bytes)
2015-02-12T15:37:15.316570-06:00 c0-0c2s2n2 TCP established hash table entries: 524288 (order: 11, 8388608 bytes)
2015-02-12T15:37:15.316814-06:00 c0-0c2s2n2 TCP bind hash table entries: 65536 (order: 8, 1048576 bytes)
2015-02-12T15:37:15.316996-06:00 c0-0c2s2n2 TCP: Hash tables configured (established 524288 bind 65536)
2015-02-12T15:37:15.317035-06:00 c0-0c2s2n2 TCP reno registered
2015-02-12T15:37:15.356455-06:00 c0-0c2s2n2 UDP hash table entries: 32768 (order: 8, 1048576 bytes)
2015-02-12T15:37:15.356650-06:00 c0-0c2s2n2 UDP-Lite hash table entries: 32768 (order: 8, 1048576 bytes)
2015-02-12T15:37:15.356739-06:00 c0-0c2s2n2 NET: Registered protocol family 1
2015-02-12T15:37:15.356869-06:00 c0-0c2s2n2 RPC: Registered named UNIX socket transport module.
2015-02-12T15:37:15.356933-06:00 c0-0c2s2n2 RPC: Registered udp transport module.
2015-02-12T15:37:15.380405-06:00 c0-0c2s2n2 RPC: Registered tcp transport module.
2015-02-12T15:37:15.380593-06:00 c0-0c2s2n2 RPC: Registered tcp NFSv4.1 backchannel transport module.
2015-02-12T15:37:15.405656-06:00 c0-0c2s2n2 pci 0000:00:1a.0: PCI INT A -> GSI 16 (level, low) -> IRQ 16
2015-02-12T15:37:15.405891-06:00 c0-0c2s2n2 pci 0000:00:1a.0: PCI INT A disabled
2015-02-12T15:37:15.430817-06:00 c0-0c2s2n2 pci 0000:00:1d.0: PCI INT A -> GSI 23 (level, low) -> IRQ 23
2015-02-12T15:37:15.481234-06:00 c0-0c2s2n2 pci 0000:00:1d.0: PCI INT A disabled
2015-02-12T15:37:15.481303-06:00 c0-0c2s2n2 Trying to unpack rootfs image as initramfs...
2015-02-12T15:37:15.909698-06:00 c0-0c2s2n2 Freeing initrd memory: 12352k freed
2015-02-12T15:37:15.910100-06:00 c0-0c2s2n2 DMAR: Device scope device [0000:00:01.01] not found
2015-02-12T15:37:15.935022-06:00 c0-0c2s2n2 DMAR: Device scope device [0000:00:01.01] not found
2015-02-12T15:37:15.935212-06:00 c0-0c2s2n2 PCI-DMA: Using software bounce buffering for IO (SWIOTLB)
2015-02-12T15:37:15.935501-06:00 c0-0c2s2n2 Placing 64MB software IO TLB between ffff88007a67c000 - ffff88007e67c000
2015-02-12T15:37:15.960242-06:00 c0-0c2s2n2 software IO TLB at phys 0x7a67c000 - 0x7e67c000
2015-02-12T15:37:15.960600-06:00 c0-0c2s2n2 Machine check injector initialized
2015-02-12T15:37:15.960903-06:00 c0-0c2s2n2 futex hash table entries: 4096 (order: 6, 262144 bytes)
2015-02-12T15:37:15.985762-06:00 c0-0c2s2n2 Registering pnotify support for (name=job)
2015-02-12T15:37:15.985833-06:00 c0-0c2s2n2 CSA: initialized
2015-02-12T15:37:15.986050-06:00 c0-0c2s2n2 audit: initializing netlink socket (disabled)
2015-02-12T15:37:16.010904-06:00 c0-0c2s2n2 type=2000 audit(1423777030.524:1): initialized
2015-02-12T15:37:16.061253-06:00 c0-0c2s2n2 HugeTLB registered 2 MB page size, pre-allocated 0 pages
2015-02-12T15:37:16.061440-06:00 c0-0c2s2n2 VFS: Disk quotas dquot_6.5.2
2015-02-12T15:37:16.061743-06:00 c0-0c2s2n2 Dquot-cache hash table entries: 512 (order 0, 4096 bytes)
2015-02-12T15:37:16.061984-06:00 c0-0c2s2n2 Installing knfsd (copyright (C) 1996 okir@monad.swb.de).
2015-02-12T15:37:16.086675-06:00 c0-0c2s2n2 fuse init (API version 7.16)
2015-02-12T15:37:16.086880-06:00 c0-0c2s2n2 Installing v9fs 9p2000 file system support
2015-02-12T15:37:16.111714-06:00 c0-0c2s2n2 msgmni has been set to 32268
2015-02-12T15:37:16.112045-06:00 c0-0c2s2n2 Block layer SCSI generic (bsg) driver version 0.4 loaded (major 254)
2015-02-12T15:37:16.136944-06:00 c0-0c2s2n2 io scheduler noop registered (default)
2015-02-12T15:37:16.137068-06:00 c0-0c2s2n2 io scheduler deadline registered
2015-02-12T15:37:16.137166-06:00 c0-0c2s2n2 io scheduler cfq registered
2015-02-12T15:37:16.137320-06:00 c0-0c2s2n2 input: Power Button as PATH1228:PATH1229:PATH1230:PATH1231
2015-02-12T15:37:16.162152-06:00 c0-0c2s2n2 ACPI: Power Button [PWRB]
2015-02-12T15:37:16.162395-06:00 c0-0c2s2n2 input: Power Button as PATH1228:PATH1232:PATH1233
2015-02-12T15:37:16.162422-06:00 c0-0c2s2n2 ACPI: Power Button [PWRF]
2015-02-12T15:37:16.288411-06:00 c0-0c2s2n2 ERST: Error Record Serialization Table (ERST) support is disabled.
2015-02-12T15:37:16.288461-06:00 c0-0c2s2n2 GHES: HEST is not enabled!
2015-02-12T15:37:16.338827-06:00 c0-0c2s2n2 Serial: PATH1234 driver, 2 ports, IRQ sharing disabled
2015-02-12T15:37:16.338933-06:00 c0-0c2s2n2 serial8250: ttyS0 at PATH1235 0x3f8 (irq = 4) is a 16550A
2015-02-12T15:37:16.414788-06:00 c0-0c2s2n2 serial8250: ttyS1 at PATH1235 0x2f8 (irq = 3) is a 16550A
2015-02-12T15:37:16.515443-06:00 c0-0c2s2n2 Real Time Clock Driver v1.12b
2015-02-12T15:37:16.515595-06:00 c0-0c2s2n2 Linux agpgart interface v0.103
2015-02-12T15:37:16.515706-06:00 c0-0c2s2n2 brd: module loaded
2015-02-12T15:37:16.515751-06:00 c0-0c2s2n2 loop: module loaded
2015-02-12T15:37:16.540640-06:00 c0-0c2s2n2 Loading iSCSI transport class v2.0-870.
2015-02-12T15:37:16.565945-06:00 c0-0c2s2n2 iscsi: registered transport (tcp)
2015-02-12T15:37:16.566059-06:00 c0-0c2s2n2 Rounding down aligned max_sectors from 4294967295 to 4294967288
2015-02-12T15:37:16.566132-06:00 c0-0c2s2n2 console [netcon0] enabled
2015-02-12T15:37:16.591148-06:00 c0-0c2s2n2 netconsole: network logging started
2015-02-12T15:37:16.591243-06:00 c0-0c2s2n2 i8042: PNP: No PATH1236 controller found. Probing ports directly.
2015-02-12T15:37:17.104211-06:00 c0-0c2s2n2 Refined TSC clocksource calibration: 2599.999 MHz.
2015-02-12T15:37:17.104225-06:00 c0-0c2s2n2 Switching to clocksource tsc
2015-02-12T15:37:17.599135-06:00 c0-0c2s2n2 i8042: No controller found
2015-02-12T15:37:17.599195-06:00 c0-0c2s2n2 EDAC MC: Ver: 2.1.0
2015-02-12T15:37:17.624190-06:00 c0-0c2s2n2 cpuidle: using governor ladder
2015-02-12T15:37:17.624387-06:00 c0-0c2s2n2 cpuidle: using governor menu
2015-02-12T15:37:17.624498-06:00 c0-0c2s2n2 oprofile: using NMI interrupt.
2015-02-12T15:37:17.649266-06:00 c0-0c2s2n2 TCP cubic registered
2015-02-12T15:37:17.649276-06:00 c0-0c2s2n2 NET: Registered protocol family 10
2015-02-12T15:37:17.649426-06:00 c0-0c2s2n2 IPv6 over IPv4 tunneling driver
2015-02-12T15:37:17.674551-06:00 c0-0c2s2n2 NET: Registered protocol family 17
2015-02-12T15:37:17.674623-06:00 c0-0c2s2n2 Installing 9P2000 support
2015-02-12T15:37:17.674667-06:00 c0-0c2s2n2 Registering the dns_resolver key type
2015-02-12T15:37:17.674766-06:00 c0-0c2s2n2 registered taskstats version 1
2015-02-12T15:37:17.674925-06:00 c0-0c2s2n2 Freeing unused kernel memory: 692k freed
2015-02-12T15:37:17.776253-06:00 c0-0c2s2n2 ghal_init:Cray(R) Gemini Hardware Abstraction Layer - version 1.0107
2015-02-12T15:37:17.776304-06:00 c0-0c2s2n2 ghal_init:Copyright (C) 2007-1012 Cray Inc.
2015-02-12T15:37:17.801347-06:00 c0-0c2s2n2 ghal 0000:01:00.1: enabling device (0000 -> 0002)
2015-02-12T15:37:17.826844-06:00 c0-0c2s2n2 udev: starting version 147
2015-02-12T15:37:17.826850-06:00 c0-0c2s2n2 simplex: module license 'unspecified' taints kernel.
2015-02-12T15:37:17.826858-06:00 c0-0c2s2n2 hss-os: communication area 0xffff881008182800 (phys 0x1008182800)
2015-02-12T15:37:17.852297-06:00 c0-0c2s2n2 hss-os: new channel 1
2015-02-12T15:37:18.615913-06:00 c0-0c2s2n2 request_sys_info_from_L0: No tile dimension data
2015-02-12T15:37:18.673390-06:00 c0-0c2s2n2 hss-os: new channel 2
2015-02-12T15:37:18.673419-06:00 c0-0c2s2n2 kgni_init:Cray(R) Gemini Network Interface - Sep 17 2014 version 0x004500b7 rev 9750
2015-02-12T15:37:18.673428-06:00 c0-0c2s2n2 kgni_init:Copyright (C) 2007,2008 Cray Inc.
2015-02-12T15:37:18.699372-06:00 c0-0c2s2n2 ipogif_init:Cray(R) Gemini IP over Fabric device driver - version 0.17
2015-02-12T15:37:18.699403-06:00 c0-0c2s2n2 ipogif_init:Copyright (C) 2007 Cray Inc.
2015-02-12T15:37:18.725083-06:00 c0-0c2s2n2 ipogif_probe:Immediate checksum off
2015-02-12T15:37:18.725108-06:00 c0-0c2s2n2 Cray(R) Gemini Performance Counter Daemon - version 0.1
2015-02-12T15:37:18.751047-06:00 c0-0c2s2n2 GEMINI Performance Counter Daemon.
2015-02-12T15:37:18.751077-06:00 c0-0c2s2n2 Cray(R) Kernel Dynamic Registration (KDREG) Interface - version 0x2243e
2015-02-12T15:37:18.751097-06:00 c0-0c2s2n2 Copyright (C) 2004-5 Pete Wyckoff - modified by Cray(R)
2015-02-12T15:37:19.021380-06:00 c0-0c2s2n2 ipogif_up:Bringing interface up
2015-02-12T15:37:19.093570-06:00 c0-0c2s2n2 Sending ec_node_info with boot code 0 (NODE_INFO_OS_BOOT) for nid 138
2015-02-12T15:37:19.093611-06:00 c0-0c2s2n2 net.core.rmem_max = 16777216
2015-02-12T15:37:19.093621-06:00 c0-0c2s2n2 net.core.wmem_max = 16777216
2015-02-12T15:37:19.093634-06:00 c0-0c2s2n2 net.core.rmem_default = 16777216
2015-02-12T15:37:19.093643-06:00 c0-0c2s2n2 net.core.wmem_default = 16777216
2015-02-12T15:37:19.093662-06:00 c0-0c2s2n2 net.core.optmem_max = 16777216
2015-02-12T15:37:19.093697-06:00 c0-0c2s2n2 net.ipv4.tcp_mem = 16777216 16777216 16777216
2015-02-12T15:37:19.093709-06:00 c0-0c2s2n2 net.ipv4.tcp_rmem = 4096 87380 16777216
2015-02-12T15:37:19.093726-06:00 c0-0c2s2n2 net.ipv4.tcp_wmem = 4096 65536 16777216
2015-02-12T15:37:19.093757-06:00 c0-0c2s2n2 Using rootfs config: nfs-shared...
2015-02-12T15:37:19.093768-06:00 c0-0c2s2n2 rootfs mount succeeded.
2015-02-12T15:37:19.093798-06:00 c0-0c2s2n2 **********************************************************
2015-02-12T15:37:19.093824-06:00 c0-0c2s2n2    HOSTNAME: nid00138
2015-02-12T15:37:19.118684-06:00 c0-0c2s2n2 **********************************************************
2015-02-12T15:37:19.118720-06:00 c0-0c2s2n2 ipogif0   Link encap:Ethernet  HWaddr 00:01:01:00:00:8A  
2015-02-12T15:37:19.118735-06:00 c0-0c2s2n2          inet addr:IPADDR45  Mask:IPADDR15
2015-02-12T15:37:19.157381-06:00 c0-0c2s2n2          inet6 addr: fe80::201:1ff:fe00:PATH3950 Scope:Link
2015-02-12T15:37:19.157434-06:00 c0-0c2s2n2          UP RUNNING NOARP  MTU:65520  Metric:1
2015-02-12T15:37:19.157448-06:00 c0-0c2s2n2          RX packets:21 errors:0 dropped:0 overruns:0 frame:0
2015-02-12T15:37:19.157459-06:00 c0-0c2s2n2          TX packets:28 errors:0 dropped:0 overruns:0 carrier:0
2015-02-12T15:37:19.157468-06:00 c0-0c2s2n2          collisions:0 txqueuelen:1000 
2015-02-12T15:37:19.157494-06:00 c0-0c2s2n2          RX bytes:2496 (2.4 KiB)  TX bytes:2540 (2.4 KiB)
2015-02-12T15:37:19.157517-06:00 c0-0c2s2n2 lo        Link encap:Local Loopback  
2015-02-12T15:37:19.157529-06:00 c0-0c2s2n2          inet addr:IPADDR18  Mask:IPADDR24
2015-02-12T15:37:19.157539-06:00 c0-0c2s2n2          inet6 addr: ::PATH1252 Scope:Host
2015-02-12T15:37:19.157554-06:00 c0-0c2s2n2          UP LOOPBACK RUNNING  MTU:16436  Metric:1
2015-02-12T15:37:19.157573-06:00 c0-0c2s2n2          RX packets:0 errors:0 dropped:0 overruns:0 frame:0
2015-02-12T15:37:19.182671-06:00 c0-0c2s2n2          TX packets:0 errors:0 dropped:0 overruns:0 carrier:0
2015-02-12T15:37:19.182719-06:00 c0-0c2s2n2          collisions:0 txqueuelen:0 
2015-02-12T15:37:19.182745-06:00 c0-0c2s2n2          RX bytes:0 (0.0 B)  TX bytes:0 (0.0 B)
2015-02-12T15:37:19.182797-06:00 c0-0c2s2n2 Mounting NID specific PATH1253 (nid=138)...
2015-02-12T15:37:19.182812-06:00 c0-0c2s2n2 done.
2015-02-12T15:37:19.287984-06:00 c0-0c2s2n2 INIT: version 2.86 booting
2015-02-12T15:37:19.289423-06:00 c0-0c2s2n2 System Boot Control: Running PATH1254
2015-02-12T15:37:19.338792-06:00 c0-0c2s2n2 Mounting sysfs at PATH12557[?25l
2015-02-12T15:37:19.338805-06:00 c0-0c2s2n2 [80C[10D[1;32mdone[m8[?25h
2015-02-12T15:37:19.338932-06:00 c0-0c2s2n2 Copying static PATH1256 content7[?25l
2015-02-12T15:37:19.338945-06:00 c0-0c2s2n2 [80C[10D[1;32mdone[m8[?25h
2015-02-12T15:37:19.364297-06:00 c0-0c2s2n2 Mounting tmpfs at PATH12577[?25l
2015-02-12T15:37:19.364309-06:00 c0-0c2s2n2 [80C[10D[1;32mdone[m8[?25h
2015-02-12T15:37:19.364325-06:00 c0-0c2s2n2 Mounting devpts at PATH12587[?25l
2015-02-12T15:37:19.364334-06:00 c0-0c2s2n2 [80C[10D[1;32mdone[m8[?25h
2015-02-12T15:37:19.364346-06:00 c0-0c2s2n2 Boot logging started on PATH1259(PATH1260) at Thu Feb 12 15:37:13 2015
2015-02-12T15:37:19.400990-06:00 c0-0c2s2n2 Mounting debugfs at PATH12617[?25l
2015-02-12T15:37:19.400999-06:00 c0-0c2s2n2 [80C[10D[1;32mdone[m8[?25h
2015-02-12T15:37:19.501688-06:00 c0-0c2s2n2 [m[?25hNo efivars filesystem driver available.[m[?25hStarting udevd: udev: starting version 147
2015-02-12T15:37:19.501733-06:00 c0-0c2s2n2 7[?25l
2015-02-12T15:37:19.501746-06:00 c0-0c2s2n2 [80C[10D[1;32mdone[m8[?25h
2015-02-12T15:37:19.552349-06:00 c0-0c2s2n2 Loading drivers, configuring devices: usbcore: registered new interface driver usbfs
2015-02-12T15:37:19.552440-06:00 c0-0c2s2n2 ahci 0000:00:1f.2: PCI INT B -> GSI 19 (level, low) -> IRQ 19
2015-02-12T15:37:19.577376-06:00 c0-0c2s2n2 usbcore: registered new interface driver hub
2015-02-12T15:37:19.577525-06:00 c0-0c2s2n2 ahci 0000:00:1f.2: forcing PORTS_IMPL to 0x3f
2015-02-12T15:37:19.602683-06:00 c0-0c2s2n2 ahci 0000:00:1f.2: AHCI 0001.0300 32 slots 6 ports 6 Gbps 0x3f impl SATA mode
2015-02-12T15:37:19.602935-06:00 c0-0c2s2n2 ahci 0000:00:1f.2: flags: 64bit ncq sntf pm led clo pio slum part ems apst 
2015-02-12T15:37:19.602973-06:00 c0-0c2s2n2 scsi0 : ahci
2015-02-12T15:37:19.603058-06:00 c0-0c2s2n2 usbcore: registered new device driver usb
2015-02-12T15:37:19.627976-06:00 c0-0c2s2n2 scsi1 : ahci
2015-02-12T15:37:19.628043-06:00 c0-0c2s2n2 scsi2 : ahci
2015-02-12T15:37:19.628099-06:00 c0-0c2s2n2 scsi3 : ahci
2015-02-12T15:37:19.628137-06:00 c0-0c2s2n2 scsi4 : ahci
2015-02-12T15:37:19.628231-06:00 c0-0c2s2n2 scsi5 : ahci
2015-02-12T15:37:19.628482-06:00 c0-0c2s2n2 ata2: SATA max PATH1238 abar m2048@0xfbf00000 port 0xfbf00100 irq 164
2015-02-12T15:37:19.653288-06:00 c0-0c2s2n2 ata3: SATA max PATH1238 abar m2048@0xfbf00000 port 0xfbf00180 irq 164
2015-02-12T15:37:19.653451-06:00 c0-0c2s2n2 ata4: SATA max PATH1238 abar m2048@0xfbf00000 port 0xfbf00200 irq 164
2015-02-12T15:37:19.678628-06:00 c0-0c2s2n2 ata5: SATA max PATH1238 abar m2048@0xfbf00000 port 0xfbf00280 irq 164
2015-02-12T15:37:19.678930-06:00 c0-0c2s2n2 ata6: SATA max PATH1238 abar m2048@0xfbf00000 port 0xfbf00300 irq 164
2015-02-12T15:37:19.704307-06:00 c0-0c2s2n2 ata7: SATA max PATH1238 abar m2048@0xfbf00000 port 0xfbf00380 irq 164
2015-02-12T15:37:19.729327-06:00 c0-0c2s2n2 ehci_hcd: USB 2.0 'Enhanced' Host Controller (EHCI) Driver
2015-02-12T15:37:19.755258-06:00 c0-0c2s2n2 ehci_hcd 0000:00:1a.0: PCI INT A -> GSI 16 (level, low) -> IRQ 16
2015-02-12T15:37:19.755270-06:00 c0-0c2s2n2 ehci_hcd 0000:00:1a.0: EHCI Host Controller
2015-02-12T15:37:19.755286-06:00 c0-0c2s2n2 ehci_hcd 0000:00:1a.0: new USB bus registered, assigned bus number 1
2015-02-12T15:37:19.755314-06:00 c0-0c2s2n2 ehci_hcd 0000:00:1a.0: debug port 2
2015-02-12T15:37:19.780502-06:00 c0-0c2s2n2 ehci_hcd 0000:00:1a.0: irq 16, io mem 0xfbf02000
2015-02-12T15:37:19.821666-06:00 c0-0c2s2n2 ehci_hcd 0000:00:1a.0: USB 2.0 started, EHCI 1.00
2015-02-12T15:37:19.821699-06:00 c0-0c2s2n2 hub 1-0:1.0: USB hub found
2015-02-12T15:37:19.821710-06:00 c0-0c2s2n2 hub 1-0:1.0: 2 ports detected
2015-02-12T15:37:19.821721-06:00 c0-0c2s2n2 ehci_hcd 0000:00:1d.0: PCI INT A -> GSI 23 (level, low) -> IRQ 23
2015-02-12T15:37:19.821734-06:00 c0-0c2s2n2 ehci_hcd 0000:00:1d.0: EHCI Host Controller
2015-02-12T15:37:19.846048-06:00 c0-0c2s2n2 ehci_hcd 0000:00:1d.0: new USB bus registered, assigned bus number 2
2015-02-12T15:37:19.846129-06:00 c0-0c2s2n2 ehci_hcd 0000:00:1d.0: debug port 2
2015-02-12T15:37:19.871441-06:00 c0-0c2s2n2 ehci_hcd 0000:00:1d.0: irq 23, io mem 0xfbf01000
2015-02-12T15:37:19.871606-06:00 c0-0c2s2n2 ehci_hcd 0000:00:1d.0: USB 2.0 started, EHCI 1.00
2015-02-12T15:37:19.871617-06:00 c0-0c2s2n2 hub 2-0:1.0: USB hub found
2015-02-12T15:37:19.896611-06:00 c0-0c2s2n2 hub 2-0:1.0: 2 ports detected
2015-02-12T15:37:20.121044-06:00 c0-0c2s2n2 usb 1-1: new high-speed USB device number 2 using ehci_hcd
2015-02-12T15:37:20.247362-06:00 c0-0c2s2n2 hub 1-1:1.0: USB hub found
2015-02-12T15:37:20.247472-06:00 c0-0c2s2n2 hub 1-1:1.0: 6 ports detected
2015-02-12T15:37:20.373619-06:00 c0-0c2s2n2 usb 2-1: new high-speed USB device number 2 using ehci_hcd
2015-02-12T15:37:20.499891-06:00 c0-0c2s2n2 hub 2-1:1.0: USB hub found
2015-02-12T15:37:20.499942-06:00 c0-0c2s2n2 hub 2-1:1.0: 8 ports detected
2015-02-12T15:37:20.625950-06:00 c0-0c2s2n2 ata5: failed to resume link (SControl 0)
2015-02-12T15:37:20.650904-06:00 c0-0c2s2n2 ata5: SATA link down (SStatus 0 SControl 0)
2015-02-12T15:37:20.676211-06:00 c0-0c2s2n2 ata4: failed to resume link (SControl 0)
2015-02-12T15:37:20.676329-06:00 c0-0c2s2n2 ata4: SATA link down (SStatus 0 SControl 0)
2015-02-12T15:37:20.676411-06:00 c0-0c2s2n2 ata2: failed to resume link (SControl 0)
2015-02-12T15:37:20.676469-06:00 c0-0c2s2n2 ata2: SATA link down (SStatus 0 SControl 0)
2015-02-12T15:37:20.676511-06:00 c0-0c2s2n2 ata7: failed to resume link (SControl 0)
2015-02-12T15:37:20.676569-06:00 c0-0c2s2n2 ata7: SATA link down (SStatus 0 SControl 0)
2015-02-12T15:37:20.701428-06:00 c0-0c2s2n2 ata6: failed to resume link (SControl 0)
2015-02-12T15:37:20.701497-06:00 c0-0c2s2n2 ata6: SATA link down (SStatus 0 SControl 0)
2015-02-12T15:37:20.701572-06:00 c0-0c2s2n2 ata3: failed to resume link (SControl 0)
2015-02-12T15:37:20.726619-06:00 c0-0c2s2n2 ata3: SATA link down (SStatus 0 SControl 0)
2015-02-12T15:37:20.726853-06:00 c0-0c2s2n2 7[?25l
2015-02-12T15:37:20.726868-06:00 c0-0c2s2n2 [80C[10D[1;32mdone[m8[?25h
2015-02-12T15:37:20.827503-06:00 c0-0c2s2n2 [m[?25hMounting PATH1262 from IPADDR13. Checking for nid=138 existance.
2015-02-12T15:37:20.979002-06:00 c0-0c2s2n2 7[?25l
2015-02-12T15:37:20.979010-06:00 c0-0c2s2n2 [80C[10D[1;32mdone[m8[?25h
2015-02-12T15:37:21.004392-06:00 c0-0c2s2n2 Mounting tmpfs on PATH12637[?25l
2015-02-12T15:37:21.004401-06:00 c0-0c2s2n2 [80C[10D[1;32mdone[m8[?25h
2015-02-12T15:37:21.004426-06:00 c0-0c2s2n2 Running sysctl using values from PATH1264
2015-02-12T15:37:21.004438-06:00 c0-0c2s2n2 net.ipv4.icmp_echo_ignore_broadcasts = 1
2015-02-12T15:37:21.004479-06:00 c0-0c2s2n2 net.ipv4.conf.all.rp_filter = 1
2015-02-12T15:37:21.004525-06:00 c0-0c2s2n2 fs.inotify.max_user_watches = 65536
2015-02-12T15:37:21.004534-06:00 c0-0c2s2n2 net.ipv4.conf.default.promote_secondaries = 1
2015-02-12T15:37:21.004543-06:00 c0-0c2s2n2 net.ipv4.conf.all.promote_secondaries = 1
2015-02-12T15:37:21.004555-06:00 c0-0c2s2n2 vm.min_free_kbytes = 102400
2015-02-12T15:37:21.029364-06:00 c0-0c2s2n2 7[?25l
2015-02-12T15:37:21.029376-06:00 c0-0c2s2n2 [80C[10D[1;32mdone[m8[?25h
2015-02-12T15:37:21.029406-06:00 c0-0c2s2n2 [m[?25hActivating swap-devices in PATH1265
2015-02-12T15:37:21.029495-06:00 c0-0c2s2n2 7[?25l[1A
2015-02-12T15:37:21.029511-06:00 c0-0c2s2n2 [80C[10D[1;32mdone[m8[?25hroot file system (PATH24) is NOT being checked.
2015-02-12T15:37:21.508733-06:00 c0-0c2s2n2 [m[?25hSet System Time to the current Hardware Clock7[?25l
2015-02-12T15:37:21.508740-06:00 c0-0c2s2n2 [80C[10D[1;32mdone[m8[?25h
2015-02-12T15:37:21.533914-06:00 c0-0c2s2n2 [m[?25hActivating device mapper...
2015-02-12T15:37:21.533987-06:00 c0-0c2s2n2 device-mapper: ioctl: 4.23.0-ioctl (2012-07-25) initialised: dm-devel@redhat.com
2015-02-12T15:37:21.533999-06:00 c0-0c2s2n2 7[?25l
2015-02-12T15:37:21.534013-06:00 c0-0c2s2n2 [80C[10D[1;32mdone[m8[?25h
2015-02-12T15:37:21.559238-06:00 c0-0c2s2n2 [m[?25hLoading required kernel modules
2015-02-12T15:37:21.584530-06:00 c0-0c2s2n2 7[?25l[1A
2015-02-12T15:37:21.584539-06:00 c0-0c2s2n2 [80C[10D[1;32mdone[m8[?25h[m[?25h[m[?25hWaiting for udev to settle...
2015-02-12T15:37:21.584560-06:00 c0-0c2s2n2 Scanning for LVM volume groups...
2015-02-12T15:37:21.584572-06:00 c0-0c2s2n2  Reading all physical volumes.  This may take a while...
2015-02-12T15:37:21.584628-06:00 c0-0c2s2n2  No volume groups found
2015-02-12T15:37:21.584650-06:00 c0-0c2s2n2  No volume groups found
2015-02-12T15:37:21.609598-06:00 c0-0c2s2n2 Activating LVM volume groups...
2015-02-12T15:37:21.634891-06:00 c0-0c2s2n2  PARTIAL MODE. Incomplete logical volumes will be processed.
2015-02-12T15:37:21.634926-06:00 c0-0c2s2n2  No volume groups found
2015-02-12T15:37:21.634937-06:00 c0-0c2s2n2 7[?25l
2015-02-12T15:37:21.634946-06:00 c0-0c2s2n2 [80C[10D[1;32mdone[m8[?25h
2015-02-12T15:37:21.634970-06:00 c0-0c2s2n2 [m[?25hNo fibre channel cards present.  Not waiting for disk devices. 
2015-02-12T15:37:21.685284-06:00 c0-0c2s2n2 [m[?25hChecking file systems...
2015-02-12T15:37:21.685316-06:00 c0-0c2s2n2 fsck from util-linux 2.19.1
2015-02-12T15:37:21.685390-06:00 c0-0c2s2n2 Checking all file systems.
2015-02-12T15:37:21.685438-06:00 c0-0c2s2n2 7[?25l[1A
2015-02-12T15:37:21.685450-06:00 c0-0c2s2n2 [80C[10D[1;32mdone[m8[?25hMounting local file systems...
2015-02-12T15:37:21.685519-06:00 c0-0c2s2n2 nothing was mounted
2015-02-12T15:37:21.987990-06:00 c0-0c2s2n2 7[?25l[1A
2015-02-12T15:37:21.988004-06:00 c0-0c2s2n2 [80C[10D[1;32mdone[m8[?25h[m[?25hCheck if the profiles matches the system7[?25l
2015-02-12T15:37:21.988014-06:00 c0-0c2s2n2 [80C[10D[1;32mdone[m8[?25h
2015-02-12T15:37:21.988037-06:00 c0-0c2s2n2 [m[?25hEnabling monitoring on LVM volume groups...
2015-02-12T15:37:22.013167-06:00 c0-0c2s2n2  No volume groups found
2015-02-12T15:37:22.013198-06:00 c0-0c2s2n2 7[?25l
2015-02-12T15:37:22.013216-06:00 c0-0c2s2n2 [80C[10D[1;32mdone[m8[?25h
2015-02-12T15:37:22.063688-06:00 c0-0c2s2n2 [m[?25h[m[?25h[m[?25h[m[?25h[m[?25hTurning quota on
2015-02-12T15:37:22.088875-06:00 c0-0c2s2n2 Checking quotas. This may take some time.
2015-02-12T15:37:22.088929-06:00 c0-0c2s2n2 7[?25l
2015-02-12T15:37:22.088934-06:00 c0-0c2s2n2 [80C[10D[1;32mdone[m8[?25h
2015-02-12T15:37:22.088994-06:00 c0-0c2s2n2 [m[?25hSetting current sysctl status from PATH12647[?25l
2015-02-12T15:37:22.089000-06:00 c0-0c2s2n2 [80C[10D[1;32mdone[m8[?25h
2015-02-12T15:37:22.215201-06:00 c0-0c2s2n2 [m[?25hATTENTION: You have modified PATH3931  Leaving it untouched...
2015-02-12T15:37:22.215229-06:00 c0-0c2s2n2 You can find my version in PATH350770 ...
2015-02-12T15:37:22.240138-06:00 c0-0c2s2n2 touch: cannot touch `PATH1267': Read-only file system
2015-02-12T15:37:22.265387-06:00 c0-0c2s2n2 chmod: cannot access `PATH1267': No such file or directory
2015-02-12T15:37:22.265414-06:00 c0-0c2s2n2 touch: cannot touch `PATH1267': Read-only file system
2015-02-12T15:37:22.265478-06:00 c0-0c2s2n2 [m[?25hSystem Boot Control: The system has been 
2015-02-12T15:37:22.265487-06:00 c0-0c2s2n2 [80C[10D[1mset up[m
2015-02-12T15:37:22.265497-06:00 c0-0c2s2n2 Skipped features: [80C[19D[1;33mboot.efivars[m
2015-02-12T15:37:22.290598-06:00 c0-0c2s2n2 System Boot Control: Running PATH1268
2015-02-12T15:37:22.290671-06:00 c0-0c2s2n2 7[?25l[1A
2015-02-12T15:37:22.290677-06:00 c0-0c2s2n2 [8
2015-02-12T15:37:22.290681-06:00 c0-0c2s2n2 INIT: Entering runlevel: 3
2015-02-12T15:37:22.316056-06:00 c0-0c2s2n2 Master Resource Control: previous runlevel: N, switching to runlevel: 
2015-02-12T15:37:22.316064-06:00 c0-0c2s2n2 [80C[10D[1m3[m
2015-02-12T15:37:22.366279-06:00 c0-0c2s2n2 Starting batchlimitd
2015-02-12T15:37:22.391540-06:00 c0-0c2s2n2 [m[?25hLoading nic compatibility device7[?25l
2015-02-12T15:37:22.391559-06:00 c0-0c2s2n2 [80C[10D[1;32mdone[m8[?25h
2015-02-12T15:37:22.517582-06:00 c0-0c2s2n2 [m[?25hbpmcd_init: Power statistics available in PATH1240
2015-02-12T15:37:22.568219-06:00 c0-0c2s2n2 [m[?25hStarting D-Bus daemon7[?25l
2015-02-12T15:37:22.568233-06:00 c0-0c2s2n2 [80C[10D[1;32mdone[m8[?25h
2015-02-12T15:37:22.593410-06:00 c0-0c2s2n2 [m[?25hiSCSI Enterprise Target Software - version trunk
2015-02-12T15:37:22.593453-06:00 c0-0c2s2n2 iscsi_trgt: Registered io type fileio
2015-02-12T15:37:22.618649-06:00 c0-0c2s2n2 iscsi_trgt: Registered io type blockio
2015-02-12T15:37:22.618712-06:00 c0-0c2s2n2 iscsi_trgt: Registered io type nullio
2015-02-12T15:37:22.643893-06:00 c0-0c2s2n2 [m[?25hLNet: HW CPU cores: 16, npartitions: 4
2015-02-12T15:37:27.686957-06:00 c0-0c2s2n2 PATH3933: line 179: lctl: command not found
2015-02-12T15:37:27.712172-06:00 c0-0c2s2n2 [m[?25hRemoving old kernel packages...
2015-02-12T15:37:27.712194-06:00 c0-0c2s2n2 rm: cannot remove `PATH1269': Read-only file system
2015-02-12T15:37:27.737374-06:00 c0-0c2s2n2 PATH1270: multiversion.kernels not configured in PATH1271, exiting.
2015-02-12T15:37:27.762580-06:00 c0-0c2s2n2 7[?25l
2015-02-12T15:37:27.762589-06:00 c0-0c2s2n2 [80C[10D[1;32mdone[m8[?25h
2015-02-12T15:37:27.787860-06:00 c0-0c2s2n2 [m[?25hInitializing random number generator7[?25l
2015-02-12T15:37:27.787866-06:00 c0-0c2s2n2 [80C[10D[1;32mdone[m8[?25h
2015-02-12T15:37:27.838562-06:00 c0-0c2s2n2 [m[?25hCompat-rdma backport release: ac916cb
2015-02-12T15:37:27.863563-06:00 c0-0c2s2n2 Backport based on git:PATH1237 5268562
2015-02-12T15:37:27.888783-06:00 c0-0c2s2n2 compat.git: git:PATH1237
2015-02-12T15:37:27.984147-06:00 c0-0c2s2n2 Loading HCA driver and Access Layer:[60G[  [1;32mOK[0;39m  ]
2015-02-12T15:37:28.009392-06:00 c0-0c2s2n2 Setting up InfiniBand network interfaces:
2015-02-12T15:37:28.009435-06:00 c0-0c2s2n2 Setting up service network . . .[60G[  [0;39mdone[0;39m  ]
2015-02-12T15:37:28.375168-06:00 c0-0c2s2n2 [m[?25hSetting up (localfs) network interfaces:
2015-02-12T15:37:28.375181-06:00 c0-0c2s2n2    lo        
2015-02-12T15:37:28.375187-06:00 c0-0c2s2n2    lo        IP address: PATH1272   
2015-02-12T15:37:28.375194-06:00 c0-0c2s2n2              IP address: PATH1273   
2015-02-12T15:37:28.485662-06:00 c0-0c2s2n2 7[?25l[1A
2015-02-12T15:37:28.485672-06:00 c0-0c2s2n2 [80C[10D[1;32mdone[m8[?25h    ipogif0   
2015-02-12T15:37:28.485696-06:00 c0-0c2s2n2              No configuration found for ipogif0
2015-02-12T15:37:28.511561-06:00 c0-0c2s2n2 7[?25l[1A
2015-02-12T15:37:28.511573-06:00 c0-0c2s2n2 [80C[10D[1munused[m8[?25hSetting up service (localfs) network  .  .  .  .  .  .  .  .  .  .7[?25l
2015-02-12T15:37:28.511579-06:00 c0-0c2s2n2 [80C[10D[1;32mdone[m8[?25h
2015-02-12T15:37:28.550548-06:00 c0-0c2s2n2 [m[?25hCould not start BND as this is not the boot node.
2015-02-12T15:37:28.550577-06:00 c0-0c2s2n2 bootnodes are: 1 1 
2015-02-12T15:37:28.550596-06:00 c0-0c2s2n2 mynid=138
2015-02-12T15:37:28.590915-06:00 c0-0c2s2n2 [m[?25hS04cray-config-service: Mounting 9p configuration directory. 
2015-02-12T15:37:29.591070-06:00 c0-0c2s2n2 S04cray-config-service:   Success.  
2015-02-12T15:37:29.666716-06:00 c0-0c2s2n2 [m[?25h[m[?25hStarting hw_info_init on 138
2015-02-12T15:37:29.666779-06:00 c0-0c2s2n2 bootnodes are: 1 1 
2015-02-12T15:37:29.666833-06:00 c0-0c2s2n2 mynid=138
2015-02-12T15:37:30.115779-06:00 c0-0c2s2n2 [m[?25h[m[?25h 
2015-02-12T15:37:30.115791-06:00 c0-0c2s2n2 cray-syslog: **WARNING**  PATH1274 MAY require hard and soft file limits 
2015-02-12T15:37:30.115800-06:00 c0-0c2s2n2 cray-syslog:              greater or equal to 8192 for proper LLM operation 
2015-02-12T15:37:30.115822-06:00 c0-0c2s2n2 cray-syslog:              when large number of jobs are launched concurrently.
2015-02-12T15:37:30.115841-06:00 c0-0c2s2n2 cray-syslog:              If you have failures running large number of concurrent jobs,
2015-02-12T15:37:30.115869-06:00 c0-0c2s2n2 cray-syslog:              you may wish to update the hard and soft nofile entries in 
2015-02-12T15:37:30.140958-06:00 c0-0c2s2n2 cray-syslog:              limits.conf as follows.
2015-02-12T15:37:30.140977-06:00 c0-0c2s2n2 
2015-02-12T15:37:30.141010-06:00 c0-0c2s2n2 cray-syslog: PATH1274: 
2015-02-12T15:37:30.141023-06:00 c0-0c2s2n2 cray-syslog: *  soft  nofile  8192
2015-02-12T15:37:30.141069-06:00 c0-0c2s2n2 cray-syslog: *  hard  nofile  8192
2015-02-12T15:37:30.141082-06:00 c0-0c2s2n2 
2015-02-12T15:37:31.107628-06:00 c0-0c2s2n2 cray-syslog: rsyslogd started as process 6747.
2015-02-12T15:37:32.120385-06:00 c0-0c2s2n2 cray-syslog: llmrd started as process  6760.
2015-02-12T15:37:32.196094-06:00 c0-0c2s2n2 [m[?25h[m[?25hStarting auditd startproc:  exit status of parent of PATH1275: 6
2015-02-12T15:37:32.196136-06:00 c0-0c2s2n2 7[?25l
2015-02-12T15:37:32.196154-06:00 c0-0c2s2n2 [80C[10D[1;32mdone[m8[?25h
2015-02-12T15:37:32.296892-06:00 c0-0c2s2n2 [m[?25hStarting haveged daemon 7[?25l
2015-02-12T15:37:32.296904-06:00 c0-0c2s2n2 [80C[10D[1;32mdone[m8[?25h
2015-02-12T15:37:32.322128-06:00 c0-0c2s2n2 [m[?25hStarting rpcbind 7[?25l
2015-02-12T15:37:32.322139-06:00 c0-0c2s2n2 [80C[10D[1;32mdone[m8[?25h
2015-02-12T15:37:32.347361-06:00 c0-0c2s2n2 [m[?25hbootnodes are: 1 1 
2015-02-12T15:37:32.347387-06:00 c0-0c2s2n2 mynid=138
2015-02-12T15:37:32.372635-06:00 c0-0c2s2n2 [m[?25hNot starting NFS client services - no NFS found in PATH1276:
2015-02-12T15:37:32.372644-06:00 c0-0c2s2n2 [80C[10D[1munused[m
2015-02-12T15:37:32.423047-06:00 c0-0c2s2n2 [m[?25hStarting DVS service: DVS: Revision 1873 - Built: Sep 17 2014 @ 06:40:29 for lnet version 2.5
2015-02-12T15:37:32.473450-06:00 c0-0c2s2n2 Lustre: kgnilnd build version: 2.5-trunk-1.0502.17198.8.51-abuild-RB-5.2UP02_2.5.1-2014-09-17-06:59
2015-02-12T15:37:32.549123-06:00 c0-0c2s2n2 LNet: Added LNI 138@gni [PATH1244]
2015-02-12T15:37:33.578876-06:00 c0-0c2s2n2 7[?25l
2015-02-12T15:37:33.578881-06:00 c0-0c2s2n2 [80C[10D[1;32mdone[m8[?25h
2015-02-12T15:37:33.618350-06:00 c0-0c2s2n2 [m[?25hStarting java.binfmt_misc 7[?25l
2015-02-12T15:37:33.618359-06:00 c0-0c2s2n2 [80C[10D[1;32mdone[m8[?25h
2015-02-12T15:37:33.643607-06:00 c0-0c2s2n2 [m[?25hStarting mcelog... 7[?25l
2015-02-12T15:37:33.643617-06:00 c0-0c2s2n2 [80C[10D[1;32mdone[m8[?25h
2015-02-12T15:37:33.755887-06:00 c0-0c2s2n2 [m[?25hSetting up (remotefs) network interfaces:
2015-02-12T15:37:33.856889-06:00 c0-0c2s2n2    sit0      
2015-02-12T15:37:33.882014-06:00 c0-0c2s2n2              No configuration found for sit0
2015-02-12T15:37:33.907231-06:00 c0-0c2s2n2 7[?25l[1A
2015-02-12T15:37:33.907246-06:00 c0-0c2s2n2 [80C[10D[1munused[m8[?25hSetting up service (remotefs) network  .  .  .  .  .  .  .  .  .  .7[?25l
2015-02-12T15:37:33.907254-06:00 c0-0c2s2n2 [80C[10D[1;32mdone[m8[?25h
2015-02-12T15:37:33.932717-06:00 c0-0c2s2n2 [80C[10D[1;32mdone[m8[?25h
2015-02-12T15:37:33.982969-06:00 c0-0c2s2n2 [m[?25hsdbnodes are: 137 137 
2015-02-12T15:37:33.983074-06:00 c0-0c2s2n2 mynid=138
2015-02-12T15:37:34.033679-06:00 c0-0c2s2n2 [m[?25hStarting network time protocol daemon (NTPD)7[?25l
2015-02-12T15:37:34.033690-06:00 c0-0c2s2n2 [80C[10D[1;32mdone[m8[?25h
2015-02-12T15:37:34.109430-06:00 c0-0c2s2n2 [m[?25hStarting MUNGE: munged7[?25l
2015-02-12T15:37:34.109440-06:00 c0-0c2s2n2 [80C[10D[1;32mdone[m8[?25h
2015-02-12T15:37:34.159987-06:00 c0-0c2s2n2 [m[?25h[m[?25h[m[?25hStarting Name Service Cache Daemon7[?25l
2015-02-12T15:37:34.159995-06:00 c0-0c2s2n2 [80C[10D[1;32mdone[m8[?25h
2015-02-12T15:37:34.226006-06:00 c0-0c2s2n2 [m[?25hEnabling Linux Jobs
2015-02-12T15:37:34.226210-06:00 c0-0c2s2n2 [m[?25hStarting alps services
2015-02-12T15:37:34.771698-06:00 c0-0c2s2n2 mkdir: cannot create directory `PATH1277': Read-only file system
2015-02-12T15:37:34.771728-06:00 c0-0c2s2n2 no ALPS daemon will be started on node nid00138.
2015-02-12T15:37:35.268211-06:00 c0-0c2s2n2 [m[?25h<node_health> Starting node_health_recovery
2015-02-12T15:37:35.293426-06:00 c0-0c2s2n2 [m[?25hsdbnodes are: 137 137 
2015-02-12T15:37:35.293437-06:00 c0-0c2s2n2 mynid=138
2015-02-12T15:37:35.318720-06:00 c0-0c2s2n2 [m[?25hBoot event: Starting
2015-02-12T15:37:35.318755-06:00 c0-0c2s2n2 blogd: no message logging because PATH1262 file system is not accessible
2015-02-12T15:37:35.318770-06:00 c0-0c2s2n2 Sending ec_node_info with boot code 8 (NODE_INFO_OS_BOOT_SUCCEEDED) for nid 138
2015-02-12T15:37:35.318794-06:00 c0-0c2s2n2 [m[?25hMaster Resource Control: runlevel 3 has been 
2015-02-12T15:37:35.318806-06:00 c0-0c2s2n2 [80C[10D[1mreached[m
2015-02-12T15:37:35.343833-06:00 c0-0c2s2n2 Failed services in runlevel 3: [80C[11D[1;31mlnet[m
2015-02-12T15:37:35.343861-06:00 c0-0c2s2n2 Skipped services in runlevel 3: [80C[10D[1;33mnfs[m
2015-02-12T15:37:35.343872-06:00 c0-0c2s2n2 INIT: no more processes left in this runlevel
2015-02-12T15:28:39.277013-06:00 c0-0c2s4n1 ERROR: Type:2; Severity:80; Class:3; Subclass:D; Operation: 2
2015-02-12T15:39:08.977829-06:00 c0-0c2s4n1 Wait4Boot: WRITE: 523 bytes to memory @ 0x90CD0 ... complete
2015-02-12T15:39:08.977841-06:00 c0-0c2s4n1 Wait4Boot: Blade Controller Boot Protocol version - 1
2015-02-12T15:39:08.977859-06:00 c0-0c2s4n1 Wait4Boot: JUMP: KernelStart 0x100000, boot_params 0x90000, CmdLineAddr 0x90CD0
2015-02-12T15:39:08.977878-06:00 c0-0c2s4n1 OnExitBootServices..
2015-02-12T15:39:09.014781-06:00 c0-0c2s4n1 ConfigureXhciAtBoot() Start
2015-02-12T15:39:09.015108-06:00 c0-0c2s4n1 ConfigureXhciAtBoot() End
2015-02-12T15:39:09.015418-06:00 c0-0c2s4n1 (Wdt) RunWdtBeforeOsBoot
2015-02-12T15:39:09.015621-06:00 c0-0c2s4n1 (Wdt) DisableTimer
2015-02-12T15:39:12.057670-06:00 c0-0c2s4n1 Crypto Lib Callback.
2015-02-12T15:39:12.058071-06:00 c0-0c2s4n1 Heap addr before Virtual MemFixup = 7bacb018, After = 7bacb018
2015-02-12T15:39:12.082775-06:00 c0-0c2s4n1 NvramSmi Go Virtual
2015-02-12T15:39:12.209631-06:00 c0-0c2s4n1 Stopping all external HCs
2015-02-12T15:39:12.234385-06:00 c0-0c2s4n1 stopping all HC type 40:
2015-02-12T15:39:21.662071-06:00 c0-0c2s4n1 i8042: No controller found
2015-02-12T15:39:25.952972-06:00 c0-0c2s4n1 Sending ec_node_info with boot code 0 (NODE_INFO_OS_BOOT) for nid 145
2015-02-12T15:39:25.952980-06:00 c0-0c2s4n1 net.core.rmem_max = 16777216
2015-02-12T15:39:25.952985-06:00 c0-0c2s4n1 net.core.wmem_max = 16777216
2015-02-12T15:39:25.952994-06:00 c0-0c2s4n1 net.core.rmem_default = 16777216
2015-02-12T15:39:25.953002-06:00 c0-0c2s4n1 net.core.wmem_default = 16777216
2015-02-12T15:39:25.953006-06:00 c0-0c2s4n1 net.core.optmem_max = 16777216
2015-02-12T15:39:25.953017-06:00 c0-0c2s4n1 net.ipv4.tcp_mem = 16777216 16777216 16777216
2015-02-12T15:39:25.953024-06:00 c0-0c2s4n1 net.ipv4.tcp_rmem = 4096 87380 16777216
2015-02-12T15:39:25.953033-06:00 c0-0c2s4n1 net.ipv4.tcp_wmem = 4096 65536 16777216
2015-02-12T15:39:25.953041-06:00 c0-0c2s4n1 nid 145: Linux version 3.0.101-0.31.1_1.0502.8394-cray_ari_c (abuild@cfosbld02) (gcc version 4.3.4 [gcc-4_3-branch revision 152973] (SUSE Linux) ) #1 SMP Wed Sep 10 04:09:26 UTC 2014
2015-02-12T15:39:25.953049-06:00 c0-0c2s4n1 starting pid 6946, tty '': 'PATH3974'
2015-02-12T15:39:25.953061-06:00 c0-0c2s4n1 bpmcd_init: Power statistics available in PATH1240
2015-02-12T15:39:25.953073-06:00 c0-0c2s4n1 DVS: Revision 1873 - Built: Sep 17 2014 @ 06:40:25 for lnet version 2.5
2015-02-12T15:39:25.953083-06:00 c0-0c2s4n1 LNet: HW CPU cores: 64, npartitions: 8
2015-02-12T15:39:30.584711-06:00 c0-0c2s4n1 Lustre: kgnilnd build version: 2.5-trunk-1.0502.17198.8.57-abuild-RB-5.2UP02_2.5.1-2014-09-17-06:43
2015-02-12T15:39:30.739517-06:00 c0-0c2s4n1 LNet: Added LNI 145@gni [PATH4853]
2015-02-12T15:39:46.739378-06:00 c0-0c2s4n1 mcelog: Family 6 Model 3f CPU: only decoding architectural errors
2015-02-12T15:39:46.765065-06:00 c0-0c2s4n1 SGI XPMEM kernel module v2.2 loaded
2015-02-12T15:39:46.765076-06:00 c0-0c2s4n1 <node_health> (xtnhd) xtnhd has started
2015-02-12T15:39:47.464685-06:00 c0-0c2s4n1 boot_freemem data calculated:  130102200
2015-02-12T15:28:39.276943-06:00 c0-0c1s5n1 ERROR: Type:2; Severity:80; Class:3; Subclass:D; Operation: 2
2015-02-12T15:39:08.937811-06:00 c0-0c1s5n1 Wait4Boot: WRITE: 523 bytes to memory @ 0x90CD0 ... complete
2015-02-12T15:39:08.937819-06:00 c0-0c1s5n1 Wait4Boot: Blade Controller Boot Protocol version - 1
2015-02-12T15:39:08.937825-06:00 c0-0c1s5n1 Wait4Boot: JUMP: KernelStart 0x100000, boot_params 0x90000, CmdLineAddr 0x90CD0
2015-02-12T15:39:08.937831-06:00 c0-0c1s5n1 OnExitBootServices..
2015-02-12T15:39:09.014730-06:00 c0-0c1s5n1 ConfigureXhciAtBoot() Start
2015-02-12T15:39:09.015086-06:00 c0-0c1s5n1 ConfigureXhciAtBoot() End
2015-02-12T15:39:09.015379-06:00 c0-0c1s5n1 (Wdt) RunWdtBeforeOsBoot
2015-02-12T15:39:09.015579-06:00 c0-0c1s5n1 (Wdt) DisableTimer
2015-02-12T15:39:12.057648-06:00 c0-0c1s5n1 Crypto Lib Callback.
2015-02-12T15:39:12.057982-06:00 c0-0c1s5n1 Heap addr before Virtual MemFixup = 7bacb018, After = 7bacb018
2015-02-12T15:39:12.058162-06:00 c0-0c1s5n1 NvramSmi Go Virtual
2015-02-12T15:39:12.209519-06:00 c0-0c1s5n1 Stopping all external HCs
2015-02-12T15:39:12.209771-06:00 c0-0c1s5n1 stopping all HC type 40:
2015-02-12T15:39:21.662091-06:00 c0-0c1s5n1 i8042: No controller found
2015-02-12T15:39:25.861183-06:00 c0-0c1s5n1 Sending ec_node_info with boot code 0 (NODE_INFO_OS_BOOT) for nid 85
2015-02-12T15:39:25.861192-06:00 c0-0c1s5n1 net.core.rmem_max = 16777216
2015-02-12T15:39:25.861197-06:00 c0-0c1s5n1 net.core.wmem_max = 16777216
2015-02-12T15:39:25.861207-06:00 c0-0c1s5n1 net.core.rmem_default = 16777216
2015-02-12T15:39:25.861212-06:00 c0-0c1s5n1 net.core.wmem_default = 16777216
2015-02-12T15:39:25.861221-06:00 c0-0c1s5n1 net.core.optmem_max = 16777216
2015-02-12T15:39:25.861239-06:00 c0-0c1s5n1 net.ipv4.tcp_mem = 16777216 16777216 16777216
2015-02-12T15:39:25.861244-06:00 c0-0c1s5n1 net.ipv4.tcp_rmem = 4096 87380 16777216
2015-02-12T15:39:25.861252-06:00 c0-0c1s5n1 net.ipv4.tcp_wmem = 4096 65536 16777216
2015-02-12T15:39:25.861257-06:00 c0-0c1s5n1 nid 85: Linux version 3.0.101-0.31.1_1.0502.8394-cray_ari_c (abuild@cfosbld02) (gcc version 4.3.4 [gcc-4_3-branch revision 152973] (SUSE Linux) ) #1 SMP Wed Sep 10 04:09:26 UTC 2014
2015-02-12T15:39:25.861268-06:00 c0-0c1s5n1 starting pid 6937, tty '': 'PATH3974'
2015-02-12T15:39:25.861275-06:00 c0-0c1s5n1 bpmcd_init: Power statistics available in PATH1240
2015-02-12T15:39:25.861297-06:00 c0-0c1s5n1 DVS: Revision 1873 - Built: Sep 17 2014 @ 06:40:25 for lnet version 2.5
2015-02-12T15:39:25.861305-06:00 c0-0c1s5n1 LNet: HW CPU cores: 64, npartitions: 8
2015-02-12T15:39:29.785518-06:00 c0-0c1s5n1 Lustre: kgnilnd build version: 2.5-trunk-1.0502.17198.8.57-abuild-RB-5.2UP02_2.5.1-2014-09-17-06:43
2015-02-12T15:39:29.911763-06:00 c0-0c1s5n1 LNet: Added LNI 85@gni [PATH4853]
2015-02-12T15:39:45.899232-06:00 c0-0c1s5n1 mcelog: Family 6 Model 3f CPU: only decoding architectural errors
2015-02-12T15:39:45.951686-06:00 c0-0c1s5n1 SGI XPMEM kernel module v2.2 loaded
2015-02-12T15:39:45.951698-06:00 c0-0c1s5n1 <node_health> (xtnhd) xtnhd has started
2015-02-12T15:39:46.235991-06:00 c0-0c1s5n1 boot_freemem data calculated:  130104692
2015-02-12T15:28:36.738824-06:00 c0-0c2s0n1 ERROR: Type:2; Severity:80; Class:3; Subclass:D; Operation: 2
2015-02-12T15:37:08.154517-06:00 c0-0c2s0n1 Wait4Boot: WRITE: 533 bytes to memory @ 0x90CD0 ... complete
2015-02-12T15:37:08.154532-06:00 c0-0c2s0n1 Wait4Boot: Blade Controller Boot Protocol version - 1
2015-02-12T15:37:08.154539-06:00 c0-0c2s0n1 Wait4Boot: JUMP: KernelStart 0x100000, boot_params 0x90000, CmdLineAddr 0x90CD0
2015-02-12T15:37:08.292147-06:00 c0-0c2s0n1 Decompressing Linux... Parsing ELF... done.
2015-02-12T15:37:08.332782-06:00 c0-0c2s0n1 Booting the kernel.
2015-02-12T15:37:08.332821-06:00 c0-0c2s0n1 Initializing cgroup subsys cpuset
2015-02-12T15:37:08.332851-06:00 c0-0c2s0n1 Initializing cgroup subsys cpu
2015-02-12T15:37:08.332970-06:00 c0-0c2s0n1 Linux version 3.0.101-0.31.1_1.0502.8394-cray_ari_s (abuild@cfosbld05) (gcc version 4.3.4 [gcc-4_3-branch revision 152973] (SUSE Linux) ) #1 SMP Wed Sep 10 04:03:41 UTC 2014
2015-02-12T15:37:08.420740-06:00 c0-0c2s0n1 Command line: earlyprintk=serial,115200 load_ramdisk=1 ramdisk_size=80000 console=ttyS0,115200n8 bootnodeip=IPADDR13 bootproto=ipog bootpath=PATH1220 rootfs=nfs-shared root=PATH1221 oops=panic bootifnetmask=IPADDR15 elevator=noop ippob1=10 ippob2=128 pcie_ports=native iommu=on intel_iommu=off bad_page=panic pln_enable=off apei_disable hest_disable erst_disable ghes_disable cgroup_disable=memory active_wlm=ALPS sdbnodeip=IPADDR16 sessionid=p0-20150212t152812 _cray=marker_ 
2015-02-12T15:37:08.460407-06:00 c0-0c2s0n1 KERNEL supported cpus:
2015-02-12T15:37:08.460513-06:00 c0-0c2s0n1  Intel GenuineIntel
2015-02-12T15:37:08.460714-06:00 c0-0c2s0n1 BIOS-provided physical RAM map:
2015-02-12T15:37:08.460933-06:00 c0-0c2s0n1 BIOS-e820: 0000000000000000 - 00000000000a0000 (usable)
2015-02-12T15:37:08.461135-06:00 c0-0c2s0n1 BIOS-e820: 0000000000100000 - 000000007e67c000 (usable)
2015-02-12T15:37:08.461363-06:00 c0-0c2s0n1 BIOS-e820: 000000007e67c000 - 000000007e790000 (ACPI NVS)
2015-02-12T15:37:08.461558-06:00 c0-0c2s0n1 BIOS-e820: 000000007e790000 - 000000007f395000 (reserved)
2015-02-12T15:37:08.500382-06:00 c0-0c2s0n1 BIOS-e820: 000000007f395000 - 000000007f410000 (ACPI data)
2015-02-12T15:37:08.500650-06:00 c0-0c2s0n1 BIOS-e820: 000000007f410000 - 000000007f491000 (reserved)
2015-02-12T15:37:08.507936-06:00 c0-0c2s0n1 BIOS-e820: 000000007f491000 - 000000007f493000 (usable)
2015-02-12T15:37:08.508217-06:00 c0-0c2s0n1 BIOS-e820: 000000007f493000 - 000000007f494000 (ACPI NVS)
2015-02-12T15:37:08.508576-06:00 c0-0c2s0n1 BIOS-e820: 000000007f494000 - 000000007f49e000 (reserved)
2015-02-12T15:37:08.508899-06:00 c0-0c2s0n1 BIOS-e820: 000000007f49e000 - 000000007f4a6000 (ACPI NVS)
2015-02-12T15:37:08.533505-06:00 c0-0c2s0n1 BIOS-e820: 000000007f4a6000 - 000000007f4d2000 (reserved)
2015-02-12T15:37:08.533693-06:00 c0-0c2s0n1 BIOS-e820: 000000007f4d2000 - 000000007f558000 (ACPI NVS)
2015-02-12T15:37:08.533877-06:00 c0-0c2s0n1 BIOS-e820: 000000007f558000 - 000000007f800000 (usable)
2015-02-12T15:37:08.558804-06:00 c0-0c2s0n1 BIOS-e820: 0000000080000000 - 0000000090000000 (reserved)
2015-02-12T15:37:08.558885-06:00 c0-0c2s0n1 BIOS-e820: 00000000fed1c000 - 00000000fed20000 (reserved)
2015-02-12T15:37:08.583763-06:00 c0-0c2s0n1 BIOS-e820: 00000000ff000000 - 0000000100000000 (reserved)
2015-02-12T15:37:08.583959-06:00 c0-0c2s0n1 BIOS-e820: 0000000100000000 - 0000001080000000 (usable)
2015-02-12T15:37:08.584063-06:00 c0-0c2s0n1 bootconsole [earlyser0] enabled
2015-02-12T15:37:08.584250-06:00 c0-0c2s0n1 NX (Execute Disable) protection: active
2015-02-12T15:37:08.608895-06:00 c0-0c2s0n1 EFI v2.10 by American Megatrends
2015-02-12T15:37:08.609208-06:00 c0-0c2s0n1 ACPI=0x7f395000  ACPI 2.0=0x7f395000  SMBIOS=0xf04c0  MPS=0xfd450 
2015-02-12T15:37:08.609448-06:00 c0-0c2s0n1 EFI: mem00: type=3, attr=0xf, range=[0x0000000000000000-0x0000000000008000) (0MB)
2015-02-12T15:37:08.634367-06:00 c0-0c2s0n1 EFI: mem01: type=7, attr=0xf, range=[0x0000000000008000-0x0000000000060000) (0MB)
2015-02-12T15:37:08.659408-06:00 c0-0c2s0n1 EFI: mem02: type=3, attr=0xf, range=[0x0000000000060000-0x00000000000a0000) (0MB)
2015-02-12T15:37:08.659720-06:00 c0-0c2s0n1 EFI: mem03: type=7, attr=0xf, range=[0x0000000000100000-0x0000000001000000) (15MB)
2015-02-12T15:37:08.684666-06:00 c0-0c2s0n1 EFI: mem04: type=2, attr=0xf, range=[0x0000000001000000-0x0000000001100000) (1MB)
2015-02-12T15:37:08.684980-06:00 c0-0c2s0n1 EFI: mem05: type=4, attr=0xf, range=[0x0000000001100000-0x00000000017ea000) (6MB)
2015-02-12T15:37:08.724357-06:00 c0-0c2s0n1 EFI: mem06: type=3, attr=0xf, range=[0x00000000017ea000-0x00000000017ee000) (0MB)
2015-02-12T15:37:08.724582-06:00 c0-0c2s0n1 EFI: mem07: type=4, attr=0xf, range=[0x00000000017ee000-0x0000000001886000) (0MB)
2015-02-12T15:37:08.764369-06:00 c0-0c2s0n1 EFI: mem08: type=3, attr=0xf, range=[0x0000000001886000-0x000000000188f000) (0MB)
2015-02-12T15:37:08.764647-06:00 c0-0c2s0n1 EFI: mem09: type=4, attr=0xf, range=[0x000000000188f000-0x0000000001892000) (0MB)
2015-02-12T15:37:08.764921-06:00 c0-0c2s0n1 EFI: mem10: type=3, attr=0xf, range=[0x0000000001892000-0x000000000189e000) (0MB)
2015-02-12T15:37:08.765193-06:00 c0-0c2s0n1 EFI: mem11: type=4, attr=0xf, range=[0x000000000189e000-0x00000000018a9000) (0MB)
2015-02-12T15:37:08.804355-06:00 c0-0c2s0n1 EFI: mem12: type=3, attr=0xf, range=[0x00000000018a9000-0x00000000018ab000) (0MB)
2015-02-12T15:37:08.804623-06:00 c0-0c2s0n1 EFI: mem13: type=4, attr=0xf, range=[0x00000000018ab000-0x00000000018ad000) (0MB)
2015-02-12T15:37:08.810981-06:00 c0-0c2s0n1 EFI: mem14: type=3, attr=0xf, range=[0x00000000018ad000-0x00000000018af000) (0MB)
2015-02-12T15:37:08.848343-06:00 c0-0c2s0n1 EFI: mem15: type=4, attr=0xf, range=[0x00000000018af000-0x00000000018b7000) (0MB)
2015-02-12T15:37:08.848603-06:00 c0-0c2s0n1 EFI: mem16: type=3, attr=0xf, range=[0x00000000018b7000-0x00000000018bb000) (0MB)
2015-02-12T15:37:08.848860-06:00 c0-0c2s0n1 EFI: mem17: type=4, attr=0xf, range=[0x00000000018bb000-0x00000000018bd000) (0MB)
2015-02-12T15:37:08.849110-06:00 c0-0c2s0n1 EFI: mem18: type=3, attr=0xf, range=[0x00000000018bd000-0x00000000018bf000) (0MB)
2015-02-12T15:37:08.888594-06:00 c0-0c2s0n1 EFI: mem19: type=4, attr=0xf, range=[0x00000000018bf000-0x00000000018d1000) (0MB)
2015-02-12T15:37:08.888878-06:00 c0-0c2s0n1 EFI: mem20: type=3, attr=0xf, range=[0x00000000018d1000-0x00000000018d7000) (0MB)
2015-02-12T15:37:08.889123-06:00 c0-0c2s0n1 EFI: mem21: type=4, attr=0xf, range=[0x00000000018d7000-0x00000000018f9000) (0MB)
2015-02-12T15:37:08.928356-06:00 c0-0c2s0n1 EFI: mem22: type=3, attr=0xf, range=[0x00000000018f9000-0x0000000001908000) (0MB)
2015-02-12T15:37:08.928643-06:00 c0-0c2s0n1 EFI: mem23: type=4, attr=0xf, range=[0x0000000001908000-0x0000000001921000) (0MB)
2015-02-12T15:37:08.937314-06:00 c0-0c2s0n1 EFI: mem24: type=3, attr=0xf, range=[0x0000000001921000-0x000000000192b000) (0MB)
2015-02-12T15:37:08.937564-06:00 c0-0c2s0n1 EFI: mem25: type=4, attr=0xf, range=[0x000000000192b000-0x0000000001933000) (0MB)
2015-02-12T15:37:08.937801-06:00 c0-0c2s0n1 EFI: mem26: type=3, attr=0xf, range=[0x0000000001933000-0x0000000001936000) (0MB)
2015-02-12T15:37:08.962704-06:00 c0-0c2s0n1 EFI: mem27: type=4, attr=0xf, range=[0x0000000001936000-0x000000000193b000) (0MB)
2015-02-12T15:37:08.962891-06:00 c0-0c2s0n1 EFI: mem28: type=3, attr=0xf, range=[0x000000000193b000-0x000000000193e000) (0MB)
2015-02-12T15:37:08.988015-06:00 c0-0c2s0n1 EFI: mem29: type=4, attr=0xf, range=[0x000000000193e000-0x0000000001964000) (0MB)
2015-02-12T15:37:08.988287-06:00 c0-0c2s0n1 EFI: mem30: type=3, attr=0xf, range=[0x0000000001964000-0x0000000001968000) (0MB)
2015-02-12T15:37:09.013263-06:00 c0-0c2s0n1 EFI: mem31: type=4, attr=0xf, range=[0x0000000001968000-0x000000000198a000) (0MB)
2015-02-12T15:37:09.052553-06:00 c0-0c2s0n1 EFI: mem32: type=3, attr=0xf, range=[0x000000000198a000-0x00000000019b0000) (0MB)
2015-02-12T15:37:09.052798-06:00 c0-0c2s0n1 EFI: mem33: type=4, attr=0xf, range=[0x00000000019b0000-0x00000000019be000) (0MB)
2015-02-12T15:37:09.053025-06:00 c0-0c2s0n1 EFI: mem34: type=3, attr=0xf, range=[0x00000000019be000-0x00000000019ce000) (0MB)
2015-02-12T15:37:09.092536-06:00 c0-0c2s0n1 EFI: mem35: type=4, attr=0xf, range=[0x00000000019ce000-0x00000000019d0000) (0MB)
