2015-02-11T17:26:00.053500-06:00 c0-0c1s7n1 ERROR: Type:2; Severity:80; Class:3; Subclass:D; Operation: 2
2015-02-11T17:36:34.303758-06:00 c0-0c1s7n1 Wait4Boot: WRITE: 523 bytes to memory @ 0x90CD0 ... complete
2015-02-11T17:36:34.303765-06:00 c0-0c1s7n1 Wait4Boot: Blade Controller Boot Protocol version - 1
2015-02-11T17:36:34.303776-06:00 c0-0c1s7n1 Wait4Boot: JUMP: KernelStart 0x100000, boot_params 0x90000, CmdLineAddr 0x90CD0
2015-02-11T17:36:34.303781-06:00 c0-0c1s7n1 OnExitBootServices..
2015-02-11T17:36:34.355408-06:00 c0-0c1s7n1 ConfigureXhciAtBoot() Start
2015-02-11T17:36:34.378874-06:00 c0-0c1s7n1 ConfigureXhciAtBoot() End
2015-02-11T17:36:34.379249-06:00 c0-0c1s7n1 (Wdt) RunWdtBeforeOsBoot
2015-02-11T17:36:34.379521-06:00 c0-0c1s7n1 (Wdt) DisableTimer
2015-02-11T17:36:37.422868-06:00 c0-0c1s7n1 Crypto Lib Callback.
2015-02-11T17:36:37.447441-06:00 c0-0c1s7n1 Heap addr before Virtual MemFixup = 7bacb018, After = 7bacb018
2015-02-11T17:36:37.447660-06:00 c0-0c1s7n1 NvramSmi Go Virtual
2015-02-11T17:36:37.574283-06:00 c0-0c1s7n1 Stopping all external HCs
2015-02-11T17:36:37.599204-06:00 c0-0c1s7n1 stopping all HC type 40:
2015-02-11T17:36:47.118649-06:00 c0-0c1s7n1 i8042: No controller found
2015-02-11T17:36:51.284877-06:00 c0-0c1s7n1 Sending ec_node_info with boot code 0 (NODE_INFO_OS_BOOT) for nid 93
2015-02-11T17:36:51.284885-06:00 c0-0c1s7n1 net.core.rmem_max = 16777216
2015-02-11T17:36:51.284890-06:00 c0-0c1s7n1 net.core.wmem_max = 16777216
2015-02-11T17:36:51.284894-06:00 c0-0c1s7n1 net.core.rmem_default = 16777216
2015-02-11T17:36:51.284902-06:00 c0-0c1s7n1 net.core.wmem_default = 16777216
2015-02-11T17:36:51.284908-06:00 c0-0c1s7n1 net.core.optmem_max = 16777216
2015-02-11T17:36:51.284917-06:00 c0-0c1s7n1 net.ipv4.tcp_mem = 16777216 16777216 16777216
2015-02-11T17:36:51.284925-06:00 c0-0c1s7n1 net.ipv4.tcp_rmem = 4096 87380 16777216
2015-02-11T17:36:51.284931-06:00 c0-0c1s7n1 net.ipv4.tcp_wmem = 4096 65536 16777216
2015-02-11T17:36:51.284937-06:00 c0-0c1s7n1 nid 93: Linux version 3.0.101-0.31.1_1.0502.8394-cray_ari_c (abuild@cfosbld02) (gcc version 4.3.4 [gcc-4_3-branch revision 152973] (SUSE Linux) ) #1 SMP Wed Sep 10 04:09:26 UTC 2014
2015-02-11T17:36:51.284947-06:00 c0-0c1s7n1 starting pid 6927, tty '': 'PATH3974'
2015-02-11T17:36:51.284952-06:00 c0-0c1s7n1 bpmcd_init: Power statistics available in PATH1240
2015-02-11T17:36:51.284965-06:00 c0-0c1s7n1 DVS: Revision 1873 - Built: Sep 17 2014 @ 06:40:25 for lnet version 2.5
2015-02-11T17:36:51.284973-06:00 c0-0c1s7n1 LNet: HW CPU cores: 64, npartitions: 8
2015-02-11T17:36:55.085378-06:00 c0-0c1s7n1 Lustre: kgnilnd build version: 2.5-trunk-1.0502.17198.8.57-abuild-RB-5.2UP02_2.5.1-2014-09-17-06:43
2015-02-11T17:36:55.214648-06:00 c0-0c1s7n1 LNet: Added LNI 93@gni [PATH4853]
2015-02-11T17:37:11.194916-06:00 c0-0c1s7n1 mcelog: Family 6 Model 3f CPU: only decoding architectural errors
2015-02-11T17:37:11.246302-06:00 c0-0c1s7n1 SGI XPMEM kernel module v2.2 loaded
2015-02-11T17:37:11.246327-06:00 c0-0c1s7n1 <node_health> (xtnhd) xtnhd has started
2015-02-11T17:37:11.522734-06:00 c0-0c1s7n1 boot_freemem data calculated:  130104656
2015-02-11T17:25:57.933531-06:00 c0-0c1s3n0 ERROR: Type:2; Severity:80; Class:3; Subclass:D; Operation: 2
2015-02-11T17:36:34.405404-06:00 c0-0c1s3n0 Wait4Boot: WRITE: 523 bytes to memory @ 0x90CD0 ... complete
2015-02-11T17:36:34.405413-06:00 c0-0c1s3n0 Wait4Boot: Blade Controller Boot Protocol version - 1
2015-02-11T17:36:34.405418-06:00 c0-0c1s3n0 Wait4Boot: JUMP: KernelStart 0x100000, boot_params 0x90000, CmdLineAddr 0x90CD0
2015-02-11T17:36:34.405424-06:00 c0-0c1s3n0 OnExitBootServices..
2015-02-11T17:36:34.405432-06:00 c0-0c1s3n0 ConfigureXhciAtBoot() Start
2015-02-11T17:36:34.405438-06:00 c0-0c1s3n0 ConfigureXhciAtBoot() End
2015-02-11T17:36:34.405448-06:00 c0-0c1s3n0 (Wdt) RunWdtBeforeOsBoot
2015-02-11T17:36:34.405455-06:00 c0-0c1s3n0 (Wdt) DisableTimer
2015-02-11T17:36:37.397379-06:00 c0-0c1s3n0 Crypto Lib Callback.
2015-02-11T17:36:37.422353-06:00 c0-0c1s3n0 Heap addr before Virtual MemFixup = 7bacb018, After = 7bacb018
2015-02-11T17:36:37.422617-06:00 c0-0c1s3n0 NvramSmi Go Virtual
2015-02-11T17:36:37.548894-06:00 c0-0c1s3n0 Stopping all external HCs
2015-02-11T17:36:37.574143-06:00 c0-0c1s3n0 stopping all HC type 40:
2015-02-11T17:36:46.961036-06:00 c0-0c1s3n0 i8042: No controller found
2015-02-11T17:36:51.196337-06:00 c0-0c1s3n0 Sending ec_node_info with boot code 0 (NODE_INFO_OS_BOOT) for nid 76
2015-02-11T17:36:51.196346-06:00 c0-0c1s3n0 net.core.rmem_max = 16777216
2015-02-11T17:36:51.196352-06:00 c0-0c1s3n0 net.core.wmem_max = 16777216
2015-02-11T17:36:51.196356-06:00 c0-0c1s3n0 net.core.rmem_default = 16777216
2015-02-11T17:36:51.196366-06:00 c0-0c1s3n0 net.core.wmem_default = 16777216
2015-02-11T17:36:51.196371-06:00 c0-0c1s3n0 net.core.optmem_max = 16777216
2015-02-11T17:36:51.196382-06:00 c0-0c1s3n0 net.ipv4.tcp_mem = 16777216 16777216 16777216
2015-02-11T17:36:51.196391-06:00 c0-0c1s3n0 net.ipv4.tcp_rmem = 4096 87380 16777216
2015-02-11T17:36:51.196396-06:00 c0-0c1s3n0 net.ipv4.tcp_wmem = 4096 65536 16777216
2015-02-11T17:36:51.196402-06:00 c0-0c1s3n0 nid 76: Linux version 3.0.101-0.31.1_1.0502.8394-cray_ari_c (abuild@cfosbld02) (gcc version 4.3.4 [gcc-4_3-branch revision 152973] (SUSE Linux) ) #1 SMP Wed Sep 10 04:09:26 UTC 2014
2015-02-11T17:36:51.196414-06:00 c0-0c1s3n0 starting pid 6944, tty '': 'PATH3974'
2015-02-11T17:36:51.196419-06:00 c0-0c1s3n0 bpmcd_init: Power statistics available in PATH1240
2015-02-11T17:36:51.196428-06:00 c0-0c1s3n0 DVS: Revision 1873 - Built: Sep 17 2014 @ 06:40:25 for lnet version 2.5
2015-02-11T17:36:51.196436-06:00 c0-0c1s3n0 LNet: HW CPU cores: 64, npartitions: 8
2015-02-11T17:36:54.390811-06:00 c0-0c1s3n0 Lustre: kgnilnd build version: 2.5-trunk-1.0502.17198.8.57-abuild-RB-5.2UP02_2.5.1-2014-09-17-06:43
2015-02-11T17:36:54.516847-06:00 c0-0c1s3n0 LNet: Added LNI 76@gni [PATH4853]
2015-02-11T17:37:10.511822-06:00 c0-0c1s3n0 mcelog: Family 6 Model 3f CPU: only decoding architectural errors
2015-02-11T17:37:10.577766-06:00 c0-0c1s3n0 SGI XPMEM kernel module v2.2 loaded
2015-02-11T17:37:10.578253-06:00 c0-0c1s3n0 <node_health> (xtnhd) xtnhd has started
2015-02-11T17:37:10.936980-06:00 c0-0c1s3n0 boot_freemem data calculated:  130104348
2015-02-11T17:25:57.490369-06:00 c0-0c2s2n1 ERROR: Type:2; Severity:80; Class:3; Subclass:D; Operation: 2
2015-02-11T17:33:00.852185-06:00 c0-0c2s2n1 Wait4Boot: WRITE: 533 bytes to memory @ 0x90CD0 ... complete
2015-02-11T17:33:00.852221-06:00 c0-0c2s2n1 Wait4Boot: Blade Controller Boot Protocol version - 1
2015-02-11T17:33:00.852228-06:00 c0-0c2s2n1 Wait4Boot: JUMP: KernelStart 0x100000, boot_params 0x90000, CmdLineAddr 0x90CD0
2015-02-11T17:33:01.029373-06:00 c0-0c2s2n1 Decompressing Linux... Parsing ELF... done.
2015-02-11T17:33:01.029410-06:00 c0-0c2s2n1 Booting the kernel.
2015-02-11T17:33:01.029428-06:00 c0-0c2s2n1 Initializing cgroup subsys cpuset
2015-02-11T17:33:01.029437-06:00 c0-0c2s2n1 Initializing cgroup subsys cpu
2015-02-11T17:33:01.054581-06:00 c0-0c2s2n1 Linux version 3.0.101-0.31.1_1.0502.8394-cray_ari_s (abuild@cfosbld05) (gcc version 4.3.4 [gcc-4_3-branch revision 152973] (SUSE Linux) ) #1 SMP Wed Sep 10 04:03:41 UTC 2014
2015-02-11T17:33:01.126731-06:00 c0-0c2s2n1 Command line: earlyprintk=serial,115200 load_ramdisk=1 ramdisk_size=80000 console=ttyS0,115200n8 bootnodeip=IPADDR13 bootproto=ipog bootpath=PATH1220 rootfs=nfs-shared root=PATH1221 oops=panic bootifnetmask=IPADDR15 elevator=noop ippob1=10 ippob2=128 pcie_ports=native iommu=on intel_iommu=off bad_page=panic pln_enable=off apei_disable hest_disable erst_disable ghes_disable cgroup_disable=memory active_wlm=ALPS sdbnodeip=IPADDR16 sessionid=p0-20150211t172524 _cray=marker_ 
2015-02-11T17:33:01.151898-06:00 c0-0c2s2n1 KERNEL supported cpus:
2015-02-11T17:33:01.151913-06:00 c0-0c2s2n1  Intel GenuineIntel
2015-02-11T17:33:01.151935-06:00 c0-0c2s2n1 BIOS-provided physical RAM map:
2015-02-11T17:33:01.151944-06:00 c0-0c2s2n1 BIOS-e820: 0000000000000000 - 00000000000a0000 (usable)
2015-02-11T17:33:01.177138-06:00 c0-0c2s2n1 BIOS-e820: 0000000000100000 - 000000007e67c000 (usable)
2015-02-11T17:33:01.177174-06:00 c0-0c2s2n1 BIOS-e820: 000000007e67c000 - 000000007e790000 (ACPI NVS)
2015-02-11T17:33:01.177205-06:00 c0-0c2s2n1 BIOS-e820: 000000007e790000 - 000000007f395000 (reserved)
2015-02-11T17:33:01.202318-06:00 c0-0c2s2n1 BIOS-e820: 000000007f395000 - 000000007f410000 (ACPI data)
2015-02-11T17:33:01.202350-06:00 c0-0c2s2n1 BIOS-e820: 000000007f410000 - 000000007f491000 (reserved)
2015-02-11T17:33:01.227564-06:00 c0-0c2s2n1 BIOS-e820: 000000007f491000 - 000000007f493000 (usable)
2015-02-11T17:33:01.227591-06:00 c0-0c2s2n1 BIOS-e820: 000000007f493000 - 000000007f494000 (ACPI NVS)
2015-02-11T17:33:01.227600-06:00 c0-0c2s2n1 BIOS-e820: 000000007f494000 - 000000007f49e000 (reserved)
2015-02-11T17:33:01.252760-06:00 c0-0c2s2n1 BIOS-e820: 000000007f49e000 - 000000007f4a6000 (ACPI NVS)
2015-02-11T17:33:01.252797-06:00 c0-0c2s2n1 BIOS-e820: 000000007f4a6000 - 000000007f4d2000 (reserved)
2015-02-11T17:33:01.252821-06:00 c0-0c2s2n1 BIOS-e820: 000000007f4d2000 - 000000007f558000 (ACPI NVS)
2015-02-11T17:33:01.278003-06:00 c0-0c2s2n1 BIOS-e820: 000000007f558000 - 000000007f800000 (usable)
2015-02-11T17:33:01.278029-06:00 c0-0c2s2n1 BIOS-e820: 0000000080000000 - 0000000090000000 (reserved)
2015-02-11T17:33:01.278039-06:00 c0-0c2s2n1 BIOS-e820: 00000000fed1c000 - 00000000fed20000 (reserved)
2015-02-11T17:33:01.303224-06:00 c0-0c2s2n1 BIOS-e820: 00000000ff000000 - 0000000100000000 (reserved)
2015-02-11T17:33:01.303254-06:00 c0-0c2s2n1 BIOS-e820: 0000000100000000 - 0000001080000000 (usable)
2015-02-11T17:33:01.303273-06:00 c0-0c2s2n1 bootconsole [earlyser0] enabled
2015-02-11T17:33:01.328436-06:00 c0-0c2s2n1 NX (Execute Disable) protection: active
2015-02-11T17:33:01.328462-06:00 c0-0c2s2n1 EFI v2.10 by American Megatrends
2015-02-11T17:33:01.328472-06:00 c0-0c2s2n1 ACPI=0x7f395000  ACPI 2.0=0x7f395000  SMBIOS=0xf04c0  MPS=0xfd450 
2015-02-11T17:33:01.353671-06:00 c0-0c2s2n1 EFI: mem00: type=3, attr=0xf, range=[0x0000000000000000-0x0000000000008000) (0MB)
2015-02-11T17:33:01.353695-06:00 c0-0c2s2n1 EFI: mem01: type=7, attr=0xf, range=[0x0000000000008000-0x0000000000060000) (0MB)
2015-02-11T17:33:01.378927-06:00 c0-0c2s2n1 EFI: mem02: type=3, attr=0xf, range=[0x0000000000060000-0x00000000000a0000) (0MB)
2015-02-11T17:33:01.378959-06:00 c0-0c2s2n1 EFI: mem03: type=7, attr=0xf, range=[0x0000000000100000-0x0000000001000000) (15MB)
2015-02-11T17:33:01.404168-06:00 c0-0c2s2n1 EFI: mem04: type=2, attr=0xf, range=[0x0000000001000000-0x0000000001100000) (1MB)
2015-02-11T17:33:01.429403-06:00 c0-0c2s2n1 EFI: mem05: type=4, attr=0xf, range=[0x0000000001100000-0x00000000017ea000) (6MB)
2015-02-11T17:33:01.429427-06:00 c0-0c2s2n1 EFI: mem06: type=3, attr=0xf, range=[0x00000000017ea000-0x00000000017ee000) (0MB)
2015-02-11T17:33:01.465531-06:00 c0-0c2s2n1 EFI: mem07: type=4, attr=0xf, range=[0x00000000017ee000-0x0000000001886000) (0MB)
2015-02-11T17:33:01.465559-06:00 c0-0c2s2n1 EFI: mem08: type=3, attr=0xf, range=[0x0000000001886000-0x000000000188f000) (0MB)
2015-02-11T17:33:01.465584-06:00 c0-0c2s2n1 EFI: mem09: type=4, attr=0xf, range=[0x000000000188f000-0x0000000001892000) (0MB)
2015-02-11T17:33:01.465607-06:00 c0-0c2s2n1 EFI: mem10: type=3, attr=0xf, range=[0x0000000001892000-0x000000000189e000) (0MB)
2015-02-11T17:33:01.490721-06:00 c0-0c2s2n1 EFI: mem11: type=4, attr=0xf, range=[0x000000000189e000-0x00000000018a9000) (0MB)
2015-02-11T17:33:01.515941-06:00 c0-0c2s2n1 EFI: mem12: type=3, attr=0xf, range=[0x00000000018a9000-0x00000000018ab000) (0MB)
2015-02-11T17:33:01.515964-06:00 c0-0c2s2n1 EFI: mem13: type=4, attr=0xf, range=[0x00000000018ab000-0x00000000018ad000) (0MB)
2015-02-11T17:33:01.541150-06:00 c0-0c2s2n1 EFI: mem14: type=3, attr=0xf, range=[0x00000000018ad000-0x00000000018af000) (0MB)
2015-02-11T17:33:01.541179-06:00 c0-0c2s2n1 EFI: mem15: type=4, attr=0xf, range=[0x00000000018af000-0x00000000018b7000) (0MB)
2015-02-11T17:33:01.566403-06:00 c0-0c2s2n1 EFI: mem16: type=3, attr=0xf, range=[0x00000000018b7000-0x00000000018bb000) (0MB)
2015-02-11T17:33:01.566426-06:00 c0-0c2s2n1 EFI: mem17: type=4, attr=0xf, range=[0x00000000018bb000-0x00000000018bd000) (0MB)
2015-02-11T17:33:01.591647-06:00 c0-0c2s2n1 EFI: mem18: type=3, attr=0xf, range=[0x00000000018bd000-0x00000000018bf000) (0MB)
2015-02-11T17:33:01.591677-06:00 c0-0c2s2n1 EFI: mem19: type=4, attr=0xf, range=[0x00000000018bf000-0x00000000018d1000) (0MB)
2015-02-11T17:33:01.616857-06:00 c0-0c2s2n1 EFI: mem20: type=3, attr=0xf, range=[0x00000000018d1000-0x00000000018d7000) (0MB)
2015-02-11T17:33:01.616880-06:00 c0-0c2s2n1 EFI: mem21: type=4, attr=0xf, range=[0x00000000018d7000-0x00000000018f9000) (0MB)
2015-02-11T17:33:01.642111-06:00 c0-0c2s2n1 EFI: mem22: type=3, attr=0xf, range=[0x00000000018f9000-0x0000000001908000) (0MB)
2015-02-11T17:33:01.642137-06:00 c0-0c2s2n1 EFI: mem23: type=4, attr=0xf, range=[0x0000000001908000-0x0000000001921000) (0MB)
2015-02-11T17:33:01.667341-06:00 c0-0c2s2n1 EFI: mem24: type=3, attr=0xf, range=[0x0000000001921000-0x000000000192b000) (0MB)
2015-02-11T17:33:01.667389-06:00 c0-0c2s2n1 EFI: mem25: type=4, attr=0xf, range=[0x000000000192b000-0x0000000001933000) (0MB)
2015-02-11T17:33:01.692559-06:00 c0-0c2s2n1 EFI: mem26: type=3, attr=0xf, range=[0x0000000001933000-0x0000000001936000) (0MB)
2015-02-11T17:33:01.692581-06:00 c0-0c2s2n1 EFI: mem27: type=4, attr=0xf, range=[0x0000000001936000-0x0000000001964000) (0MB)
2015-02-11T17:33:01.717776-06:00 c0-0c2s2n1 EFI: mem28: type=3, attr=0xf, range=[0x0000000001964000-0x0000000001968000) (0MB)
2015-02-11T17:33:01.717798-06:00 c0-0c2s2n1 EFI: mem29: type=4, attr=0xf, range=[0x0000000001968000-0x0000000001987000) (0MB)
2015-02-11T17:33:01.742991-06:00 c0-0c2s2n1 EFI: mem30: type=3, attr=0xf, range=[0x0000000001987000-0x00000000019b0000) (0MB)
2015-02-11T17:33:01.743013-06:00 c0-0c2s2n1 EFI: mem31: type=4, attr=0xf, range=[0x00000000019b0000-0x00000000019ba000) (0MB)
2015-02-11T17:33:01.768205-06:00 c0-0c2s2n1 EFI: mem32: type=3, attr=0xf, range=[0x00000000019ba000-0x00000000019bd000) (0MB)
2015-02-11T17:33:01.768229-06:00 c0-0c2s2n1 EFI: mem33: type=4, attr=0xf, range=[0x00000000019bd000-0x00000000019be000) (0MB)
2015-02-11T17:33:02.101860-06:00 c0-0c2s2n1 EFI: mem34: type=3, attr=0xf, range=[0x00000000019be000-0x00000000019d0000) (0MB)
2015-02-11T17:33:02.101889-06:00 c0-0c2s2n1 EFI: mem35: type=4, attr=0xf, range=[0x00000000019d0000-0x00000000019d3000) (0MB)
2015-02-11T17:33:02.101896-06:00 c0-0c2s2n1 EFI: mem36: type=3, attr=0xf, range=[0x00000000019d3000-0x00000000019d5000) (0MB)
2015-02-11T17:33:02.101901-06:00 c0-0c2s2n1 EFI: mem37: type=4, attr=0xf, range=[0x00000000019d5000-0x00000000019e1000) (0MB)
2015-02-11T17:33:02.101907-06:00 c0-0c2s2n1 EFI: mem38: type=3, attr=0xf, range=[0x00000000019e1000-0x00000000019e5000) (0MB)
2015-02-11T17:33:02.101913-06:00 c0-0c2s2n1 EFI: mem39: type=4, attr=0xf, range=[0x00000000019e5000-0x0000000001a02000) (0MB)
2015-02-11T17:33:02.101917-06:00 c0-0c2s2n1 EFI: mem40: type=3, attr=0xf, range=[0x0000000001a02000-0x0000000001a06000) (0MB)
2015-02-11T17:33:02.101922-06:00 c0-0c2s2n1 EFI: mem41: type=4, attr=0xf, range=[0x0000000001a06000-0x0000000001a0a000) (0MB)
2015-02-11T17:33:02.101929-06:00 c0-0c2s2n1 EFI: mem42: type=3, attr=0xf, range=[0x0000000001a0a000-0x0000000001a1e000) (0MB)
2015-02-11T17:33:02.101934-06:00 c0-0c2s2n1 EFI: mem43: type=4, attr=0xf, range=[0x0000000001a1e000-0x0000000001a22000) (0MB)
2015-02-11T17:33:02.101941-06:00 c0-0c2s2n1 EFI: mem44: type=3, attr=0xf, range=[0x0000000001a22000-0x0000000001a26000) (0MB)
2015-02-11T17:33:02.101950-06:00 c0-0c2s2n1 EFI: mem45: type=4, attr=0xf, range=[0x0000000001a26000-0x0000000001a34000) (0MB)
2015-02-11T17:33:02.101957-06:00 c0-0c2s2n1 EFI: mem46: type=3, attr=0xf, range=[0x0000000001a34000-0x0000000001a3b000) (0MB)
2015-02-11T17:33:02.101962-06:00 c0-0c2s2n1 EFI: mem47: type=4, attr=0xf, range=[0x0000000001a3b000-0x0000000001a42000) (0MB)
2015-02-11T17:33:02.101967-06:00 c0-0c2s2n1 EFI: mem48: type=3, attr=0xf, range=[0x0000000001a42000-0x0000000001a4a000) (0MB)
2015-02-11T17:33:02.101973-06:00 c0-0c2s2n1 EFI: mem49: type=4, attr=0xf, range=[0x0000000001a4a000-0x0000000001a4b000) (0MB)
2015-02-11T17:33:02.101977-06:00 c0-0c2s2n1 EFI: mem50: type=3, attr=0xf, range=[0x0000000001a4b000-0x0000000001a4d000) (0MB)
2015-02-11T17:33:02.101981-06:00 c0-0c2s2n1 EFI: mem51: type=4, attr=0xf, range=[0x0000000001a4d000-0x0000000001a52000) (0MB)
2015-02-11T17:33:02.101986-06:00 c0-0c2s2n1 EFI: mem52: type=3, attr=0xf, range=[0x0000000001a52000-0x0000000001a69000) (0MB)
2015-02-11T17:33:02.101991-06:00 c0-0c2s2n1 EFI: mem53: type=4, attr=0xf, range=[0x0000000001a69000-0x0000000001a6f000) (0MB)
2015-02-11T17:33:02.101995-06:00 c0-0c2s2n1 EFI: mem54: type=3, attr=0xf, range=[0x0000000001a6f000-0x0000000001a70000) (0MB)
2015-02-11T17:33:02.101999-06:00 c0-0c2s2n1 EFI: mem55: type=4, attr=0xf, range=[0x0000000001a70000-0x0000000001a71000) (0MB)
2015-02-11T17:33:02.102004-06:00 c0-0c2s2n1 EFI: mem56: type=3, attr=0xf, range=[0x0000000001a71000-0x0000000001a79000) (0MB)
2015-02-11T17:33:02.102008-06:00 c0-0c2s2n1 EFI: mem57: type=4, attr=0xf, range=[0x0000000001a79000-0x0000000001a7a000) (0MB)
2015-02-11T17:33:02.102012-06:00 c0-0c2s2n1 EFI: mem58: type=3, attr=0xf, range=[0x0000000001a7a000-0x0000000001a83000) (0MB)
2015-02-11T17:33:02.102025-06:00 c0-0c2s2n1 EFI: mem59: type=4, attr=0xf, range=[0x0000000001a83000-0x0000000001a85000) (0MB)
2015-02-11T17:33:02.102034-06:00 c0-0c2s2n1 EFI: mem60: type=3, attr=0xf, range=[0x0000000001a85000-0x0000000001abe000) (0MB)
2015-02-11T17:33:02.134803-06:00 c0-0c2s2n1 EFI: mem61: type=4, attr=0xf, range=[0x0000000001abe000-0x0000000001abf000) (0MB)
2015-02-11T17:33:02.134818-06:00 c0-0c2s2n1 EFI: mem62: type=3, attr=0xf, range=[0x0000000001abf000-0x0000000001acc000) (0MB)
2015-02-11T17:33:02.161958-06:00 c0-0c2s2n1 EFI: mem63: type=4, attr=0xf, range=[0x0000000001acc000-0x0000000001ad7000) (0MB)
2015-02-11T17:33:02.161972-06:00 c0-0c2s2n1 EFI: mem64: type=3, attr=0xf, range=[0x0000000001ad7000-0x0000000001adc000) (0MB)
2015-02-11T17:33:02.187606-06:00 c0-0c2s2n1 EFI: mem65: type=4, attr=0xf, range=[0x0000000001adc000-0x0000000001b60000) (0MB)
2015-02-11T17:33:02.187620-06:00 c0-0c2s2n1 EFI: mem66: type=3, attr=0xf, range=[0x0000000001b60000-0x0000000001b7c000) (0MB)
2015-02-11T17:33:02.187635-06:00 c0-0c2s2n1 EFI: mem67: type=4, attr=0xf, range=[0x0000000001b7c000-0x0000000001b84000) (0MB)
2015-02-11T17:33:02.224017-06:00 c0-0c2s2n1 EFI: mem68: type=3, attr=0xf, range=[0x0000000001b84000-0x0000000001b9c000) (0MB)
2015-02-11T17:33:02.224054-06:00 c0-0c2s2n1 EFI: mem69: type=4, attr=0xf, range=[0x0000000001b9c000-0x000000000b210000) (150MB)
2015-02-11T17:33:02.250391-06:00 c0-0c2s2n1 EFI: mem70: type=3, attr=0xf, range=[0x000000000b210000-0x000000000b216000) (0MB)
2015-02-11T17:33:02.250414-06:00 c0-0c2s2n1 EFI: mem71: type=4, attr=0xf, range=[0x000000000b216000-0x000000000b21f000) (0MB)
2015-02-11T17:33:02.277114-06:00 c0-0c2s2n1 EFI: mem72: type=3, attr=0xf, range=[0x000000000b21f000-0x000000000b235000) (0MB)
2015-02-11T17:33:02.302325-06:00 c0-0c2s2n1 EFI: mem73: type=4, attr=0xf, range=[0x000000000b235000-0x000000000b23b000) (0MB)
2015-02-11T17:33:02.327570-06:00 c0-0c2s2n1 EFI: mem74: type=3, attr=0xf, range=[0x000000000b23b000-0x000000000b23e000) (0MB)
2015-02-11T17:33:02.327594-06:00 c0-0c2s2n1 EFI: mem75: type=4, attr=0xf, range=[0x000000000b23e000-0x000000000b246000) (0MB)
2015-02-11T17:33:02.352780-06:00 c0-0c2s2n1 EFI: mem76: type=3, attr=0xf, range=[0x000000000b246000-0x000000000b24a000) (0MB)
2015-02-11T17:33:02.352805-06:00 c0-0c2s2n1 EFI: mem77: type=4, attr=0xf, range=[0x000000000b24a000-0x000000000b24c000) (0MB)
2015-02-11T17:33:02.377999-06:00 c0-0c2s2n1 EFI: mem78: type=3, attr=0xf, range=[0x000000000b24c000-0x000000000b254000) (0MB)
2015-02-11T17:33:02.378022-06:00 c0-0c2s2n1 EFI: mem79: type=4, attr=0xf, range=[0x000000000b254000-0x000000000b279000) (0MB)
2015-02-11T17:33:02.403238-06:00 c0-0c2s2n1 EFI: mem80: type=3, attr=0xf, range=[0x000000000b279000-0x000000000b280000) (0MB)
2015-02-11T17:33:02.403269-06:00 c0-0c2s2n1 EFI: mem81: type=4, attr=0xf, range=[0x000000000b280000-0x000000000b284000) (0MB)
2015-02-11T17:33:02.428472-06:00 c0-0c2s2n1 EFI: mem82: type=3, attr=0xf, range=[0x000000000b284000-0x000000000b28c000) (0MB)
2015-02-11T17:33:02.428494-06:00 c0-0c2s2n1 EFI: mem83: type=4, attr=0xf, range=[0x000000000b28c000-0x000000000b295000) (0MB)
2015-02-11T17:33:02.453706-06:00 c0-0c2s2n1 EFI: mem84: type=3, attr=0xf, range=[0x000000000b295000-0x000000000b2d3000) (0MB)
2015-02-11T17:33:02.453729-06:00 c0-0c2s2n1 EFI: mem85: type=4, attr=0xf, range=[0x000000000b2d3000-0x000000000b2d8000) (0MB)
2015-02-11T17:33:02.478964-06:00 c0-0c2s2n1 EFI: mem86: type=3, attr=0xf, range=[0x000000000b2d8000-0x000000000b2dd000) (0MB)
2015-02-11T17:33:02.478989-06:00 c0-0c2s2n1 EFI: mem87: type=4, attr=0xf, range=[0x000000000b2dd000-0x000000000b2e9000) (0MB)
2015-02-11T17:33:02.479007-06:00 c0-0c2s2n1 EFI: mem88: type=3, attr=0xf, range=[0x000000000b2e9000-0x000000000b2ef000) (0MB)
2015-02-11T17:33:02.504167-06:00 c0-0c2s2n1 EFI: mem89: type=4, attr=0xf, range=[0x000000000b2ef000-0x000000000b300000) (0MB)
2015-02-11T17:33:02.529411-06:00 c0-0c2s2n1 EFI: mem90: type=3, attr=0xf, range=[0x000000000b300000-0x000000000b305000) (0MB)
2015-02-11T17:33:02.529438-06:00 c0-0c2s2n1 EFI: mem91: type=4, attr=0xf, range=[0x000000000b305000-0x000000000b30b000) (0MB)
2015-02-11T17:33:02.554621-06:00 c0-0c2s2n1 EFI: mem92: type=3, attr=0xf, range=[0x000000000b30b000-0x000000000b343000) (0MB)
2015-02-11T17:33:02.554652-06:00 c0-0c2s2n1 EFI: mem93: type=4, attr=0xf, range=[0x000000000b343000-0x000000000b34a000) (0MB)
2015-02-11T17:33:02.579848-06:00 c0-0c2s2n1 EFI: mem94: type=3, attr=0xf, range=[0x000000000b34a000-0x000000000b34e000) (0MB)
2015-02-11T17:33:02.579877-06:00 c0-0c2s2n1 EFI: mem95: type=4, attr=0xf, range=[0x000000000b34e000-0x000000000b351000) (0MB)
2015-02-11T17:33:02.605118-06:00 c0-0c2s2n1 EFI: mem96: type=3, attr=0xf, range=[0x000000000b351000-0x000000000b358000) (0MB)
2015-02-11T17:33:02.605150-06:00 c0-0c2s2n1 EFI: mem97: type=4, attr=0xf, range=[0x000000000b358000-0x000000000b35c000) (0MB)
2015-02-11T17:33:02.630351-06:00 c0-0c2s2n1 EFI: mem98: type=3, attr=0xf, range=[0x000000000b35c000-0x000000000b360000) (0MB)
2015-02-11T17:33:02.630374-06:00 c0-0c2s2n1 EFI: mem99: type=4, attr=0xf, range=[0x000000000b360000-0x000000000b368000) (0MB)
2015-02-11T17:33:02.655574-06:00 c0-0c2s2n1 EFI: mem100: type=3, attr=0xf, range=[0x000000000b368000-0x000000000b36c000) (0MB)
2015-02-11T17:33:02.680786-06:00 c0-0c2s2n1 EFI: mem101: type=4, attr=0xf, range=[0x000000000b36c000-0x000000000b370000) (0MB)
2015-02-11T17:33:02.680817-06:00 c0-0c2s2n1 EFI: mem102: type=3, attr=0xf, range=[0x000000000b370000-0x000000000b374000) (0MB)
2015-02-11T17:33:02.706032-06:00 c0-0c2s2n1 EFI: mem103: type=4, attr=0xf, range=[0x000000000b374000-0x000000000b384000) (0MB)
2015-02-11T17:33:02.706059-06:00 c0-0c2s2n1 EFI: mem104: type=3, attr=0xf, range=[0x000000000b384000-0x000000000b38a000) (0MB)
2015-02-11T17:33:02.731253-06:00 c0-0c2s2n1 EFI: mem105: type=4, attr=0xf, range=[0x000000000b38a000-0x000000000b3ac000) (0MB)
2015-02-11T17:33:02.731277-06:00 c0-0c2s2n1 EFI: mem106: type=3, attr=0xf, range=[0x000000000b3ac000-0x000000000b3b3000) (0MB)
2015-02-11T17:33:02.756443-06:00 c0-0c2s2n1 EFI: mem107: type=4, attr=0xf, range=[0x000000000b3b3000-0x000000000b3b7000) (0MB)
2015-02-11T17:33:02.756469-06:00 c0-0c2s2n1 EFI: mem108: type=3, attr=0xf, range=[0x000000000b3b7000-0x000000000b3c9000) (0MB)
2015-02-11T17:33:02.781665-06:00 c0-0c2s2n1 EFI: mem109: type=4, attr=0xf, range=[0x000000000b3c9000-0x000000000b3cc000) (0MB)
2015-02-11T17:33:02.781696-06:00 c0-0c2s2n1 EFI: mem110: type=3, attr=0xf, range=[0x000000000b3cc000-0x000000000b3d7000) (0MB)
2015-02-11T17:33:02.806892-06:00 c0-0c2s2n1 EFI: mem111: type=4, attr=0xf, range=[0x000000000b3d7000-0x000000000b45c000) (0MB)
2015-02-11T17:33:02.806924-06:00 c0-0c2s2n1 EFI: mem112: type=3, attr=0xf, range=[0x000000000b45c000-0x000000000b45f000) (0MB)
2015-02-11T17:33:02.832123-06:00 c0-0c2s2n1 EFI: mem113: type=4, attr=0xf, range=[0x000000000b45f000-0x000000000b475000) (0MB)
2015-02-11T17:33:02.857321-06:00 c0-0c2s2n1 EFI: mem114: type=3, attr=0xf, range=[0x000000000b475000-0x000000000b47c000) (0MB)
2015-02-11T17:33:02.857346-06:00 c0-0c2s2n1 EFI: mem115: type=4, attr=0xf, range=[0x000000000b47c000-0x000000000b48b000) (0MB)
2015-02-11T17:33:02.857355-06:00 c0-0c2s2n1 EFI: mem116: type=3, attr=0xf, range=[0x000000000b48b000-0x000000000b48f000) (0MB)
2015-02-11T17:33:02.882544-06:00 c0-0c2s2n1 EFI: mem117: type=4, attr=0xf, range=[0x000000000b48f000-0x000000000b4b1000) (0MB)
2015-02-11T17:33:02.907781-06:00 c0-0c2s2n1 EFI: mem118: type=3, attr=0xf, range=[0x000000000b4b1000-0x000000000b4b6000) (0MB)
2015-02-11T17:33:02.907806-06:00 c0-0c2s2n1 EFI: mem119: type=4, attr=0xf, range=[0x000000000b4b6000-0x000000000b53e000) (0MB)
2015-02-11T17:33:02.933017-06:00 c0-0c2s2n1 EFI: mem120: type=3, attr=0xf, range=[0x000000000b53e000-0x000000000b552000) (0MB)
2015-02-11T17:33:02.933046-06:00 c0-0c2s2n1 EFI: mem121: type=4, attr=0xf, range=[0x000000000b552000-0x000000000b5e5000) (0MB)
2015-02-11T17:33:02.958245-06:00 c0-0c2s2n1 EFI: mem122: type=7, attr=0xf, range=[0x000000000b5e5000-0x000000000b5e6000) (0MB)
2015-02-11T17:33:02.958276-06:00 c0-0c2s2n1 EFI: mem123: type=4, attr=0xf, range=[0x000000000b5e6000-0x000000000bcaf000) (6MB)
2015-02-11T17:33:02.983480-06:00 c0-0c2s2n1 EFI: mem124: type=3, attr=0xf, range=[0x000000000bcaf000-0x000000000bcb8000) (0MB)
2015-02-11T17:33:02.983508-06:00 c0-0c2s2n1 EFI: mem125: type=4, attr=0xf, range=[0x000000000bcb8000-0x000000000bcb9000) (0MB)
2015-02-11T17:33:03.008719-06:00 c0-0c2s2n1 EFI: mem126: type=2, attr=0xf, range=[0x000000000bcb9000-0x000000000bcbb000) (0MB)
2015-02-11T17:33:03.008766-06:00 c0-0c2s2n1 EFI: mem127: type=7, attr=0xf, range=[0x000000000bcbb000-0x000000000bcc1000) (0MB)
2015-02-11T17:33:03.033910-06:00 c0-0c2s2n1 EFI: mem128: type=4, attr=0xf, range=[0x000000000bcc1000-0x000000000bedf000) (2MB)
2015-02-11T17:33:03.033935-06:00 c0-0c2s2n1 EFI: mem129: type=7, attr=0xf, range=[0x000000000bedf000-0x000000000beed000) (0MB)
2015-02-11T17:33:03.059077-06:00 c0-0c2s2n1 EFI: mem130: type=1, attr=0xf, range=[0x000000000beed000-0x000000000befe000) (0MB)
2015-02-11T17:33:03.059101-06:00 c0-0c2s2n1 EFI: mem131: type=7, attr=0xf, range=[0x000000000befe000-0x000000007e67c000) (1831MB)
2015-02-11T17:33:03.084335-06:00 c0-0c2s2n1 EFI: mem132: type=10, attr=0xf, range=[0x000000007e67c000-0x000000007e790000) (1MB)
2015-02-11T17:33:03.084392-06:00 c0-0c2s2n1 EFI: mem133: type=0, attr=0xf, range=[0x000000007e790000-0x000000007e792000) (0MB)
2015-02-11T17:33:03.109543-06:00 c0-0c2s2n1 EFI: mem134: type=6, attr=0x800000000000000f, range=[0x000000007e792000-0x000000007f395000) (12MB)
2015-02-11T17:33:03.134747-06:00 c0-0c2s2n1 EFI: mem135: type=9, attr=0xf, range=[0x000000007f395000-0x000000007f410000) (0MB)
2015-02-11T17:33:03.134769-06:00 c0-0c2s2n1 EFI: mem136: type=5, attr=0x800000000000000f, range=[0x000000007f410000-0x000000007f41a000) (0MB)
2015-02-11T17:33:03.159960-06:00 c0-0c2s2n1 EFI: mem137: type=0, attr=0xf, range=[0x000000007f41a000-0x000000007f41c000) (0MB)
2015-02-11T17:33:03.185185-06:00 c0-0c2s2n1 EFI: mem138: type=6, attr=0x800000000000000f, range=[0x000000007f41c000-0x000000007f42d000) (0MB)
2015-02-11T17:33:03.185214-06:00 c0-0c2s2n1 EFI: mem139: type=0, attr=0xf, range=[0x000000007f42d000-0x000000007f43d000) (0MB)
2015-02-11T17:33:03.210385-06:00 c0-0c2s2n1 EFI: mem140: type=6, attr=0x800000000000000f, range=[0x000000007f43d000-0x000000007f45e000) (0MB)
2015-02-11T17:33:03.210419-06:00 c0-0c2s2n1 EFI: mem141: type=5, attr=0x800000000000000f, range=[0x000000007f45e000-0x000000007f462000) (0MB)
2015-02-11T17:33:03.235603-06:00 c0-0c2s2n1 EFI: mem142: type=0, attr=0xf, range=[0x000000007f462000-0x000000007f46b000) (0MB)
2015-02-11T17:33:03.260818-06:00 c0-0c2s2n1 EFI: mem143: type=5, attr=0x800000000000000f, range=[0x000000007f46b000-0x000000007f46d000) (0MB)
2015-02-11T17:33:03.260845-06:00 c0-0c2s2n1 EFI: mem144: type=0, attr=0xf, range=[0x000000007f46d000-0x000000007f471000) (0MB)
2015-02-11T17:33:03.260854-06:00 c0-0c2s2n1 EFI: mem145: type=5, attr=0x800000000000000f, range=[0x000000007f471000-0x000000007f472000) (0MB)
2015-02-11T17:33:03.260863-06:00 c0-0c2s2n1 EFI: mem146: type=6, attr=0x800000000000000f, range=[0x000000007f472000-0x000000007f473000) (0MB)
2015-02-11T17:33:03.311250-06:00 c0-0c2s2n1 EFI: mem147: type=5, attr=0x800000000000000f, range=[0x000000007f473000-0x000000007f476000) (0MB)
2015-02-11T17:33:03.311276-06:00 c0-0c2s2n1 EFI: mem148: type=0, attr=0xf, range=[0x000000007f476000-0x000000007f486000) (0MB)
2015-02-11T17:33:03.336472-06:00 c0-0c2s2n1 EFI: mem149: type=5, attr=0x800000000000000f, range=[0x000000007f486000-0x000000007f491000) (0MB)
2015-02-11T17:33:03.361706-06:00 c0-0c2s2n1 EFI: mem150: type=7, attr=0xf, range=[0x000000007f491000-0x000000007f493000) (0MB)
2015-02-11T17:33:03.361734-06:00 c0-0c2s2n1 EFI: mem151: type=10, attr=0xf, range=[0x000000007f493000-0x000000007f494000) (0MB)
2015-02-11T17:33:03.386908-06:00 c0-0c2s2n1 EFI: mem152: type=6, attr=0x800000000000000f, range=[0x000000007f494000-0x000000007f49b000) (0MB)
2015-02-11T17:33:03.386934-06:00 c0-0c2s2n1 EFI: mem153: type=5, attr=0x800000000000000f, range=[0x000000007f49b000-0x000000007f49e000) (0MB)
2015-02-11T17:33:03.412155-06:00 c0-0c2s2n1 EFI: mem154: type=10, attr=0xf, range=[0x000000007f49e000-0x000000007f4a6000) (0MB)
2015-02-11T17:33:03.412186-06:00 c0-0c2s2n1 EFI: mem155: type=6, attr=0x800000000000000f, range=[0x000000007f4a6000-0x000000007f4a7000) (0MB)
2015-02-11T17:33:03.437391-06:00 c0-0c2s2n1 EFI: mem156: type=5, attr=0x800000000000000f, range=[0x000000007f4a7000-0x000000007f4ab000) (0MB)
2015-02-11T17:33:03.462647-06:00 c0-0c2s2n1 EFI: mem157: type=6, attr=0x800000000000000f, range=[0x000000007f4ab000-0x000000007f4bd000) (0MB)
2015-02-11T17:33:03.462671-06:00 c0-0c2s2n1 EFI: mem158: type=5, attr=0x800000000000000f, range=[0x000000007f4bd000-0x000000007f4cf000) (0MB)
2015-02-11T17:33:03.487907-06:00 c0-0c2s2n1 EFI: mem159: type=6, attr=0x800000000000000f, range=[0x000000007f4cf000-0x000000007f4d2000) (0MB)
2015-02-11T17:33:03.487937-06:00 c0-0c2s2n1 EFI: mem160: type=10, attr=0xf, range=[0x000000007f4d2000-0x000000007f558000) (0MB)
2015-02-11T17:33:03.513145-06:00 c0-0c2s2n1 EFI: mem161: type=3, attr=0xf, range=[0x000000007f558000-0x000000007f7e0000) (2MB)
2015-02-11T17:33:03.513168-06:00 c0-0c2s2n1 EFI: mem162: type=4, attr=0xf, range=[0x000000007f7e0000-0x000000007f7ef000) (0MB)
2015-02-11T17:33:03.538351-06:00 c0-0c2s2n1 EFI: mem163: type=3, attr=0xf, range=[0x000000007f7ef000-0x000000007f800000) (0MB)
2015-02-11T17:33:03.538379-06:00 c0-0c2s2n1 EFI: mem164: type=7, attr=0xf, range=[0x0000000100000000-0x0000001080000000) (63488MB)
2015-02-11T17:33:03.563574-06:00 c0-0c2s2n1 EFI: mem165: type=11, attr=0x8000000000000001, range=[0x0000000080000000-0x0000000090000000) (256MB)
2015-02-11T17:33:03.588800-06:00 c0-0c2s2n1 EFI: mem166: type=11, attr=0x8000000000000001, range=[0x00000000fed1c000-0x00000000fed20000) (0MB)
2015-02-11T17:33:03.588825-06:00 c0-0c2s2n1 EFI: mem167: type=11, attr=0x8000000000000001, range=[0x00000000ff000000-0x0000000100000000) (16MB)
2015-02-11T17:33:03.588835-06:00 c0-0c2s2n1 DMI 2.7 present.
2015-02-11T17:33:03.614004-06:00 c0-0c2s2n1 last_pfn = 0x1080000 max_arch_pfn = 0x400000000
2015-02-11T17:33:03.614035-06:00 c0-0c2s2n1 x86 PAT enabled: cpu 0, old 0x7040600070406, new 0x7010600070106
2015-02-11T17:33:03.639216-06:00 c0-0c2s2n1 last_pfn = 0x7f800 max_arch_pfn = 0x400000000
2015-02-11T17:33:03.639242-06:00 c0-0c2s2n1 found SMP MP-table at [ffff8800000fd840] fd840
2015-02-11T17:33:03.639250-06:00 c0-0c2s2n1 Using GB pages for direct mapping
2015-02-11T17:33:03.639258-06:00 c0-0c2s2n1 init_memory_mapping: 0000000000000000-000000007f800000
2015-02-11T17:33:03.664473-06:00 c0-0c2s2n1 init_memory_mapping: 0000000100000000-0000001080000000
2015-02-11T17:33:03.664502-06:00 c0-0c2s2n1 nmi ring buffer: 262144
2015-02-11T17:33:03.664510-06:00 c0-0c2s2n1 RAMDISK: 0fa00000 - 10610000
2015-02-11T17:33:03.664527-06:00 c0-0c2s2n1 ACPI: RSDP 000000007f395000 00024 (v02 ALASKA)
2015-02-11T17:33:03.689650-06:00 c0-0c2s2n1 ACPI: XSDT 000000007f395088 0008C (v01 ALASKA    A M I 01072009 AMI  00010013)
2015-02-11T17:33:03.714879-06:00 c0-0c2s2n1 ACPI: FACP 000000007f39ee50 000F4 (v04 ALASKA    A M I 01072009 AMI  00010013)
2015-02-11T17:33:03.714912-06:00 c0-0c2s2n1 ACPI: DSDT 000000007f3951a0 09CAD (v02 ALASKA    A M I 00000016 INTL 20051117)
2015-02-11T17:33:03.714921-06:00 c0-0c2s2n1 ACPI: FACS 000000007f4a3f80 00040
2015-02-11T17:33:03.740083-06:00 c0-0c2s2n1 ACPI: APIC 000000007f39ef48 00138 (v03 ALASKA    A M I 01072009 AMI  00010013)
2015-02-11T17:33:03.740124-06:00 c0-0c2s2n1 ACPI: FPDT 000000007f39f080 00044 (v01 ALASKA    A M I 01072009 AMI  00010013)
2015-02-11T17:33:03.765316-06:00 c0-0c2s2n1 ACPI: MCFG 000000007f39f0c8 0003C (v01 ALASKA OEMMCFG. 01072009 MSFT 00000097)
2015-02-11T17:33:03.765340-06:00 c0-0c2s2n1 ACPI: HPET 000000007f39f108 00038 (v01 ALASKA    A M I 01072009 AMI. 00000004)
2015-02-11T17:33:03.790545-06:00 c0-0c2s2n1 ACPI: PRAD 000000007f39f140 000BE (v02 PRADID  PRADTID 00000001 MSFT 03000001)
2015-02-11T17:33:03.790576-06:00 c0-0c2s2n1 ACPI: SSDT 000000007f39f200 70104 (v02  INTEL    CpuPm 00004000 INTL 20051117)
2015-02-11T17:33:03.815753-06:00 c0-0c2s2n1 ACPI: SPCR 000000007f40f308 00050 (v01  A M I   APTIO4 01072009 AMI. 00000004)
2015-02-11T17:33:03.815777-06:00 c0-0c2s2n1 ACPI: EINJ 000000007f40f358 00130 (v01    AMI AMI EINJ 00000000      00000000)
2015-02-11T17:33:03.840993-06:00 c0-0c2s2n1 ACPI: ERST 000000007f40f488 00230 (v01  AMIER AMI ERST 00000000      00000000)
2015-02-11T17:33:03.841016-06:00 c0-0c2s2n1 ACPI: HEST 000000007f40f6b8 000A8 (v01    AMI AMI HEST 00000000      00000000)
2015-02-11T17:33:03.866213-06:00 c0-0c2s2n1 ACPI: BERT 000000007f40f760 00030 (v01    AMI AMI BERT 00000000      00000000)
2015-02-11T17:33:03.891446-06:00 c0-0c2s2n1 ACPI: DMAR 000000007f40f790 000BC (v01 A M I   OEMDMAR 00000001 INTL 00000001)
2015-02-11T17:33:03.891473-06:00 c0-0c2s2n1 No NUMA configuration found
2015-02-11T17:33:03.891481-06:00 c0-0c2s2n1 Faking a node at 0000000000000000-0000001080000000
2015-02-11T17:33:03.891502-06:00 c0-0c2s2n1 Initmem setup node 0 0000000000000000-0000001080000000
2015-02-11T17:33:03.916639-06:00 c0-0c2s2n1  NODE_DATA [000000107ffbb000 - 000000107ffbffff]
2015-02-11T17:33:04.134357-06:00 c0-0c2s2n1 Zone PFN ranges:
2015-02-11T17:33:04.134405-06:00 c0-0c2s2n1  DMA      0x00000010 -> 0x00001000
2015-02-11T17:33:04.134417-06:00 c0-0c2s2n1  DMA32    0x00001000 -> 0x00100000
2015-02-11T17:33:04.134425-06:00 c0-0c2s2n1  Normal   0x00100000 -> 0x01080000
2015-02-11T17:33:04.134442-06:00 c0-0c2s2n1 Movable zone start PFN for each node
2015-02-11T17:33:04.134456-06:00 c0-0c2s2n1 early_node_map[5] active PFN ranges
2015-02-11T17:33:04.173382-06:00 c0-0c2s2n1    0: 0x00000010 -> 0x000000a0
2015-02-11T17:33:04.173416-06:00 c0-0c2s2n1    0: 0x00000100 -> 0x0007e67c
2015-02-11T17:33:04.173426-06:00 c0-0c2s2n1    0: 0x0007f491 -> 0x0007f493
2015-02-11T17:33:04.173436-06:00 c0-0c2s2n1    0: 0x0007f558 -> 0x0007f800
2015-02-11T17:33:04.173472-06:00 c0-0c2s2n1    0: 0x00100000 -> 0x01080000
2015-02-11T17:33:04.783470-06:00 c0-0c2s2n1 ACPI: LAPIC (acpi_id[0x00] lapic_id[0x00] enabled)
2015-02-11T17:33:04.808630-06:00 c0-0c2s2n1 ACPI: LAPIC (acpi_id[0x02] lapic_id[0x02] enabled)
2015-02-11T17:33:04.808651-06:00 c0-0c2s2n1 ACPI: LAPIC (acpi_id[0x04] lapic_id[0x04] enabled)
2015-02-11T17:33:04.833906-06:00 c0-0c2s2n1 ACPI: LAPIC (acpi_id[0x06] lapic_id[0x06] enabled)
2015-02-11T17:33:04.833929-06:00 c0-0c2s2n1 ACPI: LAPIC (acpi_id[0x08] lapic_id[0x08] enabled)
2015-02-11T17:33:04.833945-06:00 c0-0c2s2n1 ACPI: LAPIC (acpi_id[0x0a] lapic_id[0x0a] enabled)
2015-02-11T17:33:04.873393-06:00 c0-0c2s2n1 ACPI: LAPIC (acpi_id[0x0c] lapic_id[0x0c] enabled)
2015-02-11T17:33:04.873407-06:00 c0-0c2s2n1 ACPI: LAPIC (acpi_id[0x0e] lapic_id[0x0e] enabled)
2015-02-11T17:33:04.873441-06:00 c0-0c2s2n1 ACPI: LAPIC (acpi_id[0x01] lapic_id[0x01] enabled)
2015-02-11T17:33:04.873473-06:00 c0-0c2s2n1 ACPI: LAPIC (acpi_id[0x03] lapic_id[0x03] enabled)
2015-02-11T17:33:04.873496-06:00 c0-0c2s2n1 ACPI: LAPIC (acpi_id[0x05] lapic_id[0x05] enabled)
2015-02-11T17:33:04.898607-06:00 c0-0c2s2n1 ACPI: LAPIC (acpi_id[0x07] lapic_id[0x07] enabled)
2015-02-11T17:33:04.898631-06:00 c0-0c2s2n1 ACPI: LAPIC (acpi_id[0x09] lapic_id[0x09] enabled)
2015-02-11T17:33:04.898641-06:00 c0-0c2s2n1 ACPI: LAPIC (acpi_id[0x0b] lapic_id[0x0b] enabled)
2015-02-11T17:33:04.923837-06:00 c0-0c2s2n1 ACPI: LAPIC (acpi_id[0x0d] lapic_id[0x0d] enabled)
2015-02-11T17:33:04.923860-06:00 c0-0c2s2n1 ACPI: LAPIC (acpi_id[0x0f] lapic_id[0x0f] enabled)
2015-02-11T17:33:04.923869-06:00 c0-0c2s2n1 ACPI: LAPIC_NMI (acpi_id[0x00] high edge lint[0x1])
2015-02-11T17:33:04.949077-06:00 c0-0c2s2n1 ACPI: LAPIC_NMI (acpi_id[0x02] high edge lint[0x1])
2015-02-11T17:33:04.949104-06:00 c0-0c2s2n1 ACPI: LAPIC_NMI (acpi_id[0x04] high edge lint[0x1])
2015-02-11T17:33:04.949113-06:00 c0-0c2s2n1 ACPI: LAPIC_NMI (acpi_id[0x06] high edge lint[0x1])
2015-02-11T17:33:04.985406-06:00 c0-0c2s2n1 ACPI: LAPIC_NMI (acpi_id[0x08] high edge lint[0x1])
2015-02-11T17:33:04.985435-06:00 c0-0c2s2n1 ACPI: LAPIC_NMI (acpi_id[0x0a] high edge lint[0x1])
2015-02-11T17:33:04.985444-06:00 c0-0c2s2n1 ACPI: LAPIC_NMI (acpi_id[0x0c] high edge lint[0x1])
2015-02-11T17:33:04.985451-06:00 c0-0c2s2n1 ACPI: LAPIC_NMI (acpi_id[0x0e] high edge lint[0x1])
2015-02-11T17:33:04.985469-06:00 c0-0c2s2n1 ACPI: LAPIC_NMI (acpi_id[0x01] high edge lint[0x1])
2015-02-11T17:33:05.010638-06:00 c0-0c2s2n1 ACPI: LAPIC_NMI (acpi_id[0x03] high edge lint[0x1])
2015-02-11T17:33:05.010680-06:00 c0-0c2s2n1 ACPI: LAPIC_NMI (acpi_id[0x05] high edge lint[0x1])
2015-02-11T17:33:05.010690-06:00 c0-0c2s2n1 ACPI: LAPIC_NMI (acpi_id[0x07] high edge lint[0x1])
2015-02-11T17:33:05.035848-06:00 c0-0c2s2n1 ACPI: LAPIC_NMI (acpi_id[0x09] high edge lint[0x1])
2015-02-11T17:33:05.035878-06:00 c0-0c2s2n1 ACPI: LAPIC_NMI (acpi_id[0x0b] high edge lint[0x1])
2015-02-11T17:33:05.035888-06:00 c0-0c2s2n1 ACPI: LAPIC_NMI (acpi_id[0x0d] high edge lint[0x1])
2015-02-11T17:33:05.061070-06:00 c0-0c2s2n1 ACPI: LAPIC_NMI (acpi_id[0x0f] high edge lint[0x1])
2015-02-11T17:33:05.061099-06:00 c0-0c2s2n1 ACPI: IOAPIC (id[0x00] address[0xfec00000] gsi_base[0])
2015-02-11T17:33:05.061109-06:00 c0-0c2s2n1 IOAPIC[0]: apic_id 0, version 32, address 0xfec00000, GSI 0-23
2015-02-11T17:33:05.086305-06:00 c0-0c2s2n1 ACPI: IOAPIC (id[0x02] address[0xfec01000] gsi_base[24])
2015-02-11T17:33:05.086345-06:00 c0-0c2s2n1 IOAPIC[1]: apic_id 2, version 32, address 0xfec01000, GSI 24-47
2015-02-11T17:33:05.086365-06:00 c0-0c2s2n1 ACPI: INT_SRC_OVR (bus 0 bus_irq 0 global_irq 2 dfl dfl)
2015-02-11T17:33:05.125396-06:00 c0-0c2s2n1 ACPI: INT_SRC_OVR (bus 0 bus_irq 9 global_irq 9 high level)
2015-02-11T17:33:05.125426-06:00 c0-0c2s2n1 Using ACPI (MADT) for SMP configuration information
2015-02-11T17:33:05.125454-06:00 c0-0c2s2n1 ACPI: HPET id: 0x8086a701 base: 0xfed00000
2015-02-11T17:33:05.125488-06:00 c0-0c2s2n1 SMP: Allowing 16 CPUs, 0 hotplug CPUs
2015-02-11T17:33:05.165374-06:00 c0-0c2s2n1 Allocating PCI resources starting at 90000000 (gap: 90000000:6ed1c000)
2015-02-11T17:33:05.165403-06:00 c0-0c2s2n1 setup_percpu: NR_CPUS:128 nr_cpumask_bits:128 nr_cpu_ids:16 nr_node_ids:1
2015-02-11T17:33:05.165427-06:00 c0-0c2s2n1 PERCPU: Embedded 25 PATH1224 @ffff88107fa00000 s72704 r8192 d21504 u131072
2015-02-11T17:33:05.165449-06:00 c0-0c2s2n1 Built 1 zonelists in Zone order, mobility grouping on.  Total pages: 16534701
2015-02-11T17:33:05.190557-06:00 c0-0c2s2n1 Policy zone: Normal
2015-02-11T17:33:05.255579-06:00 c0-0c2s2n1 Kernel command line: earlyprintk=serial,115200 load_ramdisk=1 ramdisk_size=80000 console=ttyS0,115200n8 bootnodeip=IPADDR13 bootproto=ipog bootpath=PATH1220 rootfs=nfs-shared root=PATH1221 oops=panic bootifnetmask=IPADDR15 elevator=noop ippob1=10 ippob2=128 pcie_ports=native iommu=on intel_iommu=off bad_page=panic pln_enable=off apei_disable hest_disable erst_disable ghes_disable cgroup_disable=memory active_wlm=ALPS sdbnodeip=IPADDR16 sessionid=p0-20150211t172524 _cray=marker_ 
2015-02-11T17:33:05.280791-06:00 c0-0c2s2n1 Intel-IOMMU: disabled
2015-02-11T17:33:05.280819-06:00 c0-0c2s2n1 Disabling memory control group subsystem
2015-02-11T17:33:05.280829-06:00 c0-0c2s2n1 PID hash table entries: 4096 (order: 3, 32768 bytes)
2015-02-11T17:33:05.305994-06:00 c0-0c2s2n1 PATH1225: enabled xstate_bv 0x7, cntxt size 0x340
2015-02-11T17:33:05.673061-06:00 c0-0c2s2n1 Memory: PATH319775 available (5522k kernel code, 2121000k absent, 1027028k reserved, 5307k data, 692k init)
2015-02-11T17:33:05.698244-06:00 c0-0c2s2n1 Hierarchical RCU implementation.
2015-02-11T17:33:05.698258-06:00 c0-0c2s2n1 NR_IRQS:4352
2015-02-11T17:33:05.739064-06:00 c0-0c2s2n1 Extended CMOS year: 2000
2015-02-11T17:33:05.764307-06:00 c0-0c2s2n1 Console: colour dummy device 80x25
2015-02-11T17:33:05.764322-06:00 c0-0c2s2n1 console [ttyS0] enabled, bootconsole disabled
2015-02-11T17:33:05.764337-06:00 c0-0c2s2n1 console [ttyS0] enabled, bootconsole disabled
2015-02-11T17:33:05.789533-06:00 c0-0c2s2n1 Fast TSC calibration using PIT
2015-02-11T17:33:05.829371-06:00 c0-0c2s2n1 Detected 2599.940 MHz processor.
2015-02-11T17:33:05.829388-06:00 c0-0c2s2n1 Calibrating delay loop (skipped), value calculated using timer frequency.. 5199.88 BogoMIPS (lpj=10399760)
2015-02-11T17:33:05.829407-06:00 c0-0c2s2n1 pid_max: default: 32768 minimum: 301
2015-02-11T17:33:05.861738-06:00 c0-0c2s2n1 Dentry cache hash table entries: 8388608 (order: 14, 67108864 bytes)
2015-02-11T17:33:05.915272-06:00 c0-0c2s2n1 Inode-cache hash table entries: 4194304 (order: 13, 33554432 bytes)
2015-02-11T17:33:05.915297-06:00 c0-0c2s2n1 Mount-cache hash table entries: 256
2015-02-11T17:33:05.940483-06:00 c0-0c2s2n1 Initializing cgroup subsys cpuacct
2015-02-11T17:33:05.940510-06:00 c0-0c2s2n1 Initializing cgroup subsys memory
2015-02-11T17:33:05.940531-06:00 c0-0c2s2n1 Initializing cgroup subsys devices
2015-02-11T17:33:05.940548-06:00 c0-0c2s2n1 Initializing cgroup subsys perf_event
2015-02-11T17:33:05.965713-06:00 c0-0c2s2n1 CPU: Physical Processor ID: 0
2015-02-11T17:33:05.965741-06:00 c0-0c2s2n1 CPU: Processor Core ID: 0
2015-02-11T17:33:05.965762-06:00 c0-0c2s2n1 mce: CPU supports 20 MCE banks
2015-02-11T17:33:05.965778-06:00 c0-0c2s2n1 CPU0: Thermal monitoring enabled (TM1)
2015-02-11T17:33:05.965791-06:00 c0-0c2s2n1 using mwait in idle threads.
2015-02-11T17:33:05.990922-06:00 c0-0c2s2n1 ACPI: Core revision 20110413
2015-02-11T17:33:06.016149-06:00 c0-0c2s2n1 ftrace: allocating 20236 entries in 80 pages
2015-02-11T17:33:06.041381-06:00 c0-0c2s2n1 DMAR: Host address width 46
2015-02-11T17:33:06.041413-06:00 c0-0c2s2n1 DMAR: DRHD base: 0x000000fbffc000 flags: 0x1
2015-02-11T17:33:06.081354-06:00 c0-0c2s2n1 IOMMU 0: reg_base_addr fbffc000 ver 1:0 cap d2078c106f0462 ecap f020fe
2015-02-11T17:33:06.081381-06:00 c0-0c2s2n1 DMAR: RMRR base: 0x0000007f430000 end: 0x0000007f43cfff
2015-02-11T17:33:06.081390-06:00 c0-0c2s2n1 DMAR: ATSR flags: 0x0
2015-02-11T17:33:06.081416-06:00 c0-0c2s2n1 DMAR: RHSA base: 0x000000fbffc000 proximity domain: 0x0
2015-02-11T17:33:06.081436-06:00 c0-0c2s2n1 Switched APIC routing to physical flat.
2015-02-11T17:33:06.106626-06:00 c0-0c2s2n1 ..TIMER: vector=0x30 apic1=0 pin1=2 apic2=-1 pin2=-1
2015-02-11T17:33:06.141340-06:00 c0-0c2s2n1 CPU0: Intel(R) Xeon(R) CPU E5-2670 0 @ 2.60GHz stepping 07
2015-02-11T17:33:06.368520-06:00 c0-0c2s2n1 Performance Events: PEBS fmt1+, 16-deep LBR, SandyBridge events, full-width counters, Intel PMU driver.
2015-02-11T17:33:06.368537-06:00 c0-0c2s2n1 ... version:                3
2015-02-11T17:33:06.368546-06:00 c0-0c2s2n1 ... bit width:              48
2015-02-11T17:33:06.368555-06:00 c0-0c2s2n1 ... generic registers:      4
2015-02-11T17:33:06.368563-06:00 c0-0c2s2n1 ... value mask:             0000ffffffffffff
2015-02-11T17:33:06.395845-06:00 c0-0c2s2n1 ... max period:             0000ffffffffffff
2015-02-11T17:33:06.395859-06:00 c0-0c2s2n1 ... fixed-purpose events:   3
2015-02-11T17:33:06.395872-06:00 c0-0c2s2n1 ... event mask:             000000070000000f
2015-02-11T17:33:06.871018-06:00 c0-0c2s2n1 Booting Node   0, Processors  #1 #2 #3 #4 #5 #6 #7 #8 #9 #10 #11 #12 #13 #14 #15 Ok.
2015-02-11T17:33:06.905571-06:00 c0-0c2s2n1 Brought up 16 CPUs
2015-02-11T17:33:06.930805-06:00 c0-0c2s2n1 Total of 16 processors activated (83198.08 BogoMIPS).
2015-02-11T17:33:06.956594-06:00 c0-0c2s2n1 NET: Registered protocol family 16
2015-02-11T17:33:06.981865-06:00 c0-0c2s2n1 ACPI FADT declares the system doesn't support PCIe ASPM, so disable it
2015-02-11T17:33:06.981878-06:00 c0-0c2s2n1 ACPI: bus type pci registered
2015-02-11T17:33:07.007033-06:00 c0-0c2s2n1 PCI: MMCONFIG for domain 0000 [bus 00-ff] at [mem 0x80000000-0x8fffffff] (base 0x80000000)
2015-02-11T17:33:07.007067-06:00 c0-0c2s2n1 PCI: MMCONFIG at [mem 0x80000000-0x8fffffff] reserved in E820
2015-02-11T17:33:07.032269-06:00 c0-0c2s2n1 PCI: Using configuration type 1 for base access
2015-02-11T17:33:07.057501-06:00 c0-0c2s2n1 bio: create slab <bio-0> at 0
2015-02-11T17:33:07.082735-06:00 c0-0c2s2n1 ACPI: Executed 1 blocks of module-level executable AML code
2015-02-11T17:33:07.279106-06:00 c0-0c2s2n1 ACPI: Interpreter enabled
2015-02-11T17:33:07.304311-06:00 c0-0c2s2n1 ACPI: (supports S0 S1 S3 S5)
2015-02-11T17:33:07.304336-06:00 c0-0c2s2n1 ACPI: Using IOAPIC for interrupt routing
2015-02-11T17:33:07.329570-06:00 c0-0c2s2n1 ACPI: No dock devices found.
2015-02-11T17:33:07.329599-06:00 c0-0c2s2n1 HEST: Table parsing disabled.
2015-02-11T17:33:07.354812-06:00 c0-0c2s2n1 PCI: Using host bridge windows from ACPI; if necessary, use "pci=nocrs" and report a bug
2015-02-11T17:33:07.354839-06:00 c0-0c2s2n1 ACPI: PCI Root Bridge [PCI0] (domain 0000 [bus 00-fe])
2015-02-11T17:33:07.393431-06:00 c0-0c2s2n1 pci_root PNP0A08:00: host bridge window [io  0x0000-0x03af]
2015-02-11T17:33:07.393457-06:00 c0-0c2s2n1 pci_root PNP0A08:00: host bridge window [io  0x03e0-0x0cf7]
2015-02-11T17:33:07.393466-06:00 c0-0c2s2n1 pci_root PNP0A08:00: host bridge window [io  0x0d00-0xffff]
2015-02-11T17:33:07.393475-06:00 c0-0c2s2n1 pci_root PNP0A08:00: host bridge window [mem 0x000c0000-0x000dffff]
2015-02-11T17:33:07.421042-06:00 c0-0c2s2n1 pci_root PNP0A08:00: host bridge window [mem 0x80000000-0xfbffffff]
2015-02-11T17:33:07.421072-06:00 c0-0c2s2n1 pci_root PNP0A08:00: host bridge window [mem 0x1080000000-0x3c3fffffffff]
2015-02-11T17:33:07.421090-06:00 c0-0c2s2n1 pci 0000:00:02.0: PCI bridge to [bus 01-01]
2015-02-11T17:33:07.421099-06:00 c0-0c2s2n1 pci 0000:00:03.0: PCI bridge to [bus 02-07]
2015-02-11T17:33:07.446273-06:00 c0-0c2s2n1 pci 0000:02:00.0: PCI bridge to [bus 03-07]
2015-02-11T17:33:07.446296-06:00 c0-0c2s2n1 pci 0000:03:02.0: PCI bridge to [bus 04-05]
2015-02-11T17:33:07.471521-06:00 c0-0c2s2n1 pci 0000:03:04.0: PCI bridge to [bus 06-07]
2015-02-11T17:33:07.471547-06:00 c0-0c2s2n1 pci 0000:00:03.2: PCI bridge to [bus 08-08]
2015-02-11T17:33:07.471565-06:00 c0-0c2s2n1 pci 0000:00:11.0: PCI bridge to [bus 09-09]
2015-02-11T17:33:07.496742-06:00 c0-0c2s2n1 pci 0000:00:1e.0: PCI bridge to [bus 0a-0a] (subtractive decode)
2015-02-11T17:33:07.496766-06:00 c0-0c2s2n1 pci0000:00: Unable to request _OSC control (_OSC support mask: 0x19)
2015-02-11T17:33:07.521979-06:00 c0-0c2s2n1 ACPI: PCI Root Bridge [UNC0] (domain 0000 [bus ff])
2015-02-11T17:33:07.547235-06:00 c0-0c2s2n1 pci0000:ff: Unable to request _OSC control (_OSC support mask: 0x19)
2015-02-11T17:33:07.572463-06:00 c0-0c2s2n1 ACPI: PCI Interrupt Link [LNKA] (IRQs 3 4 5 6 7 10 *11 12 14 15)
2015-02-11T17:33:07.572494-06:00 c0-0c2s2n1 ACPI: PCI Interrupt Link [LNKB] (IRQs *3 4 5 6 7 10 11 12 14 15)
2015-02-11T17:33:07.572511-06:00 c0-0c2s2n1 ACPI: PCI Interrupt Link [LNKC] (IRQs 3 4 5 6 *10 11 12 14 15)
2015-02-11T17:33:07.597709-06:00 c0-0c2s2n1 ACPI: PCI Interrupt Link [LNKD] (IRQs 3 4 *5 6 10 11 12 14 15)
2015-02-11T17:33:07.597736-06:00 c0-0c2s2n1 ACPI: PCI Interrupt Link [LNKE] (IRQs 3 4 5 6 7 10 11 12 14 15) *0
2015-02-11T17:33:07.622962-06:00 c0-0c2s2n1 ACPI: PCI Interrupt Link [LNKF] (IRQs 3 4 5 6 7 10 11 12 14 15) *0
2015-02-11T17:33:07.622988-06:00 c0-0c2s2n1 ACPI: PCI Interrupt Link [LNKG] (IRQs 3 4 5 6 7 10 11 12 14 15) *0
2015-02-11T17:33:07.648217-06:00 c0-0c2s2n1 ACPI: PCI Interrupt Link [LNKH] (IRQs 3 4 5 6 *7 10 11 12 14 15)
2015-02-11T17:33:07.648247-06:00 c0-0c2s2n1 vgaarb: loaded
2015-02-11T17:33:07.648256-06:00 c0-0c2s2n1 SCSI subsystem initialized
2015-02-11T17:33:07.648264-06:00 c0-0c2s2n1 PCI: Using ACPI for IRQ routing
2015-02-11T17:33:07.673460-06:00 c0-0c2s2n1 Switching to clocksource hpet
2015-02-11T17:33:07.673487-06:00 c0-0c2s2n1 pnp: PnP ACPI init
2015-02-11T17:33:07.698715-06:00 c0-0c2s2n1 ACPI: bus type pnp registered
2015-02-11T17:33:07.698747-06:00 c0-0c2s2n1 system 00:01: [mem 0xfc000000-0xfcffffff] has been reserved
2015-02-11T17:33:07.724025-06:00 c0-0c2s2n1 system 00:01: [mem 0xfd000000-0xfdffffff] has been reserved
2015-02-11T17:33:07.724048-06:00 c0-0c2s2n1 system 00:01: [mem 0xfe000000-0xfeafffff] has been reserved
2015-02-11T17:33:07.724056-06:00 c0-0c2s2n1 system 00:01: [mem 0xfeb00000-0xfebfffff] has been reserved
2015-02-11T17:33:07.749176-06:00 c0-0c2s2n1 system 00:01: [mem 0xfed00400-0xfed3ffff] could not be reserved
2015-02-11T17:33:07.774583-06:00 c0-0c2s2n1 system 00:01: [mem 0xfed45000-0xfedfffff] has been reserved
2015-02-11T17:33:07.774605-06:00 c0-0c2s2n1 system 00:02: [mem 0xfbffc000-0xfbffdfff] has been reserved
2015-02-11T17:33:07.774627-06:00 c0-0c2s2n1 system 00:06: [io  0x04d0-0x04d1] has been reserved
2015-02-11T17:33:07.774644-06:00 c0-0c2s2n1 system 00:08: [io  0x0400-0x0453] has been reserved
2015-02-11T17:33:08.011894-06:00 c0-0c2s2n1 system 00:08: [io  0x0458-0x047f] has been reserved
2015-02-11T17:33:08.011919-06:00 c0-0c2s2n1 system 00:08: [io  0x1180-0x119f] has been reserved
2015-02-11T17:33:08.011925-06:00 c0-0c2s2n1 system 00:08: [io  0x0500-0x057f] has been reserved
2015-02-11T17:33:08.011932-06:00 c0-0c2s2n1 system 00:08: [mem 0xfed1c000-0xfed1ffff] has been reserved
2015-02-11T17:33:08.011938-06:00 c0-0c2s2n1 system 00:08: [mem 0xfec00000-0xfecfffff] could not be reserved
2015-02-11T17:33:08.011943-06:00 c0-0c2s2n1 system 00:08: [mem 0xfed08000-0xfed08fff] has been reserved
2015-02-11T17:33:08.011949-06:00 c0-0c2s2n1 system 00:08: [mem 0xff000000-0xffffffff] has been reserved
2015-02-11T17:33:08.011954-06:00 c0-0c2s2n1 system 00:09: [io  0x0454-0x0457] has been reserved
2015-02-11T17:33:08.011959-06:00 c0-0c2s2n1 pnp: PnP ACPI: found 12 devices
2015-02-11T17:33:08.011966-06:00 c0-0c2s2n1 ACPI: ACPI bus type pnp unregistered
2015-02-11T17:33:08.011972-06:00 c0-0c2s2n1 pci 0000:00:02.0: PCI bridge to [bus 01-01]
2015-02-11T17:33:08.011977-06:00 c0-0c2s2n1 pci 0000:00:02.0:   bridge window [io  disabled]
2015-02-11T17:33:08.011982-06:00 c0-0c2s2n1 pci 0000:00:02.0:   bridge window [mem disabled]
2015-02-11T17:33:08.011989-06:00 c0-0c2s2n1 pci 0000:00:02.0:   bridge window [mem 0x3c0000000000-0x3c20000fffff 64bit pref]
2015-02-11T17:33:08.011995-06:00 c0-0c2s2n1 pci 0000:03:02.0: PCI bridge to [bus 04-05]
2015-02-11T17:33:08.012000-06:00 c0-0c2s2n1 pci 0000:03:02.0:   bridge window [io  0xd000-0xdfff]
2015-02-11T17:33:08.012008-06:00 c0-0c2s2n1 pci 0000:03:02.0:   bridge window [mem 0xfbc00000-0xfbcfffff]
2015-02-11T17:33:08.012013-06:00 c0-0c2s2n1 pci 0000:03:02.0:   bridge window [mem 0x3c2000e00000-0x3c2000efffff 64bit pref]
2015-02-11T17:33:08.012031-06:00 c0-0c2s2n1 pci 0000:03:04.0: PCI bridge to [bus 06-07]
2015-02-11T17:33:08.012055-06:00 c0-0c2s2n1 pci 0000:03:04.0:   bridge window [io  0xc000-0xcfff]
2015-02-11T17:33:08.012062-06:00 c0-0c2s2n1 pci 0000:03:04.0:   bridge window [mem 0xfbb00000-0xfbbfffff]
2015-02-11T17:33:08.012077-06:00 c0-0c2s2n1 pci 0000:03:04.0:   bridge window [mem 0x3c2000d00000-0x3c2000dfffff 64bit pref]
2015-02-11T17:33:08.012108-06:00 c0-0c2s2n1 pci 0000:02:00.0: PCI bridge to [bus 03-07]
2015-02-11T17:33:08.012117-06:00 c0-0c2s2n1 pci 0000:02:00.0:   bridge window [io  0xc000-0xdfff]
2015-02-11T17:33:08.012136-06:00 c0-0c2s2n1 pci 0000:02:00.0:   bridge window [mem 0xfbb00000-0xfbcfffff]
2015-02-11T17:33:08.012160-06:00 c0-0c2s2n1 pci 0000:02:00.0:   bridge window [mem 0x3c2000d00000-0x3c2000efffff 64bit pref]
2015-02-11T17:33:08.040802-06:00 c0-0c2s2n1 pci 0000:00:03.0: PCI bridge to [bus 02-07]
2015-02-11T17:33:08.040822-06:00 c0-0c2s2n1 pci 0000:00:03.0:   bridge window [io  0xc000-0xdfff]
2015-02-11T17:33:08.040838-06:00 c0-0c2s2n1 pci 0000:00:03.0:   bridge window [mem 0xfbb00000-0xfbcfffff]
2015-02-11T17:33:08.073953-06:00 c0-0c2s2n1 pci 0000:00:03.0:   bridge window [mem 0x3c2000d00000-0x3c2000efffff 64bit pref]
2015-02-11T17:33:08.073972-06:00 c0-0c2s2n1 pci 0000:00:03.2: PCI bridge to [bus 08-08]
2015-02-11T17:33:08.074003-06:00 c0-0c2s2n1 pci 0000:00:03.2:   bridge window [io  disabled]
2015-02-11T17:33:08.099993-06:00 c0-0c2s2n1 pci 0000:00:03.2:   bridge window [mem 0xfbe00000-0xfbefffff]
2015-02-11T17:33:08.100007-06:00 c0-0c2s2n1 pci 0000:00:03.2:   bridge window [mem 0x3c2000a00000-0x3c2000cfffff 64bit pref]
2015-02-11T17:33:08.100032-06:00 c0-0c2s2n1 pci 0000:00:11.0: PCI bridge to [bus 09-09]
2015-02-11T17:33:08.127790-06:00 c0-0c2s2n1 pci 0000:00:11.0:   bridge window [io  0xe000-0xefff]
2015-02-11T17:33:08.127819-06:00 c0-0c2s2n1 pci 0000:00:11.0:   bridge window [mem 0xfbd00000-0xfbdfffff]
2015-02-11T17:33:08.127828-06:00 c0-0c2s2n1 pci 0000:00:11.0:   bridge window [mem 0x3c2000400000-0x3c20008fffff 64bit pref]
2015-02-11T17:33:08.158722-06:00 c0-0c2s2n1 pci 0000:00:1e.0: PCI bridge to [bus 0a-0a]
2015-02-11T17:33:08.183997-06:00 c0-0c2s2n1 pci 0000:00:1e.0:   bridge window [io  disabled]
2015-02-11T17:33:08.184021-06:00 c0-0c2s2n1 pci 0000:00:1e.0:   bridge window [mem disabled]
2015-02-11T17:33:08.184030-06:00 c0-0c2s2n1 pci 0000:00:1e.0:   bridge window [mem pref disabled]
2015-02-11T17:33:08.209208-06:00 c0-0c2s2n1 pci 0000:00:02.0: PCI INT A -> GSI 32 (level, low) -> IRQ 32
2015-02-11T17:33:08.209236-06:00 c0-0c2s2n1 pci 0000:00:03.0: PCI INT A -> GSI 40 (level, low) -> IRQ 40
2015-02-11T17:33:08.234460-06:00 c0-0c2s2n1 pci 0000:00:03.2: PCI INT A -> GSI 40 (level, low) -> IRQ 40
2015-02-11T17:33:08.234494-06:00 c0-0c2s2n1 pci 0000:00:11.0: PCI INT A -> GSI 16 (level, low) -> IRQ 16
2015-02-11T17:33:08.234511-06:00 c0-0c2s2n1 NET: Registered protocol family 2
2015-02-11T17:33:08.259724-06:00 c0-0c2s2n1 IP route cache hash table entries: 524288 (order: 10, 4194304 bytes)
2015-02-11T17:33:08.259750-06:00 c0-0c2s2n1 TCP established hash table entries: 524288 (order: 11, 8388608 bytes)
2015-02-11T17:33:08.284960-06:00 c0-0c2s2n1 TCP bind hash table entries: 65536 (order: 8, 1048576 bytes)
2015-02-11T17:33:08.284984-06:00 c0-0c2s2n1 TCP: Hash tables configured (established 524288 bind 65536)
2015-02-11T17:33:08.285006-06:00 c0-0c2s2n1 TCP reno registered
2015-02-11T17:33:08.285027-06:00 c0-0c2s2n1 UDP hash table entries: 32768 (order: 8, 1048576 bytes)
2015-02-11T17:33:08.285048-06:00 c0-0c2s2n1 UDP-Lite hash table entries: 32768 (order: 8, 1048576 bytes)
2015-02-11T17:33:08.285069-06:00 c0-0c2s2n1 NET: Registered protocol family 1
2015-02-11T17:33:08.335473-06:00 c0-0c2s2n1 RPC: Registered named UNIX socket transport module.
2015-02-11T17:33:08.335499-06:00 c0-0c2s2n1 RPC: Registered udp transport module.
2015-02-11T17:33:08.335517-06:00 c0-0c2s2n1 RPC: Registered tcp transport module.
2015-02-11T17:33:08.360730-06:00 c0-0c2s2n1 RPC: Registered tcp NFSv4.1 backchannel transport module.
2015-02-11T17:33:08.360758-06:00 c0-0c2s2n1 pci 0000:00:1a.0: PCI INT A -> GSI 16 (level, low) -> IRQ 16
2015-02-11T17:33:08.385939-06:00 c0-0c2s2n1 pci 0000:00:1a.0: PCI INT A disabled
2015-02-11T17:33:08.385961-06:00 c0-0c2s2n1 pci 0000:00:1d.0: PCI INT A -> GSI 23 (level, low) -> IRQ 23
2015-02-11T17:33:08.411206-06:00 c0-0c2s2n1 pci 0000:00:1d.0: PCI INT A disabled
2015-02-11T17:33:08.436450-06:00 c0-0c2s2n1 Trying to unpack rootfs image as initramfs...
2015-02-11T17:33:08.851689-06:00 c0-0c2s2n1 Freeing initrd memory: 12352k freed
2015-02-11T17:33:08.876870-06:00 c0-0c2s2n1 DMAR: Device scope device [0000:00:01.01] not found
2015-02-11T17:33:08.876891-06:00 c0-0c2s2n1 DMAR: Device scope device [0000:00:01.01] not found
2015-02-11T17:33:08.902107-06:00 c0-0c2s2n1 PCI-DMA: Using software bounce buffering for IO (SWIOTLB)
2015-02-11T17:33:08.902121-06:00 c0-0c2s2n1 Placing 64MB software IO TLB between ffff88007a67c000 - ffff88007e67c000
2015-02-11T17:33:08.902138-06:00 c0-0c2s2n1 software IO TLB at phys 0x7a67c000 - 0x7e67c000
2015-02-11T17:33:08.927316-06:00 c0-0c2s2n1 Machine check injector initialized
2015-02-11T17:33:08.927339-06:00 c0-0c2s2n1 futex hash table entries: 4096 (order: 6, 262144 bytes)
2015-02-11T17:33:08.927348-06:00 c0-0c2s2n1 Registering pnotify support for (name=job)
2015-02-11T17:33:08.952566-06:00 c0-0c2s2n1 CSA: initialized
2015-02-11T17:33:08.952586-06:00 c0-0c2s2n1 audit: initializing netlink socket (disabled)
2015-02-11T17:33:08.952641-06:00 c0-0c2s2n1 type=2000 audit(1423697583.636:1): initialized
2015-02-11T17:33:08.993734-06:00 c0-0c2s2n1 HugeTLB registered 2 MB page size, pre-allocated 0 pages
2015-02-11T17:33:09.018957-06:00 c0-0c2s2n1 VFS: Disk quotas dquot_6.5.2
2015-02-11T17:33:09.018997-06:00 c0-0c2s2n1 Dquot-cache hash table entries: 512 (order 0, 4096 bytes)
2015-02-11T17:33:09.044152-06:00 c0-0c2s2n1 Installing knfsd (copyright (C) 1996 okir@monad.swb.de).
2015-02-11T17:33:09.044175-06:00 c0-0c2s2n1 fuse init (API version 7.16)
2015-02-11T17:33:09.044185-06:00 c0-0c2s2n1 Installing v9fs 9p2000 file system support
2015-02-11T17:33:09.044196-06:00 c0-0c2s2n1 msgmni has been set to 32268
2015-02-11T17:33:09.069421-06:00 c0-0c2s2n1 Block layer SCSI generic (bsg) driver version 0.4 loaded (major 254)
2015-02-11T17:33:09.069449-06:00 c0-0c2s2n1 io scheduler noop registered (default)
2015-02-11T17:33:09.069470-06:00 c0-0c2s2n1 io scheduler deadline registered
2015-02-11T17:33:09.069488-06:00 c0-0c2s2n1 io scheduler cfq registered
2015-02-11T17:33:09.094616-06:00 c0-0c2s2n1 input: Power Button as PATH1228:PATH1229:PATH1230:PATH1231
2015-02-11T17:33:09.094648-06:00 c0-0c2s2n1 ACPI: Power Button [PWRB]
2015-02-11T17:33:09.119860-06:00 c0-0c2s2n1 input: Power Button as PATH1228:PATH1232:PATH1233
2015-02-11T17:33:09.119891-06:00 c0-0c2s2n1 ACPI: Power Button [PWRF]
2015-02-11T17:33:09.225366-06:00 c0-0c2s2n1 ERST: Error Record Serialization Table (ERST) support is disabled.
2015-02-11T17:33:09.225394-06:00 c0-0c2s2n1 GHES: HEST is not enabled!
2015-02-11T17:33:09.253983-06:00 c0-0c2s2n1 Serial: PATH1234 driver, 2 ports, IRQ sharing disabled
2015-02-11T17:33:09.279250-06:00 c0-0c2s2n1 serial8250: ttyS0 at PATH1235 0x3f8 (irq = 4) is a 16550A
2015-02-11T17:33:09.345882-06:00 c0-0c2s2n1 serial8250: ttyS1 at PATH1235 0x2f8 (irq = 3) is a 16550A
2015-02-11T17:33:09.463124-06:00 c0-0c2s2n1 Real Time Clock Driver v1.12b
2015-02-11T17:33:09.463156-06:00 c0-0c2s2n1 Linux agpgart interface v0.103
2015-02-11T17:33:09.463188-06:00 c0-0c2s2n1 brd: module loaded
2015-02-11T17:33:09.463208-06:00 c0-0c2s2n1 loop: module loaded
2015-02-11T17:33:09.488368-06:00 c0-0c2s2n1 Loading iSCSI transport class v2.0-870.
2015-02-11T17:33:09.488400-06:00 c0-0c2s2n1 iscsi: registered transport (tcp)
2015-02-11T17:33:09.488410-06:00 c0-0c2s2n1 Rounding down aligned max_sectors from 4294967295 to 4294967288
2015-02-11T17:33:09.488424-06:00 c0-0c2s2n1 console [netcon0] enabled
2015-02-11T17:33:09.513573-06:00 c0-0c2s2n1 netconsole: network logging started
2015-02-11T17:33:09.513597-06:00 c0-0c2s2n1 i8042: PNP: No PATH1236 controller found. Probing ports directly.
2015-02-11T17:33:09.904818-06:00 c0-0c2s2n1 Refined TSC clocksource calibration: 2599.999 MHz.
2015-02-11T17:33:09.930034-06:00 c0-0c2s2n1 Switching to clocksource tsc
2015-02-11T17:33:10.539361-06:00 c0-0c2s2n1 i8042: No controller found
2015-02-11T17:33:10.564558-06:00 c0-0c2s2n1 EDAC MC: Ver: 2.1.0
2015-02-11T17:33:10.564572-06:00 c0-0c2s2n1 cpuidle: using governor ladder
2015-02-11T17:33:10.564588-06:00 c0-0c2s2n1 cpuidle: using governor menu
2015-02-11T17:33:10.564597-06:00 c0-0c2s2n1 oprofile: using NMI interrupt.
2015-02-11T17:33:10.589828-06:00 c0-0c2s2n1 TCP cubic registered
2015-02-11T17:33:10.589842-06:00 c0-0c2s2n1 NET: Registered protocol family 10
2015-02-11T17:33:10.589858-06:00 c0-0c2s2n1 IPv6 over IPv4 tunneling driver
2015-02-11T17:33:10.589869-06:00 c0-0c2s2n1 NET: Registered protocol family 17
2015-02-11T17:33:10.615094-06:00 c0-0c2s2n1 Installing 9P2000 support
2015-02-11T17:33:10.615114-06:00 c0-0c2s2n1 Registering the dns_resolver key type
2015-02-11T17:33:10.615148-06:00 c0-0c2s2n1 registered taskstats version 1
2015-02-11T17:33:10.640358-06:00 c0-0c2s2n1 Freeing unused kernel memory: 692k freed
2015-02-11T17:33:10.700174-06:00 c0-0c2s2n1 ghal_init:Cray(R) Gemini Hardware Abstraction Layer - version 1.0107
2015-02-11T17:33:10.725381-06:00 c0-0c2s2n1 ghal_init:Copyright (C) 2007-1012 Cray Inc.
2015-02-11T17:33:10.750591-06:00 c0-0c2s2n1 ghal 0000:01:00.1: enabling device (0000 -> 0002)
2015-02-11T17:33:10.775890-06:00 c0-0c2s2n1 udev: starting version 147
2015-02-11T17:33:10.775905-06:00 c0-0c2s2n1 simplex: module license 'unspecified' taints kernel.
2015-02-11T17:33:10.775939-06:00 c0-0c2s2n1 hss-os: communication area 0xffff8810081ed600 (phys 0x10081ed600)
2015-02-11T17:33:10.775964-06:00 c0-0c2s2n1 hss-os: new channel 1
2015-02-11T17:33:11.547435-06:00 c0-0c2s2n1 request_sys_info_from_L0: No tile dimension data
2015-02-11T17:33:11.586834-06:00 c0-0c2s2n1 hss-os: new channel 2
2015-02-11T17:33:11.586855-06:00 c0-0c2s2n1 kgni_init:Cray(R) Gemini Network Interface - Sep 17 2014 version 0x004500b7 rev 9750
2015-02-11T17:33:11.586871-06:00 c0-0c2s2n1 kgni_init:Copyright (C) 2007,2008 Cray Inc.
2015-02-11T17:33:11.637450-06:00 c0-0c2s2n1 ipogif_init:Cray(R) Gemini IP over Fabric device driver - version 0.17
2015-02-11T17:33:11.637471-06:00 c0-0c2s2n1 ipogif_init:Copyright (C) 2007 Cray Inc.
2015-02-11T17:33:11.637487-06:00 c0-0c2s2n1 ipogif_probe:Immediate checksum off
2015-02-11T17:33:11.637503-06:00 c0-0c2s2n1 Cray(R) Gemini Performance Counter Daemon - version 0.1
2015-02-11T17:33:11.671629-06:00 c0-0c2s2n1 GEMINI Performance Counter Daemon.
2015-02-11T17:33:11.671644-06:00 c0-0c2s2n1 Cray(R) Kernel Dynamic Registration (KDREG) Interface - version 0x2243e
2015-02-11T17:33:11.671659-06:00 c0-0c2s2n1 Copyright (C) 2004-5 Pete Wyckoff - modified by Cray(R)
2015-02-11T17:33:11.869392-06:00 c0-0c2s2n1 rdac: device handler registered
2015-02-11T17:33:11.869421-06:00 c0-0c2s2n1 qla2xxx [0000:00:00.0]-0005: QLogic Fibre Channel HBA Driver: IPADDR25.11.1-k.
2015-02-11T17:33:11.869434-06:00 c0-0c2s2n1 qla2xxx 0000:08:00.0: enabling device (0000 -> 0002)
2015-02-11T17:33:11.894600-06:00 c0-0c2s2n1 qla2xxx 0000:08:00.0: PCI INT A -> GSI 42 (level, low) -> IRQ 42
2015-02-11T17:33:11.894623-06:00 c0-0c2s2n1 qla2xxx [0000:08:00.0]-011c: MSI-X vector count: 31.
2015-02-11T17:33:11.919838-06:00 c0-0c2s2n1 qla2xxx [0000:08:00.0]-001d: Found an ISP2031 irq 42 iobase 0xffffc900171fc000.
2015-02-11T17:33:11.919861-06:00 c0-0c2s2n1 qla2xxx [0000:08:00.0]-0075:0: ZIO mode 6 enabled; timer delay (200 us).
2015-02-11T17:33:13.060289-06:00 c0-0c2s2n1 scsi0 : qla2xxx
2015-02-11T17:33:18.081385-06:00 c0-0c2s2n1 qla2xxx [0000:08:00.0]-00fb:0: QLogic QLE2672 - QLE2672 QLogic 2-port 16Gb Fibre Channel Adapter.
2015-02-11T17:33:18.081428-06:00 c0-0c2s2n1 qla2xxx [0000:08:00.0]-00fc:0: ISP2031: PCIe (PATH1340 x4) @ 0000:08:00.0 hdma+ host#=0 fw=7.03.00 (d0d5).
2015-02-11T17:33:18.081440-06:00 c0-0c2s2n1 qla2xxx 0000:08:00.1: enabling device (0000 -> 0002)
2015-02-11T17:33:18.112448-06:00 c0-0c2s2n1 qla2xxx 0000:08:00.1: PCI INT B -> GSI 45 (level, low) -> IRQ 45
2015-02-11T17:33:18.112466-06:00 c0-0c2s2n1 qla2xxx [0000:08:00.1]-011c: MSI-X vector count: 31.
2015-02-11T17:33:18.112478-06:00 c0-0c2s2n1 qla2xxx [0000:08:00.1]-001d: Found an ISP2031 irq 45 iobase 0xffffc900281fa000.
2015-02-11T17:33:18.150329-06:00 c0-0c2s2n1 qla2xxx [0000:08:00.1]-0075:1: ZIO mode 6 enabled; timer delay (200 us).
2015-02-11T17:33:19.274512-06:00 c0-0c2s2n1 scsi1 : qla2xxx
2015-02-11T17:33:20.018924-06:00 c0-0c2s2n1 qla2xxx [0000:08:00.1]-505f:1: Link is operational (16 Gbps).
2015-02-11T17:33:20.018951-06:00 c0-0c2s2n1 qla2xxx [0000:08:00.1]-00fb:1: QLogic QLE2672 - QLE2672 QLogic 2-port 16Gb Fibre Channel Adapter.
2015-02-11T17:33:20.018958-06:00 c0-0c2s2n1 qla2xxx [0000:08:00.1]-00fc:1: ISP2031: PCIe (PATH1340 x4) @ 0000:08:00.1 hdma+ host#=1 fw=7.03.00 (d0d5).
2015-02-11T17:33:20.018965-06:00 c0-0c2s2n1 pps_core: LinuxPPS API ver. 1 registered
2015-02-11T17:33:20.018971-06:00 c0-0c2s2n1 pps_core: Software ver. 5.3.6 - Copyright 2005-2007 Rodolfo Giometti <giometti@linux.it>
2015-02-11T17:33:20.018977-06:00 c0-0c2s2n1 PTP clock support registered
2015-02-11T17:33:20.018985-06:00 c0-0c2s2n1 igb: Intel(R) Gigabit Ethernet Network Driver - version 4.1.2-k
2015-02-11T17:33:20.018992-06:00 c0-0c2s2n1 igb: Copyright (c) 2007-2012 Intel Corporation.
2015-02-11T17:33:20.018999-06:00 c0-0c2s2n1 igb 0000:04:00.0: PCI INT A -> GSI 45 (level, low) -> IRQ 45
2015-02-11T17:33:20.249358-06:00 c0-0c2s2n1 igb 0000:04:00.0: added PHC on eth0
2015-02-11T17:33:20.274574-06:00 c0-0c2s2n1 igb 0000:04:00.0: Intel(R) Gigabit Ethernet Network Connection
2015-02-11T17:33:20.274589-06:00 c0-0c2s2n1 igb 0000:04:00.0: eth0: (PCIe:PATH1341:Width x4) 90:e2:ba:90:3d:84
2015-02-11T17:33:20.274606-06:00 c0-0c2s2n1 igb 0000:04:00.0: eth0: PBA No: E91609-006
2015-02-11T17:33:20.299833-06:00 c0-0c2s2n1 igb 0000:04:00.0: Using MSI-X interrupts. 8 rx queue(s), 8 tx queue(s)
2015-02-11T17:33:20.299858-06:00 c0-0c2s2n1 igb 0000:04:00.1: PCI INT B -> GSI 46 (level, low) -> IRQ 46
2015-02-11T17:33:20.521908-06:00 c0-0c2s2n1 igb 0000:04:00.1: added PHC on eth1
2015-02-11T17:33:20.547157-06:00 c0-0c2s2n1 igb 0000:04:00.1: Intel(R) Gigabit Ethernet Network Connection
2015-02-11T17:33:20.547171-06:00 c0-0c2s2n1 igb 0000:04:00.1: eth1: (PCIe:PATH1341:Width x4) 90:e2:ba:90:3d:85
2015-02-11T17:33:20.572410-06:00 c0-0c2s2n1 igb 0000:04:00.1: eth1: PBA No: E91609-006
2015-02-11T17:33:20.572425-06:00 c0-0c2s2n1 igb 0000:04:00.1: Using MSI-X interrupts. 8 rx queue(s), 8 tx queue(s)
2015-02-11T17:33:20.572441-06:00 c0-0c2s2n1 igb 0000:06:00.0: PCI INT A -> GSI 40 (level, low) -> IRQ 40
2015-02-11T17:33:20.797602-06:00 c0-0c2s2n1 igb 0000:06:00.0: added PHC on eth2
2015-02-11T17:33:20.822847-06:00 c0-0c2s2n1 igb 0000:06:00.0: Intel(R) Gigabit Ethernet Network Connection
2015-02-11T17:33:20.822861-06:00 c0-0c2s2n1 igb 0000:06:00.0: eth2: (PCIe:PATH1341:Width x4) 90:e2:ba:90:3d:86
2015-02-11T17:33:20.822876-06:00 c0-0c2s2n1 igb 0000:06:00.0: eth2: PBA No: E91609-006
2015-02-11T17:33:20.848116-06:00 c0-0c2s2n1 igb 0000:06:00.0: Using MSI-X interrupts. 8 rx queue(s), 8 tx queue(s)
2015-02-11T17:33:20.848134-06:00 c0-0c2s2n1 igb 0000:06:00.1: PCI INT B -> GSI 44 (level, low) -> IRQ 44
2015-02-11T17:33:21.167059-06:00 c0-0c2s2n1 igb 0000:06:00.1: added PHC on eth3
2015-02-11T17:33:21.167080-06:00 c0-0c2s2n1 igb 0000:06:00.1: Intel(R) Gigabit Ethernet Network Connection
2015-02-11T17:33:21.167086-06:00 c0-0c2s2n1 igb 0000:06:00.1: eth3: (PCIe:PATH1341:Width x4) 90:e2:ba:90:3d:87
2015-02-11T17:33:21.167092-06:00 c0-0c2s2n1 igb 0000:06:00.1: eth3: PBA No: E91609-006
2015-02-11T17:33:21.167098-06:00 c0-0c2s2n1 igb 0000:06:00.1: Using MSI-X interrupts. 8 rx queue(s), 8 tx queue(s)
2015-02-11T17:33:21.246589-06:00 c0-0c2s2n1 ipogif_up:Bringing interface up
2015-02-11T17:33:21.286151-06:00 c0-0c2s2n1 scsi 1:0:0:0: Direct-Access     NETAPP   INF-01-00        0810 PQ: 0 ANSI: 5
2015-02-11T17:33:21.311454-06:00 c0-0c2s2n1 scsi 1:0:0:0: rdac: LUN 0 (RDAC) (owned)
2015-02-11T17:33:21.311475-06:00 c0-0c2s2n1 sd 1:0:0:0: Attached scsi generic sg0 type 0
2015-02-11T17:33:21.311490-06:00 c0-0c2s2n1 sd 1:0:0:0: [sda] 146800640 512-byte logical blocks: (75.1 PATH1342 GiB)
2015-02-11T17:33:21.336741-06:00 c0-0c2s2n1 sd 1:0:0:0: [sda] Write Protect is off
2015-02-11T17:33:21.336755-06:00 c0-0c2s2n1 sd 1:0:0:0: [sda] Write cache: disabled, read cache: enabled, supports DPO and FUA
2015-02-11T17:33:21.336769-06:00 c0-0c2s2n1 sda: sda1 sda2
2015-02-11T17:33:21.362127-06:00 c0-0c2s2n1 sd 1:0:0:0: [sda] Attached SCSI disk
2015-02-11T17:33:21.362153-06:00 c0-0c2s2n1 Sending ec_node_info with boot cscsi 1:0:0:1: Direct-Access     NETAPP   INF-01-00        0810 PQ: 0 ANSI: 5
2015-02-11T17:33:21.362188-06:00 c0-0c2s2n1 ode 0 (NODE_INFOscsi 1:0:0:1: rdac: LUN 1 (RDAC) (owned)
2015-02-11T17:33:21.387253-06:00 c0-0c2s2n1 _OS_BOOT) for nisd 1:0:0:1: Attached scsi generic sg1 type 0
2015-02-11T17:33:21.387285-06:00 c0-0c2s2n1 sd 1:0:0:1: [sdb] 775946240 512-byte logical blocks: (397 PATH1343 GiB)
2015-02-11T17:33:21.387333-06:00 c0-0c2s2n1 sd 1:0:0:1: [sdb] Write Protect is off
2015-02-11T17:33:21.387360-06:00 c0-0c2s2n1 sd 1:0:0:1: [sdb] Write cache: disabled, read cache: enabled, supports DPO and FUA
2015-02-11T17:33:21.387368-06:00 c0-0c2s2n1 d 137
2015-02-11T17:33:21.455657-06:00 c0-0c2s2n1 net.core. sdb: sdb1 sdb2 sdb3 sdb4
2015-02-11T17:33:21.455691-06:00 c0-0c2s2n1 sd 1:0:0:1: [sdb] Attached SCSI disk
2015-02-11T17:33:21.455717-06:00 c0-0c2s2n1 rmem_max = 16777scsi 1:0:0:2: Direct-Access     NETAPP   INF-01-00        0810 PQ: 0 ANSI: 5
2015-02-11T17:33:21.455743-06:00 c0-0c2s2n1 216
2015-02-11T17:33:21.455754-06:00 c0-0c2s2n1 net.core.wmscsi 1:0:0:2: rdac: LUN 2 (RDAC) (owned)
2015-02-11T17:33:21.455775-06:00 c0-0c2s2n1 em_max = 1677721sd 1:0:0:2: [sdc] 167772160 512-byte logical blocks: (85.8 PATH1344 GiB)
2015-02-11T17:33:21.455786-06:00 c0-0c2s2n1 sd 1:0:0:2: Attached scsi generic sg2 type 0
2015-02-11T17:33:21.493372-06:00 c0-0c2s2n1 scsi 1:0:0:3: Direct-Access     NETAPP   INF-01-00        0810 PQ: 0 ANSI: 5
2015-02-11T17:33:21.493398-06:00 c0-0c2s2n1 scsi 1:0:0:3: rdac: LUN 3 (RDAC) (owned)
2015-02-11T17:33:21.493407-06:00 c0-0c2s2n1 sd 1:0:0:3: Attached scsi generic sg3 type 0
2015-02-11T17:33:21.493424-06:00 c0-0c2s2n1 sd 1:0:0:3: [sdd] 146800640 512-byte logical blocks: (75.1 PATH1342 GiB)
2015-02-11T17:33:21.518684-06:00 c0-0c2s2n1 scsi 1:0:0:4: Direct-Access     NETAPP   INF-01-00        0810 PQ: 0 ANSI: 5
2015-02-11T17:33:21.518728-06:00 c0-0c2s2n1 sd 1:0:0:3: [sdd] Write Protect is off
2015-02-11T17:33:21.518748-06:00 c0-0c2s2n1 scsi 1:0:0:4: rdac: LUN 4 (RDAC) (owned)
2015-02-11T17:33:21.518818-06:00 c0-0c2s2n1 sd 1:0:0:3: [sdd] Write cache: disabled, read cache: enabled, supports DPO and FUA
2015-02-11T17:33:21.544011-06:00 c0-0c2s2n1 sd 1:0:0:4: Attached scsi generic sg4 type 0
2015-02-11T17:33:21.544043-06:00 c0-0c2s2n1 sd 1:0:0:4: [sde] 775946240 512-byte logical blocks: (397 PATH1343 GiB)
2015-02-11T17:33:21.569259-06:00 c0-0c2s2n1 scsi 1:0:0:5: Direct-Access     NETAPP   INF-01-00        0810 PQ: 0 ANSI: 5
2015-02-11T17:33:21.569284-06:00 c0-0c2s2n1 scsi 1:0:0:5: rdac: LUN 5 (RDAC) (owned)
2015-02-11T17:33:21.569294-06:00 c0-0c2s2n1 sd 1:0:0:5: Attached scsi generic sg5 type 0
2015-02-11T17:33:21.569307-06:00 c0-0c2s2n1 sd 1:0:0:4: [sde] Write Protect is off
2015-02-11T17:33:21.569323-06:00 c0-0c2s2n1 6
2015-02-11T17:33:21.569349-06:00 c0-0c2s2n1 net.core.rmem sdd: sdd1 sdd2
2015-02-11T17:33:21.609449-06:00 c0-0c2s2n1 sd 1:0:0:5: [sdf] 167772160 512-byte logical blocks: (85.8 PATH1344 GiB)
2015-02-11T17:33:21.609473-06:00 c0-0c2s2n1 sd 1:0:0:4: [sde] Write cache: disabled, read cache: enabled, supports DPO and FUA
2015-02-11T17:33:21.609482-06:00 c0-0c2s2n1 scsi 1:0:0:6: Direct-Access     NETAPP   INF-01-00        0810 PQ: 0 ANSI: 5
2015-02-11T17:33:21.609501-06:00 c0-0c2s2n1 sd 1:0:0:5: [sdf] Write Protect is off
2015-02-11T17:33:21.634737-06:00 c0-0c2s2n1 scsi 1:0:0:6: rdac: LUN 6 (RDAC) (owned)
2015-02-11T17:33:21.634773-06:00 c0-0c2s2n1 sd 1:0:0:6: Attached scsi generic sg6 type 0
2015-02-11T17:33:21.659981-06:00 c0-0c2s2n1 sd 1:0:0:5: [sdf] Write cache: disabled, read cache: enabled, supports DPO and FUA
2015-02-11T17:33:21.660018-06:00 c0-0c2s2n1 sd 1:0:0:6: [sdg] 146800640 512-byte logical blocks: (75.1 PATH1342 GiB)
2015-02-11T17:33:21.660028-06:00 c0-0c2s2n1 scsi 1:0:0:7: Direct-Access     NETAPP   INF-01-00        0810 PQ: 0 ANSI: 5
2015-02-11T17:33:21.685194-06:00 c0-0c2s2n1 sd 1:0:0:3: [sdd] Attached SCSI disk
2015-02-11T17:33:21.685218-06:00 c0-0c2s2n1 sde: sde1 sde2 sde3 sde4
2015-02-11T17:33:21.685228-06:00 c0-0c2s2n1 sd 1:0:0:6: [sdg] Write Protect is off
2015-02-11T17:33:21.685240-06:00 c0-0c2s2n1 _default = 16777scsi 1:0:0:7: rdac: LUN 7 (RDAC) (owned)
2015-02-11T17:33:21.710441-06:00 c0-0c2s2n1 sd 1:0:0:7: Attached scsi generic sg7 type 0
2015-02-11T17:33:21.710466-06:00 c0-0c2s2n1 sd 1:0:0:6: [sdg] Write cache: disabled, read cache: enabled, supports216
2015-02-11T17:33:21.710476-06:00 c0-0c2s2n1 net.core.wm DPO and FUA
2015-02-11T17:33:21.735689-06:00 c0-0c2s2n1 sd 1:0:0:7: [sdh] 775946240 512-byte logical blocks: (397 PATH1343 GiB)
2015-02-11T17:33:21.735716-06:00 c0-0c2s2n1 scsi 1:0:0:8: Direct-Access     NETAPP   INF-01-00        0810 PQ: 0 ANSI: 5
2015-02-11T17:33:21.735726-06:00 c0-0c2s2n1 em_default = 167 sdf: sdf1 sdf2 sdf3
2015-02-11T17:33:21.735747-06:00 c0-0c2s2n1 scsi 1:0:0:8: rdac: LUN 8 (RDAC) (owned)
2015-02-11T17:33:21.760910-06:00 c0-0c2s2n1 sd 1:0:0:8: Attached scsi generic sg8 type 0
2015-02-11T17:33:21.760940-06:00 c0-0c2s2n1 sd 1:0:0:4: [sde] Attached SCSI disk
2015-02-11T17:33:21.760956-06:00 c0-0c2s2n1 sd 1:0:0:7: [sdh] Write Protect is off
2015-02-11T17:33:21.786166-06:00 c0-0c2s2n1 scsi 1:0:0:15: Direct-Access     NETAPP   INF-01-00        0810 PQ: 0 ANSI: 5
2015-02-11T17:33:21.786191-06:00 c0-0c2s2n1 sd 1:0:0:8: [sdi] 167772160 512-byte logical blocks: (85.8 PATH1344 GiB)
2015-02-11T17:33:21.811511-06:00 c0-0c2s2n1 sd 1:0:0:7: [sdh] Write cache: disabled, read cache: enabled, supports DPO and FUA
2015-02-11T17:33:21.811539-06:00 c0-0c2s2n1 sdg: sdg1 sdg2
2015-02-11T17:33:21.811633-06:00 c0-0c2s2n1 scsi 1:0:0:15: rdac: LUN 15 (RDAC) (owned)
2015-02-11T17:33:21.811749-06:00 c0-0c2s2n1 sd 1:0:0:15: Attached scsi generic sg9 type 0
2015-02-11T17:33:21.836896-06:00 c0-0c2s2n1 sd 1:0:0:5: [sdf] Attached SCSI disk
2015-02-11T17:33:21.836923-06:00 c0-0c2s2n1 sd 1:0:0:8: [sdi] Write Protect is off
2015-02-11T17:33:21.836964-06:00 c0-0c2s2n1 sd 1:0:0:15: [sdj] 3048520811 512-byte logical blocks: (1.56 PATH1345 TiB)
2015-02-11T17:33:21.862156-06:00 c0-0c2s2n1 scsi 1:0:0:16: Direct-Access     NETAPP   INF-01-00        0810 PQ: 0 ANSI: 5
2015-02-11T17:33:21.862179-06:00 c0-0c2s2n1 sd 1:0:0:8: [sdi] Write cache: disabled, read cache: enabled, supports DPO and FUA
2015-02-11T17:33:21.887399-06:00 c0-0c2s2n1 scsi 1:0:0:16: rdac: LUN 16 (RDAC) (owned)
2015-02-11T17:33:21.887431-06:00 c0-0c2s2n1 sdh: sdh1 sdh2 sdh3 sdh4
2015-02-11T17:33:21.887446-06:00 c0-0c2s2n1 sd 1:0:0:15: [sdj] Write Protect is off
2015-02-11T17:33:21.887470-06:00 c0-0c2s2n1 sd 1:0:0:16: Attached scsi generic sg10 type 0
2015-02-11T17:33:21.887481-06:00 c0-0c2s2n1 sd 1:0:0:6: [sdg] Attached SCSI disk
2015-02-11T17:33:21.912612-06:00 c0-0c2s2n1 sd 1:0:0:15: [sdj] Write cache: disabled, read cache: enabled, supports DPO and FUA
2015-02-11T17:33:21.912641-06:00 c0-0c2s2n1 sd 1:0:0:16: [sdk] 3048513536 512-byte logical blocks: (1.56 PATH1345 TiB)
2015-02-11T17:33:21.937899-06:00 c0-0c2s2n1 sdi: sdi1 sdi2 sdi3
2015-02-11T17:33:21.937909-06:00 c0-0c2s2n1 77216
2015-02-11T17:33:21.937927-06:00 c0-0c2s2n1 net.core.sd 1:0:0:16: [sdk] Write Protect is off
2015-02-11T17:33:21.937935-06:00 c0-0c2s2n1 sd 1:0:0:7: [sdh] Attached SCSI disk
2015-02-11T17:33:21.963118-06:00 c0-0c2s2n1 sd 1:0:0:16: [sdk] Write cache: disabled, read cache: enabled, supports DPO and FUA
2015-02-11T17:33:21.963152-06:00 c0-0c2s2n1 optmem_max = 167 sdj: sdj1
2015-02-11T17:33:21.963176-06:00 c0-0c2s2n1 sd 1:0:0:8: [sdi] Attached SCSI disk
2015-02-11T17:33:21.963188-06:00 c0-0c2s2n1 sdk: sdk1
2015-02-11T17:33:21.963202-06:00 c0-0c2s2n1 77216
2015-02-11T17:33:21.963222-06:00 c0-0c2s2n1 net.ipv4.sd 1:0:0:15: [sdj] Attached SCSI disk
2015-02-11T17:33:21.988393-06:00 c0-0c2s2n1 sd 1:0:0:16: [sdk] Attached SCSI disk
2015-02-11T17:33:21.988418-06:00 c0-0c2s2n1 sd 1:0:0:2: [sdc] Write Protect is off
2015-02-11T17:33:21.988428-06:00 c0-0c2s2n1 sd 1:0:0:2: [sdc] Write cache: disabled, read cache: enabled, supports DPO and FUA
2015-02-11T17:33:21.988478-06:00 c0-0c2s2n1 sdc: sdc1 sdc2 sdc3
2015-02-11T17:33:21.988503-06:00 c0-0c2s2n1 sd 1:0:0:2: [sdc] Attached SCSI disk
2015-02-11T17:33:21.988514-06:00 c0-0c2s2n1 tcp_mem = 16777216 16777216 16777216
2015-02-11T17:33:21.988597-06:00 c0-0c2s2n1 net.ipv4.tcp_rmem = 4096 87380 16777216
2015-02-11T17:33:21.988617-06:00 c0-0c2s2n1 net.ipv4.tcp_wmem = 4096 65536 16777216
2015-02-11T17:33:21.988717-06:00 c0-0c2s2n1 Using rootfs config: nfs-shared...
2015-02-11T17:33:21.988769-06:00 c0-0c2s2n1 rootfs mount succeeded.
2015-02-11T17:33:21.988797-06:00 c0-0c2s2n1 killall: can't kill pid 3355: No such process
2015-02-11T17:33:21.988808-06:00 c0-0c2s2n1 killall: can't kill pid 3358: No such process
2015-02-11T17:33:21.988820-06:00 c0-0c2s2n1 killall: can't kill pid 3361: No such process
2015-02-11T17:33:21.988837-06:00 c0-0c2s2n1 killall: can't kill pid 3364: No such process
2015-02-11T17:33:22.013918-06:00 c0-0c2s2n1 killall: can't kill pid 3367: No such process
2015-02-11T17:33:22.013957-06:00 c0-0c2s2n1 killall: can't kill pid 3370: No such process
2015-02-11T17:33:22.013993-06:00 c0-0c2s2n1 killall: can't kill pid 3397: No such process
2015-02-11T17:33:22.014012-06:00 c0-0c2s2n1 killall: can't kill pid 3399: No such process
2015-02-11T17:33:22.014022-06:00 c0-0c2s2n1 killall: can't kill pid 3401: No such process
2015-02-11T17:33:22.014056-06:00 c0-0c2s2n1 killall: can't kill pid 3403: No such process
2015-02-11T17:33:22.014068-06:00 c0-0c2s2n1 killall: can't kill pid 3406: No such process
2015-02-11T17:33:22.014076-06:00 c0-0c2s2n1 killall: can't kill pid 4426: No such process
2015-02-11T17:33:22.014084-06:00 c0-0c2s2n1 killall: can't kill pid 4427: No such process
2015-02-11T17:33:22.014100-06:00 c0-0c2s2n1 killall: can't kill pid 4428: No such process
2015-02-11T17:33:22.014117-06:00 c0-0c2s2n1 **********************************************************
2015-02-11T17:33:22.039167-06:00 c0-0c2s2n1    HOSTNAME: nid00137
2015-02-11T17:33:22.039206-06:00 c0-0c2s2n1 **********************************************************
2015-02-11T17:33:22.039245-06:00 c0-0c2s2n1 ipogif0   Link encap:Ethernet  HWaddr 00:01:01:00:00:89  
2015-02-11T17:33:22.039265-06:00 c0-0c2s2n1          inet addr:IPADDR29  Mask:IPADDR15
2015-02-11T17:33:22.039276-06:00 c0-0c2s2n1          inet6 addr: fe80::201:1ff:fe00:PATH1458 Scope:Link
2015-02-11T17:33:22.039299-06:00 c0-0c2s2n1          UP RUNNING NOARP  MTU:65520  Metric:1
2015-02-11T17:33:22.039344-06:00 c0-0c2s2n1          RX packets:21 errors:0 dropped:0 overruns:0 frame:0
2015-02-11T17:33:22.039366-06:00 c0-0c2s2n1          TX packets:29 errors:0 dropped:0 overruns:0 carrier:0
2015-02-11T17:33:22.039392-06:00 c0-0c2s2n1          collisions:0 txqueuelen:1000 
2015-02-11T17:33:22.039403-06:00 c0-0c2s2n1          RX bytes:2496 (2.4 KiB)  TX bytes:2608 (2.5 KiB)
2015-02-11T17:33:22.039424-06:00 c0-0c2s2n1 lo        Link encap:Local Loopback  
2015-02-11T17:33:22.039435-06:00 c0-0c2s2n1          inet addr:IPADDR18  Mask:IPADDR24
2015-02-11T17:33:22.064356-06:00 c0-0c2s2n1          inet6 addr: ::PATH1252 Scope:Host
2015-02-11T17:33:22.089642-06:00 c0-0c2s2n1          UP LOOPBACK RUNNING  MTU:16436  Metric:1
2015-02-11T17:33:22.089672-06:00 c0-0c2s2n1          RX packets:0 errors:0 dropped:0 overruns:0 frame:0
2015-02-11T17:33:22.089682-06:00 c0-0c2s2n1          TX packets:0 errors:0 dropped:0 overruns:0 carrier:0
2015-02-11T17:33:22.089696-06:00 c0-0c2s2n1          collisions:0 txqueuelen:0 
2015-02-11T17:33:22.089711-06:00 c0-0c2s2n1          RX bytes:0 (0.0 B)  TX bytes:0 (0.0 B)
2015-02-11T17:33:22.089738-06:00 c0-0c2s2n1 Mounting NID specific PATH1253 (nid=137)...
2015-02-11T17:33:22.114860-06:00 c0-0c2s2n1 done.
2015-02-11T17:33:22.377359-06:00 c0-0c2s2n1 INIT: version 2.86 booting
2015-02-11T17:33:22.441415-06:00 c0-0c2s2n1 System Boot Control: Running PATH1254
2015-02-11T17:33:22.505391-06:00 c0-0c2s2n1 Mounting sysfs at PATH12557[?25l
2015-02-11T17:33:22.505402-06:00 c0-0c2s2n1 [80C[10D[1;32mdone[m8[?25h
2015-02-11T17:33:22.505411-06:00 c0-0c2s2n1 Copying static PATH1256 content7[?25l
2015-02-11T17:33:22.505418-06:00 c0-0c2s2n1 [80C[10D[1;32mdone[m8[?25h
2015-02-11T17:33:22.530588-06:00 c0-0c2s2n1 Mounting tmpfs at PATH12577[?25l
2015-02-11T17:33:22.530598-06:00 c0-0c2s2n1 [80C[10D[1;32mdone[m8[?25h
2015-02-11T17:33:22.530607-06:00 c0-0c2s2n1 Mounting devpts at PATH12587[?25l
2015-02-11T17:33:22.530614-06:00 c0-0c2s2n1 [80C[10D[1;32mdone[m8[?25h
2015-02-11T17:33:22.555810-06:00 c0-0c2s2n1 Boot logging started on PATH1259(PATH1260) at Wed Feb 11 17:33:17 2015
2015-02-11T17:33:22.604375-06:00 c0-0c2s2n1 Mounting debugfs at PATH12617[?25l
2015-02-11T17:33:22.604384-06:00 c0-0c2s2n1 [80C[10D[1;32mdone[m8[?25h
2015-02-11T17:33:22.816422-06:00 c0-0c2s2n1 [m[?25hNo efivars filesystem driver available.[m[?25hStarting udevd: udev: starting version 147
2015-02-11T17:33:22.816436-06:00 c0-0c2s2n1 7[?25l
2015-02-11T17:33:22.816441-06:00 c0-0c2s2n1 [80C[10D[1;32mdone[m8[?25h
2015-02-11T17:33:22.911674-06:00 c0-0c2s2n1 Loading drivers, configuring devices: usbcore: registered new interface driver usbfs
2015-02-11T17:33:22.911688-06:00 c0-0c2s2n1 ahci 0000:00:1f.2: PCI INT B -> GSI 19 (level, low) -> IRQ 19
2015-02-11T17:33:22.911707-06:00 c0-0c2s2n1 ahci 0000:00:1f.2: forcing PORTS_IMPL to 0x3f
2015-02-11T17:33:22.939231-06:00 c0-0c2s2n1 usbcore: registered new interface driver hub
2015-02-11T17:33:22.939261-06:00 c0-0c2s2n1 usbcore: registered new device driver usb
2015-02-11T17:33:22.939283-06:00 c0-0c2s2n1 ahci 0000:00:1f.2: AHCI 0001.0300 32 slots 6 ports 6 Gbps 0x3f impl SATA mode
2015-02-11T17:33:22.969133-06:00 c0-0c2s2n1 ahci 0000:00:1f.2: flags: 64bit ncq sntf pm led clo pio slum part ems apst 
2015-02-11T17:33:22.969162-06:00 c0-0c2s2n1 scsi2 : ahci
2015-02-11T17:33:22.969170-06:00 c0-0c2s2n1 scsi3 : ahci
2015-02-11T17:33:22.969181-06:00 c0-0c2s2n1 ehci_hcd: USB 2.0 'Enhanced' Host Controller (EHCI) Driver
2015-02-11T17:33:22.969209-06:00 c0-0c2s2n1 scsi4 : ahci
2015-02-11T17:33:22.969217-06:00 c0-0c2s2n1 scsi5 : ahci
2015-02-11T17:33:22.969245-06:00 c0-0c2s2n1 scsi6 : ahci
2015-02-11T17:33:22.969268-06:00 c0-0c2s2n1 scsi7 : ahci
2015-02-11T17:33:23.001677-06:00 c0-0c2s2n1 ata2: SATA max PATH1238 abar m2048@0xfbf00000 port 0xfbf00100 irq 206
2015-02-11T17:33:23.026919-06:00 c0-0c2s2n1 ata3: SATA max PATH1238 abar m2048@0xfbf00000 port 0xfbf00180 irq 206
2015-02-11T17:33:23.026942-06:00 c0-0c2s2n1 ata4: SATA max PATH1238 abar m2048@0xfbf00000 port 0xfbf00200 irq 206
2015-02-11T17:33:23.052144-06:00 c0-0c2s2n1 ata5: SATA max PATH1238 abar m2048@0xfbf00000 port 0xfbf00280 irq 206
2015-02-11T17:33:23.052166-06:00 c0-0c2s2n1 ata6: SATA max PATH1238 abar m2048@0xfbf00000 port 0xfbf00300 irq 206
2015-02-11T17:33:23.077400-06:00 c0-0c2s2n1 ata7: SATA max PATH1238 abar m2048@0xfbf00000 port 0xfbf00380 irq 206
2015-02-11T17:33:23.077432-06:00 c0-0c2s2n1 ehci_hcd 0000:00:1a.0: PCI INT A -> GSI 16 (level, low) -> IRQ 16
2015-02-11T17:33:23.077476-06:00 c0-0c2s2n1 ehci_hcd 0000:00:1a.0: EHCI Host Controller
2015-02-11T17:33:23.102615-06:00 c0-0c2s2n1 ehci_hcd 0000:00:1a.0: new USB bus registered, assigned bus number 1
2015-02-11T17:33:23.102643-06:00 c0-0c2s2n1 ehci_hcd 0000:00:1a.0: debug port 2
2015-02-11T17:33:23.102662-06:00 c0-0c2s2n1 ehci_hcd 0000:00:1a.0: irq 16, io mem 0xfbf02000
2015-02-11T17:33:23.127844-06:00 c0-0c2s2n1 ehci_hcd 0000:00:1a.0: USB 2.0 started, EHCI 1.00
2015-02-11T17:33:23.127870-06:00 c0-0c2s2n1 hub 1-0:1.0: USB hub found
2015-02-11T17:33:23.127895-06:00 c0-0c2s2n1 hub 1-0:1.0: 2 ports detected
2015-02-11T17:33:23.153097-06:00 c0-0c2s2n1 ehci_hcd 0000:00:1d.0: PCI INT A -> GSI 23 (level, low) -> IRQ 23
2015-02-11T17:33:23.153125-06:00 c0-0c2s2n1 ehci_hcd 0000:00:1d.0: EHCI Host Controller
2015-02-11T17:33:23.153144-06:00 c0-0c2s2n1 ehci_hcd 0000:00:1d.0: new USB bus registered, assigned bus number 2
2015-02-11T17:33:23.153155-06:00 c0-0c2s2n1 ehci_hcd 0000:00:1d.0: debug port 2
2015-02-11T17:33:23.178462-06:00 c0-0c2s2n1 ehci_hcd 0000:00:1d.0: irq 23, io mem 0xfbf01000
2015-02-11T17:33:23.178483-06:00 c0-0c2s2n1 ehci_hcd 0000:00:1d.0: USB 2.0 started, EHCI 1.00
2015-02-11T17:33:23.178576-06:00 c0-0c2s2n1 hub 2-0:1.0: USB hub found
2015-02-11T17:33:23.178609-06:00 c0-0c2s2n1 hub 2-0:1.0: 2 ports detected
2015-02-11T17:33:23.215396-06:00 c0-0c2s2n1 udevd-work[5249]: rename(PATH1354:0, PATH1355) failed: Not a directory
2015-02-11T17:33:23.215422-06:00 c0-0c2s2n1 udevd-work[5278]: rename(PATH1354:144, PATH1355) failed: Not a directory
2015-02-11T17:33:23.215432-06:00 c0-0c2s2n1 udevd-work[5271]: rename(PATH1354:112, PATH1355) failed: Not a directory
2015-02-11T17:33:23.215446-06:00 c0-0c2s2n1 udevd-work[5255]: rename(PATH1354:96, PATH1355) failed: Not a directory
2015-02-11T17:33:23.215462-06:00 c0-0c2s2n1 udevd-work[5273]: rename(PATH1354:16, PATH1355) failed: Not a directory
2015-02-11T17:33:23.215502-06:00 c0-0c2s2n1 udevd-work[5360]: rename(PATH1354:128, PATH1355) failed: Not a directory
2015-02-11T17:33:23.215535-06:00 c0-0c2s2n1 udevd-work[5270]: rename(PATH1354:80, PATH1355) failed: Not a directory
2015-02-11T17:33:23.215547-06:00 c0-0c2s2n1 udevd-work[5288]: rename(PATH1354:48, PATH1355) failed: Not a directory
2015-02-11T17:33:23.240696-06:00 c0-0c2s2n1 udevd-work[5250]: rename(PATH1354:160, PATH1355) failed: Not a directory
2015-02-11T17:33:23.240730-06:00 c0-0c2s2n1 udevd-work[5293]: rename(PATH1354:64, PATH1355) failed: Not a directory
2015-02-11T17:33:23.240792-06:00 c0-0c2s2n1 udevd-work[5272]: rename(PATH1354:32, PATH1355) failed: Not a directory
2015-02-11T17:33:23.240813-06:00 c0-0c2s2n1 udevd-work[5270]: rename(PATH1354:35, PATH1355) failed: Not a directory
2015-02-11T17:33:23.266020-06:00 c0-0c2s2n1 udevd-work[5248]: rename(PATH1354:2, PATH1355) failed: Not a directory
2015-02-11T17:33:23.266081-06:00 c0-0c2s2n1 udevd-work[5271]: rename(PATH1354:49, PATH1355) failed: Not a directory
2015-02-11T17:33:23.266093-06:00 c0-0c2s2n1 udevd-work[5279]: rename(PATH1354:83, PATH1355) failed: Not a directory
2015-02-11T17:33:23.266125-06:00 c0-0c2s2n1 udevd-work[5249]: rename(PATH1354:145, PATH1355) failed: Not a directory
2015-02-11T17:33:23.266146-06:00 c0-0c2s2n1 udevd-work[5272]: rename(PATH1354:50, PATH1355) failed: Not a directory
2015-02-11T17:33:23.266292-06:00 c0-0c2s2n1 udevd-work[5273]: rename(PATH1354:65, PATH1355) failed: Not a directory
2015-02-11T17:33:23.266319-06:00 c0-0c2s2n1 udevd-work[5262]: rename(PATH1354:33, PATH1355) failed: Not a directory
2015-02-11T17:33:23.266341-06:00 c0-0c2s2n1 udevd-work[5277]: rename(PATH1354:81, PATH1355) failed: Not a directory
2015-02-11T17:33:23.266365-06:00 c0-0c2s2n1 udevd-work[5276]: rename(PATH1354:68, PATH1355) failed: Not a directory
2015-02-11T17:33:23.266387-06:00 c0-0c2s2n1 udevd-work[5250]: rename(PATH1354:17, PATH1355) failed: Not a directory
2015-02-11T17:33:23.291535-06:00 c0-0c2s2n1 udevd-work[5260]: rename(PATH1354:161, PATH1355) failed: Not a directory
2015-02-11T17:33:23.291577-06:00 c0-0c2s2n1 udevd-work[5258]: rename(PATH1354:20, PATH1355) failed: Not a directory
2015-02-11T17:33:23.291608-06:00 c0-0c2s2n1 udevd-work[5254]: rename(PATH1354:115, PATH1355) failed: Not a directory
2015-02-11T17:33:23.291639-06:00 c0-0c2s2n1 udevd-work[5247]: rename(PATH1354:1, PATH1355) failed: Not a directory
2015-02-11T17:33:23.291650-06:00 c0-0c2s2n1 udevd-work[5264]: rename(PATH1354:34, PATH1355) failed: Not a directory
2015-02-11T17:33:23.291672-06:00 c0-0c2s2n1 udevd-work[5256]: rename(PATH1354:116, PATH1355) failed: Not a directory
2015-02-11T17:33:23.291713-06:00 c0-0c2s2n1 udevd-work[5252]: rename(PATH1354:113, PATH1355) failed: Not a directory
2015-02-11T17:33:23.316746-06:00 c0-0c2s2n1 udevd-work[5285]: rename(PATH1354:131, PATH1355) failed: Not a directory
2015-02-11T17:33:23.342024-06:00 c0-0c2s2n1 udevd-work[5281]: rename(PATH1354:98, PATH1355) failed: Not a directory
2015-02-11T17:33:23.342052-06:00 c0-0c2s2n1 udevd-work[5253]: rename(PATH1354:114, PATH1355) failed: Not a directory
2015-02-11T17:33:23.342061-06:00 c0-0c2s2n1 udevd-work[5275]: rename(PATH1354:67, PATH1355) failed: Not a directory
2015-02-11T17:33:23.342074-06:00 c0-0c2s2n1 udevd-work[5255]: rename(PATH1354:18, PATH1355) failed: Not a directory
2015-02-11T17:33:23.342111-06:00 c0-0c2s2n1 udevd-work[5274]: rename(PATH1354:66, PATH1355) failed: Not a directory
2015-02-11T17:33:23.342123-06:00 c0-0c2s2n1 udevd-work[5278]: rename(PATH1354:82, PATH1355) failed: Not a directory
2015-02-11T17:33:23.342144-06:00 c0-0c2s2n1 udevd-work[5284]: rename(PATH1354:130, PATH1355) failed: Not a directory
2015-02-11T17:33:23.367289-06:00 c0-0c2s2n1 udevd-work[5282]: rename(PATH1354:129, PATH1355) failed: Not a directory
2015-02-11T17:33:23.367324-06:00 c0-0c2s2n1 udevd-work[5257]: rename(PATH1354:19, PATH1355) failed: Not a directory
2015-02-11T17:33:23.367357-06:00 c0-0c2s2n1 udevd-work[5280]: rename(PATH1354:97, PATH1355) failed: Not a directory
2015-02-11T17:33:23.395549-06:00 c0-0c2s2n1 usb 1-1: new high-speed USB device number 2 using ehci_hcd
2015-02-11T17:33:23.545356-06:00 c0-0c2s2n1 hub 1-1:1.0: USB hub found
2015-02-11T17:33:23.545384-06:00 c0-0c2s2n1 hub 1-1:1.0: 6 ports detected
2015-02-11T17:33:23.655117-06:00 c0-0c2s2n1 usb 2-1: new high-speed USB device number 2 using ehci_hcd
2015-02-11T17:33:23.788278-06:00 c0-0c2s2n1 hub 2-1:1.0: USB hub found
2015-02-11T17:33:23.813455-06:00 c0-0c2s2n1 hub 2-1:1.0: 8 ports detected
2015-02-11T17:33:24.066124-06:00 c0-0c2s2n1 ata6: failed to resume link (SControl 0)
2015-02-11T17:33:24.091358-06:00 c0-0c2s2n1 ata6: SATA link down (SStatus 0 SControl 0)
2015-02-11T17:33:24.091371-06:00 c0-0c2s2n1 ata7: failed to resume link (SControl 0)
2015-02-11T17:33:24.091385-06:00 c0-0c2s2n1 ata7: SATA link down (SStatus 0 SControl 0)
2015-02-11T17:33:24.116581-06:00 c0-0c2s2n1 ata3: failed to resume link (SControl 0)
2015-02-11T17:33:24.116606-06:00 c0-0c2s2n1 ata3: SATA link down (SStatus 0 SControl 0)
2015-02-11T17:33:24.116614-06:00 c0-0c2s2n1 ata2: failed to resume link (SControl 0)
2015-02-11T17:33:24.116652-06:00 c0-0c2s2n1 ata2: SATA link down (SStatus 0 SControl 0)
2015-02-11T17:33:24.141817-06:00 c0-0c2s2n1 ata4: failed to resume link (SControl 0)
2015-02-11T17:33:24.141837-06:00 c0-0c2s2n1 ata4: SATA link down (SStatus 0 SControl 0)
2015-02-11T17:33:24.141851-06:00 c0-0c2s2n1 ata5: failed to resume link (SControl 0)
2015-02-11T17:33:24.167035-06:00 c0-0c2s2n1 ata5: SATA link down (SStatus 0 SControl 0)
2015-02-11T17:33:24.192236-06:00 c0-0c2s2n1 7[?25l
2015-02-11T17:33:24.192246-06:00 c0-0c2s2n1 [80C[10D[1;32mdone[m8[?25h
2015-02-11T17:33:24.266647-06:00 c0-0c2s2n1 [m[?25hMounting PATH1262 from IPADDR13. Checking for nid=137 existance.
2015-02-11T17:33:24.513322-06:00 c0-0c2s2n1 7[?25l
2015-02-11T17:33:24.513334-06:00 c0-0c2s2n1 [80C[10D[1;32mdone[m8[?25h
2015-02-11T17:33:24.584319-06:00 c0-0c2s2n1 Mounting tmpfs on PATH12637[?25l
2015-02-11T17:33:24.584333-06:00 c0-0c2s2n1 [80C[10D[1;32mdone[m8[?25h
2015-02-11T17:33:24.609564-06:00 c0-0c2s2n1 Running sysctl using values from PATH1264
2015-02-11T17:33:24.609586-06:00 c0-0c2s2n1 net.ipv4.icmp_echo_ignore_broadcasts = 1
2015-02-11T17:33:24.609623-06:00 c0-0c2s2n1 net.ipv4.conf.all.rp_filter = 1
2015-02-11T17:33:24.609648-06:00 c0-0c2s2n1 fs.inotify.max_user_watches = 65536
2015-02-11T17:33:24.609659-06:00 c0-0c2s2n1 net.ipv4.conf.default.promote_secondaries = 1
2015-02-11T17:33:24.609682-06:00 c0-0c2s2n1 net.ipv4.conf.all.promote_secondaries = 1
2015-02-11T17:33:24.609712-06:00 c0-0c2s2n1 vm.min_free_kbytes = 102400
2015-02-11T17:33:24.609726-06:00 c0-0c2s2n1 7[?25l
2015-02-11T17:33:24.609733-06:00 c0-0c2s2n1 [80C[10D[1;32mdone[m8[?25h
2015-02-11T17:33:24.649404-06:00 c0-0c2s2n1 [m[?25hActivating swap-devices in PATH1265
2015-02-11T17:33:24.649443-06:00 c0-0c2s2n1 7[?25l[1A
2015-02-11T17:33:24.649457-06:00 c0-0c2s2n1 [80C[10D[1;32mdone[m8[?25hroot file system (PATH24) is NOT being checked.
2015-02-11T17:33:25.612665-06:00 c0-0c2s2n1 [m[?25hSet System Time to the current Hardware Clock7[?25l
2015-02-11T17:33:25.612686-06:00 c0-0c2s2n1 [80C[10D[1;32mdone[m8[?25h
2015-02-11T17:33:25.612697-06:00 c0-0c2s2n1 [m[?25hActivating device mapper...
2015-02-11T17:33:25.661782-06:00 c0-0c2s2n1 device-mapper: ioctl: 4.23.0-ioctl (2012-07-25) initialised: dm-devel@redhat.com
2015-02-11T17:33:25.661812-06:00 c0-0c2s2n1 7[?25l
2015-02-11T17:33:25.661818-06:00 c0-0c2s2n1 [80C[10D[1;32mdone[m8[?25h
2015-02-11T17:33:25.661826-06:00 c0-0c2s2n1 [m[?25hLoading required kernel modules
2015-02-11T17:33:25.736675-06:00 c0-0c2s2n1 7[?25l[1A
2015-02-11T17:33:25.736690-06:00 c0-0c2s2n1 [80C[10D[1;32mdone[m8[?25h[m[?25h[m[?25hWaiting for udev to settle...
2015-02-11T17:33:25.736699-06:00 c0-0c2s2n1 Scanning for LVM volume groups...
2015-02-11T17:33:25.809353-06:00 c0-0c2s2n1  Reading all physical volumes.  This may take a while...
2015-02-11T17:33:26.029381-06:00 c0-0c2s2n1  No volume groups found
2015-02-11T17:33:26.029400-06:00 c0-0c2s2n1  No volume groups found
2015-02-11T17:33:26.029406-06:00 c0-0c2s2n1 Activating LVM volume groups...
2015-02-11T17:33:26.029411-06:00 c0-0c2s2n1  PARTIAL MODE. Incomplete logical volumes will be processed.
2015-02-11T17:33:26.029416-06:00 c0-0c2s2n1  Invalid volume group name: PATH1362
2015-02-11T17:33:26.029421-06:00 c0-0c2s2n1  Run `vgchange --help' for more information.
2015-02-11T17:33:26.029425-06:00 c0-0c2s2n1 7[?25l
2015-02-11T17:33:26.029434-06:00 c0-0c2s2n1 [80C[10D[1;32mdone[m8[?25h
2015-02-11T17:33:26.029439-06:00 c0-0c2s2n1 [m[?25hWaiting to ensure all PATH1363 disk devices are discovered. 
2015-02-11T17:33:26.855392-06:00 c0-0c2s2n1 20153311-17:02.21(65)  Disks present: 40   
2015-02-11T17:33:27.862575-06:00 c0-0c2s2n1 20153311-17:02.22(64)  Disks present: 40  [9] 
2015-02-11T17:33:28.868692-06:00 c0-0c2s2n1 20153311-17:02.23(63)  Disks present: 40  [8] 
2015-02-11T17:33:29.874632-06:00 c0-0c2s2n1 20153311-17:02.24(62)  Disks present: 40  [7] 
2015-02-11T17:33:30.880605-06:00 c0-0c2s2n1 20153311-17:02.25(61)  Disks present: 40  [6] 
2015-02-11T17:33:31.990631-06:00 c0-0c2s2n1 20153311-17:02.26(60)  Disks present: 40  [5] 
2015-02-11T17:33:32.892848-06:00 c0-0c2s2n1 20153311-17:02.27(59)  Disks present: 40  [4] 
2015-02-11T17:33:33.879352-06:00 c0-0c2s2n1 20153311-17:02.28(58)  Disks present: 40  [3] 
2015-02-11T17:33:34.904917-06:00 c0-0c2s2n1 20153311-17:02.29(57)  Disks present: 40  [2] 
2015-02-11T17:33:35.222358-06:00 c0-0c2s2n1 qla2xxx [0000:08:00.0]-8038:0: Cable is unplugged...
2015-02-11T17:33:35.911086-06:00 c0-0c2s2n1 20153311-17:02.30(56)  Disks present: 40  [1] 
2015-02-11T17:33:36.916821-06:00 c0-0c2s2n1 20153311-17:02.31(55)  Disks present: 40  [0] 
2015-02-11T17:33:36.942104-06:00 c0-0c2s2n1 Elapsed wait time 10 seconds. 
2015-02-11T17:33:36.942124-06:00 c0-0c2s2n1  20153311-17:02.31 triggering udev
2015-02-11T17:33:36.967362-06:00 c0-0c2s2n1  20153311-17:02.31 Verifying udev settle. 
2015-02-11T17:33:37.065380-06:00 c0-0c2s2n1 udevd-work[6305]: rename(PATH1354:16, PATH1355) failed: Not a directory
2015-02-11T17:33:37.065411-06:00 c0-0c2s2n1 udevd-work[6303]: rename(PATH1354:0, PATH1355) failed: Not a directory
2015-02-11T17:33:37.065426-06:00 c0-0c2s2n1 udevd-work[6311]: rename(PATH1354:80, PATH1355) failed: Not a directory
2015-02-11T17:33:37.065446-06:00 c0-0c2s2n1 udevd-work[6339]: rename(PATH1354:128, PATH1355) failed: Not a directory
2015-02-11T17:33:37.065467-06:00 c0-0c2s2n1 udevd-work[6301]: rename(PATH1354:48, PATH1355) failed: Not a directory
2015-02-11T17:33:37.098032-06:00 c0-0c2s2n1 udevd-work[6309]: rename(PATH1354:32, PATH1355) failed: Not a directory
2015-02-11T17:33:37.098062-06:00 c0-0c2s2n1 udevd-work[6336]: rename(PATH1354:64, PATH1355) failed: Not a directory
2015-02-11T17:33:37.098092-06:00 c0-0c2s2n1 udevd-work[6322]: rename(PATH1354:96, PATH1355) failed: Not a directory
2015-02-11T17:33:37.098143-06:00 c0-0c2s2n1 udevd-work[6308]: rename(PATH1354:160, PATH1355) failed: Not a directory
2015-02-11T17:33:37.098272-06:00 c0-0c2s2n1 udevd-work[6329]: rename(PATH1354:112, PATH1355) failed: Not a directory
2015-02-11T17:33:37.098368-06:00 c0-0c2s2n1 udevd-work[6307]: rename(PATH1354:144, PATH1355) failed: Not a directory
2015-02-11T17:33:37.098430-06:00 c0-0c2s2n1 udevd-work[6310]: rename(PATH1354:2, PATH1355) failed: Not a directory
2015-02-11T17:33:37.123587-06:00 c0-0c2s2n1 udevd-work[5495]: rename(PATH1354:17, PATH1355) failed: Not a directory
2015-02-11T17:33:37.123613-06:00 c0-0c2s2n1 udevd-work[6306]: rename(PATH1354:20, PATH1355) failed: Not a directory
2015-02-11T17:33:37.123635-06:00 c0-0c2s2n1 udevd-work[6303]: rename(PATH1354:1, PATH1355) failed: Not a directory
2015-02-11T17:33:37.123650-06:00 c0-0c2s2n1 udevd-work[6322]: rename(PATH1354:65, PATH1355) failed: Not a directory
2015-02-11T17:33:37.123661-06:00 c0-0c2s2n1 udevd-work[6328]: rename(PATH1354:68, PATH1355) failed: Not a directory
2015-02-11T17:33:37.148893-06:00 c0-0c2s2n1 udevd-work[6301]: rename(PATH1354:33, PATH1355) failed: Not a directory
2015-02-11T17:33:37.148924-06:00 c0-0c2s2n1 udevd-work[6309]: rename(PATH1354:35, PATH1355) failed: Not a directory
2015-02-11T17:33:37.148967-06:00 c0-0c2s2n1 udevd-work[6305]: rename(PATH1354:19, PATH1355) failed: Not a directory
2015-02-11T17:33:37.148994-06:00 c0-0c2s2n1 udevd-work[6317]: rename(PATH1354:81, PATH1355) failed: Not a directory
2015-02-11T17:33:37.149044-06:00 c0-0c2s2n1 udevd-work[6319]: rename(PATH1354:83, PATH1355) failed: Not a directory
2015-02-11T17:33:37.149056-06:00 c0-0c2s2n1 udevd-work[6311]: rename(PATH1354:49, PATH1355) failed: Not a directory
2015-02-11T17:33:37.149095-06:00 c0-0c2s2n1 udevd-work[6314]: rename(PATH1354:50, PATH1355) failed: Not a directory
2015-02-11T17:33:37.149107-06:00 c0-0c2s2n1 udevd-work[6308]: rename(PATH1354:161, PATH1355) failed: Not a directory
2015-02-11T17:33:37.149116-06:00 c0-0c2s2n1 udevd-work[6298]: rename(PATH1354:145, PATH1355) failed: Not a directory
2015-02-11T17:33:37.149155-06:00 c0-0c2s2n1 udevd-work[6323]: rename(PATH1354:131, PATH1355) failed: Not a directory
2015-02-11T17:33:37.149170-06:00 c0-0c2s2n1 udevd-work[5503]: rename(PATH1354:18, PATH1355) failed: Not a directory
2015-02-11T17:33:37.174087-06:00 c0-0c2s2n1 udevd-work[6299]: rename(PATH1354:113, PATH1355) failed: Not a directory
2015-02-11T17:33:37.174117-06:00 c0-0c2s2n1 udevd-work[6302]: rename(PATH1354:34, PATH1355) failed: Not a directory
2015-02-11T17:33:37.199362-06:00 c0-0c2s2n1 udevd-work[6320]: rename(PATH1354:129, PATH1355) failed: Not a directory
2015-02-11T17:33:37.199405-06:00 c0-0c2s2n1 udevd-work[6321]: rename(PATH1354:130, PATH1355) failed: Not a directory
2015-02-11T17:33:37.199421-06:00 c0-0c2s2n1 udevd-work[6307]: rename(PATH1354:114, PATH1355) failed: Not a directory
