2015-02-11T17:25:57.490336-06:00 c0-0c1s2n1 ERROR: Type:2; Severity:80; Class:3; Subclass:D; Operation: 2
2015-02-11T17:34:33.183169-06:00 c0-0c1s2n1 Wait4Boot: WRITE: 533 bytes to memory @ 0x90CD0 ... complete
2015-02-11T17:34:33.183179-06:00 c0-0c1s2n1 Wait4Boot: Blade Controller Boot Protocol version - 1
2015-02-11T17:34:33.208406-06:00 c0-0c1s2n1 Wait4Boot: JUMP: KernelStart 0x100000, boot_params 0x90000, CmdLineAddr 0x90CD0
2015-02-11T17:34:33.334576-06:00 c0-0c1s2n1 Decompressing Linux... Parsing ELF... done.
2015-02-11T17:34:33.334626-06:00 c0-0c1s2n1 Booting the kernel.
2015-02-11T17:34:33.334706-06:00 c0-0c1s2n1 Initializing cgroup subsys cpuset
2015-02-11T17:34:33.334739-06:00 c0-0c1s2n1 Initializing cgroup subsys cpu
2015-02-11T17:34:33.360164-06:00 c0-0c1s2n1 Linux version 3.0.101-0.31.1_1.0502.8394-cray_ari_s (abuild@cfosbld05) (gcc version 4.3.4 [gcc-4_3-branch revision 152973] (SUSE Linux) ) #1 SMP Wed Sep 10 04:03:41 UTC 2014
2015-02-11T17:34:33.436137-06:00 c0-0c1s2n1 Command line: earlyprintk=serial,115200 load_ramdisk=1 ramdisk_size=80000 console=ttyS0,115200n8 bootnodeip=10.131.255.254 bootproto=ipog bootpath=/rr/current rootfs=nfs-shared root=/dev/disk/by-id/scsi-3600a09800063789e0000008b54c3a04c-part1 oops=panic bootifnetmask=255.252.0.0 elevator=noop ippob1=10 ippob2=128 pcie_ports=native iommu=on intel_iommu=off bad_page=panic pln_enable=off apei_disable hest_disable erst_disable ghes_disable cgroup_disable=memory active_wlm=ALPS sdbnodeip=10.131.255.253 sessionid=p0-20150211t172524 _cray=marker_ 
2015-02-11T17:34:33.460819-06:00 c0-0c1s2n1 KERNEL supported cpus:
2015-02-11T17:34:33.460993-06:00 c0-0c1s2n1  Intel GenuineIntel
2015-02-11T17:34:33.461137-06:00 c0-0c1s2n1 BIOS-provided physical RAM map:
2015-02-11T17:34:33.461405-06:00 c0-0c1s2n1 BIOS-e820: 0000000000000000 - 00000000000a0000 (usable)
2015-02-11T17:34:33.486110-06:00 c0-0c1s2n1 BIOS-e820: 0000000000100000 - 000000007e67c000 (usable)
2015-02-11T17:34:33.486455-06:00 c0-0c1s2n1 BIOS-e820: 000000007e67c000 - 000000007e790000 (ACPI NVS)
2015-02-11T17:34:33.486722-06:00 c0-0c1s2n1 BIOS-e820: 000000007e790000 - 000000007f395000 (reserved)
2015-02-11T17:34:33.511545-06:00 c0-0c1s2n1 BIOS-e820: 000000007f395000 - 000000007f410000 (ACPI data)
2015-02-11T17:34:33.511823-06:00 c0-0c1s2n1 BIOS-e820: 000000007f410000 - 000000007f491000 (reserved)
2015-02-11T17:34:33.512067-06:00 c0-0c1s2n1 BIOS-e820: 000000007f491000 - 000000007f493000 (usable)
2015-02-11T17:34:33.536968-06:00 c0-0c1s2n1 BIOS-e820: 000000007f493000 - 000000007f494000 (ACPI NVS)
2015-02-11T17:34:33.537283-06:00 c0-0c1s2n1 BIOS-e820: 000000007f494000 - 000000007f49e000 (reserved)
2015-02-11T17:34:33.537595-06:00 c0-0c1s2n1 BIOS-e820: 000000007f49e000 - 000000007f4a6000 (ACPI NVS)
2015-02-11T17:34:33.562193-06:00 c0-0c1s2n1 BIOS-e820: 000000007f4a6000 - 000000007f4d2000 (reserved)
2015-02-11T17:34:33.562461-06:00 c0-0c1s2n1 BIOS-e820: 000000007f4d2000 - 000000007f558000 (ACPI NVS)
2015-02-11T17:34:33.587238-06:00 c0-0c1s2n1 BIOS-e820: 000000007f558000 - 000000007f800000 (usable)
2015-02-11T17:34:33.587467-06:00 c0-0c1s2n1 BIOS-e820: 0000000080000000 - 0000000090000000 (reserved)
2015-02-11T17:34:33.587718-06:00 c0-0c1s2n1 BIOS-e820: 00000000fed1c000 - 00000000fed20000 (reserved)
2015-02-11T17:34:33.612486-06:00 c0-0c1s2n1 BIOS-e820: 00000000ff000000 - 0000000100000000 (reserved)
2015-02-11T17:34:33.612776-06:00 c0-0c1s2n1 BIOS-e820: 0000000100000000 - 0000001080000000 (usable)
2015-02-11T17:34:33.612881-06:00 c0-0c1s2n1 bootconsole [earlyser0] enabled
2015-02-11T17:34:33.613097-06:00 c0-0c1s2n1 NX (Execute Disable) protection: active
2015-02-11T17:34:33.637850-06:00 c0-0c1s2n1 EFI v2.10 by American Megatrends
2015-02-11T17:34:33.638144-06:00 c0-0c1s2n1 ACPI=0x7f395000  ACPI 2.0=0x7f395000  SMBIOS=0xf04c0  MPS=0xfd450 
2015-02-11T17:34:33.662885-06:00 c0-0c1s2n1 EFI: mem00: type=3, attr=0xf, range=[0x0000000000000000-0x0000000000008000) (0MB)
2015-02-11T17:34:33.663232-06:00 c0-0c1s2n1 EFI: mem01: type=7, attr=0xf, range=[0x0000000000008000-0x0000000000060000) (0MB)
2015-02-11T17:34:33.688212-06:00 c0-0c1s2n1 EFI: mem02: type=3, attr=0xf, range=[0x0000000000060000-0x00000000000a0000) (0MB)
2015-02-11T17:34:33.688529-06:00 c0-0c1s2n1 EFI: mem03: type=7, attr=0xf, range=[0x0000000000100000-0x0000000001000000) (15MB)
2015-02-11T17:34:33.713424-06:00 c0-0c1s2n1 EFI: mem04: type=2, attr=0xf, range=[0x0000000001000000-0x0000000001100000) (1MB)
2015-02-11T17:34:33.713729-06:00 c0-0c1s2n1 EFI: mem05: type=4, attr=0xf, range=[0x0000000001100000-0x00000000017ea000) (6MB)
2015-02-11T17:34:33.738774-06:00 c0-0c1s2n1 EFI: mem06: type=3, attr=0xf, range=[0x00000000017ea000-0x00000000017ee000) (0MB)
2015-02-11T17:34:33.739048-06:00 c0-0c1s2n1 EFI: mem07: type=4, attr=0xf, range=[0x00000000017ee000-0x0000000001886000) (0MB)
2015-02-11T17:34:33.764039-06:00 c0-0c1s2n1 EFI: mem08: type=3, attr=0xf, range=[0x0000000001886000-0x000000000188f000) (0MB)
2015-02-11T17:34:33.764339-06:00 c0-0c1s2n1 EFI: mem09: type=4, attr=0xf, range=[0x000000000188f000-0x0000000001892000) (0MB)
2015-02-11T17:34:33.789234-06:00 c0-0c1s2n1 EFI: mem10: type=3, attr=0xf, range=[0x0000000001892000-0x000000000189e000) (0MB)
2015-02-11T17:34:33.789551-06:00 c0-0c1s2n1 EFI: mem11: type=4, attr=0xf, range=[0x000000000189e000-0x00000000018a9000) (0MB)
2015-02-11T17:34:33.789784-06:00 c0-0c1s2n1 EFI: mem12: type=3, attr=0xf, range=[0x00000000018a9000-0x00000000018ab000) (0MB)
2015-02-11T17:34:33.814689-06:00 c0-0c1s2n1 EFI: mem13: type=4, attr=0xf, range=[0x00000000018ab000-0x00000000018ad000) (0MB)
2015-02-11T17:34:33.814894-06:00 c0-0c1s2n1 EFI: mem14: type=3, attr=0xf, range=[0x00000000018ad000-0x00000000018af000) (0MB)
2015-02-11T17:34:33.840034-06:00 c0-0c1s2n1 EFI: mem15: type=4, attr=0xf, range=[0x00000000018af000-0x00000000018b7000) (0MB)
2015-02-11T17:34:33.840297-06:00 c0-0c1s2n1 EFI: mem16: type=3, attr=0xf, range=[0x00000000018b7000-0x00000000018bb000) (0MB)
2015-02-11T17:34:33.865264-06:00 c0-0c1s2n1 EFI: mem17: type=4, attr=0xf, range=[0x00000000018bb000-0x00000000018bd000) (0MB)
2015-02-11T17:34:33.865453-06:00 c0-0c1s2n1 EFI: mem18: type=3, attr=0xf, range=[0x00000000018bd000-0x00000000018bf000) (0MB)
2015-02-11T17:34:33.890547-06:00 c0-0c1s2n1 EFI: mem19: type=4, attr=0xf, range=[0x00000000018bf000-0x00000000018d1000) (0MB)
2015-02-11T17:34:33.890627-06:00 c0-0c1s2n1 EFI: mem20: type=3, attr=0xf, range=[0x00000000018d1000-0x00000000018d7000) (0MB)
2015-02-11T17:34:33.915658-06:00 c0-0c1s2n1 EFI: mem21: type=4, attr=0xf, range=[0x00000000018d7000-0x00000000018f9000) (0MB)
2015-02-11T17:34:33.915914-06:00 c0-0c1s2n1 EFI: mem22: type=3, attr=0xf, range=[0x00000000018f9000-0x0000000001908000) (0MB)
2015-02-11T17:34:33.940819-06:00 c0-0c1s2n1 EFI: mem23: type=4, attr=0xf, range=[0x0000000001908000-0x0000000001921000) (0MB)
2015-02-11T17:34:33.941141-06:00 c0-0c1s2n1 EFI: mem24: type=3, attr=0xf, range=[0x0000000001921000-0x000000000192b000) (0MB)
2015-02-11T17:34:33.966036-06:00 c0-0c1s2n1 EFI: mem25: type=4, attr=0xf, range=[0x000000000192b000-0x0000000001933000) (0MB)
2015-02-11T17:34:33.966310-06:00 c0-0c1s2n1 EFI: mem26: type=3, attr=0xf, range=[0x0000000001933000-0x0000000001936000) (0MB)
2015-02-11T17:34:33.991340-06:00 c0-0c1s2n1 EFI: mem27: type=4, attr=0xf, range=[0x0000000001936000-0x0000000001964000) (0MB)
2015-02-11T17:34:33.991608-06:00 c0-0c1s2n1 EFI: mem28: type=3, attr=0xf, range=[0x0000000001964000-0x0000000001968000) (0MB)
2015-02-11T17:34:34.016642-06:00 c0-0c1s2n1 EFI: mem29: type=4, attr=0xf, range=[0x0000000001968000-0x0000000001987000) (0MB)
2015-02-11T17:34:34.016896-06:00 c0-0c1s2n1 EFI: mem30: type=3, attr=0xf, range=[0x0000000001987000-0x00000000019b0000) (0MB)
2015-02-11T17:34:34.041858-06:00 c0-0c1s2n1 EFI: mem31: type=4, attr=0xf, range=[0x00000000019b0000-0x00000000019ba000) (0MB)
2015-02-11T17:34:34.042134-06:00 c0-0c1s2n1 EFI: mem32: type=3, attr=0xf, range=[0x00000000019ba000-0x00000000019bd000) (0MB)
2015-02-11T17:34:34.067122-06:00 c0-0c1s2n1 EFI: mem33: type=4, attr=0xf, range=[0x00000000019bd000-0x00000000019be000) (0MB)
2015-02-11T17:34:34.067348-06:00 c0-0c1s2n1 EFI: mem34: type=3, attr=0xf, range=[0x00000000019be000-0x00000000019d0000) (0MB)
2015-02-11T17:34:34.092263-06:00 c0-0c1s2n1 EFI: mem35: type=4, attr=0xf, range=[0x00000000019d0000-0x00000000019d3000) (0MB)
2015-02-11T17:34:34.092516-06:00 c0-0c1s2n1 EFI: mem36: type=3, attr=0xf, range=[0x00000000019d3000-0x00000000019d5000) (0MB)
2015-02-11T17:34:34.117526-06:00 c0-0c1s2n1 EFI: mem37: type=4, attr=0xf, range=[0x00000000019d5000-0x00000000019e1000) (0MB)
2015-02-11T17:34:34.142655-06:00 c0-0c1s2n1 EFI: mem38: type=3, attr=0xf, range=[0x00000000019e1000-0x00000000019e5000) (0MB)
2015-02-11T17:34:34.142820-06:00 c0-0c1s2n1 EFI: mem39: type=4, attr=0xf, range=[0x00000000019e5000-0x0000000001a02000) (0MB)
2015-02-11T17:34:34.143074-06:00 c0-0c1s2n1 EFI: mem40: type=3, attr=0xf, range=[0x0000000001a02000-0x0000000001a06000) (0MB)
2015-02-11T17:34:34.168038-06:00 c0-0c1s2n1 EFI: mem41: type=4, attr=0xf, range=[0x0000000001a06000-0x0000000001a0a000) (0MB)
2015-02-11T17:34:34.168307-06:00 c0-0c1s2n1 EFI: mem42: type=3, attr=0xf, range=[0x0000000001a0a000-0x0000000001a1e000) (0MB)
2015-02-11T17:34:34.193293-06:00 c0-0c1s2n1 EFI: mem43: type=4, attr=0xf, range=[0x0000000001a1e000-0x0000000001a22000) (0MB)
2015-02-11T17:34:34.193539-06:00 c0-0c1s2n1 EFI: mem44: type=3, attr=0xf, range=[0x0000000001a22000-0x0000000001a26000) (0MB)
2015-02-11T17:34:34.218475-06:00 c0-0c1s2n1 EFI: mem45: type=4, attr=0xf, range=[0x0000000001a26000-0x0000000001a34000) (0MB)
2015-02-11T17:34:34.218766-06:00 c0-0c1s2n1 EFI: mem46: type=3, attr=0xf, range=[0x0000000001a34000-0x0000000001a3b000) (0MB)
2015-02-11T17:34:34.256207-06:00 c0-0c1s2n1 EFI: mem47: type=4, attr=0xf, range=[0x0000000001a3b000-0x0000000001a42000) (0MB)
2015-02-11T17:34:34.256435-06:00 c0-0c1s2n1 EFI: mem48: type=3, attr=0xf, range=[0x0000000001a42000-0x0000000001a4a000) (0MB)
2015-02-11T17:34:34.300228-06:00 c0-0c1s2n1 EFI: mem49: type=4, attr=0xf, range=[0x0000000001a4a000-0x0000000001a4b000) (0MB)
2015-02-11T17:34:34.300416-06:00 c0-0c1s2n1 EFI: mem50: type=3, attr=0xf, range=[0x0000000001a4b000-0x0000000001a4d000) (0MB)
2015-02-11T17:34:34.300600-06:00 c0-0c1s2n1 EFI: mem51: type=4, attr=0xf, range=[0x0000000001a4d000-0x0000000001a52000) (0MB)
2015-02-11T17:34:34.300806-06:00 c0-0c1s2n1 EFI: mem52: type=3, attr=0xf, range=[0x0000000001a52000-0x0000000001a69000) (0MB)
2015-02-11T17:34:34.336176-06:00 c0-0c1s2n1 EFI: mem53: type=4, attr=0xf, range=[0x0000000001a69000-0x0000000001a6f000) (0MB)
2015-02-11T17:34:34.336367-06:00 c0-0c1s2n1 EFI: mem54: type=3, attr=0xf, range=[0x0000000001a6f000-0x0000000001a70000) (0MB)
2015-02-11T17:34:34.344747-06:00 c0-0c1s2n1 EFI: mem55: type=4, attr=0xf, range=[0x0000000001a70000-0x0000000001a71000) (0MB)
2015-02-11T17:34:34.344989-06:00 c0-0c1s2n1 EFI: mem56: type=3, attr=0xf, range=[0x0000000001a71000-0x0000000001a79000) (0MB)
2015-02-11T17:34:34.369977-06:00 c0-0c1s2n1 EFI: mem57: type=4, attr=0xf, range=[0x0000000001a79000-0x0000000001a7a000) (0MB)
2015-02-11T17:34:34.370245-06:00 c0-0c1s2n1 EFI: mem58: type=3, attr=0xf, range=[0x0000000001a7a000-0x0000000001a83000) (0MB)
2015-02-11T17:34:34.395402-06:00 c0-0c1s2n1 EFI: mem59: type=4, attr=0xf, range=[0x0000000001a83000-0x0000000001a85000) (0MB)
2015-02-11T17:34:34.395548-06:00 c0-0c1s2n1 EFI: mem60: type=3, attr=0xf, range=[0x0000000001a85000-0x0000000001abe000) (0MB)
2015-02-11T17:34:34.420404-06:00 c0-0c1s2n1 EFI: mem61: type=4, attr=0xf, range=[0x0000000001abe000-0x0000000001abf000) (0MB)
2015-02-11T17:34:34.420749-06:00 c0-0c1s2n1 EFI: mem62: type=3, attr=0xf, range=[0x0000000001abf000-0x0000000001acc000) (0MB)
2015-02-11T17:34:34.445634-06:00 c0-0c1s2n1 EFI: mem63: type=4, attr=0xf, range=[0x0000000001acc000-0x0000000001ad7000) (0MB)
2015-02-11T17:34:34.445983-06:00 c0-0c1s2n1 EFI: mem64: type=3, attr=0xf, range=[0x0000000001ad7000-0x0000000001adc000) (0MB)
2015-02-11T17:34:34.470876-06:00 c0-0c1s2n1 EFI: mem65: type=4, attr=0xf, range=[0x0000000001adc000-0x0000000001b60000) (0MB)
2015-02-11T17:34:34.471217-06:00 c0-0c1s2n1 EFI: mem66: type=3, attr=0xf, range=[0x0000000001b60000-0x0000000001b7c000) (0MB)
2015-02-11T17:34:34.496154-06:00 c0-0c1s2n1 EFI: mem67: type=4, attr=0xf, range=[0x0000000001b7c000-0x0000000001b84000) (0MB)
2015-02-11T17:34:34.496529-06:00 c0-0c1s2n1 EFI: mem68: type=3, attr=0xf, range=[0x0000000001b84000-0x0000000001b9c000) (0MB)
2015-02-11T17:34:34.521491-06:00 c0-0c1s2n1 EFI: mem69: type=4, attr=0xf, range=[0x0000000001b9c000-0x000000000b210000) (150MB)
2015-02-11T17:34:34.521774-06:00 c0-0c1s2n1 EFI: mem70: type=3, attr=0xf, range=[0x000000000b210000-0x000000000b216000) (0MB)
2015-02-11T17:34:34.546824-06:00 c0-0c1s2n1 EFI: mem71: type=4, attr=0xf, range=[0x000000000b216000-0x000000000b21f000) (0MB)
2015-02-11T17:34:34.547125-06:00 c0-0c1s2n1 EFI: mem72: type=3, attr=0xf, range=[0x000000000b21f000-0x000000000b235000) (0MB)
2015-02-11T17:34:34.571989-06:00 c0-0c1s2n1 EFI: mem73: type=4, attr=0xf, range=[0x000000000b235000-0x000000000b23b000) (0MB)
2015-02-11T17:34:34.572311-06:00 c0-0c1s2n1 EFI: mem74: type=3, attr=0xf, range=[0x000000000b23b000-0x000000000b23e000) (0MB)
2015-02-11T17:34:34.597193-06:00 c0-0c1s2n1 EFI: mem75: type=4, attr=0xf, range=[0x000000000b23e000-0x000000000b242000) (0MB)
2015-02-11T17:34:34.597523-06:00 c0-0c1s2n1 EFI: mem76: type=3, attr=0xf, range=[0x000000000b242000-0x000000000b249000) (0MB)
2015-02-11T17:34:34.597761-06:00 c0-0c1s2n1 EFI: mem77: type=4, attr=0xf, range=[0x000000000b249000-0x000000000b24c000) (0MB)
2015-02-11T17:34:34.622746-06:00 c0-0c1s2n1 EFI: mem78: type=3, attr=0xf, range=[0x000000000b24c000-0x000000000b254000) (0MB)
2015-02-11T17:34:34.623002-06:00 c0-0c1s2n1 EFI: mem79: type=4, attr=0xf, range=[0x000000000b254000-0x000000000b27a000) (0MB)
2015-02-11T17:34:34.647988-06:00 c0-0c1s2n1 EFI: mem80: type=3, attr=0xf, range=[0x000000000b27a000-0x000000000b27e000) (0MB)
2015-02-11T17:34:34.648252-06:00 c0-0c1s2n1 EFI: mem81: type=4, attr=0xf, range=[0x000000000b27e000-0x000000000b282000) (0MB)
2015-02-11T17:34:34.673166-06:00 c0-0c1s2n1 EFI: mem82: type=3, attr=0xf, range=[0x000000000b282000-0x000000000b286000) (0MB)
2015-02-11T17:34:34.673429-06:00 c0-0c1s2n1 EFI: mem83: type=4, attr=0xf, range=[0x000000000b286000-0x000000000b290000) (0MB)
2015-02-11T17:34:34.698408-06:00 c0-0c1s2n1 EFI: mem84: type=3, attr=0xf, range=[0x000000000b290000-0x000000000b2d3000) (0MB)
2015-02-11T17:34:34.698708-06:00 c0-0c1s2n1 EFI: mem85: type=4, attr=0xf, range=[0x000000000b2d3000-0x000000000b2df000) (0MB)
2015-02-11T17:34:34.723853-06:00 c0-0c1s2n1 EFI: mem86: type=3, attr=0xf, range=[0x000000000b2df000-0x000000000b2e9000) (0MB)
2015-02-11T17:34:34.748794-06:00 c0-0c1s2n1 EFI: mem87: type=4, attr=0xf, range=[0x000000000b2e9000-0x000000000b2f8000) (0MB)
2015-02-11T17:34:34.749051-06:00 c0-0c1s2n1 EFI: mem88: type=3, attr=0xf, range=[0x000000000b2f8000-0x000000000b2fc000) (0MB)
2015-02-11T17:34:34.749310-06:00 c0-0c1s2n1 EFI: mem89: type=4, attr=0xf, range=[0x000000000b2fc000-0x000000000b2fd000) (0MB)
2015-02-11T17:34:34.774352-06:00 c0-0c1s2n1 EFI: mem90: type=3, attr=0xf, range=[0x000000000b2fd000-0x000000000b302000) (0MB)
2015-02-11T17:34:34.774573-06:00 c0-0c1s2n1 EFI: mem91: type=4, attr=0xf, range=[0x000000000b302000-0x000000000b30b000) (0MB)
2015-02-11T17:34:34.799634-06:00 c0-0c1s2n1 EFI: mem92: type=3, attr=0xf, range=[0x000000000b30b000-0x000000000b343000) (0MB)
2015-02-11T17:34:34.799861-06:00 c0-0c1s2n1 EFI: mem93: type=4, attr=0xf, range=[0x000000000b343000-0x000000000b34a000) (0MB)
2015-02-11T17:34:34.824935-06:00 c0-0c1s2n1 EFI: mem94: type=3, attr=0xf, range=[0x000000000b34a000-0x000000000b351000) (0MB)
2015-02-11T17:34:34.849838-06:00 c0-0c1s2n1 EFI: mem95: type=4, attr=0xf, range=[0x000000000b351000-0x000000000b359000) (0MB)
2015-02-11T17:34:34.850161-06:00 c0-0c1s2n1 EFI: mem96: type=3, attr=0xf, range=[0x000000000b359000-0x000000000b35d000) (0MB)
2015-02-11T17:34:34.850381-06:00 c0-0c1s2n1 EFI: mem97: type=4, attr=0xf, range=[0x000000000b35d000-0x000000000b361000) (0MB)
2015-02-11T17:34:34.875363-06:00 c0-0c1s2n1 EFI: mem98: type=3, attr=0xf, range=[0x000000000b361000-0x000000000b369000) (0MB)
2015-02-11T17:34:34.875580-06:00 c0-0c1s2n1 EFI: mem99: type=4, attr=0xf, range=[0x000000000b369000-0x000000000b383000) (0MB)
2015-02-11T17:34:34.900546-06:00 c0-0c1s2n1 EFI: mem100: type=3, attr=0xf, range=[0x000000000b383000-0x000000000b389000) (0MB)
2015-02-11T17:34:34.900736-06:00 c0-0c1s2n1 EFI: mem101: type=4, attr=0xf, range=[0x000000000b389000-0x000000000b3ab000) (0MB)
2015-02-11T17:34:34.925702-06:00 c0-0c1s2n1 EFI: mem102: type=3, attr=0xf, range=[0x000000000b3ab000-0x000000000b3b2000) (0MB)
2015-02-11T17:34:34.925968-06:00 c0-0c1s2n1 EFI: mem103: type=4, attr=0xf, range=[0x000000000b3b2000-0x000000000b3b6000) (0MB)
2015-02-11T17:34:34.951013-06:00 c0-0c1s2n1 EFI: mem104: type=3, attr=0xf, range=[0x000000000b3b6000-0x000000000b3c8000) (0MB)
2015-02-11T17:34:34.951319-06:00 c0-0c1s2n1 EFI: mem105: type=4, attr=0xf, range=[0x000000000b3c8000-0x000000000b3cb000) (0MB)
2015-02-11T17:34:34.976279-06:00 c0-0c1s2n1 EFI: mem106: type=3, attr=0xf, range=[0x000000000b3cb000-0x000000000b3d6000) (0MB)
2015-02-11T17:34:34.976535-06:00 c0-0c1s2n1 EFI: mem107: type=4, attr=0xf, range=[0x000000000b3d6000-0x000000000b45b000) (0MB)
2015-02-11T17:34:35.001486-06:00 c0-0c1s2n1 EFI: mem108: type=3, attr=0xf, range=[0x000000000b45b000-0x000000000b45e000) (0MB)
2015-02-11T17:34:35.001780-06:00 c0-0c1s2n1 EFI: mem109: type=4, attr=0xf, range=[0x000000000b45e000-0x000000000b474000) (0MB)
2015-02-11T17:34:35.026664-06:00 c0-0c1s2n1 EFI: mem110: type=3, attr=0xf, range=[0x000000000b474000-0x000000000b47b000) (0MB)
2015-02-11T17:34:35.026933-06:00 c0-0c1s2n1 EFI: mem111: type=4, attr=0xf, range=[0x000000000b47b000-0x000000000b48a000) (0MB)
2015-02-11T17:34:35.051921-06:00 c0-0c1s2n1 EFI: mem112: type=3, attr=0xf, range=[0x000000000b48a000-0x000000000b48e000) (0MB)
2015-02-11T17:34:35.052186-06:00 c0-0c1s2n1 EFI: mem113: type=4, attr=0xf, range=[0x000000000b48e000-0x000000000b4b0000) (0MB)
2015-02-11T17:34:35.077200-06:00 c0-0c1s2n1 EFI: mem114: type=3, attr=0xf, range=[0x000000000b4b0000-0x000000000b4b5000) (0MB)
2015-02-11T17:34:35.077462-06:00 c0-0c1s2n1 EFI: mem115: type=4, attr=0xf, range=[0x000000000b4b5000-0x000000000b4c9000) (0MB)
2015-02-11T17:34:35.102364-06:00 c0-0c1s2n1 EFI: mem116: type=7, attr=0xf, range=[0x000000000b4c9000-0x000000000b4ca000) (0MB)
2015-02-11T17:34:35.102626-06:00 c0-0c1s2n1 EFI: mem117: type=4, attr=0xf, range=[0x000000000b4ca000-0x000000000b53d000) (0MB)
2015-02-11T17:34:35.127692-06:00 c0-0c1s2n1 EFI: mem118: type=3, attr=0xf, range=[0x000000000b53d000-0x000000000b551000) (0MB)
2015-02-11T17:34:35.128003-06:00 c0-0c1s2n1 EFI: mem119: type=4, attr=0xf, range=[0x000000000b551000-0x000000000b5ae000) (0MB)
2015-02-11T17:34:35.152944-06:00 c0-0c1s2n1 EFI: mem120: type=3, attr=0xf, range=[0x000000000b5ae000-0x000000000b5b7000) (0MB)
2015-02-11T17:34:35.153221-06:00 c0-0c1s2n1 EFI: mem121: type=4, attr=0xf, range=[0x000000000b5b7000-0x000000000b5b8000) (0MB)
2015-02-11T17:34:35.178258-06:00 c0-0c1s2n1 EFI: mem122: type=2, attr=0xf, range=[0x000000000b5b8000-0x000000000b5ba000) (0MB)
2015-02-11T17:34:35.178525-06:00 c0-0c1s2n1 EFI: mem123: type=7, attr=0xf, range=[0x000000000b5ba000-0x000000000b5bc000) (0MB)
2015-02-11T17:34:35.203471-06:00 c0-0c1s2n1 EFI: mem124: type=4, attr=0xf, range=[0x000000000b5bc000-0x000000000b5c6000) (0MB)
2015-02-11T17:34:35.203715-06:00 c0-0c1s2n1 EFI: mem125: type=7, attr=0xf, range=[0x000000000b5c6000-0x000000000b5cc000) (0MB)
2015-02-11T17:34:35.228660-06:00 c0-0c1s2n1 EFI: mem126: type=4, attr=0xf, range=[0x000000000b5cc000-0x000000000b7e0000) (2MB)
2015-02-11T17:34:35.228927-06:00 c0-0c1s2n1 EFI: mem127: type=7, attr=0xf, range=[0x000000000b7e0000-0x000000000b7ee000) (0MB)
2015-02-11T17:34:35.253890-06:00 c0-0c1s2n1 EFI: mem128: type=1, attr=0xf, range=[0x000000000b7ee000-0x000000000b7ff000) (0MB)
2015-02-11T17:34:35.254140-06:00 c0-0c1s2n1 EFI: mem129: type=7, attr=0xf, range=[0x000000000b7ff000-0x000000007e67c000) (1838MB)
2015-02-11T17:34:35.292207-06:00 c0-0c1s2n1 EFI: mem130: type=10, attr=0xf, range=[0x000000007e67c000-0x000000007e790000) (1MB)
2015-02-11T17:34:35.292400-06:00 c0-0c1s2n1 EFI: mem131: type=0, attr=0xf, range=[0x000000007e790000-0x000000007e792000) (0MB)
2015-02-11T17:34:35.336310-06:00 c0-0c1s2n1 EFI: mem132: type=6, attr=0x800000000000000f, range=[0x000000007e792000-0x000000007f395000) (12MB)
2015-02-11T17:34:35.336484-06:00 c0-0c1s2n1 EFI: mem133: type=9, attr=0xf, range=[0x000000007f395000-0x000000007f410000) (0MB)
2015-02-11T17:34:35.336684-06:00 c0-0c1s2n1 EFI: mem134: type=5, attr=0x800000000000000f, range=[0x000000007f410000-0x000000007f41a000) (0MB)
2015-02-11T17:34:35.336858-06:00 c0-0c1s2n1 EFI: mem135: type=0, attr=0xf, range=[0x000000007f41a000-0x000000007f41c000) (0MB)
2015-02-11T17:34:35.372230-06:00 c0-0c1s2n1 EFI: mem136: type=6, attr=0x800000000000000f, range=[0x000000007f41c000-0x000000007f42d000) (0MB)
2015-02-11T17:34:35.372378-06:00 c0-0c1s2n1 EFI: mem137: type=0, attr=0xf, range=[0x000000007f42d000-0x000000007f43d000) (0MB)
2015-02-11T17:34:35.380259-06:00 c0-0c1s2n1 EFI: mem138: type=6, attr=0x800000000000000f, range=[0x000000007f43d000-0x000000007f45e000) (0MB)
2015-02-11T17:34:35.405489-06:00 c0-0c1s2n1 EFI: mem139: type=5, attr=0x800000000000000f, range=[0x000000007f45e000-0x000000007f462000) (0MB)
2015-02-11T17:34:35.405692-06:00 c0-0c1s2n1 EFI: mem140: type=0, attr=0xf, range=[0x000000007f462000-0x000000007f46b000) (0MB)
2015-02-11T17:34:35.430617-06:00 c0-0c1s2n1 EFI: mem141: type=5, attr=0x800000000000000f, range=[0x000000007f46b000-0x000000007f46d000) (0MB)
2015-02-11T17:34:35.430864-06:00 c0-0c1s2n1 EFI: mem142: type=0, attr=0xf, range=[0x000000007f46d000-0x000000007f471000) (0MB)
2015-02-11T17:34:35.468249-06:00 c0-0c1s2n1 EFI: mem143: type=5, attr=0x800000000000000f, range=[0x000000007f471000-0x000000007f472000) (0MB)
2015-02-11T17:34:35.468432-06:00 c0-0c1s2n1 EFI: mem144: type=6, attr=0x800000000000000f, range=[0x000000007f472000-0x000000007f473000) (0MB)
2015-02-11T17:34:35.508267-06:00 c0-0c1s2n1 EFI: mem145: type=5, attr=0x800000000000000f, range=[0x000000007f473000-0x000000007f476000) (0MB)
2015-02-11T17:34:35.508447-06:00 c0-0c1s2n1 EFI: mem146: type=0, attr=0xf, range=[0x000000007f476000-0x000000007f486000) (0MB)
2015-02-11T17:34:35.508700-06:00 c0-0c1s2n1 EFI: mem147: type=5, attr=0x800000000000000f, range=[0x000000007f486000-0x000000007f491000) (0MB)
2015-02-11T17:34:35.548193-06:00 c0-0c1s2n1 EFI: mem148: type=7, attr=0xf, range=[0x000000007f491000-0x000000007f493000) (0MB)
2015-02-11T17:34:35.548373-06:00 c0-0c1s2n1 EFI: mem149: type=10, attr=0xf, range=[0x000000007f493000-0x000000007f494000) (0MB)
2015-02-11T17:34:35.556774-06:00 c0-0c1s2n1 EFI: mem150: type=6, attr=0x800000000000000f, range=[0x000000007f494000-0x000000007f49b000) (0MB)
2015-02-11T17:34:35.557078-06:00 c0-0c1s2n1 EFI: mem151: type=5, attr=0x800000000000000f, range=[0x000000007f49b000-0x000000007f49e000) (0MB)
2015-02-11T17:34:35.582140-06:00 c0-0c1s2n1 EFI: mem152: type=10, attr=0xf, range=[0x000000007f49e000-0x000000007f4a6000) (0MB)
2015-02-11T17:34:35.582409-06:00 c0-0c1s2n1 EFI: mem153: type=6, attr=0x800000000000000f, range=[0x000000007f4a6000-0x000000007f4a7000) (0MB)
2015-02-11T17:34:35.607520-06:00 c0-0c1s2n1 EFI: mem154: type=5, attr=0x800000000000000f, range=[0x000000007f4a7000-0x000000007f4ab000) (0MB)
2015-02-11T17:34:35.632531-06:00 c0-0c1s2n1 EFI: mem155: type=6, attr=0x800000000000000f, range=[0x000000007f4ab000-0x000000007f4bd000) (0MB)
2015-02-11T17:34:35.632817-06:00 c0-0c1s2n1 EFI: mem156: type=5, attr=0x800000000000000f, range=[0x000000007f4bd000-0x000000007f4cf000) (0MB)
2015-02-11T17:34:35.658007-06:00 c0-0c1s2n1 EFI: mem157: type=6, attr=0x800000000000000f, range=[0x000000007f4cf000-0x000000007f4d2000) (0MB)
2015-02-11T17:34:35.658182-06:00 c0-0c1s2n1 EFI: mem158: type=10, attr=0xf, range=[0x000000007f4d2000-0x000000007f558000) (0MB)
2015-02-11T17:34:35.683206-06:00 c0-0c1s2n1 EFI: mem159: type=3, attr=0xf, range=[0x000000007f558000-0x000000007f7e0000) (2MB)
2015-02-11T17:34:35.683467-06:00 c0-0c1s2n1 EFI: mem160: type=4, attr=0xf, range=[0x000000007f7e0000-0x000000007f7ef000) (0MB)
2015-02-11T17:34:35.708489-06:00 c0-0c1s2n1 EFI: mem161: type=3, attr=0xf, range=[0x000000007f7ef000-0x000000007f800000) (0MB)
2015-02-11T17:34:35.708758-06:00 c0-0c1s2n1 EFI: mem162: type=7, attr=0xf, range=[0x0000000100000000-0x0000001080000000) (63488MB)
2015-02-11T17:34:35.733789-06:00 c0-0c1s2n1 EFI: mem163: type=11, attr=0x8000000000000001, range=[0x0000000080000000-0x0000000090000000) (256MB)
2015-02-11T17:34:35.734118-06:00 c0-0c1s2n1 EFI: mem164: type=11, attr=0x8000000000000001, range=[0x00000000fed1c000-0x00000000fed20000) (0MB)
2015-02-11T17:34:35.759077-06:00 c0-0c1s2n1 EFI: mem165: type=11, attr=0x8000000000000001, range=[0x00000000ff000000-0x0000000100000000) (16MB)
2015-02-11T17:34:35.759148-06:00 c0-0c1s2n1 DMI 2.7 present.
2015-02-11T17:34:35.759356-06:00 c0-0c1s2n1 last_pfn = 0x1080000 max_arch_pfn = 0x400000000
2015-02-11T17:34:35.784489-06:00 c0-0c1s2n1 x86 PAT enabled: cpu 0, old 0x7040600070406, new 0x7010600070106
2015-02-11T17:34:35.809309-06:00 c0-0c1s2n1 last_pfn = 0x7f800 max_arch_pfn = 0x400000000
2015-02-11T17:34:35.809549-06:00 c0-0c1s2n1 found SMP MP-table at [ffff8800000fd830] fd830
2015-02-11T17:34:35.809673-06:00 c0-0c1s2n1 Using GB pages for direct mapping
2015-02-11T17:34:35.834475-06:00 c0-0c1s2n1 init_memory_mapping: 0000000000000000-000000007f800000
2015-02-11T17:34:35.834791-06:00 c0-0c1s2n1 init_memory_mapping: 0000000100000000-0000001080000000
2015-02-11T17:34:35.834860-06:00 c0-0c1s2n1 nmi ring buffer: 262144
2015-02-11T17:34:35.835012-06:00 c0-0c1s2n1 RAMDISK: 0fa00000 - 10610000
2015-02-11T17:34:35.835173-06:00 c0-0c1s2n1 ACPI: RSDP 000000007f395000 00024 (v02 ALASKA)
2015-02-11T17:34:35.860052-06:00 c0-0c1s2n1 ACPI: XSDT 000000007f395088 0008C (v01 ALASKA    A M I 01072009 AMI  00010013)
2015-02-11T17:34:35.860433-06:00 c0-0c1s2n1 ACPI: FACP 000000007f39ee50 000F4 (v04 ALASKA    A M I 01072009 AMI  00010013)
2015-02-11T17:34:35.885282-06:00 c0-0c1s2n1 ACPI: DSDT 000000007f3951a0 09CAD (v02 ALASKA    A M I 00000016 INTL 20051117)
2015-02-11T17:34:35.885473-06:00 c0-0c1s2n1 ACPI: FACS 000000007f4a3f80 00040
2015-02-11T17:34:35.885784-06:00 c0-0c1s2n1 ACPI: APIC 000000007f39ef48 00138 (v03 ALASKA    A M I 01072009 AMI  00010013)
2015-02-11T17:34:35.910616-06:00 c0-0c1s2n1 ACPI: FPDT 000000007f39f080 00044 (v01 ALASKA    A M I 01072009 AMI  00010013)
2015-02-11T17:34:35.910926-06:00 c0-0c1s2n1 ACPI: MCFG 000000007f39f0c8 0003C (v01 ALASKA OEMMCFG. 01072009 MSFT 00000097)
2015-02-11T17:34:35.935812-06:00 c0-0c1s2n1 ACPI: HPET 000000007f39f108 00038 (v01 ALASKA    A M I 01072009 AMI. 00000004)
2015-02-11T17:34:35.936099-06:00 c0-0c1s2n1 ACPI: PRAD 000000007f39f140 000BE (v02 PRADID  PRADTID 00000001 MSFT 03000001)
2015-02-11T17:34:35.960986-06:00 c0-0c1s2n1 ACPI: SSDT 000000007f39f200 70104 (v02  INTEL    CpuPm 00004000 INTL 20051117)
2015-02-11T17:34:35.961311-06:00 c0-0c1s2n1 ACPI: SPCR 000000007f40f308 00050 (v01  A M I   APTIO4 01072009 AMI. 00000004)
2015-02-11T17:34:35.986360-06:00 c0-0c1s2n1 ACPI: EINJ 000000007f40f358 00130 (v01    AMI AMI EINJ 00000000      00000000)
2015-02-11T17:34:35.986654-06:00 c0-0c1s2n1 ACPI: ERST 000000007f40f488 00230 (v01  AMIER AMI ERST 00000000      00000000)
2015-02-11T17:34:36.011519-06:00 c0-0c1s2n1 ACPI: HEST 000000007f40f6b8 000A8 (v01    AMI AMI HEST 00000000      00000000)
2015-02-11T17:34:36.011742-06:00 c0-0c1s2n1 ACPI: BERT 000000007f40f760 00030 (v01    AMI AMI BERT 00000000      00000000)
2015-02-11T17:34:36.036528-06:00 c0-0c1s2n1 ACPI: DMAR 000000007f40f790 000BC (v01 A M I   OEMDMAR 00000001 INTL 00000001)
2015-02-11T17:34:36.036642-06:00 c0-0c1s2n1 No NUMA configuration found
2015-02-11T17:34:36.036800-06:00 c0-0c1s2n1 Faking a node at 0000000000000000-0000001080000000
2015-02-11T17:34:36.061789-06:00 c0-0c1s2n1 Initmem setup node 0 0000000000000000-0000001080000000
2015-02-11T17:34:36.061951-06:00 c0-0c1s2n1  NODE_DATA [000000107ffbb000 - 000000107ffbffff]
2015-02-11T17:34:36.263746-06:00 c0-0c1s2n1 Zone PFN ranges:
2015-02-11T17:34:36.263817-06:00 c0-0c1s2n1  DMA      0x00000010 -> 0x00001000
2015-02-11T17:34:36.263867-06:00 c0-0c1s2n1  DMA32    0x00001000 -> 0x00100000
2015-02-11T17:34:36.288899-06:00 c0-0c1s2n1  Normal   0x00100000 -> 0x01080000
2015-02-11T17:34:36.288970-06:00 c0-0c1s2n1 Movable zone start PFN for each node
2015-02-11T17:34:36.289076-06:00 c0-0c1s2n1 early_node_map[5] active PFN ranges
2015-02-11T17:34:36.289136-06:00 c0-0c1s2n1    0: 0x00000010 -> 0x000000a0
2015-02-11T17:34:36.289212-06:00 c0-0c1s2n1    0: 0x00000100 -> 0x0007e67c
2015-02-11T17:34:36.314209-06:00 c0-0c1s2n1    0: 0x0007f491 -> 0x0007f493
2015-02-11T17:34:36.314321-06:00 c0-0c1s2n1    0: 0x0007f558 -> 0x0007f800
2015-02-11T17:34:36.314436-06:00 c0-0c1s2n1    0: 0x00100000 -> 0x01080000
2015-02-11T17:34:36.944032-06:00 c0-0c1s2n1 ACPI: LAPIC (acpi_id[0x00] lapic_id[0x00] enabled)
2015-02-11T17:34:36.969123-06:00 c0-0c1s2n1 ACPI: LAPIC (acpi_id[0x02] lapic_id[0x02] enabled)
2015-02-11T17:34:36.969252-06:00 c0-0c1s2n1 ACPI: LAPIC (acpi_id[0x04] lapic_id[0x04] enabled)
2015-02-11T17:34:36.969369-06:00 c0-0c1s2n1 ACPI: LAPIC (acpi_id[0x06] lapic_id[0x06] enabled)
2015-02-11T17:34:36.969502-06:00 c0-0c1s2n1 ACPI: LAPIC (acpi_id[0x08] lapic_id[0x08] enabled)
2015-02-11T17:34:36.969740-06:00 c0-0c1s2n1 ACPI: LAPIC (acpi_id[0x0a] lapic_id[0x0a] enabled)
2015-02-11T17:34:36.994480-06:00 c0-0c1s2n1 ACPI: LAPIC (acpi_id[0x0c] lapic_id[0x0c] enabled)
2015-02-11T17:34:36.994669-06:00 c0-0c1s2n1 ACPI: LAPIC (acpi_id[0x0e] lapic_id[0x0e] enabled)
2015-02-11T17:34:36.994873-06:00 c0-0c1s2n1 ACPI: LAPIC (acpi_id[0x01] lapic_id[0x01] enabled)
2015-02-11T17:34:37.019653-06:00 c0-0c1s2n1 ACPI: LAPIC (acpi_id[0x03] lapic_id[0x03] enabled)
2015-02-11T17:34:37.019863-06:00 c0-0c1s2n1 ACPI: LAPIC (acpi_id[0x05] lapic_id[0x05] enabled)
2015-02-11T17:34:37.044729-06:00 c0-0c1s2n1 ACPI: LAPIC (acpi_id[0x07] lapic_id[0x07] enabled)
2015-02-11T17:34:37.044957-06:00 c0-0c1s2n1 ACPI: LAPIC (acpi_id[0x09] lapic_id[0x09] enabled)
2015-02-11T17:34:37.045240-06:00 c0-0c1s2n1 ACPI: LAPIC (acpi_id[0x0b] lapic_id[0x0b] enabled)
2015-02-11T17:34:37.084112-06:00 c0-0c1s2n1 ACPI: LAPIC (acpi_id[0x0d] lapic_id[0x0d] enabled)
2015-02-11T17:34:37.084329-06:00 c0-0c1s2n1 ACPI: LAPIC (acpi_id[0x0f] lapic_id[0x0f] enabled)
2015-02-11T17:34:37.084561-06:00 c0-0c1s2n1 ACPI: LAPIC_NMI (acpi_id[0x00] high edge lint[0x1])
2015-02-11T17:34:37.084783-06:00 c0-0c1s2n1 ACPI: LAPIC_NMI (acpi_id[0x02] high edge lint[0x1])
2015-02-11T17:34:37.124210-06:00 c0-0c1s2n1 ACPI: LAPIC_NMI (acpi_id[0x04] high edge lint[0x1])
2015-02-11T17:34:37.124428-06:00 c0-0c1s2n1 ACPI: LAPIC_NMI (acpi_id[0x06] high edge lint[0x1])
2015-02-11T17:34:37.124614-06:00 c0-0c1s2n1 ACPI: LAPIC_NMI (acpi_id[0x08] high edge lint[0x1])
2015-02-11T17:34:37.124834-06:00 c0-0c1s2n1 ACPI: LAPIC_NMI (acpi_id[0x0a] high edge lint[0x1])
2015-02-11T17:34:37.125049-06:00 c0-0c1s2n1 ACPI: LAPIC_NMI (acpi_id[0x0c] high edge lint[0x1])
2015-02-11T17:34:37.125247-06:00 c0-0c1s2n1 ACPI: LAPIC_NMI (acpi_id[0x0e] high edge lint[0x1])
2015-02-11T17:34:37.125441-06:00 c0-0c1s2n1 ACPI: LAPIC_NMI (acpi_id[0x01] high edge lint[0x1])
2015-02-11T17:34:37.164281-06:00 c0-0c1s2n1 ACPI: LAPIC_NMI (acpi_id[0x03] high edge lint[0x1])
2015-02-11T17:34:37.164496-06:00 c0-0c1s2n1 ACPI: LAPIC_NMI (acpi_id[0x05] high edge lint[0x1])
2015-02-11T17:34:37.164714-06:00 c0-0c1s2n1 ACPI: LAPIC_NMI (acpi_id[0x07] high edge lint[0x1])
2015-02-11T17:34:37.171348-06:00 c0-0c1s2n1 ACPI: LAPIC_NMI (acpi_id[0x09] high edge lint[0x1])
2015-02-11T17:34:37.171518-06:00 c0-0c1s2n1 ACPI: LAPIC_NMI (acpi_id[0x0b] high edge lint[0x1])
2015-02-11T17:34:37.171761-06:00 c0-0c1s2n1 ACPI: LAPIC_NMI (acpi_id[0x0d] high edge lint[0x1])
2015-02-11T17:34:37.196558-06:00 c0-0c1s2n1 ACPI: LAPIC_NMI (acpi_id[0x0f] high edge lint[0x1])
2015-02-11T17:34:37.196862-06:00 c0-0c1s2n1 ACPI: IOAPIC (id[0x00] address[0xfec00000] gsi_base[0])
2015-02-11T17:34:37.197132-06:00 c0-0c1s2n1 IOAPIC[0]: apic_id 0, version 32, address 0xfec00000, GSI 0-23
2015-02-11T17:34:37.221934-06:00 c0-0c1s2n1 ACPI: IOAPIC (id[0x02] address[0xfec01000] gsi_base[24])
2015-02-11T17:34:37.222263-06:00 c0-0c1s2n1 IOAPIC[1]: apic_id 2, version 32, address 0xfec01000, GSI 24-47
2015-02-11T17:34:37.222473-06:00 c0-0c1s2n1 ACPI: INT_SRC_OVR (bus 0 bus_irq 0 global_irq 2 dfl dfl)
2015-02-11T17:34:37.247120-06:00 c0-0c1s2n1 ACPI: INT_SRC_OVR (bus 0 bus_irq 9 global_irq 9 high level)
2015-02-11T17:34:37.247358-06:00 c0-0c1s2n1 Using ACPI (MADT) for SMP configuration information
2015-02-11T17:34:37.247531-06:00 c0-0c1s2n1 ACPI: HPET id: 0x8086a701 base: 0xfed00000
2015-02-11T17:34:37.272083-06:00 c0-0c1s2n1 SMP: Allowing 16 CPUs, 0 hotplug CPUs
2015-02-11T17:34:37.272450-06:00 c0-0c1s2n1 Allocating PCI resources starting at 90000000 (gap: 90000000:6ed1c000)
2015-02-11T17:34:37.297358-06:00 c0-0c1s2n1 setup_percpu: NR_CPUS:128 nr_cpumask_bits:128 nr_cpu_ids:16 nr_node_ids:1
2015-02-11T17:34:37.297664-06:00 c0-0c1s2n1 PERCPU: Embedded 25 pages/cpu @ffff88107fa00000 s72704 r8192 d21504 u131072
2015-02-11T17:34:37.297973-06:00 c0-0c1s2n1 Built 1 zonelists in Zone order, mobility grouping on.  Total pages: 16534701
2015-02-11T17:34:37.298028-06:00 c0-0c1s2n1 Policy zone: Normal
2015-02-11T17:34:37.398724-06:00 c0-0c1s2n1 Kernel command line: earlyprintk=serial,115200 load_ramdisk=1 ramdisk_size=80000 console=ttyS0,115200n8 bootnodeip=10.131.255.254 bootproto=ipog bootpath=/rr/current rootfs=nfs-shared root=/dev/disk/by-id/scsi-3600a09800063789e0000008b54c3a04c-part1 oops=panic bootifnetmask=255.252.0.0 elevator=noop ippob1=10 ippob2=128 pcie_ports=native iommu=on intel_iommu=off bad_page=panic pln_enable=off apei_disable hest_disable erst_disable ghes_disable cgroup_disable=memory active_wlm=ALPS sdbnodeip=10.131.255.253 sessionid=p0-20150211t172524 _cray=marker_ 
2015-02-11T17:34:37.398762-06:00 c0-0c1s2n1 Intel-IOMMU: disabled
2015-02-11T17:34:37.398803-06:00 c0-0c1s2n1 Disabling memory control group subsystem
2015-02-11T17:34:37.423760-06:00 c0-0c1s2n1 PID hash table entries: 4096 (order: 3, 32768 bytes)
2015-02-11T17:34:37.423900-06:00 c0-0c1s2n1 xsave/xrstor: enabled xstate_bv 0x7, cntxt size 0x340
2015-02-11T17:34:37.832546-06:00 c0-0c1s2n1 Memory: 66065160k/69206016k available (5522k kernel code, 2121000k absent, 1019856k reserved, 5307k data, 692k init)
2015-02-11T17:34:37.832557-06:00 c0-0c1s2n1 Hierarchical RCU implementation.
2015-02-11T17:34:37.832565-06:00 c0-0c1s2n1 NR_IRQS:4352
2015-02-11T17:34:37.883102-06:00 c0-0c1s2n1 Extended CMOS year: 2000
2015-02-11T17:34:37.883125-06:00 c0-0c1s2n1 Console: colour dummy device 80x25
2015-02-11T17:34:38.362580-06:00 c0-0c1s2n1 console [ttyS0] enabled, bootconsole disabled
2015-02-11T17:34:38.362588-06:00 c0-0c1s2n1 console [ttyS0] enabled, bootconsole disabled
2015-02-11T17:34:38.362596-06:00 c0-0c1s2n1 Fast TSC calibration using PIT
2015-02-11T17:34:38.362601-06:00 c0-0c1s2n1 Detected 2599.852 MHz processor.
2015-02-11T17:34:38.362611-06:00 c0-0c1s2n1 Calibrating delay loop (skipped), value calculated using timer frequency.. 5199.70 BogoMIPS (lpj=10399408)
2015-02-11T17:34:38.362626-06:00 c0-0c1s2n1 pid_max: default: 32768 minimum: 301
2015-02-11T17:34:38.362631-06:00 c0-0c1s2n1 Dentry cache hash table entries: 8388608 (order: 14, 67108864 bytes)
2015-02-11T17:34:38.362638-06:00 c0-0c1s2n1 Inode-cache hash table entries: 4194304 (order: 13, 33554432 bytes)
2015-02-11T17:34:38.362648-06:00 c0-0c1s2n1 Mount-cache hash table entries: 256
2015-02-11T17:34:38.362658-06:00 c0-0c1s2n1 Initializing cgroup subsys cpuacct
2015-02-11T17:34:38.362664-06:00 c0-0c1s2n1 Initializing cgroup subsys memory
2015-02-11T17:34:38.362691-06:00 c0-0c1s2n1 Initializing cgroup subsys devices
2015-02-11T17:34:38.362697-06:00 c0-0c1s2n1 Initializing cgroup subsys perf_event
2015-02-11T17:34:38.362712-06:00 c0-0c1s2n1 CPU: Physical Processor ID: 0
2015-02-11T17:34:38.362723-06:00 c0-0c1s2n1 CPU: Processor Core ID: 0
2015-02-11T17:34:38.362742-06:00 c0-0c1s2n1 mce: CPU supports 20 MCE banks
2015-02-11T17:34:38.362750-06:00 c0-0c1s2n1 CPU0: Thermal monitoring enabled (TM1)
2015-02-11T17:34:38.362755-06:00 c0-0c1s2n1 using mwait in idle threads.
2015-02-11T17:34:38.362760-06:00 c0-0c1s2n1 ACPI: Core revision 20110413
2015-02-11T17:34:38.362765-06:00 c0-0c1s2n1 ftrace: allocating 20236 entries in 80 pages
2015-02-11T17:34:38.362770-06:00 c0-0c1s2n1 DMAR: Host address width 46
2015-02-11T17:34:38.362778-06:00 c0-0c1s2n1 DMAR: DRHD base: 0x000000fbffc000 flags: 0x1
2015-02-11T17:34:38.362800-06:00 c0-0c1s2n1 IOMMU 0: reg_base_addr fbffc000 ver 1:0 cap d2078c106f0462 ecap f020fe
2015-02-11T17:34:38.362810-06:00 c0-0c1s2n1 DMAR: RMRR base: 0x0000007f430000 end: 0x0000007f43cfff
2015-02-11T17:34:38.362817-06:00 c0-0c1s2n1 DMAR: ATSR flags: 0x0
2015-02-11T17:34:38.362827-06:00 c0-0c1s2n1 DMAR: RHSA base: 0x000000fbffc000 proximity domain: 0x0
2015-02-11T17:34:38.362835-06:00 c0-0c1s2n1 Switched APIC routing to physical flat.
2015-02-11T17:34:38.362840-06:00 c0-0c1s2n1 ..TIMER: vector=0x30 apic1=0 pin1=2 apic2=-1 pin2=-1
2015-02-11T17:34:38.362864-06:00 c0-0c1s2n1 CPU0: Intel(R) Xeon(R) CPU E5-2670 0 @ 2.60GHz stepping 07
2015-02-11T17:34:38.539218-06:00 c0-0c1s2n1 Performance Events: PEBS fmt1+, 16-deep LBR, SandyBridge events, full-width counters, Intel PMU driver.
2015-02-11T17:34:38.539277-06:00 c0-0c1s2n1 ... version:                3
2015-02-11T17:34:38.539335-06:00 c0-0c1s2n1 ... bit width:              48
2015-02-11T17:34:38.539397-06:00 c0-0c1s2n1 ... generic registers:      4
2015-02-11T17:34:38.539459-06:00 c0-0c1s2n1 ... value mask:             0000ffffffffffff
2015-02-11T17:34:38.539519-06:00 c0-0c1s2n1 ... max period:             0000ffffffffffff
2015-02-11T17:34:38.564563-06:00 c0-0c1s2n1 ... fixed-purpose events:   3
2015-02-11T17:34:38.564663-06:00 c0-0c1s2n1 ... event mask:             000000070000000f
2015-02-11T17:34:39.041457-06:00 c0-0c1s2n1 Booting Node   0, Processors  #1 #2 #3 #4 #5 #6 #7 #8 #9 #10 #11 #12 #13 #14 #15 Ok.
2015-02-11T17:34:39.068831-06:00 c0-0c1s2n1 Brought up 16 CPUs
2015-02-11T17:34:39.068950-06:00 c0-0c1s2n1 Total of 16 processors activated (83195.26 BogoMIPS).
2015-02-11T17:34:39.119173-06:00 c0-0c1s2n1 NET: Registered protocol family 16
2015-02-11T17:34:39.144444-06:00 c0-0c1s2n1 ACPI FADT declares the system doesn't support PCIe ASPM, so disable it
2015-02-11T17:34:39.144556-06:00 c0-0c1s2n1 ACPI: bus type pci registered
2015-02-11T17:34:39.144721-06:00 c0-0c1s2n1 PCI: MMCONFIG for domain 0000 [bus 00-ff] at [mem 0x80000000-0x8fffffff] (base 0x80000000)
2015-02-11T17:34:39.169796-06:00 c0-0c1s2n1 PCI: MMCONFIG at [mem 0x80000000-0x8fffffff] reserved in E820
2015-02-11T17:34:39.195010-06:00 c0-0c1s2n1 PCI: Using configuration type 1 for base access
2015-02-11T17:34:39.195210-06:00 c0-0c1s2n1 bio: create slab <bio-0> at 0
2015-02-11T17:34:39.245454-06:00 c0-0c1s2n1 ACPI: Executed 1 blocks of module-level executable AML code
2015-02-11T17:34:39.447364-06:00 c0-0c1s2n1 ACPI: Interpreter enabled
2015-02-11T17:34:39.447442-06:00 c0-0c1s2n1 ACPI: (supports S0 S1 S3 S5)
2015-02-11T17:34:39.447520-06:00 c0-0c1s2n1 ACPI: Using IOAPIC for interrupt routing
2015-02-11T17:34:39.472637-06:00 c0-0c1s2n1 ACPI: No dock devices found.
2015-02-11T17:34:39.472703-06:00 c0-0c1s2n1 HEST: Table parsing disabled.
2015-02-11T17:34:39.497765-06:00 c0-0c1s2n1 PCI: Using host bridge windows from ACPI; if necessary, use "pci=nocrs" and report a bug
2015-02-11T17:34:39.523034-06:00 c0-0c1s2n1 ACPI: PCI Root Bridge [PCI0] (domain 0000 [bus 00-fe])
2015-02-11T17:34:39.523204-06:00 c0-0c1s2n1 pci_root PNP0A08:00: host bridge window [io  0x0000-0x03af]
2015-02-11T17:34:39.523452-06:00 c0-0c1s2n1 pci_root PNP0A08:00: host bridge window [io  0x03e0-0x0cf7]
2015-02-11T17:34:39.548200-06:00 c0-0c1s2n1 pci_root PNP0A08:00: host bridge window [io  0x0d00-0xffff]
2015-02-11T17:34:39.548403-06:00 c0-0c1s2n1 pci_root PNP0A08:00: host bridge window [mem 0x000c0000-0x000dffff]
2015-02-11T17:34:39.573460-06:00 c0-0c1s2n1 pci_root PNP0A08:00: host bridge window [mem 0x80000000-0xfbffffff]
2015-02-11T17:34:39.573759-06:00 c0-0c1s2n1 pci_root PNP0A08:00: host bridge window [mem 0x1080000000-0x3c3fffffffff]
2015-02-11T17:34:39.598687-06:00 c0-0c1s2n1 pci 0000:00:02.0: PCI bridge to [bus 01-01]
2015-02-11T17:34:39.598927-06:00 c0-0c1s2n1 pci 0000:00:03.0: PCI bridge to [bus 02-02]
2015-02-11T17:34:39.623914-06:00 c0-0c1s2n1 pci 0000:00:03.2: PCI bridge to [bus 03-03]
2015-02-11T17:34:39.624205-06:00 c0-0c1s2n1 pci 0000:00:11.0: PCI bridge to [bus 04-04]
2015-02-11T17:34:39.624476-06:00 c0-0c1s2n1 pci 0000:00:1e.0: PCI bridge to [bus 05-05] (subtractive decode)
2015-02-11T17:34:39.649114-06:00 c0-0c1s2n1 pci0000:00: Unable to request _OSC control (_OSC support mask: 0x19)
2015-02-11T17:34:39.674414-06:00 c0-0c1s2n1 ACPI: PCI Root Bridge [UNC0] (domain 0000 [bus ff])
2015-02-11T17:34:39.674837-06:00 c0-0c1s2n1 pci0000:ff: Unable to request _OSC control (_OSC support mask: 0x19)
2015-02-11T17:34:39.699834-06:00 c0-0c1s2n1 ACPI: PCI Interrupt Link [LNKA] (IRQs 3 4 5 6 7 10 *11 12 14 15)
2015-02-11T17:34:39.700138-06:00 c0-0c1s2n1 ACPI: PCI Interrupt Link [LNKB] (IRQs 3 4 5 6 7 *10 11 12 14 15)
2015-02-11T17:34:39.725052-06:00 c0-0c1s2n1 ACPI: PCI Interrupt Link [LNKC] (IRQs 3 4 *5 6 10 11 12 14 15)
2015-02-11T17:34:39.725270-06:00 c0-0c1s2n1 ACPI: PCI Interrupt Link [LNKD] (IRQs *3 4 5 6 10 11 12 14 15)
2015-02-11T17:34:39.750259-06:00 c0-0c1s2n1 ACPI: PCI Interrupt Link [LNKE] (IRQs 3 4 5 6 7 10 11 12 14 15) *0
2015-02-11T17:34:39.750538-06:00 c0-0c1s2n1 ACPI: PCI Interrupt Link [LNKF] (IRQs 3 4 5 6 7 10 11 12 14 15) *0
2015-02-11T17:34:39.775609-06:00 c0-0c1s2n1 ACPI: PCI Interrupt Link [LNKG] (IRQs 3 4 5 6 7 10 11 12 14 15) *0
2015-02-11T17:34:39.775878-06:00 c0-0c1s2n1 ACPI: PCI Interrupt Link [LNKH] (IRQs 3 4 5 6 *7 10 11 12 14 15)
2015-02-11T17:34:39.775985-06:00 c0-0c1s2n1 vgaarb: loaded
2015-02-11T17:34:39.776142-06:00 c0-0c1s2n1 SCSI subsystem initialized
2015-02-11T17:34:39.800715-06:00 c0-0c1s2n1 PCI: Using ACPI for IRQ routing
2015-02-11T17:34:39.801147-06:00 c0-0c1s2n1 Switching to clocksource hpet
2015-02-11T17:34:39.826050-06:00 c0-0c1s2n1 pnp: PnP ACPI init
2015-02-11T17:34:39.826218-06:00 c0-0c1s2n1 ACPI: bus type pnp registered
2015-02-11T17:34:39.826471-06:00 c0-0c1s2n1 system 00:01: [mem 0xfc000000-0xfcffffff] has been reserved
2015-02-11T17:34:39.851279-06:00 c0-0c1s2n1 system 00:01: [mem 0xfd000000-0xfdffffff] has been reserved
2015-02-11T17:34:39.851630-06:00 c0-0c1s2n1 system 00:01: [mem 0xfe000000-0xfeafffff] has been reserved
2015-02-11T17:34:39.876578-06:00 c0-0c1s2n1 system 00:01: [mem 0xfeb00000-0xfebfffff] has been reserved
2015-02-11T17:34:39.876991-06:00 c0-0c1s2n1 system 00:01: [mem 0xfed00400-0xfed3ffff] could not be reserved
2015-02-11T17:34:39.901748-06:00 c0-0c1s2n1 system 00:01: [mem 0xfed45000-0xfedfffff] has been reserved
2015-02-11T17:34:39.902040-06:00 c0-0c1s2n1 system 00:02: [mem 0xfbffc000-0xfbffdfff] has been reserved
2015-02-11T17:34:39.902280-06:00 c0-0c1s2n1 system 00:06: [io  0x04d0-0x04d1] has been reserved
2015-02-11T17:34:39.927266-06:00 c0-0c1s2n1 system 00:08: [io  0x0400-0x0453] has been reserved
2015-02-11T17:34:39.927532-06:00 c0-0c1s2n1 system 00:08: [io  0x0458-0x047f] has been reserved
2015-02-11T17:34:39.927726-06:00 c0-0c1s2n1 system 00:08: [io  0x1180-0x119f] has been reserved
2015-02-11T17:34:39.952424-06:00 c0-0c1s2n1 system 00:08: [io  0x0500-0x057f] has been reserved
2015-02-11T17:34:39.952849-06:00 c0-0c1s2n1 system 00:08: [mem 0xfed1c000-0xfed1ffff] has been reserved
2015-02-11T17:34:39.977801-06:00 c0-0c1s2n1 system 00:08: [mem 0xfec00000-0xfecfffff] could not be reserved
2015-02-11T17:34:39.978144-06:00 c0-0c1s2n1 system 00:08: [mem 0xfed08000-0xfed08fff] has been reserved
2015-02-11T17:34:39.978336-06:00 c0-0c1s2n1 system 00:08: [mem 0xff000000-0xffffffff] has been reserved
2015-02-11T17:34:40.003081-06:00 c0-0c1s2n1 system 00:09: [io  0x0454-0x0457] has been reserved
2015-02-11T17:34:40.003236-06:00 c0-0c1s2n1 pnp: PnP ACPI: found 12 devices
2015-02-11T17:34:40.003439-06:00 c0-0c1s2n1 ACPI: ACPI bus type pnp unregistered
2015-02-11T17:34:40.028395-06:00 c0-0c1s2n1 pci 0000:00:02.0: PCI bridge to [bus 01-01]
2015-02-11T17:34:40.028611-06:00 c0-0c1s2n1 pci 0000:00:02.0:   bridge window [io  disabled]
2015-02-11T17:34:40.053282-06:00 c0-0c1s2n1 pci 0000:00:02.0:   bridge window [mem disabled]
2015-02-11T17:34:40.053727-06:00 c0-0c1s2n1 pci 0000:00:02.0:   bridge window [mem 0x3c0000000000-0x3c20000fffff 64bit pref]
2015-02-11T17:34:40.078597-06:00 c0-0c1s2n1 pci 0000:00:03.0: PCI bridge to [bus 02-02]
2015-02-11T17:34:40.078860-06:00 c0-0c1s2n1 pci 0000:00:03.0:   bridge window [io  disabled]
2015-02-11T17:34:40.079171-06:00 c0-0c1s2n1 pci 0000:00:03.0:   bridge window [mem 0xfbc00000-0xfbdfffff]
2015-02-11T17:34:40.104152-06:00 c0-0c1s2n1 pci 0000:00:03.0:   bridge window [mem 0x3c2001000000-0x3c20017fffff 64bit pref]
2015-02-11T17:34:40.104396-06:00 c0-0c1s2n1 pci 0000:00:03.2: PCI bridge to [bus 03-03]
2015-02-11T17:34:40.129069-06:00 c0-0c1s2n1 pci 0000:00:03.2:   bridge window [io  disabled]
2015-02-11T17:34:40.129391-06:00 c0-0c1s2n1 pci 0000:00:03.2:   bridge window [mem 0xfba00000-0xfbbfffff]
2015-02-11T17:34:40.154291-06:00 c0-0c1s2n1 pci 0000:00:03.2:   bridge window [mem 0x3c2000800000-0x3c2000ffffff 64bit pref]
2015-02-11T17:34:40.154562-06:00 c0-0c1s2n1 pci 0000:00:11.0: PCI bridge to [bus 04-04]
2015-02-11T17:34:40.154857-06:00 c0-0c1s2n1 pci 0000:00:11.0:   bridge window [io  0xe000-0xefff]
2015-02-11T17:34:40.179700-06:00 c0-0c1s2n1 pci 0000:00:11.0:   bridge window [mem 0xfbe00000-0xfbefffff]
2015-02-11T17:34:40.180104-06:00 c0-0c1s2n1 pci 0000:00:11.0:   bridge window [mem 0x3c2001800000-0x3c2001cfffff 64bit pref]
2015-02-11T17:34:40.204867-06:00 c0-0c1s2n1 pci 0000:00:1e.0: PCI bridge to [bus 05-05]
2015-02-11T17:34:40.205200-06:00 c0-0c1s2n1 pci 0000:00:1e.0:   bridge window [io  disabled]
2015-02-11T17:34:40.205406-06:00 c0-0c1s2n1 pci 0000:00:1e.0:   bridge window [mem disabled]
2015-02-11T17:34:40.230174-06:00 c0-0c1s2n1 pci 0000:00:1e.0:   bridge window [mem pref disabled]
2015-02-11T17:34:40.230451-06:00 c0-0c1s2n1 pci 0000:00:02.0: PCI INT A -> GSI 32 (level, low) -> IRQ 32
2015-02-11T17:34:40.230716-06:00 c0-0c1s2n1 pci 0000:00:03.0: PCI INT A -> GSI 40 (level, low) -> IRQ 40
2015-02-11T17:34:40.255570-06:00 c0-0c1s2n1 pci 0000:00:03.2: PCI INT A -> GSI 40 (level, low) -> IRQ 40
2015-02-11T17:34:40.255861-06:00 c0-0c1s2n1 pci 0000:00:11.0: PCI INT A -> GSI 16 (level, low) -> IRQ 16
2015-02-11T17:34:40.280631-06:00 c0-0c1s2n1 NET: Registered protocol family 2
2015-02-11T17:34:40.281043-06:00 c0-0c1s2n1 IP route cache hash table entries: 524288 (order: 10, 4194304 bytes)
2015-02-11T17:34:40.305917-06:00 c0-0c1s2n1 TCP established hash table entries: 524288 (order: 11, 8388608 bytes)
2015-02-11T17:34:40.306244-06:00 c0-0c1s2n1 TCP bind hash table entries: 65536 (order: 8, 1048576 bytes)
2015-02-11T17:34:40.331300-06:00 c0-0c1s2n1 TCP: Hash tables configured (established 524288 bind 65536)
2015-02-11T17:34:40.331372-06:00 c0-0c1s2n1 TCP reno registered
2015-02-11T17:34:40.331578-06:00 c0-0c1s2n1 UDP hash table entries: 32768 (order: 8, 1048576 bytes)
2015-02-11T17:34:40.356310-06:00 c0-0c1s2n1 UDP-Lite hash table entries: 32768 (order: 8, 1048576 bytes)
2015-02-11T17:34:40.356620-06:00 c0-0c1s2n1 NET: Registered protocol family 1
2015-02-11T17:34:40.356826-06:00 c0-0c1s2n1 RPC: Registered named UNIX socket transport module.
2015-02-11T17:34:40.356939-06:00 c0-0c1s2n1 RPC: Registered udp transport module.
2015-02-11T17:34:40.381789-06:00 c0-0c1s2n1 RPC: Registered tcp transport module.
2015-02-11T17:34:40.382020-06:00 c0-0c1s2n1 RPC: Registered tcp NFSv4.1 backchannel transport module.
2015-02-11T17:34:40.382174-06:00 c0-0c1s2n1 pci 0000:00:1a.0: PCI INT A -> GSI 16 (level, low) -> IRQ 16
2015-02-11T17:34:40.432278-06:00 c0-0c1s2n1 pci 0000:00:1a.0: PCI INT A disabled
2015-02-11T17:34:40.432495-06:00 c0-0c1s2n1 pci 0000:00:1d.0: PCI INT A -> GSI 23 (level, low) -> IRQ 23
2015-02-11T17:34:40.482746-06:00 c0-0c1s2n1 pci 0000:00:1d.0: PCI INT A disabled
2015-02-11T17:34:40.482837-06:00 c0-0c1s2n1 Trying to unpack rootfs image as initramfs...
2015-02-11T17:34:40.911578-06:00 c0-0c1s2n1 Freeing initrd memory: 12352k freed
2015-02-11T17:34:40.911735-06:00 c0-0c1s2n1 DMAR: Device scope device [0000:00:01.01] not found
2015-02-11T17:34:40.911890-06:00 c0-0c1s2n1 DMAR: Device scope device [0000:00:01.01] not found
2015-02-11T17:34:40.936802-06:00 c0-0c1s2n1 PCI-DMA: Using software bounce buffering for IO (SWIOTLB)
2015-02-11T17:34:40.937039-06:00 c0-0c1s2n1 Placing 64MB software IO TLB between ffff88007a67c000 - ffff88007e67c000
2015-02-11T17:34:40.962068-06:00 c0-0c1s2n1 software IO TLB at phys 0x7a67c000 - 0x7e67c000
2015-02-11T17:34:40.962269-06:00 c0-0c1s2n1 Machine check injector initialized
2015-02-11T17:34:40.987394-06:00 c0-0c1s2n1 futex hash table entries: 4096 (order: 6, 262144 bytes)
2015-02-11T17:34:40.987554-06:00 c0-0c1s2n1 Registering pnotify support for (name=job)
2015-02-11T17:34:40.987604-06:00 c0-0c1s2n1 CSA: initialized
2015-02-11T17:34:41.012506-06:00 c0-0c1s2n1 audit: initializing netlink socket (disabled)
2015-02-11T17:34:41.012701-06:00 c0-0c1s2n1 type=2000 audit(1423697674.540:1): initialized
2015-02-11T17:34:41.063030-06:00 c0-0c1s2n1 HugeTLB registered 2 MB page size, pre-allocated 0 pages
2015-02-11T17:34:41.063209-06:00 c0-0c1s2n1 VFS: Disk quotas dquot_6.5.2
2015-02-11T17:34:41.063415-06:00 c0-0c1s2n1 Dquot-cache hash table entries: 512 (order 0, 4096 bytes)
2015-02-11T17:34:41.088310-06:00 c0-0c1s2n1 Installing knfsd (copyright (C) 1996 okir@monad.swb.de).
2015-02-11T17:34:41.088422-06:00 c0-0c1s2n1 fuse init (API version 7.16)
2015-02-11T17:34:41.088682-06:00 c0-0c1s2n1 Installing v9fs 9p2000 file system support
2015-02-11T17:34:41.088748-06:00 c0-0c1s2n1 msgmni has been set to 32268
2015-02-11T17:34:41.113550-06:00 c0-0c1s2n1 Block layer SCSI generic (bsg) driver version 0.4 loaded (major 254)
2015-02-11T17:34:41.113690-06:00 c0-0c1s2n1 io scheduler noop registered (default)
2015-02-11T17:34:41.138459-06:00 c0-0c1s2n1 io scheduler deadline registered
2015-02-11T17:34:41.138680-06:00 c0-0c1s2n1 io scheduler cfq registered
2015-02-11T17:34:41.139004-06:00 c0-0c1s2n1 input: Power Button as /devices/LNXSYSTM:00/LNXSYBUS:00/PNP0C0C:00/input/input0
2015-02-11T17:34:41.139093-06:00 c0-0c1s2n1 ACPI: Power Button [PWRB]
2015-02-11T17:34:41.164113-06:00 c0-0c1s2n1 input: Power Button as /devices/LNXSYSTM:00/LNXPWRBN:00/input/input1
2015-02-11T17:34:41.164246-06:00 c0-0c1s2n1 ACPI: Power Button [PWRF]
2015-02-11T17:34:41.289996-06:00 c0-0c1s2n1 ERST: Error Record Serialization Table (ERST) support is disabled.
2015-02-11T17:34:41.290093-06:00 c0-0c1s2n1 GHES: HEST is not enabled!
2015-02-11T17:34:41.315553-06:00 c0-0c1s2n1 Serial: 8250/16550 driver, 2 ports, IRQ sharing disabled
2015-02-11T17:34:41.340580-06:00 c0-0c1s2n1 serial8250: ttyS0 at I/O 0x3f8 (irq = 4) is a 16550A
2015-02-11T17:34:41.416444-06:00 c0-0c1s2n1 serial8250: ttyS1 at I/O 0x2f8 (irq = 3) is a 16550A
2015-02-11T17:34:41.542370-06:00 c0-0c1s2n1 Real Time Clock Driver v1.12b
2015-02-11T17:34:41.542514-06:00 c0-0c1s2n1 Linux agpgart interface v0.103
2015-02-11T17:34:41.542627-06:00 c0-0c1s2n1 brd: module loaded
2015-02-11T17:34:41.542691-06:00 c0-0c1s2n1 loop: module loaded
2015-02-11T17:34:41.567602-06:00 c0-0c1s2n1 Loading iSCSI transport class v2.0-870.
2015-02-11T17:34:41.567722-06:00 c0-0c1s2n1 iscsi: registered transport (tcp)
2015-02-11T17:34:41.567876-06:00 c0-0c1s2n1 Rounding down aligned max_sectors from 4294967295 to 4294967288
2015-02-11T17:34:41.567977-06:00 c0-0c1s2n1 console [netcon0] enabled
2015-02-11T17:34:41.592925-06:00 c0-0c1s2n1 netconsole: network logging started
2015-02-11T17:34:41.592979-06:00 c0-0c1s2n1 i8042: PNP: No PS/2 controller found. Probing ports directly.
2015-02-11T17:34:41.991637-06:00 c0-0c1s2n1 Refined TSC clocksource calibration: 2599.999 MHz.
2015-02-11T17:34:41.991661-06:00 c0-0c1s2n1 Switching to clocksource tsc
2015-02-11T17:34:42.614204-06:00 c0-0c1s2n1 i8042: No controller found
2015-02-11T17:34:42.614299-06:00 c0-0c1s2n1 EDAC MC: Ver: 2.1.0
2015-02-11T17:34:42.639229-06:00 c0-0c1s2n1 cpuidle: using governor ladder
2015-02-11T17:34:42.639371-06:00 c0-0c1s2n1 cpuidle: using governor menu
2015-02-11T17:34:42.664263-06:00 c0-0c1s2n1 oprofile: using NMI interrupt.
2015-02-11T17:34:42.664436-06:00 c0-0c1s2n1 TCP cubic registered
2015-02-11T17:34:42.664620-06:00 c0-0c1s2n1 NET: Registered protocol family 10
2015-02-11T17:34:42.664703-06:00 c0-0c1s2n1 IPv6 over IPv4 tunneling driver
2015-02-11T17:34:42.664814-06:00 c0-0c1s2n1 NET: Registered protocol family 17
2015-02-11T17:34:42.689594-06:00 c0-0c1s2n1 Installing 9P2000 support
2015-02-11T17:34:42.689724-06:00 c0-0c1s2n1 Registering the dns_resolver key type
2015-02-11T17:34:42.689840-06:00 c0-0c1s2n1 registered taskstats version 1
2015-02-11T17:34:42.714839-06:00 c0-0c1s2n1 Freeing unused kernel memory: 692k freed
2015-02-11T17:34:42.790546-06:00 c0-0c1s2n1 ghal_init:Cray(R) Gemini Hardware Abstraction Layer - version 1.0107
2015-02-11T17:34:42.790758-06:00 c0-0c1s2n1 ghal_init:Copyright (C) 2007-1012 Cray Inc.
2015-02-11T17:34:42.815870-06:00 c0-0c1s2n1 ghal 0000:01:00.1: enabling device (0000 -> 0002)
2015-02-11T17:34:42.841111-06:00 c0-0c1s2n1 udev: starting version 147
2015-02-11T17:34:42.841120-06:00 c0-0c1s2n1 simplex: module license 'unspecified' taints kernel.
2015-02-11T17:34:42.866196-06:00 c0-0c1s2n1 hss-os: communication area 0xffff881008642600 (phys 0x1008642600)
2015-02-11T17:34:42.866206-06:00 c0-0c1s2n1 hss-os: new channel 1
2015-02-11T17:34:44.644093-06:00 c0-0c1s2n1 request_sys_info_from_L0: No tile dimension data
2015-02-11T17:34:44.644101-06:00 c0-0c1s2n1 hss-os: new channel 2
2015-02-11T17:34:44.644107-06:00 c0-0c1s2n1 kgni_init:Cray(R) Gemini Network Interface - Sep 17 2014 version 0x004500b7 rev 9750
2015-02-11T17:34:44.644113-06:00 c0-0c1s2n1 kgni_init:Copyright (C) 2007,2008 Cray Inc.
2015-02-11T17:34:44.644122-06:00 c0-0c1s2n1 ipogif_init:Cray(R) Gemini IP over Fabric device driver - version 0.17
2015-02-11T17:34:44.644145-06:00 c0-0c1s2n1 ipogif_init:Copyright (C) 2007 Cray Inc.
2015-02-11T17:34:44.644154-06:00 c0-0c1s2n1 ipogif_probe:Immediate checksum off
2015-02-11T17:34:44.644164-06:00 c0-0c1s2n1 Cray(R) Gemini Performance Counter Daemon - version 0.1
2015-02-11T17:34:44.644172-06:00 c0-0c1s2n1 GEMINI Performance Counter Daemon.
2015-02-11T17:34:44.644182-06:00 c0-0c1s2n1 Cray(R) Kernel Dynamic Registration (KDREG) Interface - version 0x2243e
2015-02-11T17:34:44.644190-06:00 c0-0c1s2n1 Copyright (C) 2004-5 Pete Wyckoff - modified by Cray(R)
2015-02-11T17:34:44.644195-06:00 c0-0c1s2n1 ipogif_up:Bringing interface up
2015-02-11T17:34:44.644200-06:00 c0-0c1s2n1 Sending ec_node_info with boot code 0 (NODE_INFO_OS_BOOT) for nid 73
2015-02-11T17:34:44.644209-06:00 c0-0c1s2n1 net.core.rmem_max = 16777216
2015-02-11T17:34:44.644216-06:00 c0-0c1s2n1 net.core.wmem_max = 16777216
2015-02-11T17:34:44.644220-06:00 c0-0c1s2n1 net.core.rmem_default = 16777216
2015-02-11T17:34:44.644242-06:00 c0-0c1s2n1 net.core.wmem_default = 16777216
2015-02-11T17:34:44.644246-06:00 c0-0c1s2n1 net.core.optmem_max = 16777216
2015-02-11T17:34:44.644254-06:00 c0-0c1s2n1 net.ipv4.tcp_mem = 16777216 16777216 16777216
2015-02-11T17:34:44.644261-06:00 c0-0c1s2n1 net.ipv4.tcp_rmem = 4096 87380 16777216
2015-02-11T17:34:44.644276-06:00 c0-0c1s2n1 net.ipv4.tcp_wmem = 4096 65536 16777216
2015-02-11T17:34:44.644296-06:00 c0-0c1s2n1 Using rootfs config: nfs-shared...
2015-02-11T17:34:44.644308-06:00 c0-0c1s2n1 rootfs mount succeeded.
2015-02-11T17:34:44.644316-06:00 c0-0c1s2n1 **********************************************************
2015-02-11T17:34:44.644324-06:00 c0-0c1s2n1    HOSTNAME: nid00073
2015-02-11T17:34:44.644334-06:00 c0-0c1s2n1 **********************************************************
2015-02-11T17:34:44.644341-06:00 c0-0c1s2n1 ipogif0   Link encap:Ethernet  HWaddr 00:01:01:00:00:49  
2015-02-11T17:34:44.644353-06:00 c0-0c1s2n1          inet addr:10.128.0.74  Mask:255.252.0.0
2015-02-11T17:34:44.644364-06:00 c0-0c1s2n1          inet6 addr: fe80::201:1ff:fe00:49/64 Scope:Link
2015-02-11T17:34:44.644381-06:00 c0-0c1s2n1          UP RUNNING NOARP  MTU:65520  Metric:1
2015-02-11T17:34:44.644398-06:00 c0-0c1s2n1          RX packets:21 errors:0 dropped:0 overruns:0 frame:0
2015-02-11T17:34:44.644404-06:00 c0-0c1s2n1          TX packets:28 errors:0 dropped:0 overruns:0 carrier:0
2015-02-11T17:34:44.644411-06:00 c0-0c1s2n1          collisions:0 txqueuelen:1000 
2015-02-11T17:34:44.644421-06:00 c0-0c1s2n1          RX bytes:2496 (2.4 KiB)  TX bytes:2540 (2.4 KiB)
2015-02-11T17:34:44.644428-06:00 c0-0c1s2n1 lo        Link encap:Local Loopback  
2015-02-11T17:34:44.644444-06:00 c0-0c1s2n1          inet addr:127.0.0.1  Mask:255.0.0.0
2015-02-11T17:34:44.644452-06:00 c0-0c1s2n1          inet6 addr: ::1/128 Scope:Host
2015-02-11T17:34:44.644459-06:00 c0-0c1s2n1          UP LOOPBACK RUNNING  MTU:16436  Metric:1
2015-02-11T17:34:44.644470-06:00 c0-0c1s2n1          RX packets:0 errors:0 dropped:0 overruns:0 frame:0
2015-02-11T17:34:44.644479-06:00 c0-0c1s2n1          TX packets:0 errors:0 dropped:0 overruns:0 carrier:0
2015-02-11T17:34:44.644489-06:00 c0-0c1s2n1          collisions:0 txqueuelen:0 
2015-02-11T17:34:44.644497-06:00 c0-0c1s2n1          RX bytes:0 (0.0 B)  TX bytes:0 (0.0 B)
2015-02-11T17:34:44.644503-06:00 c0-0c1s2n1 Mounting NID specific /etc (nid=73)...
2015-02-11T17:34:44.644510-06:00 c0-0c1s2n1 done.
2015-02-11T17:34:44.644520-06:00 c0-0c1s2n1 INIT: version 2.86 booting
2015-02-11T17:34:44.644529-06:00 c0-0c1s2n1 System Boot Control: Running /etc/init.d/boot
2015-02-11T17:34:44.644534-06:00 c0-0c1s2n1 Mounting sysfs at /sys7[?25l
2015-02-11T17:34:44.644544-06:00 c0-0c1s2n1 [80C[10D[1;32mdone[m8[?25h
2015-02-11T17:34:44.644550-06:00 c0-0c1s2n1 Copying static /dev content7[?25l
2015-02-11T17:34:44.644561-06:00 c0-0c1s2n1 [80C[10D[1;32mdone[m8[?25h
2015-02-11T17:34:44.644575-06:00 c0-0c1s2n1 Mounting tmpfs at /dev/shm7[?25l
2015-02-11T17:34:44.644583-06:00 c0-0c1s2n1 [80C[10D[1;32mdone[m8[?25h
2015-02-11T17:34:44.644588-06:00 c0-0c1s2n1 Mounting devpts at /dev/pts7[?25l
2015-02-11T17:34:44.644599-06:00 c0-0c1s2n1 [80C[10D[1;32mdone[m8[?25h
2015-02-11T17:34:44.644605-06:00 c0-0c1s2n1 Boot logging started on /dev/ttyS0(/dev/console) at Wed Feb 11 17:34:38 2015
2015-02-11T17:34:44.644616-06:00 c0-0c1s2n1 Mounting debugfs at /sys/kernel/debug7[?25l
2015-02-11T17:34:44.644626-06:00 c0-0c1s2n1 [80C[10D[1;32mdone[m8[?25h
2015-02-11T17:34:44.644636-06:00 c0-0c1s2n1 [m[?25hNo efivars filesystem driver available.[m[?25hStarting udevd: udev: starting version 147
2015-02-11T17:34:44.644645-06:00 c0-0c1s2n1 7[?25l
2015-02-11T17:34:44.644651-06:00 c0-0c1s2n1 [80C[10D[1;32mdone[m8[?25h
2015-02-11T17:34:44.694025-06:00 c0-0c1s2n1 Loading drivers, configuring devices: Compat-rdma backport release: ac916cb
2015-02-11T17:34:44.719421-06:00 c0-0c1s2n1 Backport based on git://git.openfabrics.org/compat-rdma/compat.git 5268562
2015-02-11T17:34:44.719433-06:00 c0-0c1s2n1 usbcore: registered new interface driver usbfs
2015-02-11T17:34:44.719463-06:00 c0-0c1s2n1 usbcore: registered new interface driver hub
2015-02-11T17:34:44.719474-06:00 c0-0c1s2n1 usbcore: registered new device driver usb
2015-02-11T17:34:44.719497-06:00 c0-0c1s2n1 ahci 0000:00:1f.2: PCI INT B -> GSI 19 (level, low) -> IRQ 19
2015-02-11T17:34:44.719538-06:00 c0-0c1s2n1 ehci_hcd: USB 2.0 'Enhanced' Host Controller (EHCI) Driver
2015-02-11T17:34:44.719699-06:00 c0-0c1s2n1 compat.git: git://git.openfabrics.org/compat-rdma/compat.git
2015-02-11T17:34:44.744556-06:00 c0-0c1s2n1 ahci 0000:00:1f.2: forcing PORTS_IMPL to 0x3f
2015-02-11T17:34:44.744779-06:00 c0-0c1s2n1 ahci 0000:00:1f.2: AHCI 0001.0300 32 slots 6 ports 6 Gbps 0x3f impl SATA mode
2015-02-11T17:34:44.769738-06:00 c0-0c1s2n1 ahci 0000:00:1f.2: flags: 64bit ncq sntf pm led clo pio slum part ems apst 
2015-02-11T17:34:44.769795-06:00 c0-0c1s2n1 scsi0 : ahci
2015-02-11T17:34:44.769850-06:00 c0-0c1s2n1 scsi1 : ahci
2015-02-11T17:34:44.769916-06:00 c0-0c1s2n1 scsi2 : ahci
2015-02-11T17:34:44.770003-06:00 c0-0c1s2n1 scsi3 : ahci
2015-02-11T17:34:44.770244-06:00 c0-0c1s2n1 mlx4_core: Mellanox ConnectX core driver v1.1 (Dec, 2011)
2015-02-11T17:34:44.794910-06:00 c0-0c1s2n1 mlx4_core: Initializing 0000:02:00.0
2015-02-11T17:34:44.795157-06:00 c0-0c1s2n1 mlx4_core 0000:02:00.0: PCI INT A -> GSI 40 (level, low) -> IRQ 40
2015-02-11T17:34:44.795225-06:00 c0-0c1s2n1 scsi4 : ahci
2015-02-11T17:34:44.795286-06:00 c0-0c1s2n1 scsi5 : ahci
2015-02-11T17:34:44.820283-06:00 c0-0c1s2n1 ata2: SATA max UDMA/133 abar m2048@0xfbf00000 port 0xfbf00100 irq 164
2015-02-11T17:34:44.820638-06:00 c0-0c1s2n1 ata3: SATA max UDMA/133 abar m2048@0xfbf00000 port 0xfbf00180 irq 164
2015-02-11T17:34:44.845741-06:00 c0-0c1s2n1 ata4: SATA max UDMA/133 abar m2048@0xfbf00000 port 0xfbf00200 irq 164
2015-02-11T17:34:44.885577-06:00 c0-0c1s2n1 ata5: SATA max UDMA/133 abar m2048@0xfbf00000 port 0xfbf00280 irq 164
2015-02-11T17:34:44.887142-06:00 c0-0c1s2n1 ata6: SATA max UDMA/133 abar m2048@0xfbf00000 port 0xfbf00300 irq 164
2015-02-11T17:34:44.887153-06:00 c0-0c1s2n1 ata7: SATA max UDMA/133 abar m2048@0xfbf00000 port 0xfbf00380 irq 164
2015-02-11T17:34:44.887164-06:00 c0-0c1s2n1 ehci_hcd 0000:00:1a.0: PCI INT A -> GSI 16 (level, low) -> IRQ 16
2015-02-11T17:34:44.911458-06:00 c0-0c1s2n1 ehci_hcd 0000:00:1a.0: EHCI Host Controller
2015-02-11T17:34:44.911745-06:00 c0-0c1s2n1 ehci_hcd 0000:00:1a.0: new USB bus registered, assigned bus number 1
2015-02-11T17:34:44.939576-06:00 c0-0c1s2n1 ehci_hcd 0000:00:1a.0: debug port 2
2015-02-11T17:34:44.939719-06:00 c0-0c1s2n1 ehci_hcd 0000:00:1a.0: irq 16, io mem 0xfbf02000
2015-02-11T17:34:44.939881-06:00 c0-0c1s2n1 ehci_hcd 0000:00:1a.0: USB 2.0 started, EHCI 1.00
2015-02-11T17:34:44.964360-06:00 c0-0c1s2n1 hub 1-0:1.0: USB hub found
2015-02-11T17:34:44.990397-06:00 c0-0c1s2n1 hub 1-0:1.0: 2 ports detected
2015-02-11T17:34:44.990427-06:00 c0-0c1s2n1 ehci_hcd 0000:00:1d.0: PCI INT A -> GSI 23 (level, low) -> IRQ 23
2015-02-11T17:34:44.990449-06:00 c0-0c1s2n1 ehci_hcd 0000:00:1d.0: EHCI Host Controller
2015-02-11T17:34:45.015414-06:00 c0-0c1s2n1 ehci_hcd 0000:00:1d.0: new USB bus registered, assigned bus number 2
2015-02-11T17:34:45.015437-06:00 c0-0c1s2n1 ehci_hcd 0000:00:1d.0: debug port 2
2015-02-11T17:34:45.015461-06:00 c0-0c1s2n1 ehci_hcd 0000:00:1d.0: irq 23, io mem 0xfbf01000
2015-02-11T17:34:45.077518-06:00 c0-0c1s2n1 ehci_hcd 0000:00:1d.0: USB 2.0 started, EHCI 1.00
2015-02-11T17:34:45.077573-06:00 c0-0c1s2n1 hub 2-0:1.0: USB hub found
2015-02-11T17:34:45.077614-06:00 c0-0c1s2n1 hub 2-0:1.0: 2 ports detected
2015-02-11T17:34:45.279562-06:00 c0-0c1s2n1 usb 1-1: new high-speed USB device number 2 using ehci_hcd
2015-02-11T17:34:45.430743-06:00 c0-0c1s2n1 hub 1-1:1.0: USB hub found
2015-02-11T17:34:45.430867-06:00 c0-0c1s2n1 hub 1-1:1.0: 6 ports detected
2015-02-11T17:34:45.556828-06:00 c0-0c1s2n1 usb 2-1: new high-speed USB device number 2 using ehci_hcd
2015-02-11T17:34:45.708530-06:00 c0-0c1s2n1 hub 2-1:1.0: USB hub found
2015-02-11T17:34:45.708631-06:00 c0-0c1s2n1 hub 2-1:1.0: 8 ports detected
2015-02-11T17:34:45.901221-06:00 c0-0c1s2n1 ata6: failed to resume link (SControl 0)
2015-02-11T17:34:45.926034-06:00 c0-0c1s2n1 ata6: SATA link down (SStatus 0 SControl 0)
2015-02-11T17:34:45.926182-06:00 c0-0c1s2n1 ata3: failed to resume link (SControl 0)
2015-02-11T17:34:45.926329-06:00 c0-0c1s2n1 ata3: SATA link down (SStatus 0 SControl 0)
2015-02-11T17:34:45.951256-06:00 c0-0c1s2n1 ata2: failed to resume link (SControl 0)
2015-02-11T17:34:45.951368-06:00 c0-0c1s2n1 ata2: SATA link down (SStatus 0 SControl 0)
2015-02-11T17:34:45.951518-06:00 c0-0c1s2n1 ata5: failed to resume link (SControl 0)
2015-02-11T17:34:45.951644-06:00 c0-0c1s2n1 ata5: SATA link down (SStatus 0 SControl 0)
2015-02-11T17:34:45.976471-06:00 c0-0c1s2n1 ata7: failed to resume link (SControl 0)
2015-02-11T17:34:45.976589-06:00 c0-0c1s2n1 ata7: SATA link down (SStatus 0 SControl 0)
2015-02-11T17:34:45.976658-06:00 c0-0c1s2n1 ata4: failed to resume link (SControl 0)
2015-02-11T17:34:46.001689-06:00 c0-0c1s2n1 ata4: SATA link down (SStatus 0 SControl 0)
2015-02-11T17:34:50.651310-06:00 c0-0c1s2n1 mlx4_core 0000:02:00.0: 64B EQEs/CQEs supported by the device but not enabled
2015-02-11T17:34:51.329448-06:00 c0-0c1s2n1 mlx4_core: Initializing 0000:03:00.0
2015-02-11T17:34:51.354600-06:00 c0-0c1s2n1 mlx4_core 0000:03:00.0: PCI INT A -> GSI 42 (level, low) -> IRQ 42
2015-02-11T17:34:57.194288-06:00 c0-0c1s2n1 mlx4_core 0000:03:00.0: 64B EQEs/CQEs supported by the device but not enabled
2015-02-11T17:34:57.917597-06:00 c0-0c1s2n1 7[?25l
2015-02-11T17:34:57.917607-06:00 c0-0c1s2n1 [80C[10D[1;32mdone[m8[?25h
2015-02-11T17:34:57.993492-06:00 c0-0c1s2n1 [m[?25hMounting /var from 10.131.255.254. Checking for nid=73 existance.
2015-02-11T17:34:58.145234-06:00 c0-0c1s2n1 7[?25l
2015-02-11T17:34:58.145242-06:00 c0-0c1s2n1 [80C[10D[1;32mdone[m8[?25h
2015-02-11T17:34:58.170695-06:00 c0-0c1s2n1 Mounting tmpfs on /tmp7[?25l
2015-02-11T17:34:58.170703-06:00 c0-0c1s2n1 [80C[10D[1;32mdone[m8[?25h
2015-02-11T17:34:58.195894-06:00 c0-0c1s2n1 Running sysctl using values from /etc/sysctl.conf
2015-02-11T17:34:58.195904-06:00 c0-0c1s2n1 net.ipv4.icmp_echo_ignore_broadcasts = 1
2015-02-11T17:34:58.195909-06:00 c0-0c1s2n1 net.ipv4.conf.all.rp_filter = 1
2015-02-11T17:34:58.195918-06:00 c0-0c1s2n1 fs.inotify.max_user_watches = 65536
2015-02-11T17:34:58.195943-06:00 c0-0c1s2n1 net.ipv4.conf.default.promote_secondaries = 1
2015-02-11T17:34:58.195973-06:00 c0-0c1s2n1 net.ipv4.conf.all.promote_secondaries = 1
2015-02-11T17:34:58.195987-06:00 c0-0c1s2n1 vm.min_free_kbytes = 102400
2015-02-11T17:34:58.196013-06:00 c0-0c1s2n1 7[?25l
2015-02-11T17:34:58.196022-06:00 c0-0c1s2n1 [80C[10D[1;32mdone[m8[?25h
2015-02-11T17:34:58.196083-06:00 c0-0c1s2n1 [m[?25hActivating swap-devices in /etc/fstab...
2015-02-11T17:34:58.221100-06:00 c0-0c1s2n1 7[?25l[1A
2015-02-11T17:34:58.221113-06:00 c0-0c1s2n1 [80C[10D[1;32mdone[m8[?25hroot file system (/) is NOT being checked.
2015-02-11T17:34:58.974037-06:00 c0-0c1s2n1 [m[?25hSet System Time to the current Hardware Clock7[?25l
2015-02-11T17:34:58.974052-06:00 c0-0c1s2n1 [80C[10D[1;32mdone[m8[?25h
2015-02-11T17:34:58.999344-06:00 c0-0c1s2n1 [m[?25hActivating device mapper...
2015-02-11T17:34:59.024450-06:00 c0-0c1s2n1 device-mapper: ioctl: 4.23.0-ioctl (2012-07-25) initialised: dm-devel@redhat.com
2015-02-11T17:34:59.024490-06:00 c0-0c1s2n1 7[?25l
2015-02-11T17:34:59.024496-06:00 c0-0c1s2n1 [80C[10D[1;32mdone[m8[?25h
2015-02-11T17:34:59.049727-06:00 c0-0c1s2n1 [m[?25hLoading required kernel modules
2015-02-11T17:34:59.075042-06:00 c0-0c1s2n1 7[?25l[1A
2015-02-11T17:34:59.075052-06:00 c0-0c1s2n1 [80C[10D[1;32mdone[m8[?25h[m[?25h[m[?25hWaiting for udev to settle...
2015-02-11T17:34:59.113465-06:00 c0-0c1s2n1 Scanning for LVM volume groups...
2015-02-11T17:34:59.138707-06:00 c0-0c1s2n1  Reading all physical volumes.  This may take a while...
2015-02-11T17:34:59.138730-06:00 c0-0c1s2n1  No volume groups found
2015-02-11T17:34:59.138755-06:00 c0-0c1s2n1  No volume groups found
2015-02-11T17:34:59.138785-06:00 c0-0c1s2n1 Activating LVM volume groups...
2015-02-11T17:34:59.138809-06:00 c0-0c1s2n1  PARTIAL MODE. Incomplete logical volumes will be processed.
2015-02-11T17:34:59.138836-06:00 c0-0c1s2n1  No volume groups found
2015-02-11T17:34:59.138860-06:00 c0-0c1s2n1 7[?25l
2015-02-11T17:34:59.138868-06:00 c0-0c1s2n1 [80C[10D[1;32mdone[m8[?25h
2015-02-11T17:34:59.138888-06:00 c0-0c1s2n1 [m[?25hNo fibre channel cards present.  Not waiting for disk devices. 
2015-02-11T17:34:59.240076-06:00 c0-0c1s2n1 [m[?25hChecking file systems...
2015-02-11T17:34:59.240175-06:00 c0-0c1s2n1 fsck from util-linux 2.19.1
2015-02-11T17:34:59.301393-06:00 c0-0c1s2n1 Checking all file systems.
2015-02-11T17:34:59.301429-06:00 c0-0c1s2n1 7[?25l[1A
2015-02-11T17:34:59.301435-06:00 c0-0c1s2n1 [80C[10D[1;32mdone[m8[?25hMounting local file systems...
2015-02-11T17:34:59.341431-06:00 c0-0c1s2n1 nothing was mounted
2015-02-11T17:34:59.568537-06:00 c0-0c1s2n1 7[?25l[1A
2015-02-11T17:34:59.568544-06:00 c0-0c1s2n1 [80C[10D[1;32mdone[m8[?25h[m[?25hCheck if the profiles matches the system7[?25l
2015-02-11T17:34:59.568551-06:00 c0-0c1s2n1 [80C[10D[1;32mdone[m8[?25h
2015-02-11T17:34:59.593799-06:00 c0-0c1s2n1 [m[?25hEnabling monitoring on LVM volume groups...
2015-02-11T17:34:59.618966-06:00 c0-0c1s2n1  No volume groups found
2015-02-11T17:34:59.619013-06:00 c0-0c1s2n1 7[?25l
2015-02-11T17:34:59.619027-06:00 c0-0c1s2n1 [80C[10D[1;32mdone[m8[?25h
2015-02-11T17:34:59.644464-06:00 c0-0c1s2n1 [m[?25h[m[?25h[m[?25h[m[?25h[m[?25hTurning quota on
2015-02-11T17:34:59.669457-06:00 c0-0c1s2n1 Checking quotas. This may take some time.
2015-02-11T17:34:59.669521-06:00 c0-0c1s2n1 7[?25l
2015-02-11T17:34:59.669535-06:00 c0-0c1s2n1 [80C[10D[1;32mdone[m8[?25h
2015-02-11T17:34:59.694730-06:00 c0-0c1s2n1 [m[?25hSetting current sysctl status from /etc/sysctl.conf7[?25l
2015-02-11T17:34:59.694742-06:00 c0-0c1s2n1 [80C[10D[1;32mdone[m8[?25h
2015-02-11T17:34:59.920099-06:00 c0-0c1s2n1 [m[?25hATTENTION: You have modified /etc/resolv.conf.  Leaving it untouched...
2015-02-11T17:34:59.920132-06:00 c0-0c1s2n1 You can find my version in /tmp/resolv.conf.kIYI1p ...
2015-02-11T17:34:59.920145-06:00 c0-0c1s2n1 touch: cannot touch `/etc/yp.conf': Read-only file system
2015-02-11T17:34:59.920177-06:00 c0-0c1s2n1 chmod: cannot access `/etc/yp.conf': No such file or directory
2015-02-11T17:34:59.945260-06:00 c0-0c1s2n1 touch: cannot touch `/etc/yp.conf': Read-only file system
2015-02-11T17:34:59.945362-06:00 c0-0c1s2n1 [m[?25hSystem Boot Control: The system has been 
2015-02-11T17:34:59.945373-06:00 c0-0c1s2n1 [80C[10D[1mset up[m
2015-02-11T17:34:59.945397-06:00 c0-0c1s2n1 Skipped features: [80C[19D[1;33mboot.efivars[m
2015-02-11T17:34:59.945439-06:00 c0-0c1s2n1 System Boot Control: Running /etc/init.d/boot.local
2015-02-11T17:34:59.995796-06:00 c0-0c1s2n1 7[?25l[1A
2015-02-11T17:34:59.995802-06:00 c0-0c1s2n1 [8
2015-02-11T17:34:59.995820-06:00 c0-0c1s2n1 INIT: Entering runlevel: 3
2015-02-11T17:35:00.021007-06:00 c0-0c1s2n1 Master Resource Control: previous runlevel: N, switching to runlevel: 
2015-02-11T17:35:00.021015-06:00 c0-0c1s2n1 [80C[10D[1m3[m
2015-02-11T17:35:00.046175-06:00 c0-0c1s2n1 Starting batchlimitd
2015-02-11T17:35:00.071536-06:00 c0-0c1s2n1 [m[?25hLoading nic compatibility device7[?25l
2015-02-11T17:35:00.071542-06:00 c0-0c1s2n1 [80C[10D[1;32mdone[m8[?25h
2015-02-11T17:35:00.197577-06:00 c0-0c1s2n1 [m[?25hbpmcd_init: Power statistics available in /sys/cray
2015-02-11T17:35:00.273208-06:00 c0-0c1s2n1 [m[?25hStarting D-Bus daemon7[?25l
2015-02-11T17:35:00.273220-06:00 c0-0c1s2n1 [80C[10D[1;32mdone[m8[?25h
2015-02-11T17:35:00.298484-06:00 c0-0c1s2n1 [m[?25hiSCSI Enterprise Target Software - version trunk
2015-02-11T17:35:00.298571-06:00 c0-0c1s2n1 iscsi_trgt: Registered io type fileio
2015-02-11T17:35:00.323779-06:00 c0-0c1s2n1 iscsi_trgt: Registered io type blockio
2015-02-11T17:35:00.323834-06:00 c0-0c1s2n1 iscsi_trgt: Registered io type nullio
2015-02-11T17:35:00.349083-06:00 c0-0c1s2n1 [m[?25hLNet: HW CPU cores: 16, npartitions: 4
2015-02-11T17:35:05.413427-06:00 c0-0c1s2n1 /etc/init.d/rc3.d/S01lnet: line 179: lctl: command not found
2015-02-11T17:35:05.413447-06:00 c0-0c1s2n1 [m[?25hRemoving old kernel packages...
2015-02-11T17:35:05.413460-06:00 c0-0c1s2n1 rm: cannot remove `/boot/do_purge_kernels': Read-only file system
2015-02-11T17:35:05.453432-06:00 c0-0c1s2n1 /sbin/purge-kernels: multiversion.kernels not configured in /etc/zypp/zypp.conf, exiting.
2015-02-11T17:35:05.453469-06:00 c0-0c1s2n1 7[?25l
2015-02-11T17:35:05.453489-06:00 c0-0c1s2n1 [80C[10D[1;32mdone[m8[?25h
2015-02-11T17:35:05.493409-06:00 c0-0c1s2n1 [m[?25hInitializing random number generator7[?25l
2015-02-11T17:35:05.493418-06:00 c0-0c1s2n1 [80C[10D[1;32mdone[m8[?25h
2015-02-11T17:35:06.619042-06:00 c0-0c1s2n1 [m[?25hmlx4_core 0000:03:00.0: PCI INT A disabled
2015-02-11T17:35:07.665235-06:00 c0-0c1s2n1 mlx4_core 0000:02:00.0: PCI INT A disabled
2015-02-11T17:35:07.766253-06:00 c0-0c1s2n1 Compat-rdma backport release: ac916cb
2015-02-11T17:35:07.766293-06:00 c0-0c1s2n1 Backport based on git://git.openfabrics.org/compat-rdma/compat.git 5268562
2015-02-11T17:35:07.791480-06:00 c0-0c1s2n1 compat.git: git://git.openfabrics.org/compat-rdma/compat.git
2015-02-11T17:35:07.791509-06:00 c0-0c1s2n1 mlx4_core: Mellanox ConnectX core driver v1.1 (Dec, 2011)
2015-02-11T17:35:07.791520-06:00 c0-0c1s2n1 mlx4_core: Initializing 0000:02:00.0
2015-02-11T17:35:07.816649-06:00 c0-0c1s2n1 mlx4_core 0000:02:00.0: PCI INT A -> GSI 40 (level, low) -> IRQ 40
2015-02-11T17:35:13.679807-06:00 c0-0c1s2n1 mlx4_core 0000:02:00.0: 64B EQEs/CQEs supported by the device but not enabled
2015-02-11T17:35:14.336678-06:00 c0-0c1s2n1 mlx4_core: Initializing 0000:03:00.0
2015-02-11T17:35:14.361849-06:00 c0-0c1s2n1 mlx4_core 0000:03:00.0: PCI INT A -> GSI 42 (level, low) -> IRQ 42
2015-02-11T17:35:20.241388-06:00 c0-0c1s2n1 mlx4_core 0000:03:00.0: 64B EQEs/CQEs supported by the device but not enabled
2015-02-11T17:35:20.952939-06:00 c0-0c1s2n1 <mlx4_ib> mlx4_ib_add: mlx4_ib: Mellanox ConnectX InfiniBand driver v1.0 (April 4, 2008)
2015-02-11T17:35:21.028654-06:00 c0-0c1s2n1 Loading HCA driver and Access Layer:[60G[  [1;32mOK[0;39m  ]
2015-02-11T17:35:21.028697-06:00 c0-0c1s2n1 Setting up InfiniBand network interfaces:
2015-02-11T17:35:21.028717-06:00 c0-0c1s2n1 Setting up service network . . .[60G[  [0;39mdone[0;39m  ]
2015-02-11T17:35:21.399725-06:00 c0-0c1s2n1 [m[?25hSetting up (localfs) network interfaces:
2015-02-11T17:35:21.534592-06:00 c0-0c1s2n1    lo        
2015-02-11T17:35:21.585121-06:00 c0-0c1s2n1    lo        IP address: 127.0.0.1/8   
2015-02-11T17:35:21.610272-06:00 c0-0c1s2n1              IP address: 127.0.0.2/8   
2015-02-11T17:35:21.750355-06:00 c0-0c1s2n1 7[?25l[1A
2015-02-11T17:35:21.750374-06:00 c0-0c1s2n1 [80C[10D[1;32mdone[m8[?25h    ipogif0   
2015-02-11T17:35:21.775655-06:00 c0-0c1s2n1              No configuration found for ipogif0
2015-02-11T17:35:21.775678-06:00 c0-0c1s2n1 7[?25l[1A
2015-02-11T17:35:21.775696-06:00 c0-0c1s2n1 [80C[10D[1munused[m8[?25hWaiting for mandatory devices:  eth0 
2015-02-11T17:35:51.855071-06:00 c0-0c1s2n1 29 28 27 26 25 24 23 22 21 20 19 18 17 16 15 14 13 12 11 10 9 8 7 6 5 4 3 2 1 0 
2015-02-11T17:35:51.855118-06:00 c0-0c1s2n1    eth0                                No interface found
2015-02-11T17:35:51.881835-06:00 c0-0c1s2n1 7[?25l[1A
2015-02-11T17:35:51.881849-06:00 c0-0c1s2n1 [80C[10D[1;31mfailed[m8[?25hSetting up service (localfs) network  .  .  .  .  .  .  .  .  .  .7[?25l
2015-02-11T17:35:51.881855-06:00 c0-0c1s2n1 [80C[10D[1;31mfailed[m8[?25h
2015-02-11T17:35:51.907131-06:00 c0-0c1s2n1 [m[?25hCould not start BND as this is not the boot node.
2015-02-11T17:35:51.907164-06:00 c0-0c1s2n1 bootnodes are: 1 1 
2015-02-11T17:35:51.907174-06:00 c0-0c1s2n1 mynid=73
2015-02-11T17:35:51.947121-06:00 c0-0c1s2n1 [m[?25hS04cray-config-service: Mounting 9p configuration directory. 
2015-02-11T17:35:52.955097-06:00 c0-0c1s2n1 S04cray-config-service:   Success.  
2015-02-11T17:35:53.030410-06:00 c0-0c1s2n1 [m[?25h[m[?25hStarting hw_info_init on 73
2015-02-11T17:35:53.030449-06:00 c0-0c1s2n1 bootnodes are: 1 1 
2015-02-11T17:35:53.030470-06:00 c0-0c1s2n1 mynid=73
2015-02-11T17:35:53.516844-06:00 c0-0c1s2n1 [m[?25h[m[?25h 
2015-02-11T17:35:53.516862-06:00 c0-0c1s2n1 cray-syslog: **WARNING**  /etc/security/limits.conf MAY require hard and soft file limits 
2015-02-11T17:35:53.542071-06:00 c0-0c1s2n1 cray-syslog:              greater or equal to 8192 for proper LLM operation 
2015-02-11T17:35:53.542101-06:00 c0-0c1s2n1 cray-syslog:              when large number of jobs are launched concurrently.
2015-02-11T17:35:53.542133-06:00 c0-0c1s2n1 cray-syslog:              If you have failures running large number of concurrent jobs,
2015-02-11T17:35:53.542149-06:00 c0-0c1s2n1 cray-syslog:              you may wish to update the hard and soft nofile entries in 
2015-02-11T17:35:53.542190-06:00 c0-0c1s2n1 cray-syslog:              limits.conf as follows.
2015-02-11T17:35:53.542203-06:00 c0-0c1s2n1 
2015-02-11T17:35:53.542226-06:00 c0-0c1s2n1 cray-syslog: /etc/security/limits.conf: 
2015-02-11T17:35:53.542241-06:00 c0-0c1s2n1 cray-syslog: *  soft  nofile  8192
2015-02-11T17:35:53.582350-06:00 c0-0c1s2n1 cray-syslog: *  hard  nofile  8192
2015-02-11T17:35:53.582393-06:00 c0-0c1s2n1 
2015-02-11T17:35:54.525043-06:00 c0-0c1s2n1 cray-syslog: rsyslogd started as process 7072.
2015-02-11T17:35:55.538431-06:00 c0-0c1s2n1 cray-syslog: llmrd started as process  7085.
2015-02-11T17:35:55.607504-06:00 c0-0c1s2n1 [m[?25h[m[?25hStarting auditd startproc:  exit status of parent of /sbin/auditd: 6
2015-02-11T17:35:55.632717-06:00 c0-0c1s2n1 7[?25l
2015-02-11T17:35:55.632731-06:00 c0-0c1s2n1 [80C[10D[1;32mdone[m8[?25h
2015-02-11T17:35:55.715661-06:00 c0-0c1s2n1 [m[?25hStarting haveged daemon 7[?25l
2015-02-11T17:35:55.715680-06:00 c0-0c1s2n1 [80C[10D[1;32mdone[m8[?25h
2015-02-11T17:35:55.746133-06:00 c0-0c1s2n1 [m[?25hStarting rpcbind 7[?25l
2015-02-11T17:35:55.746154-06:00 c0-0c1s2n1 [80C[10D[1;32mdone[m8[?25h
2015-02-11T17:35:55.771419-06:00 c0-0c1s2n1 [m[?25hbootnodes are: 1 1 
2015-02-11T17:35:55.796645-06:00 c0-0c1s2n1 mynid=73
2015-02-11T17:35:55.949384-06:00 c0-0c1s2n1 [m[?25hStarting NFS client services: sm-notify idmapd7[?25l
2015-02-11T17:35:55.949395-06:00 c0-0c1s2n1 [80C[10D[1;32mdone[m8[?25h
2015-02-11T17:35:55.989415-06:00 c0-0c1s2n1 [m[?25hStarting DVS service: DVS: Revision 1873 - Built: Sep 17 2014 @ 06:40:29 for lnet version 2.5
2015-02-11T17:35:56.024363-06:00 c0-0c1s2n1 Lustre: kgnilnd build version: 2.5-trunk-1.0502.17198.8.51-abuild-RB-5.2UP02_2.5.1-2014-09-17-06:59
2015-02-11T17:35:56.103659-06:00 c0-0c1s2n1 LNet: Added LNI 73@gni [16/512/0/0]
2015-02-11T17:35:57.122115-06:00 c0-0c1s2n1 7[?25l
2015-02-11T17:35:57.122137-06:00 c0-0c1s2n1 [80C[10D[1;32mdone[m8[?25h
2015-02-11T17:35:57.161982-06:00 c0-0c1s2n1 [m[?25hStarting java.binfmt_misc 7[?25l
2015-02-11T17:35:57.161998-06:00 c0-0c1s2n1 [80C[10D[1;32mdone[m8[?25h
2015-02-11T17:35:57.208528-06:00 c0-0c1s2n1 [m[?25hStarting mcelog... 7[?25l
2015-02-11T17:35:57.208547-06:00 c0-0c1s2n1 [80C[10D[1;32mdone[m8[?25h
2015-02-11T17:35:57.371164-06:00 c0-0c1s2n1 [m[?25hSetting up (remotefs) network interfaces:
2015-02-11T17:35:57.492580-06:00 c0-0c1s2n1    sit0      
2015-02-11T17:35:57.517824-06:00 c0-0c1s2n1              No configuration found for sit0
2015-02-11T17:35:57.557474-06:00 c0-0c1s2n1 7[?25l[1A
2015-02-11T17:35:57.557487-06:00 c0-0c1s2n1 [80C[10D[1munused[m8[?25hSetting up service (remotefs) network  .  .  .  .  .  .  .  .  .  .7[?25l
2015-02-11T17:35:57.557493-06:00 c0-0c1s2n1 [80C[10D[1;32mdone[m8[?25h
2015-02-11T17:35:57.582828-06:00 c0-0c1s2n1 [80C[10D[1;32mdone[m8[?25h
2015-02-11T17:35:57.621040-06:00 c0-0c1s2n1 [m[?25hsdbnodes are: 137 137 
2015-02-11T17:35:57.646250-06:00 c0-0c1s2n1 mynid=73
2015-02-11T17:35:57.675272-06:00 c0-0c1s2n1 [m[?25hStarting network time protocol daemon (NTPD)7[?25l
2015-02-11T17:35:57.675284-06:00 c0-0c1s2n1 [80C[10D[1;32mdone[m8[?25h
2015-02-11T17:35:57.745474-06:00 c0-0c1s2n1 [m[?25hStarting MUNGE: munged7[?25l
2015-02-11T17:35:57.745489-06:00 c0-0c1s2n1 [80C[10D[1;32mdone[m8[?25h
2015-02-11T17:35:57.823208-06:00 c0-0c1s2n1 [m[?25h[m[?25h[m[?25hStarting Name Service Cache Daemon7[?25l
2015-02-11T17:35:57.823219-06:00 c0-0c1s2n1 [80C[10D[1;32mdone[m8[?25h
2015-02-11T17:35:57.823247-06:00 c0-0c1s2n1 [m[?25hEnabling Linux Jobs
2015-02-11T17:35:57.861400-06:00 c0-0c1s2n1 [m[?25hStarting alps services
2015-02-11T17:35:58.410606-06:00 c0-0c1s2n1 Starting apsys
2015-02-11T17:35:59.183297-06:00 c0-0c1s2n1 2015-02-11 17:35:52: Switching pid 7849 to /var//opt/cray/alps/log/apsys20150211
2015-02-11T17:35:59.183320-06:00 c0-0c1s2n1 7[?25l
2015-02-11T17:35:59.183347-06:00 c0-0c1s2n1 [80C[10D[1;32mdone[<node_health> Starting node_health_recovery
2015-02-11T17:35:59.183356-06:00 c0-0c1s2n1 m8[?25h
2015-02-11T17:35:59.226408-06:00 c0-0c1s2n1 [m[?25h[m[?25hsdbnodes are: 137 137 
2015-02-11T17:35:59.226453-06:00 c0-0c1s2n1 mynid=73
2015-02-11T17:35:59.226538-06:00 c0-0c1s2n1 [m[?25hblogd: no message logging because /var file system is not accessible
2015-02-11T17:35:59.226634-06:00 c0-0c1s2n1 Boot event: Starting
2015-02-11T17:35:59.226710-06:00 c0-0c1s2n1 Sending ec_node_info with boot code 8 (NODE_INFO_OS_BOOT_SUCCEEDED) for nid 73
2015-02-11T17:35:59.254152-06:00 c0-0c1s2n1 [m[?25hMaster Resource Control: runlevel 3 has been 
2015-02-11T17:35:59.254163-06:00 c0-0c1s2n1 [80C[10D[1mreached[m
2015-02-11T17:35:59.254187-06:00 c0-0c1s2n1 Failed services in runlevel 3: [80C[19D[1;31mlnet network[m
2015-02-11T17:35:59.296888-06:00 c0-0c1s2n1 INIT: no more processes left in this runlevel
2015-02-12T14:34:25.349669-06:00 c0-0c1s2n1 INIT: Switching to runlevel: 0
2015-02-12T14:34:25.418236-06:00 c0-0c1s2n1 Boot logging started on /dev/ttyS0((no tty)) at Thu Feb 12 14:34:25 2015
2015-02-12T14:34:25.443465-06:00 c0-0c1s2n1 Master Resource Control: previous runlevel: 3, switching to runlevel: 
2015-02-12T14:34:25.443477-06:00 c0-0c1s2n1 [80C[10D[1m0[m
2015-02-12T14:34:25.443488-06:00 c0-0c1s2n1 sdbnodes are: 137 137 
2015-02-12T14:34:25.443510-06:00 c0-0c1s2n1 mynid=73
2015-02-12T14:34:25.468661-06:00 c0-0c1s2n1 [m[?25hBoot event: Nothing to stop.
2015-02-12T14:34:25.495680-06:00 c0-0c1s2n1 [m[?25hShutting down auditd 7[?25l
2015-02-12T14:34:25.495690-06:00 c0-0c1s2n1 [80C[10D[1;32mdone[m8[?25h
2015-02-12T14:34:25.520902-06:00 c0-0c1s2n1 [m[?25hStopping batchlimitd
2015-02-12T14:34:25.546140-06:00 c0-0c1s2n1 [m[?25hCould not start BND as this is not the boot node.
2015-02-12T14:34:25.546154-06:00 c0-0c1s2n1 bootnodes are: 1 1 
2015-02-12T14:34:25.546168-06:00 c0-0c1s2n1 mynid=73
2015-02-12T14:34:25.571352-06:00 c0-0c1s2n1 [m[?25hK02cray-config-service: Unmounting the configuration directory. 
2015-02-12T14:34:26.577990-06:00 c0-0c1s2n1 K02cray-config-service:   Success.  
2015-02-12T14:34:26.613228-06:00 c0-0c1s2n1 [m[?25hUnloading nic compatibility device7[?25l
2015-02-12T14:34:26.613237-06:00 c0-0c1s2n1 [80C[10D[1;32mdone[m8[?25h
2015-02-12T14:34:26.613246-06:00 c0-0c1s2n1 [m[?25hbpmcd_exit: No local access to power statistics
2015-02-12T14:34:29.173520-06:00 c0-0c1s2n1 [m[?25hStopping DVS service: LNet: 7228:0:(gnilnd.c:761:kgnilnd_complete_closed_conn()) Closed conn 0xffff88100b000000->2@gni (errno -108, peer errno 0): canceled 1 TX, 0/0 RDMA
2015-02-12T14:34:31.759033-06:00 c0-0c1s2n1 LNet: Removed LNI 73@gni
2015-02-12T14:34:33.715099-06:00 c0-0c1s2n1 7[?25l
2015-02-12T14:34:33.715107-06:00 c0-0c1s2n1 [80C[10D[1;32mdone[m8[?25h
2015-02-12T14:34:33.790818-06:00 c0-0c1s2n1 [m[?25hShutting down haveged daemon 7[?25l
2015-02-12T14:34:33.790835-06:00 c0-0c1s2n1 [80C[10D[1;32mdone[m8[?25h
2015-02-12T14:34:33.815985-06:00 c0-0c1s2n1 [m[?25hStarting hw_info_init on 73
2015-02-12T14:34:33.841191-06:00 c0-0c1s2n1 bootnodes are: 1 1 
2015-02-12T14:34:33.841213-06:00 c0-0c1s2n1 mynid=73
2015-02-12T14:34:33.866422-06:00 c0-0c1s2n1 [m[?25h[m[?25hShutting down java.binfmt_misc 7[?25l
2015-02-12T14:34:33.866430-06:00 c0-0c1s2n1 [80C[10D[1;32mdone[m8[?25h
2015-02-12T14:34:38.898648-06:00 c0-0c1s2n1 [m[?25hERROR: Module lnet has non-zero reference count.
2015-02-12T14:34:39.002643-06:00 c0-0c1s2n1 [m[?25hShutting down mcelog... 7[?25l
2015-02-12T14:34:39.002659-06:00 c0-0c1s2n1 [80C[10D[1;32mdone[m8[?25h
2015-02-12T14:34:39.079869-06:00 c0-0c1s2n1 [m[?25hStopping MUNGE: munged7[?25l
2015-02-12T14:34:39.079883-06:00 c0-0c1s2n1 [80C[10D[1;32mdone[m8[?25h
2015-02-12T14:34:39.105060-06:00 c0-0c1s2n1 [m[?25h<node_health> Stopping node_health_recovery
2015-02-12T14:34:39.105072-06:00 c0-0c1s2n1 node_health_recovery: no process found
2015-02-12T14:34:39.609434-06:00 c0-0c1s2n1 [m[?25hShutting down Name Service Cache Daemon7[?25l
2015-02-12T14:34:39.609458-06:00 c0-0c1s2n1 [80C[10D[1;32mdone[m8[?25h
2015-02-12T14:34:39.673434-06:00 c0-0c1s2n1 [m[?25h[m[?25h[m[?25h[m[?25hbootnodes are: 1 1 
2015-02-12T14:34:39.698577-06:00 c0-0c1s2n1 mynid=73
2015-02-12T14:34:39.698663-06:00 c0-0c1s2n1 [m[?25hShutting down alps services
2015-02-12T14:34:40.221456-06:00 c0-0c1s2n1 Terminating apsys
2015-02-12T14:34:40.712008-06:00 c0-0c1s2n1 7[?25l
2015-02-12T14:34:40.712019-06:00 c0-0c1s2n1 [80C[10D[1;32mdone[m8[?25h
2015-02-12T14:34:40.737183-06:00 c0-0c1s2n1 [m[?25hNOT Disabling ipogif0
2015-02-12T14:34:40.939001-06:00 c0-0c1s2n1 [m[?25hSaving random seed7[?25l
2015-02-12T14:34:40.939010-06:00 c0-0c1s2n1 [80C[10D[1;32mdone[m8[?25h
2015-02-12T14:34:40.939022-06:00 c0-0c1s2n1 [m[?25h[m[?25hDisabling Linux Jobs
2015-02-12T14:34:40.939027-06:00 c0-0c1s2n1 No new jobs will be created. If Linux Jobs support was loaded
2015-02-12T14:34:40.939033-06:00 c0-0c1s2n1 as a kernel module, you can unload the module once the number of
2015-02-12T14:34:40.939046-06:00 c0-0c1s2n1 running jobs is 0 (zero).  Use the lsmod command to find if job
2015-02-12T14:34:40.939067-06:00 c0-0c1s2n1 module is loaded and the rmmod command to unload it once the
2015-02-12T14:34:40.939088-06:00 c0-0c1s2n1 used-count is 0. The jstat command can be used
2015-02-12T14:34:40.939095-06:00 c0-0c1s2n1 to determine what jobs are currently running.
2015-02-12T14:34:40.939109-06:00 c0-0c1s2n1 jsethid illegal parameter: 0xffffffff
2015-02-12T14:34:40.939116-06:00 c0-0c1s2n1 [m[?25hsdbnodes are: 137 137 
2015-02-12T14:34:40.939127-06:00 c0-0c1s2n1 mynid=73
2015-02-12T14:34:40.939145-06:00 c0-0c1s2n1 [80C[10D[1;32mdone[m8[?25h
2015-02-12T14:34:40.939150-06:00 c0-0c1s2n1 [m[?25hShutting down network time protocol daemon (NTPD)7[?25l
2015-02-12T14:34:40.939156-06:00 c0-0c1s2n1 [80C[10D[1;32mdone[m8[?25h
2015-02-12T14:34:41.090373-06:00 c0-0c1s2n1 [m[?25hShutting down (remotefs) network interfaces:
2015-02-12T14:34:41.115646-06:00 c0-0c1s2n1    sit0      
2015-02-12T14:34:41.140842-06:00 c0-0c1s2n1              No configuration found for sit0 
2015-02-12T14:34:41.140877-06:00 c0-0c1s2n1              Nevertheless the interface will be shut down.
2015-02-12T14:34:41.662815-06:00 c0-0c1s2n1 7[?25l[1A
2015-02-12T14:34:41.662824-06:00 c0-0c1s2n1 [80C[10D[1;32mdone[m8[?25hShutting down service (remotefs) network  .  .  .  .  .  .  .  .  .7[?25l
2015-02-12T14:34:41.662829-06:00 c0-0c1s2n1 [80C[10D[1;32mdone[m8[?25h
2015-02-12T14:34:41.662909-06:00 c0-0c1s2n1 [m[?25hShutting down NFS client services: root filesystem is on NFS
2015-02-12T14:34:41.662917-06:00 c0-0c1s2n1 [80C[10D[1;33mskipped[m
2015-02-12T14:34:41.763759-06:00 c0-0c1s2n1 [m[?25hShutting down rpcbind 7[?25l
2015-02-12T14:34:41.763768-06:00 c0-0c1s2n1 [80C[10D[1;32mdone[m8[?25h
2015-02-12T14:35:12.892149-06:00 c0-0c1s2n1 [m[?25hcray-syslog: Sent shutdown to llmrd at process  7085..nfs: server 10.131.255.254 not responding, still trying
2015-02-12T15:28:36.738815-06:00 c0-0c1s2n1 ERROR: Type:2; Severity:80; Class:3; Subclass:D; Operation: 2
2015-02-12T15:37:08.052953-06:00 c0-0c1s2n1 Wait4Boot: WRITE: 533 bytes to memory @ 0x90CD0 ... complete
2015-02-12T15:37:08.052960-06:00 c0-0c1s2n1 Wait4Boot: Blade Controller Boot Protocol version - 1
2015-02-12T15:37:08.077602-06:00 c0-0c1s2n1 Wait4Boot: JUMP: KernelStart 0x100000, boot_params 0x90000, CmdLineAddr 0x90CD0
2015-02-12T15:37:08.205019-06:00 c0-0c1s2n1 Decompressing Linux... Parsing ELF... done.
2015-02-12T15:37:08.205182-06:00 c0-0c1s2n1 Booting the kernel.
2015-02-12T15:37:08.230386-06:00 c0-0c1s2n1 Initializing cgroup subsys cpuset
2015-02-12T15:37:08.230529-06:00 c0-0c1s2n1 Initializing cgroup subsys cpu
2015-02-12T15:37:08.255727-06:00 c0-0c1s2n1 Linux version 3.0.101-0.31.1_1.0502.8394-cray_ari_s (abuild@cfosbld05) (gcc version 4.3.4 [gcc-4_3-branch revision 152973] (SUSE Linux) ) #1 SMP Wed Sep 10 04:03:41 UTC 2014
2015-02-12T15:37:08.332928-06:00 c0-0c1s2n1 Command line: earlyprintk=serial,115200 load_ramdisk=1 ramdisk_size=80000 console=ttyS0,115200n8 bootnodeip=10.131.255.254 bootproto=ipog bootpath=/rr/current rootfs=nfs-shared root=/dev/disk/by-id/scsi-3600a09800063789e0000008b54c3a04c-part1 oops=panic bootifnetmask=255.252.0.0 elevator=noop ippob1=10 ippob2=128 pcie_ports=native iommu=on intel_iommu=off bad_page=panic pln_enable=off apei_disable hest_disable erst_disable ghes_disable cgroup_disable=memory active_wlm=ALPS sdbnodeip=10.131.255.253 sessionid=p0-20150212t152812 _cray=marker_ 
2015-02-12T15:37:08.332956-06:00 c0-0c1s2n1 KERNEL supported cpus:
2015-02-12T15:37:08.333044-06:00 c0-0c1s2n1  Intel GenuineIntel
2015-02-12T15:37:08.333177-06:00 c0-0c1s2n1 BIOS-provided physical RAM map:
2015-02-12T15:37:08.372909-06:00 c0-0c1s2n1 BIOS-e820: 0000000000000000 - 00000000000a0000 (usable)
2015-02-12T15:37:08.373198-06:00 c0-0c1s2n1 BIOS-e820: 0000000000100000 - 000000007e67c000 (usable)
2015-02-12T15:37:08.381769-06:00 c0-0c1s2n1 BIOS-e820: 000000007e67c000 - 000000007e790000 (ACPI NVS)
2015-02-12T15:37:08.381980-06:00 c0-0c1s2n1 BIOS-e820: 000000007e790000 - 000000007f395000 (reserved)
2015-02-12T15:37:08.420101-06:00 c0-0c1s2n1 BIOS-e820: 000000007f395000 - 000000007f410000 (ACPI data)
2015-02-12T15:37:08.420303-06:00 c0-0c1s2n1 BIOS-e820: 000000007f410000 - 000000007f491000 (reserved)
2015-02-12T15:37:08.420476-06:00 c0-0c1s2n1 BIOS-e820: 000000007f491000 - 000000007f493000 (usable)
2015-02-12T15:37:08.420678-06:00 c0-0c1s2n1 BIOS-e820: 000000007f493000 - 000000007f494000 (ACPI NVS)
2015-02-12T15:37:08.460491-06:00 c0-0c1s2n1 BIOS-e820: 000000007f494000 - 000000007f49e000 (reserved)
2015-02-12T15:37:08.460762-06:00 c0-0c1s2n1 BIOS-e820: 000000007f49e000 - 000000007f4a6000 (ACPI NVS)
2015-02-12T15:37:08.460984-06:00 c0-0c1s2n1 BIOS-e820: 000000007f4a6000 - 000000007f4d2000 (reserved)
2015-02-12T15:37:08.461247-06:00 c0-0c1s2n1 BIOS-e820: 000000007f4d2000 - 000000007f558000 (ACPI NVS)
2015-02-12T15:37:08.461438-06:00 c0-0c1s2n1 BIOS-e820: 000000007f558000 - 000000007f800000 (usable)
2015-02-12T15:37:08.461645-06:00 c0-0c1s2n1 BIOS-e820: 0000000080000000 - 0000000090000000 (reserved)
2015-02-12T15:37:08.500353-06:00 c0-0c1s2n1 BIOS-e820: 00000000fed1c000 - 00000000fed20000 (reserved)
2015-02-12T15:37:08.500581-06:00 c0-0c1s2n1 BIOS-e820: 00000000ff000000 - 0000000100000000 (reserved)
2015-02-12T15:37:08.500749-06:00 c0-0c1s2n1 BIOS-e820: 0000000100000000 - 0000001080000000 (usable)
2015-02-12T15:37:08.508006-06:00 c0-0c1s2n1 bootconsole [earlyser0] enabled
2015-02-12T15:37:08.508203-06:00 c0-0c1s2n1 NX (Execute Disable) protection: active
2015-02-12T15:37:08.508434-06:00 c0-0c1s2n1 EFI v2.10 by American Megatrends
2015-02-12T15:37:08.508868-06:00 c0-0c1s2n1 ACPI=0x7f395000  ACPI 2.0=0x7f395000  SMBIOS=0xf04c0  MPS=0xfd450 
2015-02-12T15:37:08.533492-06:00 c0-0c1s2n1 EFI: mem00: type=3, attr=0xf, range=[0x0000000000000000-0x0000000000008000) (0MB)
2015-02-12T15:37:08.533774-06:00 c0-0c1s2n1 EFI: mem01: type=7, attr=0xf, range=[0x0000000000008000-0x0000000000060000) (0MB)
2015-02-12T15:37:08.558651-06:00 c0-0c1s2n1 EFI: mem02: type=3, attr=0xf, range=[0x0000000000060000-0x00000000000a0000) (0MB)
2015-02-12T15:37:08.558873-06:00 c0-0c1s2n1 EFI: mem03: type=7, attr=0xf, range=[0x0000000000100000-0x0000000001000000) (15MB)
2015-02-12T15:37:08.583807-06:00 c0-0c1s2n1 EFI: mem04: type=2, attr=0xf, range=[0x0000000001000000-0x0000000001100000) (1MB)
2015-02-12T15:37:08.584104-06:00 c0-0c1s2n1 EFI: mem05: type=4, attr=0xf, range=[0x0000000001100000-0x00000000017ea000) (6MB)
2015-02-12T15:37:08.608958-06:00 c0-0c1s2n1 EFI: mem06: type=3, attr=0xf, range=[0x00000000017ea000-0x00000000017ee000) (0MB)
2015-02-12T15:37:08.609286-06:00 c0-0c1s2n1 EFI: mem07: type=4, attr=0xf, range=[0x00000000017ee000-0x0000000001886000) (0MB)
2015-02-12T15:37:08.634130-06:00 c0-0c1s2n1 EFI: mem08: type=3, attr=0xf, range=[0x0000000001886000-0x000000000188f000) (0MB)
2015-02-12T15:37:08.634450-06:00 c0-0c1s2n1 EFI: mem09: type=4, attr=0xf, range=[0x000000000188f000-0x0000000001892000) (0MB)
2015-02-12T15:37:08.659544-06:00 c0-0c1s2n1 EFI: mem10: type=3, attr=0xf, range=[0x0000000001892000-0x000000000189e000) (0MB)
2015-02-12T15:37:08.659825-06:00 c0-0c1s2n1 EFI: mem11: type=4, attr=0xf, range=[0x000000000189e000-0x00000000018a9000) (0MB)
2015-02-12T15:37:08.684816-06:00 c0-0c1s2n1 EFI: mem12: type=3, attr=0xf, range=[0x00000000018a9000-0x00000000018ab000) (0MB)
2015-02-12T15:37:08.685043-06:00 c0-0c1s2n1 EFI: mem13: type=4, attr=0xf, range=[0x00000000018ab000-0x00000000018ad000) (0MB)
2015-02-12T15:37:08.724435-06:00 c0-0c1s2n1 EFI: mem14: type=3, attr=0xf, range=[0x00000000018ad000-0x00000000018af000) (0MB)
2015-02-12T15:37:08.724628-06:00 c0-0c1s2n1 EFI: mem15: type=4, attr=0xf, range=[0x00000000018af000-0x00000000018b7000) (0MB)
2015-02-12T15:37:08.764487-06:00 c0-0c1s2n1 EFI: mem16: type=3, attr=0xf, range=[0x00000000018b7000-0x00000000018bb000) (0MB)
2015-02-12T15:37:08.764734-06:00 c0-0c1s2n1 EFI: mem17: type=4, attr=0xf, range=[0x00000000018bb000-0x00000000018bd000) (0MB)
2015-02-12T15:37:08.764976-06:00 c0-0c1s2n1 EFI: mem18: type=3, attr=0xf, range=[0x00000000018bd000-0x00000000018bf000) (0MB)
2015-02-12T15:37:08.765230-06:00 c0-0c1s2n1 EFI: mem19: type=4, attr=0xf, range=[0x00000000018bf000-0x00000000018d1000) (0MB)
2015-02-12T15:37:08.804365-06:00 c0-0c1s2n1 EFI: mem20: type=3, attr=0xf, range=[0x00000000018d1000-0x00000000018d7000) (0MB)
2015-02-12T15:37:08.804658-06:00 c0-0c1s2n1 EFI: mem21: type=4, attr=0xf, range=[0x00000000018d7000-0x00000000018f9000) (0MB)
2015-02-12T15:37:08.811062-06:00 c0-0c1s2n1 EFI: mem22: type=3, attr=0xf, range=[0x00000000018f9000-0x0000000001908000) (0MB)
2015-02-12T15:37:08.848383-06:00 c0-0c1s2n1 EFI: mem23: type=4, attr=0xf, range=[0x0000000001908000-0x0000000001921000) (0MB)
2015-02-12T15:37:08.848641-06:00 c0-0c1s2n1 EFI: mem24: type=3, attr=0xf, range=[0x0000000001921000-0x000000000192b000) (0MB)
2015-02-12T15:37:08.848892-06:00 c0-0c1s2n1 EFI: mem25: type=4, attr=0xf, range=[0x000000000192b000-0x0000000001933000) (0MB)
2015-02-12T15:37:08.849162-06:00 c0-0c1s2n1 EFI: mem26: type=3, attr=0xf, range=[0x0000000001933000-0x0000000001936000) (0MB)
2015-02-12T15:37:08.888623-06:00 c0-0c1s2n1 EFI: mem27: type=4, attr=0xf, range=[0x0000000001936000-0x000000000193b000) (0MB)
2015-02-12T15:37:08.888861-06:00 c0-0c1s2n1 EFI: mem28: type=3, attr=0xf, range=[0x000000000193b000-0x000000000193e000) (0MB)
2015-02-12T15:37:08.889139-06:00 c0-0c1s2n1 EFI: mem29: type=4, attr=0xf, range=[0x000000000193e000-0x0000000001964000) (0MB)
2015-02-12T15:37:08.928364-06:00 c0-0c1s2n1 EFI: mem30: type=3, attr=0xf, range=[0x0000000001964000-0x0000000001968000) (0MB)
2015-02-12T15:37:08.928660-06:00 c0-0c1s2n1 EFI: mem31: type=4, attr=0xf, range=[0x0000000001968000-0x000000000198a000) (0MB)
2015-02-12T15:37:08.937283-06:00 c0-0c1s2n1 EFI: mem32: type=3, attr=0xf, range=[0x000000000198a000-0x00000000019b0000) (0MB)
2015-02-12T15:37:08.937578-06:00 c0-0c1s2n1 EFI: mem33: type=4, attr=0xf, range=[0x00000000019b0000-0x00000000019be000) (0MB)
2015-02-12T15:37:08.962462-06:00 c0-0c1s2n1 EFI: mem34: type=3, attr=0xf, range=[0x00000000019be000-0x00000000019ce000) (0MB)
2015-02-12T15:37:08.962753-06:00 c0-0c1s2n1 EFI: mem35: type=4, attr=0xf, range=[0x00000000019ce000-0x00000000019d0000) (0MB)
2015-02-12T15:37:08.962916-06:00 c0-0c1s2n1 EFI: mem36: type=3, attr=0xf, range=[0x00000000019d0000-0x00000000019d7000) (0MB)
2015-02-12T15:37:08.988042-06:00 c0-0c1s2n1 EFI: mem37: type=4, attr=0xf, range=[0x00000000019d7000-0x00000000019e1000) (0MB)
2015-02-12T15:37:08.988274-06:00 c0-0c1s2n1 EFI: mem38: type=3, attr=0xf, range=[0x00000000019e1000-0x00000000019e5000) (0MB)
2015-02-12T15:37:09.013250-06:00 c0-0c1s2n1 EFI: mem39: type=4, attr=0xf, range=[0x00000000019e5000-0x0000000001a02000) (0MB)
2015-02-12T15:37:09.052536-06:00 c0-0c1s2n1 EFI: mem40: type=3, attr=0xf, range=[0x0000000001a02000-0x0000000001a06000) (0MB)
2015-02-12T15:37:09.052782-06:00 c0-0c1s2n1 EFI: mem41: type=4, attr=0xf, range=[0x0000000001a06000-0x0000000001a0a000) (0MB)
2015-02-12T15:37:09.053040-06:00 c0-0c1s2n1 EFI: mem42: type=3, attr=0xf, range=[0x0000000001a0a000-0x0000000001a1e000) (0MB)
2015-02-12T15:37:09.092517-06:00 c0-0c1s2n1 EFI: mem43: type=4, attr=0xf, range=[0x0000000001a1e000-0x0000000001a22000) (0MB)
2015-02-12T15:37:09.092773-06:00 c0-0c1s2n1 EFI: mem44: type=3, attr=0xf, range=[0x0000000001a22000-0x0000000001a26000) (0MB)
2015-02-12T15:37:09.093022-06:00 c0-0c1s2n1 EFI: mem45: type=4, attr=0xf, range=[0x0000000001a26000-0x0000000001a34000) (0MB)
2015-02-12T15:37:09.093304-06:00 c0-0c1s2n1 EFI: mem46: type=3, attr=0xf, range=[0x0000000001a34000-0x0000000001a3b000) (0MB)
2015-02-12T15:37:09.132457-06:00 c0-0c1s2n1 EFI: mem47: type=4, attr=0xf, range=[0x0000000001a3b000-0x0000000001a42000) (0MB)
2015-02-12T15:37:09.139227-06:00 c0-0c1s2n1 EFI: mem48: type=3, attr=0xf, range=[0x0000000001a42000-0x0000000001a4a000) (0MB)
2015-02-12T15:37:09.139539-06:00 c0-0c1s2n1 EFI: mem49: type=4, attr=0xf, range=[0x0000000001a4a000-0x0000000001a4b000) (0MB)
2015-02-12T15:37:09.176481-06:00 c0-0c1s2n1 EFI: mem50: type=3, attr=0xf, range=[0x0000000001a4b000-0x0000000001a4d000) (0MB)
2015-02-12T15:37:09.176719-06:00 c0-0c1s2n1 EFI: mem51: type=4, attr=0xf, range=[0x0000000001a4d000-0x0000000001a52000) (0MB)
2015-02-12T15:37:09.176996-06:00 c0-0c1s2n1 EFI: mem52: type=3, attr=0xf, range=[0x0000000001a52000-0x0000000001a69000) (0MB)
2015-02-12T15:37:09.216424-06:00 c0-0c1s2n1 EFI: mem53: type=4, attr=0xf, range=[0x0000000001a69000-0x0000000001a6f000) (0MB)
2015-02-12T15:37:09.216689-06:00 c0-0c1s2n1 EFI: mem54: type=3, attr=0xf, range=[0x0000000001a6f000-0x0000000001a70000) (0MB)
2015-02-12T15:37:09.216950-06:00 c0-0c1s2n1 EFI: mem55: type=4, attr=0xf, range=[0x0000000001a70000-0x0000000001a71000) (0MB)
2015-02-12T15:37:09.217226-06:00 c0-0c1s2n1 EFI: mem56: type=3, attr=0xf, range=[0x0000000001a71000-0x0000000001a79000) (0MB)
2015-02-12T15:37:09.256358-06:00 c0-0c1s2n1 EFI: mem57: type=4, attr=0xf, range=[0x0000000001a79000-0x0000000001a7a000) (0MB)
2015-02-12T15:37:09.256615-06:00 c0-0c1s2n1 EFI: mem58: type=3, attr=0xf, range=[0x0000000001a7a000-0x0000000001a83000) (0MB)
2015-02-12T15:37:09.256884-06:00 c0-0c1s2n1 EFI: mem59: type=4, attr=0xf, range=[0x0000000001a83000-0x0000000001a85000) (0MB)
