2015-02-11T17:25:58.437466-06:00 c0-0c2s1n2 ERROR: Type:2; Severity:80; Class:3; Subclass:D; Operation: 2
2015-02-11T17:34:33.079612-06:00 c0-0c2s1n2 Wait4Boot: WRITE: 533 bytes to memory @ 0x90CD0 ... complete
2015-02-11T17:34:33.104340-06:00 c0-0c2s1n2 Wait4Boot: Blade Controller Boot Protocol version - 1
2015-02-11T17:34:33.129698-06:00 c0-0c2s1n2 Wait4Boot: JUMP: KernelStart 0x100000, boot_params 0x90000, CmdLineAddr 0x90CD0
2015-02-11T17:34:33.259014-06:00 c0-0c2s1n2 Decompressing Linux... Parsing ELF... done.
2015-02-11T17:34:33.259074-06:00 c0-0c2s1n2 Booting the kernel.
2015-02-11T17:34:33.259132-06:00 c0-0c2s1n2 Initializing cgroup subsys cpuset
2015-02-11T17:34:33.284003-06:00 c0-0c2s1n2 Initializing cgroup subsys cpu
2015-02-11T17:34:33.309197-06:00 c0-0c2s1n2 Linux version 3.0.101-0.31.1_1.0502.8394-cray_ari_s (abuild@cfosbld05) (gcc version 4.3.4 [gcc-4_3-branch revision 152973] (SUSE Linux) ) #1 SMP Wed Sep 10 04:03:41 UTC 2014
2015-02-11T17:34:33.385102-06:00 c0-0c2s1n2 Command line: earlyprintk=serial,115200 load_ramdisk=1 ramdisk_size=80000 console=ttyS0,115200n8 bootnodeip=10.131.255.254 bootproto=ipog bootpath=/rr/current rootfs=nfs-shared root=/dev/disk/by-id/scsi-3600a09800063789e0000008b54c3a04c-part1 oops=panic bootifnetmask=255.252.0.0 elevator=noop ippob1=10 ippob2=128 pcie_ports=native iommu=on intel_iommu=off bad_page=panic pln_enable=off apei_disable hest_disable erst_disable ghes_disable cgroup_disable=memory active_wlm=ALPS sdbnodeip=10.131.255.253 sessionid=p0-20150211t172524 _cray=marker_ 
2015-02-11T17:34:33.385280-06:00 c0-0c2s1n2 KERNEL supported cpus:
2015-02-11T17:34:33.385366-06:00 c0-0c2s1n2  Intel GenuineIntel
2015-02-11T17:34:33.385489-06:00 c0-0c2s1n2 BIOS-provided physical RAM map:
2015-02-11T17:34:33.410338-06:00 c0-0c2s1n2 BIOS-e820: 0000000000000000 - 00000000000a0000 (usable)
2015-02-11T17:34:33.410434-06:00 c0-0c2s1n2 BIOS-e820: 0000000000100000 - 000000007e67c000 (usable)
2015-02-11T17:34:33.410608-06:00 c0-0c2s1n2 BIOS-e820: 000000007e67c000 - 000000007e790000 (ACPI NVS)
2015-02-11T17:34:33.435673-06:00 c0-0c2s1n2 BIOS-e820: 000000007e790000 - 000000007f395000 (reserved)
2015-02-11T17:34:33.435866-06:00 c0-0c2s1n2 BIOS-e820: 000000007f395000 - 000000007f410000 (ACPI data)
2015-02-11T17:34:33.436036-06:00 c0-0c2s1n2 BIOS-e820: 000000007f410000 - 000000007f491000 (reserved)
2015-02-11T17:34:33.460981-06:00 c0-0c2s1n2 BIOS-e820: 000000007f491000 - 000000007f493000 (usable)
2015-02-11T17:34:33.461267-06:00 c0-0c2s1n2 BIOS-e820: 000000007f493000 - 000000007f494000 (ACPI NVS)
2015-02-11T17:34:33.461489-06:00 c0-0c2s1n2 BIOS-e820: 000000007f494000 - 000000007f49e000 (reserved)
2015-02-11T17:34:33.486190-06:00 c0-0c2s1n2 BIOS-e820: 000000007f49e000 - 000000007f4a6000 (ACPI NVS)
2015-02-11T17:34:33.486504-06:00 c0-0c2s1n2 BIOS-e820: 000000007f4a6000 - 000000007f4d2000 (reserved)
2015-02-11T17:34:33.486760-06:00 c0-0c2s1n2 BIOS-e820: 000000007f4d2000 - 000000007f558000 (ACPI NVS)
2015-02-11T17:34:33.511569-06:00 c0-0c2s1n2 BIOS-e820: 000000007f558000 - 000000007f800000 (usable)
2015-02-11T17:34:33.511860-06:00 c0-0c2s1n2 BIOS-e820: 0000000080000000 - 0000000090000000 (reserved)
2015-02-11T17:34:33.536650-06:00 c0-0c2s1n2 BIOS-e820: 00000000fed1c000 - 00000000fed20000 (reserved)
2015-02-11T17:34:33.537005-06:00 c0-0c2s1n2 BIOS-e820: 00000000ff000000 - 0000000100000000 (reserved)
2015-02-11T17:34:33.537331-06:00 c0-0c2s1n2 BIOS-e820: 0000000100000000 - 0000001080000000 (usable)
2015-02-11T17:34:33.537512-06:00 c0-0c2s1n2 bootconsole [earlyser0] enabled
2015-02-11T17:34:33.562067-06:00 c0-0c2s1n2 NX (Execute Disable) protection: active
2015-02-11T17:34:33.562208-06:00 c0-0c2s1n2 EFI v2.10 by American Megatrends
2015-02-11T17:34:33.562472-06:00 c0-0c2s1n2 ACPI=0x7f395000  ACPI 2.0=0x7f395000  SMBIOS=0xf04c0  MPS=0xfd450 
2015-02-11T17:34:33.587376-06:00 c0-0c2s1n2 EFI: mem00: type=3, attr=0xf, range=[0x0000000000000000-0x0000000000008000) (0MB)
2015-02-11T17:34:33.587667-06:00 c0-0c2s1n2 EFI: mem01: type=7, attr=0xf, range=[0x0000000000008000-0x0000000000060000) (0MB)
2015-02-11T17:34:33.612516-06:00 c0-0c2s1n2 EFI: mem02: type=3, attr=0xf, range=[0x0000000000060000-0x00000000000a0000) (0MB)
2015-02-11T17:34:33.612920-06:00 c0-0c2s1n2 EFI: mem03: type=7, attr=0xf, range=[0x0000000000100000-0x0000000001000000) (15MB)
2015-02-11T17:34:33.637942-06:00 c0-0c2s1n2 EFI: mem04: type=2, attr=0xf, range=[0x0000000001000000-0x0000000001100000) (1MB)
2015-02-11T17:34:33.638232-06:00 c0-0c2s1n2 EFI: mem05: type=4, attr=0xf, range=[0x0000000001100000-0x00000000017ea000) (6MB)
2015-02-11T17:34:33.662977-06:00 c0-0c2s1n2 EFI: mem06: type=3, attr=0xf, range=[0x00000000017ea000-0x00000000017ee000) (0MB)
2015-02-11T17:34:33.663277-06:00 c0-0c2s1n2 EFI: mem07: type=4, attr=0xf, range=[0x00000000017ee000-0x0000000001886000) (0MB)
2015-02-11T17:34:33.688295-06:00 c0-0c2s1n2 EFI: mem08: type=3, attr=0xf, range=[0x0000000001886000-0x000000000188f000) (0MB)
2015-02-11T17:34:33.688578-06:00 c0-0c2s1n2 EFI: mem09: type=4, attr=0xf, range=[0x000000000188f000-0x0000000001892000) (0MB)
2015-02-11T17:34:33.713506-06:00 c0-0c2s1n2 EFI: mem10: type=3, attr=0xf, range=[0x0000000001892000-0x000000000189e000) (0MB)
2015-02-11T17:34:33.713800-06:00 c0-0c2s1n2 EFI: mem11: type=4, attr=0xf, range=[0x000000000189e000-0x00000000018a9000) (0MB)
2015-02-11T17:34:33.738888-06:00 c0-0c2s1n2 EFI: mem12: type=3, attr=0xf, range=[0x00000000018a9000-0x00000000018ab000) (0MB)
2015-02-11T17:34:33.739141-06:00 c0-0c2s1n2 EFI: mem13: type=4, attr=0xf, range=[0x00000000018ab000-0x00000000018ad000) (0MB)
2015-02-11T17:34:33.764148-06:00 c0-0c2s1n2 EFI: mem14: type=3, attr=0xf, range=[0x00000000018ad000-0x00000000018af000) (0MB)
2015-02-11T17:34:33.764383-06:00 c0-0c2s1n2 EFI: mem15: type=4, attr=0xf, range=[0x00000000018af000-0x00000000018b7000) (0MB)
2015-02-11T17:34:33.789348-06:00 c0-0c2s1n2 EFI: mem16: type=3, attr=0xf, range=[0x00000000018b7000-0x00000000018bb000) (0MB)
2015-02-11T17:34:33.789631-06:00 c0-0c2s1n2 EFI: mem17: type=4, attr=0xf, range=[0x00000000018bb000-0x00000000018bd000) (0MB)
2015-02-11T17:34:33.814529-06:00 c0-0c2s1n2 EFI: mem18: type=3, attr=0xf, range=[0x00000000018bd000-0x00000000018bf000) (0MB)
2015-02-11T17:34:33.814790-06:00 c0-0c2s1n2 EFI: mem19: type=4, attr=0xf, range=[0x00000000018bf000-0x00000000018d1000) (0MB)
2015-02-11T17:34:33.839931-06:00 c0-0c2s1n2 EFI: mem20: type=3, attr=0xf, range=[0x00000000018d1000-0x00000000018d7000) (0MB)
2015-02-11T17:34:33.840262-06:00 c0-0c2s1n2 EFI: mem21: type=4, attr=0xf, range=[0x00000000018d7000-0x00000000018f9000) (0MB)
2015-02-11T17:34:33.865212-06:00 c0-0c2s1n2 EFI: mem22: type=3, attr=0xf, range=[0x00000000018f9000-0x0000000001908000) (0MB)
2015-02-11T17:34:33.865478-06:00 c0-0c2s1n2 EFI: mem23: type=4, attr=0xf, range=[0x0000000001908000-0x0000000001921000) (0MB)
2015-02-11T17:34:33.890299-06:00 c0-0c2s1n2 EFI: mem24: type=3, attr=0xf, range=[0x0000000001921000-0x000000000192b000) (0MB)
2015-02-11T17:34:33.890605-06:00 c0-0c2s1n2 EFI: mem25: type=4, attr=0xf, range=[0x000000000192b000-0x0000000001933000) (0MB)
2015-02-11T17:34:33.915669-06:00 c0-0c2s1n2 EFI: mem26: type=3, attr=0xf, range=[0x0000000001933000-0x0000000001936000) (0MB)
2015-02-11T17:34:33.915926-06:00 c0-0c2s1n2 EFI: mem27: type=4, attr=0xf, range=[0x0000000001936000-0x0000000001964000) (0MB)
2015-02-11T17:34:33.940873-06:00 c0-0c2s1n2 EFI: mem28: type=3, attr=0xf, range=[0x0000000001964000-0x0000000001968000) (0MB)
2015-02-11T17:34:33.941132-06:00 c0-0c2s1n2 EFI: mem29: type=4, attr=0xf, range=[0x0000000001968000-0x0000000001987000) (0MB)
2015-02-11T17:34:33.966015-06:00 c0-0c2s1n2 EFI: mem30: type=3, attr=0xf, range=[0x0000000001987000-0x00000000019b0000) (0MB)
2015-02-11T17:34:33.966300-06:00 c0-0c2s1n2 EFI: mem31: type=4, attr=0xf, range=[0x00000000019b0000-0x00000000019ba000) (0MB)
2015-02-11T17:34:33.991329-06:00 c0-0c2s1n2 EFI: mem32: type=3, attr=0xf, range=[0x00000000019ba000-0x00000000019bd000) (0MB)
2015-02-11T17:34:33.991600-06:00 c0-0c2s1n2 EFI: mem33: type=4, attr=0xf, range=[0x00000000019bd000-0x00000000019be000) (0MB)
2015-02-11T17:34:34.016652-06:00 c0-0c2s1n2 EFI: mem34: type=3, attr=0xf, range=[0x00000000019be000-0x00000000019d0000) (0MB)
2015-02-11T17:34:34.016953-06:00 c0-0c2s1n2 EFI: mem35: type=4, attr=0xf, range=[0x00000000019d0000-0x00000000019d3000) (0MB)
2015-02-11T17:34:34.041969-06:00 c0-0c2s1n2 EFI: mem36: type=3, attr=0xf, range=[0x00000000019d3000-0x00000000019d5000) (0MB)
2015-02-11T17:34:34.042237-06:00 c0-0c2s1n2 EFI: mem37: type=4, attr=0xf, range=[0x00000000019d5000-0x00000000019e1000) (0MB)
2015-02-11T17:34:34.067183-06:00 c0-0c2s1n2 EFI: mem38: type=3, attr=0xf, range=[0x00000000019e1000-0x00000000019e5000) (0MB)
2015-02-11T17:34:34.067428-06:00 c0-0c2s1n2 EFI: mem39: type=4, attr=0xf, range=[0x00000000019e5000-0x0000000001a02000) (0MB)
2015-02-11T17:34:34.092410-06:00 c0-0c2s1n2 EFI: mem40: type=3, attr=0xf, range=[0x0000000001a02000-0x0000000001a06000) (0MB)
2015-02-11T17:34:34.092605-06:00 c0-0c2s1n2 EFI: mem41: type=4, attr=0xf, range=[0x0000000001a06000-0x0000000001a0a000) (0MB)
2015-02-11T17:34:34.117638-06:00 c0-0c2s1n2 EFI: mem42: type=3, attr=0xf, range=[0x0000000001a0a000-0x0000000001a1e000) (0MB)
2015-02-11T17:34:34.117881-06:00 c0-0c2s1n2 EFI: mem43: type=4, attr=0xf, range=[0x0000000001a1e000-0x0000000001a22000) (0MB)
2015-02-11T17:34:34.142943-06:00 c0-0c2s1n2 EFI: mem44: type=3, attr=0xf, range=[0x0000000001a22000-0x0000000001a26000) (0MB)
2015-02-11T17:34:34.167850-06:00 c0-0c2s1n2 EFI: mem45: type=4, attr=0xf, range=[0x0000000001a26000-0x0000000001a34000) (0MB)
2015-02-11T17:34:34.168201-06:00 c0-0c2s1n2 EFI: mem46: type=3, attr=0xf, range=[0x0000000001a34000-0x0000000001a3b000) (0MB)
2015-02-11T17:34:34.193107-06:00 c0-0c2s1n2 EFI: mem47: type=4, attr=0xf, range=[0x0000000001a3b000-0x0000000001a42000) (0MB)
2015-02-11T17:34:34.193422-06:00 c0-0c2s1n2 EFI: mem48: type=3, attr=0xf, range=[0x0000000001a42000-0x0000000001a4a000) (0MB)
2015-02-11T17:34:34.193665-06:00 c0-0c2s1n2 EFI: mem49: type=4, attr=0xf, range=[0x0000000001a4a000-0x0000000001a4b000) (0MB)
2015-02-11T17:34:34.218636-06:00 c0-0c2s1n2 EFI: mem50: type=3, attr=0xf, range=[0x0000000001a4b000-0x0000000001a4d000) (0MB)
2015-02-11T17:34:34.256100-06:00 c0-0c2s1n2 EFI: mem51: type=4, attr=0xf, range=[0x0000000001a4d000-0x0000000001a52000) (0MB)
2015-02-11T17:34:34.256361-06:00 c0-0c2s1n2 EFI: mem52: type=3, attr=0xf, range=[0x0000000001a52000-0x0000000001a69000) (0MB)
2015-02-11T17:34:34.300163-06:00 c0-0c2s1n2 EFI: mem53: type=4, attr=0xf, range=[0x0000000001a69000-0x0000000001a6f000) (0MB)
2015-02-11T17:34:34.300384-06:00 c0-0c2s1n2 EFI: mem54: type=3, attr=0xf, range=[0x0000000001a6f000-0x0000000001a70000) (0MB)
2015-02-11T17:34:34.300589-06:00 c0-0c2s1n2 EFI: mem55: type=4, attr=0xf, range=[0x0000000001a70000-0x0000000001a71000) (0MB)
2015-02-11T17:34:34.300784-06:00 c0-0c2s1n2 EFI: mem56: type=3, attr=0xf, range=[0x0000000001a71000-0x0000000001a79000) (0MB)
2015-02-11T17:34:34.336140-06:00 c0-0c2s1n2 EFI: mem57: type=4, attr=0xf, range=[0x0000000001a79000-0x0000000001a7a000) (0MB)
2015-02-11T17:34:34.336397-06:00 c0-0c2s1n2 EFI: mem58: type=3, attr=0xf, range=[0x0000000001a7a000-0x0000000001a83000) (0MB)
2015-02-11T17:34:34.344785-06:00 c0-0c2s1n2 EFI: mem59: type=4, attr=0xf, range=[0x0000000001a83000-0x0000000001a85000) (0MB)
2015-02-11T17:34:34.345023-06:00 c0-0c2s1n2 EFI: mem60: type=3, attr=0xf, range=[0x0000000001a85000-0x0000000001abe000) (0MB)
2015-02-11T17:34:34.370034-06:00 c0-0c2s1n2 EFI: mem61: type=4, attr=0xf, range=[0x0000000001abe000-0x0000000001abf000) (0MB)
2015-02-11T17:34:34.370291-06:00 c0-0c2s1n2 EFI: mem62: type=3, attr=0xf, range=[0x0000000001abf000-0x0000000001acc000) (0MB)
2015-02-11T17:34:34.395327-06:00 c0-0c2s1n2 EFI: mem63: type=4, attr=0xf, range=[0x0000000001acc000-0x0000000001ad7000) (0MB)
2015-02-11T17:34:34.395647-06:00 c0-0c2s1n2 EFI: mem64: type=3, attr=0xf, range=[0x0000000001ad7000-0x0000000001adc000) (0MB)
2015-02-11T17:34:34.420599-06:00 c0-0c2s1n2 EFI: mem65: type=4, attr=0xf, range=[0x0000000001adc000-0x0000000001b60000) (0MB)
2015-02-11T17:34:34.420856-06:00 c0-0c2s1n2 EFI: mem66: type=3, attr=0xf, range=[0x0000000001b60000-0x0000000001b7c000) (0MB)
2015-02-11T17:34:34.445828-06:00 c0-0c2s1n2 EFI: mem67: type=4, attr=0xf, range=[0x0000000001b7c000-0x0000000001b84000) (0MB)
2015-02-11T17:34:34.446080-06:00 c0-0c2s1n2 EFI: mem68: type=3, attr=0xf, range=[0x0000000001b84000-0x0000000001b9c000) (0MB)
2015-02-11T17:34:34.471067-06:00 c0-0c2s1n2 EFI: mem69: type=4, attr=0xf, range=[0x0000000001b9c000-0x000000000b210000) (150MB)
2015-02-11T17:34:34.471275-06:00 c0-0c2s1n2 EFI: mem70: type=3, attr=0xf, range=[0x000000000b210000-0x000000000b216000) (0MB)
2015-02-11T17:34:34.496295-06:00 c0-0c2s1n2 EFI: mem71: type=4, attr=0xf, range=[0x000000000b216000-0x000000000b21f000) (0MB)
2015-02-11T17:34:34.496557-06:00 c0-0c2s1n2 EFI: mem72: type=3, attr=0xf, range=[0x000000000b21f000-0x000000000b235000) (0MB)
2015-02-11T17:34:34.521549-06:00 c0-0c2s1n2 EFI: mem73: type=4, attr=0xf, range=[0x000000000b235000-0x000000000b23b000) (0MB)
2015-02-11T17:34:34.521833-06:00 c0-0c2s1n2 EFI: mem74: type=3, attr=0xf, range=[0x000000000b23b000-0x000000000b23e000) (0MB)
2015-02-11T17:34:34.546908-06:00 c0-0c2s1n2 EFI: mem75: type=4, attr=0xf, range=[0x000000000b23e000-0x000000000b246000) (0MB)
2015-02-11T17:34:34.547189-06:00 c0-0c2s1n2 EFI: mem76: type=3, attr=0xf, range=[0x000000000b246000-0x000000000b24a000) (0MB)
2015-02-11T17:34:34.572095-06:00 c0-0c2s1n2 EFI: mem77: type=4, attr=0xf, range=[0x000000000b24a000-0x000000000b24c000) (0MB)
2015-02-11T17:34:34.572394-06:00 c0-0c2s1n2 EFI: mem78: type=3, attr=0xf, range=[0x000000000b24c000-0x000000000b254000) (0MB)
2015-02-11T17:34:34.597333-06:00 c0-0c2s1n2 EFI: mem79: type=4, attr=0xf, range=[0x000000000b254000-0x000000000b279000) (0MB)
2015-02-11T17:34:34.597627-06:00 c0-0c2s1n2 EFI: mem80: type=3, attr=0xf, range=[0x000000000b279000-0x000000000b280000) (0MB)
2015-02-11T17:34:34.622611-06:00 c0-0c2s1n2 EFI: mem81: type=4, attr=0xf, range=[0x000000000b280000-0x000000000b284000) (0MB)
2015-02-11T17:34:34.622888-06:00 c0-0c2s1n2 EFI: mem82: type=3, attr=0xf, range=[0x000000000b284000-0x000000000b28c000) (0MB)
2015-02-11T17:34:34.647845-06:00 c0-0c2s1n2 EFI: mem83: type=4, attr=0xf, range=[0x000000000b28c000-0x000000000b295000) (0MB)
2015-02-11T17:34:34.648149-06:00 c0-0c2s1n2 EFI: mem84: type=3, attr=0xf, range=[0x000000000b295000-0x000000000b2d3000) (0MB)
2015-02-11T17:34:34.673070-06:00 c0-0c2s1n2 EFI: mem85: type=4, attr=0xf, range=[0x000000000b2d3000-0x000000000b2d8000) (0MB)
2015-02-11T17:34:34.673344-06:00 c0-0c2s1n2 EFI: mem86: type=3, attr=0xf, range=[0x000000000b2d8000-0x000000000b2dd000) (0MB)
2015-02-11T17:34:34.698285-06:00 c0-0c2s1n2 EFI: mem87: type=4, attr=0xf, range=[0x000000000b2dd000-0x000000000b2e9000) (0MB)
2015-02-11T17:34:34.698600-06:00 c0-0c2s1n2 EFI: mem88: type=3, attr=0xf, range=[0x000000000b2e9000-0x000000000b2ef000) (0MB)
2015-02-11T17:34:34.723716-06:00 c0-0c2s1n2 EFI: mem89: type=4, attr=0xf, range=[0x000000000b2ef000-0x000000000b300000) (0MB)
2015-02-11T17:34:34.723964-06:00 c0-0c2s1n2 EFI: mem90: type=3, attr=0xf, range=[0x000000000b300000-0x000000000b305000) (0MB)
2015-02-11T17:34:34.748948-06:00 c0-0c2s1n2 EFI: mem91: type=4, attr=0xf, range=[0x000000000b305000-0x000000000b30b000) (0MB)
2015-02-11T17:34:34.749188-06:00 c0-0c2s1n2 EFI: mem92: type=3, attr=0xf, range=[0x000000000b30b000-0x000000000b343000) (0MB)
2015-02-11T17:34:34.774232-06:00 c0-0c2s1n2 EFI: mem93: type=4, attr=0xf, range=[0x000000000b343000-0x000000000b34a000) (0MB)
2015-02-11T17:34:34.774470-06:00 c0-0c2s1n2 EFI: mem94: type=3, attr=0xf, range=[0x000000000b34a000-0x000000000b34e000) (0MB)
2015-02-11T17:34:34.799491-06:00 c0-0c2s1n2 EFI: mem95: type=4, attr=0xf, range=[0x000000000b34e000-0x000000000b351000) (0MB)
2015-02-11T17:34:34.799766-06:00 c0-0c2s1n2 EFI: mem96: type=3, attr=0xf, range=[0x000000000b351000-0x000000000b358000) (0MB)
2015-02-11T17:34:34.824766-06:00 c0-0c2s1n2 EFI: mem97: type=4, attr=0xf, range=[0x000000000b358000-0x000000000b35c000) (0MB)
2015-02-11T17:34:34.825056-06:00 c0-0c2s1n2 EFI: mem98: type=3, attr=0xf, range=[0x000000000b35c000-0x000000000b360000) (0MB)
2015-02-11T17:34:34.850002-06:00 c0-0c2s1n2 EFI: mem99: type=4, attr=0xf, range=[0x000000000b360000-0x000000000b368000) (0MB)
2015-02-11T17:34:34.850293-06:00 c0-0c2s1n2 EFI: mem100: type=3, attr=0xf, range=[0x000000000b368000-0x000000000b36c000) (0MB)
2015-02-11T17:34:34.875269-06:00 c0-0c2s1n2 EFI: mem101: type=4, attr=0xf, range=[0x000000000b36c000-0x000000000b370000) (0MB)
2015-02-11T17:34:34.875534-06:00 c0-0c2s1n2 EFI: mem102: type=3, attr=0xf, range=[0x000000000b370000-0x000000000b374000) (0MB)
2015-02-11T17:34:34.900482-06:00 c0-0c2s1n2 EFI: mem103: type=4, attr=0xf, range=[0x000000000b374000-0x000000000b384000) (0MB)
2015-02-11T17:34:34.900810-06:00 c0-0c2s1n2 EFI: mem104: type=3, attr=0xf, range=[0x000000000b384000-0x000000000b38a000) (0MB)
2015-02-11T17:34:34.925778-06:00 c0-0c2s1n2 EFI: mem105: type=4, attr=0xf, range=[0x000000000b38a000-0x000000000b3ac000) (0MB)
2015-02-11T17:34:34.926048-06:00 c0-0c2s1n2 EFI: mem106: type=3, attr=0xf, range=[0x000000000b3ac000-0x000000000b3b3000) (0MB)
2015-02-11T17:34:34.951116-06:00 c0-0c2s1n2 EFI: mem107: type=4, attr=0xf, range=[0x000000000b3b3000-0x000000000b3b7000) (0MB)
2015-02-11T17:34:34.951398-06:00 c0-0c2s1n2 EFI: mem108: type=3, attr=0xf, range=[0x000000000b3b7000-0x000000000b3c9000) (0MB)
2015-02-11T17:34:34.976324-06:00 c0-0c2s1n2 EFI: mem109: type=4, attr=0xf, range=[0x000000000b3c9000-0x000000000b3cc000) (0MB)
2015-02-11T17:34:34.976581-06:00 c0-0c2s1n2 EFI: mem110: type=3, attr=0xf, range=[0x000000000b3cc000-0x000000000b3d7000) (0MB)
2015-02-11T17:34:35.001523-06:00 c0-0c2s1n2 EFI: mem111: type=4, attr=0xf, range=[0x000000000b3d7000-0x000000000b45c000) (0MB)
2015-02-11T17:34:35.001790-06:00 c0-0c2s1n2 EFI: mem112: type=3, attr=0xf, range=[0x000000000b45c000-0x000000000b45f000) (0MB)
2015-02-11T17:34:35.026740-06:00 c0-0c2s1n2 EFI: mem113: type=4, attr=0xf, range=[0x000000000b45f000-0x000000000b475000) (0MB)
2015-02-11T17:34:35.026972-06:00 c0-0c2s1n2 EFI: mem114: type=3, attr=0xf, range=[0x000000000b475000-0x000000000b47c000) (0MB)
2015-02-11T17:34:35.051966-06:00 c0-0c2s1n2 EFI: mem115: type=4, attr=0xf, range=[0x000000000b47c000-0x000000000b48b000) (0MB)
2015-02-11T17:34:35.052241-06:00 c0-0c2s1n2 EFI: mem116: type=3, attr=0xf, range=[0x000000000b48b000-0x000000000b48f000) (0MB)
2015-02-11T17:34:35.077232-06:00 c0-0c2s1n2 EFI: mem117: type=4, attr=0xf, range=[0x000000000b48f000-0x000000000b4b1000) (0MB)
2015-02-11T17:34:35.077500-06:00 c0-0c2s1n2 EFI: mem118: type=3, attr=0xf, range=[0x000000000b4b1000-0x000000000b4b6000) (0MB)
2015-02-11T17:34:35.102399-06:00 c0-0c2s1n2 EFI: mem119: type=4, attr=0xf, range=[0x000000000b4b6000-0x000000000b4c5000) (0MB)
2015-02-11T17:34:35.102663-06:00 c0-0c2s1n2 EFI: mem120: type=7, attr=0xf, range=[0x000000000b4c5000-0x000000000b4c6000) (0MB)
2015-02-11T17:34:35.127760-06:00 c0-0c2s1n2 EFI: mem121: type=4, attr=0xf, range=[0x000000000b4c6000-0x000000000b53e000) (0MB)
2015-02-11T17:34:35.128056-06:00 c0-0c2s1n2 EFI: mem122: type=3, attr=0xf, range=[0x000000000b53e000-0x000000000b552000) (0MB)
2015-02-11T17:34:35.153083-06:00 c0-0c2s1n2 EFI: mem123: type=4, attr=0xf, range=[0x000000000b552000-0x000000000b577000) (0MB)
2015-02-11T17:34:35.178110-06:00 c0-0c2s1n2 EFI: mem124: type=3, attr=0xf, range=[0x000000000b577000-0x000000000b580000) (0MB)
2015-02-11T17:34:35.178351-06:00 c0-0c2s1n2 EFI: mem125: type=4, attr=0xf, range=[0x000000000b580000-0x000000000b581000) (0MB)
2015-02-11T17:34:35.178639-06:00 c0-0c2s1n2 EFI: mem126: type=2, attr=0xf, range=[0x000000000b581000-0x000000000b583000) (0MB)
2015-02-11T17:34:35.203621-06:00 c0-0c2s1n2 EFI: mem127: type=7, attr=0xf, range=[0x000000000b583000-0x000000000b585000) (0MB)
2015-02-11T17:34:35.228615-06:00 c0-0c2s1n2 EFI: mem128: type=4, attr=0xf, range=[0x000000000b585000-0x000000000b58f000) (0MB)
2015-02-11T17:34:35.228861-06:00 c0-0c2s1n2 EFI: mem129: type=7, attr=0xf, range=[0x000000000b58f000-0x000000000b598000) (0MB)
2015-02-11T17:34:35.253767-06:00 c0-0c2s1n2 EFI: mem130: type=4, attr=0xf, range=[0x000000000b598000-0x000000000b7ac000) (2MB)
2015-02-11T17:34:35.254092-06:00 c0-0c2s1n2 EFI: mem131: type=7, attr=0xf, range=[0x000000000b7ac000-0x000000000b7ba000) (0MB)
2015-02-11T17:34:35.292174-06:00 c0-0c2s1n2 EFI: mem132: type=1, attr=0xf, range=[0x000000000b7ba000-0x000000000b7cb000) (0MB)
2015-02-11T17:34:35.292378-06:00 c0-0c2s1n2 EFI: mem133: type=7, attr=0xf, range=[0x000000000b7cb000-0x000000007e67c000) (1838MB)
2015-02-11T17:34:35.336299-06:00 c0-0c2s1n2 EFI: mem134: type=10, attr=0xf, range=[0x000000007e67c000-0x000000007e790000) (1MB)
2015-02-11T17:34:35.336473-06:00 c0-0c2s1n2 EFI: mem135: type=0, attr=0xf, range=[0x000000007e790000-0x000000007e792000) (0MB)
2015-02-11T17:34:35.336697-06:00 c0-0c2s1n2 EFI: mem136: type=6, attr=0x800000000000000f, range=[0x000000007e792000-0x000000007f395000) (12MB)
2015-02-11T17:34:35.336889-06:00 c0-0c2s1n2 EFI: mem137: type=9, attr=0xf, range=[0x000000007f395000-0x000000007f410000) (0MB)
2015-02-11T17:34:35.372273-06:00 c0-0c2s1n2 EFI: mem138: type=5, attr=0x800000000000000f, range=[0x000000007f410000-0x000000007f41a000) (0MB)
2015-02-11T17:34:35.372402-06:00 c0-0c2s1n2 EFI: mem139: type=0, attr=0xf, range=[0x000000007f41a000-0x000000007f41c000) (0MB)
2015-02-11T17:34:35.380311-06:00 c0-0c2s1n2 EFI: mem140: type=6, attr=0x800000000000000f, range=[0x000000007f41c000-0x000000007f42d000) (0MB)
2015-02-11T17:34:35.405500-06:00 c0-0c2s1n2 EFI: mem141: type=0, attr=0xf, range=[0x000000007f42d000-0x000000007f43d000) (0MB)
2015-02-11T17:34:35.405743-06:00 c0-0c2s1n2 EFI: mem142: type=6, attr=0x800000000000000f, range=[0x000000007f43d000-0x000000007f45e000) (0MB)
2015-02-11T17:34:35.430734-06:00 c0-0c2s1n2 EFI: mem143: type=5, attr=0x800000000000000f, range=[0x000000007f45e000-0x000000007f462000) (0MB)
2015-02-11T17:34:35.430952-06:00 c0-0c2s1n2 EFI: mem144: type=0, attr=0xf, range=[0x000000007f462000-0x000000007f46b000) (0MB)
2015-02-11T17:34:35.468294-06:00 c0-0c2s1n2 EFI: mem145: type=5, attr=0x800000000000000f, range=[0x000000007f46b000-0x000000007f46d000) (0MB)
2015-02-11T17:34:35.468445-06:00 c0-0c2s1n2 EFI: mem146: type=0, attr=0xf, range=[0x000000007f46d000-0x000000007f471000) (0MB)
2015-02-11T17:34:35.508275-06:00 c0-0c2s1n2 EFI: mem147: type=5, attr=0x800000000000000f, range=[0x000000007f471000-0x000000007f472000) (0MB)
2015-02-11T17:34:35.508457-06:00 c0-0c2s1n2 EFI: mem148: type=6, attr=0x800000000000000f, range=[0x000000007f472000-0x000000007f473000) (0MB)
2015-02-11T17:34:35.508723-06:00 c0-0c2s1n2 EFI: mem149: type=5, attr=0x800000000000000f, range=[0x000000007f473000-0x000000007f476000) (0MB)
2015-02-11T17:34:35.548214-06:00 c0-0c2s1n2 EFI: mem150: type=0, attr=0xf, range=[0x000000007f476000-0x000000007f486000) (0MB)
2015-02-11T17:34:35.548454-06:00 c0-0c2s1n2 EFI: mem151: type=5, attr=0x800000000000000f, range=[0x000000007f486000-0x000000007f491000) (0MB)
2015-02-11T17:34:35.556798-06:00 c0-0c2s1n2 EFI: mem152: type=7, attr=0xf, range=[0x000000007f491000-0x000000007f493000) (0MB)
2015-02-11T17:34:35.557045-06:00 c0-0c2s1n2 EFI: mem153: type=10, attr=0xf, range=[0x000000007f493000-0x000000007f494000) (0MB)
2015-02-11T17:34:35.582174-06:00 c0-0c2s1n2 EFI: mem154: type=6, attr=0x800000000000000f, range=[0x000000007f494000-0x000000007f49b000) (0MB)
2015-02-11T17:34:35.607242-06:00 c0-0c2s1n2 EFI: mem155: type=5, attr=0x800000000000000f, range=[0x000000007f49b000-0x000000007f49e000) (0MB)
2015-02-11T17:34:35.607566-06:00 c0-0c2s1n2 EFI: mem156: type=10, attr=0xf, range=[0x000000007f49e000-0x000000007f4a6000) (0MB)
2015-02-11T17:34:35.632558-06:00 c0-0c2s1n2 EFI: mem157: type=6, attr=0x800000000000000f, range=[0x000000007f4a6000-0x000000007f4a7000) (0MB)
2015-02-11T17:34:35.657750-06:00 c0-0c2s1n2 EFI: mem158: type=5, attr=0x800000000000000f, range=[0x000000007f4a7000-0x000000007f4ab000) (0MB)
2015-02-11T17:34:35.658032-06:00 c0-0c2s1n2 EFI: mem159: type=6, attr=0x800000000000000f, range=[0x000000007f4ab000-0x000000007f4bd000) (0MB)
2015-02-11T17:34:35.683021-06:00 c0-0c2s1n2 EFI: mem160: type=5, attr=0x800000000000000f, range=[0x000000007f4bd000-0x000000007f4cf000) (0MB)
2015-02-11T17:34:35.683404-06:00 c0-0c2s1n2 EFI: mem161: type=6, attr=0x800000000000000f, range=[0x000000007f4cf000-0x000000007f4d2000) (0MB)
2015-02-11T17:34:35.708311-06:00 c0-0c2s1n2 EFI: mem162: type=10, attr=0xf, range=[0x000000007f4d2000-0x000000007f558000) (0MB)
2015-02-11T17:34:35.708598-06:00 c0-0c2s1n2 EFI: mem163: type=3, attr=0xf, range=[0x000000007f558000-0x000000007f7e0000) (2MB)
2015-02-11T17:34:35.733494-06:00 c0-0c2s1n2 EFI: mem164: type=4, attr=0xf, range=[0x000000007f7e0000-0x000000007f7ef000) (0MB)
2015-02-11T17:34:35.733871-06:00 c0-0c2s1n2 EFI: mem165: type=3, attr=0xf, range=[0x000000007f7ef000-0x000000007f800000) (0MB)
2015-02-11T17:34:35.758780-06:00 c0-0c2s1n2 EFI: mem166: type=7, attr=0xf, range=[0x0000000100000000-0x0000001080000000) (63488MB)
2015-02-11T17:34:35.759188-06:00 c0-0c2s1n2 EFI: mem167: type=11, attr=0x8000000000000001, range=[0x0000000080000000-0x0000000090000000) (256MB)
2015-02-11T17:34:35.784193-06:00 c0-0c2s1n2 EFI: mem168: type=11, attr=0x8000000000000001, range=[0x00000000fed1c000-0x00000000fed20000) (0MB)
2015-02-11T17:34:35.809272-06:00 c0-0c2s1n2 EFI: mem169: type=11, attr=0x8000000000000001, range=[0x00000000ff000000-0x0000000100000000) (16MB)
2015-02-11T17:34:35.809343-06:00 c0-0c2s1n2 DMI 2.7 present.
2015-02-11T17:34:35.809614-06:00 c0-0c2s1n2 last_pfn = 0x1080000 max_arch_pfn = 0x400000000
2015-02-11T17:34:35.834699-06:00 c0-0c2s1n2 x86 PAT enabled: cpu 0, old 0x7040600070406, new 0x7010600070106
2015-02-11T17:34:35.834906-06:00 c0-0c2s1n2 last_pfn = 0x7f800 max_arch_pfn = 0x400000000
2015-02-11T17:34:35.835118-06:00 c0-0c2s1n2 found SMP MP-table at [ffff8800000fd830] fd830
2015-02-11T17:34:35.835228-06:00 c0-0c2s1n2 Using GB pages for direct mapping
2015-02-11T17:34:35.860038-06:00 c0-0c2s1n2 init_memory_mapping: 0000000000000000-000000007f800000
2015-02-11T17:34:35.860305-06:00 c0-0c2s1n2 init_memory_mapping: 0000000100000000-0000001080000000
2015-02-11T17:34:35.860406-06:00 c0-0c2s1n2 nmi ring buffer: 262144
2015-02-11T17:34:35.884988-06:00 c0-0c2s1n2 RAMDISK: 0fa00000 - 10610000
2015-02-11T17:34:35.885230-06:00 c0-0c2s1n2 ACPI: RSDP 000000007f395000 00024 (v02 ALASKA)
2015-02-11T17:34:35.885570-06:00 c0-0c2s1n2 ACPI: XSDT 000000007f395088 0008C (v01 ALASKA    A M I 01072009 AMI  00010013)
2015-02-11T17:34:35.910490-06:00 c0-0c2s1n2 ACPI: FACP 000000007f39ee50 000F4 (v04 ALASKA    A M I 01072009 AMI  00010013)
2015-02-11T17:34:35.910844-06:00 c0-0c2s1n2 ACPI: DSDT 000000007f3951a0 09CAD (v02 ALASKA    A M I 00000016 INTL 20051117)
2015-02-11T17:34:35.911020-06:00 c0-0c2s1n2 ACPI: FACS 000000007f4a3f80 00040
2015-02-11T17:34:35.935859-06:00 c0-0c2s1n2 ACPI: APIC 000000007f39ef48 00138 (v03 ALASKA    A M I 01072009 AMI  00010013)
2015-02-11T17:34:35.936156-06:00 c0-0c2s1n2 ACPI: FPDT 000000007f39f080 00044 (v01 ALASKA    A M I 01072009 AMI  00010013)
2015-02-11T17:34:35.961020-06:00 c0-0c2s1n2 ACPI: MCFG 000000007f39f0c8 0003C (v01 ALASKA OEMMCFG. 01072009 MSFT 00000097)
2015-02-11T17:34:35.961322-06:00 c0-0c2s1n2 ACPI: HPET 000000007f39f108 00038 (v01 ALASKA    A M I 01072009 AMI. 00000004)
2015-02-11T17:34:35.986372-06:00 c0-0c2s1n2 ACPI: PRAD 000000007f39f140 000BE (v02 PRADID  PRADTID 00000001 MSFT 03000001)
2015-02-11T17:34:35.986616-06:00 c0-0c2s1n2 ACPI: SSDT 000000007f39f200 70104 (v02  INTEL    CpuPm 00004000 INTL 20051117)
2015-02-11T17:34:36.011470-06:00 c0-0c2s1n2 ACPI: SPCR 000000007f40f308 00050 (v01  A M I   APTIO4 01072009 AMI. 00000004)
2015-02-11T17:34:36.011730-06:00 c0-0c2s1n2 ACPI: EINJ 000000007f40f358 00130 (v01    AMI AMI EINJ 00000000      00000000)
2015-02-11T17:34:36.011931-06:00 c0-0c2s1n2 ACPI: ERST 000000007f40f488 00230 (v01  AMIER AMI ERST 00000000      00000000)
2015-02-11T17:34:36.036774-06:00 c0-0c2s1n2 ACPI: HEST 000000007f40f6b8 000A8 (v01    AMI AMI HEST 00000000      00000000)
2015-02-11T17:34:36.061819-06:00 c0-0c2s1n2 ACPI: BERT 000000007f40f760 00030 (v01    AMI AMI BERT 00000000      00000000)
2015-02-11T17:34:36.062080-06:00 c0-0c2s1n2 ACPI: DMAR 000000007f40f790 000BC (v01 A M I   OEMDMAR 00000001 INTL 00000001)
2015-02-11T17:34:36.062087-06:00 c0-0c2s1n2 No NUMA configuration found
2015-02-11T17:34:36.087004-06:00 c0-0c2s1n2 Faking a node at 0000000000000000-0000001080000000
2015-02-11T17:34:36.087206-06:00 c0-0c2s1n2 Initmem setup node 0 0000000000000000-0000001080000000
2015-02-11T17:34:36.087349-06:00 c0-0c2s1n2  NODE_DATA [000000107ffbb000 - 000000107ffbffff]
2015-02-11T17:34:36.289054-06:00 c0-0c2s1n2 Zone PFN ranges:
2015-02-11T17:34:36.289159-06:00 c0-0c2s1n2  DMA      0x00000010 -> 0x00001000
2015-02-11T17:34:36.314087-06:00 c0-0c2s1n2  DMA32    0x00001000 -> 0x00100000
2015-02-11T17:34:36.314235-06:00 c0-0c2s1n2  Normal   0x00100000 -> 0x01080000
2015-02-11T17:34:36.314332-06:00 c0-0c2s1n2 Movable zone start PFN for each node
2015-02-11T17:34:36.314468-06:00 c0-0c2s1n2 early_node_map[5] active PFN ranges
2015-02-11T17:34:36.314605-06:00 c0-0c2s1n2    0: 0x00000010 -> 0x000000a0
2015-02-11T17:34:36.339395-06:00 c0-0c2s1n2    0: 0x00000100 -> 0x0007e67c
2015-02-11T17:34:36.339539-06:00 c0-0c2s1n2    0: 0x0007f491 -> 0x0007f493
2015-02-11T17:34:36.339623-06:00 c0-0c2s1n2    0: 0x0007f558 -> 0x0007f800
2015-02-11T17:34:36.339704-06:00 c0-0c2s1n2    0: 0x00100000 -> 0x01080000
2015-02-11T17:34:36.969396-06:00 c0-0c2s1n2 ACPI: LAPIC (acpi_id[0x00] lapic_id[0x00] enabled)
2015-02-11T17:34:36.969605-06:00 c0-0c2s1n2 ACPI: LAPIC (acpi_id[0x02] lapic_id[0x02] enabled)
2015-02-11T17:34:36.969729-06:00 c0-0c2s1n2 ACPI: LAPIC (acpi_id[0x04] lapic_id[0x04] enabled)
2015-02-11T17:34:36.994444-06:00 c0-0c2s1n2 ACPI: LAPIC (acpi_id[0x06] lapic_id[0x06] enabled)
2015-02-11T17:34:36.994716-06:00 c0-0c2s1n2 ACPI: LAPIC (acpi_id[0x08] lapic_id[0x08] enabled)
2015-02-11T17:34:36.994883-06:00 c0-0c2s1n2 ACPI: LAPIC (acpi_id[0x0a] lapic_id[0x0a] enabled)
2015-02-11T17:34:37.019686-06:00 c0-0c2s1n2 ACPI: LAPIC (acpi_id[0x0c] lapic_id[0x0c] enabled)
2015-02-11T17:34:37.019888-06:00 c0-0c2s1n2 ACPI: LAPIC (acpi_id[0x0e] lapic_id[0x0e] enabled)
2015-02-11T17:34:37.044787-06:00 c0-0c2s1n2 ACPI: LAPIC (acpi_id[0x01] lapic_id[0x01] enabled)
2015-02-11T17:34:37.045096-06:00 c0-0c2s1n2 ACPI: LAPIC (acpi_id[0x03] lapic_id[0x03] enabled)
2015-02-11T17:34:37.045313-06:00 c0-0c2s1n2 ACPI: LAPIC (acpi_id[0x05] lapic_id[0x05] enabled)
2015-02-11T17:34:37.084177-06:00 c0-0c2s1n2 ACPI: LAPIC (acpi_id[0x07] lapic_id[0x07] enabled)
2015-02-11T17:34:37.084408-06:00 c0-0c2s1n2 ACPI: LAPIC (acpi_id[0x09] lapic_id[0x09] enabled)
2015-02-11T17:34:37.084659-06:00 c0-0c2s1n2 ACPI: LAPIC (acpi_id[0x0b] lapic_id[0x0b] enabled)
2015-02-11T17:34:37.084857-06:00 c0-0c2s1n2 ACPI: LAPIC (acpi_id[0x0d] lapic_id[0x0d] enabled)
2015-02-11T17:34:37.124281-06:00 c0-0c2s1n2 ACPI: LAPIC (acpi_id[0x0f] lapic_id[0x0f] enabled)
2015-02-11T17:34:37.124517-06:00 c0-0c2s1n2 ACPI: LAPIC_NMI (acpi_id[0x00] high edge lint[0x1])
2015-02-11T17:34:37.124914-06:00 c0-0c2s1n2 ACPI: LAPIC_NMI (acpi_id[0x02] high edge lint[0x1])
2015-02-11T17:34:37.124968-06:00 c0-0c2s1n2 ACPI: LAPIC_NMI (acpi_id[0x04] high edge lint[0x1])
2015-02-11T17:34:37.125156-06:00 c0-0c2s1n2 ACPI: LAPIC_NMI (acpi_id[0x06] high edge lint[0x1])
2015-02-11T17:34:37.125334-06:00 c0-0c2s1n2 ACPI: LAPIC_NMI (acpi_id[0x08] high edge lint[0x1])
2015-02-11T17:34:37.164139-06:00 c0-0c2s1n2 ACPI: LAPIC_NMI (acpi_id[0x0a] high edge lint[0x1])
2015-02-11T17:34:37.164439-06:00 c0-0c2s1n2 ACPI: LAPIC_NMI (acpi_id[0x0c] high edge lint[0x1])
2015-02-11T17:34:37.164606-06:00 c0-0c2s1n2 ACPI: LAPIC_NMI (acpi_id[0x0e] high edge lint[0x1])
2015-02-11T17:34:37.171196-06:00 c0-0c2s1n2 ACPI: LAPIC_NMI (acpi_id[0x01] high edge lint[0x1])
2015-02-11T17:34:37.171430-06:00 c0-0c2s1n2 ACPI: LAPIC_NMI (acpi_id[0x03] high edge lint[0x1])
2015-02-11T17:34:37.171692-06:00 c0-0c2s1n2 ACPI: LAPIC_NMI (acpi_id[0x05] high edge lint[0x1])
2015-02-11T17:34:37.196492-06:00 c0-0c2s1n2 ACPI: LAPIC_NMI (acpi_id[0x07] high edge lint[0x1])
2015-02-11T17:34:37.196741-06:00 c0-0c2s1n2 ACPI: LAPIC_NMI (acpi_id[0x09] high edge lint[0x1])
2015-02-11T17:34:37.197001-06:00 c0-0c2s1n2 ACPI: LAPIC_NMI (acpi_id[0x0b] high edge lint[0x1])
2015-02-11T17:34:37.221750-06:00 c0-0c2s1n2 ACPI: LAPIC_NMI (acpi_id[0x0d] high edge lint[0x1])
2015-02-11T17:34:37.222067-06:00 c0-0c2s1n2 ACPI: LAPIC_NMI (acpi_id[0x0f] high edge lint[0x1])
2015-02-11T17:34:37.222347-06:00 c0-0c2s1n2 ACPI: IOAPIC (id[0x00] address[0xfec00000] gsi_base[0])
2015-02-11T17:34:37.246948-06:00 c0-0c2s1n2 IOAPIC[0]: apic_id 0, version 32, address 0xfec00000, GSI 0-23
2015-02-11T17:34:37.247287-06:00 c0-0c2s1n2 ACPI: IOAPIC (id[0x02] address[0xfec01000] gsi_base[24])
2015-02-11T17:34:37.247491-06:00 c0-0c2s1n2 IOAPIC[1]: apic_id 2, version 32, address 0xfec01000, GSI 24-47
2015-02-11T17:34:37.272227-06:00 c0-0c2s1n2 ACPI: INT_SRC_OVR (bus 0 bus_irq 0 global_irq 2 dfl dfl)
2015-02-11T17:34:37.272506-06:00 c0-0c2s1n2 ACPI: INT_SRC_OVR (bus 0 bus_irq 9 global_irq 9 high level)
2015-02-11T17:34:37.297300-06:00 c0-0c2s1n2 Using ACPI (MADT) for SMP configuration information
2015-02-11T17:34:37.297487-06:00 c0-0c2s1n2 ACPI: HPET id: 0x8086a701 base: 0xfed00000
2015-02-11T17:34:37.297653-06:00 c0-0c2s1n2 SMP: Allowing 16 CPUs, 0 hotplug CPUs
2015-02-11T17:34:37.297887-06:00 c0-0c2s1n2 Allocating PCI resources starting at 90000000 (gap: 90000000:6ed1c000)
2015-02-11T17:34:37.322849-06:00 c0-0c2s1n2 setup_percpu: NR_CPUS:128 nr_cpumask_bits:128 nr_cpu_ids:16 nr_node_ids:1
2015-02-11T17:34:37.323177-06:00 c0-0c2s1n2 PERCPU: Embedded 25 pages/cpu @ffff88107fa00000 s72704 r8192 d21504 u131072
2015-02-11T17:34:37.348088-06:00 c0-0c2s1n2 Built 1 zonelists in Zone order, mobility grouping on.  Total pages: 16534701
2015-02-11T17:34:37.348245-06:00 c0-0c2s1n2 Policy zone: Normal
2015-02-11T17:34:37.424016-06:00 c0-0c2s1n2 Kernel command line: earlyprintk=serial,115200 load_ramdisk=1 ramdisk_size=80000 console=ttyS0,115200n8 bootnodeip=10.131.255.254 bootproto=ipog bootpath=/rr/current rootfs=nfs-shared root=/dev/disk/by-id/scsi-3600a09800063789e0000008b54c3a04c-part1 oops=panic bootifnetmask=255.252.0.0 elevator=noop ippob1=10 ippob2=128 pcie_ports=native iommu=on intel_iommu=off bad_page=panic pln_enable=off apei_disable hest_disable erst_disable ghes_disable cgroup_disable=memory active_wlm=ALPS sdbnodeip=10.131.255.253 sessionid=p0-20150211t172524 _cray=marker_ 
2015-02-11T17:34:37.448982-06:00 c0-0c2s1n2 Intel-IOMMU: disabled
2015-02-11T17:34:37.449087-06:00 c0-0c2s1n2 Disabling memory control group subsystem
2015-02-11T17:34:37.449182-06:00 c0-0c2s1n2 PID hash table entries: 4096 (order: 3, 32768 bytes)
2015-02-11T17:34:37.449240-06:00 c0-0c2s1n2 xsave/xrstor: enabled xstate_bv 0x7, cntxt size 0x340
2015-02-11T17:34:38.160924-06:00 c0-0c2s1n2 Memory: 66065380k/69206016k available (5522k kernel code, 2121000k absent, 1019636k reserved, 5307k data, 692k init)
2015-02-11T17:34:38.160931-06:00 c0-0c2s1n2 Hierarchical RCU implementation.
2015-02-11T17:34:38.160938-06:00 c0-0c2s1n2 NR_IRQS:4352
2015-02-11T17:34:38.160945-06:00 c0-0c2s1n2 Extended CMOS year: 2000
2015-02-11T17:34:38.160954-06:00 c0-0c2s1n2 Console: colour dummy device 80x25
2015-02-11T17:34:38.160960-06:00 c0-0c2s1n2 console [ttyS0] enabled, bootconsole disabled
2015-02-11T17:34:38.160969-06:00 c0-0c2s1n2 console [ttyS0] enabled, bootconsole disabled
2015-02-11T17:34:38.160978-06:00 c0-0c2s1n2 Fast TSC calibration using PIT
2015-02-11T17:34:38.160985-06:00 c0-0c2s1n2 Detected 2600.004 MHz processor.
2015-02-11T17:34:38.160995-06:00 c0-0c2s1n2 Calibrating delay loop (skipped), value calculated using timer frequency.. 5200.00 BogoMIPS (lpj=10400016)
2015-02-11T17:34:38.161004-06:00 c0-0c2s1n2 pid_max: default: 32768 minimum: 301
2015-02-11T17:34:38.161012-06:00 c0-0c2s1n2 Dentry cache hash table entries: 8388608 (order: 14, 67108864 bytes)
2015-02-11T17:34:38.161033-06:00 c0-0c2s1n2 Inode-cache hash table entries: 4194304 (order: 13, 33554432 bytes)
2015-02-11T17:34:38.161042-06:00 c0-0c2s1n2 Mount-cache hash table entries: 256
2015-02-11T17:34:38.161047-06:00 c0-0c2s1n2 Initializing cgroup subsys cpuacct
2015-02-11T17:34:38.161056-06:00 c0-0c2s1n2 Initializing cgroup subsys memory
2015-02-11T17:34:38.161061-06:00 c0-0c2s1n2 Initializing cgroup subsys devices
2015-02-11T17:34:38.161066-06:00 c0-0c2s1n2 Initializing cgroup subsys perf_event
2015-02-11T17:34:38.161073-06:00 c0-0c2s1n2 CPU: Physical Processor ID: 0
2015-02-11T17:34:38.161078-06:00 c0-0c2s1n2 CPU: Processor Core ID: 0
2015-02-11T17:34:38.161088-06:00 c0-0c2s1n2 mce: CPU supports 20 MCE banks
2015-02-11T17:34:38.161094-06:00 c0-0c2s1n2 CPU0: Thermal monitoring enabled (TM1)
2015-02-11T17:34:38.161103-06:00 c0-0c2s1n2 using mwait in idle threads.
2015-02-11T17:34:38.161109-06:00 c0-0c2s1n2 ACPI: Core revision 20110413
2015-02-11T17:34:38.211007-06:00 c0-0c2s1n2 ftrace: allocating 20236 entries in 80 pages
2015-02-11T17:34:38.211254-06:00 c0-0c2s1n2 DMAR: Host address width 46
2015-02-11T17:34:38.236241-06:00 c0-0c2s1n2 DMAR: DRHD base: 0x000000fbffc000 flags: 0x1
2015-02-11T17:34:38.236453-06:00 c0-0c2s1n2 IOMMU 0: reg_base_addr fbffc000 ver 1:0 cap d2078c106f0462 ecap f020fe
2015-02-11T17:34:38.236566-06:00 c0-0c2s1n2 DMAR: RMRR base: 0x0000007f430000 end: 0x0000007f43cfff
2015-02-11T17:34:38.236604-06:00 c0-0c2s1n2 DMAR: ATSR flags: 0x0
2015-02-11T17:34:38.261662-06:00 c0-0c2s1n2 DMAR: RHSA base: 0x000000fbffc000 proximity domain: 0x0
2015-02-11T17:34:38.261709-06:00 c0-0c2s1n2 Switched APIC routing to physical flat.
2015-02-11T17:34:38.261801-06:00 c0-0c2s1n2 ..TIMER: vector=0x30 apic1=0 pin1=2 apic2=-1 pin2=-1
2015-02-11T17:34:38.312800-06:00 c0-0c2s1n2 CPU0: Intel(R) Xeon(R) CPU E5-2670 0 @ 2.60GHz stepping 07
2015-02-11T17:34:38.564466-06:00 c0-0c2s1n2 Performance Events: PEBS fmt1+, 16-deep LBR, SandyBridge events, full-width counters, Intel PMU driver.
2015-02-11T17:34:38.564574-06:00 c0-0c2s1n2 ... version:                3
2015-02-11T17:34:38.564652-06:00 c0-0c2s1n2 ... bit width:              48
2015-02-11T17:34:38.564728-06:00 c0-0c2s1n2 ... generic registers:      4
2015-02-11T17:34:38.589783-06:00 c0-0c2s1n2 ... value mask:             0000ffffffffffff
2015-02-11T17:34:38.589977-06:00 c0-0c2s1n2 ... max period:             0000ffffffffffff
2015-02-11T17:34:38.590055-06:00 c0-0c2s1n2 ... fixed-purpose events:   3
2015-02-11T17:34:38.590229-06:00 c0-0c2s1n2 ... event mask:             000000070000000f
2015-02-11T17:34:39.068872-06:00 c0-0c2s1n2 Booting Node   0, Processors  #1 #2 #3 #4 #5 #6 #7 #8 #9 #10 #11 #12 #13 #14 #15 Ok.
2015-02-11T17:34:39.094142-06:00 c0-0c2s1n2 Brought up 16 CPUs
2015-02-11T17:34:39.119137-06:00 c0-0c2s1n2 Total of 16 processors activated (83200.12 BogoMIPS).
2015-02-11T17:34:39.144696-06:00 c0-0c2s1n2 NET: Registered protocol family 16
2015-02-11T17:34:39.169830-06:00 c0-0c2s1n2 ACPI FADT declares the system doesn't support PCIe ASPM, so disable it
2015-02-11T17:34:39.169899-06:00 c0-0c2s1n2 ACPI: bus type pci registered
2015-02-11T17:34:39.194946-06:00 c0-0c2s1n2 PCI: MMCONFIG for domain 0000 [bus 00-ff] at [mem 0x80000000-0x8fffffff] (base 0x80000000)
2015-02-11T17:34:39.195156-06:00 c0-0c2s1n2 PCI: MMCONFIG at [mem 0x80000000-0x8fffffff] reserved in E820
2015-02-11T17:34:39.220403-06:00 c0-0c2s1n2 PCI: Using configuration type 1 for base access
2015-02-11T17:34:39.245396-06:00 c0-0c2s1n2 bio: create slab <bio-0> at 0
2015-02-11T17:34:39.270672-06:00 c0-0c2s1n2 ACPI: Executed 1 blocks of module-level executable AML code
2015-02-11T17:34:39.472650-06:00 c0-0c2s1n2 ACPI: Interpreter enabled
2015-02-11T17:34:39.472695-06:00 c0-0c2s1n2 ACPI: (supports S0 S1 S3 S5)
2015-02-11T17:34:39.472812-06:00 c0-0c2s1n2 ACPI: Using IOAPIC for interrupt routing
2015-02-11T17:34:39.497994-06:00 c0-0c2s1n2 ACPI: No dock devices found.
2015-02-11T17:34:39.522979-06:00 c0-0c2s1n2 HEST: Table parsing disabled.
2015-02-11T17:34:39.523216-06:00 c0-0c2s1n2 PCI: Using host bridge windows from ACPI; if necessary, use "pci=nocrs" and report a bug
2015-02-11T17:34:39.548104-06:00 c0-0c2s1n2 ACPI: PCI Root Bridge [PCI0] (domain 0000 [bus 00-fe])
2015-02-11T17:34:39.548311-06:00 c0-0c2s1n2 pci_root PNP0A08:00: host bridge window [io  0x0000-0x03af]
2015-02-11T17:34:39.573329-06:00 c0-0c2s1n2 pci_root PNP0A08:00: host bridge window [io  0x03e0-0x0cf7]
2015-02-11T17:34:39.573654-06:00 c0-0c2s1n2 pci_root PNP0A08:00: host bridge window [io  0x0d00-0xffff]
2015-02-11T17:34:39.573889-06:00 c0-0c2s1n2 pci_root PNP0A08:00: host bridge window [mem 0x000c0000-0x000dffff]
2015-02-11T17:34:39.598818-06:00 c0-0c2s1n2 pci_root PNP0A08:00: host bridge window [mem 0x80000000-0xfbffffff]
2015-02-11T17:34:39.623840-06:00 c0-0c2s1n2 pci_root PNP0A08:00: host bridge window [mem 0x1080000000-0x3c3fffffffff]
2015-02-11T17:34:39.624179-06:00 c0-0c2s1n2 pci 0000:00:02.0: PCI bridge to [bus 01-01]
2015-02-11T17:34:39.624354-06:00 c0-0c2s1n2 pci 0000:00:03.0: PCI bridge to [bus 02-02]
2015-02-11T17:34:39.624551-06:00 c0-0c2s1n2 pci 0000:00:03.2: PCI bridge to [bus 03-03]
2015-02-11T17:34:39.624758-06:00 c0-0c2s1n2 pci 0000:00:11.0: PCI bridge to [bus 04-04]
2015-02-11T17:34:39.649410-06:00 c0-0c2s1n2 pci 0000:00:1e.0: PCI bridge to [bus 05-05] (subtractive decode)
2015-02-11T17:34:39.674320-06:00 c0-0c2s1n2 pci0000:00: Unable to request _OSC control (_OSC support mask: 0x19)
2015-02-11T17:34:39.699635-06:00 c0-0c2s1n2 ACPI: PCI Root Bridge [UNC0] (domain 0000 [bus ff])
2015-02-11T17:34:39.700111-06:00 c0-0c2s1n2 pci0000:ff: Unable to request _OSC control (_OSC support mask: 0x19)
2015-02-11T17:34:39.725041-06:00 c0-0c2s1n2 ACPI: PCI Interrupt Link [LNKA] (IRQs 3 4 5 6 7 10 *11 12 14 15)
2015-02-11T17:34:39.725419-06:00 c0-0c2s1n2 ACPI: PCI Interrupt Link [LNKB] (IRQs 3 4 5 6 7 *10 11 12 14 15)
2015-02-11T17:34:39.750179-06:00 c0-0c2s1n2 ACPI: PCI Interrupt Link [LNKC] (IRQs 3 4 *5 6 10 11 12 14 15)
2015-02-11T17:34:39.750472-06:00 c0-0c2s1n2 ACPI: PCI Interrupt Link [LNKD] (IRQs *3 4 5 6 10 11 12 14 15)
2015-02-11T17:34:39.775535-06:00 c0-0c2s1n2 ACPI: PCI Interrupt Link [LNKE] (IRQs 3 4 5 6 7 10 11 12 14 15) *0
2015-02-11T17:34:39.775813-06:00 c0-0c2s1n2 ACPI: PCI Interrupt Link [LNKF] (IRQs 3 4 5 6 7 10 11 12 14 15) *0
2015-02-11T17:34:39.776154-06:00 c0-0c2s1n2 ACPI: PCI Interrupt Link [LNKG] (IRQs 3 4 5 6 7 10 11 12 14 15) *0
2015-02-11T17:34:39.800874-06:00 c0-0c2s1n2 ACPI: PCI Interrupt Link [LNKH] (IRQs 3 4 5 6 *7 10 11 12 14 15)
2015-02-11T17:34:39.800944-06:00 c0-0c2s1n2 vgaarb: loaded
2015-02-11T17:34:39.801086-06:00 c0-0c2s1n2 SCSI subsystem initialized
2015-02-11T17:34:39.801223-06:00 c0-0c2s1n2 PCI: Using ACPI for IRQ routing
2015-02-11T17:34:39.826193-06:00 c0-0c2s1n2 Switching to clocksource hpet
2015-02-11T17:34:39.826509-06:00 c0-0c2s1n2 pnp: PnP ACPI init
2015-02-11T17:34:39.851172-06:00 c0-0c2s1n2 ACPI: bus type pnp registered
2015-02-11T17:34:39.851536-06:00 c0-0c2s1n2 system 00:01: [mem 0xfc000000-0xfcffffff] has been reserved
2015-02-11T17:34:39.876476-06:00 c0-0c2s1n2 system 00:01: [mem 0xfd000000-0xfdffffff] has been reserved
2015-02-11T17:34:39.876789-06:00 c0-0c2s1n2 system 00:01: [mem 0xfe000000-0xfeafffff] has been reserved
2015-02-11T17:34:39.877123-06:00 c0-0c2s1n2 system 00:01: [mem 0xfeb00000-0xfebfffff] has been reserved
2015-02-11T17:34:39.901919-06:00 c0-0c2s1n2 system 00:01: [mem 0xfed00400-0xfed3ffff] could not be reserved
2015-02-11T17:34:39.902159-06:00 c0-0c2s1n2 system 00:01: [mem 0xfed45000-0xfedfffff] has been reserved
2015-02-11T17:34:39.927227-06:00 c0-0c2s1n2 system 00:02: [mem 0xfbffc000-0xfbffdfff] has been reserved
2015-02-11T17:34:39.927444-06:00 c0-0c2s1n2 system 00:06: [io  0x04d0-0x04d1] has been reserved
2015-02-11T17:34:39.927760-06:00 c0-0c2s1n2 system 00:08: [io  0x0400-0x0453] has been reserved
2015-02-11T17:34:39.952470-06:00 c0-0c2s1n2 system 00:08: [io  0x0458-0x047f] has been reserved
2015-02-11T17:34:39.952790-06:00 c0-0c2s1n2 system 00:08: [io  0x1180-0x119f] has been reserved
2015-02-11T17:34:39.977730-06:00 c0-0c2s1n2 system 00:08: [io  0x0500-0x057f] has been reserved
2015-02-11T17:34:39.978085-06:00 c0-0c2s1n2 system 00:08: [mem 0xfed1c000-0xfed1ffff] has been reserved
2015-02-11T17:34:39.978312-06:00 c0-0c2s1n2 system 00:08: [mem 0xfec00000-0xfecfffff] could not be reserved
2015-02-11T17:34:40.003024-06:00 c0-0c2s1n2 system 00:08: [mem 0xfed08000-0xfed08fff] has been reserved
2015-02-11T17:34:40.003342-06:00 c0-0c2s1n2 system 00:08: [mem 0xff000000-0xffffffff] has been reserved
2015-02-11T17:34:40.028220-06:00 c0-0c2s1n2 system 00:09: [io  0x0454-0x0457] has been reserved
2015-02-11T17:34:40.028434-06:00 c0-0c2s1n2 pnp: PnP ACPI: found 12 devices
2015-02-11T17:34:40.028575-06:00 c0-0c2s1n2 ACPI: ACPI bus type pnp unregistered
2015-02-11T17:34:40.053354-06:00 c0-0c2s1n2 pci 0000:00:02.0: PCI bridge to [bus 01-01]
2015-02-11T17:34:40.053572-06:00 c0-0c2s1n2 pci 0000:00:02.0:   bridge window [io  disabled]
2015-02-11T17:34:40.078546-06:00 c0-0c2s1n2 pci 0000:00:02.0:   bridge window [mem disabled]
2015-02-11T17:34:40.078944-06:00 c0-0c2s1n2 pci 0000:00:02.0:   bridge window [mem 0x3c0000000000-0x3c20000fffff 64bit pref]
2015-02-11T17:34:40.079151-06:00 c0-0c2s1n2 pci 0000:00:03.0: PCI bridge to [bus 02-02]
2015-02-11T17:34:40.103889-06:00 c0-0c2s1n2 pci 0000:00:03.0:   bridge window [io  disabled]
2015-02-11T17:34:40.104188-06:00 c0-0c2s1n2 pci 0000:00:03.0:   bridge window [mem disabled]
2015-02-11T17:34:40.104463-06:00 c0-0c2s1n2 pci 0000:00:03.0:   bridge window [mem pref disabled]
2015-02-11T17:34:40.129145-06:00 c0-0c2s1n2 pci 0000:00:03.2: PCI bridge to [bus 03-03]
2015-02-11T17:34:40.129368-06:00 c0-0c2s1n2 pci 0000:00:03.2:   bridge window [io  disabled]
2015-02-11T17:34:40.129591-06:00 c0-0c2s1n2 pci 0000:00:03.2:   bridge window [mem disabled]
2015-02-11T17:34:40.154319-06:00 c0-0c2s1n2 pci 0000:00:03.2:   bridge window [mem pref disabled]
2015-02-11T17:34:40.154573-06:00 c0-0c2s1n2 pci 0000:00:11.0: PCI bridge to [bus 04-04]
2015-02-11T17:34:40.154849-06:00 c0-0c2s1n2 pci 0000:00:11.0:   bridge window [io  0xe000-0xefff]
2015-02-11T17:34:40.179670-06:00 c0-0c2s1n2 pci 0000:00:11.0:   bridge window [mem 0xfbe00000-0xfbefffff]
2015-02-11T17:34:40.180043-06:00 c0-0c2s1n2 pci 0000:00:11.0:   bridge window [mem 0x3c2000400000-0x3c20008fffff 64bit pref]
2015-02-11T17:34:40.204832-06:00 c0-0c2s1n2 pci 0000:00:1e.0: PCI bridge to [bus 05-05]
2015-02-11T17:34:40.205155-06:00 c0-0c2s1n2 pci 0000:00:1e.0:   bridge window [io  disabled]
2015-02-11T17:34:40.205395-06:00 c0-0c2s1n2 pci 0000:00:1e.0:   bridge window [mem disabled]
2015-02-11T17:34:40.205590-06:00 c0-0c2s1n2 pci 0000:00:1e.0:   bridge window [mem pref disabled]
2015-02-11T17:34:40.230403-06:00 c0-0c2s1n2 pci 0000:00:02.0: PCI INT A -> GSI 32 (level, low) -> IRQ 32
2015-02-11T17:34:40.230647-06:00 c0-0c2s1n2 pci 0000:00:03.0: PCI INT A -> GSI 40 (level, low) -> IRQ 40
2015-02-11T17:34:40.255559-06:00 c0-0c2s1n2 pci 0000:00:03.2: PCI INT A -> GSI 40 (level, low) -> IRQ 40
2015-02-11T17:34:40.255727-06:00 c0-0c2s1n2 pci 0000:00:11.0: PCI INT A -> GSI 16 (level, low) -> IRQ 16
2015-02-11T17:34:40.255848-06:00 c0-0c2s1n2 NET: Registered protocol family 2
2015-02-11T17:34:40.281003-06:00 c0-0c2s1n2 IP route cache hash table entries: 524288 (order: 10, 4194304 bytes)
2015-02-11T17:34:40.281234-06:00 c0-0c2s1n2 TCP established hash table entries: 524288 (order: 11, 8388608 bytes)
2015-02-11T17:34:40.306054-06:00 c0-0c2s1n2 TCP bind hash table entries: 65536 (order: 8, 1048576 bytes)
2015-02-11T17:34:40.306348-06:00 c0-0c2s1n2 TCP: Hash tables configured (established 524288 bind 65536)
2015-02-11T17:34:40.331242-06:00 c0-0c2s1n2 TCP reno registered
2015-02-11T17:34:40.331346-06:00 c0-0c2s1n2 UDP hash table entries: 32768 (order: 8, 1048576 bytes)
2015-02-11T17:34:40.331638-06:00 c0-0c2s1n2 UDP-Lite hash table entries: 32768 (order: 8, 1048576 bytes)
2015-02-11T17:34:40.331785-06:00 c0-0c2s1n2 NET: Registered protocol family 1
2015-02-11T17:34:40.356552-06:00 c0-0c2s1n2 RPC: Registered named UNIX socket transport module.
2015-02-11T17:34:40.356710-06:00 c0-0c2s1n2 RPC: Registered udp transport module.
2015-02-11T17:34:40.356853-06:00 c0-0c2s1n2 RPC: Registered tcp transport module.
2015-02-11T17:34:40.381627-06:00 c0-0c2s1n2 RPC: Registered tcp NFSv4.1 backchannel transport module.
2015-02-11T17:34:40.381967-06:00 c0-0c2s1n2 pci 0000:00:1a.0: PCI INT A -> GSI 16 (level, low) -> IRQ 16
2015-02-11T17:34:40.407193-06:00 c0-0c2s1n2 pci 0000:00:1a.0: PCI INT A disabled
2015-02-11T17:34:40.407332-06:00 c0-0c2s1n2 pci 0000:00:1d.0: PCI INT A -> GSI 23 (level, low) -> IRQ 23
2015-02-11T17:34:40.457670-06:00 c0-0c2s1n2 pci 0000:00:1d.0: PCI INT A disabled
2015-02-11T17:34:40.457806-06:00 c0-0c2s1n2 Trying to unpack rootfs image as initramfs...
2015-02-11T17:34:40.886474-06:00 c0-0c2s1n2 Freeing initrd memory: 12352k freed
2015-02-11T17:34:40.911552-06:00 c0-0c2s1n2 DMAR: Device scope device [0000:00:01.01] not found
2015-02-11T17:34:40.911712-06:00 c0-0c2s1n2 DMAR: Device scope device [0000:00:01.01] not found
2015-02-11T17:34:40.911783-06:00 c0-0c2s1n2 PCI-DMA: Using software bounce buffering for IO (SWIOTLB)
2015-02-11T17:34:40.936756-06:00 c0-0c2s1n2 Placing 64MB software IO TLB between ffff88007a67c000 - ffff88007e67c000
2015-02-11T17:34:40.936933-06:00 c0-0c2s1n2 software IO TLB at phys 0x7a67c000 - 0x7e67c000
2015-02-11T17:34:40.961999-06:00 c0-0c2s1n2 Machine check injector initialized
2015-02-11T17:34:40.962243-06:00 c0-0c2s1n2 futex hash table entries: 4096 (order: 6, 262144 bytes)
2015-02-11T17:34:40.987306-06:00 c0-0c2s1n2 Registering pnotify support for (name=job)
2015-02-11T17:34:40.987326-06:00 c0-0c2s1n2 CSA: initialized
2015-02-11T17:34:40.987475-06:00 c0-0c2s1n2 audit: initializing netlink socket (disabled)
2015-02-11T17:34:40.987658-06:00 c0-0c2s1n2 type=2000 audit(1423697674.496:1): initialized
2015-02-11T17:34:41.037967-06:00 c0-0c2s1n2 HugeTLB registered 2 MB page size, pre-allocated 0 pages
2015-02-11T17:34:41.038067-06:00 c0-0c2s1n2 VFS: Disk quotas dquot_6.5.2
2015-02-11T17:34:41.063152-06:00 c0-0c2s1n2 Dquot-cache hash table entries: 512 (order 0, 4096 bytes)
2015-02-11T17:34:41.063373-06:00 c0-0c2s1n2 Installing knfsd (copyright (C) 1996 okir@monad.swb.de).
2015-02-11T17:34:41.088199-06:00 c0-0c2s1n2 fuse init (API version 7.16)
2015-02-11T17:34:41.088368-06:00 c0-0c2s1n2 Installing v9fs 9p2000 file system support
2015-02-11T17:34:41.088532-06:00 c0-0c2s1n2 msgmni has been set to 32268
2015-02-11T17:34:41.088760-06:00 c0-0c2s1n2 Block layer SCSI generic (bsg) driver version 0.4 loaded (major 254)
2015-02-11T17:34:41.113420-06:00 c0-0c2s1n2 io scheduler noop registered (default)
2015-02-11T17:34:41.113561-06:00 c0-0c2s1n2 io scheduler deadline registered
2015-02-11T17:34:41.113651-06:00 c0-0c2s1n2 io scheduler cfq registered
2015-02-11T17:34:41.138786-06:00 c0-0c2s1n2 input: Power Button as /devices/LNXSYSTM:00/LNXSYBUS:00/PNP0C0C:00/input/input0
2015-02-11T17:34:41.138918-06:00 c0-0c2s1n2 ACPI: Power Button [PWRB]
2015-02-11T17:34:41.163788-06:00 c0-0c2s1n2 input: Power Button as /devices/LNXSYSTM:00/LNXPWRBN:00/input/input1
2015-02-11T17:34:41.164006-06:00 c0-0c2s1n2 ACPI: Power Button [PWRF]
2015-02-11T17:34:41.264920-06:00 c0-0c2s1n2 ERST: Error Record Serialization Table (ERST) support is disabled.
2015-02-11T17:34:41.264973-06:00 c0-0c2s1n2 GHES: HEST is not enabled!
2015-02-11T17:34:41.315457-06:00 c0-0c2s1n2 Serial: 8250/16550 driver, 2 ports, IRQ sharing disabled
2015-02-11T17:34:41.315506-06:00 c0-0c2s1n2 serial8250: ttyS0 at I/O 0x3f8 (irq = 4) is a 16550A
2015-02-11T17:34:41.416277-06:00 c0-0c2s1n2 serial8250: ttyS1 at I/O 0x2f8 (irq = 3) is a 16550A
2015-02-11T17:34:41.517178-06:00 c0-0c2s1n2 Real Time Clock Driver v1.12b
2015-02-11T17:34:41.517239-06:00 c0-0c2s1n2 Linux agpgart interface v0.103
2015-02-11T17:34:41.517372-06:00 c0-0c2s1n2 brd: module loaded
2015-02-11T17:34:41.542336-06:00 c0-0c2s1n2 loop: module loaded
2015-02-11T17:34:41.542469-06:00 c0-0c2s1n2 Loading iSCSI transport class v2.0-870.
2015-02-11T17:34:41.542564-06:00 c0-0c2s1n2 iscsi: registered transport (tcp)
2015-02-11T17:34:41.567549-06:00 c0-0c2s1n2 Rounding down aligned max_sectors from 4294967295 to 4294967288
2015-02-11T17:34:41.567679-06:00 c0-0c2s1n2 console [netcon0] enabled
2015-02-11T17:34:41.567818-06:00 c0-0c2s1n2 netconsole: network logging started
2015-02-11T17:34:41.567914-06:00 c0-0c2s1n2 i8042: PNP: No PS/2 controller found. Probing ports directly.
2015-02-11T17:34:41.966438-06:00 c0-0c2s1n2 Refined TSC clocksource calibration: 2599.999 MHz.
2015-02-11T17:34:41.966494-06:00 c0-0c2s1n2 Switching to clocksource tsc
2015-02-11T17:34:42.613914-06:00 c0-0c2s1n2 i8042: No controller found
2015-02-11T17:34:42.613997-06:00 c0-0c2s1n2 EDAC MC: Ver: 2.1.0
2015-02-11T17:34:42.614114-06:00 c0-0c2s1n2 cpuidle: using governor ladder
2015-02-11T17:34:42.639056-06:00 c0-0c2s1n2 cpuidle: using governor menu
2015-02-11T17:34:42.639195-06:00 c0-0c2s1n2 oprofile: using NMI interrupt.
2015-02-11T17:34:42.639434-06:00 c0-0c2s1n2 TCP cubic registered
2015-02-11T17:34:42.639443-06:00 c0-0c2s1n2 NET: Registered protocol family 10
2015-02-11T17:34:42.639463-06:00 c0-0c2s1n2 IPv6 over IPv4 tunneling driver
2015-02-11T17:34:42.664421-06:00 c0-0c2s1n2 NET: Registered protocol family 17
2015-02-11T17:34:42.664523-06:00 c0-0c2s1n2 Installing 9P2000 support
2015-02-11T17:34:42.664631-06:00 c0-0c2s1n2 Registering the dns_resolver key type
2015-02-11T17:34:44.325584-06:00 c0-0c2s1n2 registered taskstats version 1
2015-02-11T17:34:44.325605-06:00 c0-0c2s1n2 Freeing unused kernel memory: 692k freed
2015-02-11T17:34:44.325613-06:00 c0-0c2s1n2 ghal_init:Cray(R) Gemini Hardware Abstraction Layer - version 1.0107
2015-02-11T17:34:44.325622-06:00 c0-0c2s1n2 ghal_init:Copyright (C) 2007-1012 Cray Inc.
2015-02-11T17:34:44.325637-06:00 c0-0c2s1n2 ghal 0000:01:00.1: enabling device (0000 -> 0002)
2015-02-11T17:34:44.325643-06:00 c0-0c2s1n2 udev: starting version 147
2015-02-11T17:34:44.325665-06:00 c0-0c2s1n2 simplex: module license 'unspecified' taints kernel.
2015-02-11T17:34:44.325683-06:00 c0-0c2s1n2 hss-os: communication area 0xffff8810083c9800 (phys 0x10083c9800)
2015-02-11T17:34:44.325694-06:00 c0-0c2s1n2 hss-os: new channel 1
2015-02-11T17:34:44.569381-06:00 c0-0c2s1n2 request_sys_info_from_L0: No tile dimension data
2015-02-11T17:34:44.569391-06:00 c0-0c2s1n2 hss-os: new channel 2
2015-02-11T17:34:44.569398-06:00 c0-0c2s1n2 kgni_init:Cray(R) Gemini Network Interface - Sep 17 2014 version 0x004500b7 rev 9750
2015-02-11T17:34:44.569405-06:00 c0-0c2s1n2 kgni_init:Copyright (C) 2007,2008 Cray Inc.
2015-02-11T17:34:44.569416-06:00 c0-0c2s1n2 ipogif_init:Cray(R) Gemini IP over Fabric device driver - version 0.17
2015-02-11T17:34:44.569422-06:00 c0-0c2s1n2 ipogif_init:Copyright (C) 2007 Cray Inc.
2015-02-11T17:34:44.569432-06:00 c0-0c2s1n2 ipogif_probe:Immediate checksum off
2015-02-11T17:34:44.569441-06:00 c0-0c2s1n2 Cray(R) Gemini Performance Counter Daemon - version 0.1
2015-02-11T17:34:44.569446-06:00 c0-0c2s1n2 GEMINI Performance Counter Daemon.
2015-02-11T17:34:44.569452-06:00 c0-0c2s1n2 Cray(R) Kernel Dynamic Registration (KDREG) Interface - version 0x2243e
2015-02-11T17:34:44.569456-06:00 c0-0c2s1n2 Copyright (C) 2004-5 Pete Wyckoff - modified by Cray(R)
2015-02-11T17:34:44.719564-06:00 c0-0c2s1n2 ipogif_up:Bringing interface up
2015-02-11T17:34:44.820387-06:00 c0-0c2s1n2 Sending ec_node_info with boot code 0 (NODE_INFO_OS_BOOT) for nid 134
2015-02-11T17:34:44.820395-06:00 c0-0c2s1n2 net.core.rmem_max = 16777216
2015-02-11T17:34:44.820401-06:00 c0-0c2s1n2 net.core.wmem_max = 16777216
2015-02-11T17:34:44.820406-06:00 c0-0c2s1n2 net.core.rmem_default = 16777216
2015-02-11T17:34:44.820415-06:00 c0-0c2s1n2 net.core.wmem_default = 16777216
2015-02-11T17:34:44.820424-06:00 c0-0c2s1n2 net.core.optmem_max = 16777216
2015-02-11T17:34:44.820486-06:00 c0-0c2s1n2 net.ipv4.tcp_mem = 16777216 16777216 16777216
2015-02-11T17:34:44.820523-06:00 c0-0c2s1n2 net.ipv4.tcp_rmem = 4096 87380 16777216
2015-02-11T17:34:44.820615-06:00 c0-0c2s1n2 net.ipv4.tcp_wmem = 4096 65536 16777216
2015-02-11T17:34:44.820627-06:00 c0-0c2s1n2 Using rootfs config: nfs-shared...
2015-02-11T17:34:44.820664-06:00 c0-0c2s1n2 rootfs mount succeeded.
2015-02-11T17:34:44.820695-06:00 c0-0c2s1n2 **********************************************************
2015-02-11T17:34:44.820715-06:00 c0-0c2s1n2    HOSTNAME: nid00134
2015-02-11T17:34:44.845601-06:00 c0-0c2s1n2 **********************************************************
2015-02-11T17:34:44.845707-06:00 c0-0c2s1n2 ipogif0   Link encap:Ethernet  HWaddr 00:01:01:00:00:86  
2015-02-11T17:34:44.845756-06:00 c0-0c2s1n2          inet addr:10.128.0.135  Mask:255.252.0.0
2015-02-11T17:34:44.885431-06:00 c0-0c2s1n2          inet6 addr: fe80::201:1ff:fe00:86/64 Scope:Link
2015-02-11T17:34:44.885714-06:00 c0-0c2s1n2          UP RUNNING NOARP  MTU:65520  Metric:1
2015-02-11T17:34:44.885728-06:00 c0-0c2s1n2          RX packets:21 errors:0 dropped:0 overruns:0 frame:0
2015-02-11T17:34:44.885753-06:00 c0-0c2s1n2          TX packets:28 errors:0 dropped:0 overruns:0 carrier:0
2015-02-11T17:34:44.885765-06:00 c0-0c2s1n2          collisions:0 txqueuelen:1000 
2015-02-11T17:34:44.885793-06:00 c0-0c2s1n2          RX bytes:2496 (2.4 KiB)  TX bytes:2540 (2.4 KiB)
2015-02-11T17:34:44.885805-06:00 c0-0c2s1n2 lo        Link encap:Local Loopback  
2015-02-11T17:34:44.885816-06:00 c0-0c2s1n2          inet addr:127.0.0.1  Mask:255.0.0.0
2015-02-11T17:34:44.885832-06:00 c0-0c2s1n2          inet6 addr: ::1/128 Scope:Host
2015-02-11T17:34:44.885845-06:00 c0-0c2s1n2          UP LOOPBACK RUNNING  MTU:16436  Metric:1
2015-02-11T17:34:44.885868-06:00 c0-0c2s1n2          RX packets:0 errors:0 dropped:0 overruns:0 frame:0
2015-02-11T17:34:44.885879-06:00 c0-0c2s1n2          TX packets:0 errors:0 dropped:0 overruns:0 carrier:0
2015-02-11T17:34:44.885905-06:00 c0-0c2s1n2          collisions:0 txqueuelen:0 
2015-02-11T17:34:44.885917-06:00 c0-0c2s1n2          RX bytes:0 (0.0 B)  TX bytes:0 (0.0 B)
2015-02-11T17:34:44.885934-06:00 c0-0c2s1n2 Mounting NID specific /etc (nid=134)...
2015-02-11T17:34:44.885980-06:00 c0-0c2s1n2 done.
2015-02-11T17:34:45.077668-06:00 c0-0c2s1n2 INIT: version 2.86 booting
2015-02-11T17:34:45.077696-06:00 c0-0c2s1n2 System Boot Control: Running /etc/init.d/boot
2015-02-11T17:34:45.077708-06:00 c0-0c2s1n2 Mounting sysfs at /sys7[?25l
2015-02-11T17:34:45.077717-06:00 c0-0c2s1n2 [80C[10D[1;32mdone[m8[?25h
2015-02-11T17:34:45.077818-06:00 c0-0c2s1n2 Copying static /dev content7[?25l
2015-02-11T17:34:45.077829-06:00 c0-0c2s1n2 [80C[10D[1;32mdone[m8[?25h
2015-02-11T17:34:45.102693-06:00 c0-0c2s1n2 Mounting tmpfs at /dev/shm7[?25l
2015-02-11T17:34:45.102716-06:00 c0-0c2s1n2 [80C[10D[1;32mdone[m8[?25h
2015-02-11T17:34:45.102739-06:00 c0-0c2s1n2 Mounting devpts at /dev/pts7[?25l
2015-02-11T17:34:45.102751-06:00 c0-0c2s1n2 [80C[10D[1;32mdone[m8[?25h
2015-02-11T17:34:45.127921-06:00 c0-0c2s1n2 Boot logging started on /dev/ttyS0(/dev/console) at Wed Feb 11 17:34:38 2015
2015-02-11T17:34:45.128346-06:00 c0-0c2s1n2 Mounting debugfs at /sys/kernel/debug7[?25l
2015-02-11T17:34:45.128351-06:00 c0-0c2s1n2 [80C[10D[1;32mdone[m8[?25h
2015-02-11T17:34:45.228858-06:00 c0-0c2s1n2 [m[?25hNo efivars filesystem driver available.[m[?25hStarting udevd: udev: starting version 147
2015-02-11T17:34:45.228900-06:00 c0-0c2s1n2 7[?25l
2015-02-11T17:34:45.228908-06:00 c0-0c2s1n2 [80C[10D[1;32mdone[m8[?25h
2015-02-11T17:34:45.279522-06:00 c0-0c2s1n2 Loading drivers, configuring devices: usbcore: registered new interface driver usbfs
2015-02-11T17:34:45.279573-06:00 c0-0c2s1n2 ahci 0000:00:1f.2: PCI INT B -> GSI 19 (level, low) -> IRQ 19
2015-02-11T17:34:45.279593-06:00 c0-0c2s1n2 usbcore: registered new interface driver hub
2015-02-11T17:34:45.304493-06:00 c0-0c2s1n2 usbcore: registered new device driver usb
2015-02-11T17:34:45.329829-06:00 c0-0c2s1n2 ahci 0000:00:1f.2: forcing PORTS_IMPL to 0x3f
2015-02-11T17:34:45.329878-06:00 c0-0c2s1n2 ahci 0000:00:1f.2: AHCI 0001.0300 32 slots 6 ports 6 Gbps 0x3f impl SATA mode
2015-02-11T17:34:45.330022-06:00 c0-0c2s1n2 ahci 0000:00:1f.2: flags: 64bit ncq sntf pm led clo pio slum part ems apst 
2015-02-11T17:34:45.330045-06:00 c0-0c2s1n2 scsi0 : ahci
2015-02-11T17:34:45.330136-06:00 c0-0c2s1n2 ehci_hcd: USB 2.0 'Enhanced' Host Controller (EHCI) Driver
2015-02-11T17:34:45.330186-06:00 c0-0c2s1n2 scsi1 : ahci
2015-02-11T17:34:45.330206-06:00 c0-0c2s1n2 scsi2 : ahci
2015-02-11T17:34:45.330218-06:00 c0-0c2s1n2 scsi3 : ahci
2015-02-11T17:34:45.355061-06:00 c0-0c2s1n2 scsi4 : ahci
2015-02-11T17:34:45.355086-06:00 c0-0c2s1n2 scsi5 : ahci
2015-02-11T17:34:45.355170-06:00 c0-0c2s1n2 ata2: SATA max UDMA/133 abar m2048@0xfbf00000 port 0xfbf00100 irq 164
2015-02-11T17:34:45.380379-06:00 c0-0c2s1n2 ata3: SATA max UDMA/133 abar m2048@0xfbf00000 port 0xfbf00180 irq 164
2015-02-11T17:34:45.380556-06:00 c0-0c2s1n2 ata4: SATA max UDMA/133 abar m2048@0xfbf00000 port 0xfbf00200 irq 164
2015-02-11T17:34:45.405711-06:00 c0-0c2s1n2 ata5: SATA max UDMA/133 abar m2048@0xfbf00000 port 0xfbf00280 irq 164
2015-02-11T17:34:45.405885-06:00 c0-0c2s1n2 ata6: SATA max UDMA/133 abar m2048@0xfbf00000 port 0xfbf00300 irq 164
2015-02-11T17:34:45.430892-06:00 c0-0c2s1n2 ata7: SATA max UDMA/133 abar m2048@0xfbf00000 port 0xfbf00380 irq 164
2015-02-11T17:34:45.430981-06:00 c0-0c2s1n2 ehci_hcd 0000:00:1a.0: PCI INT A -> GSI 16 (level, low) -> IRQ 16
2015-02-11T17:34:45.431072-06:00 c0-0c2s1n2 ehci_hcd 0000:00:1a.0: EHCI Host Controller
2015-02-11T17:34:45.431193-06:00 c0-0c2s1n2 ehci_hcd 0000:00:1a.0: new USB bus registered, assigned bus number 1
2015-02-11T17:34:45.456083-06:00 c0-0c2s1n2 ehci_hcd 0000:00:1a.0: debug port 2
2015-02-11T17:34:45.456192-06:00 c0-0c2s1n2 ehci_hcd 0000:00:1a.0: irq 16, io mem 0xfbf02000
2015-02-11T17:34:45.506486-06:00 c0-0c2s1n2 ehci_hcd 0000:00:1a.0: USB 2.0 started, EHCI 1.00
2015-02-11T17:34:45.506569-06:00 c0-0c2s1n2 hub 1-0:1.0: USB hub found
2015-02-11T17:34:45.506605-06:00 c0-0c2s1n2 hub 1-0:1.0: 2 ports detected
2015-02-11T17:34:45.506661-06:00 c0-0c2s1n2 ehci_hcd 0000:00:1d.0: PCI INT A -> GSI 23 (level, low) -> IRQ 23
2015-02-11T17:34:45.506706-06:00 c0-0c2s1n2 ehci_hcd 0000:00:1d.0: EHCI Host Controller
2015-02-11T17:34:45.531751-06:00 c0-0c2s1n2 ehci_hcd 0000:00:1d.0: new USB bus registered, assigned bus number 2
2015-02-11T17:34:45.531853-06:00 c0-0c2s1n2 ehci_hcd 0000:00:1d.0: debug port 2
2015-02-11T17:34:45.556905-06:00 c0-0c2s1n2 ehci_hcd 0000:00:1d.0: irq 23, io mem 0xfbf01000
2015-02-11T17:34:45.557050-06:00 c0-0c2s1n2 ehci_hcd 0000:00:1d.0: USB 2.0 started, EHCI 1.00
2015-02-11T17:34:45.582060-06:00 c0-0c2s1n2 hub 2-0:1.0: USB hub found
2015-02-11T17:34:45.607304-06:00 c0-0c2s1n2 hub 2-0:1.0: 2 ports detected
2015-02-11T17:34:45.825020-06:00 c0-0c2s1n2 usb 1-1: new high-speed USB device number 2 using ehci_hcd
2015-02-11T17:34:45.951526-06:00 c0-0c2s1n2 hub 1-1:1.0: USB hub found
2015-02-11T17:34:45.951592-06:00 c0-0c2s1n2 hub 1-1:1.0: 6 ports detected
2015-02-11T17:34:46.102544-06:00 c0-0c2s1n2 usb 2-1: new high-speed USB device number 2 using ehci_hcd
2015-02-11T17:34:46.228687-06:00 c0-0c2s1n2 hub 2-1:1.0: USB hub found
2015-02-11T17:34:46.228719-06:00 c0-0c2s1n2 hub 2-1:1.0: 8 ports detected
2015-02-11T17:34:46.455943-06:00 c0-0c2s1n2 ata3: failed to resume link (SControl 0)
2015-02-11T17:34:46.455993-06:00 c0-0c2s1n2 ata3: SATA link down (SStatus 0 SControl 0)
2015-02-11T17:34:46.456046-06:00 c0-0c2s1n2 ata4: failed to resume link (SControl 0)
2015-02-11T17:34:46.480985-06:00 c0-0c2s1n2 ata4: SATA link down (SStatus 0 SControl 0)
2015-02-11T17:34:46.481105-06:00 c0-0c2s1n2 ata7: failed to resume link (SControl 0)
2015-02-11T17:34:46.481207-06:00 c0-0c2s1n2 ata7: SATA link down (SStatus 0 SControl 0)
2015-02-11T17:34:46.506184-06:00 c0-0c2s1n2 ata2: failed to resume link (SControl 0)
2015-02-11T17:34:46.506257-06:00 c0-0c2s1n2 ata2: SATA link down (SStatus 0 SControl 0)
2015-02-11T17:34:46.506333-06:00 c0-0c2s1n2 ata5: failed to resume link (SControl 0)
2015-02-11T17:34:46.506370-06:00 c0-0c2s1n2 ata5: SATA link down (SStatus 0 SControl 0)
2015-02-11T17:34:46.506422-06:00 c0-0c2s1n2 ata6: failed to resume link (SControl 0)
2015-02-11T17:34:46.556644-06:00 c0-0c2s1n2 ata6: SATA link down (SStatus 0 SControl 0)
2015-02-11T17:34:46.556759-06:00 c0-0c2s1n2 7[?25l
2015-02-11T17:34:46.556773-06:00 c0-0c2s1n2 [80C[10D[1;32mdone[m8[?25h
2015-02-11T17:34:46.607274-06:00 c0-0c2s1n2 [m[?25hMounting /var from 10.131.255.254. Checking for nid=134 existance.
2015-02-11T17:34:46.758602-06:00 c0-0c2s1n2 7[?25l
2015-02-11T17:34:46.758610-06:00 c0-0c2s1n2 [80C[10D[1;32mdone[m8[?25h
2015-02-11T17:34:46.783878-06:00 c0-0c2s1n2 Mounting tmpfs on /tmp7[?25l
2015-02-11T17:34:46.783886-06:00 c0-0c2s1n2 [80C[10D[1;32mdone[m8[?25h
2015-02-11T17:34:46.783941-06:00 c0-0c2s1n2 Running sysctl using values from /etc/sysctl.conf
2015-02-11T17:34:46.783990-06:00 c0-0c2s1n2 net.ipv4.icmp_echo_ignore_broadcasts = 1
2015-02-11T17:34:46.784013-06:00 c0-0c2s1n2 net.ipv4.conf.all.rp_filter = 1
2015-02-11T17:34:46.809046-06:00 c0-0c2s1n2 fs.inotify.max_user_watches = 65536
2015-02-11T17:34:46.809095-06:00 c0-0c2s1n2 net.ipv4.conf.default.promote_secondaries = 1
2015-02-11T17:34:46.809140-06:00 c0-0c2s1n2 net.ipv4.conf.all.promote_secondaries = 1
2015-02-11T17:34:46.809161-06:00 c0-0c2s1n2 vm.min_free_kbytes = 102400
2015-02-11T17:34:46.809205-06:00 c0-0c2s1n2 7[?25l
2015-02-11T17:34:46.809213-06:00 c0-0c2s1n2 [80C[10D[1;32mdone[m8[?25h
2015-02-11T17:34:46.809264-06:00 c0-0c2s1n2 [m[?25hActivating swap-devices in /etc/fstab...
2015-02-11T17:34:46.834272-06:00 c0-0c2s1n2 7[?25l[1A
2015-02-11T17:34:46.834285-06:00 c0-0c2s1n2 [80C[10D[1;32mdone[m8[?25hroot file system (/) is NOT being checked.
2015-02-11T17:34:47.723389-06:00 c0-0c2s1n2 [m[?25hSet System Time to the current Hardware Clock7[?25l
2015-02-11T17:34:47.723403-06:00 c0-0c2s1n2 [80C[10D[1;32mdone[m8[?25h
2015-02-11T17:34:47.748707-06:00 c0-0c2s1n2 [m[?25hActivating device mapper...
2015-02-11T17:34:47.773861-06:00 c0-0c2s1n2 device-mapper: ioctl: 4.23.0-ioctl (2012-07-25) initialised: dm-devel@redhat.com
2015-02-11T17:34:47.773869-06:00 c0-0c2s1n2 7[?25l
2015-02-11T17:34:47.773876-06:00 c0-0c2s1n2 [80C[10D[1;32mdone[m8[?25h
2015-02-11T17:34:47.799115-06:00 c0-0c2s1n2 [m[?25hLoading required kernel modules
2015-02-11T17:34:47.849526-06:00 c0-0c2s1n2 7[?25l[1A
2015-02-11T17:34:47.849540-06:00 c0-0c2s1n2 [80C[10D[1;32mdone[m8[?25h[m[?25h[m[?25hWaiting for udev to settle...
2015-02-11T17:34:47.849598-06:00 c0-0c2s1n2 Scanning for LVM volume groups...
2015-02-11T17:34:47.849645-06:00 c0-0c2s1n2  Reading all physical volumes.  This may take a while...
2015-02-11T17:34:47.874761-06:00 c0-0c2s1n2  No volume groups found
2015-02-11T17:34:47.874786-06:00 c0-0c2s1n2  No volume groups found
2015-02-11T17:34:47.874810-06:00 c0-0c2s1n2 Activating LVM volume groups...
2015-02-11T17:34:47.874839-06:00 c0-0c2s1n2  PARTIAL MODE. Incomplete logical volumes will be processed.
2015-02-11T17:34:47.874862-06:00 c0-0c2s1n2  No volume groups found
2015-02-11T17:34:47.874882-06:00 c0-0c2s1n2 7[?25l
2015-02-11T17:34:47.874894-06:00 c0-0c2s1n2 [80C[10D[1;32mdone[m8[?25h
2015-02-11T17:34:47.899992-06:00 c0-0c2s1n2 [m[?25hNo fibre channel cards present.  Not waiting for disk devices. 
2015-02-11T17:34:47.925298-06:00 c0-0c2s1n2 [m[?25hChecking file systems...
2015-02-11T17:34:47.925377-06:00 c0-0c2s1n2 fsck from util-linux 2.19.1
2015-02-11T17:34:47.925397-06:00 c0-0c2s1n2 Checking all file systems.
2015-02-11T17:34:47.925426-06:00 c0-0c2s1n2 7[?25l[1A
2015-02-11T17:34:47.925439-06:00 c0-0c2s1n2 [80C[10D[1;32mdone[m8[?25hMounting local file systems...
2015-02-11T17:34:47.950580-06:00 c0-0c2s1n2 nothing was mounted
2015-02-11T17:34:48.203202-06:00 c0-0c2s1n2 7[?25l[1A
2015-02-11T17:34:48.203208-06:00 c0-0c2s1n2 [80C[10D[1;32mdone[m8[?25h[m[?25hCheck if the profiles matches the system7[?25l
2015-02-11T17:34:48.203217-06:00 c0-0c2s1n2 [80C[10D[1;32mdone[m8[?25h
2015-02-11T17:34:48.228444-06:00 c0-0c2s1n2 [m[?25hEnabling monitoring on LVM volume groups...
2015-02-11T17:34:48.228462-06:00 c0-0c2s1n2  No volume groups found
2015-02-11T17:34:48.253634-06:00 c0-0c2s1n2 7[?25l
2015-02-11T17:34:48.253646-06:00 c0-0c2s1n2 [80C[10D[1;32mdone[m8[?25h
2015-02-11T17:34:48.304165-06:00 c0-0c2s1n2 [m[?25h[m[?25h[m[?25h[m[?25h[m[?25hTurning quota on
2015-02-11T17:34:48.304185-06:00 c0-0c2s1n2 Checking quotas. This may take some time.
2015-02-11T17:34:48.304198-06:00 c0-0c2s1n2 7[?25l
2015-02-11T17:34:48.304214-06:00 c0-0c2s1n2 [80C[10D[1;32mdone[m8[?25h
2015-02-11T17:34:48.304296-06:00 c0-0c2s1n2 [m[?25hSetting current sysctl status from /etc/sysctl.conf7[?25l
2015-02-11T17:34:48.304304-06:00 c0-0c2s1n2 [80C[10D[1;32mdone[m8[?25h
2015-02-11T17:34:48.515730-06:00 c0-0c2s1n2 [m[?25hATTENTION: You have modified /etc/resolv.conf.  Leaving it untouched...
2015-02-11T17:34:48.515741-06:00 c0-0c2s1n2 You can find my version in /tmp/resolv.conf.1zJHaS ...
2015-02-11T17:34:48.515769-06:00 c0-0c2s1n2 touch: cannot touch `/etc/yp.conf': Read-only file system
2015-02-11T17:34:48.515781-06:00 c0-0c2s1n2 chmod: cannot access `/etc/yp.conf': No such file or directory
2015-02-11T17:34:48.540943-06:00 c0-0c2s1n2 touch: cannot touch `/etc/yp.conf': Read-only file system
2015-02-11T17:34:48.541002-06:00 c0-0c2s1n2 [m[?25hSystem Boot Control: The system has been 
2015-02-11T17:34:48.541010-06:00 c0-0c2s1n2 [80C[10D[1mset up[m
2015-02-11T17:34:48.541038-06:00 c0-0c2s1n2 Skipped features: [80C[19D[1;33mboot.efivars[m
2015-02-11T17:34:48.541057-06:00 c0-0c2s1n2 System Boot Control: Running /etc/init.d/boot.local
2015-02-11T17:34:48.566157-06:00 c0-0c2s1n2 7[?25l[1A
2015-02-11T17:34:48.566172-06:00 c0-0c2s1n2 [8
2015-02-11T17:34:48.566181-06:00 c0-0c2s1n2 INIT: Entering runlevel: 3
2015-02-11T17:34:48.602552-06:00 c0-0c2s1n2 Master Resource Control: previous runlevel: N, switching to runlevel: 
2015-02-11T17:34:48.602566-06:00 c0-0c2s1n2 [80C[10D[1m3[m
2015-02-11T17:34:48.627795-06:00 c0-0c2s1n2 Starting batchlimitd
2015-02-11T17:34:48.653039-06:00 c0-0c2s1n2 [m[?25hLoading nic compatibility device7[?25l
2015-02-11T17:34:48.653052-06:00 c0-0c2s1n2 [80C[10D[1;32mdone[m8[?25h
2015-02-11T17:34:48.792273-06:00 c0-0c2s1n2 [m[?25hbpmcd_init: Power statistics available in /sys/cray
2015-02-11T17:34:48.842692-06:00 c0-0c2s1n2 [m[?25hStarting D-Bus daemon7[?25l
2015-02-11T17:34:48.842710-06:00 c0-0c2s1n2 [80C[10D[1;32mdone[m8[?25h
2015-02-11T17:34:48.867901-06:00 c0-0c2s1n2 [m[?25hiSCSI Enterprise Target Software - version trunk
2015-02-11T17:34:48.867933-06:00 c0-0c2s1n2 iscsi_trgt: Registered io type fileio
2015-02-11T17:34:48.893119-06:00 c0-0c2s1n2 iscsi_trgt: Registered io type blockio
2015-02-11T17:34:48.893142-06:00 c0-0c2s1n2 iscsi_trgt: Registered io type nullio
2015-02-11T17:34:48.918348-06:00 c0-0c2s1n2 [m[?25hLNet: HW CPU cores: 16, npartitions: 4
2015-02-11T17:34:53.968797-06:00 c0-0c2s1n2 /etc/init.d/rc3.d/S01lnet: line 179: lctl: command not found
2015-02-11T17:34:53.968961-06:00 c0-0c2s1n2 [m[?25hRemoving old kernel packages...
2015-02-11T17:34:53.969019-06:00 c0-0c2s1n2 rm: cannot remove `/boot/do_purge_kernels': Read-only file system
2015-02-11T17:34:54.019359-06:00 c0-0c2s1n2 /sbin/purge-kernels: multiversion.kernels not configured in /etc/zypp/zypp.conf, exiting.
2015-02-11T17:34:54.019419-06:00 c0-0c2s1n2 7[?25l
2015-02-11T17:34:54.019432-06:00 c0-0c2s1n2 [80C[10D[1;32mdone[m8[?25h
2015-02-11T17:34:54.044679-06:00 c0-0c2s1n2 [m[?25hInitializing random number generator7[?25l
2015-02-11T17:34:54.044690-06:00 c0-0c2s1n2 [80C[10D[1;32mdone[m8[?25h
2015-02-11T17:34:54.145522-06:00 c0-0c2s1n2 [m[?25hCompat-rdma backport release: ac916cb
2015-02-11T17:34:54.145594-06:00 c0-0c2s1n2 Backport based on git://git.openfabrics.org/compat-rdma/compat.git 5268562
2015-02-11T17:34:54.170903-06:00 c0-0c2s1n2 compat.git: git://git.openfabrics.org/compat-rdma/compat.git
2015-02-11T17:34:54.247164-06:00 c0-0c2s1n2 Loading HCA driver and Access Layer:[60G[  [1;32mOK[0;39m  ]
2015-02-11T17:34:54.272015-06:00 c0-0c2s1n2 Setting up InfiniBand network interfaces:
2015-02-11T17:34:54.272039-06:00 c0-0c2s1n2 Setting up service network . . .[60G[  [0;39mdone[0;39m  ]
2015-02-11T17:34:54.414503-06:00 c0-0c2s1n2 [m[?25hSetting up (localfs) network interfaces:
2015-02-11T17:34:54.558895-06:00 c0-0c2s1n2    lo        
2015-02-11T17:34:54.584962-06:00 c0-0c2s1n2    lo        IP address: 127.0.0.1/8   
2015-02-11T17:34:54.610168-06:00 c0-0c2s1n2              IP address: 127.0.0.2/8   
2015-02-11T17:34:54.712136-06:00 c0-0c2s1n2 7[?25l[1A
2015-02-11T17:34:54.712144-06:00 c0-0c2s1n2 [80C[10D[1;32mdone[m8[?25h    ipogif0   
2015-02-11T17:34:54.712311-06:00 c0-0c2s1n2              No configuration found for ipogif0
2015-02-11T17:34:54.761872-06:00 c0-0c2s1n2 7[?25l[1A
2015-02-11T17:34:54.761877-06:00 c0-0c2s1n2 [80C[10D[1munused[m8[?25hSetting up service (localfs) network  .  .  .  .  .  .  .  .  .  .7[?25l
2015-02-11T17:34:54.761885-06:00 c0-0c2s1n2 [80C[10D[1;32mdone[m8[?25h
2015-02-11T17:34:54.787085-06:00 c0-0c2s1n2 [m[?25hCould not start BND as this is not the boot node.
2015-02-11T17:34:54.812315-06:00 c0-0c2s1n2 bootnodes are: 1 1 
2015-02-11T17:34:54.812325-06:00 c0-0c2s1n2 mynid=134
2015-02-11T17:34:54.837643-06:00 c0-0c2s1n2 [m[?25hS04cray-config-service: Mounting 9p configuration directory. 
2015-02-11T17:34:55.819377-06:00 c0-0c2s1n2 S04cray-config-service:   Success.  
2015-02-11T17:34:55.919874-06:00 c0-0c2s1n2 [m[?25h[m[?25hStarting hw_info_init on 134
2015-02-11T17:34:55.919884-06:00 c0-0c2s1n2 bootnodes are: 1 1 
2015-02-11T17:34:55.919902-06:00 c0-0c2s1n2 mynid=134
2015-02-11T17:34:56.614589-06:00 c0-0c2s1n2 [m[?25h[m[?25h 
2015-02-11T17:34:56.614600-06:00 c0-0c2s1n2 cray-syslog: **WARNING**  /etc/security/limits.conf MAY require hard and soft file limits 
2015-02-11T17:34:56.614606-06:00 c0-0c2s1n2 cray-syslog:              greater or equal to 8192 for proper LLM operation 
2015-02-11T17:34:56.614616-06:00 c0-0c2s1n2 cray-syslog:              when large number of jobs are launched concurrently.
2015-02-11T17:34:56.614639-06:00 c0-0c2s1n2 cray-syslog:              If you have failures running large number of concurrent jobs,
2015-02-11T17:34:56.614644-06:00 c0-0c2s1n2 cray-syslog:              you may wish to update the hard and soft nofile entries in 
2015-02-11T17:34:56.614649-06:00 c0-0c2s1n2 cray-syslog:              limits.conf as follows.
2015-02-11T17:34:56.614656-06:00 c0-0c2s1n2 
2015-02-11T17:34:56.614661-06:00 c0-0c2s1n2 cray-syslog: /etc/security/limits.conf: 
2015-02-11T17:34:56.614666-06:00 c0-0c2s1n2 cray-syslog: *  soft  nofile  8192
2015-02-11T17:34:56.614671-06:00 c0-0c2s1n2 cray-syslog: *  hard  nofile  8192
2015-02-11T17:34:56.614678-06:00 c0-0c2s1n2 
2015-02-11T17:34:57.371129-06:00 c0-0c2s1n2 cray-syslog: rsyslogd started as process 6744.
2015-02-11T17:34:58.372611-06:00 c0-0c2s1n2 cray-syslog: llmrd started as process  6757.
2015-02-11T17:34:58.423025-06:00 c0-0c2s1n2 [m[?25h[m[?25hStarting auditd startproc:  exit status of parent of /sbin/auditd: 6
2015-02-11T17:34:58.448276-06:00 c0-0c2s1n2 7[?25l
2015-02-11T17:34:58.448281-06:00 c0-0c2s1n2 [80C[10D[1;32mdone[m8[?25h
2015-02-11T17:34:58.549275-06:00 c0-0c2s1n2 [m[?25hStarting haveged daemon 7[?25l
2015-02-11T17:34:58.549284-06:00 c0-0c2s1n2 [80C[10D[1;32mdone[m8[?25h
2015-02-11T17:34:58.574585-06:00 c0-0c2s1n2 [m[?25hStarting rpcbind 7[?25l
2015-02-11T17:34:58.574591-06:00 c0-0c2s1n2 [80C[10D[1;32mdone[m8[?25h
2015-02-11T17:34:58.574639-06:00 c0-0c2s1n2 [m[?25hbootnodes are: 1 1 
2015-02-11T17:34:58.574665-06:00 c0-0c2s1n2 mynid=134
2015-02-11T17:34:58.599857-06:00 c0-0c2s1n2 [m[?25hNot starting NFS client services - no NFS found in /etc/fstab:
2015-02-11T17:34:58.599877-06:00 c0-0c2s1n2 [80C[10D[1munused[m
2015-02-11T17:34:58.650268-06:00 c0-0c2s1n2 [m[?25hStarting DVS service: DVS: Revision 1873 - Built: Sep 17 2014 @ 06:40:29 for lnet version 2.5
2015-02-11T17:34:58.700939-06:00 c0-0c2s1n2 Lustre: kgnilnd build version: 2.5-trunk-1.0502.17198.8.51-abuild-RB-5.2UP02_2.5.1-2014-09-17-06:59
2015-02-11T17:34:58.816762-06:00 c0-0c2s1n2 LNet: Added LNI 134@gni [16/512/0/0]
2015-02-11T17:34:59.806730-06:00 c0-0c2s1n2 7[?25l
2015-02-11T17:34:59.806735-06:00 c0-0c2s1n2 [80C[10D[1;32mdone[m8[?25h
2015-02-11T17:34:59.831852-06:00 c0-0c2s1n2 [m[?25hStarting java.binfmt_misc 7[?25l
2015-02-11T17:34:59.831865-06:00 c0-0c2s1n2 [80C[10D[1;32mdone[m8[?25h
2015-02-11T17:34:59.869712-06:00 c0-0c2s1n2 [m[?25hStarting mcelog... 7[?25l
2015-02-11T17:34:59.869721-06:00 c0-0c2s1n2 [80C[10D[1;32mdone[m8[?25h
2015-02-11T17:34:59.970557-06:00 c0-0c2s1n2 [m[?25hSetting up (remotefs) network interfaces:
2015-02-11T17:35:00.096681-06:00 c0-0c2s1n2    sit0      
2015-02-11T17:35:00.096745-06:00 c0-0c2s1n2              No configuration found for sit0
2015-02-11T17:35:00.147114-06:00 c0-0c2s1n2 7[?25l[1A
2015-02-11T17:35:00.147126-06:00 c0-0c2s1n2 [80C[10D[1munused[m8[?25hSetting up service (remotefs) network  .  .  .  .  .  .  .  .  .  .7[?25l
2015-02-11T17:35:00.147133-06:00 c0-0c2s1n2 [80C[10D[1;32mdone[m8[?25h
2015-02-11T17:35:00.172321-06:00 c0-0c2s1n2 [80C[10D[1;32mdone[m8[?25h
2015-02-11T17:35:00.197561-06:00 c0-0c2s1n2 [m[?25hsdbnodes are: 137 137 
2015-02-11T17:35:00.197600-06:00 c0-0c2s1n2 mynid=134
2015-02-11T17:35:00.248013-06:00 c0-0c2s1n2 [m[?25hStarting network time protocol daemon (NTPD)7[?25l
2015-02-11T17:35:00.248029-06:00 c0-0c2s1n2 [80C[10D[1;32mdone[m8[?25h
2015-02-11T17:35:00.349044-06:00 c0-0c2s1n2 [m[?25hStarting MUNGE: munged7[?25l
2015-02-11T17:35:00.349056-06:00 c0-0c2s1n2 [80C[10D[1;32mdone[m8[?25h
2015-02-11T17:35:00.399567-06:00 c0-0c2s1n2 [m[?25h[m[?25h[m[?25hStarting Name Service Cache Daemon7[?25l
2015-02-11T17:35:00.399599-06:00 c0-0c2s1n2 [80C[10D[1;32mdone[m8[?25h
2015-02-11T17:35:00.424797-06:00 c0-0c2s1n2 [m[?25hEnabling Linux Jobs
2015-02-11T17:35:00.475196-06:00 c0-0c2s1n2 [m[?25hStarting alps services
2015-02-11T17:35:00.996292-06:00 c0-0c2s1n2 mkdir: cannot create directory `/ufs/alps_shared': Read-only file system
2015-02-11T17:35:00.996370-06:00 c0-0c2s1n2 no ALPS daemon will be started on node nid00134.
2015-02-11T17:35:01.497523-06:00 c0-0c2s1n2 [m[?25h<node_health> Starting node_health_recovery
2015-02-11T17:35:01.497535-06:00 c0-0c2s1n2 [m[?25hsdbnodes are: 137 137 
2015-02-11T17:35:01.553339-06:00 c0-0c2s1n2 mynid=134
2015-02-11T17:35:01.553374-06:00 c0-0c2s1n2 [m[?25hblogd: no message logging because /var file system is not accessible
2015-02-11T17:35:01.553406-06:00 c0-0c2s1n2 Boot event: Starting
2015-02-11T17:35:01.553433-06:00 c0-0c2s1n2 Sending ec_node_info with boot code 8 (NODE_INFO_OS_BOOT_SUCCEEDED) for nid 134
2015-02-11T17:35:01.553493-06:00 c0-0c2s1n2 [m[?25hMaster Resource Control: runlevel 3 has been 
2015-02-11T17:35:01.553502-06:00 c0-0c2s1n2 [80C[10D[1mreached[m
2015-02-11T17:35:01.553531-06:00 c0-0c2s1n2 Failed services in runlevel 3: [80C[11D[1;31mlnet[m
2015-02-11T17:35:01.553558-06:00 c0-0c2s1n2 Skipped services in runlevel 3: [80C[10D[1;33mnfs[m
2015-02-11T17:35:01.553570-06:00 c0-0c2s1n2 INIT: no more processes left in this runlevel
2015-02-12T14:34:25.841458-06:00 c0-0c2s1n2 INIT: Switching to runlevel: 0
2015-02-12T14:34:25.882396-06:00 c0-0c2s1n2 Boot logging started on /dev/ttyS0((no tty)) at Thu Feb 12 14:34:25 2015
2015-02-12T14:34:25.882742-06:00 c0-0c2s1n2 Master Resource Control: previous runlevel: 3, switching to runlevel: 
2015-02-12T14:34:25.882751-06:00 c0-0c2s1n2 [80C[10D[1m0[m
2015-02-12T14:34:25.882911-06:00 c0-0c2s1n2 sdbnodes are: 137 137 
2015-02-12T14:34:25.907344-06:00 c0-0c2s1n2 mynid=134
2015-02-12T14:34:25.944166-06:00 c0-0c2s1n2 [m[?25hBoot event: Nothing to stop.
2015-02-12T14:34:25.944444-06:00 c0-0c2s1n2 [m[?25hShutting down auditd 7[?25l
2015-02-12T14:34:25.944453-06:00 c0-0c2s1n2 [80C[10D[1;32mdone[m8[?25h
2015-02-12T14:34:25.944711-06:00 c0-0c2s1n2 [m[?25hStopping batchlimitd
2015-02-12T14:34:25.984395-06:00 c0-0c2s1n2 [m[?25hCould not start BND as this is not the boot node.
2015-02-12T14:34:25.984448-06:00 c0-0c2s1n2 bootnodes are: 1 1 
2015-02-12T14:34:25.984475-06:00 c0-0c2s1n2 mynid=134
2015-02-12T14:34:26.024109-06:00 c0-0c2s1n2 [m[?25hK02cray-config-service: Unmounting the configuration directory. 
2015-02-12T14:34:27.010866-06:00 c0-0c2s1n2 K02cray-config-service:   Success.  
2015-02-12T14:34:27.036275-06:00 c0-0c2s1n2 [m[?25hUnloading nic compatibility device7[?25l
2015-02-12T14:34:27.036288-06:00 c0-0c2s1n2 [80C[10D[1;32mdone[m8[?25h
2015-02-12T14:34:27.036485-06:00 c0-0c2s1n2 [m[?25hbpmcd_exit: No local access to power statistics
2015-02-12T14:34:28.784448-06:00 c0-0c2s1n2 [m[?25hStopping DVS service: LNet: 6875:0:(gnilnd.c:761:kgnilnd_complete_closed_conn()) Closed conn 0xffff88100e223800->2@gni (errno -108, peer errno 0): canceled 1 TX, 0/0 RDMA
2015-02-12T14:34:31.401897-06:00 c0-0c2s1n2 LNet: Removed LNI 134@gni
2015-02-12T14:34:33.319406-06:00 c0-0c2s1n2 7[?25l
2015-02-12T14:34:33.319426-06:00 c0-0c2s1n2 [80C[10D[1;32mdone[m8[?25h
2015-02-12T14:34:33.406635-06:00 c0-0c2s1n2 [m[?25hShutting down haveged daemon 7[?25l
2015-02-12T14:34:33.406645-06:00 c0-0c2s1n2 [80C[10D[1;32mdone[m8[?25h
2015-02-12T14:34:33.439081-06:00 c0-0c2s1n2 [m[?25hStarting hw_info_init on 134
2015-02-12T14:34:33.439110-06:00 c0-0c2s1n2 bootnodes are: 1 1 
2015-02-12T14:34:33.439128-06:00 c0-0c2s1n2 mynid=134
2015-02-12T14:34:33.507173-06:00 c0-0c2s1n2 [m[?25h[m[?25hShutting down java.binfmt_misc 7[?25l
2015-02-12T14:34:33.507182-06:00 c0-0c2s1n2 [80C[10D[1;32mdone[m8[?25h
2015-02-12T14:34:38.549343-06:00 c0-0c2s1n2 [m[?25hERROR: Module lnet has non-zero reference count.
2015-02-12T14:34:38.626764-06:00 c0-0c2s1n2 [m[?25hShutting down mcelog... 7[?25l
2015-02-12T14:34:38.626774-06:00 c0-0c2s1n2 [80C[10D[1;32mdone[m8[?25h
2015-02-12T14:34:38.718409-06:00 c0-0c2s1n2 [m[?25hStopping MUNGE: munged7[?25l
2015-02-12T14:34:38.718419-06:00 c0-0c2s1n2 [80C[10D[1;32mdone[m8[?25h
2015-02-12T14:34:38.743689-06:00 c0-0c2s1n2 [m[?25h<node_health> Stopping node_health_recovery
2015-02-12T14:34:38.768916-06:00 c0-0c2s1n2 node_health_recovery: no process found
2015-02-12T14:34:39.231161-06:00 c0-0c2s1n2 [m[?25hShutting down Name Service Cache Daemon7[?25l
2015-02-12T14:34:39.231172-06:00 c0-0c2s1n2 [80C[10D[1;32mdone[m8[?25h
2015-02-12T14:34:39.307214-06:00 c0-0c2s1n2 [m[?25h[m[?25h[m[?25h[m[?25hbootnodes are: 1 1 
2015-02-12T14:34:39.307227-06:00 c0-0c2s1n2 mynid=134
2015-02-12T14:34:39.332406-06:00 c0-0c2s1n2 [m[?25hShutting down alps services
2015-02-12T14:34:39.849973-06:00 c0-0c2s1n2 Terminating apsys
2015-02-12T14:34:40.333448-06:00 c0-0c2s1n2 7[?25l
2015-02-12T14:34:40.333459-06:00 c0-0c2s1n2 [80C[10D[1;32mdone[m8[?25h
2015-02-12T14:34:40.358719-06:00 c0-0c2s1n2 [m[?25hNOT Disabling ipogif0
2015-02-12T14:34:40.383955-06:00 c0-0c2s1n2 [m[?25hSaving random seed7[?25l
2015-02-12T14:34:40.383963-06:00 c0-0c2s1n2 [80C[10D[1;32mdone[m8[?25h
2015-02-12T14:34:40.409146-06:00 c0-0c2s1n2 [m[?25h[m[?25hDisabling Linux Jobs
2015-02-12T14:34:40.409169-06:00 c0-0c2s1n2 No new jobs will be created. If Linux Jobs support was loaded
2015-02-12T14:34:40.409182-06:00 c0-0c2s1n2 as a kernel module, you can unload the module once the number of
2015-02-12T14:34:40.434419-06:00 c0-0c2s1n2 running jobs is 0 (zero).  Use the lsmod command to find if job
2015-02-12T14:34:40.434445-06:00 c0-0c2s1n2 module is loaded and the rmmod command to unload it once the
2015-02-12T14:34:40.434465-06:00 c0-0c2s1n2 used-count is 0. The jstat command can be used
2015-02-12T14:34:40.434498-06:00 c0-0c2s1n2 to determine what jobs are currently running.
2015-02-12T14:34:40.434508-06:00 c0-0c2s1n2 jsethid illegal parameter: 0xffffffff
2015-02-12T14:34:40.434539-06:00 c0-0c2s1n2 [m[?25hsdbnodes are: 137 137 
2015-02-12T14:34:40.434582-06:00 c0-0c2s1n2 mynid=134
2015-02-12T14:34:40.484878-06:00 c0-0c2s1n2 [80C[10D[1;32mdone[m8[?25h
2015-02-12T14:34:40.560512-06:00 c0-0c2s1n2 [m[?25hShutting down network time protocol daemon (NTPD)7[?25l
2015-02-12T14:34:40.560521-06:00 c0-0c2s1n2 [80C[10D[1;32mdone[m8[?25h
2015-02-12T14:34:40.636323-06:00 c0-0c2s1n2 [m[?25hShutting down (remotefs) network interfaces:
2015-02-12T14:34:40.661566-06:00 c0-0c2s1n2    sit0      
2015-02-12T14:34:40.661642-06:00 c0-0c2s1n2              No configuration found for sit0 
2015-02-12T14:34:40.686664-06:00 c0-0c2s1n2              Nevertheless the interface will be shut down.
2015-02-12T14:34:41.259069-06:00 c0-0c2s1n2 7[?25l[1A
2015-02-12T14:34:41.259079-06:00 c0-0c2s1n2 [80C[10D[1;32mdone[m8[?25hShutting down service (remotefs) network  .  .  .  .  .  .  .  .  .7[?25l
2015-02-12T14:34:41.259084-06:00 c0-0c2s1n2 [80C[10D[1;32mdone[m8[?25h
2015-02-12T14:34:41.259201-06:00 c0-0c2s1n2 [m[?25hShutting down NFS client services: root filesystem is on NFS
2015-02-12T14:34:41.259210-06:00 c0-0c2s1n2 [80C[10D[1;33mskipped[m
2015-02-12T14:34:41.309829-06:00 c0-0c2s1n2 [m[?25hShutting down rpcbind 7[?25l
2015-02-12T14:34:41.309836-06:00 c0-0c2s1n2 [80C[10D[1;32mdone[m8[?25h
2015-02-12T14:35:12.450638-06:00 c0-0c2s1n2 [m[?25hcray-syslog: Sent shutdown to llmrd at process  6757..nfs: server 10.131.255.254 not responding, still trying
2015-02-12T15:28:37.759723-06:00 c0-0c2s1n2 ERROR: Type:2; Severity:80; Class:3; Subclass:D; Operation: 2
2015-02-12T15:37:08.053114-06:00 c0-0c2s1n2 Wait4Boot: WRITE: 533 bytes to memory @ 0x90CD0 ... complete
2015-02-12T15:37:08.077680-06:00 c0-0c2s1n2 Wait4Boot: Blade Controller Boot Protocol version - 1
2015-02-12T15:37:08.102913-06:00 c0-0c2s1n2 Wait4Boot: JUMP: KernelStart 0x100000, boot_params 0x90000, CmdLineAddr 0x90CD0
2015-02-12T15:37:08.230635-06:00 c0-0c2s1n2 Decompressing Linux... Parsing ELF... done.
2015-02-12T15:37:08.230784-06:00 c0-0c2s1n2 Booting the kernel.
2015-02-12T15:37:08.255598-06:00 c0-0c2s1n2 Initializing cgroup subsys cpuset
2015-02-12T15:37:08.255710-06:00 c0-0c2s1n2 Initializing cgroup subsys cpu
2015-02-12T15:37:08.292128-06:00 c0-0c2s1n2 Linux version 3.0.101-0.31.1_1.0502.8394-cray_ari_s (abuild@cfosbld05) (gcc version 4.3.4 [gcc-4_3-branch revision 152973] (SUSE Linux) ) #1 SMP Wed Sep 10 04:03:41 UTC 2014
2015-02-12T15:37:08.372972-06:00 c0-0c2s1n2 Command line: earlyprintk=serial,115200 load_ramdisk=1 ramdisk_size=80000 console=ttyS0,115200n8 bootnodeip=10.131.255.254 bootproto=ipog bootpath=/rr/current rootfs=nfs-shared root=/dev/disk/by-id/scsi-3600a09800063789e0000008b54c3a04c-part1 oops=panic bootifnetmask=255.252.0.0 elevator=noop ippob1=10 ippob2=128 pcie_ports=native iommu=on intel_iommu=off bad_page=panic pln_enable=off apei_disable hest_disable erst_disable ghes_disable cgroup_disable=memory active_wlm=ALPS sdbnodeip=10.131.255.253 sessionid=p0-20150212t152812 _cray=marker_ 
2015-02-12T15:37:08.373136-06:00 c0-0c2s1n2 KERNEL supported cpus:
2015-02-12T15:37:08.373221-06:00 c0-0c2s1n2  Intel GenuineIntel
2015-02-12T15:37:08.373333-06:00 c0-0c2s1n2 BIOS-provided physical RAM map:
2015-02-12T15:37:08.381853-06:00 c0-0c2s1n2 BIOS-e820: 0000000000000000 - 00000000000a0000 (usable)
2015-02-12T15:37:08.382060-06:00 c0-0c2s1n2 BIOS-e820: 0000000000100000 - 000000007e67c000 (usable)
2015-02-12T15:37:08.420186-06:00 c0-0c2s1n2 BIOS-e820: 000000007e67c000 - 000000007e790000 (ACPI NVS)
2015-02-12T15:37:08.420400-06:00 c0-0c2s1n2 BIOS-e820: 000000007e790000 - 000000007f395000 (reserved)
2015-02-12T15:37:08.420667-06:00 c0-0c2s1n2 BIOS-e820: 000000007f395000 - 000000007f410000 (ACPI data)
2015-02-12T15:37:08.420805-06:00 c0-0c2s1n2 BIOS-e820: 000000007f410000 - 000000007f491000 (reserved)
2015-02-12T15:37:08.460605-06:00 c0-0c2s1n2 BIOS-e820: 000000007f491000 - 000000007f493000 (usable)
2015-02-12T15:37:08.460842-06:00 c0-0c2s1n2 BIOS-e820: 000000007f493000 - 000000007f494000 (ACPI NVS)
2015-02-12T15:37:08.461063-06:00 c0-0c2s1n2 BIOS-e820: 000000007f494000 - 000000007f49e000 (reserved)
2015-02-12T15:37:08.461261-06:00 c0-0c2s1n2 BIOS-e820: 000000007f49e000 - 000000007f4a6000 (ACPI NVS)
2015-02-12T15:37:08.461480-06:00 c0-0c2s1n2 BIOS-e820: 000000007f4a6000 - 000000007f4d2000 (reserved)
2015-02-12T15:37:08.461656-06:00 c0-0c2s1n2 BIOS-e820: 000000007f4d2000 - 000000007f558000 (ACPI NVS)
2015-02-12T15:37:08.500489-06:00 c0-0c2s1n2 BIOS-e820: 000000007f558000 - 000000007f800000 (usable)
2015-02-12T15:37:08.500725-06:00 c0-0c2s1n2 BIOS-e820: 0000000080000000 - 0000000090000000 (reserved)
2015-02-12T15:37:08.508091-06:00 c0-0c2s1n2 BIOS-e820: 00000000fed1c000 - 00000000fed20000 (reserved)
2015-02-12T15:37:08.508446-06:00 c0-0c2s1n2 BIOS-e820: 00000000ff000000 - 0000000100000000 (reserved)
2015-02-12T15:37:08.508704-06:00 c0-0c2s1n2 BIOS-e820: 0000000100000000 - 0000001080000000 (usable)
2015-02-12T15:37:08.508928-06:00 c0-0c2s1n2 bootconsole [earlyser0] enabled
2015-02-12T15:37:08.533410-06:00 c0-0c2s1n2 NX (Execute Disable) protection: active
2015-02-12T15:37:08.533613-06:00 c0-0c2s1n2 EFI v2.10 by American Megatrends
2015-02-12T15:37:08.533850-06:00 c0-0c2s1n2 ACPI=0x7f395000  ACPI 2.0=0x7f395000  SMBIOS=0xf04c0  MPS=0xfd450 
2015-02-12T15:37:08.558751-06:00 c0-0c2s1n2 EFI: mem00: type=3, attr=0xf, range=[0x0000000000000000-0x0000000000008000) (0MB)
2015-02-12T15:37:08.559035-06:00 c0-0c2s1n2 EFI: mem01: type=7, attr=0xf, range=[0x0000000000008000-0x0000000000060000) (0MB)
2015-02-12T15:37:08.584012-06:00 c0-0c2s1n2 EFI: mem02: type=3, attr=0xf, range=[0x0000000000060000-0x00000000000a0000) (0MB)
2015-02-12T15:37:08.608863-06:00 c0-0c2s1n2 EFI: mem03: type=7, attr=0xf, range=[0x0000000000100000-0x0000000001000000) (15MB)
2015-02-12T15:37:08.609222-06:00 c0-0c2s1n2 EFI: mem04: type=2, attr=0xf, range=[0x0000000001000000-0x0000000001100000) (1MB)
2015-02-12T15:37:08.609483-06:00 c0-0c2s1n2 EFI: mem05: type=4, attr=0xf, range=[0x0000000001100000-0x00000000017ea000) (6MB)
2015-02-12T15:37:08.634428-06:00 c0-0c2s1n2 EFI: mem06: type=3, attr=0xf, range=[0x00000000017ea000-0x00000000017ee000) (0MB)
2015-02-12T15:37:08.659517-06:00 c0-0c2s1n2 EFI: mem07: type=4, attr=0xf, range=[0x00000000017ee000-0x0000000001886000) (0MB)
2015-02-12T15:37:08.659813-06:00 c0-0c2s1n2 EFI: mem08: type=3, attr=0xf, range=[0x0000000001886000-0x000000000188f000) (0MB)
2015-02-12T15:37:08.684791-06:00 c0-0c2s1n2 EFI: mem09: type=4, attr=0xf, range=[0x000000000188f000-0x0000000001892000) (0MB)
2015-02-12T15:37:08.685068-06:00 c0-0c2s1n2 EFI: mem10: type=3, attr=0xf, range=[0x0000000001892000-0x000000000189e000) (0MB)
2015-02-12T15:37:08.724422-06:00 c0-0c2s1n2 EFI: mem11: type=4, attr=0xf, range=[0x000000000189e000-0x00000000018a9000) (0MB)
2015-02-12T15:37:08.724638-06:00 c0-0c2s1n2 EFI: mem12: type=3, attr=0xf, range=[0x00000000018a9000-0x00000000018ab000) (0MB)
2015-02-12T15:37:08.764502-06:00 c0-0c2s1n2 EFI: mem13: type=4, attr=0xf, range=[0x00000000018ab000-0x00000000018ad000) (0MB)
2015-02-12T15:37:08.764768-06:00 c0-0c2s1n2 EFI: mem14: type=3, attr=0xf, range=[0x00000000018ad000-0x00000000018af000) (0MB)
2015-02-12T15:37:08.765059-06:00 c0-0c2s1n2 EFI: mem15: type=4, attr=0xf, range=[0x00000000018af000-0x00000000018b7000) (0MB)
2015-02-12T15:37:08.765331-06:00 c0-0c2s1n2 EFI: mem16: type=3, attr=0xf, range=[0x00000000018b7000-0x00000000018bb000) (0MB)
2015-02-12T15:37:08.804493-06:00 c0-0c2s1n2 EFI: mem17: type=4, attr=0xf, range=[0x00000000018bb000-0x00000000018bd000) (0MB)
2015-02-12T15:37:08.804778-06:00 c0-0c2s1n2 EFI: mem18: type=3, attr=0xf, range=[0x00000000018bd000-0x00000000018bf000) (0MB)
2015-02-12T15:37:08.811199-06:00 c0-0c2s1n2 EFI: mem19: type=4, attr=0xf, range=[0x00000000018bf000-0x00000000018d1000) (0MB)
2015-02-12T15:37:08.848499-06:00 c0-0c2s1n2 EFI: mem20: type=3, attr=0xf, range=[0x00000000018d1000-0x00000000018d7000) (0MB)
2015-02-12T15:37:08.848762-06:00 c0-0c2s1n2 EFI: mem21: type=4, attr=0xf, range=[0x00000000018d7000-0x00000000018f9000) (0MB)
2015-02-12T15:37:08.849010-06:00 c0-0c2s1n2 EFI: mem22: type=3, attr=0xf, range=[0x00000000018f9000-0x0000000001908000) (0MB)
2015-02-12T15:37:08.888434-06:00 c0-0c2s1n2 EFI: mem23: type=4, attr=0xf, range=[0x0000000001908000-0x0000000001921000) (0MB)
2015-02-12T15:37:08.888679-06:00 c0-0c2s1n2 EFI: mem24: type=3, attr=0xf, range=[0x0000000001921000-0x000000000192b000) (0MB)
2015-02-12T15:37:08.888959-06:00 c0-0c2s1n2 EFI: mem25: type=4, attr=0xf, range=[0x000000000192b000-0x0000000001933000) (0MB)
2015-02-12T15:37:08.889227-06:00 c0-0c2s1n2 EFI: mem26: type=3, attr=0xf, range=[0x0000000001933000-0x0000000001936000) (0MB)
2015-02-12T15:37:08.928511-06:00 c0-0c2s1n2 EFI: mem27: type=4, attr=0xf, range=[0x0000000001936000-0x000000000193b000) (0MB)
2015-02-12T15:37:08.928714-06:00 c0-0c2s1n2 EFI: mem28: type=3, attr=0xf, range=[0x000000000193b000-0x000000000193e000) (0MB)
2015-02-12T15:37:08.937377-06:00 c0-0c2s1n2 EFI: mem29: type=4, attr=0xf, range=[0x000000000193e000-0x0000000001964000) (0MB)
2015-02-12T15:37:08.937740-06:00 c0-0c2s1n2 EFI: mem30: type=3, attr=0xf, range=[0x0000000001964000-0x0000000001968000) (0MB)
2015-02-12T15:37:08.962568-06:00 c0-0c2s1n2 EFI: mem31: type=4, attr=0xf, range=[0x0000000001968000-0x000000000198a000) (0MB)
2015-02-12T15:37:08.962830-06:00 c0-0c2s1n2 EFI: mem32: type=3, attr=0xf, range=[0x000000000198a000-0x00000000019b0000) (0MB)
2015-02-12T15:37:08.987924-06:00 c0-0c2s1n2 EFI: mem33: type=4, attr=0xf, range=[0x00000000019b0000-0x00000000019be000) (0MB)
2015-02-12T15:37:08.988196-06:00 c0-0c2s1n2 EFI: mem34: type=3, attr=0xf, range=[0x00000000019be000-0x00000000019ce000) (0MB)
2015-02-12T15:37:09.013192-06:00 c0-0c2s1n2 EFI: mem35: type=4, attr=0xf, range=[0x00000000019ce000-0x00000000019d0000) (0MB)
2015-02-12T15:37:09.052503-06:00 c0-0c2s1n2 EFI: mem36: type=3, attr=0xf, range=[0x00000000019d0000-0x00000000019d7000) (0MB)
2015-02-12T15:37:09.052750-06:00 c0-0c2s1n2 EFI: mem37: type=4, attr=0xf, range=[0x00000000019d7000-0x00000000019e1000) (0MB)
2015-02-12T15:37:09.053059-06:00 c0-0c2s1n2 EFI: mem38: type=3, attr=0xf, range=[0x00000000019e1000-0x00000000019e5000) (0MB)
2015-02-12T15:37:09.092569-06:00 c0-0c2s1n2 EFI: mem39: type=4, attr=0xf, range=[0x00000000019e5000-0x0000000001a02000) (0MB)
2015-02-12T15:37:09.092843-06:00 c0-0c2s1n2 EFI: mem40: type=3, attr=0xf, range=[0x0000000001a02000-0x0000000001a06000) (0MB)
2015-02-12T15:37:09.093122-06:00 c0-0c2s1n2 EFI: mem41: type=4, attr=0xf, range=[0x0000000001a06000-0x0000000001a0a000) (0MB)
2015-02-12T15:37:09.093398-06:00 c0-0c2s1n2 EFI: mem42: type=3, attr=0xf, range=[0x0000000001a0a000-0x0000000001a1e000) (0MB)
2015-02-12T15:37:09.132557-06:00 c0-0c2s1n2 EFI: mem43: type=4, attr=0xf, range=[0x0000000001a1e000-0x0000000001a22000) (0MB)
2015-02-12T15:37:09.139431-06:00 c0-0c2s1n2 EFI: mem44: type=3, attr=0xf, range=[0x0000000001a22000-0x0000000001a26000) (0MB)
2015-02-12T15:37:09.176400-06:00 c0-0c2s1n2 EFI: mem45: type=4, attr=0xf, range=[0x0000000001a26000-0x0000000001a34000) (0MB)
2015-02-12T15:37:09.176641-06:00 c0-0c2s1n2 EFI: mem46: type=3, attr=0xf, range=[0x0000000001a34000-0x0000000001a3b000) (0MB)
2015-02-12T15:37:09.176900-06:00 c0-0c2s1n2 EFI: mem47: type=4, attr=0xf, range=[0x0000000001a3b000-0x0000000001a42000) (0MB)
2015-02-12T15:37:09.216368-06:00 c0-0c2s1n2 EFI: mem48: type=3, attr=0xf, range=[0x0000000001a42000-0x0000000001a4a000) (0MB)
2015-02-12T15:37:09.216657-06:00 c0-0c2s1n2 EFI: mem49: type=4, attr=0xf, range=[0x0000000001a4a000-0x0000000001a4b000) (0MB)
2015-02-12T15:37:09.216934-06:00 c0-0c2s1n2 EFI: mem50: type=3, attr=0xf, range=[0x0000000001a4b000-0x0000000001a4d000) (0MB)
2015-02-12T15:37:09.217210-06:00 c0-0c2s1n2 EFI: mem51: type=4, attr=0xf, range=[0x0000000001a4d000-0x0000000001a52000) (0MB)
2015-02-12T15:37:09.256366-06:00 c0-0c2s1n2 EFI: mem52: type=3, attr=0xf, range=[0x0000000001a52000-0x0000000001a69000) (0MB)
2015-02-12T15:37:09.256628-06:00 c0-0c2s1n2 EFI: mem53: type=4, attr=0xf, range=[0x0000000001a69000-0x0000000001a6f000) (0MB)
2015-02-12T15:37:09.256916-06:00 c0-0c2s1n2 EFI: mem54: type=3, attr=0xf, range=[0x0000000001a6f000-0x0000000001a70000) (0MB)
2015-02-12T15:37:09.265714-06:00 c0-0c2s1n2 EFI: mem55: type=4, attr=0xf, range=[0x0000000001a70000-0x0000000001a71000) (0MB)
2015-02-12T15:37:09.290805-06:00 c0-0c2s1n2 EFI: mem56: type=3, attr=0xf, range=[0x0000000001a71000-0x0000000001a79000) (0MB)
2015-02-12T15:37:09.328404-06:00 c0-0c2s1n2 EFI: mem57: type=4, attr=0xf, range=[0x0000000001a79000-0x0000000001a7a000) (0MB)
2015-02-12T15:37:09.328589-06:00 c0-0c2s1n2 EFI: mem58: type=3, attr=0xf, range=[0x0000000001a7a000-0x0000000001a83000) (0MB)
2015-02-12T15:37:09.328801-06:00 c0-0c2s1n2 EFI: mem59: type=4, attr=0xf, range=[0x0000000001a83000-0x0000000001a85000) (0MB)
2015-02-12T15:37:09.368475-06:00 c0-0c2s1n2 EFI: mem60: type=3, attr=0xf, range=[0x0000000001a85000-0x0000000001abe000) (0MB)
2015-02-12T15:37:09.368685-06:00 c0-0c2s1n2 EFI: mem61: type=4, attr=0xf, range=[0x0000000001abe000-0x0000000001abf000) (0MB)
2015-02-12T15:37:09.368850-06:00 c0-0c2s1n2 EFI: mem62: type=3, attr=0xf, range=[0x0000000001abf000-0x0000000001acc000) (0MB)
2015-02-12T15:37:09.369045-06:00 c0-0c2s1n2 EFI: mem63: type=4, attr=0xf, range=[0x0000000001acc000-0x0000000001ad7000) (0MB)
2015-02-12T15:37:09.408497-06:00 c0-0c2s1n2 EFI: mem64: type=3, attr=0xf, range=[0x0000000001ad7000-0x0000000001adc000) (0MB)
2015-02-12T15:37:09.408681-06:00 c0-0c2s1n2 EFI: mem65: type=4, attr=0xf, range=[0x0000000001adc000-0x0000000001b60000) (0MB)
2015-02-12T15:37:09.416985-06:00 c0-0c2s1n2 EFI: mem66: type=3, attr=0xf, range=[0x0000000001b60000-0x0000000001b7c000) (0MB)
2015-02-12T15:37:09.417228-06:00 c0-0c2s1n2 EFI: mem67: type=4, attr=0xf, range=[0x0000000001b7c000-0x0000000001b84000) (0MB)
2015-02-12T15:37:09.442309-06:00 c0-0c2s1n2 EFI: mem68: type=3, attr=0xf, range=[0x0000000001b84000-0x0000000001b9c000) (0MB)
2015-02-12T15:37:09.442591-06:00 c0-0c2s1n2 EFI: mem69: type=4, attr=0xf, range=[0x0000000001b9c000-0x000000000b210000) (150MB)
2015-02-12T15:37:09.467640-06:00 c0-0c2s1n2 EFI: mem70: type=3, attr=0xf, range=[0x000000000b210000-0x000000000b216000) (0MB)
2015-02-12T15:37:09.467909-06:00 c0-0c2s1n2 EFI: mem71: type=4, attr=0xf, range=[0x000000000b216000-0x000000000b21f000) (0MB)
2015-02-12T15:37:09.492819-06:00 c0-0c2s1n2 EFI: mem72: type=3, attr=0xf, range=[0x000000000b21f000-0x000000000b235000) (0MB)
2015-02-12T15:37:09.493085-06:00 c0-0c2s1n2 EFI: mem73: type=4, attr=0xf, range=[0x000000000b235000-0x000000000b23b000) (0MB)
2015-02-12T15:37:09.518157-06:00 c0-0c2s1n2 EFI: mem74: type=3, attr=0xf, range=[0x000000000b23b000-0x000000000b23e000) (0MB)
2015-02-12T15:37:09.556469-06:00 c0-0c2s1n2 EFI: mem75: type=4, attr=0xf, range=[0x000000000b23e000-0x000000000b24c000) (0MB)
2015-02-12T15:37:09.556774-06:00 c0-0c2s1n2 EFI: mem76: type=3, attr=0xf, range=[0x000000000b24c000-0x000000000b254000) (0MB)
