2015-02-11T17:25:56.890205-06:00 c0-0c2s0n1 ERROR: Type:2; Severity:80; Class:3; Subclass:D; Operation: 2
2015-02-11T17:34:33.079567-06:00 c0-0c2s0n1 Wait4Boot: WRITE: 533 bytes to memory @ 0x90CD0 ... complete
2015-02-11T17:34:33.079575-06:00 c0-0c2s0n1 Wait4Boot: Blade Controller Boot Protocol version - 1
2015-02-11T17:34:33.104421-06:00 c0-0c2s0n1 Wait4Boot: JUMP: KernelStart 0x100000, boot_params 0x90000, CmdLineAddr 0x90CD0
2015-02-11T17:34:33.334502-06:00 c0-0c2s0n1 Decompressing Linux... Parsing ELF... done.
2015-02-11T17:34:33.334545-06:00 c0-0c2s0n1 Booting the kernel.
2015-02-11T17:34:33.334637-06:00 c0-0c2s0n1 Initializing cgroup subsys cpuset
2015-02-11T17:34:33.334728-06:00 c0-0c2s0n1 Initializing cgroup subsys cpu
2015-02-11T17:34:33.360117-06:00 c0-0c2s0n1 Linux version 3.0.101-0.31.1_1.0502.8394-cray_ari_s (abuild@cfosbld05) (gcc version 4.3.4 [gcc-4_3-branch revision 152973] (SUSE Linux) ) #1 SMP Wed Sep 10 04:03:41 UTC 2014
2015-02-11T17:34:33.436052-06:00 c0-0c2s0n1 Command line: earlyprintk=serial,115200 load_ramdisk=1 ramdisk_size=80000 console=ttyS0,115200n8 bootnodeip=10.131.255.254 bootproto=ipog bootpath=/rr/current rootfs=nfs-shared root=/dev/disk/by-id/scsi-3600a09800063789e0000008b54c3a04c-part1 oops=panic bootifnetmask=255.252.0.0 elevator=noop ippob1=10 ippob2=128 pcie_ports=native iommu=on intel_iommu=off bad_page=panic pln_enable=off apei_disable hest_disable erst_disable ghes_disable cgroup_disable=memory active_wlm=ALPS sdbnodeip=10.131.255.253 sessionid=p0-20150211t172524 _cray=marker_ 
2015-02-11T17:34:33.460740-06:00 c0-0c2s0n1 KERNEL supported cpus:
2015-02-11T17:34:33.460886-06:00 c0-0c2s0n1  Intel GenuineIntel
2015-02-11T17:34:33.461085-06:00 c0-0c2s0n1 BIOS-provided physical RAM map:
2015-02-11T17:34:33.461344-06:00 c0-0c2s0n1 BIOS-e820: 0000000000000000 - 00000000000a0000 (usable)
2015-02-11T17:34:33.461578-06:00 c0-0c2s0n1 BIOS-e820: 0000000000100000 - 000000007e67c000 (usable)
2015-02-11T17:34:33.486407-06:00 c0-0c2s0n1 BIOS-e820: 000000007e67c000 - 000000007e790000 (ACPI NVS)
2015-02-11T17:34:33.486666-06:00 c0-0c2s0n1 BIOS-e820: 000000007e790000 - 000000007f395000 (reserved)
2015-02-11T17:34:33.511414-06:00 c0-0c2s0n1 BIOS-e820: 000000007f395000 - 000000007f410000 (ACPI data)
2015-02-11T17:34:33.511685-06:00 c0-0c2s0n1 BIOS-e820: 000000007f410000 - 000000007f491000 (reserved)
2015-02-11T17:34:33.511882-06:00 c0-0c2s0n1 BIOS-e820: 000000007f491000 - 000000007f493000 (usable)
2015-02-11T17:34:33.536766-06:00 c0-0c2s0n1 BIOS-e820: 000000007f493000 - 000000007f494000 (ACPI NVS)
2015-02-11T17:34:33.537142-06:00 c0-0c2s0n1 BIOS-e820: 000000007f494000 - 000000007f49e000 (reserved)
2015-02-11T17:34:33.537467-06:00 c0-0c2s0n1 BIOS-e820: 000000007f49e000 - 000000007f4a6000 (ACPI NVS)
2015-02-11T17:34:33.562058-06:00 c0-0c2s0n1 BIOS-e820: 000000007f4a6000 - 000000007f4d2000 (reserved)
2015-02-11T17:34:33.562335-06:00 c0-0c2s0n1 BIOS-e820: 000000007f4d2000 - 000000007f558000 (ACPI NVS)
2015-02-11T17:34:33.562552-06:00 c0-0c2s0n1 BIOS-e820: 000000007f558000 - 000000007f800000 (usable)
2015-02-11T17:34:33.587354-06:00 c0-0c2s0n1 BIOS-e820: 0000000080000000 - 0000000090000000 (reserved)
2015-02-11T17:34:33.587566-06:00 c0-0c2s0n1 BIOS-e820: 00000000fed1c000 - 00000000fed20000 (reserved)
2015-02-11T17:34:33.587825-06:00 c0-0c2s0n1 BIOS-e820: 00000000ff000000 - 0000000100000000 (reserved)
2015-02-11T17:34:33.612626-06:00 c0-0c2s0n1 BIOS-e820: 0000000100000000 - 0000001080000000 (usable)
2015-02-11T17:34:33.612753-06:00 c0-0c2s0n1 bootconsole [earlyser0] enabled
2015-02-11T17:34:33.612944-06:00 c0-0c2s0n1 NX (Execute Disable) protection: active
2015-02-11T17:34:33.637649-06:00 c0-0c2s0n1 EFI v2.10 by American Megatrends
2015-02-11T17:34:33.638013-06:00 c0-0c2s0n1 ACPI=0x7f395000  ACPI 2.0=0x7f395000  SMBIOS=0xf04c0  MPS=0xfd450 
2015-02-11T17:34:33.638317-06:00 c0-0c2s0n1 EFI: mem00: type=3, attr=0xf, range=[0x0000000000000000-0x0000000000008000) (0MB)
2015-02-11T17:34:33.663073-06:00 c0-0c2s0n1 EFI: mem01: type=7, attr=0xf, range=[0x0000000000008000-0x0000000000060000) (0MB)
2015-02-11T17:34:33.688179-06:00 c0-0c2s0n1 EFI: mem02: type=3, attr=0xf, range=[0x0000000000060000-0x00000000000a0000) (0MB)
2015-02-11T17:34:33.688383-06:00 c0-0c2s0n1 EFI: mem03: type=7, attr=0xf, range=[0x0000000000100000-0x0000000001000000) (15MB)
2015-02-11T17:34:33.688626-06:00 c0-0c2s0n1 EFI: mem04: type=2, attr=0xf, range=[0x0000000001000000-0x0000000001100000) (1MB)
2015-02-11T17:34:33.713613-06:00 c0-0c2s0n1 EFI: mem05: type=4, attr=0xf, range=[0x0000000001100000-0x00000000017ea000) (6MB)
2015-02-11T17:34:33.713864-06:00 c0-0c2s0n1 EFI: mem06: type=3, attr=0xf, range=[0x00000000017ea000-0x00000000017ee000) (0MB)
2015-02-11T17:34:33.738945-06:00 c0-0c2s0n1 EFI: mem07: type=4, attr=0xf, range=[0x00000000017ee000-0x0000000001886000) (0MB)
2015-02-11T17:34:33.739180-06:00 c0-0c2s0n1 EFI: mem08: type=3, attr=0xf, range=[0x0000000001886000-0x000000000188f000) (0MB)
2015-02-11T17:34:33.764167-06:00 c0-0c2s0n1 EFI: mem09: type=4, attr=0xf, range=[0x000000000188f000-0x0000000001892000) (0MB)
2015-02-11T17:34:33.764394-06:00 c0-0c2s0n1 EFI: mem10: type=3, attr=0xf, range=[0x0000000001892000-0x000000000189e000) (0MB)
2015-02-11T17:34:33.789373-06:00 c0-0c2s0n1 EFI: mem11: type=4, attr=0xf, range=[0x000000000189e000-0x00000000018a9000) (0MB)
2015-02-11T17:34:33.789664-06:00 c0-0c2s0n1 EFI: mem12: type=3, attr=0xf, range=[0x00000000018a9000-0x00000000018ab000) (0MB)
2015-02-11T17:34:33.814552-06:00 c0-0c2s0n1 EFI: mem13: type=4, attr=0xf, range=[0x00000000018ab000-0x00000000018ad000) (0MB)
2015-02-11T17:34:33.839698-06:00 c0-0c2s0n1 EFI: mem14: type=3, attr=0xf, range=[0x00000000018ad000-0x00000000018af000) (0MB)
2015-02-11T17:34:33.840050-06:00 c0-0c2s0n1 EFI: mem15: type=4, attr=0xf, range=[0x00000000018af000-0x00000000018b7000) (0MB)
2015-02-11T17:34:33.840308-06:00 c0-0c2s0n1 EFI: mem16: type=3, attr=0xf, range=[0x00000000018b7000-0x00000000018bb000) (0MB)
2015-02-11T17:34:33.865232-06:00 c0-0c2s0n1 EFI: mem17: type=4, attr=0xf, range=[0x00000000018bb000-0x00000000018bd000) (0MB)
2015-02-11T17:34:33.865529-06:00 c0-0c2s0n1 EFI: mem18: type=3, attr=0xf, range=[0x00000000018bd000-0x00000000018bf000) (0MB)
2015-02-11T17:34:33.890453-06:00 c0-0c2s0n1 EFI: mem19: type=4, attr=0xf, range=[0x00000000018bf000-0x00000000018d1000) (0MB)
2015-02-11T17:34:33.915497-06:00 c0-0c2s0n1 EFI: mem20: type=3, attr=0xf, range=[0x00000000018d1000-0x00000000018d7000) (0MB)
2015-02-11T17:34:33.915763-06:00 c0-0c2s0n1 EFI: mem21: type=4, attr=0xf, range=[0x00000000018d7000-0x00000000018f9000) (0MB)
2015-02-11T17:34:33.916004-06:00 c0-0c2s0n1 EFI: mem22: type=3, attr=0xf, range=[0x00000000018f9000-0x0000000001908000) (0MB)
2015-02-11T17:34:33.941008-06:00 c0-0c2s0n1 EFI: mem23: type=4, attr=0xf, range=[0x0000000001908000-0x0000000001921000) (0MB)
2015-02-11T17:34:33.941232-06:00 c0-0c2s0n1 EFI: mem24: type=3, attr=0xf, range=[0x0000000001921000-0x000000000192b000) (0MB)
2015-02-11T17:34:33.966156-06:00 c0-0c2s0n1 EFI: mem25: type=4, attr=0xf, range=[0x000000000192b000-0x0000000001933000) (0MB)
2015-02-11T17:34:33.991204-06:00 c0-0c2s0n1 EFI: mem26: type=3, attr=0xf, range=[0x0000000001933000-0x0000000001936000) (0MB)
2015-02-11T17:34:33.991425-06:00 c0-0c2s0n1 EFI: mem27: type=4, attr=0xf, range=[0x0000000001936000-0x0000000001964000) (0MB)
2015-02-11T17:34:34.016425-06:00 c0-0c2s0n1 EFI: mem28: type=3, attr=0xf, range=[0x0000000001964000-0x0000000001968000) (0MB)
2015-02-11T17:34:34.016719-06:00 c0-0c2s0n1 EFI: mem29: type=4, attr=0xf, range=[0x0000000001968000-0x0000000001987000) (0MB)
2015-02-11T17:34:34.016988-06:00 c0-0c2s0n1 EFI: mem30: type=3, attr=0xf, range=[0x0000000001987000-0x00000000019b0000) (0MB)
2015-02-11T17:34:34.041935-06:00 c0-0c2s0n1 EFI: mem31: type=4, attr=0xf, range=[0x00000000019b0000-0x00000000019ba000) (0MB)
2015-02-11T17:34:34.042199-06:00 c0-0c2s0n1 EFI: mem32: type=3, attr=0xf, range=[0x00000000019ba000-0x00000000019bd000) (0MB)
2015-02-11T17:34:34.067172-06:00 c0-0c2s0n1 EFI: mem33: type=4, attr=0xf, range=[0x00000000019bd000-0x00000000019be000) (0MB)
2015-02-11T17:34:34.067418-06:00 c0-0c2s0n1 EFI: mem34: type=3, attr=0xf, range=[0x00000000019be000-0x00000000019d0000) (0MB)
2015-02-11T17:34:34.092353-06:00 c0-0c2s0n1 EFI: mem35: type=4, attr=0xf, range=[0x00000000019d0000-0x00000000019d3000) (0MB)
2015-02-11T17:34:34.117370-06:00 c0-0c2s0n1 EFI: mem36: type=3, attr=0xf, range=[0x00000000019d3000-0x00000000019d5000) (0MB)
2015-02-11T17:34:34.117628-06:00 c0-0c2s0n1 EFI: mem37: type=4, attr=0xf, range=[0x00000000019d5000-0x00000000019e1000) (0MB)
2015-02-11T17:34:34.117872-06:00 c0-0c2s0n1 EFI: mem38: type=3, attr=0xf, range=[0x00000000019e1000-0x00000000019e5000) (0MB)
2015-02-11T17:34:34.142912-06:00 c0-0c2s0n1 EFI: mem39: type=4, attr=0xf, range=[0x00000000019e5000-0x0000000001a02000) (0MB)
2015-02-11T17:34:34.143120-06:00 c0-0c2s0n1 EFI: mem40: type=3, attr=0xf, range=[0x0000000001a02000-0x0000000001a06000) (0MB)
2015-02-11T17:34:34.168115-06:00 c0-0c2s0n1 EFI: mem41: type=4, attr=0xf, range=[0x0000000001a06000-0x0000000001a0a000) (0MB)
2015-02-11T17:34:34.168373-06:00 c0-0c2s0n1 EFI: mem42: type=3, attr=0xf, range=[0x0000000001a0a000-0x0000000001a1e000) (0MB)
2015-02-11T17:34:34.193357-06:00 c0-0c2s0n1 EFI: mem43: type=4, attr=0xf, range=[0x0000000001a1e000-0x0000000001a22000) (0MB)
2015-02-11T17:34:34.193593-06:00 c0-0c2s0n1 EFI: mem44: type=3, attr=0xf, range=[0x0000000001a22000-0x0000000001a26000) (0MB)
2015-02-11T17:34:34.218556-06:00 c0-0c2s0n1 EFI: mem45: type=4, attr=0xf, range=[0x0000000001a26000-0x0000000001a34000) (0MB)
2015-02-11T17:34:34.218822-06:00 c0-0c2s0n1 EFI: mem46: type=3, attr=0xf, range=[0x0000000001a34000-0x0000000001a3b000) (0MB)
2015-02-11T17:34:34.256255-06:00 c0-0c2s0n1 EFI: mem47: type=4, attr=0xf, range=[0x0000000001a3b000-0x0000000001a42000) (0MB)
2015-02-11T17:34:34.256480-06:00 c0-0c2s0n1 EFI: mem48: type=3, attr=0xf, range=[0x0000000001a42000-0x0000000001a4a000) (0MB)
2015-02-11T17:34:34.300265-06:00 c0-0c2s0n1 EFI: mem49: type=4, attr=0xf, range=[0x0000000001a4a000-0x0000000001a4b000) (0MB)
2015-02-11T17:34:34.300458-06:00 c0-0c2s0n1 EFI: mem50: type=3, attr=0xf, range=[0x0000000001a4b000-0x0000000001a4d000) (0MB)
2015-02-11T17:34:34.300636-06:00 c0-0c2s0n1 EFI: mem51: type=4, attr=0xf, range=[0x0000000001a4d000-0x0000000001a52000) (0MB)
2015-02-11T17:34:34.300839-06:00 c0-0c2s0n1 EFI: mem52: type=3, attr=0xf, range=[0x0000000001a52000-0x0000000001a69000) (0MB)
2015-02-11T17:34:34.336222-06:00 c0-0c2s0n1 EFI: mem53: type=4, attr=0xf, range=[0x0000000001a69000-0x0000000001a6f000) (0MB)
2015-02-11T17:34:34.336442-06:00 c0-0c2s0n1 EFI: mem54: type=3, attr=0xf, range=[0x0000000001a6f000-0x0000000001a70000) (0MB)
2015-02-11T17:34:34.344850-06:00 c0-0c2s0n1 EFI: mem55: type=4, attr=0xf, range=[0x0000000001a70000-0x0000000001a71000) (0MB)
2015-02-11T17:34:34.345080-06:00 c0-0c2s0n1 EFI: mem56: type=3, attr=0xf, range=[0x0000000001a71000-0x0000000001a79000) (0MB)
2015-02-11T17:34:34.370102-06:00 c0-0c2s0n1 EFI: mem57: type=4, attr=0xf, range=[0x0000000001a79000-0x0000000001a7a000) (0MB)
2015-02-11T17:34:34.370302-06:00 c0-0c2s0n1 EFI: mem58: type=3, attr=0xf, range=[0x0000000001a7a000-0x0000000001a83000) (0MB)
2015-02-11T17:34:34.395314-06:00 c0-0c2s0n1 EFI: mem59: type=4, attr=0xf, range=[0x0000000001a83000-0x0000000001a85000) (0MB)
2015-02-11T17:34:34.395604-06:00 c0-0c2s0n1 EFI: mem60: type=3, attr=0xf, range=[0x0000000001a85000-0x0000000001abe000) (0MB)
2015-02-11T17:34:34.420526-06:00 c0-0c2s0n1 EFI: mem61: type=4, attr=0xf, range=[0x0000000001abe000-0x0000000001abf000) (0MB)
2015-02-11T17:34:34.420814-06:00 c0-0c2s0n1 EFI: mem62: type=3, attr=0xf, range=[0x0000000001abf000-0x0000000001acc000) (0MB)
2015-02-11T17:34:34.445806-06:00 c0-0c2s0n1 EFI: mem63: type=4, attr=0xf, range=[0x0000000001acc000-0x0000000001ad7000) (0MB)
2015-02-11T17:34:34.446071-06:00 c0-0c2s0n1 EFI: mem64: type=3, attr=0xf, range=[0x0000000001ad7000-0x0000000001adc000) (0MB)
2015-02-11T17:34:34.471033-06:00 c0-0c2s0n1 EFI: mem65: type=4, attr=0xf, range=[0x0000000001adc000-0x0000000001b60000) (0MB)
2015-02-11T17:34:34.471299-06:00 c0-0c2s0n1 EFI: mem66: type=3, attr=0xf, range=[0x0000000001b60000-0x0000000001b7c000) (0MB)
2015-02-11T17:34:34.496316-06:00 c0-0c2s0n1 EFI: mem67: type=4, attr=0xf, range=[0x0000000001b7c000-0x0000000001b84000) (0MB)
2015-02-11T17:34:34.496579-06:00 c0-0c2s0n1 EFI: mem68: type=3, attr=0xf, range=[0x0000000001b84000-0x0000000001b9c000) (0MB)
2015-02-11T17:34:34.521575-06:00 c0-0c2s0n1 EFI: mem69: type=4, attr=0xf, range=[0x0000000001b9c000-0x000000000b210000) (150MB)
2015-02-11T17:34:34.521812-06:00 c0-0c2s0n1 EFI: mem70: type=3, attr=0xf, range=[0x000000000b210000-0x000000000b216000) (0MB)
2015-02-11T17:34:34.546886-06:00 c0-0c2s0n1 EFI: mem71: type=4, attr=0xf, range=[0x000000000b216000-0x000000000b21f000) (0MB)
2015-02-11T17:34:34.547168-06:00 c0-0c2s0n1 EFI: mem72: type=3, attr=0xf, range=[0x000000000b21f000-0x000000000b235000) (0MB)
2015-02-11T17:34:34.572070-06:00 c0-0c2s0n1 EFI: mem73: type=4, attr=0xf, range=[0x000000000b235000-0x000000000b23b000) (0MB)
2015-02-11T17:34:34.572358-06:00 c0-0c2s0n1 EFI: mem74: type=3, attr=0xf, range=[0x000000000b23b000-0x000000000b23e000) (0MB)
2015-02-11T17:34:34.597272-06:00 c0-0c2s0n1 EFI: mem75: type=4, attr=0xf, range=[0x000000000b23e000-0x000000000b246000) (0MB)
2015-02-11T17:34:34.597574-06:00 c0-0c2s0n1 EFI: mem76: type=3, attr=0xf, range=[0x000000000b246000-0x000000000b24a000) (0MB)
2015-02-11T17:34:34.622574-06:00 c0-0c2s0n1 EFI: mem77: type=4, attr=0xf, range=[0x000000000b24a000-0x000000000b24c000) (0MB)
2015-02-11T17:34:34.622842-06:00 c0-0c2s0n1 EFI: mem78: type=3, attr=0xf, range=[0x000000000b24c000-0x000000000b254000) (0MB)
2015-02-11T17:34:34.647772-06:00 c0-0c2s0n1 EFI: mem79: type=4, attr=0xf, range=[0x000000000b254000-0x000000000b279000) (0MB)
2015-02-11T17:34:34.648107-06:00 c0-0c2s0n1 EFI: mem80: type=3, attr=0xf, range=[0x000000000b279000-0x000000000b280000) (0MB)
2015-02-11T17:34:34.672988-06:00 c0-0c2s0n1 EFI: mem81: type=4, attr=0xf, range=[0x000000000b280000-0x000000000b284000) (0MB)
2015-02-11T17:34:34.673251-06:00 c0-0c2s0n1 EFI: mem82: type=3, attr=0xf, range=[0x000000000b284000-0x000000000b28c000) (0MB)
2015-02-11T17:34:34.673529-06:00 c0-0c2s0n1 EFI: mem83: type=4, attr=0xf, range=[0x000000000b28c000-0x000000000b295000) (0MB)
2015-02-11T17:34:34.698546-06:00 c0-0c2s0n1 EFI: mem84: type=3, attr=0xf, range=[0x000000000b295000-0x000000000b2d3000) (0MB)
2015-02-11T17:34:34.723602-06:00 c0-0c2s0n1 EFI: mem85: type=4, attr=0xf, range=[0x000000000b2d3000-0x000000000b2d8000) (0MB)
2015-02-11T17:34:34.723908-06:00 c0-0c2s0n1 EFI: mem86: type=3, attr=0xf, range=[0x000000000b2d8000-0x000000000b2dd000) (0MB)
2015-02-11T17:34:34.748874-06:00 c0-0c2s0n1 EFI: mem87: type=4, attr=0xf, range=[0x000000000b2dd000-0x000000000b2e9000) (0MB)
2015-02-11T17:34:34.749167-06:00 c0-0c2s0n1 EFI: mem88: type=3, attr=0xf, range=[0x000000000b2e9000-0x000000000b2ef000) (0MB)
2015-02-11T17:34:34.774139-06:00 c0-0c2s0n1 EFI: mem89: type=4, attr=0xf, range=[0x000000000b2ef000-0x000000000b300000) (0MB)
2015-02-11T17:34:34.774451-06:00 c0-0c2s0n1 EFI: mem90: type=3, attr=0xf, range=[0x000000000b300000-0x000000000b305000) (0MB)
2015-02-11T17:34:34.799410-06:00 c0-0c2s0n1 EFI: mem91: type=4, attr=0xf, range=[0x000000000b305000-0x000000000b30b000) (0MB)
2015-02-11T17:34:34.799670-06:00 c0-0c2s0n1 EFI: mem92: type=3, attr=0xf, range=[0x000000000b30b000-0x000000000b343000) (0MB)
2015-02-11T17:34:34.824673-06:00 c0-0c2s0n1 EFI: mem93: type=4, attr=0xf, range=[0x000000000b343000-0x000000000b34a000) (0MB)
2015-02-11T17:34:34.825004-06:00 c0-0c2s0n1 EFI: mem94: type=3, attr=0xf, range=[0x000000000b34a000-0x000000000b34e000) (0MB)
2015-02-11T17:34:34.849914-06:00 c0-0c2s0n1 EFI: mem95: type=4, attr=0xf, range=[0x000000000b34e000-0x000000000b351000) (0MB)
2015-02-11T17:34:34.850197-06:00 c0-0c2s0n1 EFI: mem96: type=3, attr=0xf, range=[0x000000000b351000-0x000000000b358000) (0MB)
2015-02-11T17:34:34.875124-06:00 c0-0c2s0n1 EFI: mem97: type=4, attr=0xf, range=[0x000000000b358000-0x000000000b35c000) (0MB)
2015-02-11T17:34:34.875419-06:00 c0-0c2s0n1 EFI: mem98: type=3, attr=0xf, range=[0x000000000b35c000-0x000000000b360000) (0MB)
2015-02-11T17:34:34.900329-06:00 c0-0c2s0n1 EFI: mem99: type=4, attr=0xf, range=[0x000000000b360000-0x000000000b368000) (0MB)
2015-02-11T17:34:34.900660-06:00 c0-0c2s0n1 EFI: mem100: type=3, attr=0xf, range=[0x000000000b368000-0x000000000b36c000) (0MB)
2015-02-11T17:34:34.925585-06:00 c0-0c2s0n1 EFI: mem101: type=4, attr=0xf, range=[0x000000000b36c000-0x000000000b370000) (0MB)
2015-02-11T17:34:34.925897-06:00 c0-0c2s0n1 EFI: mem102: type=3, attr=0xf, range=[0x000000000b370000-0x000000000b374000) (0MB)
2015-02-11T17:34:34.950919-06:00 c0-0c2s0n1 EFI: mem103: type=4, attr=0xf, range=[0x000000000b374000-0x000000000b384000) (0MB)
2015-02-11T17:34:34.951246-06:00 c0-0c2s0n1 EFI: mem104: type=3, attr=0xf, range=[0x000000000b384000-0x000000000b38a000) (0MB)
2015-02-11T17:34:34.976160-06:00 c0-0c2s0n1 EFI: mem105: type=4, attr=0xf, range=[0x000000000b38a000-0x000000000b3ac000) (0MB)
2015-02-11T17:34:34.976475-06:00 c0-0c2s0n1 EFI: mem106: type=3, attr=0xf, range=[0x000000000b3ac000-0x000000000b3b3000) (0MB)
2015-02-11T17:34:35.001427-06:00 c0-0c2s0n1 EFI: mem107: type=4, attr=0xf, range=[0x000000000b3b3000-0x000000000b3b7000) (0MB)
2015-02-11T17:34:35.001687-06:00 c0-0c2s0n1 EFI: mem108: type=3, attr=0xf, range=[0x000000000b3b7000-0x000000000b3c9000) (0MB)
2015-02-11T17:34:35.001890-06:00 c0-0c2s0n1 EFI: mem109: type=4, attr=0xf, range=[0x000000000b3c9000-0x000000000b3cc000) (0MB)
2015-02-11T17:34:35.026833-06:00 c0-0c2s0n1 EFI: mem110: type=3, attr=0xf, range=[0x000000000b3cc000-0x000000000b3d7000) (0MB)
2015-02-11T17:34:35.051819-06:00 c0-0c2s0n1 EFI: mem111: type=4, attr=0xf, range=[0x000000000b3d7000-0x000000000b45c000) (0MB)
2015-02-11T17:34:35.052141-06:00 c0-0c2s0n1 EFI: mem112: type=3, attr=0xf, range=[0x000000000b45c000-0x000000000b45f000) (0MB)
2015-02-11T17:34:35.077108-06:00 c0-0c2s0n1 EFI: mem113: type=4, attr=0xf, range=[0x000000000b45f000-0x000000000b475000) (0MB)
2015-02-11T17:34:35.077424-06:00 c0-0c2s0n1 EFI: mem114: type=3, attr=0xf, range=[0x000000000b475000-0x000000000b47c000) (0MB)
2015-02-11T17:34:35.077604-06:00 c0-0c2s0n1 EFI: mem115: type=4, attr=0xf, range=[0x000000000b47c000-0x000000000b48b000) (0MB)
2015-02-11T17:34:35.102521-06:00 c0-0c2s0n1 EFI: mem116: type=3, attr=0xf, range=[0x000000000b48b000-0x000000000b48f000) (0MB)
2015-02-11T17:34:35.127578-06:00 c0-0c2s0n1 EFI: mem117: type=4, attr=0xf, range=[0x000000000b48f000-0x000000000b4b1000) (0MB)
2015-02-11T17:34:35.127934-06:00 c0-0c2s0n1 EFI: mem118: type=3, attr=0xf, range=[0x000000000b4b1000-0x000000000b4b6000) (0MB)
2015-02-11T17:34:35.152798-06:00 c0-0c2s0n1 EFI: mem119: type=4, attr=0xf, range=[0x000000000b4b6000-0x000000000b53e000) (0MB)
2015-02-11T17:34:35.153115-06:00 c0-0c2s0n1 EFI: mem120: type=3, attr=0xf, range=[0x000000000b53e000-0x000000000b552000) (0MB)
2015-02-11T17:34:35.153326-06:00 c0-0c2s0n1 EFI: mem121: type=4, attr=0xf, range=[0x000000000b552000-0x000000000b5e4000) (0MB)
2015-02-11T17:34:35.178473-06:00 c0-0c2s0n1 EFI: mem122: type=2, attr=0xf, range=[0x000000000b5e4000-0x000000000b5e6000) (0MB)
2015-02-11T17:34:35.178651-06:00 c0-0c2s0n1 EFI: mem123: type=4, attr=0xf, range=[0x000000000b5e6000-0x000000000bcaf000) (6MB)
2015-02-11T17:34:35.203632-06:00 c0-0c2s0n1 EFI: mem124: type=3, attr=0xf, range=[0x000000000bcaf000-0x000000000bcb8000) (0MB)
2015-02-11T17:34:35.203837-06:00 c0-0c2s0n1 EFI: mem125: type=4, attr=0xf, range=[0x000000000bcb8000-0x000000000bcb9000) (0MB)
2015-02-11T17:34:35.228916-06:00 c0-0c2s0n1 EFI: mem126: type=7, attr=0xf, range=[0x000000000bcb9000-0x000000000bcc1000) (0MB)
2015-02-11T17:34:35.253795-06:00 c0-0c2s0n1 EFI: mem127: type=4, attr=0xf, range=[0x000000000bcc1000-0x000000000bedf000) (2MB)
2015-02-11T17:34:35.254110-06:00 c0-0c2s0n1 EFI: mem128: type=7, attr=0xf, range=[0x000000000bedf000-0x000000000beed000) (0MB)
2015-02-11T17:34:35.292186-06:00 c0-0c2s0n1 EFI: mem129: type=1, attr=0xf, range=[0x000000000beed000-0x000000000befe000) (0MB)
2015-02-11T17:34:35.292366-06:00 c0-0c2s0n1 EFI: mem130: type=7, attr=0xf, range=[0x000000000befe000-0x000000007e67c000) (1831MB)
2015-02-11T17:34:35.336260-06:00 c0-0c2s0n1 EFI: mem131: type=10, attr=0xf, range=[0x000000007e67c000-0x000000007e790000) (1MB)
2015-02-11T17:34:35.336400-06:00 c0-0c2s0n1 EFI: mem132: type=0, attr=0xf, range=[0x000000007e790000-0x000000007e792000) (0MB)
2015-02-11T17:34:35.336658-06:00 c0-0c2s0n1 EFI: mem133: type=6, attr=0x800000000000000f, range=[0x000000007e792000-0x000000007f395000) (12MB)
2015-02-11T17:34:35.336825-06:00 c0-0c2s0n1 EFI: mem134: type=9, attr=0xf, range=[0x000000007f395000-0x000000007f410000) (0MB)
2015-02-11T17:34:35.372160-06:00 c0-0c2s0n1 EFI: mem135: type=5, attr=0x800000000000000f, range=[0x000000007f410000-0x000000007f41a000) (0MB)
2015-02-11T17:34:35.372353-06:00 c0-0c2s0n1 EFI: mem136: type=0, attr=0xf, range=[0x000000007f41a000-0x000000007f41c000) (0MB)
2015-02-11T17:34:35.380123-06:00 c0-0c2s0n1 EFI: mem137: type=6, attr=0x800000000000000f, range=[0x000000007f41c000-0x000000007f42d000) (0MB)
2015-02-11T17:34:35.405326-06:00 c0-0c2s0n1 EFI: mem138: type=0, attr=0xf, range=[0x000000007f42d000-0x000000007f43d000) (0MB)
2015-02-11T17:34:35.405648-06:00 c0-0c2s0n1 EFI: mem139: type=6, attr=0x800000000000000f, range=[0x000000007f43d000-0x000000007f45e000) (0MB)
2015-02-11T17:34:35.430538-06:00 c0-0c2s0n1 EFI: mem140: type=5, attr=0x800000000000000f, range=[0x000000007f45e000-0x000000007f462000) (0MB)
2015-02-11T17:34:35.430853-06:00 c0-0c2s0n1 EFI: mem141: type=0, attr=0xf, range=[0x000000007f462000-0x000000007f46b000) (0MB)
2015-02-11T17:34:35.468198-06:00 c0-0c2s0n1 EFI: mem142: type=5, attr=0x800000000000000f, range=[0x000000007f46b000-0x000000007f46d000) (0MB)
2015-02-11T17:34:35.468409-06:00 c0-0c2s0n1 EFI: mem143: type=0, attr=0xf, range=[0x000000007f46d000-0x000000007f471000) (0MB)
2015-02-11T17:34:35.508205-06:00 c0-0c2s0n1 EFI: mem144: type=5, attr=0x800000000000000f, range=[0x000000007f471000-0x000000007f472000) (0MB)
2015-02-11T17:34:35.508425-06:00 c0-0c2s0n1 EFI: mem145: type=6, attr=0x800000000000000f, range=[0x000000007f472000-0x000000007f473000) (0MB)
2015-02-11T17:34:35.508627-06:00 c0-0c2s0n1 EFI: mem146: type=5, attr=0x800000000000000f, range=[0x000000007f473000-0x000000007f476000) (0MB)
2015-02-11T17:34:35.548096-06:00 c0-0c2s0n1 EFI: mem147: type=0, attr=0xf, range=[0x000000007f476000-0x000000007f486000) (0MB)
2015-02-11T17:34:35.548333-06:00 c0-0c2s0n1 EFI: mem148: type=5, attr=0x800000000000000f, range=[0x000000007f486000-0x000000007f491000) (0MB)
2015-02-11T17:34:35.556687-06:00 c0-0c2s0n1 EFI: mem149: type=7, attr=0xf, range=[0x000000007f491000-0x000000007f493000) (0MB)
2015-02-11T17:34:35.557000-06:00 c0-0c2s0n1 EFI: mem150: type=10, attr=0xf, range=[0x000000007f493000-0x000000007f494000) (0MB)
2015-02-11T17:34:35.582083-06:00 c0-0c2s0n1 EFI: mem151: type=6, attr=0x800000000000000f, range=[0x000000007f494000-0x000000007f49b000) (0MB)
2015-02-11T17:34:35.582346-06:00 c0-0c2s0n1 EFI: mem152: type=5, attr=0x800000000000000f, range=[0x000000007f49b000-0x000000007f49e000) (0MB)
2015-02-11T17:34:35.607413-06:00 c0-0c2s0n1 EFI: mem153: type=10, attr=0xf, range=[0x000000007f49e000-0x000000007f4a6000) (0MB)
2015-02-11T17:34:35.607694-06:00 c0-0c2s0n1 EFI: mem154: type=6, attr=0x800000000000000f, range=[0x000000007f4a6000-0x000000007f4a7000) (0MB)
2015-02-11T17:34:35.632659-06:00 c0-0c2s0n1 EFI: mem155: type=5, attr=0x800000000000000f, range=[0x000000007f4a7000-0x000000007f4ab000) (0MB)
2015-02-11T17:34:35.657842-06:00 c0-0c2s0n1 EFI: mem156: type=6, attr=0x800000000000000f, range=[0x000000007f4ab000-0x000000007f4bd000) (0MB)
2015-02-11T17:34:35.658171-06:00 c0-0c2s0n1 EFI: mem157: type=5, attr=0x800000000000000f, range=[0x000000007f4bd000-0x000000007f4cf000) (0MB)
2015-02-11T17:34:35.683218-06:00 c0-0c2s0n1 EFI: mem158: type=6, attr=0x800000000000000f, range=[0x000000007f4cf000-0x000000007f4d2000) (0MB)
2015-02-11T17:34:35.683478-06:00 c0-0c2s0n1 EFI: mem159: type=10, attr=0xf, range=[0x000000007f4d2000-0x000000007f558000) (0MB)
2015-02-11T17:34:35.708509-06:00 c0-0c2s0n1 EFI: mem160: type=3, attr=0xf, range=[0x000000007f558000-0x000000007f7e0000) (2MB)
2015-02-11T17:34:35.708746-06:00 c0-0c2s0n1 EFI: mem161: type=4, attr=0xf, range=[0x000000007f7e0000-0x000000007f7ef000) (0MB)
2015-02-11T17:34:35.733718-06:00 c0-0c2s0n1 EFI: mem162: type=3, attr=0xf, range=[0x000000007f7ef000-0x000000007f800000) (0MB)
2015-02-11T17:34:35.734065-06:00 c0-0c2s0n1 EFI: mem163: type=7, attr=0xf, range=[0x0000000100000000-0x0000001080000000) (63488MB)
2015-02-11T17:34:35.758999-06:00 c0-0c2s0n1 EFI: mem164: type=11, attr=0x8000000000000001, range=[0x0000000080000000-0x0000000090000000) (256MB)
2015-02-11T17:34:35.759378-06:00 c0-0c2s0n1 EFI: mem165: type=11, attr=0x8000000000000001, range=[0x00000000fed1c000-0x00000000fed20000) (0MB)
2015-02-11T17:34:35.784356-06:00 c0-0c2s0n1 EFI: mem166: type=11, attr=0x8000000000000001, range=[0x00000000ff000000-0x0000000100000000) (16MB)
2015-02-11T17:34:35.784432-06:00 c0-0c2s0n1 DMI 2.7 present.
2015-02-11T17:34:35.809297-06:00 c0-0c2s0n1 last_pfn = 0x1080000 max_arch_pfn = 0x400000000
2015-02-11T17:34:35.809828-06:00 c0-0c2s0n1 x86 PAT enabled: cpu 0, old 0x7040600070406, new 0x7010600070106
2015-02-11T17:34:35.834597-06:00 c0-0c2s0n1 last_pfn = 0x7f800 max_arch_pfn = 0x400000000
2015-02-11T17:34:35.834847-06:00 c0-0c2s0n1 found SMP MP-table at [ffff8800000fd840] fd840
2015-02-11T17:34:35.834961-06:00 c0-0c2s0n1 Using GB pages for direct mapping
2015-02-11T17:34:35.835162-06:00 c0-0c2s0n1 init_memory_mapping: 0000000000000000-000000007f800000
2015-02-11T17:34:35.859931-06:00 c0-0c2s0n1 init_memory_mapping: 0000000100000000-0000001080000000
2015-02-11T17:34:35.860140-06:00 c0-0c2s0n1 nmi ring buffer: 262144
2015-02-11T17:34:35.860213-06:00 c0-0c2s0n1 RAMDISK: 0fa00000 - 10610000
2015-02-11T17:34:35.860385-06:00 c0-0c2s0n1 ACPI: RSDP 000000007f395000 00024 (v02 ALASKA)
2015-02-11T17:34:35.885293-06:00 c0-0c2s0n1 ACPI: XSDT 000000007f395088 0008C (v01 ALASKA    A M I 01072009 AMI  00010013)
2015-02-11T17:34:35.885532-06:00 c0-0c2s0n1 ACPI: FACP 000000007f39ee50 000F4 (v04 ALASKA    A M I 01072009 AMI  00010013)
2015-02-11T17:34:35.910466-06:00 c0-0c2s0n1 ACPI: DSDT 000000007f3951a0 09CAD (v02 ALASKA    A M I 00000016 INTL 20051117)
2015-02-11T17:34:35.910606-06:00 c0-0c2s0n1 ACPI: FACS 000000007f4a3f80 00040
2015-02-11T17:34:35.910954-06:00 c0-0c2s0n1 ACPI: APIC 000000007f39ef48 00138 (v03 ALASKA    A M I 01072009 AMI  00010013)
2015-02-11T17:34:35.935790-06:00 c0-0c2s0n1 ACPI: FPDT 000000007f39f080 00044 (v01 ALASKA    A M I 01072009 AMI  00010013)
2015-02-11T17:34:35.936087-06:00 c0-0c2s0n1 ACPI: MCFG 000000007f39f0c8 0003C (v01 ALASKA OEMMCFG. 01072009 MSFT 00000097)
2015-02-11T17:34:35.960943-06:00 c0-0c2s0n1 ACPI: HPET 000000007f39f108 00038 (v01 ALASKA    A M I 01072009 AMI. 00000004)
2015-02-11T17:34:35.961243-06:00 c0-0c2s0n1 ACPI: PRAD 000000007f39f140 000BE (v02 PRADID  PRADTID 00000001 MSFT 03000001)
2015-02-11T17:34:35.986460-06:00 c0-0c2s0n1 ACPI: SSDT 000000007f39f200 70104 (v02  INTEL    CpuPm 00004000 INTL 20051117)
2015-02-11T17:34:35.986578-06:00 c0-0c2s0n1 ACPI: SPCR 000000007f40f308 00050 (v01  A M I   APTIO4 01072009 AMI. 00000004)
2015-02-11T17:34:36.011548-06:00 c0-0c2s0n1 ACPI: EINJ 000000007f40f358 00130 (v01    AMI AMI EINJ 00000000      00000000)
2015-02-11T17:34:36.011704-06:00 c0-0c2s0n1 ACPI: ERST 000000007f40f488 00230 (v01  AMIER AMI ERST 00000000      00000000)
2015-02-11T17:34:36.011897-06:00 c0-0c2s0n1 ACPI: HEST 000000007f40f6b8 000A8 (v01    AMI AMI HEST 00000000      00000000)
2015-02-11T17:34:36.036763-06:00 c0-0c2s0n1 ACPI: BERT 000000007f40f760 00030 (v01    AMI AMI BERT 00000000      00000000)
2015-02-11T17:34:36.036961-06:00 c0-0c2s0n1 ACPI: DMAR 000000007f40f790 000BC (v01 A M I   OEMDMAR 00000001 INTL 00000001)
2015-02-11T17:34:36.061868-06:00 c0-0c2s0n1 No NUMA configuration found
2015-02-11T17:34:36.062068-06:00 c0-0c2s0n1 Faking a node at 0000000000000000-0000001080000000
2015-02-11T17:34:36.062189-06:00 c0-0c2s0n1 Initmem setup node 0 0000000000000000-0000001080000000
2015-02-11T17:34:36.087110-06:00 c0-0c2s0n1  NODE_DATA [000000107ffbb000 - 000000107ffbffff]
2015-02-11T17:34:36.288951-06:00 c0-0c2s0n1 Zone PFN ranges:
2015-02-11T17:34:36.289011-06:00 c0-0c2s0n1  DMA      0x00000010 -> 0x00001000
2015-02-11T17:34:36.289087-06:00 c0-0c2s0n1  DMA32    0x00001000 -> 0x00100000
2015-02-11T17:34:36.289171-06:00 c0-0c2s0n1  Normal   0x00100000 -> 0x01080000
2015-02-11T17:34:36.314178-06:00 c0-0c2s0n1 Movable zone start PFN for each node
2015-02-11T17:34:36.314273-06:00 c0-0c2s0n1 early_node_map[5] active PFN ranges
2015-02-11T17:34:36.314364-06:00 c0-0c2s0n1    0: 0x00000010 -> 0x000000a0
2015-02-11T17:34:36.314447-06:00 c0-0c2s0n1    0: 0x00000100 -> 0x0007e67c
2015-02-11T17:34:36.314585-06:00 c0-0c2s0n1    0: 0x0007f491 -> 0x0007f493
2015-02-11T17:34:36.339361-06:00 c0-0c2s0n1    0: 0x0007f558 -> 0x0007f800
2015-02-11T17:34:36.339516-06:00 c0-0c2s0n1    0: 0x00100000 -> 0x01080000
2015-02-11T17:34:36.969325-06:00 c0-0c2s0n1 ACPI: LAPIC (acpi_id[0x00] lapic_id[0x00] enabled)
2015-02-11T17:34:36.969468-06:00 c0-0c2s0n1 ACPI: LAPIC (acpi_id[0x02] lapic_id[0x02] enabled)
2015-02-11T17:34:36.969680-06:00 c0-0c2s0n1 ACPI: LAPIC (acpi_id[0x04] lapic_id[0x04] enabled)
2015-02-11T17:34:36.994398-06:00 c0-0c2s0n1 ACPI: LAPIC (acpi_id[0x06] lapic_id[0x06] enabled)
2015-02-11T17:34:36.994528-06:00 c0-0c2s0n1 ACPI: LAPIC (acpi_id[0x08] lapic_id[0x08] enabled)
2015-02-11T17:34:36.994689-06:00 c0-0c2s0n1 ACPI: LAPIC (acpi_id[0x0a] lapic_id[0x0a] enabled)
2015-02-11T17:34:36.994902-06:00 c0-0c2s0n1 ACPI: LAPIC (acpi_id[0x0c] lapic_id[0x0c] enabled)
2015-02-11T17:34:37.019664-06:00 c0-0c2s0n1 ACPI: LAPIC (acpi_id[0x0e] lapic_id[0x0e] enabled)
2015-02-11T17:34:37.019842-06:00 c0-0c2s0n1 ACPI: LAPIC (acpi_id[0x01] lapic_id[0x01] enabled)
2015-02-11T17:34:37.044663-06:00 c0-0c2s0n1 ACPI: LAPIC (acpi_id[0x03] lapic_id[0x03] enabled)
2015-02-11T17:34:37.044924-06:00 c0-0c2s0n1 ACPI: LAPIC (acpi_id[0x05] lapic_id[0x05] enabled)
2015-02-11T17:34:37.045217-06:00 c0-0c2s0n1 ACPI: LAPIC (acpi_id[0x07] lapic_id[0x07] enabled)
2015-02-11T17:34:37.045450-06:00 c0-0c2s0n1 ACPI: LAPIC (acpi_id[0x09] lapic_id[0x09] enabled)
2015-02-11T17:34:37.084245-06:00 c0-0c2s0n1 ACPI: LAPIC (acpi_id[0x0b] lapic_id[0x0b] enabled)
2015-02-11T17:34:37.084525-06:00 c0-0c2s0n1 ACPI: LAPIC (acpi_id[0x0d] lapic_id[0x0d] enabled)
2015-02-11T17:34:37.084736-06:00 c0-0c2s0n1 ACPI: LAPIC (acpi_id[0x0f] lapic_id[0x0f] enabled)
2015-02-11T17:34:37.124189-06:00 c0-0c2s0n1 ACPI: LAPIC_NMI (acpi_id[0x00] high edge lint[0x1])
2015-02-11T17:34:37.124390-06:00 c0-0c2s0n1 ACPI: LAPIC_NMI (acpi_id[0x02] high edge lint[0x1])
2015-02-11T17:34:37.124604-06:00 c0-0c2s0n1 ACPI: LAPIC_NMI (acpi_id[0x04] high edge lint[0x1])
2015-02-11T17:34:37.124812-06:00 c0-0c2s0n1 ACPI: LAPIC_NMI (acpi_id[0x06] high edge lint[0x1])
2015-02-11T17:34:37.125028-06:00 c0-0c2s0n1 ACPI: LAPIC_NMI (acpi_id[0x08] high edge lint[0x1])
2015-02-11T17:34:37.125221-06:00 c0-0c2s0n1 ACPI: LAPIC_NMI (acpi_id[0x0a] high edge lint[0x1])
2015-02-11T17:34:37.125430-06:00 c0-0c2s0n1 ACPI: LAPIC_NMI (acpi_id[0x0c] high edge lint[0x1])
2015-02-11T17:34:37.164261-06:00 c0-0c2s0n1 ACPI: LAPIC_NMI (acpi_id[0x0e] high edge lint[0x1])
2015-02-11T17:34:37.164508-06:00 c0-0c2s0n1 ACPI: LAPIC_NMI (acpi_id[0x01] high edge lint[0x1])
2015-02-11T17:34:37.171025-06:00 c0-0c2s0n1 ACPI: LAPIC_NMI (acpi_id[0x03] high edge lint[0x1])
2015-02-11T17:34:37.171340-06:00 c0-0c2s0n1 ACPI: LAPIC_NMI (acpi_id[0x05] high edge lint[0x1])
2015-02-11T17:34:37.171616-06:00 c0-0c2s0n1 ACPI: LAPIC_NMI (acpi_id[0x07] high edge lint[0x1])
2015-02-11T17:34:37.196292-06:00 c0-0c2s0n1 ACPI: LAPIC_NMI (acpi_id[0x09] high edge lint[0x1])
2015-02-11T17:34:37.196645-06:00 c0-0c2s0n1 ACPI: LAPIC_NMI (acpi_id[0x0b] high edge lint[0x1])
2015-02-11T17:34:37.196943-06:00 c0-0c2s0n1 ACPI: LAPIC_NMI (acpi_id[0x0d] high edge lint[0x1])
2015-02-11T17:34:37.221644-06:00 c0-0c2s0n1 ACPI: LAPIC_NMI (acpi_id[0x0f] high edge lint[0x1])
2015-02-11T17:34:37.221978-06:00 c0-0c2s0n1 ACPI: IOAPIC (id[0x00] address[0xfec00000] gsi_base[0])
2015-02-11T17:34:37.222287-06:00 c0-0c2s0n1 IOAPIC[0]: apic_id 0, version 32, address 0xfec00000, GSI 0-23
2015-02-11T17:34:37.246841-06:00 c0-0c2s0n1 ACPI: IOAPIC (id[0x02] address[0xfec01000] gsi_base[24])
2015-02-11T17:34:37.247258-06:00 c0-0c2s0n1 IOAPIC[1]: apic_id 2, version 32, address 0xfec01000, GSI 24-47
2015-02-11T17:34:37.247404-06:00 c0-0c2s0n1 ACPI: INT_SRC_OVR (bus 0 bus_irq 0 global_irq 2 dfl dfl)
2015-02-11T17:34:37.247621-06:00 c0-0c2s0n1 ACPI: INT_SRC_OVR (bus 0 bus_irq 9 global_irq 9 high level)
2015-02-11T17:34:37.272270-06:00 c0-0c2s0n1 Using ACPI (MADT) for SMP configuration information
2015-02-11T17:34:37.272484-06:00 c0-0c2s0n1 ACPI: HPET id: 0x8086a701 base: 0xfed00000
2015-02-11T17:34:37.272596-06:00 c0-0c2s0n1 SMP: Allowing 16 CPUs, 0 hotplug CPUs
2015-02-11T17:34:37.297516-06:00 c0-0c2s0n1 Allocating PCI resources starting at 90000000 (gap: 90000000:6ed1c000)
2015-02-11T17:34:37.297807-06:00 c0-0c2s0n1 setup_percpu: NR_CPUS:128 nr_cpumask_bits:128 nr_cpu_ids:16 nr_node_ids:1
2015-02-11T17:34:37.322693-06:00 c0-0c2s0n1 PERCPU: Embedded 25 pages/cpu @ffff88107fa00000 s72704 r8192 d21504 u131072
2015-02-11T17:34:37.322962-06:00 c0-0c2s0n1 Built 1 zonelists in Zone order, mobility grouping on.  Total pages: 16534701
2015-02-11T17:34:37.323072-06:00 c0-0c2s0n1 Policy zone: Normal
2015-02-11T17:34:37.423707-06:00 c0-0c2s0n1 Kernel command line: earlyprintk=serial,115200 load_ramdisk=1 ramdisk_size=80000 console=ttyS0,115200n8 bootnodeip=10.131.255.254 bootproto=ipog bootpath=/rr/current rootfs=nfs-shared root=/dev/disk/by-id/scsi-3600a09800063789e0000008b54c3a04c-part1 oops=panic bootifnetmask=255.252.0.0 elevator=noop ippob1=10 ippob2=128 pcie_ports=native iommu=on intel_iommu=off bad_page=panic pln_enable=off apei_disable hest_disable erst_disable ghes_disable cgroup_disable=memory active_wlm=ALPS sdbnodeip=10.131.255.253 sessionid=p0-20150211t172524 _cray=marker_ 
2015-02-11T17:34:37.423791-06:00 c0-0c2s0n1 Intel-IOMMU: disabled
2015-02-11T17:34:37.423850-06:00 c0-0c2s0n1 Disabling memory control group subsystem
2015-02-11T17:34:37.423980-06:00 c0-0c2s0n1 PID hash table entries: 4096 (order: 3, 32768 bytes)
2015-02-11T17:34:37.448933-06:00 c0-0c2s0n1 xsave/xrstor: enabled xstate_bv 0x7, cntxt size 0x340
2015-02-11T17:34:37.908199-06:00 c0-0c2s0n1 Memory: 66057992k/69206016k available (5522k kernel code, 2121000k absent, 1027024k reserved, 5307k data, 692k init)
2015-02-11T17:34:37.908230-06:00 c0-0c2s0n1 Hierarchical RCU implementation.
2015-02-11T17:34:37.908245-06:00 c0-0c2s0n1 NR_IRQS:4352
2015-02-11T17:34:37.908250-06:00 c0-0c2s0n1 Extended CMOS year: 2000
2015-02-11T17:34:37.908395-06:00 c0-0c2s0n1 Console: colour dummy device 80x25
2015-02-11T17:34:37.908419-06:00 c0-0c2s0n1 console [ttyS0] enabled, bootconsole disabled
2015-02-11T17:34:37.908440-06:00 c0-0c2s0n1 console [ttyS0] enabled, bootconsole disabled
2015-02-11T17:34:37.958681-06:00 c0-0c2s0n1 Fast TSC calibration using PIT
2015-02-11T17:34:37.984018-06:00 c0-0c2s0n1 Detected 2600.056 MHz processor.
2015-02-11T17:34:37.984182-06:00 c0-0c2s0n1 Calibrating delay loop (skipped), value calculated using timer frequency.. 5200.11 BogoMIPS (lpj=10400224)
2015-02-11T17:34:37.984209-06:00 c0-0c2s0n1 pid_max: default: 32768 minimum: 301
2015-02-11T17:34:38.034532-06:00 c0-0c2s0n1 Dentry cache hash table entries: 8388608 (order: 14, 67108864 bytes)
2015-02-11T17:34:38.084852-06:00 c0-0c2s0n1 Inode-cache hash table entries: 4194304 (order: 13, 33554432 bytes)
2015-02-11T17:34:38.084894-06:00 c0-0c2s0n1 Mount-cache hash table entries: 256
2015-02-11T17:34:38.110053-06:00 c0-0c2s0n1 Initializing cgroup subsys cpuacct
2015-02-11T17:34:38.110095-06:00 c0-0c2s0n1 Initializing cgroup subsys memory
2015-02-11T17:34:38.110155-06:00 c0-0c2s0n1 Initializing cgroup subsys devices
2015-02-11T17:34:38.110174-06:00 c0-0c2s0n1 Initializing cgroup subsys perf_event
2015-02-11T17:34:38.135281-06:00 c0-0c2s0n1 CPU: Physical Processor ID: 0
2015-02-11T17:34:38.135343-06:00 c0-0c2s0n1 CPU: Processor Core ID: 0
2015-02-11T17:34:38.135400-06:00 c0-0c2s0n1 mce: CPU supports 20 MCE banks
2015-02-11T17:34:38.135481-06:00 c0-0c2s0n1 CPU0: Thermal monitoring enabled (TM1)
2015-02-11T17:34:38.135502-06:00 c0-0c2s0n1 using mwait in idle threads.
2015-02-11T17:34:38.135563-06:00 c0-0c2s0n1 ACPI: Core revision 20110413
2015-02-11T17:34:38.185844-06:00 c0-0c2s0n1 ftrace: allocating 20236 entries in 80 pages
2015-02-11T17:34:38.211088-06:00 c0-0c2s0n1 DMAR: Host address width 46
2015-02-11T17:34:38.211186-06:00 c0-0c2s0n1 DMAR: DRHD base: 0x000000fbffc000 flags: 0x1
2015-02-11T17:34:38.211313-06:00 c0-0c2s0n1 IOMMU 0: reg_base_addr fbffc000 ver 1:0 cap d2078c106f0462 ecap f020fe
2015-02-11T17:34:38.236308-06:00 c0-0c2s0n1 DMAR: RMRR base: 0x0000007f430000 end: 0x0000007f43cfff
2015-02-11T17:34:38.236424-06:00 c0-0c2s0n1 DMAR: ATSR flags: 0x0
2015-02-11T17:34:38.236533-06:00 c0-0c2s0n1 DMAR: RHSA base: 0x000000fbffc000 proximity domain: 0x0
2015-02-11T17:34:38.236591-06:00 c0-0c2s0n1 Switched APIC routing to physical flat.
2015-02-11T17:34:38.261613-06:00 c0-0c2s0n1 ..TIMER: vector=0x30 apic1=0 pin1=2 apic2=-1 pin2=-1
2015-02-11T17:34:38.312052-06:00 c0-0c2s0n1 CPU0: Intel(R) Xeon(R) CPU E5-2670 0 @ 2.60GHz stepping 07
2015-02-11T17:34:38.539364-06:00 c0-0c2s0n1 Performance Events: PEBS fmt1+, 16-deep LBR, SandyBridge events, full-width counters, Intel PMU driver.
2015-02-11T17:34:38.539450-06:00 c0-0c2s0n1 ... version:                3
2015-02-11T17:34:38.539480-06:00 c0-0c2s0n1 ... bit width:              48
2015-02-11T17:34:38.539512-06:00 c0-0c2s0n1 ... generic registers:      4
2015-02-11T17:34:38.564535-06:00 c0-0c2s0n1 ... value mask:             0000ffffffffffff
2015-02-11T17:34:38.564629-06:00 c0-0c2s0n1 ... max period:             0000ffffffffffff
2015-02-11T17:34:38.564720-06:00 c0-0c2s0n1 ... fixed-purpose events:   3
2015-02-11T17:34:38.589756-06:00 c0-0c2s0n1 ... event mask:             000000070000000f
2015-02-11T17:34:39.068697-06:00 c0-0c2s0n1 Booting Node   0, Processors  #1 #2 #3 #4 #5 #6 #7 #8 #9 #10 #11 #12 #13 #14 #15 Ok.
2015-02-11T17:34:39.068992-06:00 c0-0c2s0n1 Brought up 16 CPUs
2015-02-11T17:34:39.093958-06:00 c0-0c2s0n1 Total of 16 processors activated (83201.79 BogoMIPS).
2015-02-11T17:34:39.119319-06:00 c0-0c2s0n1 NET: Registered protocol family 16
2015-02-11T17:34:39.144582-06:00 c0-0c2s0n1 ACPI FADT declares the system doesn't support PCIe ASPM, so disable it
2015-02-11T17:34:39.144640-06:00 c0-0c2s0n1 ACPI: bus type pci registered
2015-02-11T17:34:39.169749-06:00 c0-0c2s0n1 PCI: MMCONFIG for domain 0000 [bus 00-ff] at [mem 0x80000000-0x8fffffff] (base 0x80000000)
2015-02-11T17:34:39.169945-06:00 c0-0c2s0n1 PCI: MMCONFIG at [mem 0x80000000-0x8fffffff] reserved in E820
2015-02-11T17:34:39.195168-06:00 c0-0c2s0n1 PCI: Using configuration type 1 for base access
2015-02-11T17:34:39.220262-06:00 c0-0c2s0n1 bio: create slab <bio-0> at 0
2015-02-11T17:34:39.245527-06:00 c0-0c2s0n1 ACPI: Executed 1 blocks of module-level executable AML code
2015-02-11T17:34:39.447489-06:00 c0-0c2s0n1 ACPI: Interpreter enabled
2015-02-11T17:34:39.447533-06:00 c0-0c2s0n1 ACPI: (supports S0 S1 S3 S5)
2015-02-11T17:34:39.472498-06:00 c0-0c2s0n1 ACPI: Using IOAPIC for interrupt routing
2015-02-11T17:34:39.472790-06:00 c0-0c2s0n1 ACPI: No dock devices found.
2015-02-11T17:34:39.472844-06:00 c0-0c2s0n1 HEST: Table parsing disabled.
2015-02-11T17:34:39.497933-06:00 c0-0c2s0n1 PCI: Using host bridge windows from ACPI; if necessary, use "pci=nocrs" and report a bug
2015-02-11T17:34:39.523227-06:00 c0-0c2s0n1 ACPI: PCI Root Bridge [PCI0] (domain 0000 [bus 00-fe])
2015-02-11T17:34:39.523509-06:00 c0-0c2s0n1 pci_root PNP0A08:00: host bridge window [io  0x0000-0x03af]
2015-02-11T17:34:39.548282-06:00 c0-0c2s0n1 pci_root PNP0A08:00: host bridge window [io  0x03e0-0x0cf7]
2015-02-11T17:34:39.548489-06:00 c0-0c2s0n1 pci_root PNP0A08:00: host bridge window [io  0x0d00-0xffff]
2015-02-11T17:34:39.573527-06:00 c0-0c2s0n1 pci_root PNP0A08:00: host bridge window [mem 0x000c0000-0x000dffff]
2015-02-11T17:34:39.573820-06:00 c0-0c2s0n1 pci_root PNP0A08:00: host bridge window [mem 0x80000000-0xfbffffff]
2015-02-11T17:34:39.598760-06:00 c0-0c2s0n1 pci_root PNP0A08:00: host bridge window [mem 0x1080000000-0x3c3fffffffff]
2015-02-11T17:34:39.599006-06:00 c0-0c2s0n1 pci 0000:00:02.0: PCI bridge to [bus 01-01]
2015-02-11T17:34:39.624037-06:00 c0-0c2s0n1 pci 0000:00:03.0: PCI bridge to [bus 02-07]
2015-02-11T17:34:39.624215-06:00 c0-0c2s0n1 pci 0000:02:00.0: PCI bridge to [bus 03-07]
2015-02-11T17:34:39.624465-06:00 c0-0c2s0n1 pci 0000:03:02.0: PCI bridge to [bus 04-05]
2015-02-11T17:34:39.624631-06:00 c0-0c2s0n1 pci 0000:03:04.0: PCI bridge to [bus 06-07]
2015-02-11T17:34:39.649193-06:00 c0-0c2s0n1 pci 0000:00:03.2: PCI bridge to [bus 08-08]
2015-02-11T17:34:39.649421-06:00 c0-0c2s0n1 pci 0000:00:11.0: PCI bridge to [bus 09-09]
2015-02-11T17:34:39.649675-06:00 c0-0c2s0n1 pci 0000:00:1e.0: PCI bridge to [bus 0a-0a] (subtractive decode)
2015-02-11T17:34:39.674665-06:00 c0-0c2s0n1 pci0000:00: Unable to request _OSC control (_OSC support mask: 0x19)
2015-02-11T17:34:39.699954-06:00 c0-0c2s0n1 ACPI: PCI Root Bridge [UNC0] (domain 0000 [bus ff])
2015-02-11T17:34:39.724943-06:00 c0-0c2s0n1 pci0000:ff: Unable to request _OSC control (_OSC support mask: 0x19)
2015-02-11T17:34:39.725306-06:00 c0-0c2s0n1 ACPI: PCI Interrupt Link [LNKA] (IRQs 3 4 5 6 7 10 *11 12 14 15)
2015-02-11T17:34:39.750284-06:00 c0-0c2s0n1 ACPI: PCI Interrupt Link [LNKB] (IRQs *3 4 5 6 7 10 11 12 14 15)
2015-02-11T17:34:39.750526-06:00 c0-0c2s0n1 ACPI: PCI Interrupt Link [LNKC] (IRQs 3 4 5 6 *10 11 12 14 15)
2015-02-11T17:34:39.775560-06:00 c0-0c2s0n1 ACPI: PCI Interrupt Link [LNKD] (IRQs 3 4 *5 6 10 11 12 14 15)
2015-02-11T17:34:39.775866-06:00 c0-0c2s0n1 ACPI: PCI Interrupt Link [LNKE] (IRQs 3 4 5 6 7 10 11 12 14 15) *0
2015-02-11T17:34:39.800639-06:00 c0-0c2s0n1 ACPI: PCI Interrupt Link [LNKF] (IRQs 3 4 5 6 7 10 11 12 14 15) *0
2015-02-11T17:34:39.801017-06:00 c0-0c2s0n1 ACPI: PCI Interrupt Link [LNKG] (IRQs 3 4 5 6 7 10 11 12 14 15) *0
2015-02-11T17:34:39.801288-06:00 c0-0c2s0n1 ACPI: PCI Interrupt Link [LNKH] (IRQs 3 4 5 6 *7 10 11 12 14 15)
2015-02-11T17:34:39.825850-06:00 c0-0c2s0n1 vgaarb: loaded
2015-02-11T17:34:39.826134-06:00 c0-0c2s0n1 SCSI subsystem initialized
2015-02-11T17:34:39.826228-06:00 c0-0c2s0n1 PCI: Using ACPI for IRQ routing
2015-02-11T17:34:39.826611-06:00 c0-0c2s0n1 Switching to clocksource hpet
2015-02-11T17:34:39.851487-06:00 c0-0c2s0n1 pnp: PnP ACPI init
2015-02-11T17:34:39.851649-06:00 c0-0c2s0n1 ACPI: bus type pnp registered
2015-02-11T17:34:39.876722-06:00 c0-0c2s0n1 system 00:01: [mem 0xfc000000-0xfcffffff] has been reserved
2015-02-11T17:34:39.877003-06:00 c0-0c2s0n1 system 00:01: [mem 0xfd000000-0xfdffffff] has been reserved
2015-02-11T17:34:39.901724-06:00 c0-0c2s0n1 system 00:01: [mem 0xfe000000-0xfeafffff] has been reserved
2015-02-11T17:34:39.902051-06:00 c0-0c2s0n1 system 00:01: [mem 0xfeb00000-0xfebfffff] has been reserved
2015-02-11T17:34:39.927015-06:00 c0-0c2s0n1 system 00:01: [mem 0xfed00400-0xfed3ffff] could not be reserved
2015-02-11T17:34:39.927309-06:00 c0-0c2s0n1 system 00:01: [mem 0xfed45000-0xfedfffff] has been reserved
2015-02-11T17:34:39.927618-06:00 c0-0c2s0n1 system 00:02: [mem 0xfbffc000-0xfbffdfff] has been reserved
2015-02-11T17:34:39.952356-06:00 c0-0c2s0n1 system 00:06: [io  0x04d0-0x04d1] has been reserved
2015-02-11T17:34:39.952645-06:00 c0-0c2s0n1 system 00:08: [io  0x0400-0x0453] has been reserved
2015-02-11T17:34:39.977514-06:00 c0-0c2s0n1 system 00:08: [io  0x0458-0x047f] has been reserved
2015-02-11T17:34:39.977859-06:00 c0-0c2s0n1 system 00:08: [io  0x1180-0x119f] has been reserved
2015-02-11T17:34:39.978134-06:00 c0-0c2s0n1 system 00:08: [io  0x0500-0x057f] has been reserved
2015-02-11T17:34:40.002780-06:00 c0-0c2s0n1 system 00:08: [mem 0xfed1c000-0xfed1ffff] has been reserved
2015-02-11T17:34:40.003161-06:00 c0-0c2s0n1 system 00:08: [mem 0xfec00000-0xfecfffff] could not be reserved
2015-02-11T17:34:40.003419-06:00 c0-0c2s0n1 system 00:08: [mem 0xfed08000-0xfed08fff] has been reserved
2015-02-11T17:34:40.028335-06:00 c0-0c2s0n1 system 00:08: [mem 0xff000000-0xffffffff] has been reserved
2015-02-11T17:34:40.028622-06:00 c0-0c2s0n1 system 00:09: [io  0x0454-0x0457] has been reserved
2015-02-11T17:34:40.053222-06:00 c0-0c2s0n1 pnp: PnP ACPI: found 12 devices
2015-02-11T17:34:40.053404-06:00 c0-0c2s0n1 ACPI: ACPI bus type pnp unregistered
2015-02-11T17:34:40.053774-06:00 c0-0c2s0n1 pci 0000:00:02.0: PCI bridge to [bus 01-01]
2015-02-11T17:34:40.078705-06:00 c0-0c2s0n1 pci 0000:00:02.0:   bridge window [io  disabled]
2015-02-11T17:34:40.078955-06:00 c0-0c2s0n1 pci 0000:00:02.0:   bridge window [mem disabled]
2015-02-11T17:34:40.103812-06:00 c0-0c2s0n1 pci 0000:00:02.0:   bridge window [mem 0x3c0000000000-0x3c20000fffff 64bit pref]
2015-02-11T17:34:40.103982-06:00 c0-0c2s0n1 pci 0000:03:02.0: PCI bridge to [bus 04-05]
2015-02-11T17:34:40.104328-06:00 c0-0c2s0n1 pci 0000:03:02.0:   bridge window [io  0xd000-0xdfff]
2015-02-11T17:34:40.129136-06:00 c0-0c2s0n1 pci 0000:03:02.0:   bridge window [mem 0xfbc00000-0xfbcfffff]
2015-02-11T17:34:40.129479-06:00 c0-0c2s0n1 pci 0000:03:02.0:   bridge window [mem 0x3c2000e00000-0x3c2000efffff 64bit pref]
2015-02-11T17:34:40.129705-06:00 c0-0c2s0n1 pci 0000:03:04.0: PCI bridge to [bus 06-07]
2015-02-11T17:34:40.154719-06:00 c0-0c2s0n1 pci 0000:03:04.0:   bridge window [io  0xc000-0xcfff]
2015-02-11T17:34:40.154872-06:00 c0-0c2s0n1 pci 0000:03:04.0:   bridge window [mem 0xfbb00000-0xfbbfffff]
2015-02-11T17:34:40.179806-06:00 c0-0c2s0n1 pci 0000:03:04.0:   bridge window [mem 0x3c2000d00000-0x3c2000dfffff 64bit pref]
2015-02-11T17:34:40.179985-06:00 c0-0c2s0n1 pci 0000:02:00.0: PCI bridge to [bus 03-07]
2015-02-11T17:34:40.204883-06:00 c0-0c2s0n1 pci 0000:02:00.0:   bridge window [io  0xc000-0xdfff]
2015-02-11T17:34:40.205189-06:00 c0-0c2s0n1 pci 0000:02:00.0:   bridge window [mem 0xfbb00000-0xfbcfffff]
2015-02-11T17:34:40.205465-06:00 c0-0c2s0n1 pci 0000:02:00.0:   bridge window [mem 0x3c2000d00000-0x3c2000efffff 64bit pref]
2015-02-11T17:34:40.230212-06:00 c0-0c2s0n1 pci 0000:00:03.0: PCI bridge to [bus 02-07]
2015-02-11T17:34:40.230440-06:00 c0-0c2s0n1 pci 0000:00:03.0:   bridge window [io  0xc000-0xdfff]
2015-02-11T17:34:40.230702-06:00 c0-0c2s0n1 pci 0000:00:03.0:   bridge window [mem 0xfbb00000-0xfbcfffff]
2015-02-11T17:34:40.255633-06:00 c0-0c2s0n1 pci 0000:00:03.0:   bridge window [mem 0x3c2000d00000-0x3c2000efffff 64bit pref]
2015-02-11T17:34:40.255813-06:00 c0-0c2s0n1 pci 0000:00:03.2: PCI bridge to [bus 08-08]
2015-02-11T17:34:40.280699-06:00 c0-0c2s0n1 pci 0000:00:03.2:   bridge window [io  disabled]
2015-02-11T17:34:40.281081-06:00 c0-0c2s0n1 pci 0000:00:03.2:   bridge window [mem 0xfbe00000-0xfbefffff]
2015-02-11T17:34:40.305951-06:00 c0-0c2s0n1 pci 0000:00:03.2:   bridge window [mem 0x3c2000a00000-0x3c2000cfffff 64bit pref]
2015-02-11T17:34:40.306136-06:00 c0-0c2s0n1 pci 0000:00:11.0: PCI bridge to [bus 09-09]
2015-02-11T17:34:40.331091-06:00 c0-0c2s0n1 pci 0000:00:11.0:   bridge window [io  0xe000-0xefff]
2015-02-11T17:34:40.331430-06:00 c0-0c2s0n1 pci 0000:00:11.0:   bridge window [mem 0xfbd00000-0xfbdfffff]
2015-02-11T17:34:40.331763-06:00 c0-0c2s0n1 pci 0000:00:11.0:   bridge window [mem 0x3c2000400000-0x3c20008fffff 64bit pref]
2015-02-11T17:34:40.356459-06:00 c0-0c2s0n1 pci 0000:00:1e.0: PCI bridge to [bus 0a-0a]
2015-02-11T17:34:40.356669-06:00 c0-0c2s0n1 pci 0000:00:1e.0:   bridge window [io  disabled]
2015-02-11T17:34:40.356892-06:00 c0-0c2s0n1 pci 0000:00:1e.0:   bridge window [mem disabled]
2015-02-11T17:34:40.381684-06:00 c0-0c2s0n1 pci 0000:00:1e.0:   bridge window [mem pref disabled]
2015-02-11T17:34:40.381933-06:00 c0-0c2s0n1 pci 0000:00:02.0: PCI INT A -> GSI 32 (level, low) -> IRQ 32
2015-02-11T17:34:40.382104-06:00 c0-0c2s0n1 pci 0000:00:03.0: PCI INT A -> GSI 40 (level, low) -> IRQ 40
2015-02-11T17:34:40.407038-06:00 c0-0c2s0n1 pci 0000:00:03.2: PCI INT A -> GSI 40 (level, low) -> IRQ 40
2015-02-11T17:34:40.407228-06:00 c0-0c2s0n1 pci 0000:00:11.0: PCI INT A -> GSI 16 (level, low) -> IRQ 16
2015-02-11T17:34:40.407311-06:00 c0-0c2s0n1 NET: Registered protocol family 2
2015-02-11T17:34:40.432390-06:00 c0-0c2s0n1 IP route cache hash table entries: 524288 (order: 10, 4194304 bytes)
2015-02-11T17:34:40.457636-06:00 c0-0c2s0n1 TCP established hash table entries: 524288 (order: 11, 8388608 bytes)
2015-02-11T17:34:40.457843-06:00 c0-0c2s0n1 TCP bind hash table entries: 65536 (order: 8, 1048576 bytes)
2015-02-11T17:34:40.482870-06:00 c0-0c2s0n1 TCP: Hash tables configured (established 524288 bind 65536)
2015-02-11T17:34:40.482928-06:00 c0-0c2s0n1 TCP reno registered
2015-02-11T17:34:40.482996-06:00 c0-0c2s0n1 UDP hash table entries: 32768 (order: 8, 1048576 bytes)
2015-02-11T17:34:40.508028-06:00 c0-0c2s0n1 UDP-Lite hash table entries: 32768 (order: 8, 1048576 bytes)
2015-02-11T17:34:40.508124-06:00 c0-0c2s0n1 NET: Registered protocol family 1
2015-02-11T17:34:40.533226-06:00 c0-0c2s0n1 RPC: Registered named UNIX socket transport module.
2015-02-11T17:34:40.533238-06:00 c0-0c2s0n1 RPC: Registered udp transport module.
2015-02-11T17:34:40.533267-06:00 c0-0c2s0n1 RPC: Registered tcp transport module.
2015-02-11T17:34:40.533344-06:00 c0-0c2s0n1 RPC: Registered tcp NFSv4.1 backchannel transport module.
2015-02-11T17:34:40.583579-06:00 c0-0c2s0n1 pci 0000:00:1a.0: PCI INT A -> GSI 16 (level, low) -> IRQ 16
2015-02-11T17:34:40.608804-06:00 c0-0c2s0n1 pci 0000:00:1a.0: PCI INT A disabled
2015-02-11T17:34:40.608857-06:00 c0-0c2s0n1 pci 0000:00:1d.0: PCI INT A -> GSI 23 (level, low) -> IRQ 23
2015-02-11T17:34:40.634060-06:00 c0-0c2s0n1 pci 0000:00:1d.0: PCI INT A disabled
2015-02-11T17:34:40.634105-06:00 c0-0c2s0n1 Trying to unpack rootfs image as initramfs...
2015-02-11T17:34:41.062941-06:00 c0-0c2s0n1 Freeing initrd memory: 12352k freed
2015-02-11T17:34:41.063292-06:00 c0-0c2s0n1 DMAR: Device scope device [0000:00:01.01] not found
2015-02-11T17:34:41.088125-06:00 c0-0c2s0n1 DMAR: Device scope device [0000:00:01.01] not found
2015-02-11T17:34:41.088391-06:00 c0-0c2s0n1 PCI-DMA: Using software bounce buffering for IO (SWIOTLB)
2015-02-11T17:34:41.088696-06:00 c0-0c2s0n1 Placing 64MB software IO TLB between ffff88007a67c000 - ffff88007e67c000
2015-02-11T17:34:41.113321-06:00 c0-0c2s0n1 software IO TLB at phys 0x7a67c000 - 0x7e67c000
2015-02-11T17:34:41.113613-06:00 c0-0c2s0n1 Machine check injector initialized
2015-02-11T17:34:41.138643-06:00 c0-0c2s0n1 futex hash table entries: 4096 (order: 6, 262144 bytes)
2015-02-11T17:34:41.138820-06:00 c0-0c2s0n1 Registering pnotify support for (name=job)
2015-02-11T17:34:41.138907-06:00 c0-0c2s0n1 CSA: initialized
2015-02-11T17:34:41.139013-06:00 c0-0c2s0n1 audit: initializing netlink socket (disabled)
2015-02-11T17:34:41.163948-06:00 c0-0c2s0n1 type=2000 audit(1423697675.676:1): initialized
2015-02-11T17:34:41.214442-06:00 c0-0c2s0n1 HugeTLB registered 2 MB page size, pre-allocated 0 pages
2015-02-11T17:34:41.214520-06:00 c0-0c2s0n1 VFS: Disk quotas dquot_6.5.2
2015-02-11T17:34:41.214587-06:00 c0-0c2s0n1 Dquot-cache hash table entries: 512 (order 0, 4096 bytes)
2015-02-11T17:34:41.239661-06:00 c0-0c2s0n1 Installing knfsd (copyright (C) 1996 okir@monad.swb.de).
2015-02-11T17:34:41.239753-06:00 c0-0c2s0n1 fuse init (API version 7.16)
2015-02-11T17:34:41.264761-06:00 c0-0c2s0n1 Installing v9fs 9p2000 file system support
2015-02-11T17:34:41.264897-06:00 c0-0c2s0n1 msgmni has been set to 32268
2015-02-11T17:34:41.264984-06:00 c0-0c2s0n1 Block layer SCSI generic (bsg) driver version 0.4 loaded (major 254)
2015-02-11T17:34:41.290034-06:00 c0-0c2s0n1 io scheduler noop registered (default)
2015-02-11T17:34:41.290157-06:00 c0-0c2s0n1 io scheduler deadline registered
2015-02-11T17:34:41.290220-06:00 c0-0c2s0n1 io scheduler cfq registered
2015-02-11T17:34:41.315284-06:00 c0-0c2s0n1 input: Power Button as /devices/LNXSYSTM:00/LNXSYBUS:00/PNP0C0C:00/input/input0
2015-02-11T17:34:41.315332-06:00 c0-0c2s0n1 ACPI: Power Button [PWRB]
2015-02-11T17:34:41.315472-06:00 c0-0c2s0n1 input: Power Button as /devices/LNXSYSTM:00/LNXPWRBN:00/input/input1
2015-02-11T17:34:41.315495-06:00 c0-0c2s0n1 ACPI: Power Button [PWRF]
2015-02-11T17:34:41.416321-06:00 c0-0c2s0n1 ERST: Error Record Serialization Table (ERST) support is disabled.
2015-02-11T17:34:41.416401-06:00 c0-0c2s0n1 GHES: HEST is not enabled!
2015-02-11T17:34:41.491859-06:00 c0-0c2s0n1 Serial: 8250/16550 driver, 2 ports, IRQ sharing disabled
2015-02-11T17:34:41.492070-06:00 c0-0c2s0n1 serial8250: ttyS0 at I/O 0x3f8 (irq = 4) is a 16550A
2015-02-11T17:34:41.592870-06:00 c0-0c2s0n1 serial8250: ttyS1 at I/O 0x2f8 (irq = 3) is a 16550A
2015-02-11T17:34:41.693644-06:00 c0-0c2s0n1 Real Time Clock Driver v1.12b
2015-02-11T17:34:41.693675-06:00 c0-0c2s0n1 Linux agpgart interface v0.103
2015-02-11T17:34:41.718905-06:00 c0-0c2s0n1 brd: module loaded
2015-02-11T17:34:41.718981-06:00 c0-0c2s0n1 loop: module loaded
2015-02-11T17:34:41.719015-06:00 c0-0c2s0n1 Loading iSCSI transport class v2.0-870.
2015-02-11T17:34:41.719073-06:00 c0-0c2s0n1 iscsi: registered transport (tcp)
2015-02-11T17:34:41.744201-06:00 c0-0c2s0n1 Rounding down aligned max_sectors from 4294967295 to 4294967288
2015-02-11T17:34:41.744258-06:00 c0-0c2s0n1 console [netcon0] enabled
2015-02-11T17:34:41.744279-06:00 c0-0c2s0n1 netconsole: network logging started
2015-02-11T17:34:41.769418-06:00 c0-0c2s0n1 i8042: PNP: No PS/2 controller found. Probing ports directly.
2015-02-11T17:34:42.123903-06:00 c0-0c2s0n1 Refined TSC clocksource calibration: 2599.999 MHz.
2015-02-11T17:34:42.149154-06:00 c0-0c2s0n1 Switching to clocksource tsc
2015-02-11T17:34:42.765661-06:00 c0-0c2s0n1 i8042: No controller found
2015-02-11T17:34:42.790483-06:00 c0-0c2s0n1 EDAC MC: Ver: 2.1.0
2015-02-11T17:34:42.790686-06:00 c0-0c2s0n1 cpuidle: using governor ladder
2015-02-11T17:34:42.790883-06:00 c0-0c2s0n1 cpuidle: using governor menu
2015-02-11T17:34:42.790969-06:00 c0-0c2s0n1 oprofile: using NMI interrupt.
2015-02-11T17:34:42.815727-06:00 c0-0c2s0n1 TCP cubic registered
2015-02-11T17:34:42.815827-06:00 c0-0c2s0n1 NET: Registered protocol family 10
2015-02-11T17:34:42.815894-06:00 c0-0c2s0n1 IPv6 over IPv4 tunneling driver
2015-02-11T17:34:42.840985-06:00 c0-0c2s0n1 NET: Registered protocol family 17
2015-02-11T17:34:42.841011-06:00 c0-0c2s0n1 Installing 9P2000 support
2015-02-11T17:34:42.841151-06:00 c0-0c2s0n1 Registering the dns_resolver key type
2015-02-11T17:34:42.841272-06:00 c0-0c2s0n1 registered taskstats version 1
2015-02-11T17:34:42.909465-06:00 c0-0c2s0n1 Freeing unused kernel memory: 692k freed
2015-02-11T17:34:44.436745-06:00 c0-0c2s0n1 ghal_init:Cray(R) Gemini Hardware Abstraction Layer - version 1.0107
2015-02-11T17:34:44.436756-06:00 c0-0c2s0n1 ghal_init:Copyright (C) 2007-1012 Cray Inc.
2015-02-11T17:34:44.436772-06:00 c0-0c2s0n1 ghal 0000:01:00.1: enabling device (0000 -> 0002)
2015-02-11T17:34:44.436778-06:00 c0-0c2s0n1 udev: starting version 147
2015-02-11T17:34:44.436784-06:00 c0-0c2s0n1 simplex: module license 'unspecified' taints kernel.
2015-02-11T17:34:44.436792-06:00 c0-0c2s0n1 hss-os: communication area 0xffff8810085daa00 (phys 0x10085daa00)
2015-02-11T17:34:44.436802-06:00 c0-0c2s0n1 hss-os: new channel 1
2015-02-11T17:34:44.669408-06:00 c0-0c2s0n1 request_sys_info_from_L0: No tile dimension data
2015-02-11T17:34:44.669425-06:00 c0-0c2s0n1 hss-os: new channel 2
2015-02-11T17:34:44.669441-06:00 c0-0c2s0n1 kgni_init:Cray(R) Gemini Network Interface - Sep 17 2014 version 0x004500b7 rev 9750
2015-02-11T17:34:44.669448-06:00 c0-0c2s0n1 kgni_init:Copyright (C) 2007,2008 Cray Inc.
2015-02-11T17:34:44.669453-06:00 c0-0c2s0n1 ipogif_init:Cray(R) Gemini IP over Fabric device driver - version 0.17
2015-02-11T17:34:44.669460-06:00 c0-0c2s0n1 ipogif_init:Copyright (C) 2007 Cray Inc.
2015-02-11T17:34:44.669470-06:00 c0-0c2s0n1 ipogif_probe:Immediate checksum off
2015-02-11T17:34:44.669480-06:00 c0-0c2s0n1 Cray(R) Gemini Performance Counter Daemon - version 0.1
2015-02-11T17:34:44.669486-06:00 c0-0c2s0n1 GEMINI Performance Counter Daemon.
2015-02-11T17:34:44.669497-06:00 c0-0c2s0n1 Cray(R) Kernel Dynamic Registration (KDREG) Interface - version 0x2243e
2015-02-11T17:34:44.669503-06:00 c0-0c2s0n1 Copyright (C) 2004-5 Pete Wyckoff - modified by Cray(R)
2015-02-11T17:34:44.744683-06:00 c0-0c2s0n1 rdac: device handler registered
2015-02-11T17:34:44.769579-06:00 c0-0c2s0n1 qla2xxx [0000:00:00.0]-0005: QLogic Fibre Channel HBA Driver: IPADDRUNK
2015-02-11T17:34:44.769870-06:00 c0-0c2s0n1 qla2xxx 0000:08:00.0: enabling device (0000 -> 0002)
2015-02-11T17:34:44.770208-06:00 c0-0c2s0n1 qla2xxx 0000:08:00.0: PCI INT A -> GSI 42 (level, low) -> IRQ 42
2015-02-11T17:34:44.794927-06:00 c0-0c2s0n1 qla2xxx [0000:08:00.0]-011c: MSI-X vector count: 31.
2015-02-11T17:34:44.795214-06:00 c0-0c2s0n1 qla2xxx [0000:08:00.0]-001d: Found an ISP2031 irq 42 iobase 0xffffc900171fc000.
2015-02-11T17:34:44.820535-06:00 c0-0c2s0n1 qla2xxx [0000:08:00.0]-0075:0: ZIO mode 6 enabled; timer delay (200 us).
2015-02-11T17:34:45.951738-06:00 c0-0c2s0n1 scsi0 : qla2xxx
2015-02-11T17:34:51.013086-06:00 c0-0c2s0n1 qla2xxx [0000:08:00.0]-00fb:0: QLogic QLE2672 - QLE2672 QLogic 2-port 16Gb Fibre Channel Adapter.
2015-02-11T17:34:51.013150-06:00 c0-0c2s0n1 qla2xxx [0000:08:00.0]-00fc:0: ISP2031: PCIe (8.0GT/s x4) @ 0000:08:00.0 hdma+ host#=0 fw=7.03.00 (d0d5).
2015-02-11T17:34:51.038318-06:00 c0-0c2s0n1 qla2xxx 0000:08:00.1: enabling device (0000 -> 0002)
2015-02-11T17:34:51.038356-06:00 c0-0c2s0n1 qla2xxx 0000:08:00.1: PCI INT B -> GSI 45 (level, low) -> IRQ 45
2015-02-11T17:34:51.038383-06:00 c0-0c2s0n1 qla2xxx [0000:08:00.1]-011c: MSI-X vector count: 31.
2015-02-11T17:34:51.063522-06:00 c0-0c2s0n1 qla2xxx [0000:08:00.1]-001d: Found an ISP2031 irq 45 iobase 0xffffc900281fa000.
2015-02-11T17:34:51.088755-06:00 c0-0c2s0n1 qla2xxx [0000:08:00.1]-0075:1: ZIO mode 6 enabled; timer delay (200 us).
2015-02-11T17:34:52.192965-06:00 c0-0c2s0n1 scsi1 : qla2xxx
2015-02-11T17:34:52.773369-06:00 c0-0c2s0n1 qla2xxx [0000:08:00.1]-505f:1: Link is operational (16 Gbps).
2015-02-11T17:34:52.899580-06:00 c0-0c2s0n1 qla2xxx [0000:08:00.1]-00fb:1: QLogic QLE2672 - QLE2672 QLogic 2-port 16Gb Fibre Channel Adapter.
2015-02-11T17:34:52.924716-06:00 c0-0c2s0n1 qla2xxx [0000:08:00.1]-00fc:1: ISP2031: PCIe (8.0GT/s x4) @ 0000:08:00.1 hdma+ host#=1 fw=7.03.00 (d0d5).
2015-02-11T17:34:52.949950-06:00 c0-0c2s0n1 pps_core: LinuxPPS API ver. 1 registered
2015-02-11T17:34:52.949989-06:00 c0-0c2s0n1 pps_core: Software ver. 5.3.6 - Copyright 2005-2007 Rodolfo Giometti <giometti@linux.it>
2015-02-11T17:34:52.950010-06:00 c0-0c2s0n1 PTP clock support registered
2015-02-11T17:34:52.975229-06:00 c0-0c2s0n1 igb: Intel(R) Gigabit Ethernet Network Driver - version 4.1.2-k
2015-02-11T17:34:52.975270-06:00 c0-0c2s0n1 igb: Copyright (c) 2007-2012 Intel Corporation.
2015-02-11T17:34:53.000420-06:00 c0-0c2s0n1 igb 0000:04:00.0: PCI INT A -> GSI 45 (level, low) -> IRQ 45
2015-02-11T17:34:53.766898-06:00 c0-0c2s0n1 scsi 1:0:0:0: Direct-Access     NETAPP   INF-01-00        0810 PQ: 0 ANSI: 5
2015-02-11T17:34:53.766913-06:00 c0-0c2s0n1 igb 0000:04:00.0: added PHC on eth0
2015-02-11T17:34:53.766919-06:00 c0-0c2s0n1 igb 0000:04:00.0: Intel(R) Gigabit Ethernet Network Connection
2015-02-11T17:34:53.766925-06:00 c0-0c2s0n1 igb 0000:04:00.0: eth0: (PCIe:2.5Gb/s:Width x4) 90:e2:ba:90:43:58
2015-02-11T17:34:53.766938-06:00 c0-0c2s0n1 igb 0000:04:00.0: eth0: PBA No: E91609-006
2015-02-11T17:34:53.766953-06:00 c0-0c2s0n1 igb 0000:04:00.0: Using MSI-X interrupts. 8 rx queue(s), 8 tx queue(s)
2015-02-11T17:34:53.766965-06:00 c0-0c2s0n1 igb 0000:04:00.1: PCI INT B -> GSI 46 (level, low) -> IRQ 46
2015-02-11T17:34:53.766972-06:00 c0-0c2s0n1 scsi 1:0:0:0: rdac: LUN 0 (RDAC) (owned)
2015-02-11T17:34:53.766980-06:00 c0-0c2s0n1 sd 1:0:0:0: Attached scsi generic sg0 type 0
2015-02-11T17:34:53.766994-06:00 c0-0c2s0n1 sd 1:0:0:0: [sda] 146800640 512-byte logical blocks: (75.1 GB/70.0 GiB)
2015-02-11T17:34:53.767000-06:00 c0-0c2s0n1 sd 1:0:0:0: [sda] Write Protect is off
2015-02-11T17:34:53.767018-06:00 c0-0c2s0n1 sd 1:0:0:0: [sda] Write cache: disabled, read cache: enabled, supports DPO and FUA
2015-02-11T17:34:53.767024-06:00 c0-0c2s0n1 sda: sda1 sda2
2015-02-11T17:34:53.767029-06:00 c0-0c2s0n1 sd 1:0:0:0: [sda] Attached SCSI disk
2015-02-11T17:34:53.767035-06:00 c0-0c2s0n1 scsi 1:0:0:1: Direct-Access     NETAPP   INF-01-00        0810 PQ: 0 ANSI: 5
2015-02-11T17:34:53.767040-06:00 c0-0c2s0n1 scsi 1:0:0:1: rdac: LUN 1 (RDAC) (owned)
2015-02-11T17:34:53.767057-06:00 c0-0c2s0n1 sd 1:0:0:1: Attached scsi generic sg1 type 0
2015-02-11T17:34:53.767072-06:00 c0-0c2s0n1 sd 1:0:0:1: [sdb] 775946240 512-byte logical blocks: (397 GB/370 GiB)
2015-02-11T17:34:53.767090-06:00 c0-0c2s0n1 scsi 1:0:0:2: Direct-Access     NETAPP   INF-01-00        0810 PQ: 0 ANSI: 5
2015-02-11T17:34:53.767096-06:00 c0-0c2s0n1 scsi 1:0:0:2: rdac: LUN 2 (RDAC) (owned)
2015-02-11T17:34:53.767102-06:00 c0-0c2s0n1 sd 1:0:0:2: [sdc] 167772160 512-byte logical blocks: (85.8 GB/80.0 GiB)
2015-02-11T17:34:53.767106-06:00 c0-0c2s0n1 sd 1:0:0:2: Attached scsi generic sg2 type 0
2015-02-11T17:34:53.767111-06:00 c0-0c2s0n1 scsi 1:0:0:3: Direct-Access     NETAPP   INF-01-00        0810 PQ: 0 ANSI: 5
2015-02-11T17:34:53.767116-06:00 c0-0c2s0n1 sd 1:0:0:2: [sdc] Write Protect is off
2015-02-11T17:34:53.767124-06:00 c0-0c2s0n1 sd 1:0:0:2: [sdc] Write cache: disabled, read cache: enabled, supports DPO and FUA
2015-02-11T17:34:53.767130-06:00 c0-0c2s0n1 scsi 1:0:0:3: rdac: LUN 3 (RDAC) (owned)
2015-02-11T17:34:53.767136-06:00 c0-0c2s0n1 sd 1:0:0:3: Attached scsi generic sg3 type 0
2015-02-11T17:34:53.767142-06:00 c0-0c2s0n1 sd 1:0:0:3: [sdd] 146800640 512-byte logical blocks: (75.1 GB/70.0 GiB)
2015-02-11T17:34:53.767151-06:00 c0-0c2s0n1 scsi 1:0:0:4: Direct-Access     NETAPP   INF-01-00        0810 PQ: 0 ANSI: 5
2015-02-11T17:34:53.767158-06:00 c0-0c2s0n1 sd 1:0:0:3: [sdd] Write Protect is off
2015-02-11T17:34:53.767163-06:00 c0-0c2s0n1 sdc: sdc1 sdc2 sdc3
2015-02-11T17:34:53.767171-06:00 c0-0c2s0n1 scsi 1:0:0:4: rdac: LUN 4 (RDAC) (owned)
2015-02-11T17:34:53.767180-06:00 c0-0c2s0n1 sd 1:0:0:3: [sdd] Write cache: disabled, read cache: enabled, supports DPO and FUA
2015-02-11T17:34:53.767185-06:00 c0-0c2s0n1 sd 1:0:0:4: Attached scsi generic sg4 type 0
2015-02-11T17:34:53.767195-06:00 c0-0c2s0n1 sd 1:0:0:4: [sde] 775946240 512-byte logical blocks: (397 GB/370 GiB)
2015-02-11T17:34:53.767206-06:00 c0-0c2s0n1 scsi 1:0:0:5: Direct-Access     NETAPP   INF-01-00        0810 PQ: 0 ANSI: 5
2015-02-11T17:34:53.767212-06:00 c0-0c2s0n1 sdd: sdd1 sdd2
2015-02-11T17:34:53.767220-06:00 c0-0c2s0n1 sd 1:0:0:4: [sde] Write Protect is off
2015-02-11T17:34:53.767227-06:00 c0-0c2s0n1 scsi 1:0:0:5: rdac: LUN 5 (RDAC) (owned)
2015-02-11T17:34:53.767236-06:00 c0-0c2s0n1 sd 1:0:0:5: Attached scsi generic sg5 type 0
2015-02-11T17:34:53.767241-06:00 c0-0c2s0n1 sd 1:0:0:4: [sde] Write cache: disabled, read cache: enabled, supports DPO and FUA
2015-02-11T17:34:53.767247-06:00 c0-0c2s0n1 sd 1:0:0:2: [sdc] Attached SCSI disk
2015-02-11T17:34:53.767257-06:00 c0-0c2s0n1 scsi 1:0:0:6: Direct-Access     NETAPP   INF-01-00        0810 PQ: 0 ANSI: 5
2015-02-11T17:34:53.767264-06:00 c0-0c2s0n1 sd 1:0:0:5: [sdf] 167772160 512-byte logical blocks: (85.8 GB/80.0 GiB)
2015-02-11T17:34:53.767270-06:00 c0-0c2s0n1 scsi 1:0:0:6: rdac: LUN 6 (RDAC) (owned)
2015-02-11T17:34:53.767280-06:00 c0-0c2s0n1 sd 1:0:0:6: Attached scsi generic sg6 type 0
2015-02-11T17:34:53.767289-06:00 c0-0c2s0n1 sd 1:0:0:5: [sdf] Write Protect is off
2015-02-11T17:34:53.767297-06:00 c0-0c2s0n1 sd 1:0:0:3: [sdd] Attached SCSI disk
2015-02-11T17:34:53.767305-06:00 c0-0c2s0n1 scsi 1:0:0:7: Direct-Access     NETAPP   INF-01-00        0810 PQ: 0 ANSI: 5
2015-02-11T17:34:53.767311-06:00 c0-0c2s0n1 sd 1:0:0:6: [sdg] 146800640 512-byte logical blocks: (75.1 GB/70.0 GiB)
2015-02-11T17:34:53.767327-06:00 c0-0c2s0n1 sd 1:0:0:5: [sdf] Write cache: disabled, read cache: enabled, supports DPO and FUA
2015-02-11T17:34:53.767339-06:00 c0-0c2s0n1 sde: sde1 sde2 sde3 sde4
2015-02-11T17:34:53.767349-06:00 c0-0c2s0n1 scsi 1:0:0:7: rdac: LUN 7 (RDAC) (owned)
2015-02-11T17:34:53.767355-06:00 c0-0c2s0n1 sd 1:0:0:7: Attached scsi generic sg7 type 0
2015-02-11T17:34:53.767365-06:00 c0-0c2s0n1 sd 1:0:0:6: [sdg] Write Protect is off
2015-02-11T17:34:53.767464-06:00 c0-0c2s0n1 scsi 1:0:0:8: Direct-Access     NETAPP   INF-01-00        0810 PQ: 0 ANSI: 5
2015-02-11T17:34:53.767502-06:00 c0-0c2s0n1 sd 1:0:0:6: [sdg] Write cache: disabled, read cache: enabled, supports DPO and FUA
2015-02-11T17:34:53.792158-06:00 c0-0c2s0n1 sd 1:0:0:7: [sdh] 775946240 512-byte logical blocks: (397 GB/370 GiB)
2015-02-11T17:34:53.792200-06:00 c0-0c2s0n1 sdf: sdf1 sdf2 sdf3
2015-02-11T17:34:53.792238-06:00 c0-0c2s0n1 scsi 1:0:0:8: rdac: LUN 8 (RDAC) (owned)
2015-02-11T17:34:53.792262-06:00 c0-0c2s0n1 sd 1:0:0:8: Attached scsi generic sg8 type 0
2015-02-11T17:34:53.792322-06:00 c0-0c2s0n1 sd 1:0:0:4: [sde] Attached SCSI disk
2015-02-11T17:34:53.792344-06:00 c0-0c2s0n1 sd 1:0:0:7: [sdh] Write Protect is off
2015-02-11T17:34:53.817329-06:00 c0-0c2s0n1 scsi 1:0:0:15: Direct-Access     NETAPP   INF-01-00        0810 PQ: 0 ANSI: 5
2015-02-11T17:34:53.842676-06:00 c0-0c2s0n1 sd 1:0:0:7: [sdh] Write cache: disabled, read cache: enabled, supports DPO and FUA
2015-02-11T17:34:53.842757-06:00 c0-0c2s0n1 sd 1:0:0:8: [sdi] 167772160 512-byte logical blocks: (85.8 GB/80.0 GiB)
2015-02-11T17:34:53.842774-06:00 c0-0c2s0n1 sdg: sdg1 sdg2
2015-02-11T17:34:53.867886-06:00 c0-0c2s0n1 scsi 1:0:0:15: rdac: LUN 15 (RDAC) (owned)
2015-02-11T17:34:53.867924-06:00 c0-0c2s0n1 sd 1:0:0:15: Attached scsi generic sg9 type 0
2015-02-11T17:34:53.867980-06:00 c0-0c2s0n1 sd 1:0:0:8: [sdi] Write Protect is off
2015-02-11T17:34:53.893128-06:00 c0-0c2s0n1 scsi 1:0:0:16: Direct-Access     NETAPP   INF-01-00        0810 PQ: 0 ANSI: 5
2015-02-11T17:34:53.893208-06:00 c0-0c2s0n1 sd 1:0:0:15: [sdj] 3048520811 512-byte logical blocks: (1.56 TB/1.41 TiB)
2015-02-11T17:34:53.893300-06:00 c0-0c2s0n1 sd 1:0:0:8: [sdi] Write cache: disabled, read cache: enabled, supports DPO and FUA
2015-02-11T17:34:53.893321-06:00 c0-0c2s0n1 sd 1:0:0:5: [sdf] Attached SCSI disk
2015-02-11T17:34:53.893342-06:00 c0-0c2s0n1 sdh: sdh1 sdh2 sdh3 sdh4
2015-02-11T17:34:53.918303-06:00 c0-0c2s0n1 scsi 1:0:0:16: rdac: LUN 16 (RDAC) (owned)
2015-02-11T17:34:53.943537-06:00 c0-0c2s0n1 sd 1:0:0:16: Attached scsi generic sg10 type 0
2015-02-11T17:34:53.943617-06:00 c0-0c2s0n1 sd 1:0:0:6: [sdg] Attached SCSI disk
2015-02-11T17:34:53.943645-06:00 c0-0c2s0n1 sd 1:0:0:15: [sdj] Write Protect is off
2015-02-11T17:34:53.968835-06:00 c0-0c2s0n1 sd 1:0:0:15: [sdj] Write cache: disabled, read cache: enabled, supports DPO and FUA
2015-02-11T17:34:53.968880-06:00 c0-0c2s0n1 sd 1:0:0:16: [sdk] 3048513536 512-byte logical blocks: (1.56 TB/1.41 TiB)
2015-02-11T17:34:53.968903-06:00 c0-0c2s0n1 sdi: sdi1 sdi2 sdi3
2015-02-11T17:34:53.968943-06:00 c0-0c2s0n1 sd 1:0:0:16: [sdk] Write Protect is off
2015-02-11T17:34:53.968993-06:00 c0-0c2s0n1 sd 1:0:0:7: [sdh] Attached SCSI disk
2015-02-11T17:34:53.994011-06:00 c0-0c2s0n1 sd 1:0:0:16: [sdk] Write cache: disabled, read cache: enabled, supports DPO and FUA
2015-02-11T17:34:53.994020-06:00 c0-0c2s0n1 sdj: sdj1
2015-02-11T17:34:54.019309-06:00 c0-0c2s0n1 sd 1:0:0:8: [sdi] Attached SCSI disk
2015-02-11T17:34:54.019333-06:00 c0-0c2s0n1 sdk: sdk1
2015-02-11T17:34:54.019387-06:00 c0-0c2s0n1 sd 1:0:0:15: [sdj] Attached SCSI disk
2015-02-11T17:34:54.019464-06:00 c0-0c2s0n1 sd 1:0:0:16: [sdk] Attached SCSI disk
2015-02-11T17:34:54.019497-06:00 c0-0c2s0n1 igb 0000:04:00.1: added PHC on eth1
2015-02-11T17:34:54.044593-06:00 c0-0c2s0n1 igb 0000:04:00.1: Intel(R) Gigabit Ethernet Network Connection
2015-02-11T17:34:54.044658-06:00 c0-0c2s0n1 igb 0000:04:00.1: eth1: (PCIe:2.5Gb/s:Width x4) 90:e2:ba:90:43:59
2015-02-11T17:34:54.044735-06:00 c0-0c2s0n1 igb 0000:04:00.1: eth1: PBA No: E91609-006
2015-02-11T17:34:54.069788-06:00 c0-0c2s0n1 igb 0000:04:00.1: Using MSI-X interrupts. 8 rx queue(s), 8 tx queue(s)
2015-02-11T17:34:54.069821-06:00 c0-0c2s0n1 igb 0000:06:00.0: PCI INT A -> GSI 40 (level, low) -> IRQ 40
2015-02-11T17:34:54.094999-06:00 c0-0c2s0n1 sd 1:0:0:1: [sdb] Write Protect is off
2015-02-11T17:34:54.095047-06:00 c0-0c2s0n1 sd 1:0:0:1: [sdb] Write cache: disabled, read cache: enabled, supports DPO and FUA
2015-02-11T17:34:54.095079-06:00 c0-0c2s0n1 sdb: sdb1 sdb2 sdb3 sdb4
2015-02-11T17:34:54.095100-06:00 c0-0c2s0n1 sd 1:0:0:1: [sdb] Attached SCSI disk
2015-02-11T17:34:54.120244-06:00 c0-0c2s0n1 igb 0000:06:00.0: added PHC on eth2
2015-02-11T17:34:54.120272-06:00 c0-0c2s0n1 igb 0000:06:00.0: Intel(R) Gigabit Ethernet Network Connection
2015-02-11T17:34:54.120315-06:00 c0-0c2s0n1 igb 0000:06:00.0: eth2: (PCIe:2.5Gb/s:Width x4) 90:e2:ba:90:43:5a
2015-02-11T17:34:54.145496-06:00 c0-0c2s0n1 igb 0000:06:00.0: eth2: PBA No: E91609-006
2015-02-11T17:34:54.145568-06:00 c0-0c2s0n1 igb 0000:06:00.0: Using MSI-X interrupts. 8 rx queue(s), 8 tx queue(s)
2015-02-11T17:34:54.145647-06:00 c0-0c2s0n1 igb 0000:06:00.1: PCI INT B -> GSI 44 (level, low) -> IRQ 44
2015-02-11T17:34:54.171025-06:00 c0-0c2s0n1 igb 0000:06:00.1: added PHC on eth3
2015-02-11T17:34:54.171289-06:00 c0-0c2s0n1 igb 0000:06:00.1: Intel(R) Gigabit Ethernet Network Connection
2015-02-11T17:34:54.171368-06:00 c0-0c2s0n1 igb 0000:06:00.1: eth3: (PCIe:2.5Gb/s:Width x4) 90:e2:ba:90:43:5b
2015-02-11T17:34:54.196279-06:00 c0-0c2s0n1 igb 0000:06:00.1: eth3: PBA No: E91609-006
2015-02-11T17:34:54.196381-06:00 c0-0c2s0n1 Sending ec_node_igb 0000:06:00.1: Using MSI-X interrupts. 8 rx queue(s), 8 tx queue(s)
2015-02-11T17:34:54.196476-06:00 c0-0c2s0n1 ipogif_up:Bringing interface up
2015-02-11T17:34:54.196522-06:00 c0-0c2s0n1 info with boot code 0 (NODE_INFO_OS_BOOT) for nid 129
2015-02-11T17:34:54.196542-06:00 c0-0c2s0n1 net.core.rmem_max = 16777216
2015-02-11T17:34:54.196581-06:00 c0-0c2s0n1 net.core.wmem_max = 16777216
2015-02-11T17:34:54.196604-06:00 c0-0c2s0n1 net.core.rmem_default = 16777216
2015-02-11T17:34:54.196643-06:00 c0-0c2s0n1 net.core.wmem_default = 16777216
2015-02-11T17:34:54.196666-06:00 c0-0c2s0n1 net.core.optmem_max = 16777216
2015-02-11T17:34:54.196708-06:00 c0-0c2s0n1 net.ipv4.tcp_mem = 16777216 16777216 16777216
2015-02-11T17:34:54.196769-06:00 c0-0c2s0n1 net.ipv4.tcp_rmem = 4096 87380 16777216
2015-02-11T17:34:54.196800-06:00 c0-0c2s0n1 net.ipv4.tcp_wmem = 4096 65536 16777216
2015-02-11T17:34:54.196833-06:00 c0-0c2s0n1 Using rootfs config: nfs-shared...
2015-02-11T17:34:54.196862-06:00 c0-0c2s0n1 rootfs mount succeeded.
2015-02-11T17:34:54.196954-06:00 c0-0c2s0n1 **********************************************************
2015-02-11T17:34:54.221532-06:00 c0-0c2s0n1    HOSTNAME: nid00129
2015-02-11T17:34:54.221608-06:00 c0-0c2s0n1 **********************************************************
2015-02-11T17:34:54.221648-06:00 c0-0c2s0n1 ipogif0   Link encap:Ethernet  HWaddr 00:01:01:00:00:81  
2015-02-11T17:34:54.221674-06:00 c0-0c2s0n1          inet addr:10.128.0.130  Mask:255.252.0.0
2015-02-11T17:34:54.221696-06:00 c0-0c2s0n1          inet6 addr: fe80::201:1ff:fe00:81/64 Scope:Link
2015-02-11T17:34:54.221707-06:00 c0-0c2s0n1          UP RUNNING NOARP  MTU:65520  Metric:1
2015-02-11T17:34:54.221734-06:00 c0-0c2s0n1          RX packets:21 errors:0 dropped:0 overruns:0 frame:0
2015-02-11T17:34:54.221757-06:00 c0-0c2s0n1          TX packets:28 errors:0 dropped:0 overruns:0 carrier:0
2015-02-11T17:34:54.221769-06:00 c0-0c2s0n1          collisions:0 txqueuelen:1000 
2015-02-11T17:34:54.221787-06:00 c0-0c2s0n1          RX bytes:2496 (2.4 KiB)  TX bytes:2540 (2.4 KiB)
2015-02-11T17:34:54.221799-06:00 c0-0c2s0n1 lo        Link encap:Local Loopback  
2015-02-11T17:34:54.221826-06:00 c0-0c2s0n1          inet addr:127.0.0.1  Mask:255.0.0.0
2015-02-11T17:34:54.221846-06:00 c0-0c2s0n1          inet6 addr: ::1/128 Scope:Host
2015-02-11T17:34:54.247050-06:00 c0-0c2s0n1          UP LOOPBACK RUNNING  MTU:16436  Metric:1
2015-02-11T17:34:54.247063-06:00 c0-0c2s0n1          RX packets:0 errors:0 dropped:0 overruns:0 frame:0
2015-02-11T17:34:54.247084-06:00 c0-0c2s0n1          TX packets:0 errors:0 dropped:0 overruns:0 carrier:0
2015-02-11T17:34:54.247094-06:00 c0-0c2s0n1          collisions:0 txqueuelen:0 
2015-02-11T17:34:54.247123-06:00 c0-0c2s0n1          RX bytes:0 (0.0 B)  TX bytes:0 (0.0 B)
2015-02-11T17:34:54.247135-06:00 c0-0c2s0n1 Mounting NID specific /etc (nid=129)...
2015-02-11T17:34:54.247186-06:00 c0-0c2s0n1 done.
2015-02-11T17:34:54.363877-06:00 c0-0c2s0n1 INIT: version 2.86 booting
2015-02-11T17:34:54.414370-06:00 c0-0c2s0n1 System Boot Control: Running /etc/init.d/boot
2015-02-11T17:34:54.414402-06:00 c0-0c2s0n1 Mounting sysfs at /sys7[?25l
2015-02-11T17:34:54.414407-06:00 c0-0c2s0n1 [80C[10D[1;32mdone[m8[?25h
2015-02-11T17:34:54.414449-06:00 c0-0c2s0n1 Copying static /dev content7[?25l
2015-02-11T17:34:54.414457-06:00 c0-0c2s0n1 [80C[10D[1;32mdone[m8[?25h
2015-02-11T17:34:54.414515-06:00 c0-0c2s0n1 Mounting tmpfs at /dev/shm7[?25l
2015-02-11T17:34:54.414529-06:00 c0-0c2s0n1 [80C[10D[1;32mdone[m8[?25h
2015-02-11T17:34:54.439607-06:00 c0-0c2s0n1 Mounting devpts at /dev/pts7[?25l
2015-02-11T17:34:54.439617-06:00 c0-0c2s0n1 [80C[10D[1;32mdone[m8[?25h
2015-02-11T17:34:54.439706-06:00 c0-0c2s0n1 Boot logging started on /dev/ttyS0(/dev/console) at Wed Feb 11 17:34:48 2015
2015-02-11T17:34:54.464890-06:00 c0-0c2s0n1 Mounting debugfs at /sys/kernel/debug7[?25l
2015-02-11T17:34:54.464901-06:00 c0-0c2s0n1 [80C[10D[1;32mdone[m8[?25h
2015-02-11T17:34:54.533647-06:00 c0-0c2s0n1 [m[?25hNo efivars filesystem driver available.[m[?25hStarting udevd: udev: starting version 147
2015-02-11T17:34:54.558867-06:00 c0-0c2s0n1 7[?25l
2015-02-11T17:34:54.558876-06:00 c0-0c2s0n1 [80C[10D[1;32mdone[m8[?25h
2015-02-11T17:34:54.635492-06:00 c0-0c2s0n1 Loading drivers, configuring devices: usbcore: registered new interface driver usbfs
2015-02-11T17:34:54.660709-06:00 c0-0c2s0n1 ahci 0000:00:1f.2: PCI INT B -> GSI 19 (level, low) -> IRQ 19
2015-02-11T17:34:54.660740-06:00 c0-0c2s0n1 ahci 0000:00:1f.2: forcing PORTS_IMPL to 0x3f
2015-02-11T17:34:54.660788-06:00 c0-0c2s0n1 usbcore: registered new interface driver hub
2015-02-11T17:34:54.686020-06:00 c0-0c2s0n1 usbcore: registered new device driver usb
2015-02-11T17:34:54.686064-06:00 c0-0c2s0n1 ahci 0000:00:1f.2: AHCI 0001.0300 32 slots 6 ports 6 Gbps 0x3f impl SATA mode
2015-02-11T17:34:54.711322-06:00 c0-0c2s0n1 ahci 0000:00:1f.2: flags: 64bit ncq sntf pm led clo pio slum part ems apst 
2015-02-11T17:34:54.711394-06:00 c0-0c2s0n1 scsi2 : ahci
2015-02-11T17:34:54.711592-06:00 c0-0c2s0n1 scsi3 : ahci
2015-02-11T17:34:54.711643-06:00 c0-0c2s0n1 scsi4 : ahci
2015-02-11T17:34:54.711684-06:00 c0-0c2s0n1 scsi5 : ahci
2015-02-11T17:34:54.711770-06:00 c0-0c2s0n1 scsi6 : ahci
2015-02-11T17:34:54.711901-06:00 c0-0c2s0n1 ehci_hcd: USB 2.0 'Enhanced' Host Controller (EHCI) Driver
2015-02-11T17:34:54.711947-06:00 c0-0c2s0n1 scsi7 : ahci
2015-02-11T17:34:54.712223-06:00 c0-0c2s0n1 udevd-work[5558]ata2: SATA max UDMA/133 abar m2048@0xfbf00000 port 0xfbf00100 irq 206
2015-02-11T17:34:54.736527-06:00 c0-0c2s0n1 : rename(/dev/scata3: SATA max UDMA/133 abar m2048@0xfbf00000 port 0xfbf00180 irq 206
2015-02-11T17:34:54.761833-06:00 c0-0c2s0n1 ata4: SATA max UDMA/133 abar m2048@0xfbf00000 port 0xfbf00200 irq 206
2015-02-11T17:34:54.761854-06:00 c0-0c2s0n1 si/.tmp-b8:48, /ata5: SATA max UDMA/133 abar m2048@0xfbf00000 port 0xfbf00280 irq 206
2015-02-11T17:34:54.787029-06:00 c0-0c2s0n1 dev/scsi/) faileata6: SATA max UDMA/133 abar m2048@0xfbf00000 port 0xfbf00300 irq 206
2015-02-11T17:34:54.787061-06:00 c0-0c2s0n1 d: Not a directoata7: SATA max UDMA/133 abar m2048@0xfbf00000 port 0xfbf00380 irq 206
2015-02-11T17:34:54.787066-06:00 c0-0c2s0n1 ry
2015-02-11T17:34:54.812285-06:00 c0-0c2s0n1 udevd-work[ehci_hcd 0000:00:1a.0: PCI INT A -> GSI 16 (level, low) -> IRQ 16
2015-02-11T17:34:54.812364-06:00 c0-0c2s0n1 5547]: rename(/dehci_hcd 0000:00:1a.0: EHCI Host Controller
2015-02-11T17:34:54.812389-06:00 c0-0c2s0n1 ehci_hcd 0000:00:1a.0: new USB bus registered, assigned bus number 1
2015-02-11T17:34:54.837571-06:00 c0-0c2s0n1 ev/scsi/.tmp-b8:ehci_hcd 0000:00:1a.0: debug port 2
2015-02-11T17:34:54.837607-06:00 c0-0c2s0n1 ehci_hcd 0000:00:1a.0: irq 16, io mem 0xfbf02000
2015-02-11T17:34:54.837654-06:00 c0-0c2s0n1 ehci_hcd 0000:00:1a.0: USB 2.0 started, EHCI 1.00
2015-02-11T17:34:54.837672-06:00 c0-0c2s0n1 hub 1-0:1.0: USB hub found
2015-02-11T17:34:54.862801-06:00 c0-0c2s0n1 hub 1-0:1.0: 2 ports detected
2015-02-11T17:34:54.862842-06:00 c0-0c2s0n1 ehci_hcd 0000:00:1d.0: PCI INT A -> GSI 23 (level, low) -> IRQ 23
2015-02-11T17:34:54.862868-06:00 c0-0c2s0n1 ehci_hcd 0000:00:1d.0: EHCI Host Controller
2015-02-11T17:34:54.888146-06:00 c0-0c2s0n1 ehci_hcd 0000:00:1d.0: new USB bus registered, assigned bus number 2
2015-02-11T17:34:54.888170-06:00 c0-0c2s0n1 ehci_hcd 0000:00:1d.0: debug port 2
2015-02-11T17:34:54.888236-06:00 c0-0c2s0n1 ehci_hcd 0000:00:1d.0: irq 23, io mem 0xfbf01000
2015-02-11T17:34:54.888318-06:00 c0-0c2s0n1 ehci_hcd 0000:00:1d.0: USB 2.0 started, EHCI 1.00
2015-02-11T17:34:54.888368-06:00 c0-0c2s0n1 hub 2-0:1.0: USB hub found
2015-02-11T17:34:54.888427-06:00 c0-0c2s0n1 hub 2-0:1.0: 2 ports detected
2015-02-11T17:34:54.888492-06:00 c0-0c2s0n1 160, /dev/scsi/) failed: Not a directory
2015-02-11T17:34:54.888529-06:00 c0-0c2s0n1 udevd-work[5553]: rename(/dev/scsi/.tmp-b8:32, /dev/scsi/) failed: Not a directory
2015-02-11T17:34:54.913351-06:00 c0-0c2s0n1 udevd-work[5536]: rename(/dev/scsi/.tmp-b8:144, /dev/scsi/) failed: Not a directory
2015-02-11T17:34:54.938613-06:00 c0-0c2s0n1 udevd-work[5569]: rename(/dev/scsi/.tmp-b8:96, /dev/scsi/) failed: Not a directory
2015-02-11T17:34:54.938643-06:00 c0-0c2s0n1 udevd-work[5575]: rename(/dev/scsi/.tmp-b8:112, /dev/scsi/) failed: Not a directory
2015-02-11T17:34:54.938667-06:00 c0-0c2s0n1 udevd-work[5528]: rename(/dev/scsi/.tmp-b8:16, /dev/scsi/) failed: Not a directory
2015-02-11T17:34:54.938678-06:00 c0-0c2s0n1 udevd-work[5502]: rename(/dev/scsi/.tmp-b8:0, /dev/scsi/) failed: Not a directory
2015-02-11T17:34:54.938703-06:00 c0-0c2s0n1 udevd-work[5564]: rename(/dev/scsi/.tmp-b8:64, /dev/scsi/) failed: Not a directory
2015-02-11T17:34:54.938729-06:00 c0-0c2s0n1 udevd-work[5530]: rename(/dev/scsi/.tmp-b8:80, /dev/scsi/) failed: Not a directory
2015-02-11T17:34:54.963857-06:00 c0-0c2s0n1 udevd-work[5580]: rename(/dev/scsi/.tmp-b8:128, /dev/scsi/) failed: Not a directory
2015-02-11T17:34:54.963887-06:00 c0-0c2s0n1 udevd-work[5512]: rename(/dev/scsi/.tmp-b8:49, /dev/scsi/) failed: Not a directory
2015-02-11T17:34:54.963923-06:00 c0-0c2s0n1 udevd-work[5504]: rename(/dev/scsi/.tmp-b8:161, /dev/scsi/) failed: Not a directory
2015-02-11T17:34:54.963962-06:00 c0-0c2s0n1 udevd-work[5513]: rename(/dev/scsi/.tmp-b8:50, /dev/scsi/) failed: Not a directory
2015-02-11T17:34:54.963987-06:00 c0-0c2s0n1 udevd-work[5527]: rename(/dev/scsi/.tmp-b8:68, /dev/scsi/) failed: Not a directory
2015-02-11T17:34:54.964022-06:00 c0-0c2s0n1 udevd-work[5510]: rename(/dev/scsi/.tmp-b8:35, /dev/scsi/) failed: Not a directory
2015-02-11T17:34:54.964033-06:00 c0-0c2s0n1 udevd-work[5505]: rename(/dev/scsi/.tmp-b8:17, /dev/scsi/) failed: Not a directory
2015-02-11T17:34:54.964056-06:00 c0-0c2s0n1 udevd-work[5515]: rename(/dev/scsi/.tmp-b8:65, /dev/scsi/) failed: Not a directory
2015-02-11T17:34:54.964080-06:00 c0-0c2s0n1 udevd-work[5500]: rename(/dev/scsi/.tmp-b8:145, /dev/scsi/) failed: Not a directory
2015-02-11T17:34:54.964327-06:00 c0-0c2s0n1 udevd-work[5532]: rename(/dev/scsi/.tmp-b8:83, /dev/scsi/) failed: Not a directory
2015-02-11T17:34:54.989411-06:00 c0-0c2s0n1 udevd-work[5528]: rename(/dev/scsi/.tmp-b8:81, /dev/scsi/) failed: Not a directory
2015-02-11T17:34:55.029428-06:00 c0-0c2s0n1 udevd-work[5507]: rename(/dev/scsi/.tmp-b8:33, /dev/scsi/) failed: Not a directory
2015-02-11T17:34:55.029469-06:00 c0-0c2s0n1 udevd-work[5514]: rename(/dev/scsi/.tmp-b8:20, /dev/scsi/) failed: Not a directory
2015-02-11T17:34:55.029857-06:00 c0-0c2s0n1 udevd-work[5503]: rename(/dev/scsi/.tmp-b8:2, /dev/scsi/) failed: Not a directory
2015-02-11T17:34:55.029870-06:00 c0-0c2s0n1 udevd-work[5509]: rename(/dev/scsi/.tmp-b8:34, /dev/scsi/) failed: Not a directory
2015-02-11T17:34:55.029887-06:00 c0-0c2s0n1 udevd-work[5538]: rename(/dev/scsi/.tmp-b8:116, /dev/scsi/) failed: Not a directory
2015-02-11T17:34:55.029913-06:00 c0-0c2s0n1 udevd-work[5542]: rename(/dev/scsi/.tmp-b8:131, /dev/scsi/) failed: Not a directory
2015-02-11T17:34:55.029928-06:00 c0-0c2s0n1 udevd-work[5536]: rename(/dev/scsi/.tmp-b8:114, /dev/scsi/) failed: Not a directory
2015-02-11T17:34:55.029957-06:00 c0-0c2s0n1 udevd-work[5525]: rename(/dev/scsi/.tmp-b8:67, /dev/scsi/) failed: Not a directory
2015-02-11T17:34:55.029969-06:00 c0-0c2s0n1 udevd-work[5530]: rename(/dev/scsi/.tmp-b8:82, /dev/scsi/) failed: Not a directory
2015-02-11T17:34:55.029995-06:00 c0-0c2s0n1 udevd-work[5540]: rename(/dev/scsi/.tmp-b8:130, /dev/scsi/) failed: Not a directory
2015-02-11T17:34:55.030017-06:00 c0-0c2s0n1 udevd-work[5537]: rename(/dev/scsi/.tmp-b8:115, /dev/scsi/) failed: Not a directory
2015-02-11T17:34:55.054670-06:00 c0-0c2s0n1 udevd-work[5539]: rename(/dev/scsi/.tmp-b8:129, /dev/scsi/) failed: Not a directory
2015-02-11T17:34:55.054718-06:00 c0-0c2s0n1 udevd-work[5511]: rename(/dev/scsi/.tmp-b8:19, /dev/scsi/) failed: Not a directory
2015-02-11T17:34:55.054745-06:00 c0-0c2s0n1 udevd-work[5516]: rename(/dev/scsi/.tmp-b8:66, /dev/scsi/) failed: Not a directory
2015-02-11T17:34:55.054785-06:00 c0-0c2s0n1 udevd-work[5502]: rename(/dev/scsi/.tmp-b8:1, /dev/scsi/) failed: Not a directory
2015-02-11T17:34:55.054810-06:00 c0-0c2s0n1 udevd-work[5508]: rename(/dev/scsi/.tmp-b8:18, /dev/scsi/) failed: Not a directory
2015-02-11T17:34:55.054845-06:00 c0-0c2s0n1 udevd-work[5533]: rename(/dev/scsi/.tmp-b8:97, /dev/scsi/) failed: Not a directory
2015-02-11T17:34:55.079921-06:00 c0-0c2s0n1 udevd-work[5534]: rename(/dev/scsi/.tmp-b8:98, /dev/scsi/) failed: Not a directory
2015-02-11T17:34:55.079966-06:00 c0-0c2s0n1 udevd-work[5535]: rename(/dev/scsi/.tmp-b8:113, /dev/scsi/) failed: Not a directory
2015-02-11T17:34:55.149852-06:00 c0-0c2s0n1 usb 1-1: new high-speed USB device number 2 using ehci_hcd
2015-02-11T17:34:55.276454-06:00 c0-0c2s0n1 hub 1-1:1.0: USB hub found
2015-02-11T17:34:55.276489-06:00 c0-0c2s0n1 hub 1-1:1.0: 6 ports detected
2015-02-11T17:34:55.402649-06:00 c0-0c2s0n1 usb 2-1: new high-speed USB device number 2 using ehci_hcd
2015-02-11T17:34:55.515384-06:00 c0-0c2s0n1 hub 2-1:1.0: USB hub found
2015-02-11T17:34:55.515413-06:00 c0-0c2s0n1 hub 2-1:1.0: 8 ports detected
2015-02-11T17:34:55.793962-06:00 c0-0c2s0n1 ata7: failed to resume link (SControl 0)
2015-02-11T17:34:55.818833-06:00 c0-0c2s0n1 ata7: SATA link down (SStatus 0 SControl 0)
2015-02-11T17:34:55.818935-06:00 c0-0c2s0n1 ata2: failed to resume link (SControl 0)
2015-02-11T17:34:55.819192-06:00 c0-0c2s0n1 ata2: SATA link down (SStatus 0 SControl 0)
2015-02-11T17:34:55.819465-06:00 c0-0c2s0n1 ata4: failed to resume link (SControl 0)
2015-02-11T17:34:55.819718-06:00 c0-0c2s0n1 ata4: SATA link down (SStatus 0 SControl 0)
2015-02-11T17:34:55.844149-06:00 c0-0c2s0n1 ata6: failed to resume link (SControl 0)
2015-02-11T17:34:55.844220-06:00 c0-0c2s0n1 ata6: SATA link down (SStatus 0 SControl 0)
2015-02-11T17:34:55.844266-06:00 c0-0c2s0n1 ata5: failed to resume link (SControl 0)
2015-02-11T17:34:55.869418-06:00 c0-0c2s0n1 ata5: SATA link down (SStatus 0 SControl 0)
2015-02-11T17:34:55.869474-06:00 c0-0c2s0n1 ata3: failed to resume link (SControl 0)
2015-02-11T17:34:55.869549-06:00 c0-0c2s0n1 ata3: SATA link down (SStatus 0 SControl 0)
2015-02-11T17:34:55.919838-06:00 c0-0c2s0n1 7[?25l
2015-02-11T17:34:55.919853-06:00 c0-0c2s0n1 [80C[10D[1;32mdone[m8[?25h
2015-02-11T17:34:55.973063-06:00 c0-0c2s0n1 [m[?25hMounting /var from 10.131.255.254. Checking for nid=129 existance.
2015-02-11T17:34:56.138022-06:00 c0-0c2s0n1 7[?25l
2015-02-11T17:34:56.138032-06:00 c0-0c2s0n1 [80C[10D[1;32mdone[m8[?25h
2015-02-11T17:34:56.195512-06:00 c0-0c2s0n1 Mounting tmpfs on /tmp7[?25l
2015-02-11T17:34:56.195527-06:00 c0-0c2s0n1 [80C[10D[1;32mdone[m8[?25h
2015-02-11T17:34:56.195549-06:00 c0-0c2s0n1 Running sysctl using values from /etc/sysctl.conf
2015-02-11T17:34:56.195573-06:00 c0-0c2s0n1 net.ipv4.icmp_echo_ignore_broadcasts = 1
2015-02-11T17:34:56.195585-06:00 c0-0c2s0n1 net.ipv4.conf.all.rp_filter = 1
2015-02-11T17:34:56.195623-06:00 c0-0c2s0n1 fs.inotify.max_user_watches = 65536
2015-02-11T17:34:56.195648-06:00 c0-0c2s0n1 net.ipv4.conf.default.promote_secondaries = 1
2015-02-11T17:34:56.195659-06:00 c0-0c2s0n1 net.ipv4.conf.all.promote_secondaries = 1
2015-02-11T17:34:56.195706-06:00 c0-0c2s0n1 vm.min_free_kbytes = 102400
2015-02-11T17:34:56.195737-06:00 c0-0c2s0n1 7[?25l
2015-02-11T17:34:56.195743-06:00 c0-0c2s0n1 [80C[10D[1;32mdone[m8[?25h
2015-02-11T17:34:56.220751-06:00 c0-0c2s0n1 [m[?25hActivating swap-devices in /etc/fstab...
2015-02-11T17:34:56.220829-06:00 c0-0c2s0n1 7[?25l[1A
2015-02-11T17:34:56.220835-06:00 c0-0c2s0n1 [80C[10D[1;32mdone[m8[?25hroot file system (/) is NOT being checked.
2015-02-11T17:34:56.643967-06:00 c0-0c2s0n1 [m[?25hSet System Time to the current Hardware Clock7[?25l
2015-02-11T17:34:56.643975-06:00 c0-0c2s0n1 [80C[10D[1;32mdone[m8[?25h
2015-02-11T17:34:56.643983-06:00 c0-0c2s0n1 [m[?25hActivating device mapper...
2015-02-11T17:34:56.643990-06:00 c0-0c2s0n1 device-mapper: ioctl: 4.23.0-ioctl (2012-07-25) initialised: dm-devel@redhat.com
2015-02-11T17:34:56.644000-06:00 c0-0c2s0n1 7[?25l
2015-02-11T17:34:56.644014-06:00 c0-0c2s0n1 [80C[10D[1;32mdone[m8[?25h
2015-02-11T17:34:56.644020-06:00 c0-0c2s0n1 [m[?25hLoading required kernel modules
2015-02-11T17:34:56.644054-06:00 c0-0c2s0n1 7[?25l[1A
2015-02-11T17:34:56.644076-06:00 c0-0c2s0n1 [80C[10D[1;32mdone[m8[?25h[m[?25h[m[?25hWaiting for udev to settle...
2015-02-11T17:34:56.644082-06:00 c0-0c2s0n1 Scanning for LVM volume groups...
2015-02-11T17:34:56.644087-06:00 c0-0c2s0n1  Reading all physical volumes.  This may take a while...
2015-02-11T17:34:56.644092-06:00 c0-0c2s0n1  No volume groups found
2015-02-11T17:34:56.644097-06:00 c0-0c2s0n1  No volume groups found
2015-02-11T17:34:56.644106-06:00 c0-0c2s0n1 Activating LVM volume groups...
2015-02-11T17:34:56.644112-06:00 c0-0c2s0n1  PARTIAL MODE. Incomplete logical volumes will be processed.
2015-02-11T17:34:56.644117-06:00 c0-0c2s0n1  No volume groups found
2015-02-11T17:34:56.644148-06:00 c0-0c2s0n1 7[?25l
2015-02-11T17:34:56.644157-06:00 c0-0c2s0n1 [80C[10D[1;32mdone[m8[?25h
2015-02-11T17:34:56.669121-06:00 c0-0c2s0n1 [m[?25hWaiting to ensure all /dev/sd disk devices are discovered. 
2015-02-11T17:34:57.676830-06:00 c0-0c2s0n1 20153411-17:02.52(65)  Disks present: 40   
2015-02-11T17:34:58.675575-06:00 c0-0c2s0n1 20153411-17:02.53(64)  Disks present: 40  [9] 
2015-02-11T17:34:59.694713-06:00 c0-0c2s0n1 20153411-17:02.54(63)  Disks present: 40  [8] 
2015-02-11T17:35:00.693523-06:00 c0-0c2s0n1 20153411-17:02.55(62)  Disks present: 40  [7] 
2015-02-11T17:35:01.697396-06:00 c0-0c2s0n1 20153411-17:02.56(61)  Disks present: 40  [6] 
2015-02-11T17:35:02.712388-06:00 c0-0c2s0n1 20153411-17:02.57(60)  Disks present: 40  [5] 
2015-02-11T17:35:03.711155-06:00 c0-0c2s0n1 20153411-17:02.58(59)  Disks present: 40  [4] 
2015-02-11T17:35:04.705753-06:00 c0-0c2s0n1 20153411-17:02.59(58)  Disks present: 40  [3] 
2015-02-11T17:35:05.725394-06:00 c0-0c2s0n1 20153511-17:02.00(57)  Disks present: 40  [2] 
2015-02-11T17:35:06.711507-06:00 c0-0c2s0n1 20153511-17:02.01(56)  Disks present: 40  [1] 
2015-02-11T17:35:07.740928-06:00 c0-0c2s0n1 20153511-17:02.02(55)  Disks present: 40  [0] 
2015-02-11T17:35:07.740953-06:00 c0-0c2s0n1 Elapsed wait time 10 seconds. 
2015-02-11T17:35:07.741007-06:00 c0-0c2s0n1  20153511-17:02.02 triggering udev
2015-02-11T17:35:07.766227-06:00 c0-0c2s0n1  20153511-17:02.02 Verifying udev settle. 
2015-02-11T17:35:07.841911-06:00 c0-0c2s0n1 udevd-work[6634]: rename(/dev/scsi/.tmp-b8:160, /dev/scsi/) failed: Not a directory
2015-02-11T17:35:07.867100-06:00 c0-0c2s0n1 udevd-work[6663]: rename(/dev/scsi/.tmp-b8:112, /dev/scsi/) failed: Not a directory
2015-02-11T17:35:07.867133-06:00 c0-0c2s0n1 udevd-work[6640]: rename(/dev/scsi/.tmp-b8:32, /dev/scsi/) failed: Not a directory
2015-02-11T17:35:07.867214-06:00 c0-0c2s0n1 udevd-work[6557]: rename(/dev/scsi/.tmp-b8:0, /dev/scsi/) failed: Not a directory
2015-02-11T17:35:07.867229-06:00 c0-0c2s0n1 udevd-work[6658]: rename(/dev/scsi/.tmp-b8:80, /dev/scsi/) failed: Not a directory
2015-02-11T17:35:07.892371-06:00 c0-0c2s0n1 udevd-work[6653]: rename(/dev/scsi/.tmp-b8:64, /dev/scsi/) failed: Not a directory
2015-02-11T17:35:07.892385-06:00 c0-0c2s0n1 udevd-work[6601]: rename(/dev/scsi/.tmp-b8:96, /dev/scsi/) failed: Not a directory
2015-02-11T17:35:07.892400-06:00 c0-0c2s0n1 udevd-work[6627]: rename(/dev/scsi/.tmp-b8:144, /dev/scsi/) failed: Not a directory
2015-02-11T17:35:07.892414-06:00 c0-0c2s0n1 udevd-work[6614]: rename(/dev/scsi/.tmp-b8:128, /dev/scsi/) failed: Not a directory
2015-02-11T17:35:07.892425-06:00 c0-0c2s0n1 udevd-work[6646]: rename(/dev/scsi/.tmp-b8:48, /dev/scsi/) failed: Not a directory
2015-02-11T17:35:07.892436-06:00 c0-0c2s0n1 udevd-work[6617]: rename(/dev/scsi/.tmp-b8:16, /dev/scsi/) failed: Not a directory
2015-02-11T17:35:07.917560-06:00 c0-0c2s0n1 udevd-work[6562]: rename(/dev/scsi/.tmp-b8:35, /dev/scsi/) failed: Not a directory
2015-02-11T17:35:07.917592-06:00 c0-0c2s0n1 udevd-work[5775]: rename(/dev/scsi/.tmp-b8:161, /dev/scsi/) failed: Not a directory
2015-02-11T17:35:07.917617-06:00 c0-0c2s0n1 udevd-work[6559]: rename(/dev/scsi/.tmp-b8:33, /dev/scsi/) failed: Not a directory
2015-02-11T17:35:07.917644-06:00 c0-0c2s0n1 udevd-work[6581]: rename(/dev/scsi/.tmp-b8:83, /dev/scsi/) failed: Not a directory
2015-02-11T17:35:07.942814-06:00 c0-0c2s0n1 udevd-work[6591]: rename(/dev/scsi/.tmp-b8:17, /dev/scsi/) failed: Not a directory
2015-02-11T17:35:07.942850-06:00 c0-0c2s0n1 udevd-work[6603]: rename(/dev/scsi/.tmp-b8:20, /dev/scsi/) failed: Not a directory
2015-02-11T17:35:07.942860-06:00 c0-0c2s0n1 udevd-work[6566]: rename(/dev/scsi/.tmp-b8:68, /dev/scsi/) failed: Not a directory
2015-02-11T17:35:07.942901-06:00 c0-0c2s0n1 udevd-work[6604]: rename(/dev/scsi/.tmp-b8:49, /dev/scsi/) failed: Not a directory
2015-02-11T17:35:07.942921-06:00 c0-0c2s0n1 udevd-work[6577]: rename(/dev/scsi/.tmp-b8:81, /dev/scsi/) failed: Not a directory
2015-02-11T17:35:07.968046-06:00 c0-0c2s0n1 udevd-work[6563]: rename(/dev/scsi/.tmp-b8:65, /dev/scsi/) failed: Not a directory
2015-02-11T17:35:07.968085-06:00 c0-0c2s0n1 udevd-work[6558]: rename(/dev/scsi/.tmp-b8:115, /dev/scsi/) failed: Not a directory
2015-02-11T17:35:07.968132-06:00 c0-0c2s0n1 udevd-work[5808]: rename(/dev/scsi/.tmp-b8:113, /dev/scsi/) failed: Not a directory
2015-02-11T17:35:07.968230-06:00 c0-0c2s0n1 udevd-work[6557]: rename(/dev/scsi/.tmp-b8:145, /dev/scsi/) failed: Not a directory
2015-02-11T17:35:07.968252-06:00 c0-0c2s0n1 udevd-work[6554]: rename(/dev/scsi/.tmp-b8:2, /dev/scsi/) failed: Not a directory
2015-02-11T17:35:07.968269-06:00 c0-0c2s0n1 udevd-work[6605]: rename(/dev/scsi/.tmp-b8:50, /dev/scsi/) failed: Not a directory
2015-02-11T17:35:07.993305-06:00 c0-0c2s0n1 udevd-work[6561]: rename(/dev/scsi/.tmp-b8:34, /dev/scsi/) failed: Not a directory
2015-02-11T17:35:07.993340-06:00 c0-0c2s0n1 udevd-work[6556]: rename(/dev/scsi/.tmp-b8:114, /dev/scsi/) failed: Not a directory
2015-02-11T17:35:07.993349-06:00 c0-0c2s0n1 udevd-work[6553]: rename(/dev/scsi/.tmp-b8:1, /dev/scsi/) failed: Not a directory
2015-02-11T17:35:07.993371-06:00 c0-0c2s0n1 udevd-work[6583]: rename(/dev/scsi/.tmp-b8:97, /dev/scsi/) failed: Not a directory
2015-02-11T17:35:07.993389-06:00 c0-0c2s0n1 udevd-work[6565]: rename(/dev/scsi/.tmp-b8:67, /dev/scsi/) failed: Not a directory
2015-02-11T17:35:08.018544-06:00 c0-0c2s0n1 udevd-work[6560]: rename(/dev/scsi/.tmp-b8:116, /dev/scsi/) failed: Not a directory
2015-02-11T17:35:08.018568-06:00 c0-0c2s0n1 udevd-work[6587]: rename(/dev/scsi/.tmp-b8:129, /dev/scsi/) failed: Not a directory
2015-02-11T17:35:08.018595-06:00 c0-0c2s0n1 udevd-work[6601]: rename(/dev/scsi/.tmp-b8:19, /dev/scsi/) failed: Not a directory
2015-02-11T17:35:08.018626-06:00 c0-0c2s0n1 udevd-work[6588]: rename(/dev/scsi/.tmp-b8:130, /dev/scsi/) failed: Not a directory
2015-02-11T17:35:08.018640-06:00 c0-0c2s0n1 udevd-work[6564]: rename(/dev/scsi/.tmp-b8:66, /dev/scsi/) failed: Not a directory
2015-02-11T17:35:08.018662-06:00 c0-0c2s0n1 udevd-work[6600]: rename(/dev/scsi/.tmp-b8:18, /dev/scsi/) failed: Not a directory
2015-02-11T17:35:08.018692-06:00 c0-0c2s0n1 udevd-work[6589]: rename(/dev/scsi/.tmp-b8:131, /dev/scsi/) failed: Not a directory
2015-02-11T17:35:08.018713-06:00 c0-0c2s0n1 udevd-work[6579]: rename(/dev/scsi/.tmp-b8:82, /dev/scsi/) failed: Not a directory
2015-02-11T17:35:08.043789-06:00 c0-0c2s0n1 udevd-work[6586]: rename(/dev/scsi/.tmp-b8:98, /dev/scsi/) failed: Not a directory
2015-02-11T17:35:08.043824-06:00 c0-0c2s0n1  20153511-17:02.02 Done settling. 
2015-02-11T17:35:08.043847-06:00 c0-0c2s0n1 [m[?25hChecking file systems...
2015-02-11T17:35:08.043859-06:00 c0-0c2s0n1 fsck from util-linux 2.19.1
2015-02-11T17:35:08.043890-06:00 c0-0c2s0n1 Checking all file systems.
2015-02-11T17:35:08.043902-06:00 c0-0c2s0n1 7[?25l[1A
2015-02-11T17:35:08.043911-06:00 c0-0c2s0n1 [80C[10D[1;32mdone[m8[?25hMounting local file systems...
2015-02-11T17:35:08.043920-06:00 c0-0c2s0n1 nothing was mounted
2015-02-11T17:35:08.152286-06:00 c0-0c2s0n1 7[?25l[1A
2015-02-11T17:35:08.152303-06:00 c0-0c2s0n1 [80C[10D[1;32mdone[m8[?25h[m[?25hCheck if the profiles matches the systemqla2xxx [0000:08:00.0]-8038:0: Cable is unplugged...
2015-02-11T17:35:08.274796-06:00 c0-0c2s0n1 7[?25l
2015-02-11T17:35:08.274813-06:00 c0-0c2s0n1 [80C[10D[1;32mdone[m8[?25h
2015-02-11T17:35:08.300043-06:00 c0-0c2s0n1 [m[?25hEnabling monitoring on LVM volume groups...
2015-02-11T17:35:08.350518-06:00 c0-0c2s0n1  No volume groups found
2015-02-11T17:35:08.350555-06:00 c0-0c2s0n1 7[?25l
2015-02-11T17:35:08.350562-06:00 c0-0c2s0n1 [80C[10D[1;32mdone[m8[?25h
2015-02-11T17:35:08.405870-06:00 c0-0c2s0n1 [m[?25h[m[?25h[m[?25h[m[?25h[m[?25hTurning quota on
2015-02-11T17:35:08.431118-06:00 c0-0c2s0n1 Checking quotas. This may take some time.
2015-02-11T17:35:08.431145-06:00 c0-0c2s0n1 7[?25l
2015-02-11T17:35:08.431150-06:00 c0-0c2s0n1 [80C[10D[1;32mdone[m8[?25h
2015-02-11T17:35:08.431164-06:00 c0-0c2s0n1 [m[?25hSetting current sysctl status from /etc/sysctl.conf7[?25l
2015-02-11T17:35:08.431172-06:00 c0-0c2s0n1 [80C[10D[1;32mdone[m8[?25h
2015-02-11T17:35:08.649557-06:00 c0-0c2s0n1 [m[?25hATTENTION: You have modified /etc/resolv.conf.  Leaving it untouched...
2015-02-11T17:35:08.649567-06:00 c0-0c2s0n1 You can find my version in /tmp/resolv.conf.TAFrxR ...
2015-02-11T17:35:08.649576-06:00 c0-0c2s0n1 touch: cannot touch `/etc/yp.conf': Read-only file system
2015-02-11T17:35:08.649601-06:00 c0-0c2s0n1 chmod: cannot access `/etc/yp.conf': No such file or directory
2015-02-11T17:35:08.649628-06:00 c0-0c2s0n1 touch: cannot touch `/etc/yp.conf': Read-only file system
2015-02-11T17:35:08.649645-06:00 c0-0c2s0n1 [m[?25hSystem Boot Control: The system has been 
2015-02-11T17:35:08.649651-06:00 c0-0c2s0n1 [80C[10D[1mset up[m
2015-02-11T17:35:08.649664-06:00 c0-0c2s0n1 Skipped features: [80C[19D[1;33mboot.efivars[m
2015-02-11T17:35:08.674713-06:00 c0-0c2s0n1 System Boot Control: Running /etc/init.d/boot.local
2015-02-11T17:35:08.725195-06:00 c0-0c2s0n1 7[?25l[1A
2015-02-11T17:35:08.725209-06:00 c0-0c2s0n1 [8
2015-02-11T17:35:08.725215-06:00 c0-0c2s0n1 INIT: Entering runlevel: 3
2015-02-11T17:35:08.750412-06:00 c0-0c2s0n1 Master Resource Control: previous runlevel: N, switching to runlevel: 
2015-02-11T17:35:08.750425-06:00 c0-0c2s0n1 [80C[10D[1m3[m
2015-02-11T17:35:08.775631-06:00 c0-0c2s0n1 Starting batchlimitd
2015-02-11T17:35:08.800830-06:00 c0-0c2s0n1 [m[?25hLoading nic compatibility device7[?25l
2015-02-11T17:35:08.800840-06:00 c0-0c2s0n1 [80C[10D[1;32mdone[m8[?25h
2015-02-11T17:35:08.911997-06:00 c0-0c2s0n1 [m[?25hbpmcd_init: Power statistics available in /sys/cray
2015-02-11T17:35:08.970389-06:00 c0-0c2s0n1 [m[?25hStarting D-Bus daemon7[?25l
2015-02-11T17:35:08.970403-06:00 c0-0c2s0n1 [80C[10D[1;32mdone[m8[?25h
2015-02-11T17:35:09.027771-06:00 c0-0c2s0n1 [m[?25hiSCSI Enterprise Target Software - version trunk
2015-02-11T17:35:09.027812-06:00 c0-0c2s0n1 iscsi_trgt: Registered io type fileio
2015-02-11T17:35:09.027837-06:00 c0-0c2s0n1 iscsi_trgt: Registered io type blockio
2015-02-11T17:35:09.027849-06:00 c0-0c2s0n1 iscsi_trgt: Registered io type nullio
2015-02-11T17:35:09.055073-06:00 c0-0c2s0n1 [m[?25hLNet: HW CPU cores: 16, npartitions: 4
2015-02-11T17:35:14.091419-06:00 c0-0c2s0n1 /etc/init.d/rc3.d/S01lnet: line 179: lctl: command not found
2015-02-11T17:35:14.116645-06:00 c0-0c2s0n1 [m[?25hRemoving old kernel packages...
2015-02-11T17:35:14.141866-06:00 c0-0c2s0n1 rm: cannot remove `/boot/do_purge_kernels': Read-only file system
2015-02-11T17:35:14.141897-06:00 c0-0c2s0n1 /sbin/purge-kernels: multiversion.kernels not configured in /etc/zypp/zypp.conf, exiting.
2015-02-11T17:35:14.167108-06:00 c0-0c2s0n1 7[?25l
2015-02-11T17:35:14.167118-06:00 c0-0c2s0n1 [80C[10D[1;32mdone[m8[?25h
2015-02-11T17:35:14.217625-06:00 c0-0c2s0n1 [m[?25hInitializing random number generator7[?25l
2015-02-11T17:35:14.217643-06:00 c0-0c2s0n1 [80C[10D[1;32mdone[m8[?25h
2015-02-11T17:35:14.336622-06:00 c0-0c2s0n1 [m[?25hCompat-rdma backport release: ac916cb
2015-02-11T17:35:14.336664-06:00 c0-0c2s0n1 Backport based on git://git.openfabrics.org/compat-rdma/compat.git 5268562
2015-02-11T17:35:14.336694-06:00 c0-0c2s0n1 compat.git: git://git.openfabrics.org/compat-rdma/compat.git
2015-02-11T17:35:14.636637-06:00 c0-0c2s0n1 Loading HCA driver and Access Layer:[60G[  [1;32mOK[0;39m  ]
2015-02-11T17:35:14.636652-06:00 c0-0c2s0n1 Setting up InfiniBand network interfaces:
2015-02-11T17:35:14.636658-06:00 c0-0c2s0n1 Setting up service network . . .[60G[  [0;39mdone[0;39m  ]
2015-02-11T17:35:14.636665-06:00 c0-0c2s0n1 [m[?25hSetting up (localfs) network interfaces:
2015-02-11T17:35:14.780100-06:00 c0-0c2s0n1    lo        
2015-02-11T17:35:14.805316-06:00 c0-0c2s0n1    lo        IP address: 127.0.0.1/8   
2015-02-11T17:35:14.830552-06:00 c0-0c2s0n1              IP address: 127.0.0.2/8   
2015-02-11T17:35:14.966691-06:00 c0-0c2s0n1 7[?25l[1A
2015-02-11T17:35:14.966709-06:00 c0-0c2s0n1 [80C[10D[1;32mdone[m8[?25h    eth0      device: Intel Corporation 82576 Gigabit Network Conne
2015-02-11T17:35:14.991965-06:00 c0-0c2s0n1              No configuration found for eth0
2015-02-11T17:35:15.028034-06:00 c0-0c2s0n1 7[?25l[1A
