2015-02-11T17:25:58.510839-06:00 c0-0c1s2n2 ERROR: Type:2; Severity:80; Class:3; Subclass:D; Operation: 2
2015-02-11T17:34:33.183233-06:00 c0-0c1s2n2 Wait4Boot: WRITE: 533 bytes to memory @ 0x90CD0 ... complete
2015-02-11T17:34:33.208351-06:00 c0-0c1s2n2 Wait4Boot: Blade Controller Boot Protocol version - 1
2015-02-11T17:34:33.233510-06:00 c0-0c1s2n2 Wait4Boot: JUMP: KernelStart 0x100000, boot_params 0x90000, CmdLineAddr 0x90CD0
2015-02-11T17:34:33.359736-06:00 c0-0c1s2n2 Decompressing Linux... Parsing ELF... done.
2015-02-11T17:34:33.359768-06:00 c0-0c1s2n2 Booting the kernel.
2015-02-11T17:34:33.359870-06:00 c0-0c1s2n2 Initializing cgroup subsys cpuset
2015-02-11T17:34:33.359927-06:00 c0-0c1s2n2 Initializing cgroup subsys cpu
2015-02-11T17:34:33.385227-06:00 c0-0c1s2n2 Linux version 3.0.101-0.31.1_1.0502.8394-cray_ari_s (abuild@cfosbld05) (gcc version 4.3.4 [gcc-4_3-branch revision 152973] (SUSE Linux) ) #1 SMP Wed Sep 10 04:03:41 UTC 2014
2015-02-11T17:34:33.461157-06:00 c0-0c1s2n2 Command line: earlyprintk=serial,115200 load_ramdisk=1 ramdisk_size=80000 console=ttyS0,115200n8 bootnodeip=10.131.255.254 bootproto=ipog bootpath=/rr/current rootfs=nfs-shared root=/dev/disk/by-id/scsi-3600a09800063789e0000008b54c3a04c-part1 oops=panic bootifnetmask=255.252.0.0 elevator=noop ippob1=10 ippob2=128 pcie_ports=native iommu=on intel_iommu=off bad_page=panic pln_enable=off apei_disable hest_disable erst_disable ghes_disable cgroup_disable=memory active_wlm=ALPS sdbnodeip=10.131.255.253 sessionid=p0-20150211t172524 _cray=marker_ 
2015-02-11T17:34:33.461291-06:00 c0-0c1s2n2 KERNEL supported cpus:
2015-02-11T17:34:33.461392-06:00 c0-0c1s2n2  Intel GenuineIntel
2015-02-11T17:34:33.461538-06:00 c0-0c1s2n2 BIOS-provided physical RAM map:
2015-02-11T17:34:33.486356-06:00 c0-0c1s2n2 BIOS-e820: 0000000000000000 - 00000000000a0000 (usable)
2015-02-11T17:34:33.486595-06:00 c0-0c1s2n2 BIOS-e820: 0000000000100000 - 000000007e67c000 (usable)
2015-02-11T17:34:33.511319-06:00 c0-0c1s2n2 BIOS-e820: 000000007e67c000 - 000000007e790000 (ACPI NVS)
2015-02-11T17:34:33.511603-06:00 c0-0c1s2n2 BIOS-e820: 000000007e790000 - 000000007f395000 (reserved)
2015-02-11T17:34:33.511936-06:00 c0-0c1s2n2 BIOS-e820: 000000007f395000 - 000000007f410000 (ACPI data)
2015-02-11T17:34:33.536730-06:00 c0-0c1s2n2 BIOS-e820: 000000007f410000 - 000000007f491000 (reserved)
2015-02-11T17:34:33.537070-06:00 c0-0c1s2n2 BIOS-e820: 000000007f491000 - 000000007f493000 (usable)
2015-02-11T17:34:33.537383-06:00 c0-0c1s2n2 BIOS-e820: 000000007f493000 - 000000007f494000 (ACPI NVS)
2015-02-11T17:34:33.561973-06:00 c0-0c1s2n2 BIOS-e820: 000000007f494000 - 000000007f49e000 (reserved)
2015-02-11T17:34:33.562299-06:00 c0-0c1s2n2 BIOS-e820: 000000007f49e000 - 000000007f4a6000 (ACPI NVS)
2015-02-11T17:34:33.562562-06:00 c0-0c1s2n2 BIOS-e820: 000000007f4a6000 - 000000007f4d2000 (reserved)
2015-02-11T17:34:33.587290-06:00 c0-0c1s2n2 BIOS-e820: 000000007f4d2000 - 000000007f558000 (ACPI NVS)
2015-02-11T17:34:33.587630-06:00 c0-0c1s2n2 BIOS-e820: 000000007f558000 - 000000007f800000 (usable)
2015-02-11T17:34:33.587741-06:00 c0-0c1s2n2 BIOS-e820: 0000000080000000 - 0000000090000000 (reserved)
2015-02-11T17:34:33.612635-06:00 c0-0c1s2n2 BIOS-e820: 00000000fed1c000 - 00000000fed20000 (reserved)
2015-02-11T17:34:33.612872-06:00 c0-0c1s2n2 BIOS-e820: 00000000ff000000 - 0000000100000000 (reserved)
2015-02-11T17:34:33.637735-06:00 c0-0c1s2n2 BIOS-e820: 0000000100000000 - 0000001080000000 (usable)
2015-02-11T17:34:33.637918-06:00 c0-0c1s2n2 bootconsole [earlyser0] enabled
2015-02-11T17:34:33.638034-06:00 c0-0c1s2n2 NX (Execute Disable) protection: active
2015-02-11T17:34:33.638220-06:00 c0-0c1s2n2 EFI v2.10 by American Megatrends
2015-02-11T17:34:33.638407-06:00 c0-0c1s2n2 ACPI=0x7f395000  ACPI 2.0=0x7f395000  SMBIOS=0xf04c0  MPS=0xfd450 
2015-02-11T17:34:33.663207-06:00 c0-0c1s2n2 EFI: mem00: type=3, attr=0xf, range=[0x0000000000000000-0x0000000000008000) (0MB)
2015-02-11T17:34:33.688152-06:00 c0-0c1s2n2 EFI: mem01: type=7, attr=0xf, range=[0x0000000000008000-0x0000000000060000) (0MB)
2015-02-11T17:34:33.688481-06:00 c0-0c1s2n2 EFI: mem02: type=3, attr=0xf, range=[0x0000000000060000-0x00000000000a0000) (0MB)
2015-02-11T17:34:33.713388-06:00 c0-0c1s2n2 EFI: mem03: type=7, attr=0xf, range=[0x0000000000100000-0x0000000001000000) (15MB)
2015-02-11T17:34:33.713696-06:00 c0-0c1s2n2 EFI: mem04: type=2, attr=0xf, range=[0x0000000001000000-0x0000000001100000) (1MB)
2015-02-11T17:34:33.738753-06:00 c0-0c1s2n2 EFI: mem05: type=4, attr=0xf, range=[0x0000000001100000-0x00000000017ea000) (6MB)
2015-02-11T17:34:33.739035-06:00 c0-0c1s2n2 EFI: mem06: type=3, attr=0xf, range=[0x00000000017ea000-0x00000000017ee000) (0MB)
2015-02-11T17:34:33.763986-06:00 c0-0c1s2n2 EFI: mem07: type=4, attr=0xf, range=[0x00000000017ee000-0x0000000001886000) (0MB)
2015-02-11T17:34:33.764304-06:00 c0-0c1s2n2 EFI: mem08: type=3, attr=0xf, range=[0x0000000001886000-0x000000000188f000) (0MB)
2015-02-11T17:34:33.764472-06:00 c0-0c1s2n2 EFI: mem09: type=4, attr=0xf, range=[0x000000000188f000-0x0000000001892000) (0MB)
2015-02-11T17:34:33.789444-06:00 c0-0c1s2n2 EFI: mem10: type=3, attr=0xf, range=[0x0000000001892000-0x000000000189e000) (0MB)
2015-02-11T17:34:33.789697-06:00 c0-0c1s2n2 EFI: mem11: type=4, attr=0xf, range=[0x000000000189e000-0x00000000018a9000) (0MB)
2015-02-11T17:34:33.814577-06:00 c0-0c1s2n2 EFI: mem12: type=3, attr=0xf, range=[0x00000000018a9000-0x00000000018ab000) (0MB)
2015-02-11T17:34:33.814801-06:00 c0-0c1s2n2 EFI: mem13: type=4, attr=0xf, range=[0x00000000018ab000-0x00000000018ad000) (0MB)
2015-02-11T17:34:33.839964-06:00 c0-0c1s2n2 EFI: mem14: type=3, attr=0xf, range=[0x00000000018ad000-0x00000000018af000) (0MB)
2015-02-11T17:34:33.840251-06:00 c0-0c1s2n2 EFI: mem15: type=4, attr=0xf, range=[0x00000000018af000-0x00000000018b7000) (0MB)
2015-02-11T17:34:33.865201-06:00 c0-0c1s2n2 EFI: mem16: type=3, attr=0xf, range=[0x00000000018b7000-0x00000000018bb000) (0MB)
2015-02-11T17:34:33.865433-06:00 c0-0c1s2n2 EFI: mem17: type=4, attr=0xf, range=[0x00000000018bb000-0x00000000018bd000) (0MB)
2015-02-11T17:34:33.890325-06:00 c0-0c1s2n2 EFI: mem18: type=3, attr=0xf, range=[0x00000000018bd000-0x00000000018bf000) (0MB)
2015-02-11T17:34:33.890582-06:00 c0-0c1s2n2 EFI: mem19: type=4, attr=0xf, range=[0x00000000018bf000-0x00000000018d1000) (0MB)
2015-02-11T17:34:33.915620-06:00 c0-0c1s2n2 EFI: mem20: type=3, attr=0xf, range=[0x00000000018d1000-0x00000000018d7000) (0MB)
2015-02-11T17:34:33.915878-06:00 c0-0c1s2n2 EFI: mem21: type=4, attr=0xf, range=[0x00000000018d7000-0x00000000018f9000) (0MB)
2015-02-11T17:34:33.940847-06:00 c0-0c1s2n2 EFI: mem22: type=3, attr=0xf, range=[0x00000000018f9000-0x0000000001908000) (0MB)
2015-02-11T17:34:33.941121-06:00 c0-0c1s2n2 EFI: mem23: type=4, attr=0xf, range=[0x0000000001908000-0x0000000001921000) (0MB)
2015-02-11T17:34:33.965977-06:00 c0-0c1s2n2 EFI: mem24: type=3, attr=0xf, range=[0x0000000001921000-0x000000000192b000) (0MB)
2015-02-11T17:34:33.966288-06:00 c0-0c1s2n2 EFI: mem25: type=4, attr=0xf, range=[0x000000000192b000-0x0000000001933000) (0MB)
2015-02-11T17:34:33.991355-06:00 c0-0c1s2n2 EFI: mem26: type=3, attr=0xf, range=[0x0000000001933000-0x0000000001936000) (0MB)
2015-02-11T17:34:33.991590-06:00 c0-0c1s2n2 EFI: mem27: type=4, attr=0xf, range=[0x0000000001936000-0x0000000001964000) (0MB)
2015-02-11T17:34:34.016610-06:00 c0-0c1s2n2 EFI: mem28: type=3, attr=0xf, range=[0x0000000001964000-0x0000000001968000) (0MB)
2015-02-11T17:34:34.016874-06:00 c0-0c1s2n2 EFI: mem29: type=4, attr=0xf, range=[0x0000000001968000-0x0000000001987000) (0MB)
2015-02-11T17:34:34.041826-06:00 c0-0c1s2n2 EFI: mem30: type=3, attr=0xf, range=[0x0000000001987000-0x00000000019b0000) (0MB)
2015-02-11T17:34:34.042095-06:00 c0-0c1s2n2 EFI: mem31: type=4, attr=0xf, range=[0x00000000019b0000-0x00000000019ba000) (0MB)
2015-02-11T17:34:34.067050-06:00 c0-0c1s2n2 EFI: mem32: type=3, attr=0xf, range=[0x00000000019ba000-0x00000000019bd000) (0MB)
2015-02-11T17:34:34.067301-06:00 c0-0c1s2n2 EFI: mem33: type=4, attr=0xf, range=[0x00000000019bd000-0x00000000019be000) (0MB)
2015-02-11T17:34:34.092206-06:00 c0-0c1s2n2 EFI: mem34: type=3, attr=0xf, range=[0x00000000019be000-0x00000000019d0000) (0MB)
2015-02-11T17:34:34.092495-06:00 c0-0c1s2n2 EFI: mem35: type=4, attr=0xf, range=[0x00000000019d0000-0x00000000019d3000) (0MB)
2015-02-11T17:34:34.117443-06:00 c0-0c1s2n2 EFI: mem36: type=3, attr=0xf, range=[0x00000000019d3000-0x00000000019d5000) (0MB)
2015-02-11T17:34:34.117721-06:00 c0-0c1s2n2 EFI: mem37: type=4, attr=0xf, range=[0x00000000019d5000-0x00000000019e1000) (0MB)
2015-02-11T17:34:34.142735-06:00 c0-0c1s2n2 EFI: mem38: type=3, attr=0xf, range=[0x00000000019e1000-0x00000000019e5000) (0MB)
2015-02-11T17:34:34.142996-06:00 c0-0c1s2n2 EFI: mem39: type=4, attr=0xf, range=[0x00000000019e5000-0x0000000001a02000) (0MB)
2015-02-11T17:34:34.167939-06:00 c0-0c1s2n2 EFI: mem40: type=3, attr=0xf, range=[0x0000000001a02000-0x0000000001a06000) (0MB)
2015-02-11T17:34:34.168233-06:00 c0-0c1s2n2 EFI: mem41: type=4, attr=0xf, range=[0x0000000001a06000-0x0000000001a0a000) (0MB)
2015-02-11T17:34:34.193163-06:00 c0-0c1s2n2 EFI: mem42: type=3, attr=0xf, range=[0x0000000001a0a000-0x0000000001a1e000) (0MB)
2015-02-11T17:34:34.193480-06:00 c0-0c1s2n2 EFI: mem43: type=4, attr=0xf, range=[0x0000000001a1e000-0x0000000001a22000) (0MB)
2015-02-11T17:34:34.218391-06:00 c0-0c1s2n2 EFI: mem44: type=3, attr=0xf, range=[0x0000000001a22000-0x0000000001a26000) (0MB)
2015-02-11T17:34:34.218670-06:00 c0-0c1s2n2 EFI: mem45: type=4, attr=0xf, range=[0x0000000001a26000-0x0000000001a34000) (0MB)
2015-02-11T17:34:34.256121-06:00 c0-0c1s2n2 EFI: mem46: type=3, attr=0xf, range=[0x0000000001a34000-0x0000000001a3b000) (0MB)
2015-02-11T17:34:34.256386-06:00 c0-0c1s2n2 EFI: mem47: type=4, attr=0xf, range=[0x0000000001a3b000-0x0000000001a42000) (0MB)
2015-02-11T17:34:34.300149-06:00 c0-0c1s2n2 EFI: mem48: type=3, attr=0xf, range=[0x0000000001a42000-0x0000000001a4a000) (0MB)
2015-02-11T17:34:34.300373-06:00 c0-0c1s2n2 EFI: mem49: type=4, attr=0xf, range=[0x0000000001a4a000-0x0000000001a4b000) (0MB)
2015-02-11T17:34:34.300557-06:00 c0-0c1s2n2 EFI: mem50: type=3, attr=0xf, range=[0x0000000001a4b000-0x0000000001a4d000) (0MB)
2015-02-11T17:34:34.300763-06:00 c0-0c1s2n2 EFI: mem51: type=4, attr=0xf, range=[0x0000000001a4d000-0x0000000001a52000) (0MB)
2015-02-11T17:34:34.336129-06:00 c0-0c1s2n2 EFI: mem52: type=3, attr=0xf, range=[0x0000000001a52000-0x0000000001a69000) (0MB)
2015-02-11T17:34:34.336318-06:00 c0-0c1s2n2 EFI: mem53: type=4, attr=0xf, range=[0x0000000001a69000-0x0000000001a6f000) (0MB)
2015-02-11T17:34:34.344726-06:00 c0-0c1s2n2 EFI: mem54: type=3, attr=0xf, range=[0x0000000001a6f000-0x0000000001a70000) (0MB)
2015-02-11T17:34:34.344970-06:00 c0-0c1s2n2 EFI: mem55: type=4, attr=0xf, range=[0x0000000001a70000-0x0000000001a71000) (0MB)
2015-02-11T17:34:34.369934-06:00 c0-0c1s2n2 EFI: mem56: type=3, attr=0xf, range=[0x0000000001a71000-0x0000000001a79000) (0MB)
2015-02-11T17:34:34.370210-06:00 c0-0c1s2n2 EFI: mem57: type=4, attr=0xf, range=[0x0000000001a79000-0x0000000001a7a000) (0MB)
2015-02-11T17:34:34.395272-06:00 c0-0c1s2n2 EFI: mem58: type=3, attr=0xf, range=[0x0000000001a7a000-0x0000000001a83000) (0MB)
2015-02-11T17:34:34.395519-06:00 c0-0c1s2n2 EFI: mem59: type=4, attr=0xf, range=[0x0000000001a83000-0x0000000001a85000) (0MB)
2015-02-11T17:34:34.420381-06:00 c0-0c1s2n2 EFI: mem60: type=3, attr=0xf, range=[0x0000000001a85000-0x0000000001abe000) (0MB)
2015-02-11T17:34:34.420700-06:00 c0-0c1s2n2 EFI: mem61: type=4, attr=0xf, range=[0x0000000001abe000-0x0000000001abf000) (0MB)
2015-02-11T17:34:34.420944-06:00 c0-0c1s2n2 EFI: mem62: type=3, attr=0xf, range=[0x0000000001abf000-0x0000000001acc000) (0MB)
2015-02-11T17:34:34.445930-06:00 c0-0c1s2n2 EFI: mem63: type=4, attr=0xf, range=[0x0000000001acc000-0x0000000001ad7000) (0MB)
2015-02-11T17:34:34.446189-06:00 c0-0c1s2n2 EFI: mem64: type=3, attr=0xf, range=[0x0000000001ad7000-0x0000000001adc000) (0MB)
2015-02-11T17:34:34.471181-06:00 c0-0c1s2n2 EFI: mem65: type=4, attr=0xf, range=[0x0000000001adc000-0x0000000001b60000) (0MB)
2015-02-11T17:34:34.471442-06:00 c0-0c1s2n2 EFI: mem66: type=3, attr=0xf, range=[0x0000000001b60000-0x0000000001b7c000) (0MB)
2015-02-11T17:34:34.496511-06:00 c0-0c1s2n2 EFI: mem67: type=4, attr=0xf, range=[0x0000000001b7c000-0x0000000001b84000) (0MB)
2015-02-11T17:34:34.521454-06:00 c0-0c1s2n2 EFI: mem68: type=3, attr=0xf, range=[0x0000000001b84000-0x0000000001b9c000) (0MB)
2015-02-11T17:34:34.521799-06:00 c0-0c1s2n2 EFI: mem69: type=4, attr=0xf, range=[0x0000000001b9c000-0x000000000b210000) (150MB)
2015-02-11T17:34:34.546850-06:00 c0-0c1s2n2 EFI: mem70: type=3, attr=0xf, range=[0x000000000b210000-0x000000000b216000) (0MB)
2015-02-11T17:34:34.547157-06:00 c0-0c1s2n2 EFI: mem71: type=4, attr=0xf, range=[0x000000000b216000-0x000000000b21f000) (0MB)
2015-02-11T17:34:34.572029-06:00 c0-0c1s2n2 EFI: mem72: type=3, attr=0xf, range=[0x000000000b21f000-0x000000000b235000) (0MB)
2015-02-11T17:34:34.572331-06:00 c0-0c1s2n2 EFI: mem73: type=4, attr=0xf, range=[0x000000000b235000-0x000000000b23b000) (0MB)
2015-02-11T17:34:34.597232-06:00 c0-0c1s2n2 EFI: mem74: type=3, attr=0xf, range=[0x000000000b23b000-0x000000000b23e000) (0MB)
2015-02-11T17:34:34.597542-06:00 c0-0c1s2n2 EFI: mem75: type=4, attr=0xf, range=[0x000000000b23e000-0x000000000b246000) (0MB)
2015-02-11T17:34:34.597790-06:00 c0-0c1s2n2 EFI: mem76: type=3, attr=0xf, range=[0x000000000b246000-0x000000000b24a000) (0MB)
2015-02-11T17:34:34.622780-06:00 c0-0c1s2n2 EFI: mem77: type=4, attr=0xf, range=[0x000000000b24a000-0x000000000b24c000) (0MB)
2015-02-11T17:34:34.623020-06:00 c0-0c1s2n2 EFI: mem78: type=3, attr=0xf, range=[0x000000000b24c000-0x000000000b254000) (0MB)
2015-02-11T17:34:34.648025-06:00 c0-0c1s2n2 EFI: mem79: type=4, attr=0xf, range=[0x000000000b254000-0x000000000b279000) (0MB)
2015-02-11T17:34:34.648275-06:00 c0-0c1s2n2 EFI: mem80: type=3, attr=0xf, range=[0x000000000b279000-0x000000000b280000) (0MB)
2015-02-11T17:34:34.673201-06:00 c0-0c1s2n2 EFI: mem81: type=4, attr=0xf, range=[0x000000000b280000-0x000000000b284000) (0MB)
2015-02-11T17:34:34.673440-06:00 c0-0c1s2n2 EFI: mem82: type=3, attr=0xf, range=[0x000000000b284000-0x000000000b28c000) (0MB)
2015-02-11T17:34:34.698457-06:00 c0-0c1s2n2 EFI: mem83: type=4, attr=0xf, range=[0x000000000b28c000-0x000000000b295000) (0MB)
2015-02-11T17:34:34.698719-06:00 c0-0c1s2n2 EFI: mem84: type=3, attr=0xf, range=[0x000000000b295000-0x000000000b2d3000) (0MB)
2015-02-11T17:34:34.723798-06:00 c0-0c1s2n2 EFI: mem85: type=4, attr=0xf, range=[0x000000000b2d3000-0x000000000b2d8000) (0MB)
2015-02-11T17:34:34.724038-06:00 c0-0c1s2n2 EFI: mem86: type=3, attr=0xf, range=[0x000000000b2d8000-0x000000000b2dd000) (0MB)
2015-02-11T17:34:34.749015-06:00 c0-0c1s2n2 EFI: mem87: type=4, attr=0xf, range=[0x000000000b2dd000-0x000000000b2e9000) (0MB)
2015-02-11T17:34:34.749283-06:00 c0-0c1s2n2 EFI: mem88: type=3, attr=0xf, range=[0x000000000b2e9000-0x000000000b2ef000) (0MB)
2015-02-11T17:34:34.774319-06:00 c0-0c1s2n2 EFI: mem89: type=4, attr=0xf, range=[0x000000000b2ef000-0x000000000b300000) (0MB)
2015-02-11T17:34:34.774537-06:00 c0-0c1s2n2 EFI: mem90: type=3, attr=0xf, range=[0x000000000b300000-0x000000000b305000) (0MB)
2015-02-11T17:34:34.799567-06:00 c0-0c1s2n2 EFI: mem91: type=4, attr=0xf, range=[0x000000000b305000-0x000000000b30b000) (0MB)
2015-02-11T17:34:34.799850-06:00 c0-0c1s2n2 EFI: mem92: type=3, attr=0xf, range=[0x000000000b30b000-0x000000000b343000) (0MB)
2015-02-11T17:34:34.824840-06:00 c0-0c1s2n2 EFI: mem93: type=4, attr=0xf, range=[0x000000000b343000-0x000000000b34a000) (0MB)
2015-02-11T17:34:34.825113-06:00 c0-0c1s2n2 EFI: mem94: type=3, attr=0xf, range=[0x000000000b34a000-0x000000000b34e000) (0MB)
2015-02-11T17:34:34.850048-06:00 c0-0c1s2n2 EFI: mem95: type=4, attr=0xf, range=[0x000000000b34e000-0x000000000b351000) (0MB)
2015-02-11T17:34:34.850303-06:00 c0-0c1s2n2 EFI: mem96: type=3, attr=0xf, range=[0x000000000b351000-0x000000000b358000) (0MB)
2015-02-11T17:34:34.875295-06:00 c0-0c1s2n2 EFI: mem97: type=4, attr=0xf, range=[0x000000000b358000-0x000000000b35c000) (0MB)
2015-02-11T17:34:34.875609-06:00 c0-0c1s2n2 EFI: mem98: type=3, attr=0xf, range=[0x000000000b35c000-0x000000000b360000) (0MB)
2015-02-11T17:34:34.900512-06:00 c0-0c1s2n2 EFI: mem99: type=4, attr=0xf, range=[0x000000000b360000-0x000000000b368000) (0MB)
2015-02-11T17:34:34.900725-06:00 c0-0c1s2n2 EFI: mem100: type=3, attr=0xf, range=[0x000000000b368000-0x000000000b36c000) (0MB)
2015-02-11T17:34:34.925678-06:00 c0-0c1s2n2 EFI: mem101: type=4, attr=0xf, range=[0x000000000b36c000-0x000000000b370000) (0MB)
2015-02-11T17:34:34.925958-06:00 c0-0c1s2n2 EFI: mem102: type=3, attr=0xf, range=[0x000000000b370000-0x000000000b374000) (0MB)
2015-02-11T17:34:34.950989-06:00 c0-0c1s2n2 EFI: mem103: type=4, attr=0xf, range=[0x000000000b374000-0x000000000b384000) (0MB)
2015-02-11T17:34:34.951290-06:00 c0-0c1s2n2 EFI: mem104: type=3, attr=0xf, range=[0x000000000b384000-0x000000000b38a000) (0MB)
2015-02-11T17:34:34.976252-06:00 c0-0c1s2n2 EFI: mem105: type=4, attr=0xf, range=[0x000000000b38a000-0x000000000b3ac000) (0MB)
2015-02-11T17:34:34.976523-06:00 c0-0c1s2n2 EFI: mem106: type=3, attr=0xf, range=[0x000000000b3ac000-0x000000000b3b3000) (0MB)
2015-02-11T17:34:35.001474-06:00 c0-0c1s2n2 EFI: mem107: type=4, attr=0xf, range=[0x000000000b3b3000-0x000000000b3b7000) (0MB)
2015-02-11T17:34:35.001769-06:00 c0-0c1s2n2 EFI: mem108: type=3, attr=0xf, range=[0x000000000b3b7000-0x000000000b3c9000) (0MB)
2015-02-11T17:34:35.026708-06:00 c0-0c1s2n2 EFI: mem109: type=4, attr=0xf, range=[0x000000000b3c9000-0x000000000b3cc000) (0MB)
2015-02-11T17:34:35.026888-06:00 c0-0c1s2n2 EFI: mem110: type=3, attr=0xf, range=[0x000000000b3cc000-0x000000000b3d7000) (0MB)
2015-02-11T17:34:35.051954-06:00 c0-0c1s2n2 EFI: mem111: type=4, attr=0xf, range=[0x000000000b3d7000-0x000000000b45c000) (0MB)
2015-02-11T17:34:35.052207-06:00 c0-0c1s2n2 EFI: mem112: type=3, attr=0xf, range=[0x000000000b45c000-0x000000000b45f000) (0MB)
2015-02-11T17:34:35.077173-06:00 c0-0c1s2n2 EFI: mem113: type=4, attr=0xf, range=[0x000000000b45f000-0x000000000b475000) (0MB)
2015-02-11T17:34:35.077448-06:00 c0-0c1s2n2 EFI: mem114: type=3, attr=0xf, range=[0x000000000b475000-0x000000000b47c000) (0MB)
2015-02-11T17:34:35.102288-06:00 c0-0c1s2n2 EFI: mem115: type=4, attr=0xf, range=[0x000000000b47c000-0x000000000b48b000) (0MB)
2015-02-11T17:34:35.102606-06:00 c0-0c1s2n2 EFI: mem116: type=3, attr=0xf, range=[0x000000000b48b000-0x000000000b48f000) (0MB)
2015-02-11T17:34:35.127629-06:00 c0-0c1s2n2 EFI: mem117: type=4, attr=0xf, range=[0x000000000b48f000-0x000000000b4b1000) (0MB)
2015-02-11T17:34:35.127966-06:00 c0-0c1s2n2 EFI: mem118: type=3, attr=0xf, range=[0x000000000b4b1000-0x000000000b4b6000) (0MB)
2015-02-11T17:34:35.152896-06:00 c0-0c1s2n2 EFI: mem119: type=4, attr=0xf, range=[0x000000000b4b6000-0x000000000b4c5000) (0MB)
2015-02-11T17:34:35.153188-06:00 c0-0c1s2n2 EFI: mem120: type=7, attr=0xf, range=[0x000000000b4c5000-0x000000000b4c6000) (0MB)
2015-02-11T17:34:35.178218-06:00 c0-0c1s2n2 EFI: mem121: type=4, attr=0xf, range=[0x000000000b4c6000-0x000000000b53e000) (0MB)
2015-02-11T17:34:35.178492-06:00 c0-0c1s2n2 EFI: mem122: type=3, attr=0xf, range=[0x000000000b53e000-0x000000000b552000) (0MB)
2015-02-11T17:34:35.203446-06:00 c0-0c1s2n2 EFI: mem123: type=4, attr=0xf, range=[0x000000000b552000-0x000000000b577000) (0MB)
2015-02-11T17:34:35.203728-06:00 c0-0c1s2n2 EFI: mem124: type=3, attr=0xf, range=[0x000000000b577000-0x000000000b580000) (0MB)
2015-02-11T17:34:35.228671-06:00 c0-0c1s2n2 EFI: mem125: type=4, attr=0xf, range=[0x000000000b580000-0x000000000b581000) (0MB)
2015-02-11T17:34:35.228995-06:00 c0-0c1s2n2 EFI: mem126: type=2, attr=0xf, range=[0x000000000b581000-0x000000000b583000) (0MB)
2015-02-11T17:34:35.253804-06:00 c0-0c1s2n2 EFI: mem127: type=7, attr=0xf, range=[0x000000000b583000-0x000000000b585000) (0MB)
2015-02-11T17:34:35.254103-06:00 c0-0c1s2n2 EFI: mem128: type=4, attr=0xf, range=[0x000000000b585000-0x000000000b58f000) (0MB)
2015-02-11T17:34:35.292139-06:00 c0-0c1s2n2 EFI: mem129: type=7, attr=0xf, range=[0x000000000b58f000-0x000000000b598000) (0MB)
2015-02-11T17:34:35.292342-06:00 c0-0c1s2n2 EFI: mem130: type=4, attr=0xf, range=[0x000000000b598000-0x000000000b7ac000) (2MB)
2015-02-11T17:34:35.336223-06:00 c0-0c1s2n2 EFI: mem131: type=7, attr=0xf, range=[0x000000000b7ac000-0x000000000b7ba000) (0MB)
2015-02-11T17:34:35.336388-06:00 c0-0c1s2n2 EFI: mem132: type=1, attr=0xf, range=[0x000000000b7ba000-0x000000000b7cb000) (0MB)
2015-02-11T17:34:35.336615-06:00 c0-0c1s2n2 EFI: mem133: type=7, attr=0xf, range=[0x000000000b7cb000-0x000000007e67c000) (1838MB)
2015-02-11T17:34:35.336793-06:00 c0-0c1s2n2 EFI: mem134: type=10, attr=0xf, range=[0x000000007e67c000-0x000000007e790000) (1MB)
2015-02-11T17:34:35.372121-06:00 c0-0c1s2n2 EFI: mem135: type=0, attr=0xf, range=[0x000000007e790000-0x000000007e792000) (0MB)
2015-02-11T17:34:35.372322-06:00 c0-0c1s2n2 EFI: mem136: type=6, attr=0x800000000000000f, range=[0x000000007e792000-0x000000007f395000) (12MB)
2015-02-11T17:34:35.380058-06:00 c0-0c1s2n2 EFI: mem137: type=9, attr=0xf, range=[0x000000007f395000-0x000000007f410000) (0MB)
2015-02-11T17:34:35.405315-06:00 c0-0c1s2n2 EFI: mem138: type=5, attr=0x800000000000000f, range=[0x000000007f410000-0x000000007f41a000) (0MB)
2015-02-11T17:34:35.405565-06:00 c0-0c1s2n2 EFI: mem139: type=0, attr=0xf, range=[0x000000007f41a000-0x000000007f41c000) (0MB)
2015-02-11T17:34:35.405775-06:00 c0-0c1s2n2 EFI: mem140: type=6, attr=0x800000000000000f, range=[0x000000007f41c000-0x000000007f42d000) (0MB)
2015-02-11T17:34:35.430668-06:00 c0-0c1s2n2 EFI: mem141: type=0, attr=0xf, range=[0x000000007f42d000-0x000000007f43d000) (0MB)
2015-02-11T17:34:35.430941-06:00 c0-0c1s2n2 EFI: mem142: type=6, attr=0x800000000000000f, range=[0x000000007f43d000-0x000000007f45e000) (0MB)
2015-02-11T17:34:35.468329-06:00 c0-0c1s2n2 EFI: mem143: type=5, attr=0x800000000000000f, range=[0x000000007f45e000-0x000000007f462000) (0MB)
2015-02-11T17:34:35.468506-06:00 c0-0c1s2n2 EFI: mem144: type=0, attr=0xf, range=[0x000000007f462000-0x000000007f46b000) (0MB)
2015-02-11T17:34:35.508328-06:00 c0-0c1s2n2 EFI: mem145: type=5, attr=0x800000000000000f, range=[0x000000007f46b000-0x000000007f46d000) (0MB)
2015-02-11T17:34:35.508506-06:00 c0-0c1s2n2 EFI: mem146: type=0, attr=0xf, range=[0x000000007f46d000-0x000000007f471000) (0MB)
2015-02-11T17:34:35.508733-06:00 c0-0c1s2n2 EFI: mem147: type=5, attr=0x800000000000000f, range=[0x000000007f471000-0x000000007f472000) (0MB)
2015-02-11T17:34:35.548235-06:00 c0-0c1s2n2 EFI: mem148: type=6, attr=0x800000000000000f, range=[0x000000007f472000-0x000000007f473000) (0MB)
2015-02-11T17:34:35.548488-06:00 c0-0c1s2n2 EFI: mem149: type=5, attr=0x800000000000000f, range=[0x000000007f473000-0x000000007f476000) (0MB)
2015-02-11T17:34:35.556885-06:00 c0-0c1s2n2 EFI: mem150: type=0, attr=0xf, range=[0x000000007f476000-0x000000007f486000) (0MB)
2015-02-11T17:34:35.581926-06:00 c0-0c1s2n2 EFI: mem151: type=5, attr=0x800000000000000f, range=[0x000000007f486000-0x000000007f491000) (0MB)
2015-02-11T17:34:35.582197-06:00 c0-0c1s2n2 EFI: mem152: type=7, attr=0xf, range=[0x000000007f491000-0x000000007f493000) (0MB)
2015-02-11T17:34:35.607180-06:00 c0-0c1s2n2 EFI: mem153: type=10, attr=0xf, range=[0x000000007f493000-0x000000007f494000) (0MB)
2015-02-11T17:34:35.607541-06:00 c0-0c1s2n2 EFI: mem154: type=6, attr=0x800000000000000f, range=[0x000000007f494000-0x000000007f49b000) (0MB)
2015-02-11T17:34:35.632520-06:00 c0-0c1s2n2 EFI: mem155: type=5, attr=0x800000000000000f, range=[0x000000007f49b000-0x000000007f49e000) (0MB)
2015-02-11T17:34:35.632705-06:00 c0-0c1s2n2 EFI: mem156: type=10, attr=0xf, range=[0x000000007f49e000-0x000000007f4a6000) (0MB)
2015-02-11T17:34:35.657876-06:00 c0-0c1s2n2 EFI: mem157: type=6, attr=0x800000000000000f, range=[0x000000007f4a6000-0x000000007f4a7000) (0MB)
2015-02-11T17:34:35.658192-06:00 c0-0c1s2n2 EFI: mem158: type=5, attr=0x800000000000000f, range=[0x000000007f4a7000-0x000000007f4ab000) (0MB)
2015-02-11T17:34:35.683299-06:00 c0-0c1s2n2 EFI: mem159: type=6, attr=0x800000000000000f, range=[0x000000007f4ab000-0x000000007f4bd000) (0MB)
2015-02-11T17:34:35.683541-06:00 c0-0c1s2n2 EFI: mem160: type=5, attr=0x800000000000000f, range=[0x000000007f4bd000-0x000000007f4cf000) (0MB)
2015-02-11T17:34:35.708575-06:00 c0-0c1s2n2 EFI: mem161: type=6, attr=0x800000000000000f, range=[0x000000007f4cf000-0x000000007f4d2000) (0MB)
2015-02-11T17:34:35.708831-06:00 c0-0c1s2n2 EFI: mem162: type=10, attr=0xf, range=[0x000000007f4d2000-0x000000007f558000) (0MB)
2015-02-11T17:34:35.733833-06:00 c0-0c1s2n2 EFI: mem163: type=3, attr=0xf, range=[0x000000007f558000-0x000000007f7e0000) (2MB)
2015-02-11T17:34:35.758689-06:00 c0-0c1s2n2 EFI: mem164: type=4, attr=0xf, range=[0x000000007f7e0000-0x000000007f7ef000) (0MB)
2015-02-11T17:34:35.759057-06:00 c0-0c1s2n2 EFI: mem165: type=3, attr=0xf, range=[0x000000007f7ef000-0x000000007f800000) (0MB)
2015-02-11T17:34:35.759389-06:00 c0-0c1s2n2 EFI: mem166: type=7, attr=0xf, range=[0x0000000100000000-0x0000001080000000) (63488MB)
2015-02-11T17:34:35.784343-06:00 c0-0c1s2n2 EFI: mem167: type=11, attr=0x8000000000000001, range=[0x0000000080000000-0x0000000090000000) (256MB)
2015-02-11T17:34:35.809481-06:00 c0-0c1s2n2 EFI: mem168: type=11, attr=0x8000000000000001, range=[0x00000000fed1c000-0x00000000fed20000) (0MB)
2015-02-11T17:34:35.834438-06:00 c0-0c1s2n2 EFI: mem169: type=11, attr=0x8000000000000001, range=[0x00000000ff000000-0x0000000100000000) (16MB)
2015-02-11T17:34:35.834562-06:00 c0-0c1s2n2 DMI 2.7 present.
2015-02-11T17:34:35.834754-06:00 c0-0c1s2n2 last_pfn = 0x1080000 max_arch_pfn = 0x400000000
2015-02-11T17:34:35.835218-06:00 c0-0c1s2n2 x86 PAT enabled: cpu 0, old 0x7040600070406, new 0x7010600070106
2015-02-11T17:34:35.859994-06:00 c0-0c1s2n2 last_pfn = 0x7f800 max_arch_pfn = 0x400000000
2015-02-11T17:34:35.860228-06:00 c0-0c1s2n2 found SMP MP-table at [ffff8800000fd830] fd830
2015-02-11T17:34:35.860373-06:00 c0-0c1s2n2 Using GB pages for direct mapping
2015-02-11T17:34:35.885074-06:00 c0-0c1s2n2 init_memory_mapping: 0000000000000000-000000007f800000
2015-02-11T17:34:35.885328-06:00 c0-0c1s2n2 init_memory_mapping: 0000000100000000-0000001080000000
2015-02-11T17:34:35.885513-06:00 c0-0c1s2n2 nmi ring buffer: 262144
2015-02-11T17:34:35.885521-06:00 c0-0c1s2n2 RAMDISK: 0fa00000 - 10610000
2015-02-11T17:34:35.885797-06:00 c0-0c1s2n2 ACPI: RSDP 000000007f395000 00024 (v02 ALASKA)
2015-02-11T17:34:35.910686-06:00 c0-0c1s2n2 ACPI: XSDT 000000007f395088 0008C (v01 ALASKA    A M I 01072009 AMI  00010013)
2015-02-11T17:34:35.910965-06:00 c0-0c1s2n2 ACPI: FACP 000000007f39ee50 000F4 (v04 ALASKA    A M I 01072009 AMI  00010013)
2015-02-11T17:34:35.935822-06:00 c0-0c1s2n2 ACPI: DSDT 000000007f3951a0 09CAD (v02 ALASKA    A M I 00000016 INTL 20051117)
2015-02-11T17:34:35.935986-06:00 c0-0c1s2n2 ACPI: FACS 000000007f4a3f80 00040
2015-02-11T17:34:35.960787-06:00 c0-0c1s2n2 ACPI: APIC 000000007f39ef48 00138 (v03 ALASKA    A M I 01072009 AMI  00010013)
2015-02-11T17:34:35.961148-06:00 c0-0c1s2n2 ACPI: FPDT 000000007f39f080 00044 (v01 ALASKA    A M I 01072009 AMI  00010013)
2015-02-11T17:34:35.986192-06:00 c0-0c1s2n2 ACPI: MCFG 000000007f39f0c8 0003C (v01 ALASKA OEMMCFG. 01072009 MSFT 00000097)
2015-02-11T17:34:35.986483-06:00 c0-0c1s2n2 ACPI: HPET 000000007f39f108 00038 (v01 ALASKA    A M I 01072009 AMI. 00000004)
2015-02-11T17:34:36.011352-06:00 c0-0c1s2n2 ACPI: PRAD 000000007f39f140 000BE (v02 PRADID  PRADTID 00000001 MSFT 03000001)
2015-02-11T17:34:36.011658-06:00 c0-0c1s2n2 ACPI: SSDT 000000007f39f200 70104 (v02  INTEL    CpuPm 00004000 INTL 20051117)
2015-02-11T17:34:36.011867-06:00 c0-0c1s2n2 ACPI: SPCR 000000007f40f308 00050 (v01  A M I   APTIO4 01072009 AMI. 00000004)
2015-02-11T17:34:36.036730-06:00 c0-0c1s2n2 ACPI: EINJ 000000007f40f358 00130 (v01    AMI AMI EINJ 00000000      00000000)
2015-02-11T17:34:36.036940-06:00 c0-0c1s2n2 ACPI: ERST 000000007f40f488 00230 (v01  AMIER AMI ERST 00000000      00000000)
2015-02-11T17:34:36.062018-06:00 c0-0c1s2n2 ACPI: HEST 000000007f40f6b8 000A8 (v01    AMI AMI HEST 00000000      00000000)
2015-02-11T17:34:36.062241-06:00 c0-0c1s2n2 ACPI: BERT 000000007f40f760 00030 (v01    AMI AMI BERT 00000000      00000000)
2015-02-11T17:34:36.087232-06:00 c0-0c1s2n2 ACPI: DMAR 000000007f40f790 000BC (v01 A M I   OEMDMAR 00000001 INTL 00000001)
2015-02-11T17:34:36.087302-06:00 c0-0c1s2n2 No NUMA configuration found
2015-02-11T17:34:36.087394-06:00 c0-0c1s2n2 Faking a node at 0000000000000000-0000001080000000
2015-02-11T17:34:36.112204-06:00 c0-0c1s2n2 Initmem setup node 0 0000000000000000-0000001080000000
2015-02-11T17:34:36.112318-06:00 c0-0c1s2n2  NODE_DATA [000000107ffbb000 - 000000107ffbffff]
2015-02-11T17:34:36.314402-06:00 c0-0c1s2n2 Zone PFN ranges:
2015-02-11T17:34:36.314515-06:00 c0-0c1s2n2  DMA      0x00000010 -> 0x00001000
2015-02-11T17:34:36.314640-06:00 c0-0c1s2n2  DMA32    0x00001000 -> 0x00100000
2015-02-11T17:34:36.339460-06:00 c0-0c1s2n2  Normal   0x00100000 -> 0x01080000
2015-02-11T17:34:36.339582-06:00 c0-0c1s2n2 Movable zone start PFN for each node
2015-02-11T17:34:36.339667-06:00 c0-0c1s2n2 early_node_map[5] active PFN ranges
2015-02-11T17:34:36.339750-06:00 c0-0c1s2n2    0: 0x00000010 -> 0x000000a0
2015-02-11T17:34:36.339832-06:00 c0-0c1s2n2    0: 0x00000100 -> 0x0007e67c
2015-02-11T17:34:36.364656-06:00 c0-0c1s2n2    0: 0x0007f491 -> 0x0007f493
2015-02-11T17:34:36.364753-06:00 c0-0c1s2n2    0: 0x0007f558 -> 0x0007f800
2015-02-11T17:34:36.364810-06:00 c0-0c1s2n2    0: 0x00100000 -> 0x01080000
2015-02-11T17:34:36.994583-06:00 c0-0c1s2n2 ACPI: LAPIC (acpi_id[0x00] lapic_id[0x00] enabled)
2015-02-11T17:34:36.994849-06:00 c0-0c1s2n2 ACPI: LAPIC (acpi_id[0x02] lapic_id[0x02] enabled)
2015-02-11T17:34:36.994950-06:00 c0-0c1s2n2 ACPI: LAPIC (acpi_id[0x04] lapic_id[0x04] enabled)
2015-02-11T17:34:37.019753-06:00 c0-0c1s2n2 ACPI: LAPIC (acpi_id[0x06] lapic_id[0x06] enabled)
2015-02-11T17:34:37.019951-06:00 c0-0c1s2n2 ACPI: LAPIC (acpi_id[0x08] lapic_id[0x08] enabled)
2015-02-11T17:34:37.044847-06:00 c0-0c1s2n2 ACPI: LAPIC (acpi_id[0x0a] lapic_id[0x0a] enabled)
2015-02-11T17:34:37.045041-06:00 c0-0c1s2n2 ACPI: LAPIC (acpi_id[0x0c] lapic_id[0x0c] enabled)
2015-02-11T17:34:37.045342-06:00 c0-0c1s2n2 ACPI: LAPIC (acpi_id[0x0e] lapic_id[0x0e] enabled)
2015-02-11T17:34:37.084209-06:00 c0-0c1s2n2 ACPI: LAPIC (acpi_id[0x01] lapic_id[0x01] enabled)
2015-02-11T17:34:37.084447-06:00 c0-0c1s2n2 ACPI: LAPIC (acpi_id[0x03] lapic_id[0x03] enabled)
2015-02-11T17:34:37.084646-06:00 c0-0c1s2n2 ACPI: LAPIC (acpi_id[0x05] lapic_id[0x05] enabled)
2015-02-11T17:34:37.084837-06:00 c0-0c1s2n2 ACPI: LAPIC (acpi_id[0x07] lapic_id[0x07] enabled)
2015-02-11T17:34:37.124262-06:00 c0-0c1s2n2 ACPI: LAPIC (acpi_id[0x09] lapic_id[0x09] enabled)
2015-02-11T17:34:37.124450-06:00 c0-0c1s2n2 ACPI: LAPIC (acpi_id[0x0b] lapic_id[0x0b] enabled)
2015-02-11T17:34:37.124641-06:00 c0-0c1s2n2 ACPI: LAPIC (acpi_id[0x0d] lapic_id[0x0d] enabled)
2015-02-11T17:34:37.124846-06:00 c0-0c1s2n2 ACPI: LAPIC (acpi_id[0x0f] lapic_id[0x0f] enabled)
2015-02-11T17:34:37.125060-06:00 c0-0c1s2n2 ACPI: LAPIC_NMI (acpi_id[0x00] high edge lint[0x1])
2015-02-11T17:34:37.125258-06:00 c0-0c1s2n2 ACPI: LAPIC_NMI (acpi_id[0x02] high edge lint[0x1])
2015-02-11T17:34:37.125471-06:00 c0-0c1s2n2 ACPI: LAPIC_NMI (acpi_id[0x04] high edge lint[0x1])
2015-02-11T17:34:37.164337-06:00 c0-0c1s2n2 ACPI: LAPIC_NMI (acpi_id[0x06] high edge lint[0x1])
2015-02-11T17:34:37.164543-06:00 c0-0c1s2n2 ACPI: LAPIC_NMI (acpi_id[0x08] high edge lint[0x1])
2015-02-11T17:34:37.171088-06:00 c0-0c1s2n2 ACPI: LAPIC_NMI (acpi_id[0x0a] high edge lint[0x1])
2015-02-11T17:34:37.171304-06:00 c0-0c1s2n2 ACPI: LAPIC_NMI (acpi_id[0x0c] high edge lint[0x1])
2015-02-11T17:34:37.171566-06:00 c0-0c1s2n2 ACPI: LAPIC_NMI (acpi_id[0x0e] high edge lint[0x1])
2015-02-11T17:34:37.171800-06:00 c0-0c1s2n2 ACPI: LAPIC_NMI (acpi_id[0x01] high edge lint[0x1])
2015-02-11T17:34:37.196582-06:00 c0-0c1s2n2 ACPI: LAPIC_NMI (acpi_id[0x03] high edge lint[0x1])
2015-02-11T17:34:37.196823-06:00 c0-0c1s2n2 ACPI: LAPIC_NMI (acpi_id[0x05] high edge lint[0x1])
2015-02-11T17:34:37.197096-06:00 c0-0c1s2n2 ACPI: LAPIC_NMI (acpi_id[0x07] high edge lint[0x1])
2015-02-11T17:34:37.221867-06:00 c0-0c1s2n2 ACPI: LAPIC_NMI (acpi_id[0x09] high edge lint[0x1])
2015-02-11T17:34:37.222163-06:00 c0-0c1s2n2 ACPI: LAPIC_NMI (acpi_id[0x0b] high edge lint[0x1])
2015-02-11T17:34:37.222369-06:00 c0-0c1s2n2 ACPI: LAPIC_NMI (acpi_id[0x0d] high edge lint[0x1])
2015-02-11T17:34:37.246971-06:00 c0-0c1s2n2 ACPI: LAPIC_NMI (acpi_id[0x0f] high edge lint[0x1])
2015-02-11T17:34:37.247233-06:00 c0-0c1s2n2 ACPI: IOAPIC (id[0x00] address[0xfec00000] gsi_base[0])
2015-02-11T17:34:37.247477-06:00 c0-0c1s2n2 IOAPIC[0]: apic_id 0, version 32, address 0xfec00000, GSI 0-23
2015-02-11T17:34:37.272171-06:00 c0-0c1s2n2 ACPI: IOAPIC (id[0x02] address[0xfec01000] gsi_base[24])
2015-02-11T17:34:37.272462-06:00 c0-0c1s2n2 IOAPIC[1]: apic_id 2, version 32, address 0xfec01000, GSI 24-47
2015-02-11T17:34:37.272663-06:00 c0-0c1s2n2 ACPI: INT_SRC_OVR (bus 0 bus_irq 0 global_irq 2 dfl dfl)
2015-02-11T17:34:37.297579-06:00 c0-0c1s2n2 ACPI: INT_SRC_OVR (bus 0 bus_irq 9 global_irq 9 high level)
2015-02-11T17:34:37.297754-06:00 c0-0c1s2n2 Using ACPI (MADT) for SMP configuration information
2015-02-11T17:34:37.297899-06:00 c0-0c1s2n2 ACPI: HPET id: 0x8086a701 base: 0xfed00000
2015-02-11T17:34:37.322729-06:00 c0-0c1s2n2 SMP: Allowing 16 CPUs, 0 hotplug CPUs
2015-02-11T17:34:37.322991-06:00 c0-0c1s2n2 Allocating PCI resources starting at 90000000 (gap: 90000000:6ed1c000)
2015-02-11T17:34:37.323227-06:00 c0-0c1s2n2 setup_percpu: NR_CPUS:128 nr_cpumask_bits:128 nr_cpu_ids:16 nr_node_ids:1
2015-02-11T17:34:37.348268-06:00 c0-0c1s2n2 PERCPU: Embedded 25 pages/cpu @ffff88107fa00000 s72704 r8192 d21504 u131072
2015-02-11T17:34:37.348464-06:00 c0-0c1s2n2 Built 1 zonelists in Zone order, mobility grouping on.  Total pages: 16534701
2015-02-11T17:34:37.373232-06:00 c0-0c1s2n2 Policy zone: Normal
2015-02-11T17:34:37.449117-06:00 c0-0c1s2n2 Kernel command line: earlyprintk=serial,115200 load_ramdisk=1 ramdisk_size=80000 console=ttyS0,115200n8 bootnodeip=10.131.255.254 bootproto=ipog bootpath=/rr/current rootfs=nfs-shared root=/dev/disk/by-id/scsi-3600a09800063789e0000008b54c3a04c-part1 oops=panic bootifnetmask=255.252.0.0 elevator=noop ippob1=10 ippob2=128 pcie_ports=native iommu=on intel_iommu=off bad_page=panic pln_enable=off apei_disable hest_disable erst_disable ghes_disable cgroup_disable=memory active_wlm=ALPS sdbnodeip=10.131.255.253 sessionid=p0-20150211t172524 _cray=marker_ 
2015-02-11T17:34:37.449157-06:00 c0-0c1s2n2 Intel-IOMMU: disabled
2015-02-11T17:34:37.449229-06:00 c0-0c1s2n2 Disabling memory control group subsystem
2015-02-11T17:34:37.449275-06:00 c0-0c1s2n2 PID hash table entries: 4096 (order: 3, 32768 bytes)
2015-02-11T17:34:37.474247-06:00 c0-0c1s2n2 xsave/xrstor: enabled xstate_bv 0x7, cntxt size 0x340
2015-02-11T17:34:37.882938-06:00 c0-0c1s2n2 Memory: 66065380k/69206016k available (5522k kernel code, 2121000k absent, 1019636k reserved, 5307k data, 692k init)
2015-02-11T17:34:37.883029-06:00 c0-0c1s2n2 Hierarchical RCU implementation.
2015-02-11T17:34:37.883058-06:00 c0-0c1s2n2 NR_IRQS:4352
2015-02-11T17:34:38.387699-06:00 c0-0c1s2n2 Extended CMOS year: 2000
2015-02-11T17:34:38.387714-06:00 c0-0c1s2n2 Console: colour dummy device 80x25
2015-02-11T17:34:38.387722-06:00 c0-0c1s2n2 console [ttyS0] enabled, bootconsole disabled
2015-02-11T17:34:38.387731-06:00 c0-0c1s2n2 console [ttyS0] enabled, bootconsole disabled
2015-02-11T17:34:38.387736-06:00 c0-0c1s2n2 Fast TSC calibration using PIT
2015-02-11T17:34:38.387742-06:00 c0-0c1s2n2 Detected 2599.990 MHz processor.
2015-02-11T17:34:38.387752-06:00 c0-0c1s2n2 Calibrating delay loop (skipped), value calculated using timer frequency.. 5199.98 BogoMIPS (lpj=10399960)
2015-02-11T17:34:38.387790-06:00 c0-0c1s2n2 pid_max: default: 32768 minimum: 301
2015-02-11T17:34:38.387805-06:00 c0-0c1s2n2 Dentry cache hash table entries: 8388608 (order: 14, 67108864 bytes)
2015-02-11T17:34:38.387812-06:00 c0-0c1s2n2 Inode-cache hash table entries: 4194304 (order: 13, 33554432 bytes)
2015-02-11T17:34:38.387823-06:00 c0-0c1s2n2 Mount-cache hash table entries: 256
2015-02-11T17:34:38.387843-06:00 c0-0c1s2n2 Initializing cgroup subsys cpuacct
2015-02-11T17:34:38.387849-06:00 c0-0c1s2n2 Initializing cgroup subsys memory
2015-02-11T17:34:38.387854-06:00 c0-0c1s2n2 Initializing cgroup subsys devices
2015-02-11T17:34:38.387859-06:00 c0-0c1s2n2 Initializing cgroup subsys perf_event
2015-02-11T17:34:38.387876-06:00 c0-0c1s2n2 CPU: Physical Processor ID: 0
2015-02-11T17:34:38.387892-06:00 c0-0c1s2n2 CPU: Processor Core ID: 0
2015-02-11T17:34:38.387899-06:00 c0-0c1s2n2 mce: CPU supports 20 MCE banks
2015-02-11T17:34:38.387903-06:00 c0-0c1s2n2 CPU0: Thermal monitoring enabled (TM1)
2015-02-11T17:34:38.387908-06:00 c0-0c1s2n2 using mwait in idle threads.
2015-02-11T17:34:38.387912-06:00 c0-0c1s2n2 ACPI: Core revision 20110413
2015-02-11T17:34:38.387919-06:00 c0-0c1s2n2 ftrace: allocating 20236 entries in 80 pages
2015-02-11T17:34:38.387934-06:00 c0-0c1s2n2 DMAR: Host address width 46
2015-02-11T17:34:38.387940-06:00 c0-0c1s2n2 DMAR: DRHD base: 0x000000fbffc000 flags: 0x1
2015-02-11T17:34:38.387947-06:00 c0-0c1s2n2 IOMMU 0: reg_base_addr fbffc000 ver 1:0 cap d2078c106f0462 ecap f020fe
2015-02-11T17:34:38.387953-06:00 c0-0c1s2n2 DMAR: RMRR base: 0x0000007f430000 end: 0x0000007f43cfff
2015-02-11T17:34:38.387957-06:00 c0-0c1s2n2 DMAR: ATSR flags: 0x0
2015-02-11T17:34:38.387963-06:00 c0-0c1s2n2 DMAR: RHSA base: 0x000000fbffc000 proximity domain: 0x0
2015-02-11T17:34:38.387987-06:00 c0-0c1s2n2 Switched APIC routing to physical flat.
2015-02-11T17:34:38.387996-06:00 c0-0c1s2n2 ..TIMER: vector=0x30 apic1=0 pin1=2 apic2=-1 pin2=-1
2015-02-11T17:34:38.388002-06:00 c0-0c1s2n2 CPU0: Intel(R) Xeon(R) CPU E5-2670 0 @ 2.60GHz stepping 07
2015-02-11T17:34:38.564756-06:00 c0-0c1s2n2 Performance Events: PEBS fmt1+, 16-deep LBR, SandyBridge events, full-width counters, Intel PMU driver.
2015-02-11T17:34:38.589825-06:00 c0-0c1s2n2 ... version:                3
2015-02-11T17:34:38.589916-06:00 c0-0c1s2n2 ... bit width:              48
2015-02-11T17:34:38.590015-06:00 c0-0c1s2n2 ... generic registers:      4
2015-02-11T17:34:38.590156-06:00 c0-0c1s2n2 ... value mask:             0000ffffffffffff
2015-02-11T17:34:38.615028-06:00 c0-0c1s2n2 ... max period:             0000ffffffffffff
2015-02-11T17:34:38.615124-06:00 c0-0c1s2n2 ... fixed-purpose events:   3
2015-02-11T17:34:38.615243-06:00 c0-0c1s2n2 ... event mask:             000000070000000f
2015-02-11T17:34:39.093944-06:00 c0-0c1s2n2 Booting Node   0, Processors  #1 #2 #3 #4 #5 #6 #7 #8 #9 #10 #11 #12 #13 #14 #15 Ok.
2015-02-11T17:34:39.119261-06:00 c0-0c1s2n2 Brought up 16 CPUs
2015-02-11T17:34:39.144424-06:00 c0-0c1s2n2 Total of 16 processors activated (83199.68 BogoMIPS).
2015-02-11T17:34:39.169935-06:00 c0-0c1s2n2 NET: Registered protocol family 16
2015-02-11T17:34:39.194851-06:00 c0-0c1s2n2 ACPI FADT declares the system doesn't support PCIe ASPM, so disable it
2015-02-11T17:34:39.195033-06:00 c0-0c1s2n2 ACPI: bus type pci registered
2015-02-11T17:34:39.220218-06:00 c0-0c1s2n2 PCI: MMCONFIG for domain 0000 [bus 00-ff] at [mem 0x80000000-0x8fffffff] (base 0x80000000)
2015-02-11T17:34:39.220338-06:00 c0-0c1s2n2 PCI: MMCONFIG at [mem 0x80000000-0x8fffffff] reserved in E820
2015-02-11T17:34:39.245516-06:00 c0-0c1s2n2 PCI: Using configuration type 1 for base access
2015-02-11T17:34:39.245617-06:00 c0-0c1s2n2 bio: create slab <bio-0> at 0
2015-02-11T17:34:39.295786-06:00 c0-0c1s2n2 ACPI: Executed 1 blocks of module-level executable AML code
2015-02-11T17:34:39.497753-06:00 c0-0c1s2n2 ACPI: Interpreter enabled
2015-02-11T17:34:39.497841-06:00 c0-0c1s2n2 ACPI: (supports S0 S1 S3 S5)
2015-02-11T17:34:39.497959-06:00 c0-0c1s2n2 ACPI: Using IOAPIC for interrupt routing
2015-02-11T17:34:39.523265-06:00 c0-0c1s2n2 ACPI: No dock devices found.
2015-02-11T17:34:39.523397-06:00 c0-0c1s2n2 HEST: Table parsing disabled.
2015-02-11T17:34:39.548246-06:00 c0-0c1s2n2 PCI: Using host bridge windows from ACPI; if necessary, use "pci=nocrs" and report a bug
2015-02-11T17:34:39.573550-06:00 c0-0c1s2n2 ACPI: PCI Root Bridge [PCI0] (domain 0000 [bus 00-fe])
2015-02-11T17:34:39.573800-06:00 c0-0c1s2n2 pci_root PNP0A08:00: host bridge window [io  0x0000-0x03af]
2015-02-11T17:34:39.598598-06:00 c0-0c1s2n2 pci_root PNP0A08:00: host bridge window [io  0x03e0-0x0cf7]
2015-02-11T17:34:39.598894-06:00 c0-0c1s2n2 pci_root PNP0A08:00: host bridge window [io  0x0d00-0xffff]
2015-02-11T17:34:39.623942-06:00 c0-0c1s2n2 pci_root PNP0A08:00: host bridge window [mem 0x000c0000-0x000dffff]
2015-02-11T17:34:39.624243-06:00 c0-0c1s2n2 pci_root PNP0A08:00: host bridge window [mem 0x80000000-0xfbffffff]
2015-02-11T17:34:39.624577-06:00 c0-0c1s2n2 pci_root PNP0A08:00: host bridge window [mem 0x1080000000-0x3c3fffffffff]
2015-02-11T17:34:39.649253-06:00 c0-0c1s2n2 pci 0000:00:02.0: PCI bridge to [bus 01-01]
2015-02-11T17:34:39.649469-06:00 c0-0c1s2n2 pci 0000:00:03.0: PCI bridge to [bus 02-02]
2015-02-11T17:34:39.649621-06:00 c0-0c1s2n2 pci 0000:00:03.2: PCI bridge to [bus 03-03]
2015-02-11T17:34:39.674446-06:00 c0-0c1s2n2 pci 0000:00:11.0: PCI bridge to [bus 04-04]
2015-02-11T17:34:39.674749-06:00 c0-0c1s2n2 pci 0000:00:1e.0: PCI bridge to [bus 05-05] (subtractive decode)
2015-02-11T17:34:39.699728-06:00 c0-0c1s2n2 pci0000:00: Unable to request _OSC control (_OSC support mask: 0x19)
2015-02-11T17:34:39.724992-06:00 c0-0c1s2n2 ACPI: PCI Root Bridge [UNC0] (domain 0000 [bus ff])
2015-02-11T17:34:39.725325-06:00 c0-0c1s2n2 pci0000:ff: Unable to request _OSC control (_OSC support mask: 0x19)
2015-02-11T17:34:39.750374-06:00 c0-0c1s2n2 ACPI: PCI Interrupt Link [LNKA] (IRQs 3 4 5 6 7 10 *11 12 14 15)
2015-02-11T17:34:39.775393-06:00 c0-0c1s2n2 ACPI: PCI Interrupt Link [LNKB] (IRQs 3 4 5 6 7 *10 11 12 14 15)
2015-02-11T17:34:39.775750-06:00 c0-0c1s2n2 ACPI: PCI Interrupt Link [LNKC] (IRQs 3 4 *5 6 10 11 12 14 15)
2015-02-11T17:34:39.776028-06:00 c0-0c1s2n2 ACPI: PCI Interrupt Link [LNKD] (IRQs *3 4 5 6 10 11 12 14 15)
2015-02-11T17:34:39.800777-06:00 c0-0c1s2n2 ACPI: PCI Interrupt Link [LNKE] (IRQs 3 4 5 6 7 10 11 12 14 15) *0
2015-02-11T17:34:39.801126-06:00 c0-0c1s2n2 ACPI: PCI Interrupt Link [LNKF] (IRQs 3 4 5 6 7 10 11 12 14 15) *0
2015-02-11T17:34:39.825977-06:00 c0-0c1s2n2 ACPI: PCI Interrupt Link [LNKG] (IRQs 3 4 5 6 7 10 11 12 14 15) *0
2015-02-11T17:34:39.826344-06:00 c0-0c1s2n2 ACPI: PCI Interrupt Link [LNKH] (IRQs 3 4 5 6 *7 10 11 12 14 15)
2015-02-11T17:34:39.826391-06:00 c0-0c1s2n2 vgaarb: loaded
2015-02-11T17:34:39.826520-06:00 c0-0c1s2n2 SCSI subsystem initialized
2015-02-11T17:34:39.851198-06:00 c0-0c1s2n2 PCI: Using ACPI for IRQ routing
2015-02-11T17:34:39.851585-06:00 c0-0c1s2n2 Switching to clocksource hpet
2015-02-11T17:34:39.876658-06:00 c0-0c1s2n2 pnp: PnP ACPI init
2015-02-11T17:34:39.876836-06:00 c0-0c1s2n2 ACPI: bus type pnp registered
2015-02-11T17:34:39.877144-06:00 c0-0c1s2n2 system 00:01: [mem 0xfc000000-0xfcffffff] has been reserved
2015-02-11T17:34:39.901940-06:00 c0-0c1s2n2 system 00:01: [mem 0xfd000000-0xfdffffff] has been reserved
2015-02-11T17:34:39.902180-06:00 c0-0c1s2n2 system 00:01: [mem 0xfe000000-0xfeafffff] has been reserved
2015-02-11T17:34:39.927200-06:00 c0-0c1s2n2 system 00:01: [mem 0xfeb00000-0xfebfffff] has been reserved
2015-02-11T17:34:39.927485-06:00 c0-0c1s2n2 system 00:01: [mem 0xfed00400-0xfed3ffff] could not be reserved
2015-02-11T17:34:39.952216-06:00 c0-0c1s2n2 system 00:01: [mem 0xfed45000-0xfedfffff] has been reserved
2015-02-11T17:34:39.952598-06:00 c0-0c1s2n2 system 00:02: [mem 0xfbffc000-0xfbffdfff] has been reserved
2015-02-11T17:34:39.977481-06:00 c0-0c1s2n2 system 00:06: [io  0x04d0-0x04d1] has been reserved
2015-02-11T17:34:39.977870-06:00 c0-0c1s2n2 system 00:08: [io  0x0400-0x0453] has been reserved
2015-02-11T17:34:39.978097-06:00 c0-0c1s2n2 system 00:08: [io  0x0458-0x047f] has been reserved
2015-02-11T17:34:39.978300-06:00 c0-0c1s2n2 system 00:08: [io  0x1180-0x119f] has been reserved
2015-02-11T17:34:40.003091-06:00 c0-0c1s2n2 system 00:08: [io  0x0500-0x057f] has been reserved
2015-02-11T17:34:40.003288-06:00 c0-0c1s2n2 system 00:08: [mem 0xfed1c000-0xfed1ffff] has been reserved
2015-02-11T17:34:40.028244-06:00 c0-0c1s2n2 system 00:08: [mem 0xfec00000-0xfecfffff] could not be reserved
2015-02-11T17:34:40.028529-06:00 c0-0c1s2n2 system 00:08: [mem 0xfed08000-0xfed08fff] has been reserved
2015-02-11T17:34:40.053248-06:00 c0-0c1s2n2 system 00:08: [mem 0xff000000-0xffffffff] has been reserved
2015-02-11T17:34:40.053525-06:00 c0-0c1s2n2 system 00:09: [io  0x0454-0x0457] has been reserved
2015-02-11T17:34:40.053676-06:00 c0-0c1s2n2 pnp: PnP ACPI: found 12 devices
2015-02-11T17:34:40.078569-06:00 c0-0c1s2n2 ACPI: ACPI bus type pnp unregistered
2015-02-11T17:34:40.078899-06:00 c0-0c1s2n2 pci 0000:00:02.0: PCI bridge to [bus 01-01]
2015-02-11T17:34:40.079126-06:00 c0-0c1s2n2 pci 0000:00:02.0:   bridge window [io  disabled]
2015-02-11T17:34:40.103863-06:00 c0-0c1s2n2 pci 0000:00:02.0:   bridge window [mem disabled]
2015-02-11T17:34:40.104340-06:00 c0-0c1s2n2 pci 0000:00:02.0:   bridge window [mem 0x3c0000000000-0x3c20000fffff 64bit pref]
2015-02-11T17:34:40.104523-06:00 c0-0c1s2n2 pci 0000:00:03.0: PCI bridge to [bus 02-02]
2015-02-11T17:34:40.129321-06:00 c0-0c1s2n2 pci 0000:00:03.0:   bridge window [io  disabled]
2015-02-11T17:34:40.129488-06:00 c0-0c1s2n2 pci 0000:00:03.0:   bridge window [mem disabled]
2015-02-11T17:34:40.154255-06:00 c0-0c1s2n2 pci 0000:00:03.0:   bridge window [mem pref disabled]
2015-02-11T17:34:40.154596-06:00 c0-0c1s2n2 pci 0000:00:03.2: PCI bridge to [bus 03-03]
2015-02-11T17:34:40.154838-06:00 c0-0c1s2n2 pci 0000:00:03.2:   bridge window [io  disabled]
2015-02-11T17:34:40.179597-06:00 c0-0c1s2n2 pci 0000:00:03.2:   bridge window [mem disabled]
2015-02-11T17:34:40.179891-06:00 c0-0c1s2n2 pci 0000:00:03.2:   bridge window [mem pref disabled]
2015-02-11T17:34:40.180143-06:00 c0-0c1s2n2 pci 0000:00:11.0: PCI bridge to [bus 04-04]
2015-02-11T17:34:40.204944-06:00 c0-0c1s2n2 pci 0000:00:11.0:   bridge window [io  0xe000-0xefff]
2015-02-11T17:34:40.205322-06:00 c0-0c1s2n2 pci 0000:00:11.0:   bridge window [mem 0xfbe00000-0xfbefffff]
2015-02-11T17:34:40.230201-06:00 c0-0c1s2n2 pci 0000:00:11.0:   bridge window [mem 0x3c2000400000-0x3c20008fffff 64bit pref]
2015-02-11T17:34:40.230412-06:00 c0-0c1s2n2 pci 0000:00:1e.0: PCI bridge to [bus 05-05]
2015-02-11T17:34:40.230612-06:00 c0-0c1s2n2 pci 0000:00:1e.0:   bridge window [io  disabled]
2015-02-11T17:34:40.255390-06:00 c0-0c1s2n2 pci 0000:00:1e.0:   bridge window [mem disabled]
2015-02-11T17:34:40.255621-06:00 c0-0c1s2n2 pci 0000:00:1e.0:   bridge window [mem pref disabled]
2015-02-11T17:34:40.255943-06:00 c0-0c1s2n2 pci 0000:00:02.0: PCI INT A -> GSI 32 (level, low) -> IRQ 32
2015-02-11T17:34:40.280930-06:00 c0-0c1s2n2 pci 0000:00:03.0: PCI INT A -> GSI 40 (level, low) -> IRQ 40
2015-02-11T17:34:40.281222-06:00 c0-0c1s2n2 pci 0000:00:03.2: PCI INT A -> GSI 40 (level, low) -> IRQ 40
2015-02-11T17:34:40.306043-06:00 c0-0c1s2n2 pci 0000:00:11.0: PCI INT A -> GSI 16 (level, low) -> IRQ 16
2015-02-11T17:34:40.306158-06:00 c0-0c1s2n2 NET: Registered protocol family 2
2015-02-11T17:34:40.331223-06:00 c0-0c1s2n2 IP route cache hash table entries: 524288 (order: 10, 4194304 bytes)
2015-02-11T17:34:40.331565-06:00 c0-0c1s2n2 TCP established hash table entries: 524288 (order: 11, 8388608 bytes)
2015-02-11T17:34:40.356434-06:00 c0-0c1s2n2 TCP bind hash table entries: 65536 (order: 8, 1048576 bytes)
2015-02-11T17:34:40.356731-06:00 c0-0c1s2n2 TCP: Hash tables configured (established 524288 bind 65536)
2015-02-11T17:34:40.356841-06:00 c0-0c1s2n2 TCP reno registered
2015-02-11T17:34:40.381596-06:00 c0-0c1s2n2 UDP hash table entries: 32768 (order: 8, 1048576 bytes)
2015-02-11T17:34:40.381898-06:00 c0-0c1s2n2 UDP-Lite hash table entries: 32768 (order: 8, 1048576 bytes)
2015-02-11T17:34:40.382078-06:00 c0-0c1s2n2 NET: Registered protocol family 1
2015-02-11T17:34:40.406955-06:00 c0-0c1s2n2 RPC: Registered named UNIX socket transport module.
2015-02-11T17:34:40.407069-06:00 c0-0c1s2n2 RPC: Registered udp transport module.
2015-02-11T17:34:40.407217-06:00 c0-0c1s2n2 RPC: Registered tcp transport module.
2015-02-11T17:34:40.432199-06:00 c0-0c1s2n2 RPC: Registered tcp NFSv4.1 backchannel transport module.
2015-02-11T17:34:40.457443-06:00 c0-0c1s2n2 pci 0000:00:1a.0: PCI INT A -> GSI 16 (level, low) -> IRQ 16
2015-02-11T17:34:40.482773-06:00 c0-0c1s2n2 pci 0000:00:1a.0: PCI INT A disabled
2015-02-11T17:34:40.482907-06:00 c0-0c1s2n2 pci 0000:00:1d.0: PCI INT A -> GSI 23 (level, low) -> IRQ 23
2015-02-11T17:34:40.508052-06:00 c0-0c1s2n2 pci 0000:00:1d.0: PCI INT A disabled
2015-02-11T17:34:40.508146-06:00 c0-0c1s2n2 Trying to unpack rootfs image as initramfs...
2015-02-11T17:34:40.936898-06:00 c0-0c1s2n2 Freeing initrd memory: 12352k freed
2015-02-11T17:34:40.961940-06:00 c0-0c1s2n2 DMAR: Device scope device [0000:00:01.01] not found
2015-02-11T17:34:40.962117-06:00 c0-0c1s2n2 DMAR: Device scope device [0000:00:01.01] not found
2015-02-11T17:34:40.962292-06:00 c0-0c1s2n2 PCI-DMA: Using software bounce buffering for IO (SWIOTLB)
2015-02-11T17:34:40.987404-06:00 c0-0c1s2n2 Placing 64MB software IO TLB between ffff88007a67c000 - ffff88007e67c000
2015-02-11T17:34:40.987578-06:00 c0-0c1s2n2 software IO TLB at phys 0x7a67c000 - 0x7e67c000
2015-02-11T17:34:41.012578-06:00 c0-0c1s2n2 Machine check injector initialized
2015-02-11T17:34:41.012780-06:00 c0-0c1s2n2 futex hash table entries: 4096 (order: 6, 262144 bytes)
2015-02-11T17:34:41.037547-06:00 c0-0c1s2n2 Registering pnotify support for (name=job)
2015-02-11T17:34:41.037633-06:00 c0-0c1s2n2 CSA: initialized
2015-02-11T17:34:41.037825-06:00 c0-0c1s2n2 audit: initializing netlink socket (disabled)
2015-02-11T17:34:41.037917-06:00 c0-0c1s2n2 type=2000 audit(1423697674.520:1): initialized
2015-02-11T17:34:41.088462-06:00 c0-0c1s2n2 HugeTLB registered 2 MB page size, pre-allocated 0 pages
2015-02-11T17:34:41.088646-06:00 c0-0c1s2n2 VFS: Disk quotas dquot_6.5.2
2015-02-11T17:34:41.113306-06:00 c0-0c1s2n2 Dquot-cache hash table entries: 512 (order 0, 4096 bytes)
2015-02-11T17:34:41.113605-06:00 c0-0c1s2n2 Installing knfsd (copyright (C) 1996 okir@monad.swb.de).
2015-02-11T17:34:41.113713-06:00 c0-0c1s2n2 fuse init (API version 7.16)
2015-02-11T17:34:41.138593-06:00 c0-0c1s2n2 Installing v9fs 9p2000 file system support
2015-02-11T17:34:41.138730-06:00 c0-0c1s2n2 msgmni has been set to 32268
2015-02-11T17:34:41.138991-06:00 c0-0c1s2n2 Block layer SCSI generic (bsg) driver version 0.4 loaded (major 254)
2015-02-11T17:34:41.163757-06:00 c0-0c1s2n2 io scheduler noop registered (default)
2015-02-11T17:34:41.164017-06:00 c0-0c1s2n2 io scheduler deadline registered
2015-02-11T17:34:41.164135-06:00 c0-0c1s2n2 io scheduler cfq registered
2015-02-11T17:34:41.189062-06:00 c0-0c1s2n2 input: Power Button as /devices/LNXSYSTM:00/LNXSYBUS:00/PNP0C0C:00/input/input0
2015-02-11T17:34:41.189155-06:00 c0-0c1s2n2 ACPI: Power Button [PWRB]
2015-02-11T17:34:41.214351-06:00 c0-0c1s2n2 input: Power Button as /devices/LNXSYSTM:00/LNXPWRBN:00/input/input1
2015-02-11T17:34:41.214396-06:00 c0-0c1s2n2 ACPI: Power Button [PWRF]
2015-02-11T17:34:41.315297-06:00 c0-0c1s2n2 ERST: Error Record Serialization Table (ERST) support is disabled.
2015-02-11T17:34:41.315409-06:00 c0-0c1s2n2 GHES: HEST is not enabled!
2015-02-11T17:34:41.390961-06:00 c0-0c1s2n2 Serial: 8250/16550 driver, 2 ports, IRQ sharing disabled
2015-02-11T17:34:41.391086-06:00 c0-0c1s2n2 serial8250: ttyS0 at I/O 0x3f8 (irq = 4) is a 16550A
2015-02-11T17:34:41.466759-06:00 c0-0c1s2n2 serial8250: ttyS1 at I/O 0x2f8 (irq = 3) is a 16550A
2015-02-11T17:34:41.542749-06:00 c0-0c1s2n2 Real Time Clock Driver v1.12b
2015-02-11T17:34:41.567653-06:00 c0-0c1s2n2 Linux agpgart interface v0.103
2015-02-11T17:34:41.567792-06:00 c0-0c1s2n2 brd: module loaded
2015-02-11T17:34:41.567844-06:00 c0-0c1s2n2 loop: module loaded
2015-02-11T17:34:41.567926-06:00 c0-0c1s2n2 Loading iSCSI transport class v2.0-870.
2015-02-11T17:34:41.592778-06:00 c0-0c1s2n2 iscsi: registered transport (tcp)
2015-02-11T17:34:41.592957-06:00 c0-0c1s2n2 Rounding down aligned max_sectors from 4294967295 to 4294967288
2015-02-11T17:34:41.593050-06:00 c0-0c1s2n2 console [netcon0] enabled
2015-02-11T17:34:41.593129-06:00 c0-0c1s2n2 netconsole: network logging started
2015-02-11T17:34:41.617983-06:00 c0-0c1s2n2 i8042: PNP: No PS/2 controller found. Probing ports directly.
2015-02-11T17:34:42.016916-06:00 c0-0c1s2n2 Refined TSC clocksource calibration: 2599.999 MHz.
2015-02-11T17:34:42.016938-06:00 c0-0c1s2n2 Switching to clocksource tsc
2015-02-11T17:34:42.639340-06:00 c0-0c1s2n2 i8042: No controller found
2015-02-11T17:34:42.639395-06:00 c0-0c1s2n2 EDAC MC: Ver: 2.1.0
2015-02-11T17:34:42.664352-06:00 c0-0c1s2n2 cpuidle: using governor ladder
2015-02-11T17:34:42.664653-06:00 c0-0c1s2n2 cpuidle: using governor menu
2015-02-11T17:34:42.664737-06:00 c0-0c1s2n2 oprofile: using NMI interrupt.
2015-02-11T17:34:42.664802-06:00 c0-0c1s2n2 TCP cubic registered
2015-02-11T17:34:42.689669-06:00 c0-0c1s2n2 NET: Registered protocol family 10
2015-02-11T17:34:42.689768-06:00 c0-0c1s2n2 IPv6 over IPv4 tunneling driver
2015-02-11T17:34:42.689858-06:00 c0-0c1s2n2 NET: Registered protocol family 17
2015-02-11T17:34:42.689940-06:00 c0-0c1s2n2 Installing 9P2000 support
2015-02-11T17:34:42.714786-06:00 c0-0c1s2n2 Registering the dns_resolver key type
2015-02-11T17:34:42.714909-06:00 c0-0c1s2n2 registered taskstats version 1
2015-02-11T17:34:42.740228-06:00 c0-0c1s2n2 Freeing unused kernel memory: 692k freed
2015-02-11T17:34:42.790839-06:00 c0-0c1s2n2 ghal_init:Cray(R) Gemini Hardware Abstraction Layer - version 1.0107
2015-02-11T17:34:42.790951-06:00 c0-0c1s2n2 ghal_init:Copyright (C) 2007-1012 Cray Inc.
2015-02-11T17:34:42.841085-06:00 c0-0c1s2n2 ghal 0000:01:00.1: enabling device (0000 -> 0002)
2015-02-11T17:34:42.841128-06:00 c0-0c1s2n2 udev: starting version 147
2015-02-11T17:34:42.866231-06:00 c0-0c1s2n2 simplex: module license 'unspecified' taints kernel.
2015-02-11T17:34:42.866255-06:00 c0-0c1s2n2 hss-os: communication area 0xffff881009b20800 (phys 0x1009b20800)
2015-02-11T17:34:42.866276-06:00 c0-0c1s2n2 hss-os: new channel 1
2015-02-11T17:34:44.693875-06:00 c0-0c1s2n2 request_sys_info_from_L0: No tile dimension data
2015-02-11T17:34:44.693881-06:00 c0-0c1s2n2 hss-os: new channel 2
2015-02-11T17:34:44.693901-06:00 c0-0c1s2n2 kgni_init:Cray(R) Gemini Network Interface - Sep 17 2014 version 0x004500b7 rev 9750
2015-02-11T17:34:44.693910-06:00 c0-0c1s2n2 kgni_init:Copyright (C) 2007,2008 Cray Inc.
2015-02-11T17:34:44.693920-06:00 c0-0c1s2n2 ipogif_init:Cray(R) Gemini IP over Fabric device driver - version 0.17
2015-02-11T17:34:44.693937-06:00 c0-0c1s2n2 ipogif_init:Copyright (C) 2007 Cray Inc.
2015-02-11T17:34:44.693942-06:00 c0-0c1s2n2 ipogif_probe:Immediate checksum off
2015-02-11T17:34:44.693968-06:00 c0-0c1s2n2 Cray(R) Gemini Performance Counter Daemon - version 0.1
2015-02-11T17:34:44.693977-06:00 c0-0c1s2n2 GEMINI Performance Counter Daemon.
2015-02-11T17:34:44.693986-06:00 c0-0c1s2n2 Cray(R) Kernel Dynamic Registration (KDREG) Interface - version 0x2243e
2015-02-11T17:34:44.694003-06:00 c0-0c1s2n2 Copyright (C) 2004-5 Pete Wyckoff - modified by Cray(R)
2015-02-11T17:34:44.820242-06:00 c0-0c1s2n2 ipogif_up:Bringing interface up
2015-02-11T17:34:44.938951-06:00 c0-0c1s2n2 Sending ec_node_info with boot code 0 (NODE_INFO_OS_BOOT) for nid 74
2015-02-11T17:34:44.938969-06:00 c0-0c1s2n2 net.core.rmem_max = 16777216
2015-02-11T17:34:44.938975-06:00 c0-0c1s2n2 net.core.wmem_max = 16777216
2015-02-11T17:34:44.938981-06:00 c0-0c1s2n2 net.core.rmem_default = 16777216
2015-02-11T17:34:44.938985-06:00 c0-0c1s2n2 net.core.wmem_default = 16777216
2015-02-11T17:34:44.938998-06:00 c0-0c1s2n2 net.core.optmem_max = 16777216
2015-02-11T17:34:44.939004-06:00 c0-0c1s2n2 net.ipv4.tcp_mem = 16777216 16777216 16777216
2015-02-11T17:34:44.939009-06:00 c0-0c1s2n2 net.ipv4.tcp_rmem = 4096 87380 16777216
2015-02-11T17:34:44.939588-06:00 c0-0c1s2n2 net.ipv4.tcp_wmem = 4096 65536 16777216
2015-02-11T17:34:44.939599-06:00 c0-0c1s2n2 Using rootfs config: nfs-shared...
2015-02-11T17:34:44.939608-06:00 c0-0c1s2n2 rootfs mount succeeded.
2015-02-11T17:34:44.939637-06:00 c0-0c1s2n2 **********************************************************
2015-02-11T17:34:44.939663-06:00 c0-0c1s2n2    HOSTNAME: nid00074
2015-02-11T17:34:44.939674-06:00 c0-0c1s2n2 **********************************************************
2015-02-11T17:34:44.939689-06:00 c0-0c1s2n2 ipogif0   Link encap:Ethernet  HWaddr 00:01:01:00:00:4A  
2015-02-11T17:34:44.939728-06:00 c0-0c1s2n2          inet addr:10.128.0.75  Mask:255.252.0.0
2015-02-11T17:34:44.939764-06:00 c0-0c1s2n2          inet6 addr: fe80::201:1ff:fe00:4a/64 Scope:Link
2015-02-11T17:34:44.939776-06:00 c0-0c1s2n2          UP RUNNING NOARP  MTU:65520  Metric:1
2015-02-11T17:34:44.939784-06:00 c0-0c1s2n2          RX packets:21 errors:0 dropped:0 overruns:0 frame:0
2015-02-11T17:34:44.939803-06:00 c0-0c1s2n2          TX packets:28 errors:0 dropped:0 overruns:0 carrier:0
2015-02-11T17:34:44.939813-06:00 c0-0c1s2n2          collisions:0 txqueuelen:1000 
2015-02-11T17:34:44.939826-06:00 c0-0c1s2n2          RX bytes:2496 (2.4 KiB)  TX bytes:2540 (2.4 KiB)
2015-02-11T17:34:44.939834-06:00 c0-0c1s2n2 lo        Link encap:Local Loopback  
2015-02-11T17:34:44.939843-06:00 c0-0c1s2n2          inet addr:127.0.0.1  Mask:255.0.0.0
2015-02-11T17:34:44.939858-06:00 c0-0c1s2n2          inet6 addr: ::1/128 Scope:Host
2015-02-11T17:34:44.939867-06:00 c0-0c1s2n2          UP LOOPBACK RUNNING  MTU:16436  Metric:1
2015-02-11T17:34:44.964326-06:00 c0-0c1s2n2          RX packets:0 errors:0 dropped:0 overruns:0 frame:0
2015-02-11T17:34:44.964473-06:00 c0-0c1s2n2          TX packets:0 errors:0 dropped:0 overruns:0 carrier:0
2015-02-11T17:34:44.964492-06:00 c0-0c1s2n2          collisions:0 txqueuelen:0 
2015-02-11T17:34:44.965065-06:00 c0-0c1s2n2          RX bytes:0 (0.0 B)  TX bytes:0 (0.0 B)
2015-02-11T17:34:44.990407-06:00 c0-0c1s2n2 Mounting NID specific /etc (nid=74)...
2015-02-11T17:34:44.990415-06:00 c0-0c1s2n2 done.
2015-02-11T17:34:45.077800-06:00 c0-0c1s2n2 INIT: version 2.86 booting
2015-02-11T17:34:45.128119-06:00 c0-0c1s2n2 System Boot Control: Running /etc/init.d/boot
2015-02-11T17:34:45.128184-06:00 c0-0c1s2n2 Mounting sysfs at /sys7[?25l
2015-02-11T17:34:45.128191-06:00 c0-0c1s2n2 [80C[10D[1;32mdone[m8[?25h
2015-02-11T17:34:45.128250-06:00 c0-0c1s2n2 Copying static /dev content7[?25l
2015-02-11T17:34:45.128261-06:00 c0-0c1s2n2 [80C[10D[1;32mdone[m8[?25h
2015-02-11T17:34:45.128301-06:00 c0-0c1s2n2 Mounting tmpfs at /dev/shm7[?25l
2015-02-11T17:34:45.128309-06:00 c0-0c1s2n2 [80C[10D[1;32mdone[m8[?25h
2015-02-11T17:34:45.153118-06:00 c0-0c1s2n2 Mounting devpts at /dev/pts7[?25l
2015-02-11T17:34:45.153138-06:00 c0-0c1s2n2 [80C[10D[1;32mdone[m8[?25h
2015-02-11T17:34:45.178370-06:00 c0-0c1s2n2 Boot logging started on /dev/ttyS0(/dev/console) at Wed Feb 11 17:34:38 2015
2015-02-11T17:34:45.203763-06:00 c0-0c1s2n2 Mounting debugfs at /sys/kernel/debug7[?25l
2015-02-11T17:34:45.203771-06:00 c0-0c1s2n2 [80C[10D[1;32mdone[m8[?25h
2015-02-11T17:34:45.279429-06:00 c0-0c1s2n2 [m[?25hNo efivars filesystem driver available.[m[?25hStarting udevd: udev: starting version 147
2015-02-11T17:34:45.279465-06:00 c0-0c1s2n2 7[?25l
2015-02-11T17:34:45.279472-06:00 c0-0c1s2n2 [80C[10D[1;32mdone[m8[?25h
2015-02-11T17:34:45.330033-06:00 c0-0c1s2n2 Loading drivers, configuring devices: usbcore: registered new interface driver usbfs
2015-02-11T17:34:45.330111-06:00 c0-0c1s2n2 ahci 0000:00:1f.2: PCI INT B -> GSI 19 (level, low) -> IRQ 19
2015-02-11T17:34:45.354992-06:00 c0-0c1s2n2 usbcore: registered new interface driver hub
2015-02-11T17:34:45.355120-06:00 c0-0c1s2n2 ahci 0000:00:1f.2: forcing PORTS_IMPL to 0x3f
2015-02-11T17:34:45.355232-06:00 c0-0c1s2n2 ahci 0000:00:1f.2: AHCI 0001.0300 32 slots 6 ports 6 Gbps 0x3f impl SATA mode
2015-02-11T17:34:45.380466-06:00 c0-0c1s2n2 ahci 0000:00:1f.2: flags: 64bit ncq sntf pm led clo pio slum part ems apst 
2015-02-11T17:34:45.380500-06:00 c0-0c1s2n2 scsi0 : ahci
2015-02-11T17:34:45.405591-06:00 c0-0c1s2n2 usbcore: registered new device driver usb
2015-02-11T17:34:45.405600-06:00 c0-0c1s2n2 scsi1 : ahci
2015-02-11T17:34:45.405620-06:00 c0-0c1s2n2 scsi2 : ahci
2015-02-11T17:34:45.405673-06:00 c0-0c1s2n2 scsi3 : ahci
2015-02-11T17:34:45.405753-06:00 c0-0c1s2n2 scsi4 : ahci
2015-02-11T17:34:45.405788-06:00 c0-0c1s2n2 scsi5 : ahci
2015-02-11T17:34:45.430707-06:00 c0-0c1s2n2 ata2: SATA max UDMA/133 abar m2048@0xfbf00000 port 0xfbf00100 irq 164
2015-02-11T17:34:45.430970-06:00 c0-0c1s2n2 ata3: SATA max UDMA/133 abar m2048@0xfbf00000 port 0xfbf00180 irq 164
2015-02-11T17:34:45.431047-06:00 c0-0c1s2n2 ata4: SATA max UDMA/133 abar m2048@0xfbf00000 port 0xfbf00200 irq 164
2015-02-11T17:34:45.455944-06:00 c0-0c1s2n2 ata5: SATA max UDMA/133 abar m2048@0xfbf00000 port 0xfbf00280 irq 164
2015-02-11T17:34:45.456174-06:00 c0-0c1s2n2 ata6: SATA max UDMA/133 abar m2048@0xfbf00000 port 0xfbf00300 irq 164
2015-02-11T17:34:45.506398-06:00 c0-0c1s2n2 ata7: SATA max UDMA/133 abar m2048@0xfbf00000 port 0xfbf00380 irq 164
2015-02-11T17:34:45.506537-06:00 c0-0c1s2n2 ehci_hcd: USB 2.0 'Enhanced' Host Controller (EHCI) Driver
2015-02-11T17:34:45.506626-06:00 c0-0c1s2n2 ehci_hcd 0000:00:1a.0: PCI INT A -> GSI 16 (level, low) -> IRQ 16
2015-02-11T17:34:45.506685-06:00 c0-0c1s2n2 ehci_hcd 0000:00:1a.0: EHCI Host Controller
2015-02-11T17:34:45.531666-06:00 c0-0c1s2n2 ehci_hcd 0000:00:1a.0: new USB bus registered, assigned bus number 1
2015-02-11T17:34:45.531774-06:00 c0-0c1s2n2 ehci_hcd 0000:00:1a.0: debug port 2
2015-02-11T17:34:45.531917-06:00 c0-0c1s2n2 ehci_hcd 0000:00:1a.0: irq 16, io mem 0xfbf02000
2015-02-11T17:34:45.556978-06:00 c0-0c1s2n2 ehci_hcd 0000:00:1a.0: USB 2.0 started, EHCI 1.00
2015-02-11T17:34:45.557039-06:00 c0-0c1s2n2 hub 1-0:1.0: USB hub found
2015-02-11T17:34:45.557087-06:00 c0-0c1s2n2 hub 1-0:1.0: 2 ports detected
2015-02-11T17:34:45.607338-06:00 c0-0c1s2n2 ehci_hcd 0000:00:1d.0: PCI INT A -> GSI 23 (level, low) -> IRQ 23
2015-02-11T17:34:45.607393-06:00 c0-0c1s2n2 ehci_hcd 0000:00:1d.0: EHCI Host Controller
2015-02-11T17:34:45.607513-06:00 c0-0c1s2n2 ehci_hcd 0000:00:1d.0: new USB bus registered, assigned bus number 2
2015-02-11T17:34:45.607572-06:00 c0-0c1s2n2 ehci_hcd 0000:00:1d.0: debug port 2
2015-02-11T17:34:45.632948-06:00 c0-0c1s2n2 ehci_hcd 0000:00:1d.0: irq 23, io mem 0xfbf01000
2015-02-11T17:34:45.633096-06:00 c0-0c1s2n2 ehci_hcd 0000:00:1d.0: USB 2.0 started, EHCI 1.00
2015-02-11T17:34:45.633126-06:00 c0-0c1s2n2 hub 2-0:1.0: USB hub found
2015-02-11T17:34:45.658094-06:00 c0-0c1s2n2 hub 2-0:1.0: 2 ports detected
2015-02-11T17:34:45.901014-06:00 c0-0c1s2n2 usb 1-1: new high-speed USB device number 2 using ehci_hcd
2015-02-11T17:34:46.052141-06:00 c0-0c1s2n2 hub 1-1:1.0: USB hub found
2015-02-11T17:34:46.052186-06:00 c0-0c1s2n2 hub 1-1:1.0: 6 ports detected
2015-02-11T17:34:46.178266-06:00 c0-0c1s2n2 usb 2-1: new high-speed USB device number 2 using ehci_hcd
2015-02-11T17:34:46.304358-06:00 c0-0c1s2n2 hub 2-1:1.0: USB hub found
2015-02-11T17:34:46.329572-06:00 c0-0c1s2n2 hub 2-1:1.0: 8 ports detected
2015-02-11T17:34:46.430551-06:00 c0-0c1s2n2 ata2: failed to resume link (SControl 0)
2015-02-11T17:34:46.430652-06:00 c0-0c1s2n2 ata2: SATA link down (SStatus 0 SControl 0)
2015-02-11T17:34:46.455757-06:00 c0-0c1s2n2 ata4: failed to resume link (SControl 0)
2015-02-11T17:34:46.455834-06:00 c0-0c1s2n2 ata4: SATA link down (SStatus 0 SControl 0)
2015-02-11T17:34:46.455877-06:00 c0-0c1s2n2 ata6: failed to resume link (SControl 0)
2015-02-11T17:34:46.455932-06:00 c0-0c1s2n2 ata6: SATA link down (SStatus 0 SControl 0)
2015-02-11T17:34:46.455982-06:00 c0-0c1s2n2 ata7: failed to resume link (SControl 0)
2015-02-11T17:34:46.456027-06:00 c0-0c1s2n2 ata7: SATA link down (SStatus 0 SControl 0)
2015-02-11T17:34:46.481037-06:00 c0-0c1s2n2 ata5: failed to resume link (SControl 0)
2015-02-11T17:34:46.481163-06:00 c0-0c1s2n2 ata5: SATA link down (SStatus 0 SControl 0)
2015-02-11T17:34:46.481263-06:00 c0-0c1s2n2 ata3: failed to resume link (SControl 0)
2015-02-11T17:34:46.506245-06:00 c0-0c1s2n2 ata3: SATA link down (SStatus 0 SControl 0)
2015-02-11T17:34:46.506405-06:00 c0-0c1s2n2 7[?25l
2015-02-11T17:34:46.506411-06:00 c0-0c1s2n2 [80C[10D[1;32mdone[m8[?25h
2015-02-11T17:34:46.607227-06:00 c0-0c1s2n2 [m[?25hMounting /var from 10.131.255.254. Checking for nid=74 existance.
2015-02-11T17:34:46.758538-06:00 c0-0c1s2n2 7[?25l
2015-02-11T17:34:46.758553-06:00 c0-0c1s2n2 [80C[10D[1;32mdone[m8[?25h
2015-02-11T17:34:46.783789-06:00 c0-0c1s2n2 Mounting tmpfs on /tmp7[?25l
2015-02-11T17:34:46.783795-06:00 c0-0c1s2n2 [80C[10D[1;32mdone[m8[?25h
2015-02-11T17:34:46.783853-06:00 c0-0c1s2n2 Running sysctl using values from /etc/sysctl.conf
2015-02-11T17:34:46.783909-06:00 c0-0c1s2n2 net.ipv4.icmp_echo_ignore_broadcasts = 1
2015-02-11T17:34:46.783933-06:00 c0-0c1s2n2 net.ipv4.conf.all.rp_filter = 1
2015-02-11T17:34:46.783966-06:00 c0-0c1s2n2 fs.inotify.max_user_watches = 65536
2015-02-11T17:34:46.808994-06:00 c0-0c1s2n2 net.ipv4.conf.default.promote_secondaries = 1
2015-02-11T17:34:46.809025-06:00 c0-0c1s2n2 net.ipv4.conf.all.promote_secondaries = 1
2015-02-11T17:34:46.809072-06:00 c0-0c1s2n2 vm.min_free_kbytes = 102400
2015-02-11T17:34:46.809107-06:00 c0-0c1s2n2 7[?25l
2015-02-11T17:34:46.809113-06:00 c0-0c1s2n2 [80C[10D[1;32mdone[m8[?25h
2015-02-11T17:34:46.809181-06:00 c0-0c1s2n2 [m[?25hActivating swap-devices in /etc/fstab...
2015-02-11T17:34:46.809297-06:00 c0-0c1s2n2 7[?25l[1A
2015-02-11T17:34:46.809305-06:00 c0-0c1s2n2 [80C[10D[1;32mdone[m8[?25hroot file system (/) is NOT being checked.
2015-02-11T17:34:47.158187-06:00 c0-0c1s2n2 [m[?25hSet System Time to the current Hardware Clock7[?25l
2015-02-11T17:34:47.158195-06:00 c0-0c1s2n2 [80C[10D[1;32mdone[m8[?25h
2015-02-11T17:34:47.183319-06:00 c0-0c1s2n2 [m[?25hActivating device mapper...
2015-02-11T17:34:47.208495-06:00 c0-0c1s2n2 device-mapper: ioctl: 4.23.0-ioctl (2012-07-25) initialised: dm-devel@redhat.com
2015-02-11T17:34:47.208531-06:00 c0-0c1s2n2 7[?25l
2015-02-11T17:34:47.208536-06:00 c0-0c1s2n2 [80C[10D[1;32mdone[m8[?25h
2015-02-11T17:34:47.233714-06:00 c0-0c1s2n2 [m[?25hLoading required kernel modules
2015-02-11T17:34:47.259028-06:00 c0-0c1s2n2 7[?25l[1A
2015-02-11T17:34:47.259035-06:00 c0-0c1s2n2 [80C[10D[1;32mdone[m8[?25h[m[?25h[m[?25hWaiting for udev to settle...
2015-02-11T17:34:47.259129-06:00 c0-0c1s2n2 Scanning for LVM volume groups...
2015-02-11T17:34:47.284238-06:00 c0-0c1s2n2  Reading all physical volumes.  This may take a while...
2015-02-11T17:34:47.284269-06:00 c0-0c1s2n2  No volume groups found
2015-02-11T17:34:47.284304-06:00 c0-0c1s2n2  No volume groups found
2015-02-11T17:34:47.284316-06:00 c0-0c1s2n2 Activating LVM volume groups...
2015-02-11T17:34:47.284349-06:00 c0-0c1s2n2  PARTIAL MODE. Incomplete logical volumes will be processed.
2015-02-11T17:34:47.284371-06:00 c0-0c1s2n2  No volume groups found
2015-02-11T17:34:47.284384-06:00 c0-0c1s2n2 7[?25l
2015-02-11T17:34:47.284396-06:00 c0-0c1s2n2 [80C[10D[1;32mdone[m8[?25h
2015-02-11T17:34:47.309444-06:00 c0-0c1s2n2 [m[?25hNo fibre channel cards present.  Not waiting for disk devices. 
2015-02-11T17:34:47.334977-06:00 c0-0c1s2n2 [m[?25hChecking file systems...
2015-02-11T17:34:47.335066-06:00 c0-0c1s2n2 fsck from util-linux 2.19.1
2015-02-11T17:34:47.335077-06:00 c0-0c1s2n2 Checking all file systems.
2015-02-11T17:34:47.359952-06:00 c0-0c1s2n2 7[?25l[1A
2015-02-11T17:34:47.359962-06:00 c0-0c1s2n2 [80C[10D[1;32mdone[m8[?25hMounting local file systems...
2015-02-11T17:34:47.385166-06:00 c0-0c1s2n2 nothing was mounted
2015-02-11T17:34:47.647617-06:00 c0-0c1s2n2 7[?25l[1A
2015-02-11T17:34:47.647630-06:00 c0-0c1s2n2 [80C[10D[1;32mdone[m8[?25h[m[?25hCheck if the profiles matches the system7[?25l
2015-02-11T17:34:47.647635-06:00 c0-0c1s2n2 [80C[10D[1;32mdone[m8[?25h
2015-02-11T17:34:47.647662-06:00 c0-0c1s2n2 [m[?25hEnabling monitoring on LVM volume groups...
2015-02-11T17:34:47.672896-06:00 c0-0c1s2n2  No volume groups found
2015-02-11T17:34:47.672932-06:00 c0-0c1s2n2 7[?25l
2015-02-11T17:34:47.672941-06:00 c0-0c1s2n2 [80C[10D[1;32mdone[m8[?25h
2015-02-11T17:34:47.698360-06:00 c0-0c1s2n2 [m[?25h[m[?25h[m[?25h[m[?25h[m[?25hTurning quota on
2015-02-11T17:34:47.723431-06:00 c0-0c1s2n2 Checking quotas. This may take some time.
2015-02-11T17:34:47.723472-06:00 c0-0c1s2n2 7[?25l
2015-02-11T17:34:47.723480-06:00 c0-0c1s2n2 [80C[10D[1;32mdone[m8[?25h
2015-02-11T17:34:47.748620-06:00 c0-0c1s2n2 [m[?25hSetting current sysctl status from /etc/sysctl.conf7[?25l
2015-02-11T17:34:47.748638-06:00 c0-0c1s2n2 [80C[10D[1;32mdone[m8[?25h
2015-02-11T17:34:47.925267-06:00 c0-0c1s2n2 [m[?25hATTENTION: You have modified /etc/resolv.conf.  Leaving it untouched...
2015-02-11T17:34:47.925321-06:00 c0-0c1s2n2 You can find my version in /tmp/resolv.conf.GlXm9v ...
2015-02-11T17:34:47.925332-06:00 c0-0c1s2n2 touch: cannot touch `/etc/yp.conf': Read-only file system
2015-02-11T17:34:47.925347-06:00 c0-0c1s2n2 chmod: cannot access `/etc/yp.conf': No such file or directory
2015-02-11T17:34:47.925409-06:00 c0-0c1s2n2 touch: cannot touch `/etc/yp.conf': Read-only file system
2015-02-11T17:34:47.950536-06:00 c0-0c1s2n2 [m[?25hSystem Boot Control: The system has been 
2015-02-11T17:34:47.950552-06:00 c0-0c1s2n2 [80C[10D[1mset up[m
2015-02-11T17:34:47.950629-06:00 c0-0c1s2n2 Skipped features: [80C[19D[1;33mboot.efivars[m
2015-02-11T17:34:47.950661-06:00 c0-0c1s2n2 System Boot Control: Running /etc/init.d/boot.local
2015-02-11T17:34:47.950685-06:00 c0-0c1s2n2 7[?25l[1A
2015-02-11T17:34:47.950701-06:00 c0-0c1s2n2 [8
2015-02-11T17:34:47.950707-06:00 c0-0c1s2n2 INIT: Entering runlevel: 3
2015-02-11T17:34:48.026209-06:00 c0-0c1s2n2 Master Resource Control: previous runlevel: N, switching to runlevel: 
2015-02-11T17:34:48.026219-06:00 c0-0c1s2n2 [80C[10D[1m3[m
2015-02-11T17:34:48.026252-06:00 c0-0c1s2n2 Starting batchlimitd
2015-02-11T17:34:48.051458-06:00 c0-0c1s2n2 [m[?25hLoading nic compatibility device7[?25l
2015-02-11T17:34:48.051464-06:00 c0-0c1s2n2 [80C[10D[1;32mdone[m8[?25h
2015-02-11T17:34:48.177942-06:00 c0-0c1s2n2 [m[?25hbpmcd_init: Power statistics available in /sys/cray
2015-02-11T17:34:48.253679-06:00 c0-0c1s2n2 [m[?25hStarting D-Bus daemon7[?25l
2015-02-11T17:34:48.253688-06:00 c0-0c1s2n2 [80C[10D[1;32mdone[m8[?25h
2015-02-11T17:34:48.278874-06:00 c0-0c1s2n2 [m[?25hiSCSI Enterprise Target Software - version trunk
2015-02-11T17:34:48.278906-06:00 c0-0c1s2n2 iscsi_trgt: Registered io type fileio
2015-02-11T17:34:48.278950-06:00 c0-0c1s2n2 iscsi_trgt: Registered io type blockio
2015-02-11T17:34:48.304137-06:00 c0-0c1s2n2 iscsi_trgt: Registered io type nullio
2015-02-11T17:34:48.304273-06:00 c0-0c1s2n2 [m[?25hLNet: HW CPU cores: 16, npartitions: 4
2015-02-11T17:34:53.604010-06:00 c0-0c1s2n2 /etc/init.d/rc3.d/S01lnet: line 179: lctl: command not found
2015-02-11T17:34:53.604018-06:00 c0-0c1s2n2 [m[?25hRemoving old kernel packages...
2015-02-11T17:34:53.604024-06:00 c0-0c1s2n2 rm: cannot remove `/boot/do_purge_kernels': Read-only file system
2015-02-11T17:34:53.604034-06:00 c0-0c1s2n2 /sbin/purge-kernels: multiversion.kernels not configured in /etc/zypp/zypp.conf, exiting.
2015-02-11T17:34:53.604040-06:00 c0-0c1s2n2 7[?25l
2015-02-11T17:34:53.604049-06:00 c0-0c1s2n2 [80C[10D[1;32mdone[m8[?25h
2015-02-11T17:34:53.604055-06:00 c0-0c1s2n2 [m[?25hInitializing random number generator7[?25l
2015-02-11T17:34:53.604075-06:00 c0-0c1s2n2 [80C[10D[1;32mdone[m8[?25h
2015-02-11T17:34:53.604082-06:00 c0-0c1s2n2 [m[?25hCompat-rdma backport release: ac916cb
2015-02-11T17:34:53.604090-06:00 c0-0c1s2n2 Backport based on git://git.openfabrics.org/compat-rdma/compat.git 5268562
2015-02-11T17:34:53.604098-06:00 c0-0c1s2n2 compat.git: git://git.openfabrics.org/compat-rdma/compat.git
2015-02-11T17:34:53.691318-06:00 c0-0c1s2n2 Loading HCA driver and Access Layer:[60G[  [1;32mOK[0;39m  ]
2015-02-11T17:34:53.691332-06:00 c0-0c1s2n2 Setting up InfiniBand network interfaces:
2015-02-11T17:34:53.716377-06:00 c0-0c1s2n2 Setting up service network . . .[60G[  [0;39mdone[0;39m  ]
2015-02-11T17:34:53.867969-06:00 c0-0c1s2n2 [m[?25hSetting up (localfs) network interfaces:
2015-02-11T17:34:54.019270-06:00 c0-0c1s2n2    lo        
2015-02-11T17:34:54.044646-06:00 c0-0c1s2n2    lo        IP address: 127.0.0.1/8   
2015-02-11T17:34:54.044715-06:00 c0-0c1s2n2              IP address: 127.0.0.2/8   
2015-02-11T17:34:54.196313-06:00 c0-0c1s2n2 7[?25l[1A
2015-02-11T17:34:54.196329-06:00 c0-0c1s2n2 [80C[10D[1;32mdone[m8[?25h    ipogif0   
2015-02-11T17:34:54.196402-06:00 c0-0c1s2n2              No configuration found for ipogif0
2015-02-11T17:34:54.221565-06:00 c0-0c1s2n2 7[?25l[1A
2015-02-11T17:34:54.221584-06:00 c0-0c1s2n2 [80C[10D[1munused[m8[?25hSetting up service (localfs) network  .  .  .  .  .  .  .  .  .  .7[?25l
2015-02-11T17:34:54.221590-06:00 c0-0c1s2n2 [80C[10D[1;32mdone[m8[?25h
2015-02-11T17:34:54.246917-06:00 c0-0c1s2n2 [m[?25hCould not start BND as this is not the boot node.
2015-02-11T17:34:54.246943-06:00 c0-0c1s2n2 bootnodes are: 1 1 
2015-02-11T17:34:54.246971-06:00 c0-0c1s2n2 mynid=74
2015-02-11T17:34:54.313451-06:00 c0-0c1s2n2 [m[?25hS04cray-config-service: Mounting 9p configuration directory. 
2015-02-11T17:34:55.301640-06:00 c0-0c1s2n2 S04cray-config-service:   Success.  
2015-02-11T17:34:55.352103-06:00 c0-0c1s2n2 [m[?25h[m[?25hStarting hw_info_init on 74
2015-02-11T17:34:55.352125-06:00 c0-0c1s2n2 bootnodes are: 1 1 
2015-02-11T17:34:55.377368-06:00 c0-0c1s2n2 mynid=74
2015-02-11T17:34:55.767987-06:00 c0-0c1s2n2 [m[?25h[m[?25h 
2015-02-11T17:34:55.768041-06:00 c0-0c1s2n2 cray-syslog: **WARNING**  /etc/security/limits.conf MAY require hard and soft file limits 
2015-02-11T17:34:55.768073-06:00 c0-0c1s2n2 cray-syslog:              greater or equal to 8192 for proper LLM operation 
2015-02-11T17:34:55.793224-06:00 c0-0c1s2n2 cray-syslog:              when large number of jobs are launched concurrently.
2015-02-11T17:34:55.793433-06:00 c0-0c1s2n2 cray-syslog:              If you have failures running large number of concurrent jobs,
2015-02-11T17:34:55.793628-06:00 c0-0c1s2n2 cray-syslog:              you may wish to update the hard and soft nofile entries in 
2015-02-11T17:34:55.793651-06:00 c0-0c1s2n2 cray-syslog:              limits.conf as follows.
2015-02-11T17:34:55.793659-06:00 c0-0c1s2n2 
2015-02-11T17:34:55.793762-06:00 c0-0c1s2n2 cray-syslog: /etc/security/limits.conf: 
2015-02-11T17:34:55.793807-06:00 c0-0c1s2n2 cray-syslog: *  soft  nofile  8192
2015-02-11T17:34:55.793840-06:00 c0-0c1s2n2 cray-syslog: *  hard  nofile  8192
2015-02-11T17:34:55.793864-06:00 c0-0c1s2n2 
2015-02-11T17:34:56.795854-06:00 c0-0c1s2n2 cray-syslog: rsyslogd started as process 6737.
2015-02-11T17:34:57.816464-06:00 c0-0c1s2n2 cray-syslog: llmrd started as process  6750.
2015-02-11T17:34:57.867121-06:00 c0-0c1s2n2 [m[?25h[m[?25hStarting auditd startproc:  exit status of parent of /sbin/auditd: 6
2015-02-11T17:34:57.892255-06:00 c0-0c1s2n2 7[?25l
2015-02-11T17:34:57.892265-06:00 c0-0c1s2n2 [80C[10D[1;32mdone[m8[?25h
2015-02-11T17:34:57.993289-06:00 c0-0c1s2n2 [m[?25hStarting haveged daemon 7[?25l
2015-02-11T17:34:57.993296-06:00 c0-0c1s2n2 [80C[10D[1;32mdone[m8[?25h
2015-02-11T17:34:58.018694-06:00 c0-0c1s2n2 [m[?25hStarting rpcbind 7[?25l
2015-02-11T17:34:58.018700-06:00 c0-0c1s2n2 [80C[10D[1;32mdone[m8[?25h
2015-02-11T17:34:58.043962-06:00 c0-0c1s2n2 [m[?25hbootnodes are: 1 1 
2015-02-11T17:34:58.044016-06:00 c0-0c1s2n2 mynid=74
2015-02-11T17:34:58.069246-06:00 c0-0c1s2n2 [m[?25hNot starting NFS client services - no NFS found in /etc/fstab:
2015-02-11T17:34:58.069264-06:00 c0-0c1s2n2 [80C[10D[1munused[m
2015-02-11T17:34:58.094651-06:00 c0-0c1s2n2 [m[?25hStarting DVS service: DVS: Revision 1873 - Built: Sep 17 2014 @ 06:40:29 for lnet version 2.5
2015-02-11T17:34:58.145433-06:00 c0-0c1s2n2 Lustre: kgnilnd build version: 2.5-trunk-1.0502.17198.8.51-abuild-RB-5.2UP02_2.5.1-2014-09-17-06:59
2015-02-11T17:34:58.221151-06:00 c0-0c1s2n2 LNet: Added LNI 74@gni [16/512/0/0]
2015-02-11T17:34:59.239987-06:00 c0-0c1s2n2 7[?25l
2015-02-11T17:34:59.239993-06:00 c0-0c1s2n2 [80C[10D[1;32mdone[m8[?25h
2015-02-11T17:34:59.341464-06:00 c0-0c1s2n2 [m[?25hStarting java.binfmt_misc 7[?25l
2015-02-11T17:34:59.341469-06:00 c0-0c1s2n2 [80C[10D[1;32mdone[m8[?25h
2015-02-11T17:34:59.341849-06:00 c0-0c1s2n2 [m[?25hStarting mcelog... 7[?25l
2015-02-11T17:34:59.341857-06:00 c0-0c1s2n2 [80C[10D[1;32mdone[m8[?25h
2015-02-11T17:34:59.417273-06:00 c0-0c1s2n2 [m[?25hSetting up (remotefs) network interfaces:
2015-02-11T17:34:59.543342-06:00 c0-0c1s2n2    sit0      
2015-02-11T17:34:59.543360-06:00 c0-0c1s2n2              No configuration found for sit0
2015-02-11T17:34:59.568580-06:00 c0-0c1s2n2 7[?25l[1A
2015-02-11T17:34:59.568591-06:00 c0-0c1s2n2 [80C[10D[1munused[m8[?25hSetting up service (remotefs) network  .  .  .  .  .  .  .  .  .  .7[?25l
2015-02-11T17:34:59.568603-06:00 c0-0c1s2n2 [80C[10D[1;32mdone[m8[?25h
2015-02-11T17:34:59.619107-06:00 c0-0c1s2n2 [80C[10D[1;32mdone[m8[?25h
2015-02-11T17:34:59.644343-06:00 c0-0c1s2n2 [m[?25hsdbnodes are: 137 137 
2015-02-11T17:34:59.644453-06:00 c0-0c1s2n2 mynid=74
2015-02-11T17:34:59.720118-06:00 c0-0c1s2n2 [m[?25hStarting network time protocol daemon (NTPD)7[?25l
2015-02-11T17:34:59.720126-06:00 c0-0c1s2n2 [80C[10D[1;32mdone[m8[?25h
2015-02-11T17:34:59.806705-06:00 c0-0c1s2n2 [m[?25hStarting MUNGE: munged7[?25l
2015-02-11T17:34:59.806717-06:00 c0-0c1s2n2 [80C[10D[1;32mdone[m8[?25h
2015-02-11T17:34:59.869777-06:00 c0-0c1s2n2 [m[?25h[m[?25h[m[?25hStarting Name Service Cache Daemon7[?25l
2015-02-11T17:34:59.869785-06:00 c0-0c1s2n2 [80C[10D[1;32mdone[m8[?25h
2015-02-11T17:34:59.869796-06:00 c0-0c1s2n2 [m[?25hEnabling Linux Jobs
2015-02-11T17:34:59.945312-06:00 c0-0c1s2n2 [m[?25hStarting alps services
2015-02-11T17:35:00.450000-06:00 c0-0c1s2n2 mkdir: cannot create directory `/ufs/alps_shared': Read-only file system
2015-02-11T17:35:00.450009-06:00 c0-0c1s2n2 no ALPS daemon will be started on node nid00074.
2015-02-11T17:35:00.971042-06:00 c0-0c1s2n2 [m[?25h<node_health> Starting node_health_recovery
2015-02-11T17:35:00.996328-06:00 c0-0c1s2n2 [m[?25hsdbnodes are: 137 137 
2015-02-11T17:35:00.996341-06:00 c0-0c1s2n2 mynid=74
2015-02-11T17:35:01.021627-06:00 c0-0c1s2n2 [m[?25hBoot event: Starting
2015-02-11T17:35:01.021706-06:00 c0-0c1s2n2 blogd: no message logging because /var file system is not accessible
2015-02-11T17:35:01.021829-06:00 c0-0c1s2n2 Sending ec_node_info with boot code 8 (NODE_INFO_OS_BOOT_SUCCEEDED) for nid 74
2015-02-11T17:35:01.021868-06:00 c0-0c1s2n2 [m[?25hMaster Resource Control: runlevel 3 has been 
2015-02-11T17:35:01.021877-06:00 c0-0c1s2n2 [80C[10D[1mreached[m
2015-02-11T17:35:01.021902-06:00 c0-0c1s2n2 Failed services in runlevel 3: [80C[11D[1;31mlnet[m
2015-02-11T17:35:01.021934-06:00 c0-0c1s2n2 Skipped services in runlevel 3: [80C[10D[1;33mnfs[m
2015-02-11T17:35:01.021951-06:00 c0-0c1s2n2 INIT: no more processes left in this runlevel
2015-02-12T14:34:25.882108-06:00 c0-0c1s2n2 INIT: Switching to runlevel: 0
2015-02-12T14:34:25.882496-06:00 c0-0c1s2n2 Boot logging started on /dev/ttyS0((no tty)) at Thu Feb 12 14:34:25 2015
2015-02-12T14:34:25.882701-06:00 c0-0c1s2n2 Master Resource Control: previous runlevel: 3, switching to runlevel: 
2015-02-12T14:34:25.882709-06:00 c0-0c1s2n2 [80C[10D[1m0[m
2015-02-12T14:34:25.907517-06:00 c0-0c1s2n2 sdbnodes are: 137 137 
2015-02-12T14:34:25.907601-06:00 c0-0c1s2n2 mynid=74
2015-02-12T14:34:25.944251-06:00 c0-0c1s2n2 [m[?25hBoot event: Nothing to stop.
2015-02-12T14:34:25.944727-06:00 c0-0c1s2n2 [m[?25hShutting down auditd 7[?25l
2015-02-12T14:34:25.944735-06:00 c0-0c1s2n2 [80C[10D[1;32mdone[m8[?25h
2015-02-12T14:34:25.984240-06:00 c0-0c1s2n2 [m[?25hStopping batchlimitd
2015-02-12T14:34:25.984540-06:00 c0-0c1s2n2 [m[?25hCould not start BND as this is not the boot node.
2015-02-12T14:34:25.984715-06:00 c0-0c1s2n2 bootnodes are: 1 1 
2015-02-12T14:34:25.984728-06:00 c0-0c1s2n2 mynid=74
2015-02-12T14:34:26.033473-06:00 c0-0c1s2n2 [m[?25hK02cray-config-service: Unmounting the configuration directory. 
2015-02-12T14:34:27.010988-06:00 c0-0c1s2n2 K02cray-config-service:   Success.  
2015-02-12T14:34:27.061429-06:00 c0-0c1s2n2 [m[?25hUnloading nic compatibility device7[?25l
2015-02-12T14:34:27.061438-06:00 c0-0c1s2n2 [80C[10D[1;32mdone[m8[?25h
2015-02-12T14:34:27.061588-06:00 c0-0c1s2n2 [m[?25hbpmcd_exit: No local access to power statistics
2015-02-12T14:34:29.244158-06:00 c0-0c1s2n2 [m[?25hStopping DVS service: LNet: 6867:0:(gnilnd.c:761:kgnilnd_complete_closed_conn()) Closed conn 0xffff88100b4acc00->2@gni (errno -108, peer errno 0): canceled 1 TX, 0/0 RDMA
2015-02-12T14:34:31.837571-06:00 c0-0c1s2n2 LNet: Removed LNI 74@gni
2015-02-12T14:34:33.790765-06:00 c0-0c1s2n2 7[?25l
2015-02-12T14:34:33.790775-06:00 c0-0c1s2n2 [80C[10D[1;32mdone[m8[?25h
2015-02-12T14:34:33.866393-06:00 c0-0c1s2n2 [m[?25hShutting down haveged daemon 7[?25l
2015-02-12T14:34:33.866402-06:00 c0-0c1s2n2 [80C[10D[1;32mdone[m8[?25h
2015-02-12T14:34:33.916873-06:00 c0-0c1s2n2 [m[?25hStarting hw_info_init on 74
2015-02-12T14:34:33.916903-06:00 c0-0c1s2n2 bootnodes are: 1 1 
2015-02-12T14:34:33.916972-06:00 c0-0c1s2n2 mynid=74
2015-02-12T14:34:33.967297-06:00 c0-0c1s2n2 [m[?25h[m[?25hShutting down java.binfmt_misc 7[?25l
2015-02-12T14:34:33.967306-06:00 c0-0c1s2n2 [80C[10D[1;32mdone[m8[?25h
2015-02-12T14:34:38.977420-06:00 c0-0c1s2n2 [m[?25hERROR: Module lnet has non-zero reference count.
2015-02-12T14:34:39.079813-06:00 c0-0c1s2n2 [m[?25hShutting down mcelog... 7[?25l
2015-02-12T14:34:39.079823-06:00 c0-0c1s2n2 [80C[10D[1;32mdone[m8[?25h
2015-02-12T14:34:39.155488-06:00 c0-0c1s2n2 [m[?25hStopping MUNGE: munged7[?25l
2015-02-12T14:34:39.155497-06:00 c0-0c1s2n2 [80C[10D[1;32mdone[m8[?25h
2015-02-12T14:34:39.180803-06:00 c0-0c1s2n2 [m[?25h<node_health> Stopping node_health_recovery
2015-02-12T14:34:39.180834-06:00 c0-0c1s2n2 node_health_recovery: no process found
2015-02-12T14:34:39.673409-06:00 c0-0c1s2n2 [m[?25hShutting down Name Service Cache Daemon7[?25l
2015-02-12T14:34:39.673423-06:00 c0-0c1s2n2 [80C[10D[1;32mdone[m8[?25h
2015-02-12T14:34:39.749059-06:00 c0-0c1s2n2 [m[?25h[m[?25h[m[?25h[m[?25hbootnodes are: 1 1 
2015-02-12T14:34:39.774261-06:00 c0-0c1s2n2 mynid=74
2015-02-12T14:34:39.774293-06:00 c0-0c1s2n2 [m[?25hShutting down alps services
2015-02-12T14:34:40.297092-06:00 c0-0c1s2n2 Terminating apsys
2015-02-12T14:34:40.939192-06:00 c0-0c1s2n2 7[?25l
2015-02-12T14:34:40.939200-06:00 c0-0c1s2n2 [80C[10D[1;32mdone[m8[?25h
2015-02-12T14:34:40.939205-06:00 c0-0c1s2n2 [m[?25hNOT Disabling ipogif0
2015-02-12T14:34:40.939210-06:00 c0-0c1s2n2 [m[?25hSaving random seed7[?25l
2015-02-12T14:34:40.939220-06:00 c0-0c1s2n2 [80C[10D[1;32mdone[m8[?25h
2015-02-12T14:34:40.939227-06:00 c0-0c1s2n2 [m[?25h[m[?25hDisabling Linux Jobs
2015-02-12T14:34:40.939237-06:00 c0-0c1s2n2 No new jobs will be created. If Linux Jobs support was loaded
2015-02-12T14:34:40.939248-06:00 c0-0c1s2n2 as a kernel module, you can unload the module once the number of
2015-02-12T14:34:40.939260-06:00 c0-0c1s2n2 running jobs is 0 (zero).  Use the lsmod command to find if job
2015-02-12T14:34:40.939271-06:00 c0-0c1s2n2 module is loaded and the rmmod command to unload it once the
2015-02-12T14:34:40.939281-06:00 c0-0c1s2n2 used-count is 0. The jstat command can be used
2015-02-12T14:34:40.939288-06:00 c0-0c1s2n2 to determine what jobs are currently running.
2015-02-12T14:34:40.939294-06:00 c0-0c1s2n2 jsethid illegal parameter: 0xffffffff
2015-02-12T14:34:40.939304-06:00 c0-0c1s2n2 [m[?25hsdbnodes are: 137 137 
2015-02-12T14:34:40.939309-06:00 c0-0c1s2n2 mynid=74
2015-02-12T14:34:40.939338-06:00 c0-0c1s2n2 [80C[10D[1;32mdone[m8[?25h
2015-02-12T14:34:40.989490-06:00 c0-0c1s2n2 [m[?25hShutting down network time protocol daemon (NTPD)7[?25l
2015-02-12T14:34:40.989496-06:00 c0-0c1s2n2 [80C[10D[1;32mdone[m8[?25h
2015-02-12T14:34:41.090396-06:00 c0-0c1s2n2 [m[?25hShutting down (remotefs) network interfaces:
2015-02-12T14:34:41.115660-06:00 c0-0c1s2n2    sit0      
2015-02-12T14:34:41.140866-06:00 c0-0c1s2n2              No configuration found for sit0 
2015-02-12T14:34:41.140888-06:00 c0-0c1s2n2              Nevertheless the interface will be shut down.
2015-02-12T14:34:41.662840-06:00 c0-0c1s2n2 7[?25l[1A
2015-02-12T14:34:41.662846-06:00 c0-0c1s2n2 [80C[10D[1;32mdone[m8[?25hShutting down service (remotefs) network  .  .  .  .  .  .  .  .  .7[?25l
2015-02-12T14:34:41.662855-06:00 c0-0c1s2n2 [80C[10D[1;32mdone[m8[?25h
2015-02-12T14:34:41.662929-06:00 c0-0c1s2n2 [m[?25hShutting down NFS client services: root filesystem is on NFS
2015-02-12T14:34:41.662937-06:00 c0-0c1s2n2 [80C[10D[1;33mskipped[m
2015-02-12T14:34:41.763732-06:00 c0-0c1s2n2 [m[?25hShutting down rpcbind 7[?25l
2015-02-12T14:34:41.763748-06:00 c0-0c1s2n2 [80C[10D[1;32mdone[m8[?25h
2015-02-12T14:35:12.892166-06:00 c0-0c1s2n2 [m[?25hcray-syslog: Sent shutdown to llmrd at process  6750..nfs: server 10.131.255.254 not responding, still trying
2015-02-12T15:28:37.759684-06:00 c0-0c1s2n2 ERROR: Type:2; Severity:80; Class:3; Subclass:D; Operation: 2
2015-02-12T15:37:08.053037-06:00 c0-0c1s2n2 Wait4Boot: WRITE: 533 bytes to memory @ 0x90CD0 ... complete
2015-02-12T15:37:08.053253-06:00 c0-0c1s2n2 Wait4Boot: Blade Controller Boot Protocol version - 1
2015-02-12T15:37:08.102860-06:00 c0-0c1s2n2 Wait4Boot: JUMP: KernelStart 0x100000, boot_params 0x90000, CmdLineAddr 0x90CD0
2015-02-12T15:37:08.230648-06:00 c0-0c1s2n2 Decompressing Linux... Parsing ELF... done.
2015-02-12T15:37:08.230751-06:00 c0-0c1s2n2 Booting the kernel.
2015-02-12T15:37:08.255512-06:00 c0-0c1s2n2 Initializing cgroup subsys cpuset
2015-02-12T15:37:08.255644-06:00 c0-0c1s2n2 Initializing cgroup subsys cpu
2015-02-12T15:37:08.292085-06:00 c0-0c1s2n2 Linux version 3.0.101-0.31.1_1.0502.8394-cray_ari_s (abuild@cfosbld05) (gcc version 4.3.4 [gcc-4_3-branch revision 152973] (SUSE Linux) ) #1 SMP Wed Sep 10 04:03:41 UTC 2014
2015-02-12T15:37:08.333318-06:00 c0-0c1s2n2 Command line: earlyprintk=serial,115200 load_ramdisk=1 ramdisk_size=80000 console=ttyS0,115200n8 bootnodeip=10.131.255.254 bootproto=ipog bootpath=/rr/current rootfs=nfs-shared root=/dev/disk/by-id/scsi-3600a09800063789e0000008b54c3a04c-part1 oops=panic bootifnetmask=255.252.0.0 elevator=noop ippob1=10 ippob2=128 pcie_ports=native iommu=on intel_iommu=off bad_page=panic pln_enable=off apei_disable hest_disable erst_disable ghes_disable cgroup_disable=memory active_wlm=ALPS sdbnodeip=10.131.255.253 sessionid=p0-20150212t152812 _cray=marker_ 
2015-02-12T15:37:08.372827-06:00 c0-0c1s2n2 KERNEL supported cpus:
2015-02-12T15:37:08.372985-06:00 c0-0c1s2n2  Intel GenuineIntel
2015-02-12T15:37:08.373160-06:00 c0-0c1s2n2 BIOS-provided physical RAM map:
2015-02-12T15:37:08.381702-06:00 c0-0c1s2n2 BIOS-e820: 0000000000000000 - 00000000000a0000 (usable)
2015-02-12T15:37:08.381943-06:00 c0-0c1s2n2 BIOS-e820: 0000000000100000 - 000000007e67c000 (usable)
2015-02-12T15:37:08.382109-06:00 c0-0c1s2n2 BIOS-e820: 000000007e67c000 - 000000007e790000 (ACPI NVS)
2015-02-12T15:37:08.420256-06:00 c0-0c1s2n2 BIOS-e820: 000000007e790000 - 000000007f395000 (reserved)
2015-02-12T15:37:08.420426-06:00 c0-0c1s2n2 BIOS-e820: 000000007f395000 - 000000007f410000 (ACPI data)
2015-02-12T15:37:08.420599-06:00 c0-0c1s2n2 BIOS-e820: 000000007f410000 - 000000007f491000 (reserved)
2015-02-12T15:37:08.460388-06:00 c0-0c1s2n2 BIOS-e820: 000000007f491000 - 000000007f493000 (usable)
2015-02-12T15:37:08.460705-06:00 c0-0c1s2n2 BIOS-e820: 000000007f493000 - 000000007f494000 (ACPI NVS)
2015-02-12T15:37:08.461190-06:00 c0-0c1s2n2 BIOS-e820: 000000007f494000 - 000000007f49e000 (reserved)
2015-02-12T15:37:08.461340-06:00 c0-0c1s2n2 BIOS-e820: 000000007f49e000 - 000000007f4a6000 (ACPI NVS)
2015-02-12T15:37:08.461467-06:00 c0-0c1s2n2 BIOS-e820: 000000007f4a6000 - 000000007f4d2000 (reserved)
2015-02-12T15:37:08.461668-06:00 c0-0c1s2n2 BIOS-e820: 000000007f4d2000 - 000000007f558000 (ACPI NVS)
2015-02-12T15:37:08.500451-06:00 c0-0c1s2n2 BIOS-e820: 000000007f558000 - 000000007f800000 (usable)
2015-02-12T15:37:08.500595-06:00 c0-0c1s2n2 BIOS-e820: 0000000080000000 - 0000000090000000 (reserved)
2015-02-12T15:37:08.500763-06:00 c0-0c1s2n2 BIOS-e820: 00000000fed1c000 - 00000000fed20000 (reserved)
2015-02-12T15:37:08.508143-06:00 c0-0c1s2n2 BIOS-e820: 00000000ff000000 - 0000000100000000 (reserved)
2015-02-12T15:37:08.508471-06:00 c0-0c1s2n2 BIOS-e820: 0000000100000000 - 0000001080000000 (usable)
2015-02-12T15:37:08.508640-06:00 c0-0c1s2n2 bootconsole [earlyser0] enabled
2015-02-12T15:37:08.508914-06:00 c0-0c1s2n2 NX (Execute Disable) protection: active
2015-02-12T15:37:08.533287-06:00 c0-0c1s2n2 EFI v2.10 by American Megatrends
2015-02-12T15:37:08.533640-06:00 c0-0c1s2n2 ACPI=0x7f395000  ACPI 2.0=0x7f395000  SMBIOS=0xf04c0  MPS=0xfd450 
2015-02-12T15:37:08.558464-06:00 c0-0c1s2n2 EFI: mem00: type=3, attr=0xf, range=[0x0000000000000000-0x0000000000008000) (0MB)
2015-02-12T15:37:08.558791-06:00 c0-0c1s2n2 EFI: mem01: type=7, attr=0xf, range=[0x0000000000008000-0x0000000000060000) (0MB)
2015-02-12T15:37:08.559050-06:00 c0-0c1s2n2 EFI: mem02: type=3, attr=0xf, range=[0x0000000000060000-0x00000000000a0000) (0MB)
2015-02-12T15:37:08.583998-06:00 c0-0c1s2n2 EFI: mem03: type=7, attr=0xf, range=[0x0000000000100000-0x0000000001000000) (15MB)
2015-02-12T15:37:08.584277-06:00 c0-0c1s2n2 EFI: mem04: type=2, attr=0xf, range=[0x0000000001000000-0x0000000001100000) (1MB)
2015-02-12T15:37:08.609168-06:00 c0-0c1s2n2 EFI: mem05: type=4, attr=0xf, range=[0x0000000001100000-0x00000000017ea000) (6MB)
2015-02-12T15:37:08.609434-06:00 c0-0c1s2n2 EFI: mem06: type=3, attr=0xf, range=[0x00000000017ea000-0x00000000017ee000) (0MB)
2015-02-12T15:37:08.634342-06:00 c0-0c1s2n2 EFI: mem07: type=4, attr=0xf, range=[0x00000000017ee000-0x0000000001886000) (0MB)
2015-02-12T15:37:08.659376-06:00 c0-0c1s2n2 EFI: mem08: type=3, attr=0xf, range=[0x0000000001886000-0x000000000188f000) (0MB)
2015-02-12T15:37:08.659734-06:00 c0-0c1s2n2 EFI: mem09: type=4, attr=0xf, range=[0x000000000188f000-0x0000000001892000) (0MB)
2015-02-12T15:37:08.684694-06:00 c0-0c1s2n2 EFI: mem10: type=3, attr=0xf, range=[0x0000000001892000-0x000000000189e000) (0MB)
2015-02-12T15:37:08.684953-06:00 c0-0c1s2n2 EFI: mem11: type=4, attr=0xf, range=[0x000000000189e000-0x00000000018a9000) (0MB)
2015-02-12T15:37:08.724334-06:00 c0-0c1s2n2 EFI: mem12: type=3, attr=0xf, range=[0x00000000018a9000-0x00000000018ab000) (0MB)
2015-02-12T15:37:08.724570-06:00 c0-0c1s2n2 EFI: mem13: type=4, attr=0xf, range=[0x00000000018ab000-0x00000000018ad000) (0MB)
2015-02-12T15:37:08.724734-06:00 c0-0c1s2n2 EFI: mem14: type=3, attr=0xf, range=[0x00000000018ad000-0x00000000018af000) (0MB)
2015-02-12T15:37:08.764583-06:00 c0-0c1s2n2 EFI: mem15: type=4, attr=0xf, range=[0x00000000018af000-0x00000000018b7000) (0MB)
2015-02-12T15:37:08.764871-06:00 c0-0c1s2n2 EFI: mem16: type=3, attr=0xf, range=[0x00000000018b7000-0x00000000018bb000) (0MB)
2015-02-12T15:37:08.765158-06:00 c0-0c1s2n2 EFI: mem17: type=4, attr=0xf, range=[0x00000000018bb000-0x00000000018bd000) (0MB)
2015-02-12T15:37:08.804333-06:00 c0-0c1s2n2 EFI: mem18: type=3, attr=0xf, range=[0x00000000018bd000-0x00000000018bf000) (0MB)
2015-02-12T15:37:08.804591-06:00 c0-0c1s2n2 EFI: mem19: type=4, attr=0xf, range=[0x00000000018bf000-0x00000000018d1000) (0MB)
2015-02-12T15:37:08.810943-06:00 c0-0c1s2n2 EFI: mem20: type=3, attr=0xf, range=[0x00000000018d1000-0x00000000018d7000) (0MB)
2015-02-12T15:37:08.811274-06:00 c0-0c1s2n2 EFI: mem21: type=4, attr=0xf, range=[0x00000000018d7000-0x00000000018f9000) (0MB)
2015-02-12T15:37:08.848568-06:00 c0-0c1s2n2 EFI: mem22: type=3, attr=0xf, range=[0x00000000018f9000-0x0000000001908000) (0MB)
2015-02-12T15:37:08.848845-06:00 c0-0c1s2n2 EFI: mem23: type=4, attr=0xf, range=[0x0000000001908000-0x0000000001921000) (0MB)
2015-02-12T15:37:08.849094-06:00 c0-0c1s2n2 EFI: mem24: type=3, attr=0xf, range=[0x0000000001921000-0x000000000192b000) (0MB)
2015-02-12T15:37:08.888560-06:00 c0-0c1s2n2 EFI: mem25: type=4, attr=0xf, range=[0x000000000192b000-0x0000000001933000) (0MB)
2015-02-12T15:37:08.888845-06:00 c0-0c1s2n2 EFI: mem26: type=3, attr=0xf, range=[0x0000000001933000-0x0000000001936000) (0MB)
2015-02-12T15:37:08.889106-06:00 c0-0c1s2n2 EFI: mem27: type=4, attr=0xf, range=[0x0000000001936000-0x000000000193b000) (0MB)
2015-02-12T15:37:08.928335-06:00 c0-0c1s2n2 EFI: mem28: type=3, attr=0xf, range=[0x000000000193b000-0x000000000193e000) (0MB)
2015-02-12T15:37:08.928604-06:00 c0-0c1s2n2 EFI: mem29: type=4, attr=0xf, range=[0x000000000193e000-0x0000000001964000) (0MB)
2015-02-12T15:37:08.937254-06:00 c0-0c1s2n2 EFI: mem30: type=3, attr=0xf, range=[0x0000000001964000-0x0000000001968000) (0MB)
2015-02-12T15:37:08.937512-06:00 c0-0c1s2n2 EFI: mem31: type=4, attr=0xf, range=[0x0000000001968000-0x000000000198a000) (0MB)
2015-02-12T15:37:08.937753-06:00 c0-0c1s2n2 EFI: mem32: type=3, attr=0xf, range=[0x000000000198a000-0x00000000019b0000) (0MB)
2015-02-12T15:37:08.962678-06:00 c0-0c1s2n2 EFI: mem33: type=4, attr=0xf, range=[0x00000000019b0000-0x00000000019be000) (0MB)
2015-02-12T15:37:08.987706-06:00 c0-0c1s2n2 EFI: mem34: type=3, attr=0xf, range=[0x00000000019be000-0x00000000019ce000) (0MB)
2015-02-12T15:37:08.987961-06:00 c0-0c1s2n2 EFI: mem35: type=4, attr=0xf, range=[0x00000000019ce000-0x00000000019d0000) (0MB)
2015-02-12T15:37:08.988209-06:00 c0-0c1s2n2 EFI: mem36: type=3, attr=0xf, range=[0x00000000019d0000-0x00000000019d7000) (0MB)
2015-02-12T15:37:09.013204-06:00 c0-0c1s2n2 EFI: mem37: type=4, attr=0xf, range=[0x00000000019d7000-0x00000000019e1000) (0MB)
2015-02-12T15:37:09.052486-06:00 c0-0c1s2n2 EFI: mem38: type=3, attr=0xf, range=[0x00000000019e1000-0x00000000019e5000) (0MB)
2015-02-12T15:37:09.052765-06:00 c0-0c1s2n2 EFI: mem39: type=4, attr=0xf, range=[0x00000000019e5000-0x0000000001a02000) (0MB)
2015-02-12T15:37:09.053008-06:00 c0-0c1s2n2 EFI: mem40: type=3, attr=0xf, range=[0x0000000001a02000-0x0000000001a06000) (0MB)
2015-02-12T15:37:09.092554-06:00 c0-0c1s2n2 EFI: mem41: type=4, attr=0xf, range=[0x0000000001a06000-0x0000000001a0a000) (0MB)
2015-02-12T15:37:09.092827-06:00 c0-0c1s2n2 EFI: mem42: type=3, attr=0xf, range=[0x0000000001a0a000-0x0000000001a1e000) (0MB)
2015-02-12T15:37:09.093072-06:00 c0-0c1s2n2 EFI: mem43: type=4, attr=0xf, range=[0x0000000001a1e000-0x0000000001a22000) (0MB)
2015-02-12T15:37:09.093320-06:00 c0-0c1s2n2 EFI: mem44: type=3, attr=0xf, range=[0x0000000001a22000-0x0000000001a26000) (0MB)
2015-02-12T15:37:09.132477-06:00 c0-0c1s2n2 EFI: mem45: type=4, attr=0xf, range=[0x0000000001a26000-0x0000000001a34000) (0MB)
2015-02-12T15:37:09.139321-06:00 c0-0c1s2n2 EFI: mem46: type=3, attr=0xf, range=[0x0000000001a34000-0x0000000001a3b000) (0MB)
2015-02-12T15:37:09.139594-06:00 c0-0c1s2n2 EFI: mem47: type=4, attr=0xf, range=[0x0000000001a3b000-0x0000000001a42000) (0MB)
2015-02-12T15:37:09.176561-06:00 c0-0c1s2n2 EFI: mem48: type=3, attr=0xf, range=[0x0000000001a42000-0x0000000001a4a000) (0MB)
2015-02-12T15:37:09.176803-06:00 c0-0c1s2n2 EFI: mem49: type=4, attr=0xf, range=[0x0000000001a4a000-0x0000000001a4b000) (0MB)
2015-02-12T15:37:09.177064-06:00 c0-0c1s2n2 EFI: mem50: type=3, attr=0xf, range=[0x0000000001a4b000-0x0000000001a4d000) (0MB)
2015-02-12T15:37:09.216531-06:00 c0-0c1s2n2 EFI: mem51: type=4, attr=0xf, range=[0x0000000001a4d000-0x0000000001a52000) (0MB)
2015-02-12T15:37:09.216784-06:00 c0-0c1s2n2 EFI: mem52: type=3, attr=0xf, range=[0x0000000001a52000-0x0000000001a69000) (0MB)
2015-02-12T15:37:09.217066-06:00 c0-0c1s2n2 EFI: mem53: type=4, attr=0xf, range=[0x0000000001a69000-0x0000000001a6f000) (0MB)
2015-02-12T15:37:09.217339-06:00 c0-0c1s2n2 EFI: mem54: type=3, attr=0xf, range=[0x0000000001a6f000-0x0000000001a70000) (0MB)
2015-02-12T15:37:09.256463-06:00 c0-0c1s2n2 EFI: mem55: type=4, attr=0xf, range=[0x0000000001a70000-0x0000000001a71000) (0MB)
2015-02-12T15:37:09.256724-06:00 c0-0c1s2n2 EFI: mem56: type=3, attr=0xf, range=[0x0000000001a71000-0x0000000001a79000) (0MB)
2015-02-12T15:37:09.265504-06:00 c0-0c1s2n2 EFI: mem57: type=4, attr=0xf, range=[0x0000000001a79000-0x0000000001a7a000) (0MB)
2015-02-12T15:37:09.265753-06:00 c0-0c1s2n2 EFI: mem58: type=3, attr=0xf, range=[0x0000000001a7a000-0x0000000001a83000) (0MB)
2015-02-12T15:37:09.290832-06:00 c0-0c1s2n2 EFI: mem59: type=4, attr=0xf, range=[0x0000000001a83000-0x0000000001a85000) (0MB)
2015-02-12T15:37:09.328391-06:00 c0-0c1s2n2 EFI: mem60: type=3, attr=0xf, range=[0x0000000001a85000-0x0000000001abe000) (0MB)
2015-02-12T15:37:09.328600-06:00 c0-0c1s2n2 EFI: mem61: type=4, attr=0xf, range=[0x0000000001abe000-0x0000000001abf000) (0MB)
2015-02-12T15:37:09.328776-06:00 c0-0c1s2n2 EFI: mem62: type=3, attr=0xf, range=[0x0000000001abf000-0x0000000001acc000) (0MB)
2015-02-12T15:37:09.368447-06:00 c0-0c1s2n2 EFI: mem63: type=4, attr=0xf, range=[0x0000000001acc000-0x0000000001ad7000) (0MB)
2015-02-12T15:37:09.368624-06:00 c0-0c1s2n2 EFI: mem64: type=3, attr=0xf, range=[0x0000000001ad7000-0x0000000001adc000) (0MB)
2015-02-12T15:37:09.368816-06:00 c0-0c1s2n2 EFI: mem65: type=4, attr=0xf, range=[0x0000000001adc000-0x0000000001b60000) (0MB)
2015-02-12T15:37:09.368997-06:00 c0-0c1s2n2 EFI: mem66: type=3, attr=0xf, range=[0x0000000001b60000-0x0000000001b7c000) (0MB)
2015-02-12T15:37:09.408450-06:00 c0-0c1s2n2 EFI: mem67: type=4, attr=0xf, range=[0x0000000001b7c000-0x0000000001b84000) (0MB)
2015-02-12T15:37:09.408636-06:00 c0-0c1s2n2 EFI: mem68: type=3, attr=0xf, range=[0x0000000001b84000-0x0000000001b9c000) (0MB)
2015-02-12T15:37:09.416926-06:00 c0-0c1s2n2 EFI: mem69: type=4, attr=0xf, range=[0x0000000001b9c000-0x000000000b210000) (150MB)
2015-02-12T15:37:09.417196-06:00 c0-0c1s2n2 EFI: mem70: type=3, attr=0xf, range=[0x000000000b210000-0x000000000b216000) (0MB)
2015-02-12T15:37:09.442296-06:00 c0-0c1s2n2 EFI: mem71: type=4, attr=0xf, range=[0x000000000b216000-0x000000000b21f000) (0MB)
2015-02-12T15:37:09.442529-06:00 c0-0c1s2n2 EFI: mem72: type=3, attr=0xf, range=[0x000000000b21f000-0x000000000b235000) (0MB)
2015-02-12T15:37:09.467529-06:00 c0-0c1s2n2 EFI: mem73: type=4, attr=0xf, range=[0x000000000b235000-0x000000000b23b000) (0MB)
2015-02-12T15:37:09.467831-06:00 c0-0c1s2n2 EFI: mem74: type=3, attr=0xf, range=[0x000000000b23b000-0x000000000b23e000) (0MB)
2015-02-12T15:37:09.492644-06:00 c0-0c1s2n2 EFI: mem75: type=4, attr=0xf, range=[0x000000000b23e000-0x000000000b24c000) (0MB)
2015-02-12T15:37:09.492979-06:00 c0-0c1s2n2 EFI: mem76: type=3, attr=0xf, range=[0x000000000b24c000-0x000000000b254000) (0MB)
