2015-02-11T17:25:58.536060-06:00 c0-0c1s0n2 ERROR: Type:2; Severity:80; Class:3; Subclass:D; Operation: 2
2015-02-11T17:34:33.079594-06:00 c0-0c1s0n2 Wait4Boot: WRITE: 533 bytes to memory @ 0x90CD0 ... complete
2015-02-11T17:34:33.104318-06:00 c0-0c1s0n2 Wait4Boot: Blade Controller Boot Protocol version - 1
2015-02-11T17:34:33.129739-06:00 c0-0c1s0n2 Wait4Boot: JUMP: KernelStart 0x100000, boot_params 0x90000, CmdLineAddr 0x90CD0
2015-02-11T17:34:33.258915-06:00 c0-0c1s0n2 Decompressing Linux... Parsing ELF... done.
2015-02-11T17:34:33.259062-06:00 c0-0c1s0n2 Booting the kernel.
2015-02-11T17:34:33.259084-06:00 c0-0c1s0n2 Initializing cgroup subsys cpuset
2015-02-11T17:34:33.259143-06:00 c0-0c1s0n2 Initializing cgroup subsys cpu
2015-02-11T17:34:33.284169-06:00 c0-0c1s0n2 Linux version 3.0.101-0.31.1_1.0502.8394-cray_ari_s (abuild@cfosbld05) (gcc version 4.3.4 [gcc-4_3-branch revision 152973] (SUSE Linux) ) #1 SMP Wed Sep 10 04:03:41 UTC 2014
2015-02-11T17:34:33.384951-06:00 c0-0c1s0n2 Command line: earlyprintk=serial,115200 load_ramdisk=1 ramdisk_size=80000 console=ttyS0,115200n8 bootnodeip=10.131.255.254 bootproto=ipog bootpath=/rr/current rootfs=nfs-shared root=/dev/disk/by-id/scsi-3600a09800063789e0000008b54c3a04c-part1 oops=panic bootifnetmask=255.252.0.0 elevator=noop ippob1=10 ippob2=128 pcie_ports=native iommu=on intel_iommu=off bad_page=panic pln_enable=off apei_disable hest_disable erst_disable ghes_disable cgroup_disable=memory active_wlm=ALPS sdbnodeip=10.131.255.253 sessionid=p0-20150211t172524 _cray=marker_ 
2015-02-11T17:34:33.385070-06:00 c0-0c1s0n2 KERNEL supported cpus:
2015-02-11T17:34:33.385176-06:00 c0-0c1s0n2  Intel GenuineIntel
2015-02-11T17:34:33.385384-06:00 c0-0c1s0n2 BIOS-provided physical RAM map:
2015-02-11T17:34:33.385593-06:00 c0-0c1s0n2 BIOS-e820: 0000000000000000 - 00000000000a0000 (usable)
2015-02-11T17:34:33.410386-06:00 c0-0c1s0n2 BIOS-e820: 0000000000100000 - 000000007e67c000 (usable)
2015-02-11T17:34:33.410556-06:00 c0-0c1s0n2 BIOS-e820: 000000007e67c000 - 000000007e790000 (ACPI NVS)
2015-02-11T17:34:33.435532-06:00 c0-0c1s0n2 BIOS-e820: 000000007e790000 - 000000007f395000 (reserved)
2015-02-11T17:34:33.435710-06:00 c0-0c1s0n2 BIOS-e820: 000000007f395000 - 000000007f410000 (ACPI data)
2015-02-11T17:34:33.435877-06:00 c0-0c1s0n2 BIOS-e820: 000000007f410000 - 000000007f491000 (reserved)
2015-02-11T17:34:33.436093-06:00 c0-0c1s0n2 BIOS-e820: 000000007f491000 - 000000007f493000 (usable)
2015-02-11T17:34:33.461057-06:00 c0-0c1s0n2 BIOS-e820: 000000007f493000 - 000000007f494000 (ACPI NVS)
2015-02-11T17:34:33.461317-06:00 c0-0c1s0n2 BIOS-e820: 000000007f494000 - 000000007f49e000 (reserved)
2015-02-11T17:34:33.461565-06:00 c0-0c1s0n2 BIOS-e820: 000000007f49e000 - 000000007f4a6000 (ACPI NVS)
2015-02-11T17:34:33.486367-06:00 c0-0c1s0n2 BIOS-e820: 000000007f4a6000 - 000000007f4d2000 (reserved)
2015-02-11T17:34:33.486687-06:00 c0-0c1s0n2 BIOS-e820: 000000007f4d2000 - 000000007f558000 (ACPI NVS)
2015-02-11T17:34:33.511494-06:00 c0-0c1s0n2 BIOS-e820: 000000007f558000 - 000000007f800000 (usable)
2015-02-11T17:34:33.511697-06:00 c0-0c1s0n2 BIOS-e820: 0000000080000000 - 0000000090000000 (reserved)
2015-02-11T17:34:33.511971-06:00 c0-0c1s0n2 BIOS-e820: 00000000fed1c000 - 00000000fed20000 (reserved)
2015-02-11T17:34:33.536864-06:00 c0-0c1s0n2 BIOS-e820: 00000000ff000000 - 0000000100000000 (reserved)
2015-02-11T17:34:33.537195-06:00 c0-0c1s0n2 BIOS-e820: 0000000100000000 - 0000001080000000 (usable)
2015-02-11T17:34:33.537321-06:00 c0-0c1s0n2 bootconsole [earlyser0] enabled
2015-02-11T17:34:33.537558-06:00 c0-0c1s0n2 NX (Execute Disable) protection: active
2015-02-11T17:34:33.562096-06:00 c0-0c1s0n2 EFI v2.10 by American Megatrends
2015-02-11T17:34:33.562408-06:00 c0-0c1s0n2 ACPI=0x7f395000  ACPI 2.0=0x7f395000  SMBIOS=0xf04c0  MPS=0xfd450 
2015-02-11T17:34:33.587206-06:00 c0-0c1s0n2 EFI: mem00: type=3, attr=0xf, range=[0x0000000000000000-0x0000000000008000) (0MB)
2015-02-11T17:34:33.587577-06:00 c0-0c1s0n2 EFI: mem01: type=7, attr=0xf, range=[0x0000000000008000-0x0000000000060000) (0MB)
2015-02-11T17:34:33.612428-06:00 c0-0c1s0n2 EFI: mem02: type=3, attr=0xf, range=[0x0000000000060000-0x00000000000a0000) (0MB)
2015-02-11T17:34:33.612787-06:00 c0-0c1s0n2 EFI: mem03: type=7, attr=0xf, range=[0x0000000000100000-0x0000000001000000) (15MB)
2015-02-11T17:34:33.637839-06:00 c0-0c1s0n2 EFI: mem04: type=2, attr=0xf, range=[0x0000000001000000-0x0000000001100000) (1MB)
2015-02-11T17:34:33.638192-06:00 c0-0c1s0n2 EFI: mem05: type=4, attr=0xf, range=[0x0000000001100000-0x00000000017ea000) (6MB)
2015-02-11T17:34:33.662928-06:00 c0-0c1s0n2 EFI: mem06: type=3, attr=0xf, range=[0x00000000017ea000-0x00000000017ee000) (0MB)
2015-02-11T17:34:33.663241-06:00 c0-0c1s0n2 EFI: mem07: type=4, attr=0xf, range=[0x00000000017ee000-0x0000000001886000) (0MB)
2015-02-11T17:34:33.688262-06:00 c0-0c1s0n2 EFI: mem08: type=3, attr=0xf, range=[0x0000000001886000-0x000000000188f000) (0MB)
2015-02-11T17:34:33.688541-06:00 c0-0c1s0n2 EFI: mem09: type=4, attr=0xf, range=[0x000000000188f000-0x0000000001892000) (0MB)
2015-02-11T17:34:33.713473-06:00 c0-0c1s0n2 EFI: mem10: type=3, attr=0xf, range=[0x0000000001892000-0x000000000189e000) (0MB)
2015-02-11T17:34:33.713737-06:00 c0-0c1s0n2 EFI: mem11: type=4, attr=0xf, range=[0x000000000189e000-0x00000000018a9000) (0MB)
2015-02-11T17:34:33.738825-06:00 c0-0c1s0n2 EFI: mem12: type=3, attr=0xf, range=[0x00000000018a9000-0x00000000018ab000) (0MB)
2015-02-11T17:34:33.739096-06:00 c0-0c1s0n2 EFI: mem13: type=4, attr=0xf, range=[0x00000000018ab000-0x00000000018ad000) (0MB)
2015-02-11T17:34:33.764079-06:00 c0-0c1s0n2 EFI: mem14: type=3, attr=0xf, range=[0x00000000018ad000-0x00000000018af000) (0MB)
2015-02-11T17:34:33.764359-06:00 c0-0c1s0n2 EFI: mem15: type=4, attr=0xf, range=[0x00000000018af000-0x00000000018b7000) (0MB)
2015-02-11T17:34:33.789303-06:00 c0-0c1s0n2 EFI: mem16: type=3, attr=0xf, range=[0x00000000018b7000-0x00000000018bb000) (0MB)
2015-02-11T17:34:33.789620-06:00 c0-0c1s0n2 EFI: mem17: type=4, attr=0xf, range=[0x00000000018bb000-0x00000000018bd000) (0MB)
2015-02-11T17:34:33.814455-06:00 c0-0c1s0n2 EFI: mem18: type=3, attr=0xf, range=[0x00000000018bd000-0x00000000018bf000) (0MB)
2015-02-11T17:34:33.814760-06:00 c0-0c1s0n2 EFI: mem19: type=4, attr=0xf, range=[0x00000000018bf000-0x00000000018d1000) (0MB)
2015-02-11T17:34:33.839834-06:00 c0-0c1s0n2 EFI: mem20: type=3, attr=0xf, range=[0x00000000018d1000-0x00000000018d7000) (0MB)
2015-02-11T17:34:33.840151-06:00 c0-0c1s0n2 EFI: mem21: type=4, attr=0xf, range=[0x00000000018d7000-0x00000000018f9000) (0MB)
2015-02-11T17:34:33.865037-06:00 c0-0c1s0n2 EFI: mem22: type=3, attr=0xf, range=[0x00000000018f9000-0x0000000001908000) (0MB)
2015-02-11T17:34:33.865348-06:00 c0-0c1s0n2 EFI: mem23: type=4, attr=0xf, range=[0x0000000001908000-0x0000000001921000) (0MB)
2015-02-11T17:34:33.865587-06:00 c0-0c1s0n2 EFI: mem24: type=3, attr=0xf, range=[0x0000000001921000-0x000000000192b000) (0MB)
2015-02-11T17:34:33.890496-06:00 c0-0c1s0n2 EFI: mem25: type=4, attr=0xf, range=[0x000000000192b000-0x0000000001933000) (0MB)
2015-02-11T17:34:33.915565-06:00 c0-0c1s0n2 EFI: mem26: type=3, attr=0xf, range=[0x0000000001933000-0x0000000001936000) (0MB)
2015-02-11T17:34:33.915838-06:00 c0-0c1s0n2 EFI: mem27: type=4, attr=0xf, range=[0x0000000001936000-0x0000000001964000) (0MB)
2015-02-11T17:34:33.940884-06:00 c0-0c1s0n2 EFI: mem28: type=3, attr=0xf, range=[0x0000000001964000-0x0000000001968000) (0MB)
2015-02-11T17:34:33.941084-06:00 c0-0c1s0n2 EFI: mem29: type=4, attr=0xf, range=[0x0000000001968000-0x0000000001987000) (0MB)
2015-02-11T17:34:33.941330-06:00 c0-0c1s0n2 EFI: mem30: type=3, attr=0xf, range=[0x0000000001987000-0x00000000019b0000) (0MB)
2015-02-11T17:34:33.966239-06:00 c0-0c1s0n2 EFI: mem31: type=4, attr=0xf, range=[0x00000000019b0000-0x00000000019ba000) (0MB)
2015-02-11T17:34:33.991257-06:00 c0-0c1s0n2 EFI: mem32: type=3, attr=0xf, range=[0x00000000019ba000-0x00000000019bd000) (0MB)
2015-02-11T17:34:33.991519-06:00 c0-0c1s0n2 EFI: mem33: type=4, attr=0xf, range=[0x00000000019bd000-0x00000000019be000) (0MB)
2015-02-11T17:34:34.016543-06:00 c0-0c1s0n2 EFI: mem34: type=3, attr=0xf, range=[0x00000000019be000-0x00000000019d0000) (0MB)
2015-02-11T17:34:34.016827-06:00 c0-0c1s0n2 EFI: mem35: type=4, attr=0xf, range=[0x00000000019d0000-0x00000000019d3000) (0MB)
2015-02-11T17:34:34.041772-06:00 c0-0c1s0n2 EFI: mem36: type=3, attr=0xf, range=[0x00000000019d3000-0x00000000019d5000) (0MB)
2015-02-11T17:34:34.042027-06:00 c0-0c1s0n2 EFI: mem37: type=4, attr=0xf, range=[0x00000000019d5000-0x00000000019e1000) (0MB)
2015-02-11T17:34:34.066986-06:00 c0-0c1s0n2 EFI: mem38: type=3, attr=0xf, range=[0x00000000019e1000-0x00000000019e5000) (0MB)
2015-02-11T17:34:34.067270-06:00 c0-0c1s0n2 EFI: mem39: type=4, attr=0xf, range=[0x00000000019e5000-0x0000000001a02000) (0MB)
2015-02-11T17:34:34.092196-06:00 c0-0c1s0n2 EFI: mem40: type=3, attr=0xf, range=[0x0000000001a02000-0x0000000001a06000) (0MB)
2015-02-11T17:34:34.092470-06:00 c0-0c1s0n2 EFI: mem41: type=4, attr=0xf, range=[0x0000000001a06000-0x0000000001a0a000) (0MB)
2015-02-11T17:34:34.117479-06:00 c0-0c1s0n2 EFI: mem42: type=3, attr=0xf, range=[0x0000000001a0a000-0x0000000001a1e000) (0MB)
2015-02-11T17:34:34.117754-06:00 c0-0c1s0n2 EFI: mem43: type=4, attr=0xf, range=[0x0000000001a1e000-0x0000000001a22000) (0MB)
2015-02-11T17:34:34.142796-06:00 c0-0c1s0n2 EFI: mem44: type=3, attr=0xf, range=[0x0000000001a22000-0x0000000001a26000) (0MB)
2015-02-11T17:34:34.143064-06:00 c0-0c1s0n2 EFI: mem45: type=4, attr=0xf, range=[0x0000000001a26000-0x0000000001a34000) (0MB)
2015-02-11T17:34:34.168014-06:00 c0-0c1s0n2 EFI: mem46: type=3, attr=0xf, range=[0x0000000001a34000-0x0000000001a3b000) (0MB)
2015-02-11T17:34:34.168277-06:00 c0-0c1s0n2 EFI: mem47: type=4, attr=0xf, range=[0x0000000001a3b000-0x0000000001a42000) (0MB)
2015-02-11T17:34:34.193235-06:00 c0-0c1s0n2 EFI: mem48: type=3, attr=0xf, range=[0x0000000001a42000-0x0000000001a4a000) (0MB)
2015-02-11T17:34:34.193505-06:00 c0-0c1s0n2 EFI: mem49: type=4, attr=0xf, range=[0x0000000001a4a000-0x0000000001a4b000) (0MB)
2015-02-11T17:34:34.218443-06:00 c0-0c1s0n2 EFI: mem50: type=3, attr=0xf, range=[0x0000000001a4b000-0x0000000001a4d000) (0MB)
2015-02-11T17:34:34.218704-06:00 c0-0c1s0n2 EFI: mem51: type=4, attr=0xf, range=[0x0000000001a4d000-0x0000000001a52000) (0MB)
2015-02-11T17:34:34.256183-06:00 c0-0c1s0n2 EFI: mem52: type=3, attr=0xf, range=[0x0000000001a52000-0x0000000001a69000) (0MB)
2015-02-11T17:34:34.256395-06:00 c0-0c1s0n2 EFI: mem53: type=4, attr=0xf, range=[0x0000000001a69000-0x0000000001a6f000) (0MB)
2015-02-11T17:34:34.300181-06:00 c0-0c1s0n2 EFI: mem54: type=3, attr=0xf, range=[0x0000000001a6f000-0x0000000001a70000) (0MB)
2015-02-11T17:34:34.300361-06:00 c0-0c1s0n2 EFI: mem55: type=4, attr=0xf, range=[0x0000000001a70000-0x0000000001a71000) (0MB)
2015-02-11T17:34:34.300536-06:00 c0-0c1s0n2 EFI: mem56: type=3, attr=0xf, range=[0x0000000001a71000-0x0000000001a79000) (0MB)
2015-02-11T17:34:34.300729-06:00 c0-0c1s0n2 EFI: mem57: type=4, attr=0xf, range=[0x0000000001a79000-0x0000000001a7a000) (0MB)
2015-02-11T17:34:34.300903-06:00 c0-0c1s0n2 EFI: mem58: type=3, attr=0xf, range=[0x0000000001a7a000-0x0000000001a83000) (0MB)
2015-02-11T17:34:34.336354-06:00 c0-0c1s0n2 EFI: mem59: type=4, attr=0xf, range=[0x0000000001a83000-0x0000000001a85000) (0MB)
2015-02-11T17:34:34.344640-06:00 c0-0c1s0n2 EFI: mem60: type=3, attr=0xf, range=[0x0000000001a85000-0x0000000001abe000) (0MB)
2015-02-11T17:34:34.344915-06:00 c0-0c1s0n2 EFI: mem61: type=4, attr=0xf, range=[0x0000000001abe000-0x0000000001abf000) (0MB)
2015-02-11T17:34:34.345145-06:00 c0-0c1s0n2 EFI: mem62: type=3, attr=0xf, range=[0x0000000001abf000-0x0000000001acc000) (0MB)
2015-02-11T17:34:34.370136-06:00 c0-0c1s0n2 EFI: mem63: type=4, attr=0xf, range=[0x0000000001acc000-0x0000000001ad7000) (0MB)
2015-02-11T17:34:34.395166-06:00 c0-0c1s0n2 EFI: mem64: type=3, attr=0xf, range=[0x0000000001ad7000-0x0000000001adc000) (0MB)
2015-02-11T17:34:34.395489-06:00 c0-0c1s0n2 EFI: mem65: type=4, attr=0xf, range=[0x0000000001adc000-0x0000000001b60000) (0MB)
2015-02-11T17:34:34.395712-06:00 c0-0c1s0n2 EFI: mem66: type=3, attr=0xf, range=[0x0000000001b60000-0x0000000001b7c000) (0MB)
2015-02-11T17:34:34.420712-06:00 c0-0c1s0n2 EFI: mem67: type=4, attr=0xf, range=[0x0000000001b7c000-0x0000000001b84000) (0MB)
2015-02-11T17:34:34.420957-06:00 c0-0c1s0n2 EFI: mem68: type=3, attr=0xf, range=[0x0000000001b84000-0x0000000001b9c000) (0MB)
2015-02-11T17:34:34.445962-06:00 c0-0c1s0n2 EFI: mem69: type=4, attr=0xf, range=[0x0000000001b9c000-0x000000000b210000) (150MB)
2015-02-11T17:34:34.470916-06:00 c0-0c1s0n2 EFI: mem70: type=3, attr=0xf, range=[0x000000000b210000-0x000000000b216000) (0MB)
2015-02-11T17:34:34.471206-06:00 c0-0c1s0n2 EFI: mem71: type=4, attr=0xf, range=[0x000000000b216000-0x000000000b21f000) (0MB)
2015-02-11T17:34:34.496249-06:00 c0-0c1s0n2 EFI: mem72: type=3, attr=0xf, range=[0x000000000b21f000-0x000000000b235000) (0MB)
2015-02-11T17:34:34.496465-06:00 c0-0c1s0n2 EFI: mem73: type=4, attr=0xf, range=[0x000000000b235000-0x000000000b23b000) (0MB)
2015-02-11T17:34:34.496692-06:00 c0-0c1s0n2 EFI: mem74: type=3, attr=0xf, range=[0x000000000b23b000-0x000000000b23e000) (0MB)
2015-02-11T17:34:34.521707-06:00 c0-0c1s0n2 EFI: mem75: type=4, attr=0xf, range=[0x000000000b23e000-0x000000000b242000) (0MB)
2015-02-11T17:34:34.521976-06:00 c0-0c1s0n2 EFI: mem76: type=3, attr=0xf, range=[0x000000000b242000-0x000000000b249000) (0MB)
2015-02-11T17:34:34.547013-06:00 c0-0c1s0n2 EFI: mem77: type=4, attr=0xf, range=[0x000000000b249000-0x000000000b24c000) (0MB)
2015-02-11T17:34:34.547294-06:00 c0-0c1s0n2 EFI: mem78: type=3, attr=0xf, range=[0x000000000b24c000-0x000000000b254000) (0MB)
2015-02-11T17:34:34.572234-06:00 c0-0c1s0n2 EFI: mem79: type=4, attr=0xf, range=[0x000000000b254000-0x000000000b27a000) (0MB)
2015-02-11T17:34:34.572504-06:00 c0-0c1s0n2 EFI: mem80: type=3, attr=0xf, range=[0x000000000b27a000-0x000000000b27e000) (0MB)
2015-02-11T17:34:34.597474-06:00 c0-0c1s0n2 EFI: mem81: type=4, attr=0xf, range=[0x000000000b27e000-0x000000000b282000) (0MB)
2015-02-11T17:34:34.597779-06:00 c0-0c1s0n2 EFI: mem82: type=3, attr=0xf, range=[0x000000000b282000-0x000000000b286000) (0MB)
2015-02-11T17:34:34.622758-06:00 c0-0c1s0n2 EFI: mem83: type=4, attr=0xf, range=[0x000000000b286000-0x000000000b290000) (0MB)
2015-02-11T17:34:34.623012-06:00 c0-0c1s0n2 EFI: mem84: type=3, attr=0xf, range=[0x000000000b290000-0x000000000b2d3000) (0MB)
2015-02-11T17:34:34.648001-06:00 c0-0c1s0n2 EFI: mem85: type=4, attr=0xf, range=[0x000000000b2d3000-0x000000000b2df000) (0MB)
2015-02-11T17:34:34.648263-06:00 c0-0c1s0n2 EFI: mem86: type=3, attr=0xf, range=[0x000000000b2df000-0x000000000b2e9000) (0MB)
2015-02-11T17:34:34.673187-06:00 c0-0c1s0n2 EFI: mem87: type=4, attr=0xf, range=[0x000000000b2e9000-0x000000000b2f8000) (0MB)
2015-02-11T17:34:34.673474-06:00 c0-0c1s0n2 EFI: mem88: type=3, attr=0xf, range=[0x000000000b2f8000-0x000000000b2fc000) (0MB)
2015-02-11T17:34:34.698481-06:00 c0-0c1s0n2 EFI: mem89: type=4, attr=0xf, range=[0x000000000b2fc000-0x000000000b2fd000) (0MB)
2015-02-11T17:34:34.723526-06:00 c0-0c1s0n2 EFI: mem90: type=3, attr=0xf, range=[0x000000000b2fd000-0x000000000b302000) (0MB)
2015-02-11T17:34:34.723897-06:00 c0-0c1s0n2 EFI: mem91: type=4, attr=0xf, range=[0x000000000b302000-0x000000000b30b000) (0MB)
2015-02-11T17:34:34.748862-06:00 c0-0c1s0n2 EFI: mem92: type=3, attr=0xf, range=[0x000000000b30b000-0x000000000b343000) (0MB)
2015-02-11T17:34:34.749122-06:00 c0-0c1s0n2 EFI: mem93: type=4, attr=0xf, range=[0x000000000b343000-0x000000000b34a000) (0MB)
2015-02-11T17:34:34.774115-06:00 c0-0c1s0n2 EFI: mem94: type=3, attr=0xf, range=[0x000000000b34a000-0x000000000b351000) (0MB)
2015-02-11T17:34:34.774419-06:00 c0-0c1s0n2 EFI: mem95: type=4, attr=0xf, range=[0x000000000b351000-0x000000000b359000) (0MB)
2015-02-11T17:34:34.799385-06:00 c0-0c1s0n2 EFI: mem96: type=3, attr=0xf, range=[0x000000000b359000-0x000000000b35d000) (0MB)
2015-02-11T17:34:34.799684-06:00 c0-0c1s0n2 EFI: mem97: type=4, attr=0xf, range=[0x000000000b35d000-0x000000000b361000) (0MB)
2015-02-11T17:34:34.824611-06:00 c0-0c1s0n2 EFI: mem98: type=3, attr=0xf, range=[0x000000000b361000-0x000000000b369000) (0MB)
2015-02-11T17:34:34.824946-06:00 c0-0c1s0n2 EFI: mem99: type=4, attr=0xf, range=[0x000000000b369000-0x000000000b383000) (0MB)
2015-02-11T17:34:34.849803-06:00 c0-0c1s0n2 EFI: mem100: type=3, attr=0xf, range=[0x000000000b383000-0x000000000b389000) (0MB)
2015-02-11T17:34:34.850116-06:00 c0-0c1s0n2 EFI: mem101: type=4, attr=0xf, range=[0x000000000b389000-0x000000000b3ab000) (0MB)
2015-02-11T17:34:34.850347-06:00 c0-0c1s0n2 EFI: mem102: type=3, attr=0xf, range=[0x000000000b3ab000-0x000000000b3b2000) (0MB)
2015-02-11T17:34:34.875340-06:00 c0-0c1s0n2 EFI: mem103: type=4, attr=0xf, range=[0x000000000b3b2000-0x000000000b3b6000) (0MB)
2015-02-11T17:34:34.875591-06:00 c0-0c1s0n2 EFI: mem104: type=3, attr=0xf, range=[0x000000000b3b6000-0x000000000b3c8000) (0MB)
2015-02-11T17:34:34.900558-06:00 c0-0c1s0n2 EFI: mem105: type=4, attr=0xf, range=[0x000000000b3c8000-0x000000000b3cb000) (0MB)
2015-02-11T17:34:34.900849-06:00 c0-0c1s0n2 EFI: mem106: type=3, attr=0xf, range=[0x000000000b3cb000-0x000000000b3d6000) (0MB)
2015-02-11T17:34:34.925851-06:00 c0-0c1s0n2 EFI: mem107: type=4, attr=0xf, range=[0x000000000b3d6000-0x000000000b45b000) (0MB)
2015-02-11T17:34:34.950823-06:00 c0-0c1s0n2 EFI: mem108: type=3, attr=0xf, range=[0x000000000b45b000-0x000000000b45e000) (0MB)
2015-02-11T17:34:34.951181-06:00 c0-0c1s0n2 EFI: mem109: type=4, attr=0xf, range=[0x000000000b45e000-0x000000000b474000) (0MB)
2015-02-11T17:34:34.976109-06:00 c0-0c1s0n2 EFI: mem110: type=3, attr=0xf, range=[0x000000000b474000-0x000000000b47b000) (0MB)
2015-02-11T17:34:34.976442-06:00 c0-0c1s0n2 EFI: mem111: type=4, attr=0xf, range=[0x000000000b47b000-0x000000000b48a000) (0MB)
2015-02-11T17:34:35.001344-06:00 c0-0c1s0n2 EFI: mem112: type=3, attr=0xf, range=[0x000000000b48a000-0x000000000b48e000) (0MB)
2015-02-11T17:34:35.001676-06:00 c0-0c1s0n2 EFI: mem113: type=4, attr=0xf, range=[0x000000000b48e000-0x000000000b4b0000) (0MB)
2015-02-11T17:34:35.026604-06:00 c0-0c1s0n2 EFI: mem114: type=3, attr=0xf, range=[0x000000000b4b0000-0x000000000b4b5000) (0MB)
2015-02-11T17:34:35.026880-06:00 c0-0c1s0n2 EFI: mem115: type=4, attr=0xf, range=[0x000000000b4b5000-0x000000000b4c9000) (0MB)
2015-02-11T17:34:35.051868-06:00 c0-0c1s0n2 EFI: mem116: type=7, attr=0xf, range=[0x000000000b4c9000-0x000000000b4ca000) (0MB)
2015-02-11T17:34:35.052161-06:00 c0-0c1s0n2 EFI: mem117: type=4, attr=0xf, range=[0x000000000b4ca000-0x000000000b53d000) (0MB)
2015-02-11T17:34:35.077142-06:00 c0-0c1s0n2 EFI: mem118: type=3, attr=0xf, range=[0x000000000b53d000-0x000000000b551000) (0MB)
2015-02-11T17:34:35.077385-06:00 c0-0c1s0n2 EFI: mem119: type=4, attr=0xf, range=[0x000000000b551000-0x000000000b5ae000) (0MB)
2015-02-11T17:34:35.077644-06:00 c0-0c1s0n2 EFI: mem120: type=3, attr=0xf, range=[0x000000000b5ae000-0x000000000b5b7000) (0MB)
2015-02-11T17:34:35.102561-06:00 c0-0c1s0n2 EFI: mem121: type=4, attr=0xf, range=[0x000000000b5b7000-0x000000000b5b8000) (0MB)
2015-02-11T17:34:35.127601-06:00 c0-0c1s0n2 EFI: mem122: type=2, attr=0xf, range=[0x000000000b5b8000-0x000000000b5ba000) (0MB)
2015-02-11T17:34:35.127901-06:00 c0-0c1s0n2 EFI: mem123: type=7, attr=0xf, range=[0x000000000b5ba000-0x000000000b5bc000) (0MB)
2015-02-11T17:34:35.152831-06:00 c0-0c1s0n2 EFI: mem124: type=4, attr=0xf, range=[0x000000000b5bc000-0x000000000b5c6000) (0MB)
2015-02-11T17:34:35.153148-06:00 c0-0c1s0n2 EFI: mem125: type=7, attr=0xf, range=[0x000000000b5c6000-0x000000000b5cc000) (0MB)
2015-02-11T17:34:35.178098-06:00 c0-0c1s0n2 EFI: mem126: type=4, attr=0xf, range=[0x000000000b5cc000-0x000000000b7e0000) (2MB)
2015-02-11T17:34:35.178442-06:00 c0-0c1s0n2 EFI: mem127: type=7, attr=0xf, range=[0x000000000b7e0000-0x000000000b7ee000) (0MB)
2015-02-11T17:34:35.203303-06:00 c0-0c1s0n2 EFI: mem128: type=1, attr=0xf, range=[0x000000000b7ee000-0x000000000b7ff000) (0MB)
2015-02-11T17:34:35.203682-06:00 c0-0c1s0n2 EFI: mem129: type=7, attr=0xf, range=[0x000000000b7ff000-0x000000007e67c000) (1838MB)
2015-02-11T17:34:35.228624-06:00 c0-0c1s0n2 EFI: mem130: type=10, attr=0xf, range=[0x000000007e67c000-0x000000007e790000) (1MB)
2015-02-11T17:34:35.228892-06:00 c0-0c1s0n2 EFI: mem131: type=0, attr=0xf, range=[0x000000007e790000-0x000000007e792000) (0MB)
2015-02-11T17:34:35.253968-06:00 c0-0c1s0n2 EFI: mem132: type=6, attr=0x800000000000000f, range=[0x000000007e792000-0x000000007f395000) (12MB)
2015-02-11T17:34:35.254213-06:00 c0-0c1s0n2 EFI: mem133: type=9, attr=0xf, range=[0x000000007f395000-0x000000007f410000) (0MB)
2015-02-11T17:34:35.292267-06:00 c0-0c1s0n2 EFI: mem134: type=5, attr=0x800000000000000f, range=[0x000000007f410000-0x000000007f41a000) (0MB)
2015-02-11T17:34:35.336152-06:00 c0-0c1s0n2 EFI: mem135: type=0, attr=0xf, range=[0x000000007f41a000-0x000000007f41c000) (0MB)
2015-02-11T17:34:35.336351-06:00 c0-0c1s0n2 EFI: mem136: type=6, attr=0x800000000000000f, range=[0x000000007f41c000-0x000000007f42d000) (0MB)
2015-02-11T17:34:35.336517-06:00 c0-0c1s0n2 EFI: mem137: type=0, attr=0xf, range=[0x000000007f42d000-0x000000007f43d000) (0MB)
2015-02-11T17:34:35.336732-06:00 c0-0c1s0n2 EFI: mem138: type=6, attr=0x800000000000000f, range=[0x000000007f43d000-0x000000007f45e000) (0MB)
2015-02-11T17:34:35.336947-06:00 c0-0c1s0n2 EFI: mem139: type=5, attr=0x800000000000000f, range=[0x000000007f45e000-0x000000007f462000) (0MB)
2015-02-11T17:34:35.372263-06:00 c0-0c1s0n2 EFI: mem140: type=0, attr=0xf, range=[0x000000007f462000-0x000000007f46b000) (0MB)
2015-02-11T17:34:35.379974-06:00 c0-0c1s0n2 EFI: mem141: type=5, attr=0x800000000000000f, range=[0x000000007f46b000-0x000000007f46d000) (0MB)
2015-02-11T17:34:35.380237-06:00 c0-0c1s0n2 EFI: mem142: type=0, attr=0xf, range=[0x000000007f46d000-0x000000007f471000) (0MB)
2015-02-11T17:34:35.405522-06:00 c0-0c1s0n2 EFI: mem143: type=5, attr=0x800000000000000f, range=[0x000000007f471000-0x000000007f472000) (0MB)
2015-02-11T17:34:35.405819-06:00 c0-0c1s0n2 EFI: mem144: type=6, attr=0x800000000000000f, range=[0x000000007f472000-0x000000007f473000) (0MB)
2015-02-11T17:34:35.430785-06:00 c0-0c1s0n2 EFI: mem145: type=5, attr=0x800000000000000f, range=[0x000000007f473000-0x000000007f476000) (0MB)
2015-02-11T17:34:35.468130-06:00 c0-0c1s0n2 EFI: mem146: type=0, attr=0xf, range=[0x000000007f476000-0x000000007f486000) (0MB)
2015-02-11T17:34:35.468355-06:00 c0-0c1s0n2 EFI: mem147: type=5, attr=0x800000000000000f, range=[0x000000007f486000-0x000000007f491000) (0MB)
2015-02-11T17:34:35.508111-06:00 c0-0c1s0n2 EFI: mem148: type=7, attr=0xf, range=[0x000000007f491000-0x000000007f493000) (0MB)
2015-02-11T17:34:35.508363-06:00 c0-0c1s0n2 EFI: mem149: type=10, attr=0xf, range=[0x000000007f493000-0x000000007f494000) (0MB)
2015-02-11T17:34:35.508566-06:00 c0-0c1s0n2 EFI: mem150: type=6, attr=0x800000000000000f, range=[0x000000007f494000-0x000000007f49b000) (0MB)
2015-02-11T17:34:35.508757-06:00 c0-0c1s0n2 EFI: mem151: type=5, attr=0x800000000000000f, range=[0x000000007f49b000-0x000000007f49e000) (0MB)
2015-02-11T17:34:35.548264-06:00 c0-0c1s0n2 EFI: mem152: type=10, attr=0xf, range=[0x000000007f49e000-0x000000007f4a6000) (0MB)
2015-02-11T17:34:35.548526-06:00 c0-0c1s0n2 EFI: mem153: type=6, attr=0x800000000000000f, range=[0x000000007f4a6000-0x000000007f4a7000) (0MB)
2015-02-11T17:34:35.556954-06:00 c0-0c1s0n2 EFI: mem154: type=5, attr=0x800000000000000f, range=[0x000000007f4a7000-0x000000007f4ab000) (0MB)
2015-02-11T17:34:35.582051-06:00 c0-0c1s0n2 EFI: mem155: type=6, attr=0x800000000000000f, range=[0x000000007f4ab000-0x000000007f4bd000) (0MB)
2015-02-11T17:34:35.582323-06:00 c0-0c1s0n2 EFI: mem156: type=5, attr=0x800000000000000f, range=[0x000000007f4bd000-0x000000007f4cf000) (0MB)
2015-02-11T17:34:35.607451-06:00 c0-0c1s0n2 EFI: mem157: type=6, attr=0x800000000000000f, range=[0x000000007f4cf000-0x000000007f4d2000) (0MB)
2015-02-11T17:34:35.607674-06:00 c0-0c1s0n2 EFI: mem158: type=10, attr=0xf, range=[0x000000007f4d2000-0x000000007f558000) (0MB)
2015-02-11T17:34:35.632625-06:00 c0-0c1s0n2 EFI: mem159: type=3, attr=0xf, range=[0x000000007f558000-0x000000007f7e0000) (2MB)
2015-02-11T17:34:35.657789-06:00 c0-0c1s0n2 EFI: mem160: type=4, attr=0xf, range=[0x000000007f7e0000-0x000000007f7ef000) (0MB)
2015-02-11T17:34:35.658068-06:00 c0-0c1s0n2 EFI: mem161: type=3, attr=0xf, range=[0x000000007f7ef000-0x000000007f800000) (0MB)
2015-02-11T17:34:35.683105-06:00 c0-0c1s0n2 EFI: mem162: type=7, attr=0xf, range=[0x0000000100000000-0x0000001080000000) (63488MB)
2015-02-11T17:34:35.683432-06:00 c0-0c1s0n2 EFI: mem163: type=11, attr=0x8000000000000001, range=[0x0000000080000000-0x0000000090000000) (256MB)
2015-02-11T17:34:35.708454-06:00 c0-0c1s0n2 EFI: mem164: type=11, attr=0x8000000000000001, range=[0x00000000fed1c000-0x00000000fed20000) (0MB)
2015-02-11T17:34:35.708809-06:00 c0-0c1s0n2 EFI: mem165: type=11, attr=0x8000000000000001, range=[0x00000000ff000000-0x0000000100000000) (16MB)
2015-02-11T17:34:35.708842-06:00 c0-0c1s0n2 DMI 2.7 present.
2015-02-11T17:34:35.733729-06:00 c0-0c1s0n2 last_pfn = 0x1080000 max_arch_pfn = 0x400000000
2015-02-11T17:34:35.758719-06:00 c0-0c1s0n2 x86 PAT enabled: cpu 0, old 0x7040600070406, new 0x7010600070106
2015-02-11T17:34:35.758947-06:00 c0-0c1s0n2 last_pfn = 0x7f800 max_arch_pfn = 0x400000000
2015-02-11T17:34:35.759140-06:00 c0-0c1s0n2 found SMP MP-table at [ffff8800000fd830] fd830
2015-02-11T17:34:35.759285-06:00 c0-0c1s0n2 Using GB pages for direct mapping
2015-02-11T17:34:35.784024-06:00 c0-0c1s0n2 init_memory_mapping: 0000000000000000-000000007f800000
2015-02-11T17:34:35.784288-06:00 c0-0c1s0n2 init_memory_mapping: 0000000100000000-0000001080000000
2015-02-11T17:34:35.784422-06:00 c0-0c1s0n2 nmi ring buffer: 262144
2015-02-11T17:34:35.784500-06:00 c0-0c1s0n2 RAMDISK: 0fa00000 - 10610000
2015-02-11T17:34:35.809443-06:00 c0-0c1s0n2 ACPI: RSDP 000000007f395000 00024 (v02 ALASKA)
2015-02-11T17:34:35.809745-06:00 c0-0c1s0n2 ACPI: XSDT 000000007f395088 0008C (v01 ALASKA    A M I 01072009 AMI  00010013)
2015-02-11T17:34:35.834628-06:00 c0-0c1s0n2 ACPI: FACP 000000007f39ee50 000F4 (v04 ALASKA    A M I 01072009 AMI  00010013)
2015-02-11T17:34:35.834953-06:00 c0-0c1s0n2 ACPI: DSDT 000000007f3951a0 09CAD (v02 ALASKA    A M I 00000016 INTL 20051117)
2015-02-11T17:34:35.835051-06:00 c0-0c1s0n2 ACPI: FACS 000000007f4a3f80 00040
2015-02-11T17:34:35.859910-06:00 c0-0c1s0n2 ACPI: APIC 000000007f39ef48 00138 (v03 ALASKA    A M I 01072009 AMI  00010013)
2015-02-11T17:34:35.860266-06:00 c0-0c1s0n2 ACPI: FPDT 000000007f39f080 00044 (v01 ALASKA    A M I 01072009 AMI  00010013)
2015-02-11T17:34:35.885143-06:00 c0-0c1s0n2 ACPI: MCFG 000000007f39f0c8 0003C (v01 ALASKA OEMMCFG. 01072009 MSFT 00000097)
2015-02-11T17:34:35.885464-06:00 c0-0c1s0n2 ACPI: HPET 000000007f39f108 00038 (v01 ALASKA    A M I 01072009 AMI. 00000004)
2015-02-11T17:34:35.910334-06:00 c0-0c1s0n2 ACPI: PRAD 000000007f39f140 000BE (v02 PRADID  PRADTID 00000001 MSFT 03000001)
2015-02-11T17:34:35.910749-06:00 c0-0c1s0n2 ACPI: SSDT 000000007f39f200 70104 (v02  INTEL    CpuPm 00004000 INTL 20051117)
2015-02-11T17:34:35.935601-06:00 c0-0c1s0n2 ACPI: SPCR 000000007f40f308 00050 (v01  A M I   APTIO4 01072009 AMI. 00000004)
2015-02-11T17:34:35.935978-06:00 c0-0c1s0n2 ACPI: EINJ 000000007f40f358 00130 (v01    AMI AMI EINJ 00000000      00000000)
2015-02-11T17:34:35.936279-06:00 c0-0c1s0n2 ACPI: ERST 000000007f40f488 00230 (v01  AMIER AMI ERST 00000000      00000000)
2015-02-11T17:34:35.961127-06:00 c0-0c1s0n2 ACPI: HEST 000000007f40f6b8 000A8 (v01    AMI AMI HEST 00000000      00000000)
2015-02-11T17:34:35.986241-06:00 c0-0c1s0n2 ACPI: BERT 000000007f40f760 00030 (v01    AMI AMI BERT 00000000      00000000)
2015-02-11T17:34:35.986506-06:00 c0-0c1s0n2 ACPI: DMAR 000000007f40f790 000BC (v01 A M I   OEMDMAR 00000001 INTL 00000001)
2015-02-11T17:34:35.986643-06:00 c0-0c1s0n2 No NUMA configuration found
2015-02-11T17:34:36.011403-06:00 c0-0c1s0n2 Faking a node at 0000000000000000-0000001080000000
2015-02-11T17:34:36.011613-06:00 c0-0c1s0n2 Initmem setup node 0 0000000000000000-0000001080000000
2015-02-11T17:34:36.011750-06:00 c0-0c1s0n2  NODE_DATA [000000107ffbb000 - 000000107ffbffff]
2015-02-11T17:34:36.213631-06:00 c0-0c1s0n2 Zone PFN ranges:
2015-02-11T17:34:36.238503-06:00 c0-0c1s0n2  DMA      0x00000010 -> 0x00001000
2015-02-11T17:34:36.238579-06:00 c0-0c1s0n2  DMA32    0x00001000 -> 0x00100000
2015-02-11T17:34:36.238642-06:00 c0-0c1s0n2  Normal   0x00100000 -> 0x01080000
2015-02-11T17:34:36.238699-06:00 c0-0c1s0n2 Movable zone start PFN for each node
2015-02-11T17:34:36.263666-06:00 c0-0c1s0n2 early_node_map[5] active PFN ranges
2015-02-11T17:34:36.263706-06:00 c0-0c1s0n2    0: 0x00000010 -> 0x000000a0
2015-02-11T17:34:36.263736-06:00 c0-0c1s0n2    0: 0x00000100 -> 0x0007e67c
2015-02-11T17:34:36.263768-06:00 c0-0c1s0n2    0: 0x0007f491 -> 0x0007f493
2015-02-11T17:34:36.263807-06:00 c0-0c1s0n2    0: 0x0007f558 -> 0x0007f800
2015-02-11T17:34:36.263850-06:00 c0-0c1s0n2    0: 0x00100000 -> 0x01080000
2015-02-11T17:34:36.893707-06:00 c0-0c1s0n2 ACPI: LAPIC (acpi_id[0x00] lapic_id[0x00] enabled)
2015-02-11T17:34:36.918693-06:00 c0-0c1s0n2 ACPI: LAPIC (acpi_id[0x02] lapic_id[0x02] enabled)
2015-02-11T17:34:36.918801-06:00 c0-0c1s0n2 ACPI: LAPIC (acpi_id[0x04] lapic_id[0x04] enabled)
2015-02-11T17:34:36.918873-06:00 c0-0c1s0n2 ACPI: LAPIC (acpi_id[0x06] lapic_id[0x06] enabled)
2015-02-11T17:34:36.943929-06:00 c0-0c1s0n2 ACPI: LAPIC (acpi_id[0x08] lapic_id[0x08] enabled)
2015-02-11T17:34:36.943999-06:00 c0-0c1s0n2 ACPI: LAPIC (acpi_id[0x0a] lapic_id[0x0a] enabled)
2015-02-11T17:34:36.969053-06:00 c0-0c1s0n2 ACPI: LAPIC (acpi_id[0x0c] lapic_id[0x0c] enabled)
2015-02-11T17:34:36.969219-06:00 c0-0c1s0n2 ACPI: LAPIC (acpi_id[0x0e] lapic_id[0x0e] enabled)
2015-02-11T17:34:36.969361-06:00 c0-0c1s0n2 ACPI: LAPIC (acpi_id[0x01] lapic_id[0x01] enabled)
2015-02-11T17:34:36.969489-06:00 c0-0c1s0n2 ACPI: LAPIC (acpi_id[0x03] lapic_id[0x03] enabled)
2015-02-11T17:34:36.969629-06:00 c0-0c1s0n2 ACPI: LAPIC (acpi_id[0x05] lapic_id[0x05] enabled)
2015-02-11T17:34:36.994346-06:00 c0-0c1s0n2 ACPI: LAPIC (acpi_id[0x07] lapic_id[0x07] enabled)
2015-02-11T17:34:36.994626-06:00 c0-0c1s0n2 ACPI: LAPIC (acpi_id[0x09] lapic_id[0x09] enabled)
2015-02-11T17:34:36.994796-06:00 c0-0c1s0n2 ACPI: LAPIC (acpi_id[0x0b] lapic_id[0x0b] enabled)
2015-02-11T17:34:37.019558-06:00 c0-0c1s0n2 ACPI: LAPIC (acpi_id[0x0d] lapic_id[0x0d] enabled)
2015-02-11T17:34:37.019809-06:00 c0-0c1s0n2 ACPI: LAPIC (acpi_id[0x0f] lapic_id[0x0f] enabled)
2015-02-11T17:34:37.020034-06:00 c0-0c1s0n2 ACPI: LAPIC_NMI (acpi_id[0x00] high edge lint[0x1])
2015-02-11T17:34:37.044890-06:00 c0-0c1s0n2 ACPI: LAPIC_NMI (acpi_id[0x02] high edge lint[0x1])
2015-02-11T17:34:37.045206-06:00 c0-0c1s0n2 ACPI: LAPIC_NMI (acpi_id[0x04] high edge lint[0x1])
2015-02-11T17:34:37.045461-06:00 c0-0c1s0n2 ACPI: LAPIC_NMI (acpi_id[0x06] high edge lint[0x1])
2015-02-11T17:34:37.084313-06:00 c0-0c1s0n2 ACPI: LAPIC_NMI (acpi_id[0x08] high edge lint[0x1])
2015-02-11T17:34:37.084573-06:00 c0-0c1s0n2 ACPI: LAPIC_NMI (acpi_id[0x0a] high edge lint[0x1])
2015-02-11T17:34:37.084771-06:00 c0-0c1s0n2 ACPI: LAPIC_NMI (acpi_id[0x0c] high edge lint[0x1])
2015-02-11T17:34:37.124198-06:00 c0-0c1s0n2 ACPI: LAPIC_NMI (acpi_id[0x0e] high edge lint[0x1])
2015-02-11T17:34:37.124402-06:00 c0-0c1s0n2 ACPI: LAPIC_NMI (acpi_id[0x01] high edge lint[0x1])
2015-02-11T17:34:37.124628-06:00 c0-0c1s0n2 ACPI: LAPIC_NMI (acpi_id[0x03] high edge lint[0x1])
2015-02-11T17:34:37.124823-06:00 c0-0c1s0n2 ACPI: LAPIC_NMI (acpi_id[0x05] high edge lint[0x1])
2015-02-11T17:34:37.125039-06:00 c0-0c1s0n2 ACPI: LAPIC_NMI (acpi_id[0x07] high edge lint[0x1])
2015-02-11T17:34:37.125235-06:00 c0-0c1s0n2 ACPI: LAPIC_NMI (acpi_id[0x09] high edge lint[0x1])
2015-02-11T17:34:37.164116-06:00 c0-0c1s0n2 ACPI: LAPIC_NMI (acpi_id[0x0b] high edge lint[0x1])
2015-02-11T17:34:37.164323-06:00 c0-0c1s0n2 ACPI: LAPIC_NMI (acpi_id[0x0d] high edge lint[0x1])
2015-02-11T17:34:37.164520-06:00 c0-0c1s0n2 ACPI: LAPIC_NMI (acpi_id[0x0f] high edge lint[0x1])
2015-02-11T17:34:37.171060-06:00 c0-0c1s0n2 ACPI: IOAPIC (id[0x00] address[0xfec00000] gsi_base[0])
2015-02-11T17:34:37.171399-06:00 c0-0c1s0n2 IOAPIC[0]: apic_id 0, version 32, address 0xfec00000, GSI 0-23
2015-02-11T17:34:37.171640-06:00 c0-0c1s0n2 ACPI: IOAPIC (id[0x02] address[0xfec01000] gsi_base[24])
2015-02-11T17:34:37.196417-06:00 c0-0c1s0n2 IOAPIC[1]: apic_id 2, version 32, address 0xfec01000, GSI 24-47
2015-02-11T17:34:37.196729-06:00 c0-0c1s0n2 ACPI: INT_SRC_OVR (bus 0 bus_irq 0 global_irq 2 dfl dfl)
2015-02-11T17:34:37.197038-06:00 c0-0c1s0n2 ACPI: INT_SRC_OVR (bus 0 bus_irq 9 global_irq 9 high level)
2015-02-11T17:34:37.221797-06:00 c0-0c1s0n2 Using ACPI (MADT) for SMP configuration information
2015-02-11T17:34:37.222027-06:00 c0-0c1s0n2 ACPI: HPET id: 0x8086a701 base: 0xfed00000
2015-02-11T17:34:37.222212-06:00 c0-0c1s0n2 SMP: Allowing 16 CPUs, 0 hotplug CPUs
2015-02-11T17:34:37.222482-06:00 c0-0c1s0n2 Allocating PCI resources starting at 90000000 (gap: 90000000:6ed1c000)
2015-02-11T17:34:37.247202-06:00 c0-0c1s0n2 setup_percpu: NR_CPUS:128 nr_cpumask_bits:128 nr_cpu_ids:16 nr_node_ids:1
2015-02-11T17:34:37.247553-06:00 c0-0c1s0n2 PERCPU: Embedded 25 pages/cpu @ffff88107fa00000 s72704 r8192 d21504 u131072
2015-02-11T17:34:37.272384-06:00 c0-0c1s0n2 Built 1 zonelists in Zone order, mobility grouping on.  Total pages: 16534701
2015-02-11T17:34:37.272473-06:00 c0-0c1s0n2 Policy zone: Normal
2015-02-11T17:34:37.348360-06:00 c0-0c1s0n2 Kernel command line: earlyprintk=serial,115200 load_ramdisk=1 ramdisk_size=80000 console=ttyS0,115200n8 bootnodeip=10.131.255.254 bootproto=ipog bootpath=/rr/current rootfs=nfs-shared root=/dev/disk/by-id/scsi-3600a09800063789e0000008b54c3a04c-part1 oops=panic bootifnetmask=255.252.0.0 elevator=noop ippob1=10 ippob2=128 pcie_ports=native iommu=on intel_iommu=off bad_page=panic pln_enable=off apei_disable hest_disable erst_disable ghes_disable cgroup_disable=memory active_wlm=ALPS sdbnodeip=10.131.255.253 sessionid=p0-20150211t172524 _cray=marker_ 
2015-02-11T17:34:37.348453-06:00 c0-0c1s0n2 Intel-IOMMU: disabled
2015-02-11T17:34:37.373261-06:00 c0-0c1s0n2 Disabling memory control group subsystem
2015-02-11T17:34:37.373394-06:00 c0-0c1s0n2 PID hash table entries: 4096 (order: 3, 32768 bytes)
2015-02-11T17:34:37.398562-06:00 c0-0c1s0n2 xsave/xrstor: enabled xstate_bv 0x7, cntxt size 0x340
2015-02-11T17:34:37.807326-06:00 c0-0c1s0n2 Memory: 66065160k/69206016k available (5522k kernel code, 2121000k absent, 1019856k reserved, 5307k data, 692k init)
2015-02-11T17:34:37.807356-06:00 c0-0c1s0n2 Hierarchical RCU implementation.
2015-02-11T17:34:37.807366-06:00 c0-0c1s0n2 NR_IRQS:4352
2015-02-11T17:34:38.135745-06:00 c0-0c1s0n2 Extended CMOS year: 2000
2015-02-11T17:34:38.135753-06:00 c0-0c1s0n2 Console: colour dummy device 80x25
2015-02-11T17:34:38.135759-06:00 c0-0c1s0n2 console [ttyS0] enabled, bootconsole disabled
2015-02-11T17:34:38.135768-06:00 c0-0c1s0n2 console [ttyS0] enabled, bootconsole disabled
2015-02-11T17:34:38.135777-06:00 c0-0c1s0n2 Fast TSC calibration using PIT
2015-02-11T17:34:38.135783-06:00 c0-0c1s0n2 Detected 2600.016 MHz processor.
2015-02-11T17:34:38.135795-06:00 c0-0c1s0n2 Calibrating delay loop (skipped), value calculated using timer frequency.. 5200.03 BogoMIPS (lpj=10400064)
2015-02-11T17:34:38.135803-06:00 c0-0c1s0n2 pid_max: default: 32768 minimum: 301
2015-02-11T17:34:38.135809-06:00 c0-0c1s0n2 Dentry cache hash table entries: 8388608 (order: 14, 67108864 bytes)
2015-02-11T17:34:38.135820-06:00 c0-0c1s0n2 Inode-cache hash table entries: 4194304 (order: 13, 33554432 bytes)
2015-02-11T17:34:38.135825-06:00 c0-0c1s0n2 Mount-cache hash table entries: 256
2015-02-11T17:34:38.135839-06:00 c0-0c1s0n2 Initializing cgroup subsys cpuacct
2015-02-11T17:34:38.135848-06:00 c0-0c1s0n2 Initializing cgroup subsys memory
2015-02-11T17:34:38.135856-06:00 c0-0c1s0n2 Initializing cgroup subsys devices
2015-02-11T17:34:38.135864-06:00 c0-0c1s0n2 Initializing cgroup subsys perf_event
2015-02-11T17:34:38.135870-06:00 c0-0c1s0n2 CPU: Physical Processor ID: 0
2015-02-11T17:34:38.135876-06:00 c0-0c1s0n2 CPU: Processor Core ID: 0
2015-02-11T17:34:38.135881-06:00 c0-0c1s0n2 mce: CPU supports 20 MCE banks
2015-02-11T17:34:38.135887-06:00 c0-0c1s0n2 CPU0: Thermal monitoring enabled (TM1)
2015-02-11T17:34:38.135896-06:00 c0-0c1s0n2 using mwait in idle threads.
2015-02-11T17:34:38.135905-06:00 c0-0c1s0n2 ACPI: Core revision 20110413
2015-02-11T17:34:38.135943-06:00 c0-0c1s0n2 ftrace: allocating 20236 entries in 80 pages
2015-02-11T17:34:38.136094-06:00 c0-0c1s0n2 DMAR: Host address width 46
2015-02-11T17:34:38.136149-06:00 c0-0c1s0n2 DMAR: DRHD base: 0x000000fbffc000 flags: 0x1
2015-02-11T17:34:38.161196-06:00 c0-0c1s0n2 IOMMU 0: reg_base_addr fbffc000 ver 1:0 cap d2078c106f0462 ecap f020fe
2015-02-11T17:34:38.185806-06:00 c0-0c1s0n2 DMAR: RMRR base: 0x0000007f430000 end: 0x0000007f43cfff
2015-02-11T17:34:38.185856-06:00 c0-0c1s0n2 DMAR: ATSR flags: 0x0
2015-02-11T17:34:38.185946-06:00 c0-0c1s0n2 DMAR: RHSA base: 0x000000fbffc000 proximity domain: 0x0
2015-02-11T17:34:38.211047-06:00 c0-0c1s0n2 Switched APIC routing to physical flat.
2015-02-11T17:34:38.211138-06:00 c0-0c1s0n2 ..TIMER: vector=0x30 apic1=0 pin1=2 apic2=-1 pin2=-1
2015-02-11T17:34:38.261592-06:00 c0-0c1s0n2 CPU0: Intel(R) Xeon(R) CPU E5-2670 0 @ 2.60GHz stepping 07
2015-02-11T17:34:38.488867-06:00 c0-0c1s0n2 Performance Events: PEBS fmt1+, 16-deep LBR, SandyBridge events, full-width counters, Intel PMU driver.
2015-02-11T17:34:38.513989-06:00 c0-0c1s0n2 ... version:                3
2015-02-11T17:34:38.514024-06:00 c0-0c1s0n2 ... bit width:              48
2015-02-11T17:34:38.514078-06:00 c0-0c1s0n2 ... generic registers:      4
2015-02-11T17:34:38.514106-06:00 c0-0c1s0n2 ... value mask:             0000ffffffffffff
2015-02-11T17:34:38.539187-06:00 c0-0c1s0n2 ... max period:             0000ffffffffffff
2015-02-11T17:34:38.539232-06:00 c0-0c1s0n2 ... fixed-purpose events:   3
2015-02-11T17:34:38.539301-06:00 c0-0c1s0n2 ... event mask:             000000070000000f
2015-02-11T17:34:39.004524-06:00 c0-0c1s0n2 Booting Node   0, Processors  #1 #2 #3 #4 #5 #6 #7 #8 #9 #10 #11 #12 #13 #14 #15 Ok.
2015-02-11T17:34:39.041469-06:00 c0-0c1s0n2 Brought up 16 CPUs
2015-02-11T17:34:39.068654-06:00 c0-0c1s0n2 Total of 16 processors activated (83200.51 BogoMIPS).
2015-02-11T17:34:39.093910-06:00 c0-0c1s0n2 NET: Registered protocol family 16
2015-02-11T17:34:39.094043-06:00 c0-0c1s0n2 ACPI FADT declares the system doesn't support PCIe ASPM, so disable it
2015-02-11T17:34:39.094133-06:00 c0-0c1s0n2 ACPI: bus type pci registered
2015-02-11T17:34:39.119224-06:00 c0-0c1s0n2 PCI: MMCONFIG for domain 0000 [bus 00-ff] at [mem 0x80000000-0x8fffffff] (base 0x80000000)
2015-02-11T17:34:39.144383-06:00 c0-0c1s0n2 PCI: MMCONFIG at [mem 0x80000000-0x8fffffff] reserved in E820
2015-02-11T17:34:39.169609-06:00 c0-0c1s0n2 PCI: Using configuration type 1 for base access
2015-02-11T17:34:39.169863-06:00 c0-0c1s0n2 bio: create slab <bio-0> at 0
2015-02-11T17:34:39.195199-06:00 c0-0c1s0n2 ACPI: Executed 1 blocks of module-level executable AML code
2015-02-11T17:34:39.422010-06:00 c0-0c1s0n2 ACPI: Interpreter enabled
2015-02-11T17:34:39.422078-06:00 c0-0c1s0n2 ACPI: (supports S0 S1 S3 S5)
2015-02-11T17:34:39.447201-06:00 c0-0c1s0n2 ACPI: Using IOAPIC for interrupt routing
2015-02-11T17:34:39.447353-06:00 c0-0c1s0n2 ACPI: No dock devices found.
2015-02-11T17:34:39.447430-06:00 c0-0c1s0n2 HEST: Table parsing disabled.
2015-02-11T17:34:39.472485-06:00 c0-0c1s0n2 PCI: Using host bridge windows from ACPI; if necessary, use "pci=nocrs" and report a bug
2015-02-11T17:34:39.472596-06:00 c0-0c1s0n2 ACPI: PCI Root Bridge [PCI0] (domain 0000 [bus 00-fe])
2015-02-11T17:34:39.472778-06:00 c0-0c1s0n2 pci_root PNP0A08:00: host bridge window [io  0x0000-0x03af]
2015-02-11T17:34:39.497791-06:00 c0-0c1s0n2 pci_root PNP0A08:00: host bridge window [io  0x03e0-0x0cf7]
2015-02-11T17:34:39.497972-06:00 c0-0c1s0n2 pci_root PNP0A08:00: host bridge window [io  0x0d00-0xffff]
2015-02-11T17:34:39.523061-06:00 c0-0c1s0n2 pci_root PNP0A08:00: host bridge window [mem 0x000c0000-0x000dffff]
2015-02-11T17:34:39.523313-06:00 c0-0c1s0n2 pci_root PNP0A08:00: host bridge window [mem 0x80000000-0xfbffffff]
2015-02-11T17:34:39.523547-06:00 c0-0c1s0n2 pci_root PNP0A08:00: host bridge window [mem 0x1080000000-0x3c3fffffffff]
2015-02-11T17:34:39.548355-06:00 c0-0c1s0n2 pci 0000:00:02.0: PCI bridge to [bus 01-01]
2015-02-11T17:34:39.548526-06:00 c0-0c1s0n2 pci 0000:00:03.0: PCI bridge to [bus 02-02]
2015-02-11T17:34:39.573597-06:00 c0-0c1s0n2 pci 0000:00:03.2: PCI bridge to [bus 03-03]
2015-02-11T17:34:39.573769-06:00 c0-0c1s0n2 pci 0000:00:11.0: PCI bridge to [bus 04-04]
2015-02-11T17:34:39.598630-06:00 c0-0c1s0n2 pci 0000:00:1e.0: PCI bridge to [bus 05-05] (subtractive decode)
2015-02-11T17:34:39.598983-06:00 c0-0c1s0n2 pci0000:00: Unable to request _OSC control (_OSC support mask: 0x19)
2015-02-11T17:34:39.624434-06:00 c0-0c1s0n2 ACPI: PCI Root Bridge [UNC0] (domain 0000 [bus ff])
2015-02-11T17:34:39.649170-06:00 c0-0c1s0n2 pci0000:ff: Unable to request _OSC control (_OSC support mask: 0x19)
2015-02-11T17:34:39.649581-06:00 c0-0c1s0n2 ACPI: PCI Interrupt Link [LNKA] (IRQs 3 4 5 6 7 10 *11 12 14 15)
2015-02-11T17:34:39.674462-06:00 c0-0c1s0n2 ACPI: PCI Interrupt Link [LNKB] (IRQs 3 4 5 6 7 *10 11 12 14 15)
2015-02-11T17:34:39.674772-06:00 c0-0c1s0n2 ACPI: PCI Interrupt Link [LNKC] (IRQs 3 4 *5 6 10 11 12 14 15)
2015-02-11T17:34:39.699650-06:00 c0-0c1s0n2 ACPI: PCI Interrupt Link [LNKD] (IRQs *3 4 5 6 10 11 12 14 15)
2015-02-11T17:34:39.699981-06:00 c0-0c1s0n2 ACPI: PCI Interrupt Link [LNKE] (IRQs 3 4 5 6 7 10 11 12 14 15) *0
2015-02-11T17:34:39.700231-06:00 c0-0c1s0n2 ACPI: PCI Interrupt Link [LNKF] (IRQs 3 4 5 6 7 10 11 12 14 15) *0
2015-02-11T17:34:39.725212-06:00 c0-0c1s0n2 ACPI: PCI Interrupt Link [LNKG] (IRQs 3 4 5 6 7 10 11 12 14 15) *0
2015-02-11T17:34:39.750131-06:00 c0-0c1s0n2 ACPI: PCI Interrupt Link [LNKH] (IRQs 3 4 5 6 *7 10 11 12 14 15)
2015-02-11T17:34:39.750236-06:00 c0-0c1s0n2 vgaarb: loaded
2015-02-11T17:34:39.750323-06:00 c0-0c1s0n2 SCSI subsystem initialized
2015-02-11T17:34:39.750500-06:00 c0-0c1s0n2 PCI: Using ACPI for IRQ routing
2015-02-11T17:34:39.775643-06:00 c0-0c1s0n2 Switching to clocksource hpet
2015-02-11T17:34:39.775917-06:00 c0-0c1s0n2 pnp: PnP ACPI init
2015-02-11T17:34:39.776087-06:00 c0-0c1s0n2 ACPI: bus type pnp registered
2015-02-11T17:34:39.800835-06:00 c0-0c1s0n2 system 00:01: [mem 0xfc000000-0xfcffffff] has been reserved
2015-02-11T17:34:39.801137-06:00 c0-0c1s0n2 system 00:01: [mem 0xfd000000-0xfdffffff] has been reserved
2015-02-11T17:34:39.825883-06:00 c0-0c1s0n2 system 00:01: [mem 0xfe000000-0xfeafffff] has been reserved
2015-02-11T17:34:39.826262-06:00 c0-0c1s0n2 system 00:01: [mem 0xfeb00000-0xfebfffff] has been reserved
2015-02-11T17:34:39.826497-06:00 c0-0c1s0n2 system 00:01: [mem 0xfed00400-0xfed3ffff] could not be reserved
2015-02-11T17:34:39.851365-06:00 c0-0c1s0n2 system 00:01: [mem 0xfed45000-0xfedfffff] has been reserved
2015-02-11T17:34:39.851641-06:00 c0-0c1s0n2 system 00:02: [mem 0xfbffc000-0xfbffdfff] has been reserved
2015-02-11T17:34:39.876544-06:00 c0-0c1s0n2 system 00:06: [io  0x04d0-0x04d1] has been reserved
2015-02-11T17:34:39.876942-06:00 c0-0c1s0n2 system 00:08: [io  0x0400-0x0453] has been reserved
2015-02-11T17:34:39.877166-06:00 c0-0c1s0n2 system 00:08: [io  0x0458-0x047f] has been reserved
2015-02-11T17:34:39.901951-06:00 c0-0c1s0n2 system 00:08: [io  0x1180-0x119f] has been reserved
2015-02-11T17:34:39.902131-06:00 c0-0c1s0n2 system 00:08: [io  0x0500-0x057f] has been reserved
2015-02-11T17:34:39.927188-06:00 c0-0c1s0n2 system 00:08: [mem 0xfed1c000-0xfed1ffff] has been reserved
2015-02-11T17:34:39.927474-06:00 c0-0c1s0n2 system 00:08: [mem 0xfec00000-0xfecfffff] could not be reserved
2015-02-11T17:34:39.927737-06:00 c0-0c1s0n2 system 00:08: [mem 0xfed08000-0xfed08fff] has been reserved
2015-02-11T17:34:39.952563-06:00 c0-0c1s0n2 system 00:08: [mem 0xff000000-0xffffffff] has been reserved
2015-02-11T17:34:39.952828-06:00 c0-0c1s0n2 system 00:09: [io  0x0454-0x0457] has been reserved
2015-02-11T17:34:39.977704-06:00 c0-0c1s0n2 pnp: PnP ACPI: found 12 devices
2015-02-11T17:34:39.977903-06:00 c0-0c1s0n2 ACPI: ACPI bus type pnp unregistered
2015-02-11T17:34:39.978201-06:00 c0-0c1s0n2 pci 0000:00:02.0: PCI bridge to [bus 01-01]
2015-02-11T17:34:40.002848-06:00 c0-0c1s0n2 pci 0000:00:02.0:   bridge window [io  disabled]
2015-02-11T17:34:40.003127-06:00 c0-0c1s0n2 pci 0000:00:02.0:   bridge window [mem disabled]
2015-02-11T17:34:40.028139-06:00 c0-0c1s0n2 pci 0000:00:02.0:   bridge window [mem 0x3c0000000000-0x3c20000fffff 64bit pref]
2015-02-11T17:34:40.028357-06:00 c0-0c1s0n2 pci 0000:00:03.0: PCI bridge to [bus 02-02]
2015-02-11T17:34:40.028584-06:00 c0-0c1s0n2 pci 0000:00:03.0:   bridge window [io  disabled]
2015-02-11T17:34:40.053318-06:00 c0-0c1s0n2 pci 0000:00:03.0:   bridge window [mem 0xfbc00000-0xfbdfffff]
2015-02-11T17:34:40.053740-06:00 c0-0c1s0n2 pci 0000:00:03.0:   bridge window [mem 0x3c2001000000-0x3c20017fffff 64bit pref]
2015-02-11T17:34:40.078626-06:00 c0-0c1s0n2 pci 0000:00:03.2: PCI bridge to [bus 03-03]
2015-02-11T17:34:40.078872-06:00 c0-0c1s0n2 pci 0000:00:03.2:   bridge window [io  disabled]
2015-02-11T17:34:40.079162-06:00 c0-0c1s0n2 pci 0000:00:03.2:   bridge window [mem 0xfba00000-0xfbbfffff]
2015-02-11T17:34:40.104120-06:00 c0-0c1s0n2 pci 0000:00:03.2:   bridge window [mem 0x3c2000800000-0x3c2000ffffff 64bit pref]
2015-02-11T17:34:40.104354-06:00 c0-0c1s0n2 pci 0000:00:11.0: PCI bridge to [bus 04-04]
2015-02-11T17:34:40.129100-06:00 c0-0c1s0n2 pci 0000:00:11.0:   bridge window [io  0xe000-0xefff]
2015-02-11T17:34:40.129380-06:00 c0-0c1s0n2 pci 0000:00:11.0:   bridge window [mem 0xfbe00000-0xfbefffff]
2015-02-11T17:34:40.129694-06:00 c0-0c1s0n2 pci 0000:00:11.0:   bridge window [mem 0x3c2001800000-0x3c2001cfffff 64bit pref]
2015-02-11T17:34:40.154522-06:00 c0-0c1s0n2 pci 0000:00:1e.0: PCI bridge to [bus 05-05]
2015-02-11T17:34:40.154755-06:00 c0-0c1s0n2 pci 0000:00:1e.0:   bridge window [io  disabled]
2015-02-11T17:34:40.179569-06:00 c0-0c1s0n2 pci 0000:00:1e.0:   bridge window [mem disabled]
2015-02-11T17:34:40.179845-06:00 c0-0c1s0n2 pci 0000:00:1e.0:   bridge window [mem pref disabled]
2015-02-11T17:34:40.180165-06:00 c0-0c1s0n2 pci 0000:00:02.0: PCI INT A -> GSI 32 (level, low) -> IRQ 32
2015-02-11T17:34:40.205006-06:00 c0-0c1s0n2 pci 0000:00:03.0: PCI INT A -> GSI 40 (level, low) -> IRQ 40
2015-02-11T17:34:40.205370-06:00 c0-0c1s0n2 pci 0000:00:03.2: PCI INT A -> GSI 40 (level, low) -> IRQ 40
2015-02-11T17:34:40.230064-06:00 c0-0c1s0n2 pci 0000:00:11.0: PCI INT A -> GSI 16 (level, low) -> IRQ 16
2015-02-11T17:34:40.230358-06:00 c0-0c1s0n2 NET: Registered protocol family 2
2015-02-11T17:34:40.230635-06:00 c0-0c1s0n2 IP route cache hash table entries: 524288 (order: 10, 4194304 bytes)
2015-02-11T17:34:40.255495-06:00 c0-0c1s0n2 TCP established hash table entries: 524288 (order: 11, 8388608 bytes)
2015-02-11T17:34:40.255903-06:00 c0-0c1s0n2 TCP bind hash table entries: 65536 (order: 8, 1048576 bytes)
2015-02-11T17:34:40.280825-06:00 c0-0c1s0n2 TCP: Hash tables configured (established 524288 bind 65536)
2015-02-11T17:34:40.280953-06:00 c0-0c1s0n2 TCP reno registered
2015-02-11T17:34:40.281263-06:00 c0-0c1s0n2 UDP hash table entries: 32768 (order: 8, 1048576 bytes)
2015-02-11T17:34:40.306382-06:00 c0-0c1s0n2 UDP-Lite hash table entries: 32768 (order: 8, 1048576 bytes)
2015-02-11T17:34:40.306390-06:00 c0-0c1s0n2 NET: Registered protocol family 1
2015-02-11T17:34:40.331163-06:00 c0-0c1s0n2 RPC: Registered named UNIX socket transport module.
2015-02-11T17:34:40.331406-06:00 c0-0c1s0n2 RPC: Registered udp transport module.
2015-02-11T17:34:40.331552-06:00 c0-0c1s0n2 RPC: Registered tcp transport module.
2015-02-11T17:34:40.331797-06:00 c0-0c1s0n2 RPC: Registered tcp NFSv4.1 backchannel transport module.
2015-02-11T17:34:40.356722-06:00 c0-0c1s0n2 pci 0000:00:1a.0: PCI INT A -> GSI 16 (level, low) -> IRQ 16
2015-02-11T17:34:40.381862-06:00 c0-0c1s0n2 pci 0000:00:1a.0: PCI INT A disabled
2015-02-11T17:34:40.382065-06:00 c0-0c1s0n2 pci 0000:00:1d.0: PCI INT A -> GSI 23 (level, low) -> IRQ 23
2015-02-11T17:34:40.407241-06:00 c0-0c1s0n2 pci 0000:00:1d.0: PCI INT A disabled
2015-02-11T17:34:40.432227-06:00 c0-0c1s0n2 Trying to unpack rootfs image as initramfs...
2015-02-11T17:34:40.886173-06:00 c0-0c1s0n2 Freeing initrd memory: 12352k freed
2015-02-11T17:34:40.886283-06:00 c0-0c1s0n2 DMAR: Device scope device [0000:00:01.01] not found
2015-02-11T17:34:40.886354-06:00 c0-0c1s0n2 DMAR: Device scope device [0000:00:01.01] not found
2015-02-11T17:34:40.886454-06:00 c0-0c1s0n2 PCI-DMA: Using software bounce buffering for IO (SWIOTLB)
2015-02-11T17:34:40.911449-06:00 c0-0c1s0n2 Placing 64MB software IO TLB between ffff88007a67c000 - ffff88007e67c000
2015-02-11T17:34:40.911653-06:00 c0-0c1s0n2 software IO TLB at phys 0x7a67c000 - 0x7e67c000
2015-02-11T17:34:40.911848-06:00 c0-0c1s0n2 Machine check injector initialized
2015-02-11T17:34:40.936814-06:00 c0-0c1s0n2 futex hash table entries: 4096 (order: 6, 262144 bytes)
2015-02-11T17:34:40.936955-06:00 c0-0c1s0n2 Registering pnotify support for (name=job)
2015-02-11T17:34:40.937017-06:00 c0-0c1s0n2 CSA: initialized
2015-02-11T17:34:40.962019-06:00 c0-0c1s0n2 audit: initializing netlink socket (disabled)
2015-02-11T17:34:40.962198-06:00 c0-0c1s0n2 type=2000 audit(1423697674.544:1): initialized
2015-02-11T17:34:41.012757-06:00 c0-0c1s0n2 HugeTLB registered 2 MB page size, pre-allocated 0 pages
2015-02-11T17:34:41.012889-06:00 c0-0c1s0n2 VFS: Disk quotas dquot_6.5.2
2015-02-11T17:34:41.037803-06:00 c0-0c1s0n2 Dquot-cache hash table entries: 512 (order 0, 4096 bytes)
2015-02-11T17:34:41.037993-06:00 c0-0c1s0n2 Installing knfsd (copyright (C) 1996 okir@monad.swb.de).
2015-02-11T17:34:41.038075-06:00 c0-0c1s0n2 fuse init (API version 7.16)
2015-02-11T17:34:41.063041-06:00 c0-0c1s0n2 Installing v9fs 9p2000 file system support
2015-02-11T17:34:41.063198-06:00 c0-0c1s0n2 msgmni has been set to 32268
2015-02-11T17:34:41.063463-06:00 c0-0c1s0n2 Block layer SCSI generic (bsg) driver version 0.4 loaded (major 254)
2015-02-11T17:34:41.088249-06:00 c0-0c1s0n2 io scheduler noop registered (default)
2015-02-11T17:34:41.088411-06:00 c0-0c1s0n2 io scheduler deadline registered
2015-02-11T17:34:41.088599-06:00 c0-0c1s0n2 io scheduler cfq registered
2015-02-11T17:34:41.113436-06:00 c0-0c1s0n2 input: Power Button as /devices/LNXSYSTM:00/LNXSYBUS:00/PNP0C0C:00/input/input0
2015-02-11T17:34:41.113514-06:00 c0-0c1s0n2 ACPI: Power Button [PWRB]
2015-02-11T17:34:41.113787-06:00 c0-0c1s0n2 input: Power Button as /devices/LNXSYSTM:00/LNXPWRBN:00/input/input1
2015-02-11T17:34:41.138548-06:00 c0-0c1s0n2 ACPI: Power Button [PWRF]
2015-02-11T17:34:41.239567-06:00 c0-0c1s0n2 ERST: Error Record Serialization Table (ERST) support is disabled.
2015-02-11T17:34:41.239640-06:00 c0-0c1s0n2 GHES: HEST is not enabled!
2015-02-11T17:34:41.315256-06:00 c0-0c1s0n2 Serial: 8250/16550 driver, 2 ports, IRQ sharing disabled
2015-02-11T17:34:41.315392-06:00 c0-0c1s0n2 serial8250: ttyS0 at I/O 0x3f8 (irq = 4) is a 16550A
2015-02-11T17:34:41.391097-06:00 c0-0c1s0n2 serial8250: ttyS1 at I/O 0x2f8 (irq = 3) is a 16550A
2015-02-11T17:34:41.466874-06:00 c0-0c1s0n2 Real Time Clock Driver v1.12b
2015-02-11T17:34:41.491899-06:00 c0-0c1s0n2 Linux agpgart interface v0.103
2015-02-11T17:34:41.492008-06:00 c0-0c1s0n2 brd: module loaded
2015-02-11T17:34:41.492107-06:00 c0-0c1s0n2 loop: module loaded
2015-02-11T17:34:41.492172-06:00 c0-0c1s0n2 Loading iSCSI transport class v2.0-870.
2015-02-11T17:34:41.517200-06:00 c0-0c1s0n2 iscsi: registered transport (tcp)
2015-02-11T17:34:41.517358-06:00 c0-0c1s0n2 Rounding down aligned max_sectors from 4294967295 to 4294967288
2015-02-11T17:34:41.517444-06:00 c0-0c1s0n2 console [netcon0] enabled
2015-02-11T17:34:41.542458-06:00 c0-0c1s0n2 netconsole: network logging started
2015-02-11T17:34:41.542599-06:00 c0-0c1s0n2 i8042: PNP: No PS/2 controller found. Probing ports directly.
2015-02-11T17:34:41.941151-06:00 c0-0c1s0n2 Refined TSC clocksource calibration: 2599.999 MHz.
2015-02-11T17:34:41.941185-06:00 c0-0c1s0n2 Switching to clocksource tsc
2015-02-11T17:34:42.588707-06:00 c0-0c1s0n2 i8042: No controller found
2015-02-11T17:34:42.588752-06:00 c0-0c1s0n2 EDAC MC: Ver: 2.1.0
2015-02-11T17:34:42.588837-06:00 c0-0c1s0n2 cpuidle: using governor ladder
2015-02-11T17:34:42.588944-06:00 c0-0c1s0n2 cpuidle: using governor menu
2015-02-11T17:34:42.613867-06:00 c0-0c1s0n2 oprofile: using NMI interrupt.
2015-02-11T17:34:42.613937-06:00 c0-0c1s0n2 TCP cubic registered
2015-02-11T17:34:42.614051-06:00 c0-0c1s0n2 NET: Registered protocol family 10
2015-02-11T17:34:42.614100-06:00 c0-0c1s0n2 IPv6 over IPv4 tunneling driver
2015-02-11T17:34:42.614214-06:00 c0-0c1s0n2 NET: Registered protocol family 17
2015-02-11T17:34:42.614308-06:00 c0-0c1s0n2 Installing 9P2000 support
2015-02-11T17:34:42.639207-06:00 c0-0c1s0n2 Registering the dns_resolver key type
2015-02-11T17:34:42.639306-06:00 c0-0c1s0n2 registered taskstats version 1
2015-02-11T17:34:42.664342-06:00 c0-0c1s0n2 Freeing unused kernel memory: 692k freed
2015-02-11T17:34:42.740278-06:00 c0-0c1s0n2 ghal_init:Cray(R) Gemini Hardware Abstraction Layer - version 1.0107
2015-02-11T17:34:42.740354-06:00 c0-0c1s0n2 ghal_init:Copyright (C) 2007-1012 Cray Inc.
2015-02-11T17:34:42.765590-06:00 c0-0c1s0n2 ghal 0000:01:00.1: enabling device (0000 -> 0002)
2015-02-11T17:34:42.790578-06:00 c0-0c1s0n2 udev: starting version 147
2015-02-11T17:34:42.790586-06:00 c0-0c1s0n2 simplex: module license 'unspecified' taints kernel.
2015-02-11T17:34:42.790793-06:00 c0-0c1s0n2 hss-os: communication area 0xffff881009af4600 (phys 0x1009af4600)
2015-02-11T17:34:42.790830-06:00 c0-0c1s0n2 hss-os: new channel 1
2015-02-11T17:34:44.618163-06:00 c0-0c1s0n2 request_sys_info_from_L0: No tile dimension data
2015-02-11T17:34:44.618173-06:00 c0-0c1s0n2 hss-os: new channel 2
2015-02-11T17:34:44.618179-06:00 c0-0c1s0n2 kgni_init:Cray(R) Gemini Network Interface - Sep 17 2014 version 0x004500b7 rev 9750
2015-02-11T17:34:44.618184-06:00 c0-0c1s0n2 kgni_init:Copyright (C) 2007,2008 Cray Inc.
2015-02-11T17:34:44.618189-06:00 c0-0c1s0n2 ipogif_init:Cray(R) Gemini IP over Fabric device driver - version 0.17
2015-02-11T17:34:44.618194-06:00 c0-0c1s0n2 ipogif_init:Copyright (C) 2007 Cray Inc.
2015-02-11T17:34:44.618198-06:00 c0-0c1s0n2 ipogif_probe:Immediate checksum off
2015-02-11T17:34:44.618204-06:00 c0-0c1s0n2 Cray(R) Gemini Performance Counter Daemon - version 0.1
2015-02-11T17:34:44.618212-06:00 c0-0c1s0n2 GEMINI Performance Counter Daemon.
2015-02-11T17:34:44.618218-06:00 c0-0c1s0n2 Cray(R) Kernel Dynamic Registration (KDREG) Interface - version 0x2243e
2015-02-11T17:34:44.618226-06:00 c0-0c1s0n2 Copyright (C) 2004-5 Pete Wyckoff - modified by Cray(R)
2015-02-11T17:34:44.618248-06:00 c0-0c1s0n2 ipogif_up:Bringing interface up
2015-02-11T17:34:44.618253-06:00 c0-0c1s0n2 Sending ec_node_info with boot code 0 (NODE_INFO_OS_BOOT) for nid 66
2015-02-11T17:34:44.618258-06:00 c0-0c1s0n2 net.core.rmem_max = 16777216
2015-02-11T17:34:44.618266-06:00 c0-0c1s0n2 net.core.wmem_max = 16777216
2015-02-11T17:34:44.618290-06:00 c0-0c1s0n2 net.core.rmem_default = 16777216
2015-02-11T17:34:44.618296-06:00 c0-0c1s0n2 net.core.wmem_default = 16777216
2015-02-11T17:34:44.618302-06:00 c0-0c1s0n2 net.core.optmem_max = 16777216
2015-02-11T17:34:44.618313-06:00 c0-0c1s0n2 net.ipv4.tcp_mem = 16777216 16777216 16777216
2015-02-11T17:34:44.618329-06:00 c0-0c1s0n2 net.ipv4.tcp_rmem = 4096 87380 16777216
2015-02-11T17:34:44.618334-06:00 c0-0c1s0n2 net.ipv4.tcp_wmem = 4096 65536 16777216
2015-02-11T17:34:44.618351-06:00 c0-0c1s0n2 Using rootfs config: nfs-shared...
2015-02-11T17:34:44.618356-06:00 c0-0c1s0n2 rootfs mount succeeded.
2015-02-11T17:34:44.618362-06:00 c0-0c1s0n2 **********************************************************
2015-02-11T17:34:44.618368-06:00 c0-0c1s0n2    HOSTNAME: nid00066
2015-02-11T17:34:44.618397-06:00 c0-0c1s0n2 **********************************************************
2015-02-11T17:34:44.618407-06:00 c0-0c1s0n2 ipogif0   Link encap:Ethernet  HWaddr 00:01:01:00:00:42  
2015-02-11T17:34:44.618413-06:00 c0-0c1s0n2          inet addr:10.128.0.67  Mask:255.252.0.0
2015-02-11T17:34:44.618418-06:00 c0-0c1s0n2          inet6 addr: fe80::201:1ff:fe00:42/64 Scope:Link
2015-02-11T17:34:44.618444-06:00 c0-0c1s0n2          UP RUNNING NOARP  MTU:65520  Metric:1
2015-02-11T17:34:44.618450-06:00 c0-0c1s0n2          RX packets:21 errors:0 dropped:0 overruns:0 frame:0
2015-02-11T17:34:44.618478-06:00 c0-0c1s0n2          TX packets:28 errors:0 dropped:0 overruns:0 carrier:0
2015-02-11T17:34:44.618486-06:00 c0-0c1s0n2          collisions:0 txqueuelen:1000 
2015-02-11T17:34:44.618492-06:00 c0-0c1s0n2          RX bytes:2496 (2.4 KiB)  TX bytes:2540 (2.4 KiB)
2015-02-11T17:34:44.618501-06:00 c0-0c1s0n2 lo        Link encap:Local Loopback  
2015-02-11T17:34:44.618511-06:00 c0-0c1s0n2          inet addr:127.0.0.1  Mask:255.0.0.0
2015-02-11T17:34:44.618520-06:00 c0-0c1s0n2          inet6 addr: ::1/128 Scope:Host
2015-02-11T17:34:44.618527-06:00 c0-0c1s0n2          UP LOOPBACK RUNNING  MTU:16436  Metric:1
2015-02-11T17:34:44.618533-06:00 c0-0c1s0n2          RX packets:0 errors:0 dropped:0 overruns:0 frame:0
2015-02-11T17:34:44.618544-06:00 c0-0c1s0n2          TX packets:0 errors:0 dropped:0 overruns:0 carrier:0
2015-02-11T17:34:44.618552-06:00 c0-0c1s0n2          collisions:0 txqueuelen:0 
2015-02-11T17:34:44.618558-06:00 c0-0c1s0n2          RX bytes:0 (0.0 B)  TX bytes:0 (0.0 B)
2015-02-11T17:34:44.618568-06:00 c0-0c1s0n2 Mounting NID specific /etc (nid=66)...
2015-02-11T17:34:44.618577-06:00 c0-0c1s0n2 done.
2015-02-11T17:34:44.618587-06:00 c0-0c1s0n2 INIT: version 2.86 booting
2015-02-11T17:34:44.618593-06:00 c0-0c1s0n2 System Boot Control: Running /etc/init.d/boot
2015-02-11T17:34:44.618599-06:00 c0-0c1s0n2 Mounting sysfs at /sys7[?25l
2015-02-11T17:34:44.618607-06:00 c0-0c1s0n2 [80C[10D[1;32mdone[m8[?25h
2015-02-11T17:34:44.618612-06:00 c0-0c1s0n2 Copying static /dev content7[?25l
2015-02-11T17:34:44.618621-06:00 c0-0c1s0n2 [80C[10D[1;32mdone[m8[?25h
2015-02-11T17:34:44.618627-06:00 c0-0c1s0n2 Mounting tmpfs at /dev/shm7[?25l
2015-02-11T17:34:44.618633-06:00 c0-0c1s0n2 [80C[10D[1;32mdone[m8[?25h
2015-02-11T17:34:44.618642-06:00 c0-0c1s0n2 Mounting devpts at /dev/pts7[?25l
2015-02-11T17:34:44.618648-06:00 c0-0c1s0n2 [80C[10D[1;32mdone[m8[?25h
2015-02-11T17:34:44.618677-06:00 c0-0c1s0n2 Boot logging started on /dev/ttyS0(/dev/console) at Wed Feb 11 17:34:38 2015
2015-02-11T17:34:44.618687-06:00 c0-0c1s0n2 Mounting debugfs at /sys/kernel/debug7[?25l
2015-02-11T17:34:44.618696-06:00 c0-0c1s0n2 [80C[10D[1;32mdone[m8[?25h
2015-02-11T17:34:44.618705-06:00 c0-0c1s0n2 [m[?25hNo efivars filesystem driver available.[m[?25hStarting udevd: udev: starting version 147
2015-02-11T17:34:44.618712-06:00 c0-0c1s0n2 7[?25l
2015-02-11T17:34:44.618736-06:00 c0-0c1s0n2 [80C[10D[1;32mdone[m8[?25h
2015-02-11T17:34:44.644853-06:00 c0-0c1s0n2 Loading drivers, configuring devices: Compat-rdma backport release: ac916cb
2015-02-11T17:34:44.644865-06:00 c0-0c1s0n2 Backport based on git://git.openfabrics.org/compat-rdma/compat.git 5268562
2015-02-11T17:34:44.644884-06:00 c0-0c1s0n2 usbcore: registered new interface driver usbfs
2015-02-11T17:34:44.694112-06:00 c0-0c1s0n2 usbcore: registered new interface driver hub
2015-02-11T17:34:44.694154-06:00 c0-0c1s0n2 usbcore: registered new device driver usb
2015-02-11T17:34:44.694167-06:00 c0-0c1s0n2 ahci 0000:00:1f.2: PCI INT B -> GSI 19 (level, low) -> IRQ 19
2015-02-11T17:34:44.694189-06:00 c0-0c1s0n2 compat.git: git://git.openfabrics.org/compat-rdma/compat.git
2015-02-11T17:34:44.694211-06:00 c0-0c1s0n2 ahci 0000:00:1f.2: forcing PORTS_IMPL to 0x3f
2015-02-11T17:34:44.694542-06:00 c0-0c1s0n2 ahci 0000:00:1f.2: AHCI 0001.0300 32 slots 6 ports 6 Gbps 0x3f impl SATA mode
2015-02-11T17:34:44.719199-06:00 c0-0c1s0n2 ahci 0000:00:1f.2: flags: 64bit ncq sntf pm led clo pio slum part ems apst 
2015-02-11T17:34:44.719249-06:00 c0-0c1s0n2 scsi0 : ahci
2015-02-11T17:34:44.719508-06:00 c0-0c1s0n2 scsi1 : ahci
2015-02-11T17:34:44.719687-06:00 c0-0c1s0n2 ehci_hcd: USB 2.0 'Enhanced' Host Controller (EHCI) Driver
2015-02-11T17:34:44.744635-06:00 c0-0c1s0n2 mlx4_core: Mellanox ConnectX core driver v1.1 (Dec, 2011)
2015-02-11T17:34:44.744695-06:00 c0-0c1s0n2 mlx4_core: Initializing 0000:02:00.0
2015-02-11T17:34:44.744867-06:00 c0-0c1s0n2 mlx4_core 0000:02:00.0: PCI INT A -> GSI 40 (level, low) -> IRQ 40
2015-02-11T17:34:44.744931-06:00 c0-0c1s0n2 scsi2 : ahci
2015-02-11T17:34:44.744982-06:00 c0-0c1s0n2 scsi3 : ahci
2015-02-11T17:34:44.769721-06:00 c0-0c1s0n2 scsi4 : ahci
2015-02-11T17:34:44.769777-06:00 c0-0c1s0n2 scsi5 : ahci
2015-02-11T17:34:44.770160-06:00 c0-0c1s0n2 ata2: SATA max UDMA/133 abar m2048@0xfbf00000 port 0xfbf00100 irq 164
2015-02-11T17:34:44.794843-06:00 c0-0c1s0n2 ata3: SATA max UDMA/133 abar m2048@0xfbf00000 port 0xfbf00180 irq 164
2015-02-11T17:34:44.795188-06:00 c0-0c1s0n2 ata4: SATA max UDMA/133 abar m2048@0xfbf00000 port 0xfbf00200 irq 164
2015-02-11T17:34:44.820224-06:00 c0-0c1s0n2 ata5: SATA max UDMA/133 abar m2048@0xfbf00000 port 0xfbf00280 irq 164
2015-02-11T17:34:44.820578-06:00 c0-0c1s0n2 ata6: SATA max UDMA/133 abar m2048@0xfbf00000 port 0xfbf00300 irq 164
2015-02-11T17:34:44.845680-06:00 c0-0c1s0n2 ata7: SATA max UDMA/133 abar m2048@0xfbf00000 port 0xfbf00380 irq 164
2015-02-11T17:34:44.885530-06:00 c0-0c1s0n2 ehci_hcd 0000:00:1a.0: PCI INT A -> GSI 16 (level, low) -> IRQ 16
2015-02-11T17:34:44.886253-06:00 c0-0c1s0n2 ehci_hcd 0000:00:1a.0: EHCI Host Controller
2015-02-11T17:34:44.886278-06:00 c0-0c1s0n2 ehci_hcd 0000:00:1a.0: new USB bus registered, assigned bus number 1
2015-02-11T17:34:44.886308-06:00 c0-0c1s0n2 ehci_hcd 0000:00:1a.0: debug port 2
2015-02-11T17:34:44.886318-06:00 c0-0c1s0n2 ehci_hcd 0000:00:1a.0: irq 16, io mem 0xfbf02000
2015-02-11T17:34:44.911676-06:00 c0-0c1s0n2 ehci_hcd 0000:00:1a.0: USB 2.0 started, EHCI 1.00
2015-02-11T17:34:44.938918-06:00 c0-0c1s0n2 hub 1-0:1.0: USB hub found
2015-02-11T17:34:44.939134-06:00 c0-0c1s0n2 hub 1-0:1.0: 2 ports detected
2015-02-11T17:34:44.964379-06:00 c0-0c1s0n2 ehci_hcd 0000:00:1d.0: PCI INT A -> GSI 23 (level, low) -> IRQ 23
2015-02-11T17:34:44.964390-06:00 c0-0c1s0n2 ehci_hcd 0000:00:1d.0: EHCI Host Controller
2015-02-11T17:34:44.964418-06:00 c0-0c1s0n2 ehci_hcd 0000:00:1d.0: new USB bus registered, assigned bus number 2
2015-02-11T17:34:44.964441-06:00 c0-0c1s0n2 ehci_hcd 0000:00:1d.0: debug port 2
2015-02-11T17:34:44.989821-06:00 c0-0c1s0n2 ehci_hcd 0000:00:1d.0: irq 23, io mem 0xfbf01000
2015-02-11T17:34:44.990037-06:00 c0-0c1s0n2 ehci_hcd 0000:00:1d.0: USB 2.0 started, EHCI 1.00
2015-02-11T17:34:45.015391-06:00 c0-0c1s0n2 hub 2-0:1.0: USB hub found
2015-02-11T17:34:45.015402-06:00 c0-0c1s0n2 hub 2-0:1.0: 2 ports detected
2015-02-11T17:34:45.254074-06:00 c0-0c1s0n2 usb 1-1: new high-speed USB device number 2 using ehci_hcd
2015-02-11T17:34:45.380275-06:00 c0-0c1s0n2 hub 1-1:1.0: USB hub found
2015-02-11T17:34:45.380400-06:00 c0-0c1s0n2 hub 1-1:1.0: 6 ports detected
2015-02-11T17:34:45.506549-06:00 c0-0c1s0n2 usb 2-1: new high-speed USB device number 2 using ehci_hcd
2015-02-11T17:34:45.632983-06:00 c0-0c1s0n2 hub 2-1:1.0: USB hub found
2015-02-11T17:34:45.633042-06:00 c0-0c1s0n2 hub 2-1:1.0: 8 ports detected
2015-02-11T17:34:45.900717-06:00 c0-0c1s0n2 ata7: failed to resume link (SControl 0)
2015-02-11T17:34:45.900770-06:00 c0-0c1s0n2 ata7: SATA link down (SStatus 0 SControl 0)
2015-02-11T17:34:45.900902-06:00 c0-0c1s0n2 ata3: failed to resume link (SControl 0)
2015-02-11T17:34:45.900947-06:00 c0-0c1s0n2 ata3: SATA link down (SStatus 0 SControl 0)
2015-02-11T17:34:45.901062-06:00 c0-0c1s0n2 ata2: failed to resume link (SControl 0)
2015-02-11T17:34:45.901141-06:00 c0-0c1s0n2 ata2: SATA link down (SStatus 0 SControl 0)
2015-02-11T17:34:45.925952-06:00 c0-0c1s0n2 ata6: failed to resume link (SControl 0)
2015-02-11T17:34:45.926125-06:00 c0-0c1s0n2 ata6: SATA link down (SStatus 0 SControl 0)
2015-02-11T17:34:45.926222-06:00 c0-0c1s0n2 ata4: failed to resume link (SControl 0)
2015-02-11T17:34:45.926337-06:00 c0-0c1s0n2 ata4: SATA link down (SStatus 0 SControl 0)
2015-02-11T17:34:45.951289-06:00 c0-0c1s0n2 ata5: failed to resume link (SControl 0)
2015-02-11T17:34:45.951412-06:00 c0-0c1s0n2 ata5: SATA link down (SStatus 0 SControl 0)
2015-02-11T17:34:53.000530-06:00 c0-0c1s0n2 mlx4_core 0000:02:00.0: 64B EQEs/CQEs supported by the device but not enabled
2015-02-11T17:34:53.741615-06:00 c0-0c1s0n2 mlx4_core: Initializing 0000:03:00.0
2015-02-11T17:34:53.741625-06:00 c0-0c1s0n2 mlx4_core 0000:03:00.0: PCI INT A -> GSI 42 (level, low) -> IRQ 42
2015-02-11T17:35:01.889513-06:00 c0-0c1s0n2 mlx4_core 0000:03:00.0: 64B EQEs/CQEs supported by the device but not enabled
2015-02-11T17:35:02.661926-06:00 c0-0c1s0n2 7[?25l
2015-02-11T17:35:02.661937-06:00 c0-0c1s0n2 [80C[10D[1;32mdone[m8[?25h
2015-02-11T17:35:02.687145-06:00 c0-0c1s0n2 [m[?25hMounting /var from 10.131.255.254. Checking for nid=66 existance.
2015-02-11T17:35:02.853346-06:00 c0-0c1s0n2 7[?25l
2015-02-11T17:35:02.853356-06:00 c0-0c1s0n2 [80C[10D[1;32mdone[m8[?25h
2015-02-11T17:35:02.878552-06:00 c0-0c1s0n2 Mounting tmpfs on /tmp7[?25l
2015-02-11T17:35:02.878562-06:00 c0-0c1s0n2 [80C[10D[1;32mdone[m8[?25h
2015-02-11T17:35:02.903838-06:00 c0-0c1s0n2 Running sysctl using values from /etc/sysctl.conf
2015-02-11T17:35:02.903868-06:00 c0-0c1s0n2 net.ipv4.icmp_echo_ignore_broadcasts = 1
2015-02-11T17:35:02.903897-06:00 c0-0c1s0n2 net.ipv4.conf.all.rp_filter = 1
2015-02-11T17:35:02.903912-06:00 c0-0c1s0n2 fs.inotify.max_user_watches = 65536
2015-02-11T17:35:02.903955-06:00 c0-0c1s0n2 net.ipv4.conf.default.promote_secondaries = 1
2015-02-11T17:35:02.903980-06:00 c0-0c1s0n2 net.ipv4.conf.all.promote_secondaries = 1
2015-02-11T17:35:02.903993-06:00 c0-0c1s0n2 vm.min_free_kbytes = 102400
2015-02-11T17:35:02.904022-06:00 c0-0c1s0n2 7[?25l
2015-02-11T17:35:02.904031-06:00 c0-0c1s0n2 [80C[10D[1;32mdone[m8[?25h
2015-02-11T17:35:02.904042-06:00 c0-0c1s0n2 [m[?25hActivating swap-devices in /etc/fstab...
2015-02-11T17:35:02.929026-06:00 c0-0c1s0n2 7[?25l[1A
2015-02-11T17:35:02.929046-06:00 c0-0c1s0n2 [80C[10D[1;32mdone[m8[?25hroot file system (/) is NOT being checked.
2015-02-11T17:35:03.366535-06:00 c0-0c1s0n2 [m[?25hSet System Time to the current Hardware Clock7[?25l
2015-02-11T17:35:03.366548-06:00 c0-0c1s0n2 [80C[10D[1;32mdone[m8[?25h
2015-02-11T17:35:03.391762-06:00 c0-0c1s0n2 [m[?25hActivating device mapper...
2015-02-11T17:35:03.391898-06:00 c0-0c1s0n2 device-mapper: ioctl: 4.23.0-ioctl (2012-07-25) initialised: dm-devel@redhat.com
2015-02-11T17:35:03.391918-06:00 c0-0c1s0n2 7[?25l
2015-02-11T17:35:03.391927-06:00 c0-0c1s0n2 [80C[10D[1;32mdone[m8[?25h
2015-02-11T17:35:03.417037-06:00 c0-0c1s0n2 [m[?25hLoading required kernel modules
2015-02-11T17:35:03.447181-06:00 c0-0c1s0n2 7[?25l[1A
2015-02-11T17:35:03.447199-06:00 c0-0c1s0n2 [80C[10D[1;32mdone[m8[?25h[m[?25h[m[?25hWaiting for udev to settle...
2015-02-11T17:35:03.472416-06:00 c0-0c1s0n2 Scanning for LVM volume groups...
2015-02-11T17:35:03.472447-06:00 c0-0c1s0n2  Reading all physical volumes.  This may take a while...
2015-02-11T17:35:03.472462-06:00 c0-0c1s0n2  No volume groups found
2015-02-11T17:35:03.472498-06:00 c0-0c1s0n2  No volume groups found
2015-02-11T17:35:03.497658-06:00 c0-0c1s0n2 Activating LVM volume groups...
2015-02-11T17:35:03.497681-06:00 c0-0c1s0n2  PARTIAL MODE. Incomplete logical volumes will be processed.
2015-02-11T17:35:03.497690-06:00 c0-0c1s0n2  No volume groups found
2015-02-11T17:35:03.497715-06:00 c0-0c1s0n2 7[?25l
2015-02-11T17:35:03.497723-06:00 c0-0c1s0n2 [80C[10D[1;32mdone[m8[?25h
2015-02-11T17:35:03.497747-06:00 c0-0c1s0n2 [m[?25hNo fibre channel cards present.  Not waiting for disk devices. 
2015-02-11T17:35:03.532835-06:00 c0-0c1s0n2 [m[?25hChecking file systems...
2015-02-11T17:35:03.558053-06:00 c0-0c1s0n2 fsck from util-linux 2.19.1
2015-02-11T17:35:03.558090-06:00 c0-0c1s0n2 Checking all file systems.
2015-02-11T17:35:03.558103-06:00 c0-0c1s0n2 7[?25l[1A
2015-02-11T17:35:03.558116-06:00 c0-0c1s0n2 [80C[10D[1;32mdone[m8[?25hMounting local file systems...
2015-02-11T17:35:03.558143-06:00 c0-0c1s0n2 nothing was mounted
2015-02-11T17:35:03.837322-06:00 c0-0c1s0n2 7[?25l[1A
2015-02-11T17:35:03.837335-06:00 c0-0c1s0n2 [80C[10D[1;32mdone[m8[?25h[m[?25hCheck if the profiles matches the system7[?25l
2015-02-11T17:35:03.837343-06:00 c0-0c1s0n2 [80C[10D[1;32mdone[m8[?25h
2015-02-11T17:35:03.862564-06:00 c0-0c1s0n2 [m[?25hEnabling monitoring on LVM volume groups...
2015-02-11T17:35:03.862591-06:00 c0-0c1s0n2  No volume groups found
2015-02-11T17:35:03.862600-06:00 c0-0c1s0n2 7[?25l
2015-02-11T17:35:03.862606-06:00 c0-0c1s0n2 [80C[10D[1;32mdone[m8[?25h
2015-02-11T17:35:03.907933-06:00 c0-0c1s0n2 [m[?25h[m[?25h[m[?25h[m[?25h[m[?25hTurning quota on
2015-02-11T17:35:03.933141-06:00 c0-0c1s0n2 Checking quotas. This may take some time.
2015-02-11T17:35:03.933167-06:00 c0-0c1s0n2 7[?25l
2015-02-11T17:35:03.933172-06:00 c0-0c1s0n2 [80C[10D[1;32mdone[m8[?25h
2015-02-11T17:35:03.933194-06:00 c0-0c1s0n2 [m[?25hSetting current sysctl status from /etc/sysctl.conf7[?25l
2015-02-11T17:35:03.933221-06:00 c0-0c1s0n2 [80C[10D[1;32mdone[m8[?25h
2015-02-11T17:35:04.113305-06:00 c0-0c1s0n2 [m[?25hATTENTION: You have modified /etc/resolv.conf.  Leaving it untouched...
2015-02-11T17:35:04.113368-06:00 c0-0c1s0n2 You can find my version in /tmp/resolv.conf.d1lzK1 ...
2015-02-11T17:35:04.113390-06:00 c0-0c1s0n2 touch: cannot touch `/etc/yp.conf': Read-only file system
2015-02-11T17:35:04.113431-06:00 c0-0c1s0n2 chmod: cannot access `/etc/yp.conf': No such file or directory
2015-02-11T17:35:04.113477-06:00 c0-0c1s0n2 touch: cannot touch `/etc/yp.conf': Read-only file system
2015-02-11T17:35:04.143896-06:00 c0-0c1s0n2 [m[?25hSystem Boot Control: The system has been 
2015-02-11T17:35:04.143904-06:00 c0-0c1s0n2 [80C[10D[1mset up[m
2015-02-11T17:35:04.143916-06:00 c0-0c1s0n2 Skipped features: [80C[19D[1;33mboot.efivars[m
2015-02-11T17:35:04.143974-06:00 c0-0c1s0n2 System Boot Control: Running /etc/init.d/boot.local
2015-02-11T17:35:04.144056-06:00 c0-0c1s0n2 7[?25l[1A
2015-02-11T17:35:04.144064-06:00 c0-0c1s0n2 [8
2015-02-11T17:35:04.144071-06:00 c0-0c1s0n2 INIT: Entering runlevel: 3
2015-02-11T17:35:04.203812-06:00 c0-0c1s0n2 Master Resource Control: previous runlevel: N, switching to runlevel: 
2015-02-11T17:35:04.203820-06:00 c0-0c1s0n2 [80C[10D[1m3[m
2015-02-11T17:35:04.203886-06:00 c0-0c1s0n2 Starting batchlimitd
2015-02-11T17:35:04.254223-06:00 c0-0c1s0n2 [m[?25hLoading nic compatibility device7[?25l
2015-02-11T17:35:04.254237-06:00 c0-0c1s0n2 [80C[10D[1;32mdone[m8[?25h
2015-02-11T17:35:04.366070-06:00 c0-0c1s0n2 [m[?25hbpmcd_init: Power statistics available in /sys/cray
2015-02-11T17:35:04.416535-06:00 c0-0c1s0n2 [m[?25hStarting D-Bus daemon7[?25l
2015-02-11T17:35:04.416555-06:00 c0-0c1s0n2 [80C[10D[1;32mdone[m8[?25h
2015-02-11T17:35:04.446311-06:00 c0-0c1s0n2 [m[?25hiSCSI Enterprise Target Software - version trunk
2015-02-11T17:35:04.471555-06:00 c0-0c1s0n2 iscsi_trgt: Registered io type fileio
2015-02-11T17:35:04.471581-06:00 c0-0c1s0n2 iscsi_trgt: Registered io type blockio
2015-02-11T17:35:04.471590-06:00 c0-0c1s0n2 iscsi_trgt: Registered io type nullio
2015-02-11T17:35:04.522071-06:00 c0-0c1s0n2 [m[?25hLNet: HW CPU cores: 16, npartitions: 4
2015-02-11T17:35:09.537065-06:00 c0-0c1s0n2 /etc/init.d/rc3.d/S01lnet: line 179: lctl: command not found
2015-02-11T17:35:09.562282-06:00 c0-0c1s0n2 [m[?25hRemoving old kernel packages...
2015-02-11T17:35:09.587538-06:00 c0-0c1s0n2 rm: cannot remove `/boot/do_purge_kernels': Read-only file system
2015-02-11T17:35:09.612752-06:00 c0-0c1s0n2 /sbin/purge-kernels: multiversion.kernels not configured in /etc/zypp/zypp.conf, exiting.
2015-02-11T17:35:09.612783-06:00 c0-0c1s0n2 7[?25l
2015-02-11T17:35:09.612789-06:00 c0-0c1s0n2 [80C[10D[1;32mdone[m8[?25h
2015-02-11T17:35:09.638046-06:00 c0-0c1s0n2 [m[?25hInitializing random number generator7[?25l
2015-02-11T17:35:09.638073-06:00 c0-0c1s0n2 [80C[10D[1;32mdone[m8[?25h
2015-02-11T17:35:10.753357-06:00 c0-0c1s0n2 [m[?25hmlx4_core 0000:03:00.0: PCI INT A disabled
2015-02-11T17:35:12.620852-06:00 c0-0c1s0n2 mlx4_core 0000:02:00.0: PCI INT A disabled
2015-02-11T17:35:12.702931-06:00 c0-0c1s0n2 Compat-rdma backport release: ac916cb
2015-02-11T17:35:12.702971-06:00 c0-0c1s0n2 Backport based on git://git.openfabrics.org/compat-rdma/compat.git 5268562
2015-02-11T17:35:12.702998-06:00 c0-0c1s0n2 compat.git: git://git.openfabrics.org/compat-rdma/compat.git
2015-02-11T17:35:12.730733-06:00 c0-0c1s0n2 mlx4_core: Mellanox ConnectX core driver v1.1 (Dec, 2011)
2015-02-11T17:35:12.730757-06:00 c0-0c1s0n2 mlx4_core: Initializing 0000:02:00.0
2015-02-11T17:35:12.730769-06:00 c0-0c1s0n2 mlx4_core 0000:02:00.0: PCI INT A -> GSI 40 (level, low) -> IRQ 40
2015-02-11T17:35:20.978171-06:00 c0-0c1s0n2 mlx4_core 0000:02:00.0: 64B EQEs/CQEs supported by the device but not enabled
2015-02-11T17:35:21.674665-06:00 c0-0c1s0n2 mlx4_core: Initializing 0000:03:00.0
2015-02-11T17:35:21.674752-06:00 c0-0c1s0n2 mlx4_core 0000:03:00.0: PCI INT A -> GSI 42 (level, low) -> IRQ 42
2015-02-11T17:35:29.877363-06:00 c0-0c1s0n2 mlx4_core 0000:03:00.0: 64B EQEs/CQEs supported by the device but not enabled
2015-02-11T17:35:30.591938-06:00 c0-0c1s0n2 <mlx4_ib> mlx4_ib_add: mlx4_ib: Mellanox ConnectX InfiniBand driver v1.0 (April 4, 2008)
2015-02-11T17:35:30.809367-06:00 c0-0c1s0n2 Loading HCA driver and Access Layer:[60G[  [1;32mOK[0;39m  ]
2015-02-11T17:35:30.834624-06:00 c0-0c1s0n2 Setting up InfiniBand network interfaces:
2015-02-11T17:35:30.873468-06:00 c0-0c1s0n2    ib0       device: Mellanox Technologies MT27500 Family [ConnectX-3]
2015-02-11T17:35:30.949504-06:00 c0-0c1s0n2 ib0: multicast join failed for ff12:401b:ffff:0000:0000:0000:ffff:ffff, status -22
2015-02-11T17:35:30.974751-06:00 c0-0c1s0n2 ADDRCONF(NETDEV_UP): ib0: link is not ready
2015-02-11T17:35:32.268600-06:00 c0-0c1s0n2 ib0: enabling connected mode will cause multicast packet drops
2015-02-11T17:35:32.293876-06:00 c0-0c1s0n2 ib0: mtu > 4092 will cause multicast packet drops.
2015-02-11T17:35:32.293897-06:00 c0-0c1s0n2 Bringing up interface ib0:[60G[  [1;32mOK[0;39m  ]
2015-02-11T17:35:32.293947-06:00 c0-0c1s0n2 No configuration found for ib1
2015-02-11T17:35:32.971767-06:00 c0-0c1s0n2 ib0: multicast join failed for ff12:401b:ffff:0000:0000:0000:ffff:ffff, status -22
2015-02-11T17:35:33.291563-06:00 c0-0c1s0n2 ib1: enabling connected mode will cause multicast packet drops
2015-02-11T17:35:33.316804-06:00 c0-0c1s0n2 ib1: mtu > 4092 will cause multicast packet drops.
2015-02-11T17:35:33.353555-06:00 c0-0c1s0n2    ib2       device: Mellanox Technologies MT27500 Family [ConnectX-3]
2015-02-11T17:35:33.435447-06:00 c0-0c1s0n2 ib2: multicast join failed for ff12:401b:ffff:0000:0000:0000:ffff:ffff, status -22
2015-02-11T17:35:33.435499-06:00 c0-0c1s0n2 ADDRCONF(NETDEV_UP): ib2: link is not ready
2015-02-11T17:35:34.531826-06:00 c0-0c1s0n2 ib2: enabling connected mode will cause multicast packet drops
2015-02-11T17:35:34.557013-06:00 c0-0c1s0n2 ib2: mtu > 4092 will cause multicast packet drops.
2015-02-11T17:35:34.557041-06:00 c0-0c1s0n2 Bringing up interface ib2:[60G[  [1;32mOK[0;39m  ]
2015-02-11T17:35:34.557065-06:00 c0-0c1s0n2 No configuration found for ib3
2015-02-11T17:35:35.433127-06:00 c0-0c1s0n2 ib2: multicast join failed for ff12:401b:ffff:0000:0000:0000:ffff:ffff, status -22
2015-02-11T17:35:35.540768-06:00 c0-0c1s0n2 ib3: enabling connected mode will cause multicast packet drops
2015-02-11T17:35:35.567411-06:00 c0-0c1s0n2 ib3: mtu > 4092 will cause multicast packet drops.
2015-02-11T17:35:35.567420-06:00 c0-0c1s0n2 Setting up service network . . .[60G[  [0;39mdone[0;39m  ]
2015-02-11T17:35:35.908923-06:00 c0-0c1s0n2 [m[?25hSetting up (localfs) network interfaces:
2015-02-11T17:35:36.062608-06:00 c0-0c1s0n2    lo        
2015-02-11T17:35:36.113247-06:00 c0-0c1s0n2    lo        IP address: 127.0.0.1/8   
2015-02-11T17:35:36.113256-06:00 c0-0c1s0n2              IP address: 127.0.0.2/8   
2015-02-11T17:35:36.260698-06:00 c0-0c1s0n2 7[?25l[1A
2015-02-11T17:35:36.260710-06:00 c0-0c1s0n2 [80C[10D[1;32mdone[m8[?25h    ib0       device: Mellanox Technologies MT27500 Family 
2015-02-11T17:35:36.322532-06:00 c0-0c1s0n2 ib0: multicast join failed for ff12:401b:ffff:0000:0000:0000:ffff:ffff, status -22
2015-02-11T17:35:36.322550-06:00 c0-0c1s0n2    ib0       IP address: 10.10.100.103/23   
2015-02-11T17:35:36.495402-06:00 c0-0c1s0n2 7[?25l[1A
2015-02-11T17:35:36.495409-06:00 c0-0c1s0n2 [80C[10D[1;32mdone[m8[?25h    ib1       device: Mellanox Technologies MT27500 Family 
2015-02-11T17:35:36.520581-06:00 c0-0c1s0n2              No configuration found for ib1
2015-02-11T17:35:36.558395-06:00 c0-0c1s0n2 7[?25l[1A
2015-02-11T17:35:36.558400-06:00 c0-0c1s0n2 [80C[10D[1munused[m8[?25h    ib2       device: Mellanox Technologies MT27500 Family 
2015-02-11T17:35:36.616581-06:00 c0-0c1s0n2 ib2: multicast join failed for ff12:401b:ffff:0000:0000:0000:ffff:ffff, status -22
2015-02-11T17:35:36.641728-06:00 c0-0c1s0n2    ib2       IP address: 10.10.100.104/23   
2015-02-11T17:35:36.791546-06:00 c0-0c1s0n2 7[?25l[1A
2015-02-11T17:35:36.791553-06:00 c0-0c1s0n2 [80C[10D[1;32mdone[m8[?25h    ib3       device: Mellanox Technologies MT27500 Family 
2015-02-11T17:35:36.816761-06:00 c0-0c1s0n2              No configuration found for ib3
2015-02-11T17:35:36.842089-06:00 c0-0c1s0n2 7[?25l[1A
2015-02-11T17:35:36.842095-06:00 c0-0c1s0n2 [80C[10D[1munused[m8[?25h    ipogif0   
2015-02-11T17:35:36.867362-06:00 c0-0c1s0n2              No configuration found for ipogif0
2015-02-11T17:35:36.892723-06:00 c0-0c1s0n2 7[?25l[1A
2015-02-11T17:35:36.892736-06:00 c0-0c1s0n2 [80C[10D[1munused[m8[?25hSetting up service (localfs) network  .  .  .  .  .  .  .  .  .  .7[?25l
2015-02-11T17:35:36.892744-06:00 c0-0c1s0n2 [80C[10D[1;32mdone[m8[?25h
2015-02-11T17:35:36.917993-06:00 c0-0c1s0n2 [m[?25hCould not start BND as this is not the boot node.
2015-02-11T17:35:36.918044-06:00 c0-0c1s0n2 bootnodes are: 1 1 
2015-02-11T17:35:36.918094-06:00 c0-0c1s0n2 mynid=66
2015-02-11T17:35:36.943255-06:00 c0-0c1s0n2 [m[?25hS04cray-config-service: Mounting 9p configuration directory. 
2015-02-11T17:35:37.969406-06:00 c0-0c1s0n2 S04cray-config-service:   Success.  
2015-02-11T17:35:38.020096-06:00 c0-0c1s0n2 [m[?25h[m[?25hStarting hw_info_init on 66
2015-02-11T17:35:38.020231-06:00 c0-0c1s0n2 bootnodes are: 1 1 
2015-02-11T17:35:38.045349-06:00 c0-0c1s0n2 mynid=66
2015-02-11T17:35:38.606006-06:00 c0-0c1s0n2 [m[?25h[m[?25h 
2015-02-11T17:35:38.606022-06:00 c0-0c1s0n2 cray-syslog: **WARNING**  /etc/security/limits.conf MAY require hard and soft file limits 
2015-02-11T17:35:38.606027-06:00 c0-0c1s0n2 cray-syslog:              greater or equal to 8192 for proper LLM operation 
2015-02-11T17:35:38.606034-06:00 c0-0c1s0n2 cray-syslog:              when large number of jobs are launched concurrently.
2015-02-11T17:35:38.606039-06:00 c0-0c1s0n2 cray-syslog:              If you have failures running large number of concurrent jobs,
2015-02-11T17:35:38.606047-06:00 c0-0c1s0n2 cray-syslog:              you may wish to update the hard and soft nofile entries in 
2015-02-11T17:35:38.606054-06:00 c0-0c1s0n2 cray-syslog:              limits.conf as follows.
2015-02-11T17:35:38.606060-06:00 c0-0c1s0n2 
2015-02-11T17:35:38.606067-06:00 c0-0c1s0n2 cray-syslog: /etc/security/limits.conf: 
2015-02-11T17:35:38.606082-06:00 c0-0c1s0n2 cray-syslog: *  soft  nofile  8192
2015-02-11T17:35:38.606090-06:00 c0-0c1s0n2 cray-syslog: *  hard  nofile  8192
2015-02-11T17:35:38.606098-06:00 c0-0c1s0n2 
2015-02-11T17:35:39.465854-06:00 c0-0c1s0n2 cray-syslog: rsyslogd started as process 7744.
2015-02-11T17:35:40.482634-06:00 c0-0c1s0n2 cray-syslog: llmrd started as process  7757.
2015-02-11T17:35:40.545313-06:00 c0-0c1s0n2 [m[?25h[m[?25hStarting auditd startproc:  exit status of parent of /sbin/auditd: 6
2015-02-11T17:35:40.581402-06:00 c0-0c1s0n2 7[?25l
2015-02-11T17:35:40.581412-06:00 c0-0c1s0n2 [80C[10D[1;32mdone[m8[?25h
2015-02-11T17:35:40.671809-06:00 c0-0c1s0n2 [m[?25hStarting haveged daemon 7[?25l
2015-02-11T17:35:40.671823-06:00 c0-0c1s0n2 [80C[10D[1;32mdone[m8[?25h
2015-02-11T17:35:40.697056-06:00 c0-0c1s0n2 [m[?25hStarting rpcbind 7[?25l
2015-02-11T17:35:40.697062-06:00 c0-0c1s0n2 [80C[10D[1;32mdone[m8[?25h
2015-02-11T17:35:40.722323-06:00 c0-0c1s0n2 [m[?25hbootnodes are: 1 1 
2015-02-11T17:35:40.722361-06:00 c0-0c1s0n2 mynid=66
2015-02-11T17:35:40.747540-06:00 c0-0c1s0n2 [m[?25hNot starting NFS client services - no NFS found in /etc/fstab:
2015-02-11T17:35:40.747550-06:00 c0-0c1s0n2 [80C[10D[1munused[m
2015-02-11T17:35:40.777904-06:00 c0-0c1s0n2 [m[?25hStarting DVS service: DVS: Revision 1873 - Built: Sep 17 2014 @ 06:40:29 for lnet version 2.5
2015-02-11T17:35:40.828657-06:00 c0-0c1s0n2 Lustre: kgnilnd build version: 2.5-trunk-1.0502.17198.8.51-abuild-RB-5.2UP02_2.5.1-2014-09-17-06:59
2015-02-11T17:35:40.904295-06:00 c0-0c1s0n2 LNet: Added LNI 66@gni [16/512/0/0]
2015-02-11T17:35:40.964934-06:00 c0-0c1s0n2 LNet: Added LNI 10.10.100.103@o2ib [63/2048/0/130]
2015-02-11T17:35:41.114814-06:00 c0-0c1s0n2 7[?25l
2015-02-11T17:35:41.114820-06:00 c0-0c1s0n2 [80C[10D[1;32mdone[m8[?25h
2015-02-11T17:35:41.140041-06:00 c0-0c1s0n2 [m[?25hStarting java.binfmt_misc 7[?25l
2015-02-11T17:35:41.140047-06:00 c0-0c1s0n2 [80C[10D[1;32mdone[m8[?25h
2015-02-11T17:35:41.202722-06:00 c0-0c1s0n2 [m[?25hStarting mcelog... 7[?25l
2015-02-11T17:35:41.202737-06:00 c0-0c1s0n2 [80C[10D[1;32mdone[m8[?25h
2015-02-11T17:35:41.373784-06:00 c0-0c1s0n2 [m[?25hSetting up (remotefs) network interfaces:
2015-02-11T17:35:41.486450-06:00 c0-0c1s0n2    sit0      
2015-02-11T17:35:41.486471-06:00 c0-0c1s0n2              No configuration found for sit0
2015-02-11T17:35:41.511721-06:00 c0-0c1s0n2 7[?25l[1A
2015-02-11T17:35:41.511746-06:00 c0-0c1s0n2 [80C[10D[1munused[m8[?25hSetting up service (remotefs) network  .  .  .  .  .  .  .  .  .  .7[?25l
2015-02-11T17:35:41.511752-06:00 c0-0c1s0n2 [80C[10D[1;32mdone[m8[?25h
2015-02-11T17:35:41.562199-06:00 c0-0c1s0n2 [80C[10D[1;32mdone[m8[?25h
2015-02-11T17:35:41.587561-06:00 c0-0c1s0n2 [m[?25hsdbnodes are: 137 137 
2015-02-11T17:35:41.612804-06:00 c0-0c1s0n2 mynid=66
2015-02-11T17:35:41.663326-06:00 c0-0c1s0n2 [m[?25hStarting network time protocol daemon (NTPD)7[?25l
2015-02-11T17:35:41.663332-06:00 c0-0c1s0n2 [80C[10D[1;32mdone[m8[?25h
2015-02-11T17:35:41.713913-06:00 c0-0c1s0n2 [m[?25hStarting MUNGE: munged7[?25l
2015-02-11T17:35:41.713930-06:00 c0-0c1s0n2 [80C[10D[1;32mdone[m8[?25h
2015-02-11T17:35:41.789837-06:00 c0-0c1s0n2 [m[?25h[m[?25h[m[?25hStarting Name Service Cache Daemon7[?25l
2015-02-11T17:35:41.789847-06:00 c0-0c1s0n2 [80C[10D[1;32mdone[m8[?25h
2015-02-11T17:35:41.789884-06:00 c0-0c1s0n2 [m[?25hEnabling Linux Jobs
2015-02-11T17:35:41.829482-06:00 c0-0c1s0n2 [m[?25hStarting alps services
2015-02-11T17:35:42.346875-06:00 c0-0c1s0n2 mkdir: cannot create directory `/ufs/alps_shared': Read-only file system
2015-02-11T17:35:42.346884-06:00 c0-0c1s0n2 no ALPS daemon will be started on node nid00066.
2015-02-11T17:35:42.885466-06:00 c0-0c1s0n2 [m[?25h<node_health> Starting node_health_recovery
2015-02-11T17:35:42.886094-06:00 c0-0c1s0n2 [m[?25hsdbnodes are: 137 137 
2015-02-11T17:35:42.886117-06:00 c0-0c1s0n2 mynid=66
2015-02-11T17:35:42.886886-06:00 c0-0c1s0n2 [m[?25hblogd: no message logging because /var file system is not accessible
2015-02-11T17:35:42.887136-06:00 c0-0c1s0n2 Boot event: Starting
2015-02-11T17:35:42.887206-06:00 c0-0c1s0n2 Sending ec_node_info with boot code 8 (NODE_INFO_OS_BOOT_SUCCEEDED) for nid 66
2015-02-11T17:35:42.887233-06:00 c0-0c1s0n2 [m[?25hMaster Resource Control: runlevel 3 has been 
2015-02-11T17:35:42.887244-06:00 c0-0c1s0n2 [80C[10D[1mreached[m
2015-02-11T17:35:42.912216-06:00 c0-0c1s0n2 Failed services in runlevel 3: [80C[11D[1;31mlnet[m
2015-02-11T17:35:42.912243-06:00 c0-0c1s0n2 Skipped services in runlevel 3: [80C[10D[1;33mnfs[m
2015-02-11T17:35:42.912274-06:00 c0-0c1s0n2 INIT: no more processes left in this runlevel
2015-02-11T17:35:44.324605-06:00 c0-0c1s0n2 ib0: multicast join failed for ff12:401b:ffff:0000:0000:0000:ffff:ffff, status -22
2015-02-11T17:35:44.635896-06:00 c0-0c1s0n2 ib2: multicast join failed for ff12:401b:ffff:0000:0000:0000:ffff:ffff, status -22
2015-02-11T17:36:00.374293-06:00 c0-0c1s0n2 ib0: multicast join failed for ff12:401b:ffff:0000:0000:0000:ffff:ffff, status -22
2015-02-11T17:36:00.692426-06:00 c0-0c1s0n2 ib2: multicast join failed for ff12:401b:ffff:0000:0000:0000:ffff:ffff, status -22
2015-02-11T17:36:15.703030-06:00 c0-0c1s0n2 ADDRCONF(NETDEV_CHANGE): ib0: link becomes ready
2015-02-11T17:36:19.702515-06:00 c0-0c1s0n2 ADDRCONF(NETDEV_CHANGE): ib2: link becomes ready
2015-02-12T14:34:25.882126-06:00 c0-0c1s0n2 INIT: Switching to runlevel: 0
2015-02-12T14:34:25.882718-06:00 c0-0c1s0n2 Boot logging started on /dev/ttyS0((no tty)) at Thu Feb 12 14:34:25 2015
2015-02-12T14:34:25.883011-06:00 c0-0c1s0n2 Master Resource Control: previous runlevel: 3, switching to runlevel: 
2015-02-12T14:34:25.883018-06:00 c0-0c1s0n2 [80C[10D[1m0[m
2015-02-12T14:34:25.907534-06:00 c0-0c1s0n2 sdbnodes are: 137 137 
2015-02-12T14:34:25.907678-06:00 c0-0c1s0n2 mynid=66
2015-02-12T14:34:25.944336-06:00 c0-0c1s0n2 [m[?25hBoot event: Nothing to stop.
2015-02-12T14:34:25.944690-06:00 c0-0c1s0n2 [m[?25hShutting down auditd 7[?25l
2015-02-12T14:34:25.944699-06:00 c0-0c1s0n2 [80C[10D[1;32mdone[m8[?25h
2015-02-12T14:34:25.984262-06:00 c0-0c1s0n2 [m[?25hStopping batchlimitd
2015-02-12T14:34:25.984616-06:00 c0-0c1s0n2 [m[?25hCould not start BND as this is not the boot node.
2015-02-12T14:34:25.984822-06:00 c0-0c1s0n2 bootnodes are: 1 1 
2015-02-12T14:34:25.984846-06:00 c0-0c1s0n2 mynid=66
2015-02-12T14:34:26.033542-06:00 c0-0c1s0n2 [m[?25hK02cray-config-service: Unmounting the configuration directory. 
2015-02-12T14:34:27.036114-06:00 c0-0c1s0n2 K02cray-config-service:   Success.  
2015-02-12T14:34:27.036494-06:00 c0-0c1s0n2 [m[?25hUnloading nic compatibility device7[?25l
2015-02-12T14:34:27.036504-06:00 c0-0c1s0n2 [80C[10D[1;32mdone[m8[?25h
2015-02-12T14:34:27.061565-06:00 c0-0c1s0n2 [m[?25hbpmcd_exit: No local access to power statistics
2015-02-12T14:34:28.784531-06:00 c0-0c1s0n2 [m[?25hStopping DVS service: LNet: 7879:0:(gnilnd_cb.c:1211:kgnilnd_tx_done()) $$ error -62 on tx 0xffff88100b2aed08->5@gni id 3589279756/3423 state GNILND_TX_ALLOCD age 17255159s  msg@0xffff88100b2aed98 m/v/ty/ck/pck/pl b00fbabe/8/1/0/0/0 x0:GNILND_MSG_NOOP
2015-02-12T14:34:30.095204-06:00 c0-0c1s0n2 LNet: Removed LNI 10.10.100.103@o2ib
2015-02-12T14:34:32.688598-06:00 c0-0c1s0n2 LNet: Removed LNI 66@gni
2015-02-12T14:34:34.689348-06:00 c0-0c1s0n2 7[?25l
2015-02-12T14:34:34.689358-06:00 c0-0c1s0n2 [80C[10D[1;32mdone[m8[?25h
2015-02-12T14:34:34.739811-06:00 c0-0c1s0n2 [m[?25hShutting down haveged daemon 7[?25l
2015-02-12T14:34:34.739816-06:00 c0-0c1s0n2 [80C[10D[1;32mdone[m8[?25h
2015-02-12T14:34:34.790245-06:00 c0-0c1s0n2 [m[?25hStarting hw_info_init on 66
2015-02-12T14:34:34.790268-06:00 c0-0c1s0n2 bootnodes are: 1 1 
2015-02-12T14:34:34.790295-06:00 c0-0c1s0n2 mynid=66
2015-02-12T14:34:34.840693-06:00 c0-0c1s0n2 [m[?25h[m[?25hShutting down java.binfmt_misc 7[?25l
2015-02-12T14:34:34.840702-06:00 c0-0c1s0n2 [80C[10D[1;32mdone[m8[?25h
2015-02-12T14:34:34.865911-06:00 c0-0c1s0n2 [m[?25hRemoving module ko2iblnd
2015-02-12T14:34:39.875216-06:00 c0-0c1s0n2 ERROR: Module lnet has non-zero reference count.
2015-02-12T14:34:39.950894-06:00 c0-0c1s0n2 [m[?25hShutting down mcelog... 7[?25l
2015-02-12T14:34:39.950901-06:00 c0-0c1s0n2 [80C[10D[1;32mdone[m8[?25h
2015-02-12T14:34:40.029358-06:00 c0-0c1s0n2 [m[?25hStopping MUNGE: munged7[?25l
2015-02-12T14:34:40.029376-06:00 c0-0c1s0n2 [80C[10D[1;32mdone[m8[?25h
2015-02-12T14:34:40.054586-06:00 c0-0c1s0n2 [m[?25h<node_health> Stopping node_health_recovery
2015-02-12T14:34:40.079772-06:00 c0-0c1s0n2 node_health_recovery: no process found
2015-02-12T14:34:40.560546-06:00 c0-0c1s0n2 [m[?25hShutting down Name Service Cache Daemon7[?25l
2015-02-12T14:34:40.560554-06:00 c0-0c1s0n2 [80C[10D[1;32mdone[m8[?25h
2015-02-12T14:34:40.636277-06:00 c0-0c1s0n2 [m[?25h[m[?25h[m[?25h[m[?25hbootnodes are: 1 1 
2015-02-12T14:34:40.636302-06:00 c0-0c1s0n2 mynid=66
2015-02-12T14:34:40.636403-06:00 c0-0c1s0n2 [m[?25hShutting down alps services
2015-02-12T14:34:41.166104-06:00 c0-0c1s0n2 Terminating apsys
2015-02-12T14:34:41.662778-06:00 c0-0c1s0n2 7[?25l
2015-02-12T14:34:41.662785-06:00 c0-0c1s0n2 [80C[10D[1;32mdone[m8[?25h
2015-02-12T14:34:41.687934-06:00 c0-0c1s0n2 [m[?25hNOT Disabling ipogif0
2015-02-12T14:34:41.713305-06:00 c0-0c1s0n2 [m[?25hSaving random seed7[?25l
2015-02-12T14:34:41.713313-06:00 c0-0c1s0n2 [80C[10D[1;32mdone[m8[?25h
2015-02-12T14:34:41.713379-06:00 c0-0c1s0n2 [m[?25h[m[?25hDisabling Linux Jobs
2015-02-12T14:34:41.738395-06:00 c0-0c1s0n2 No new jobs will be created. If Linux Jobs support was loaded
2015-02-12T14:34:41.738420-06:00 c0-0c1s0n2 as a kernel module, you can unload the module once the number of
2015-02-12T14:34:41.738445-06:00 c0-0c1s0n2 running jobs is 0 (zero).  Use the lsmod command to find if job
2015-02-12T14:34:41.763633-06:00 c0-0c1s0n2 module is loaded and the rmmod command to unload it once the
2015-02-12T14:34:41.763666-06:00 c0-0c1s0n2 used-count is 0. The jstat command can be used
2015-02-12T14:34:41.763687-06:00 c0-0c1s0n2 to determine what jobs are currently running.
2015-02-12T14:34:41.763722-06:00 c0-0c1s0n2 jsethid illegal parameter: 0xffffffff
2015-02-12T14:34:41.763776-06:00 c0-0c1s0n2 [m[?25hsdbnodes are: 137 137 
2015-02-12T14:34:41.763807-06:00 c0-0c1s0n2 mynid=66
2015-02-12T14:34:41.839327-06:00 c0-0c1s0n2 [80C[10D[1;32mdone[m8[?25h
2015-02-12T14:34:41.915053-06:00 c0-0c1s0n2 [m[?25hShutting down network time protocol daemon (NTPD)7[?25l
2015-02-12T14:34:41.915064-06:00 c0-0c1s0n2 [80C[10D[1;32mdone[m8[?25h
2015-02-12T14:34:42.091714-06:00 c0-0c1s0n2 [m[?25hShutting down (remotefs) network interfaces:
2015-02-12T14:34:42.091862-06:00 c0-0c1s0n2    sit0      
2015-02-12T14:34:42.116990-06:00 c0-0c1s0n2              No configuration found for sit0 
2015-02-12T14:34:42.142091-06:00 c0-0c1s0n2              Nevertheless the interface will be shut down.
2015-02-12T14:35:12.392863-06:00 c0-0c1s0n2 nfs: server 10.131.255.254 not responding, still trying
2015-02-12T15:28:37.759664-06:00 c0-0c1s0n2 ERROR: Type:2; Severity:80; Class:3; Subclass:D; Operation: 2
2015-02-12T15:37:08.053164-06:00 c0-0c1s0n2 Wait4Boot: WRITE: 533 bytes to memory @ 0x90CD0 ... complete
2015-02-12T15:37:08.053215-06:00 c0-0c1s0n2 Wait4Boot: Blade Controller Boot Protocol version - 1
2015-02-12T15:37:08.102985-06:00 c0-0c1s0n2 Wait4Boot: JUMP: KernelStart 0x100000, boot_params 0x90000, CmdLineAddr 0x90CD0
2015-02-12T15:37:08.230700-06:00 c0-0c1s0n2 Decompressing Linux... Parsing ELF... done.
2015-02-12T15:37:08.230763-06:00 c0-0c1s0n2 Booting the kernel.
2015-02-12T15:37:08.230820-06:00 c0-0c1s0n2 Initializing cgroup subsys cpuset
2015-02-12T15:37:08.255611-06:00 c0-0c1s0n2 Initializing cgroup subsys cpu
2015-02-12T15:37:08.255873-06:00 c0-0c1s0n2 Linux version 3.0.101-0.31.1_1.0502.8394-cray_ari_s (abuild@cfosbld05) (gcc version 4.3.4 [gcc-4_3-branch revision 152973] (SUSE Linux) ) #1 SMP Wed Sep 10 04:03:41 UTC 2014
2015-02-12T15:37:08.333296-06:00 c0-0c1s0n2 Command line: earlyprintk=serial,115200 load_ramdisk=1 ramdisk_size=80000 console=ttyS0,115200n8 bootnodeip=10.131.255.254 bootproto=ipog bootpath=/rr/current rootfs=nfs-shared root=/dev/disk/by-id/scsi-3600a09800063789e0000008b54c3a04c-part1 oops=panic bootifnetmask=255.252.0.0 elevator=noop ippob1=10 ippob2=128 pcie_ports=native iommu=on intel_iommu=off bad_page=panic pln_enable=off apei_disable hest_disable erst_disable ghes_disable cgroup_disable=memory active_wlm=ALPS sdbnodeip=10.131.255.253 sessionid=p0-20150212t152812 _cray=marker_ 
2015-02-12T15:37:08.372813-06:00 c0-0c1s0n2 KERNEL supported cpus:
2015-02-12T15:37:08.372896-06:00 c0-0c1s0n2  Intel GenuineIntel
2015-02-12T15:37:08.373124-06:00 c0-0c1s0n2 BIOS-provided physical RAM map:
2015-02-12T15:37:08.373346-06:00 c0-0c1s0n2 BIOS-e820: 0000000000000000 - 00000000000a0000 (usable)
2015-02-12T15:37:08.381904-06:00 c0-0c1s0n2 BIOS-e820: 0000000000100000 - 000000007e67c000 (usable)
2015-02-12T15:37:08.382085-06:00 c0-0c1s0n2 BIOS-e820: 000000007e67c000 - 000000007e790000 (ACPI NVS)
2015-02-12T15:37:08.420227-06:00 c0-0c1s0n2 BIOS-e820: 000000007e790000 - 000000007f395000 (reserved)
2015-02-12T15:37:08.420438-06:00 c0-0c1s0n2 BIOS-e820: 000000007f395000 - 000000007f410000 (ACPI data)
2015-02-12T15:37:08.420610-06:00 c0-0c1s0n2 BIOS-e820: 000000007f410000 - 000000007f491000 (reserved)
2015-02-12T15:37:08.460416-06:00 c0-0c1s0n2 BIOS-e820: 000000007f491000 - 000000007f493000 (usable)
2015-02-12T15:37:08.460736-06:00 c0-0c1s0n2 BIOS-e820: 000000007f493000 - 000000007f494000 (ACPI NVS)
2015-02-12T15:37:08.460945-06:00 c0-0c1s0n2 BIOS-e820: 000000007f494000 - 000000007f49e000 (reserved)
2015-02-12T15:37:08.461227-06:00 c0-0c1s0n2 BIOS-e820: 000000007f49e000 - 000000007f4a6000 (ACPI NVS)
2015-02-12T15:37:08.461453-06:00 c0-0c1s0n2 BIOS-e820: 000000007f4a6000 - 000000007f4d2000 (reserved)
2015-02-12T15:37:08.461623-06:00 c0-0c1s0n2 BIOS-e820: 000000007f4d2000 - 000000007f558000 (ACPI NVS)
2015-02-12T15:37:08.500429-06:00 c0-0c1s0n2 BIOS-e820: 000000007f558000 - 000000007f800000 (usable)
2015-02-12T15:37:08.500700-06:00 c0-0c1s0n2 BIOS-e820: 0000000080000000 - 0000000090000000 (reserved)
2015-02-12T15:37:08.508017-06:00 c0-0c1s0n2 BIOS-e820: 00000000fed1c000 - 00000000fed20000 (reserved)
2015-02-12T15:37:08.508391-06:00 c0-0c1s0n2 BIOS-e820: 00000000ff000000 - 0000000100000000 (reserved)
2015-02-12T15:37:08.508654-06:00 c0-0c1s0n2 BIOS-e820: 0000000100000000 - 0000001080000000 (usable)
2015-02-12T15:37:08.508792-06:00 c0-0c1s0n2 bootconsole [earlyser0] enabled
2015-02-12T15:37:08.533334-06:00 c0-0c1s0n2 NX (Execute Disable) protection: active
2015-02-12T15:37:08.533544-06:00 c0-0c1s0n2 EFI v2.10 by American Megatrends
2015-02-12T15:37:08.533799-06:00 c0-0c1s0n2 ACPI=0x7f395000  ACPI 2.0=0x7f395000  SMBIOS=0xf04c0  MPS=0xfd450 
2015-02-12T15:37:08.558682-06:00 c0-0c1s0n2 EFI: mem00: type=3, attr=0xf, range=[0x0000000000000000-0x0000000000008000) (0MB)
2015-02-12T15:37:08.558990-06:00 c0-0c1s0n2 EFI: mem01: type=7, attr=0xf, range=[0x0000000000008000-0x0000000000060000) (0MB)
2015-02-12T15:37:08.583934-06:00 c0-0c1s0n2 EFI: mem02: type=3, attr=0xf, range=[0x0000000000060000-0x00000000000a0000) (0MB)
2015-02-12T15:37:08.584184-06:00 c0-0c1s0n2 EFI: mem03: type=7, attr=0xf, range=[0x0000000000100000-0x0000000001000000) (15MB)
2015-02-12T15:37:08.609128-06:00 c0-0c1s0n2 EFI: mem04: type=2, attr=0xf, range=[0x0000000001000000-0x0000000001100000) (1MB)
2015-02-12T15:37:08.609408-06:00 c0-0c1s0n2 EFI: mem05: type=4, attr=0xf, range=[0x0000000001100000-0x00000000017ea000) (6MB)
2015-02-12T15:37:08.634327-06:00 c0-0c1s0n2 EFI: mem06: type=3, attr=0xf, range=[0x00000000017ea000-0x00000000017ee000) (0MB)
2015-02-12T15:37:08.634557-06:00 c0-0c1s0n2 EFI: mem07: type=4, attr=0xf, range=[0x00000000017ee000-0x0000000001886000) (0MB)
2015-02-12T15:37:08.659682-06:00 c0-0c1s0n2 EFI: mem08: type=3, attr=0xf, range=[0x0000000001886000-0x000000000188f000) (0MB)
2015-02-12T15:37:08.659933-06:00 c0-0c1s0n2 EFI: mem09: type=4, attr=0xf, range=[0x000000000188f000-0x0000000001892000) (0MB)
2015-02-12T15:37:08.684928-06:00 c0-0c1s0n2 EFI: mem10: type=3, attr=0xf, range=[0x0000000001892000-0x000000000189e000) (0MB)
2015-02-12T15:37:08.685159-06:00 c0-0c1s0n2 EFI: mem11: type=4, attr=0xf, range=[0x000000000189e000-0x00000000018a9000) (0MB)
2015-02-12T15:37:08.724546-06:00 c0-0c1s0n2 EFI: mem12: type=3, attr=0xf, range=[0x00000000018a9000-0x00000000018ab000) (0MB)
2015-02-12T15:37:08.764378-06:00 c0-0c1s0n2 EFI: mem13: type=4, attr=0xf, range=[0x00000000018ab000-0x00000000018ad000) (0MB)
2015-02-12T15:37:08.764682-06:00 c0-0c1s0n2 EFI: mem14: type=3, attr=0xf, range=[0x00000000018ad000-0x00000000018af000) (0MB)
2015-02-12T15:37:08.764993-06:00 c0-0c1s0n2 EFI: mem15: type=4, attr=0xf, range=[0x00000000018af000-0x00000000018b7000) (0MB)
2015-02-12T15:37:08.765211-06:00 c0-0c1s0n2 EFI: mem16: type=3, attr=0xf, range=[0x00000000018b7000-0x00000000018bb000) (0MB)
2015-02-12T15:37:08.804347-06:00 c0-0c1s0n2 EFI: mem17: type=4, attr=0xf, range=[0x00000000018bb000-0x00000000018bd000) (0MB)
2015-02-12T15:37:08.804607-06:00 c0-0c1s0n2 EFI: mem18: type=3, attr=0xf, range=[0x00000000018bd000-0x00000000018bf000) (0MB)
2015-02-12T15:37:08.811018-06:00 c0-0c1s0n2 EFI: mem19: type=4, attr=0xf, range=[0x00000000018bf000-0x00000000018d1000) (0MB)
2015-02-12T15:37:08.811287-06:00 c0-0c1s0n2 EFI: mem20: type=3, attr=0xf, range=[0x00000000018d1000-0x00000000018d7000) (0MB)
2015-02-12T15:37:08.848585-06:00 c0-0c1s0n2 EFI: mem21: type=4, attr=0xf, range=[0x00000000018d7000-0x00000000018f9000) (0MB)
2015-02-12T15:37:08.848877-06:00 c0-0c1s0n2 EFI: mem22: type=3, attr=0xf, range=[0x00000000018f9000-0x0000000001908000) (0MB)
2015-02-12T15:37:08.849125-06:00 c0-0c1s0n2 EFI: mem23: type=4, attr=0xf, range=[0x0000000001908000-0x0000000001921000) (0MB)
2015-02-12T15:37:08.888608-06:00 c0-0c1s0n2 EFI: mem24: type=3, attr=0xf, range=[0x0000000001921000-0x000000000192b000) (0MB)
2015-02-12T15:37:08.888893-06:00 c0-0c1s0n2 EFI: mem25: type=4, attr=0xf, range=[0x000000000192b000-0x0000000001933000) (0MB)
2015-02-12T15:37:08.889155-06:00 c0-0c1s0n2 EFI: mem26: type=3, attr=0xf, range=[0x0000000001933000-0x0000000001936000) (0MB)
2015-02-12T15:37:08.928389-06:00 c0-0c1s0n2 EFI: mem27: type=4, attr=0xf, range=[0x0000000001936000-0x000000000193b000) (0MB)
2015-02-12T15:37:08.928698-06:00 c0-0c1s0n2 EFI: mem28: type=3, attr=0xf, range=[0x000000000193b000-0x000000000193e000) (0MB)
2015-02-12T15:37:08.937363-06:00 c0-0c1s0n2 EFI: mem29: type=4, attr=0xf, range=[0x000000000193e000-0x0000000001964000) (0MB)
2015-02-12T15:37:08.937632-06:00 c0-0c1s0n2 EFI: mem30: type=3, attr=0xf, range=[0x0000000001964000-0x0000000001968000) (0MB)
2015-02-12T15:37:08.962582-06:00 c0-0c1s0n2 EFI: mem31: type=4, attr=0xf, range=[0x0000000001968000-0x000000000198a000) (0MB)
2015-02-12T15:37:08.962848-06:00 c0-0c1s0n2 EFI: mem32: type=3, attr=0xf, range=[0x000000000198a000-0x00000000019b0000) (0MB)
2015-02-12T15:37:08.987937-06:00 c0-0c1s0n2 EFI: mem33: type=4, attr=0xf, range=[0x00000000019b0000-0x00000000019be000) (0MB)
