2015-02-11T17:25:57.385667-06:00 c0-0c0s2n1 ERROR: Type:2; Severity:80; Class:3; Subclass:D; Operation: 2
2015-02-11T17:34:33.183270-06:00 c0-0c0s2n1 Wait4Boot: WRITE: 533 bytes to memory @ 0x90CD0 ... complete
2015-02-11T17:34:33.183278-06:00 c0-0c0s2n1 Wait4Boot: Blade Controller Boot Protocol version - 1
2015-02-11T17:34:33.183285-06:00 c0-0c0s2n1 Wait4Boot: JUMP: KernelStart 0x100000, boot_params 0x90000, CmdLineAddr 0x90CD0
2015-02-11T17:34:33.233633-06:00 c0-0c0s2n1 Decompressing Linux... Parsing ELF... done.
2015-02-11T17:34:33.233735-06:00 c0-0c0s2n1 Booting the kernel.
2015-02-11T17:34:33.233824-06:00 c0-0c0s2n1 Initializing cgroup subsys cpuset
2015-02-11T17:34:33.258860-06:00 c0-0c0s2n1 Initializing cgroup subsys cpu
2015-02-11T17:34:33.284043-06:00 c0-0c0s2n1 Linux version 3.0.101-0.31.1_1.0502.8394-cray_ari_s (abuild@cfosbld05) (gcc version 4.3.4 [gcc-4_3-branch revision 152973] (SUSE Linux) ) #1 SMP Wed Sep 10 04:03:41 UTC 2014
2015-02-11T17:34:33.359993-06:00 c0-0c0s2n1 Command line: earlyprintk=serial,115200 load_ramdisk=1 ramdisk_size=80000 console=ttyS0,115200n8 bootnodeip=10.131.255.254 bootproto=ipog bootpath=/rr/current rootfs=nfs-shared root=/dev/disk/by-id/scsi-3600a09800063789e0000008b54c3a04c-part1 oops=panic bootifnetmask=255.252.0.0 elevator=noop ippob1=10 ippob2=128 pcie_ports=native iommu=on intel_iommu=off bad_page=panic pln_enable=off apei_disable hest_disable erst_disable ghes_disable cgroup_disable=memory active_wlm=ALPS sdbnodeip=10.131.255.253 sessionid=p0-20150211t172524 _cray=marker_ 
2015-02-11T17:34:33.360105-06:00 c0-0c0s2n1 KERNEL supported cpus:
2015-02-11T17:34:33.360193-06:00 c0-0c0s2n1  Intel GenuineIntel
2015-02-11T17:34:33.360337-06:00 c0-0c0s2n1 BIOS-provided physical RAM map:
2015-02-11T17:34:33.385200-06:00 c0-0c0s2n1 BIOS-e820: 0000000000000000 - 00000000000a0000 (usable)
2015-02-11T17:34:33.385463-06:00 c0-0c0s2n1 BIOS-e820: 0000000000100000 - 000000007e67c000 (usable)
2015-02-11T17:34:33.410268-06:00 c0-0c0s2n1 BIOS-e820: 000000007e67c000 - 000000007e790000 (ACPI NVS)
2015-02-11T17:34:33.410470-06:00 c0-0c0s2n1 BIOS-e820: 000000007e790000 - 000000007f395000 (reserved)
2015-02-11T17:34:33.410619-06:00 c0-0c0s2n1 BIOS-e820: 000000007f395000 - 000000007f410000 (ACPI data)
2015-02-11T17:34:33.435650-06:00 c0-0c0s2n1 BIOS-e820: 000000007f410000 - 000000007f491000 (reserved)
2015-02-11T17:34:33.435801-06:00 c0-0c0s2n1 BIOS-e820: 000000007f491000 - 000000007f493000 (usable)
2015-02-11T17:34:33.435973-06:00 c0-0c0s2n1 BIOS-e820: 000000007f493000 - 000000007f494000 (ACPI NVS)
2015-02-11T17:34:33.460875-06:00 c0-0c0s2n1 BIOS-e820: 000000007f494000 - 000000007f49e000 (reserved)
2015-02-11T17:34:33.461170-06:00 c0-0c0s2n1 BIOS-e820: 000000007f49e000 - 000000007f4a6000 (ACPI NVS)
2015-02-11T17:34:33.461440-06:00 c0-0c0s2n1 BIOS-e820: 000000007f4a6000 - 000000007f4d2000 (reserved)
2015-02-11T17:34:33.486215-06:00 c0-0c0s2n1 BIOS-e820: 000000007f4d2000 - 000000007f558000 (ACPI NVS)
2015-02-11T17:34:33.486538-06:00 c0-0c0s2n1 BIOS-e820: 000000007f558000 - 000000007f800000 (usable)
2015-02-11T17:34:33.486710-06:00 c0-0c0s2n1 BIOS-e820: 0000000080000000 - 0000000090000000 (reserved)
2015-02-11T17:34:33.511518-06:00 c0-0c0s2n1 BIOS-e820: 00000000fed1c000 - 00000000fed20000 (reserved)
2015-02-11T17:34:33.511745-06:00 c0-0c0s2n1 BIOS-e820: 00000000ff000000 - 0000000100000000 (reserved)
2015-02-11T17:34:33.511984-06:00 c0-0c0s2n1 BIOS-e820: 0000000100000000 - 0000001080000000 (usable)
2015-02-11T17:34:33.536742-06:00 c0-0c0s2n1 bootconsole [earlyser0] enabled
2015-02-11T17:34:33.536979-06:00 c0-0c0s2n1 NX (Execute Disable) protection: active
2015-02-11T17:34:33.537208-06:00 c0-0c0s2n1 EFI v2.10 by American Megatrends
2015-02-11T17:34:33.537531-06:00 c0-0c0s2n1 ACPI=0x7f395000  ACPI 2.0=0x7f395000  SMBIOS=0xf04c0  MPS=0xfd450 
2015-02-11T17:34:33.562251-06:00 c0-0c0s2n1 EFI: mem00: type=3, attr=0xf, range=[0x0000000000000000-0x0000000000008000) (0MB)
2015-02-11T17:34:33.562632-06:00 c0-0c0s2n1 EFI: mem01: type=7, attr=0xf, range=[0x0000000000008000-0x0000000000060000) (0MB)
2015-02-11T17:34:33.587494-06:00 c0-0c0s2n1 EFI: mem02: type=3, attr=0xf, range=[0x0000000000060000-0x00000000000a0000) (0MB)
2015-02-11T17:34:33.587854-06:00 c0-0c0s2n1 EFI: mem03: type=7, attr=0xf, range=[0x0000000000100000-0x0000000001000000) (15MB)
2015-02-11T17:34:33.612706-06:00 c0-0c0s2n1 EFI: mem04: type=2, attr=0xf, range=[0x0000000001000000-0x0000000001100000) (1MB)
2015-02-11T17:34:33.613058-06:00 c0-0c0s2n1 EFI: mem05: type=4, attr=0xf, range=[0x0000000001100000-0x00000000017ea000) (6MB)
2015-02-11T17:34:33.638071-06:00 c0-0c0s2n1 EFI: mem06: type=3, attr=0xf, range=[0x00000000017ea000-0x00000000017ee000) (0MB)
2015-02-11T17:34:33.638355-06:00 c0-0c0s2n1 EFI: mem07: type=4, attr=0xf, range=[0x00000000017ee000-0x0000000001886000) (0MB)
2015-02-11T17:34:33.663128-06:00 c0-0c0s2n1 EFI: mem08: type=3, attr=0xf, range=[0x0000000001886000-0x000000000188f000) (0MB)
2015-02-11T17:34:33.663428-06:00 c0-0c0s2n1 EFI: mem09: type=4, attr=0xf, range=[0x000000000188f000-0x0000000001892000) (0MB)
2015-02-11T17:34:33.688418-06:00 c0-0c0s2n1 EFI: mem10: type=3, attr=0xf, range=[0x0000000001892000-0x000000000189e000) (0MB)
2015-02-11T17:34:33.688696-06:00 c0-0c0s2n1 EFI: mem11: type=4, attr=0xf, range=[0x000000000189e000-0x00000000018a9000) (0MB)
2015-02-11T17:34:33.713649-06:00 c0-0c0s2n1 EFI: mem12: type=3, attr=0xf, range=[0x00000000018a9000-0x00000000018ab000) (0MB)
2015-02-11T17:34:33.713874-06:00 c0-0c0s2n1 EFI: mem13: type=4, attr=0xf, range=[0x00000000018ab000-0x00000000018ad000) (0MB)
2015-02-11T17:34:33.738956-06:00 c0-0c0s2n1 EFI: mem14: type=3, attr=0xf, range=[0x00000000018ad000-0x00000000018af000) (0MB)
2015-02-11T17:34:33.739205-06:00 c0-0c0s2n1 EFI: mem15: type=4, attr=0xf, range=[0x00000000018af000-0x00000000018b7000) (0MB)
2015-02-11T17:34:33.764189-06:00 c0-0c0s2n1 EFI: mem16: type=3, attr=0xf, range=[0x00000000018b7000-0x00000000018bb000) (0MB)
2015-02-11T17:34:33.764427-06:00 c0-0c0s2n1 EFI: mem17: type=4, attr=0xf, range=[0x00000000018bb000-0x00000000018bd000) (0MB)
2015-02-11T17:34:33.789325-06:00 c0-0c0s2n1 EFI: mem18: type=3, attr=0xf, range=[0x00000000018bd000-0x00000000018bf000) (0MB)
2015-02-11T17:34:33.789653-06:00 c0-0c0s2n1 EFI: mem19: type=4, attr=0xf, range=[0x00000000018bf000-0x00000000018d1000) (0MB)
2015-02-11T17:34:33.814518-06:00 c0-0c0s2n1 EFI: mem20: type=3, attr=0xf, range=[0x00000000018d1000-0x00000000018d7000) (0MB)
2015-02-11T17:34:33.814779-06:00 c0-0c0s2n1 EFI: mem21: type=4, attr=0xf, range=[0x00000000018d7000-0x00000000018f9000) (0MB)
2015-02-11T17:34:33.839884-06:00 c0-0c0s2n1 EFI: mem22: type=3, attr=0xf, range=[0x00000000018f9000-0x0000000001908000) (0MB)
2015-02-11T17:34:33.840197-06:00 c0-0c0s2n1 EFI: mem23: type=4, attr=0xf, range=[0x0000000001908000-0x0000000001921000) (0MB)
2015-02-11T17:34:33.865127-06:00 c0-0c0s2n1 EFI: mem24: type=3, attr=0xf, range=[0x0000000001921000-0x000000000192b000) (0MB)
2015-02-11T17:34:33.865399-06:00 c0-0c0s2n1 EFI: mem25: type=4, attr=0xf, range=[0x000000000192b000-0x0000000001933000) (0MB)
2015-02-11T17:34:33.890227-06:00 c0-0c0s2n1 EFI: mem26: type=3, attr=0xf, range=[0x0000000001933000-0x0000000001936000) (0MB)
2015-02-11T17:34:33.890568-06:00 c0-0c0s2n1 EFI: mem27: type=4, attr=0xf, range=[0x0000000001936000-0x0000000001964000) (0MB)
2015-02-11T17:34:33.915631-06:00 c0-0c0s2n1 EFI: mem28: type=3, attr=0xf, range=[0x0000000001964000-0x0000000001968000) (0MB)
2015-02-11T17:34:33.915889-06:00 c0-0c0s2n1 EFI: mem29: type=4, attr=0xf, range=[0x0000000001968000-0x0000000001987000) (0MB)
2015-02-11T17:34:33.940797-06:00 c0-0c0s2n1 EFI: mem30: type=3, attr=0xf, range=[0x0000000001987000-0x00000000019b0000) (0MB)
2015-02-11T17:34:33.941093-06:00 c0-0c0s2n1 EFI: mem31: type=4, attr=0xf, range=[0x00000000019b0000-0x00000000019ba000) (0MB)
2015-02-11T17:34:33.965960-06:00 c0-0c0s2n1 EFI: mem32: type=3, attr=0xf, range=[0x00000000019ba000-0x00000000019bd000) (0MB)
2015-02-11T17:34:33.966263-06:00 c0-0c0s2n1 EFI: mem33: type=4, attr=0xf, range=[0x00000000019bd000-0x00000000019be000) (0MB)
2015-02-11T17:34:33.991321-06:00 c0-0c0s2n1 EFI: mem34: type=3, attr=0xf, range=[0x00000000019be000-0x00000000019d0000) (0MB)
2015-02-11T17:34:33.991541-06:00 c0-0c0s2n1 EFI: mem35: type=4, attr=0xf, range=[0x00000000019d0000-0x00000000019d3000) (0MB)
2015-02-11T17:34:34.016558-06:00 c0-0c0s2n1 EFI: mem36: type=3, attr=0xf, range=[0x00000000019d3000-0x00000000019d5000) (0MB)
2015-02-11T17:34:34.016839-06:00 c0-0c0s2n1 EFI: mem37: type=4, attr=0xf, range=[0x00000000019d5000-0x00000000019e1000) (0MB)
2015-02-11T17:34:34.041727-06:00 c0-0c0s2n1 EFI: mem38: type=3, attr=0xf, range=[0x00000000019e1000-0x00000000019e5000) (0MB)
2015-02-11T17:34:34.042076-06:00 c0-0c0s2n1 EFI: mem39: type=4, attr=0xf, range=[0x00000000019e5000-0x0000000001a02000) (0MB)
2015-02-11T17:34:34.067020-06:00 c0-0c0s2n1 EFI: mem40: type=3, attr=0xf, range=[0x0000000001a02000-0x0000000001a06000) (0MB)
2015-02-11T17:34:34.067290-06:00 c0-0c0s2n1 EFI: mem41: type=4, attr=0xf, range=[0x0000000001a06000-0x0000000001a0a000) (0MB)
2015-02-11T17:34:34.092168-06:00 c0-0c0s2n1 EFI: mem42: type=3, attr=0xf, range=[0x0000000001a0a000-0x0000000001a1e000) (0MB)
2015-02-11T17:34:34.092458-06:00 c0-0c0s2n1 EFI: mem43: type=4, attr=0xf, range=[0x0000000001a1e000-0x0000000001a22000) (0MB)
2015-02-11T17:34:34.117467-06:00 c0-0c0s2n1 EFI: mem44: type=3, attr=0xf, range=[0x0000000001a22000-0x0000000001a26000) (0MB)
2015-02-11T17:34:34.117729-06:00 c0-0c0s2n1 EFI: mem45: type=4, attr=0xf, range=[0x0000000001a26000-0x0000000001a34000) (0MB)
2015-02-11T17:34:34.142759-06:00 c0-0c0s2n1 EFI: mem46: type=3, attr=0xf, range=[0x0000000001a34000-0x0000000001a3b000) (0MB)
2015-02-11T17:34:34.143021-06:00 c0-0c0s2n1 EFI: mem47: type=4, attr=0xf, range=[0x0000000001a3b000-0x0000000001a42000) (0MB)
2015-02-11T17:34:34.167960-06:00 c0-0c0s2n1 EFI: mem48: type=3, attr=0xf, range=[0x0000000001a42000-0x0000000001a4a000) (0MB)
2015-02-11T17:34:34.168331-06:00 c0-0c0s2n1 EFI: mem49: type=4, attr=0xf, range=[0x0000000001a4a000-0x0000000001a4b000) (0MB)
2015-02-11T17:34:34.193190-06:00 c0-0c0s2n1 EFI: mem50: type=3, attr=0xf, range=[0x0000000001a4b000-0x0000000001a4d000) (0MB)
2015-02-11T17:34:34.193492-06:00 c0-0c0s2n1 EFI: mem51: type=4, attr=0xf, range=[0x0000000001a4d000-0x0000000001a52000) (0MB)
2015-02-11T17:34:34.218357-06:00 c0-0c0s2n1 EFI: mem52: type=3, attr=0xf, range=[0x0000000001a52000-0x0000000001a69000) (0MB)
2015-02-11T17:34:34.218693-06:00 c0-0c0s2n1 EFI: mem53: type=4, attr=0xf, range=[0x0000000001a69000-0x0000000001a6f000) (0MB)
2015-02-11T17:34:34.256136-06:00 c0-0c0s2n1 EFI: mem54: type=3, attr=0xf, range=[0x0000000001a6f000-0x0000000001a70000) (0MB)
2015-02-11T17:34:34.256411-06:00 c0-0c0s2n1 EFI: mem55: type=4, attr=0xf, range=[0x0000000001a70000-0x0000000001a71000) (0MB)
2015-02-11T17:34:34.300172-06:00 c0-0c0s2n1 EFI: mem56: type=3, attr=0xf, range=[0x0000000001a71000-0x0000000001a79000) (0MB)
2015-02-11T17:34:34.300393-06:00 c0-0c0s2n1 EFI: mem57: type=4, attr=0xf, range=[0x0000000001a79000-0x0000000001a7a000) (0MB)
2015-02-11T17:34:34.300568-06:00 c0-0c0s2n1 EFI: mem58: type=3, attr=0xf, range=[0x0000000001a7a000-0x0000000001a83000) (0MB)
2015-02-11T17:34:34.300775-06:00 c0-0c0s2n1 EFI: mem59: type=4, attr=0xf, range=[0x0000000001a83000-0x0000000001a85000) (0MB)
2015-02-11T17:34:34.336118-06:00 c0-0c0s2n1 EFI: mem60: type=3, attr=0xf, range=[0x0000000001a85000-0x0000000001abe000) (0MB)
2015-02-11T17:34:34.336342-06:00 c0-0c0s2n1 EFI: mem61: type=4, attr=0xf, range=[0x0000000001abe000-0x0000000001abf000) (0MB)
2015-02-11T17:34:34.344714-06:00 c0-0c0s2n1 EFI: mem62: type=3, attr=0xf, range=[0x0000000001abf000-0x0000000001acc000) (0MB)
2015-02-11T17:34:34.344980-06:00 c0-0c0s2n1 EFI: mem63: type=4, attr=0xf, range=[0x0000000001acc000-0x0000000001ad7000) (0MB)
2015-02-11T17:34:34.369946-06:00 c0-0c0s2n1 EFI: mem64: type=3, attr=0xf, range=[0x0000000001ad7000-0x0000000001adc000) (0MB)
2015-02-11T17:34:34.370231-06:00 c0-0c0s2n1 EFI: mem65: type=4, attr=0xf, range=[0x0000000001adc000-0x0000000001b60000) (0MB)
2015-02-11T17:34:34.395295-06:00 c0-0c0s2n1 EFI: mem66: type=3, attr=0xf, range=[0x0000000001b60000-0x0000000001b7c000) (0MB)
2015-02-11T17:34:34.395571-06:00 c0-0c0s2n1 EFI: mem67: type=4, attr=0xf, range=[0x0000000001b7c000-0x0000000001b84000) (0MB)
2015-02-11T17:34:34.420453-06:00 c0-0c0s2n1 EFI: mem68: type=3, attr=0xf, range=[0x0000000001b84000-0x0000000001b9c000) (0MB)
2015-02-11T17:34:34.420794-06:00 c0-0c0s2n1 EFI: mem69: type=4, attr=0xf, range=[0x0000000001b9c000-0x000000000b210000) (150MB)
2015-02-11T17:34:34.445746-06:00 c0-0c0s2n1 EFI: mem70: type=3, attr=0xf, range=[0x000000000b210000-0x000000000b216000) (0MB)
2015-02-11T17:34:34.446028-06:00 c0-0c0s2n1 EFI: mem71: type=4, attr=0xf, range=[0x000000000b216000-0x000000000b21f000) (0MB)
2015-02-11T17:34:34.470989-06:00 c0-0c0s2n1 EFI: mem72: type=3, attr=0xf, range=[0x000000000b21f000-0x000000000b235000) (0MB)
2015-02-11T17:34:34.471264-06:00 c0-0c0s2n1 EFI: mem73: type=4, attr=0xf, range=[0x000000000b235000-0x000000000b23b000) (0MB)
2015-02-11T17:34:34.496220-06:00 c0-0c0s2n1 EFI: mem74: type=3, attr=0xf, range=[0x000000000b23b000-0x000000000b23e000) (0MB)
2015-02-11T17:34:34.496485-06:00 c0-0c0s2n1 EFI: mem75: type=4, attr=0xf, range=[0x000000000b23e000-0x000000000b242000) (0MB)
2015-02-11T17:34:34.496725-06:00 c0-0c0s2n1 EFI: mem76: type=3, attr=0xf, range=[0x000000000b242000-0x000000000b249000) (0MB)
2015-02-11T17:34:34.521730-06:00 c0-0c0s2n1 EFI: mem77: type=4, attr=0xf, range=[0x000000000b249000-0x000000000b24c000) (0MB)
2015-02-11T17:34:34.546706-06:00 c0-0c0s2n1 EFI: mem78: type=3, attr=0xf, range=[0x000000000b24c000-0x000000000b254000) (0MB)
2015-02-11T17:34:34.547103-06:00 c0-0c0s2n1 EFI: mem79: type=4, attr=0xf, range=[0x000000000b254000-0x000000000b27a000) (0MB)
2015-02-11T17:34:34.547327-06:00 c0-0c0s2n1 EFI: mem80: type=3, attr=0xf, range=[0x000000000b27a000-0x000000000b27e000) (0MB)
2015-02-11T17:34:34.572270-06:00 c0-0c0s2n1 EFI: mem81: type=4, attr=0xf, range=[0x000000000b27e000-0x000000000b282000) (0MB)
2015-02-11T17:34:34.572518-06:00 c0-0c0s2n1 EFI: mem82: type=3, attr=0xf, range=[0x000000000b282000-0x000000000b286000) (0MB)
2015-02-11T17:34:34.597500-06:00 c0-0c0s2n1 EFI: mem83: type=4, attr=0xf, range=[0x000000000b286000-0x000000000b290000) (0MB)
2015-02-11T17:34:34.597723-06:00 c0-0c0s2n1 EFI: mem84: type=3, attr=0xf, range=[0x000000000b290000-0x000000000b2d3000) (0MB)
2015-02-11T17:34:34.622721-06:00 c0-0c0s2n1 EFI: mem85: type=4, attr=0xf, range=[0x000000000b2d3000-0x000000000b2df000) (0MB)
2015-02-11T17:34:34.622973-06:00 c0-0c0s2n1 EFI: mem86: type=3, attr=0xf, range=[0x000000000b2df000-0x000000000b2e9000) (0MB)
2015-02-11T17:34:34.647954-06:00 c0-0c0s2n1 EFI: mem87: type=4, attr=0xf, range=[0x000000000b2e9000-0x000000000b2f8000) (0MB)
2015-02-11T17:34:34.648220-06:00 c0-0c0s2n1 EFI: mem88: type=3, attr=0xf, range=[0x000000000b2f8000-0x000000000b2fc000) (0MB)
2015-02-11T17:34:34.673122-06:00 c0-0c0s2n1 EFI: mem89: type=4, attr=0xf, range=[0x000000000b2fc000-0x000000000b2fd000) (0MB)
2015-02-11T17:34:34.673390-06:00 c0-0c0s2n1 EFI: mem90: type=3, attr=0xf, range=[0x000000000b2fd000-0x000000000b302000) (0MB)
2015-02-11T17:34:34.698363-06:00 c0-0c0s2n1 EFI: mem91: type=4, attr=0xf, range=[0x000000000b302000-0x000000000b30b000) (0MB)
2015-02-11T17:34:34.698624-06:00 c0-0c0s2n1 EFI: mem92: type=3, attr=0xf, range=[0x000000000b30b000-0x000000000b343000) (0MB)
2015-02-11T17:34:34.723779-06:00 c0-0c0s2n1 EFI: mem93: type=4, attr=0xf, range=[0x000000000b343000-0x000000000b34a000) (0MB)
2015-02-11T17:34:34.723977-06:00 c0-0c0s2n1 EFI: mem94: type=3, attr=0xf, range=[0x000000000b34a000-0x000000000b351000) (0MB)
2015-02-11T17:34:34.748974-06:00 c0-0c0s2n1 EFI: mem95: type=4, attr=0xf, range=[0x000000000b351000-0x000000000b359000) (0MB)
2015-02-11T17:34:34.749213-06:00 c0-0c0s2n1 EFI: mem96: type=3, attr=0xf, range=[0x000000000b359000-0x000000000b35d000) (0MB)
2015-02-11T17:34:34.774221-06:00 c0-0c0s2n1 EFI: mem97: type=4, attr=0xf, range=[0x000000000b35d000-0x000000000b361000) (0MB)
2015-02-11T17:34:34.774483-06:00 c0-0c0s2n1 EFI: mem98: type=3, attr=0xf, range=[0x000000000b361000-0x000000000b369000) (0MB)
2015-02-11T17:34:34.799502-06:00 c0-0c0s2n1 EFI: mem99: type=4, attr=0xf, range=[0x000000000b369000-0x000000000b383000) (0MB)
2015-02-11T17:34:34.799754-06:00 c0-0c0s2n1 EFI: mem100: type=3, attr=0xf, range=[0x000000000b383000-0x000000000b389000) (0MB)
2015-02-11T17:34:34.824738-06:00 c0-0c0s2n1 EFI: mem101: type=4, attr=0xf, range=[0x000000000b389000-0x000000000b3ab000) (0MB)
2015-02-11T17:34:34.825048-06:00 c0-0c0s2n1 EFI: mem102: type=3, attr=0xf, range=[0x000000000b3ab000-0x000000000b3b2000) (0MB)
2015-02-11T17:34:34.849992-06:00 c0-0c0s2n1 EFI: mem103: type=4, attr=0xf, range=[0x000000000b3b2000-0x000000000b3b6000) (0MB)
2015-02-11T17:34:34.850257-06:00 c0-0c0s2n1 EFI: mem104: type=3, attr=0xf, range=[0x000000000b3b6000-0x000000000b3c8000) (0MB)
2015-02-11T17:34:34.875236-06:00 c0-0c0s2n1 EFI: mem105: type=4, attr=0xf, range=[0x000000000b3c8000-0x000000000b3cb000) (0MB)
2015-02-11T17:34:34.875524-06:00 c0-0c0s2n1 EFI: mem106: type=3, attr=0xf, range=[0x000000000b3cb000-0x000000000b3d6000) (0MB)
2015-02-11T17:34:34.900463-06:00 c0-0c0s2n1 EFI: mem107: type=4, attr=0xf, range=[0x000000000b3d6000-0x000000000b45b000) (0MB)
2015-02-11T17:34:34.900764-06:00 c0-0c0s2n1 EFI: mem108: type=3, attr=0xf, range=[0x000000000b45b000-0x000000000b45e000) (0MB)
2015-02-11T17:34:34.925746-06:00 c0-0c0s2n1 EFI: mem109: type=4, attr=0xf, range=[0x000000000b45e000-0x000000000b474000) (0MB)
2015-02-11T17:34:34.926015-06:00 c0-0c0s2n1 EFI: mem110: type=3, attr=0xf, range=[0x000000000b474000-0x000000000b47b000) (0MB)
2015-02-11T17:34:34.951080-06:00 c0-0c0s2n1 EFI: mem111: type=4, attr=0xf, range=[0x000000000b47b000-0x000000000b48a000) (0MB)
2015-02-11T17:34:34.951364-06:00 c0-0c0s2n1 EFI: mem112: type=3, attr=0xf, range=[0x000000000b48a000-0x000000000b48e000) (0MB)
2015-02-11T17:34:34.976312-06:00 c0-0c0s2n1 EFI: mem113: type=4, attr=0xf, range=[0x000000000b48e000-0x000000000b4b0000) (0MB)
2015-02-11T17:34:34.976559-06:00 c0-0c0s2n1 EFI: mem114: type=3, attr=0xf, range=[0x000000000b4b0000-0x000000000b4b5000) (0MB)
2015-02-11T17:34:35.001507-06:00 c0-0c0s2n1 EFI: mem115: type=4, attr=0xf, range=[0x000000000b4b5000-0x000000000b4c9000) (0MB)
2015-02-11T17:34:35.001736-06:00 c0-0c0s2n1 EFI: mem116: type=7, attr=0xf, range=[0x000000000b4c9000-0x000000000b4ca000) (0MB)
2015-02-11T17:34:35.026639-06:00 c0-0c0s2n1 EFI: mem117: type=4, attr=0xf, range=[0x000000000b4ca000-0x000000000b53d000) (0MB)
2015-02-11T17:34:35.026914-06:00 c0-0c0s2n1 EFI: mem118: type=3, attr=0xf, range=[0x000000000b53d000-0x000000000b551000) (0MB)
2015-02-11T17:34:35.051896-06:00 c0-0c0s2n1 EFI: mem119: type=4, attr=0xf, range=[0x000000000b551000-0x000000000b5ae000) (0MB)
2015-02-11T17:34:35.052172-06:00 c0-0c0s2n1 EFI: mem120: type=3, attr=0xf, range=[0x000000000b5ae000-0x000000000b5b7000) (0MB)
2015-02-11T17:34:35.077153-06:00 c0-0c0s2n1 EFI: mem121: type=4, attr=0xf, range=[0x000000000b5b7000-0x000000000b5b8000) (0MB)
2015-02-11T17:34:35.077435-06:00 c0-0c0s2n1 EFI: mem122: type=2, attr=0xf, range=[0x000000000b5b8000-0x000000000b5ba000) (0MB)
2015-02-11T17:34:35.102326-06:00 c0-0c0s2n1 EFI: mem123: type=7, attr=0xf, range=[0x000000000b5ba000-0x000000000b5bc000) (0MB)
2015-02-11T17:34:35.102614-06:00 c0-0c0s2n1 EFI: mem124: type=4, attr=0xf, range=[0x000000000b5bc000-0x000000000b5c6000) (0MB)
2015-02-11T17:34:35.127671-06:00 c0-0c0s2n1 EFI: mem125: type=7, attr=0xf, range=[0x000000000b5c6000-0x000000000b5cc000) (0MB)
2015-02-11T17:34:35.127992-06:00 c0-0c0s2n1 EFI: mem126: type=4, attr=0xf, range=[0x000000000b5cc000-0x000000000b7e0000) (2MB)
2015-02-11T17:34:35.152919-06:00 c0-0c0s2n1 EFI: mem127: type=7, attr=0xf, range=[0x000000000b7e0000-0x000000000b7ee000) (0MB)
2015-02-11T17:34:35.153199-06:00 c0-0c0s2n1 EFI: mem128: type=1, attr=0xf, range=[0x000000000b7ee000-0x000000000b7ff000) (0MB)
2015-02-11T17:34:35.178243-06:00 c0-0c0s2n1 EFI: mem129: type=7, attr=0xf, range=[0x000000000b7ff000-0x000000007e67c000) (1838MB)
2015-02-11T17:34:35.178484-06:00 c0-0c0s2n1 EFI: mem130: type=10, attr=0xf, range=[0x000000007e67c000-0x000000007e790000) (1MB)
2015-02-11T17:34:35.203421-06:00 c0-0c0s2n1 EFI: mem131: type=0, attr=0xf, range=[0x000000007e790000-0x000000007e792000) (0MB)
2015-02-11T17:34:35.203764-06:00 c0-0c0s2n1 EFI: mem132: type=6, attr=0x800000000000000f, range=[0x000000007e792000-0x000000007f395000) (12MB)
2015-02-11T17:34:35.228754-06:00 c0-0c0s2n1 EFI: mem133: type=9, attr=0xf, range=[0x000000007f395000-0x000000007f410000) (0MB)
2015-02-11T17:34:35.229017-06:00 c0-0c0s2n1 EFI: mem134: type=5, attr=0x800000000000000f, range=[0x000000007f410000-0x000000007f41a000) (0MB)
2015-02-11T17:34:35.253994-06:00 c0-0c0s2n1 EFI: mem135: type=0, attr=0xf, range=[0x000000007f41a000-0x000000007f41c000) (0MB)
2015-02-11T17:34:35.254235-06:00 c0-0c0s2n1 EFI: mem136: type=6, attr=0x800000000000000f, range=[0x000000007f41c000-0x000000007f42d000) (0MB)
2015-02-11T17:34:35.292286-06:00 c0-0c0s2n1 EFI: mem137: type=0, attr=0xf, range=[0x000000007f42d000-0x000000007f43d000) (0MB)
2015-02-11T17:34:35.336194-06:00 c0-0c0s2n1 EFI: mem138: type=6, attr=0x800000000000000f, range=[0x000000007f43d000-0x000000007f45e000) (0MB)
2015-02-11T17:34:35.336425-06:00 c0-0c0s2n1 EFI: mem139: type=5, attr=0x800000000000000f, range=[0x000000007f45e000-0x000000007f462000) (0MB)
2015-02-11T17:34:35.336606-06:00 c0-0c0s2n1 EFI: mem140: type=0, attr=0xf, range=[0x000000007f462000-0x000000007f46b000) (0MB)
2015-02-11T17:34:35.336816-06:00 c0-0c0s2n1 EFI: mem141: type=5, attr=0x800000000000000f, range=[0x000000007f46b000-0x000000007f46d000) (0MB)
2015-02-11T17:34:35.372134-06:00 c0-0c0s2n1 EFI: mem142: type=0, attr=0xf, range=[0x000000007f46d000-0x000000007f471000) (0MB)
2015-02-11T17:34:35.372333-06:00 c0-0c0s2n1 EFI: mem143: type=5, attr=0x800000000000000f, range=[0x000000007f471000-0x000000007f472000) (0MB)
2015-02-11T17:34:35.380098-06:00 c0-0c0s2n1 EFI: mem144: type=6, attr=0x800000000000000f, range=[0x000000007f472000-0x000000007f473000) (0MB)
2015-02-11T17:34:35.405279-06:00 c0-0c0s2n1 EFI: mem145: type=5, attr=0x800000000000000f, range=[0x000000007f473000-0x000000007f476000) (0MB)
2015-02-11T17:34:35.405611-06:00 c0-0c0s2n1 EFI: mem146: type=0, attr=0xf, range=[0x000000007f476000-0x000000007f486000) (0MB)
2015-02-11T17:34:35.430471-06:00 c0-0c0s2n1 EFI: mem147: type=5, attr=0x800000000000000f, range=[0x000000007f486000-0x000000007f491000) (0MB)
2015-02-11T17:34:35.430773-06:00 c0-0c0s2n1 EFI: mem148: type=7, attr=0xf, range=[0x000000007f491000-0x000000007f493000) (0MB)
2015-02-11T17:34:35.468120-06:00 c0-0c0s2n1 EFI: mem149: type=10, attr=0xf, range=[0x000000007f493000-0x000000007f494000) (0MB)
2015-02-11T17:34:35.468364-06:00 c0-0c0s2n1 EFI: mem150: type=6, attr=0x800000000000000f, range=[0x000000007f494000-0x000000007f49b000) (0MB)
2015-02-11T17:34:35.508125-06:00 c0-0c0s2n1 EFI: mem151: type=5, attr=0x800000000000000f, range=[0x000000007f49b000-0x000000007f49e000) (0MB)
2015-02-11T17:34:35.508375-06:00 c0-0c0s2n1 EFI: mem152: type=10, attr=0xf, range=[0x000000007f49e000-0x000000007f4a6000) (0MB)
2015-02-11T17:34:35.508554-06:00 c0-0c0s2n1 EFI: mem153: type=6, attr=0x800000000000000f, range=[0x000000007f4a6000-0x000000007f4a7000) (0MB)
2015-02-11T17:34:35.508744-06:00 c0-0c0s2n1 EFI: mem154: type=5, attr=0x800000000000000f, range=[0x000000007f4a7000-0x000000007f4ab000) (0MB)
2015-02-11T17:34:35.548310-06:00 c0-0c0s2n1 EFI: mem155: type=6, attr=0x800000000000000f, range=[0x000000007f4ab000-0x000000007f4bd000) (0MB)
2015-02-11T17:34:35.548513-06:00 c0-0c0s2n1 EFI: mem156: type=5, attr=0x800000000000000f, range=[0x000000007f4bd000-0x000000007f4cf000) (0MB)
2015-02-11T17:34:35.556976-06:00 c0-0c0s2n1 EFI: mem157: type=6, attr=0x800000000000000f, range=[0x000000007f4cf000-0x000000007f4d2000) (0MB)
2015-02-11T17:34:35.582022-06:00 c0-0c0s2n1 EFI: mem158: type=10, attr=0xf, range=[0x000000007f4d2000-0x000000007f558000) (0MB)
2015-02-11T17:34:35.582278-06:00 c0-0c0s2n1 EFI: mem159: type=3, attr=0xf, range=[0x000000007f558000-0x000000007f7e0000) (2MB)
2015-02-11T17:34:35.607318-06:00 c0-0c0s2n1 EFI: mem160: type=4, attr=0xf, range=[0x000000007f7e0000-0x000000007f7ef000) (0MB)
2015-02-11T17:34:35.607605-06:00 c0-0c0s2n1 EFI: mem161: type=3, attr=0xf, range=[0x000000007f7ef000-0x000000007f800000) (0MB)
2015-02-11T17:34:35.632495-06:00 c0-0c0s2n1 EFI: mem162: type=7, attr=0xf, range=[0x0000000100000000-0x0000001080000000) (63488MB)
2015-02-11T17:34:35.632786-06:00 c0-0c0s2n1 EFI: mem163: type=11, attr=0x8000000000000001, range=[0x0000000080000000-0x0000000090000000) (256MB)
2015-02-11T17:34:35.658058-06:00 c0-0c0s2n1 EFI: mem164: type=11, attr=0x8000000000000001, range=[0x00000000fed1c000-0x00000000fed20000) (0MB)
2015-02-11T17:34:35.683038-06:00 c0-0c0s2n1 EFI: mem165: type=11, attr=0x8000000000000001, range=[0x00000000ff000000-0x0000000100000000) (16MB)
2015-02-11T17:34:35.683130-06:00 c0-0c0s2n1 DMI 2.7 present.
2015-02-11T17:34:35.683240-06:00 c0-0c0s2n1 last_pfn = 0x1080000 max_arch_pfn = 0x400000000
2015-02-11T17:34:35.708384-06:00 c0-0c0s2n1 x86 PAT enabled: cpu 0, old 0x7040600070406, new 0x7010600070106
2015-02-11T17:34:35.708541-06:00 c0-0c0s2n1 last_pfn = 0x7f800 max_arch_pfn = 0x400000000
2015-02-11T17:34:35.708667-06:00 c0-0c0s2n1 found SMP MP-table at [ffff8800000fd830] fd830
2015-02-11T17:34:35.708771-06:00 c0-0c0s2n1 Using GB pages for direct mapping
2015-02-11T17:34:35.733635-06:00 c0-0c0s2n1 init_memory_mapping: 0000000000000000-000000007f800000
2015-02-11T17:34:35.733860-06:00 c0-0c0s2n1 init_memory_mapping: 0000000100000000-0000001080000000
2015-02-11T17:34:35.733929-06:00 c0-0c0s2n1 nmi ring buffer: 262144
2015-02-11T17:34:35.734055-06:00 c0-0c0s2n1 RAMDISK: 0fa00000 - 10610000
2015-02-11T17:34:35.758745-06:00 c0-0c0s2n1 ACPI: RSDP 000000007f395000 00024 (v02 ALASKA)
2015-02-11T17:34:35.759031-06:00 c0-0c0s2n1 ACPI: XSDT 000000007f395088 0008C (v01 ALASKA    A M I 01072009 AMI  00010013)
2015-02-11T17:34:35.759342-06:00 c0-0c0s2n1 ACPI: FACP 000000007f39ee50 000F4 (v04 ALASKA    A M I 01072009 AMI  00010013)
2015-02-11T17:34:35.784229-06:00 c0-0c0s2n1 ACPI: DSDT 000000007f3951a0 09CAD (v02 ALASKA    A M I 00000016 INTL 20051117)
2015-02-11T17:34:35.784388-06:00 c0-0c0s2n1 ACPI: FACS 000000007f4a3f80 00040
2015-02-11T17:34:35.809417-06:00 c0-0c0s2n1 ACPI: APIC 000000007f39ef48 00138 (v03 ALASKA    A M I 01072009 AMI  00010013)
2015-02-11T17:34:35.809781-06:00 c0-0c0s2n1 ACPI: FPDT 000000007f39f080 00044 (v01 ALASKA    A M I 01072009 AMI  00010013)
2015-02-11T17:34:35.834656-06:00 c0-0c0s2n1 ACPI: MCFG 000000007f39f0c8 0003C (v01 ALASKA OEMMCFG. 01072009 MSFT 00000097)
2015-02-11T17:34:35.835025-06:00 c0-0c0s2n1 ACPI: HPET 000000007f39f108 00038 (v01 ALASKA    A M I 01072009 AMI. 00000004)
2015-02-11T17:34:35.859788-06:00 c0-0c0s2n1 ACPI: PRAD 000000007f39f140 000BE (v02 PRADID  PRADTID 00000001 MSFT 03000001)
2015-02-11T17:34:35.860243-06:00 c0-0c0s2n1 ACPI: SSDT 000000007f39f200 70104 (v02  INTEL    CpuPm 00004000 INTL 20051117)
2015-02-11T17:34:35.885043-06:00 c0-0c0s2n1 ACPI: SPCR 000000007f40f308 00050 (v01  A M I   APTIO4 01072009 AMI. 00000004)
2015-02-11T17:34:35.885421-06:00 c0-0c0s2n1 ACPI: EINJ 000000007f40f358 00130 (v01    AMI AMI EINJ 00000000      00000000)
2015-02-11T17:34:35.885737-06:00 c0-0c0s2n1 ACPI: ERST 000000007f40f488 00230 (v01  AMIER AMI ERST 00000000      00000000)
2015-02-11T17:34:35.910677-06:00 c0-0c0s2n1 ACPI: HEST 000000007f40f6b8 000A8 (v01    AMI AMI HEST 00000000      00000000)
2015-02-11T17:34:35.910974-06:00 c0-0c0s2n1 ACPI: BERT 000000007f40f760 00030 (v01    AMI AMI BERT 00000000      00000000)
2015-02-11T17:34:35.935849-06:00 c0-0c0s2n1 ACPI: DMAR 000000007f40f790 000BC (v01 A M I   OEMDMAR 00000001 INTL 00000001)
2015-02-11T17:34:35.935938-06:00 c0-0c0s2n1 No NUMA configuration found
2015-02-11T17:34:35.936171-06:00 c0-0c0s2n1 Faking a node at 0000000000000000-0000001080000000
2015-02-11T17:34:35.960970-06:00 c0-0c0s2n1 Initmem setup node 0 0000000000000000-0000001080000000
2015-02-11T17:34:35.961159-06:00 c0-0c0s2n1  NODE_DATA [000000107ffbb000 - 000000107ffbffff]
2015-02-11T17:34:36.188026-06:00 c0-0c0s2n1 Zone PFN ranges:
2015-02-11T17:34:36.188077-06:00 c0-0c0s2n1  DMA      0x00000010 -> 0x00001000
2015-02-11T17:34:36.213226-06:00 c0-0c0s2n1  DMA32    0x00001000 -> 0x00100000
2015-02-11T17:34:36.213269-06:00 c0-0c0s2n1  Normal   0x00100000 -> 0x01080000
2015-02-11T17:34:36.213340-06:00 c0-0c0s2n1 Movable zone start PFN for each node
2015-02-11T17:34:36.213393-06:00 c0-0c0s2n1 early_node_map[5] active PFN ranges
2015-02-11T17:34:36.213438-06:00 c0-0c0s2n1    0: 0x00000010 -> 0x000000a0
2015-02-11T17:34:36.213482-06:00 c0-0c0s2n1    0: 0x00000100 -> 0x0007e67c
2015-02-11T17:34:36.213545-06:00 c0-0c0s2n1    0: 0x0007f491 -> 0x0007f493
2015-02-11T17:34:36.213596-06:00 c0-0c0s2n1    0: 0x0007f558 -> 0x0007f800
2015-02-11T17:34:36.238451-06:00 c0-0c0s2n1    0: 0x00100000 -> 0x01080000
2015-02-11T17:34:36.893404-06:00 c0-0c0s2n1 ACPI: LAPIC (acpi_id[0x00] lapic_id[0x00] enabled)
2015-02-11T17:34:36.893417-06:00 c0-0c0s2n1 ACPI: LAPIC (acpi_id[0x02] lapic_id[0x02] enabled)
2015-02-11T17:34:36.893474-06:00 c0-0c0s2n1 ACPI: LAPIC (acpi_id[0x04] lapic_id[0x04] enabled)
2015-02-11T17:34:36.893535-06:00 c0-0c0s2n1 ACPI: LAPIC (acpi_id[0x06] lapic_id[0x06] enabled)
2015-02-11T17:34:36.893589-06:00 c0-0c0s2n1 ACPI: LAPIC (acpi_id[0x08] lapic_id[0x08] enabled)
2015-02-11T17:34:36.893650-06:00 c0-0c0s2n1 ACPI: LAPIC (acpi_id[0x0a] lapic_id[0x0a] enabled)
2015-02-11T17:34:36.893673-06:00 c0-0c0s2n1 ACPI: LAPIC (acpi_id[0x0c] lapic_id[0x0c] enabled)
2015-02-11T17:34:36.918638-06:00 c0-0c0s2n1 ACPI: LAPIC (acpi_id[0x0e] lapic_id[0x0e] enabled)
2015-02-11T17:34:36.918759-06:00 c0-0c0s2n1 ACPI: LAPIC (acpi_id[0x01] lapic_id[0x01] enabled)
2015-02-11T17:34:36.918862-06:00 c0-0c0s2n1 ACPI: LAPIC (acpi_id[0x03] lapic_id[0x03] enabled)
2015-02-11T17:34:36.943918-06:00 c0-0c0s2n1 ACPI: LAPIC (acpi_id[0x05] lapic_id[0x05] enabled)
2015-02-11T17:34:36.944009-06:00 c0-0c0s2n1 ACPI: LAPIC (acpi_id[0x07] lapic_id[0x07] enabled)
2015-02-11T17:34:36.969094-06:00 c0-0c0s2n1 ACPI: LAPIC (acpi_id[0x09] lapic_id[0x09] enabled)
2015-02-11T17:34:36.969229-06:00 c0-0c0s2n1 ACPI: LAPIC (acpi_id[0x0b] lapic_id[0x0b] enabled)
2015-02-11T17:34:36.969457-06:00 c0-0c0s2n1 ACPI: LAPIC (acpi_id[0x0d] lapic_id[0x0d] enabled)
2015-02-11T17:34:36.969583-06:00 c0-0c0s2n1 ACPI: LAPIC (acpi_id[0x0f] lapic_id[0x0f] enabled)
2015-02-11T17:34:36.969669-06:00 c0-0c0s2n1 ACPI: LAPIC_NMI (acpi_id[0x00] high edge lint[0x1])
2015-02-11T17:34:36.994375-06:00 c0-0c0s2n1 ACPI: LAPIC_NMI (acpi_id[0x02] high edge lint[0x1])
2015-02-11T17:34:36.994606-06:00 c0-0c0s2n1 ACPI: LAPIC_NMI (acpi_id[0x04] high edge lint[0x1])
2015-02-11T17:34:36.994784-06:00 c0-0c0s2n1 ACPI: LAPIC_NMI (acpi_id[0x06] high edge lint[0x1])
2015-02-11T17:34:37.019538-06:00 c0-0c0s2n1 ACPI: LAPIC_NMI (acpi_id[0x08] high edge lint[0x1])
2015-02-11T17:34:37.019763-06:00 c0-0c0s2n1 ACPI: LAPIC_NMI (acpi_id[0x0a] high edge lint[0x1])
2015-02-11T17:34:37.019989-06:00 c0-0c0s2n1 ACPI: LAPIC_NMI (acpi_id[0x0c] high edge lint[0x1])
2015-02-11T17:34:37.044913-06:00 c0-0c0s2n1 ACPI: LAPIC_NMI (acpi_id[0x0e] high edge lint[0x1])
2015-02-11T17:34:37.045117-06:00 c0-0c0s2n1 ACPI: LAPIC_NMI (acpi_id[0x01] high edge lint[0x1])
2015-02-11T17:34:37.045387-06:00 c0-0c0s2n1 ACPI: LAPIC_NMI (acpi_id[0x03] high edge lint[0x1])
2015-02-11T17:34:37.084193-06:00 c0-0c0s2n1 ACPI: LAPIC_NMI (acpi_id[0x05] high edge lint[0x1])
2015-02-11T17:34:37.084477-06:00 c0-0c0s2n1 ACPI: LAPIC_NMI (acpi_id[0x07] high edge lint[0x1])
2015-02-11T17:34:37.084698-06:00 c0-0c0s2n1 ACPI: LAPIC_NMI (acpi_id[0x09] high edge lint[0x1])
2015-02-11T17:34:37.084870-06:00 c0-0c0s2n1 ACPI: LAPIC_NMI (acpi_id[0x0b] high edge lint[0x1])
2015-02-11T17:34:37.124289-06:00 c0-0c0s2n1 ACPI: LAPIC_NMI (acpi_id[0x0d] high edge lint[0x1])
2015-02-11T17:34:37.124502-06:00 c0-0c0s2n1 ACPI: LAPIC_NMI (acpi_id[0x0f] high edge lint[0x1])
2015-02-11T17:34:37.124729-06:00 c0-0c0s2n1 ACPI: IOAPIC (id[0x00] address[0xfec00000] gsi_base[0])
2015-02-11T17:34:37.124956-06:00 c0-0c0s2n1 IOAPIC[0]: apic_id 0, version 32, address 0xfec00000, GSI 0-23
2015-02-11T17:34:37.125164-06:00 c0-0c0s2n1 ACPI: IOAPIC (id[0x02] address[0xfec01000] gsi_base[24])
2015-02-11T17:34:37.125404-06:00 c0-0c0s2n1 IOAPIC[1]: apic_id 2, version 32, address 0xfec01000, GSI 24-47
2015-02-11T17:34:37.164224-06:00 c0-0c0s2n1 ACPI: INT_SRC_OVR (bus 0 bus_irq 0 global_irq 2 dfl dfl)
2015-02-11T17:34:37.164532-06:00 c0-0c0s2n1 ACPI: INT_SRC_OVR (bus 0 bus_irq 9 global_irq 9 high level)
2015-02-11T17:34:37.164725-06:00 c0-0c0s2n1 Using ACPI (MADT) for SMP configuration information
2015-02-11T17:34:37.171278-06:00 c0-0c0s2n1 ACPI: HPET id: 0x8086a701 base: 0xfed00000
2015-02-11T17:34:37.171497-06:00 c0-0c0s2n1 SMP: Allowing 16 CPUs, 0 hotplug CPUs
2015-02-11T17:34:37.171751-06:00 c0-0c0s2n1 Allocating PCI resources starting at 90000000 (gap: 90000000:6ed1c000)
2015-02-11T17:34:37.196775-06:00 c0-0c0s2n1 setup_percpu: NR_CPUS:128 nr_cpumask_bits:128 nr_cpu_ids:16 nr_node_ids:1
2015-02-11T17:34:37.197028-06:00 c0-0c0s2n1 PERCPU: Embedded 25 pages/cpu @ffff88107fa00000 s72704 r8192 d21504 u131072
2015-02-11T17:34:37.221968-06:00 c0-0c0s2n1 Built 1 zonelists in Zone order, mobility grouping on.  Total pages: 16534701
2015-02-11T17:34:37.222056-06:00 c0-0c0s2n1 Policy zone: Normal
2015-02-11T17:34:37.297790-06:00 c0-0c0s2n1 Kernel command line: earlyprintk=serial,115200 load_ramdisk=1 ramdisk_size=80000 console=ttyS0,115200n8 bootnodeip=10.131.255.254 bootproto=ipog bootpath=/rr/current rootfs=nfs-shared root=/dev/disk/by-id/scsi-3600a09800063789e0000008b54c3a04c-part1 oops=panic bootifnetmask=255.252.0.0 elevator=noop ippob1=10 ippob2=128 pcie_ports=native iommu=on intel_iommu=off bad_page=panic pln_enable=off apei_disable hest_disable erst_disable ghes_disable cgroup_disable=memory active_wlm=ALPS sdbnodeip=10.131.255.253 sessionid=p0-20150211t172524 _cray=marker_ 
2015-02-11T17:34:37.297841-06:00 c0-0c0s2n1 Intel-IOMMU: disabled
2015-02-11T17:34:37.298017-06:00 c0-0c0s2n1 Disabling memory control group subsystem
2015-02-11T17:34:37.322766-06:00 c0-0c0s2n1 PID hash table entries: 4096 (order: 3, 32768 bytes)
2015-02-11T17:34:37.323002-06:00 c0-0c0s2n1 xsave/xrstor: enabled xstate_bv 0x7, cntxt size 0x340
2015-02-11T17:34:37.731498-06:00 c0-0c0s2n1 Memory: 66065160k/69206016k available (5522k kernel code, 2121000k absent, 1019856k reserved, 5307k data, 692k init)
2015-02-11T17:34:37.756723-06:00 c0-0c0s2n1 Hierarchical RCU implementation.
2015-02-11T17:34:37.756754-06:00 c0-0c0s2n1 NR_IRQS:4352
2015-02-11T17:34:37.807383-06:00 c0-0c0s2n1 Extended CMOS year: 2000
2015-02-11T17:34:37.807407-06:00 c0-0c0s2n1 Console: colour dummy device 80x25
2015-02-11T17:34:37.832470-06:00 c0-0c0s2n1 console [ttyS0] enabled, bootconsole disabled
2015-02-11T17:34:37.832505-06:00 c0-0c0s2n1 console [ttyS0] enabled, bootconsole disabled
2015-02-11T17:34:37.857765-06:00 c0-0c0s2n1 Fast TSC calibration using PIT
2015-02-11T17:34:37.857790-06:00 c0-0c0s2n1 Detected 2599.889 MHz processor.
2015-02-11T17:34:37.883002-06:00 c0-0c0s2n1 Calibrating delay loop (skipped), value calculated using timer frequency.. 5199.77 BogoMIPS (lpj=10399556)
2015-02-11T17:34:37.883078-06:00 c0-0c0s2n1 pid_max: default: 32768 minimum: 301
2015-02-11T17:34:37.908431-06:00 c0-0c0s2n1 Dentry cache hash table entries: 8388608 (order: 14, 67108864 bytes)
2015-02-11T17:34:37.983891-06:00 c0-0c0s2n1 Inode-cache hash table entries: 4194304 (order: 13, 33554432 bytes)
2015-02-11T17:34:37.984274-06:00 c0-0c0s2n1 Mount-cache hash table entries: 256
2015-02-11T17:34:37.984283-06:00 c0-0c0s2n1 Initializing cgroup subsys cpuacct
2015-02-11T17:34:37.984310-06:00 c0-0c0s2n1 Initializing cgroup subsys memory
2015-02-11T17:34:37.984320-06:00 c0-0c0s2n1 Initializing cgroup subsys devices
2015-02-11T17:34:37.984327-06:00 c0-0c0s2n1 Initializing cgroup subsys perf_event
2015-02-11T17:34:37.984333-06:00 c0-0c0s2n1 CPU: Physical Processor ID: 0
2015-02-11T17:34:37.984339-06:00 c0-0c0s2n1 CPU: Processor Core ID: 0
2015-02-11T17:34:38.009206-06:00 c0-0c0s2n1 mce: CPU supports 20 MCE banks
2015-02-11T17:34:38.009269-06:00 c0-0c0s2n1 CPU0: Thermal monitoring enabled (TM1)
2015-02-11T17:34:38.009312-06:00 c0-0c0s2n1 using mwait in idle threads.
2015-02-11T17:34:38.034485-06:00 c0-0c0s2n1 ACPI: Core revision 20110413
2015-02-11T17:34:38.388039-06:00 c0-0c0s2n1 ftrace: allocating 20236 entries in 80 pages
2015-02-11T17:34:38.388048-06:00 c0-0c0s2n1 DMAR: Host address width 46
2015-02-11T17:34:38.388053-06:00 c0-0c0s2n1 DMAR: DRHD base: 0x000000fbffc000 flags: 0x1
2015-02-11T17:34:38.388058-06:00 c0-0c0s2n1 IOMMU 0: reg_base_addr fbffc000 ver 1:0 cap d2078c106f0462 ecap f020fe
2015-02-11T17:34:38.388072-06:00 c0-0c0s2n1 DMAR: RMRR base: 0x0000007f430000 end: 0x0000007f43cfff
2015-02-11T17:34:38.388082-06:00 c0-0c0s2n1 DMAR: ATSR flags: 0x0
2015-02-11T17:34:38.388087-06:00 c0-0c0s2n1 DMAR: RHSA base: 0x000000fbffc000 proximity domain: 0x0
2015-02-11T17:34:38.388099-06:00 c0-0c0s2n1 Switched APIC routing to physical flat.
2015-02-11T17:34:38.388122-06:00 c0-0c0s2n1 ..TIMER: vector=0x30 apic1=0 pin1=2 apic2=-1 pin2=-1
2015-02-11T17:34:38.388130-06:00 c0-0c0s2n1 CPU0: Intel(R) Xeon(R) CPU E5-2670 0 @ 2.60GHz stepping 07
2015-02-11T17:34:38.463439-06:00 c0-0c0s2n1 Performance Events: PEBS fmt1+, 16-deep LBR, SandyBridge events, full-width counters, Intel PMU driver.
2015-02-11T17:34:38.463480-06:00 c0-0c0s2n1 ... version:                3
2015-02-11T17:34:38.463527-06:00 c0-0c0s2n1 ... bit width:              48
2015-02-11T17:34:38.463562-06:00 c0-0c0s2n1 ... generic registers:      4
2015-02-11T17:34:38.463640-06:00 c0-0c0s2n1 ... value mask:             0000ffffffffffff
2015-02-11T17:34:38.488716-06:00 c0-0c0s2n1 ... max period:             0000ffffffffffff
2015-02-11T17:34:38.488817-06:00 c0-0c0s2n1 ... fixed-purpose events:   3
2015-02-11T17:34:38.488858-06:00 c0-0c0s2n1 ... event mask:             000000070000000f
2015-02-11T17:34:38.953982-06:00 c0-0c0s2n1 Booting Node   0, Processors  #1 #2 #3 #4 #5 #6 #7 #8 #9 #10 #11 #12 #13 #14 #15 Ok.
2015-02-11T17:34:39.004435-06:00 c0-0c0s2n1 Brought up 16 CPUs
2015-02-11T17:34:39.004503-06:00 c0-0c0s2n1 Total of 16 processors activated (83196.44 BogoMIPS).
2015-02-11T17:34:39.041491-06:00 c0-0c0s2n1 NET: Registered protocol family 16
2015-02-11T17:34:39.068743-06:00 c0-0c0s2n1 ACPI FADT declares the system doesn't support PCIe ASPM, so disable it
2015-02-11T17:34:39.068780-06:00 c0-0c0s2n1 ACPI: bus type pci registered
2015-02-11T17:34:39.068884-06:00 c0-0c0s2n1 PCI: MMCONFIG for domain 0000 [bus 00-ff] at [mem 0x80000000-0x8fffffff] (base 0x80000000)
2015-02-11T17:34:39.069003-06:00 c0-0c0s2n1 PCI: MMCONFIG at [mem 0x80000000-0x8fffffff] reserved in E820
2015-02-11T17:34:39.094163-06:00 c0-0c0s2n1 PCI: Using configuration type 1 for base access
2015-02-11T17:34:39.119164-06:00 c0-0c0s2n1 bio: create slab <bio-0> at 0
2015-02-11T17:34:39.144684-06:00 c0-0c0s2n1 ACPI: Executed 1 blocks of module-level executable AML code
2015-02-11T17:34:39.371557-06:00 c0-0c0s2n1 ACPI: Interpreter enabled
2015-02-11T17:34:39.371625-06:00 c0-0c0s2n1 ACPI: (supports S0 S1 S3 S5)
2015-02-11T17:34:39.371649-06:00 c0-0c0s2n1 ACPI: Using IOAPIC for interrupt routing
2015-02-11T17:34:39.396816-06:00 c0-0c0s2n1 ACPI: No dock devices found.
2015-02-11T17:34:39.421950-06:00 c0-0c0s2n1 HEST: Table parsing disabled.
2015-02-11T17:34:39.422022-06:00 c0-0c0s2n1 PCI: Using host bridge windows from ACPI; if necessary, use "pci=nocrs" and report a bug
2015-02-11T17:34:39.447253-06:00 c0-0c0s2n1 ACPI: PCI Root Bridge [PCI0] (domain 0000 [bus 00-fe])
2015-02-11T17:34:39.447297-06:00 c0-0c0s2n1 pci_root PNP0A08:00: host bridge window [io  0x0000-0x03af]
2015-02-11T17:34:39.447452-06:00 c0-0c0s2n1 pci_root PNP0A08:00: host bridge window [io  0x03e0-0x0cf7]
2015-02-11T17:34:39.472438-06:00 c0-0c0s2n1 pci_root PNP0A08:00: host bridge window [io  0x0d00-0xffff]
2015-02-11T17:34:39.472568-06:00 c0-0c0s2n1 pci_root PNP0A08:00: host bridge window [mem 0x000c0000-0x000dffff]
2015-02-11T17:34:39.472752-06:00 c0-0c0s2n1 pci_root PNP0A08:00: host bridge window [mem 0x80000000-0xfbffffff]
2015-02-11T17:34:39.497817-06:00 c0-0c0s2n1 pci_root PNP0A08:00: host bridge window [mem 0x1080000000-0x3c3fffffffff]
2015-02-11T17:34:39.498046-06:00 c0-0c0s2n1 pci 0000:00:02.0: PCI bridge to [bus 01-01]
2015-02-11T17:34:39.523094-06:00 c0-0c0s2n1 pci 0000:00:03.0: PCI bridge to [bus 02-02]
2015-02-11T17:34:39.523300-06:00 c0-0c0s2n1 pci 0000:00:03.2: PCI bridge to [bus 03-03]
2015-02-11T17:34:39.523464-06:00 c0-0c0s2n1 pci 0000:00:11.0: PCI bridge to [bus 04-04]
2015-02-11T17:34:39.548223-06:00 c0-0c0s2n1 pci 0000:00:1e.0: PCI bridge to [bus 05-05] (subtractive decode)
2015-02-11T17:34:39.548459-06:00 c0-0c0s2n1 pci0000:00: Unable to request _OSC control (_OSC support mask: 0x19)
2015-02-11T17:34:39.573857-06:00 c0-0c0s2n1 ACPI: PCI Root Bridge [UNC0] (domain 0000 [bus ff])
2015-02-11T17:34:39.598883-06:00 c0-0c0s2n1 pci0000:ff: Unable to request _OSC control (_OSC support mask: 0x19)
2015-02-11T17:34:39.624013-06:00 c0-0c0s2n1 ACPI: PCI Interrupt Link [LNKA] (IRQs 3 4 5 6 7 10 *11 12 14 15)
2015-02-11T17:34:39.624416-06:00 c0-0c0s2n1 ACPI: PCI Interrupt Link [LNKB] (IRQs 3 4 5 6 7 *10 11 12 14 15)
2015-02-11T17:34:39.624619-06:00 c0-0c0s2n1 ACPI: PCI Interrupt Link [LNKC] (IRQs 3 4 *5 6 10 11 12 14 15)
2015-02-11T17:34:39.649282-06:00 c0-0c0s2n1 ACPI: PCI Interrupt Link [LNKD] (IRQs *3 4 5 6 10 11 12 14 15)
2015-02-11T17:34:39.649556-06:00 c0-0c0s2n1 ACPI: PCI Interrupt Link [LNKE] (IRQs 3 4 5 6 7 10 11 12 14 15) *0
2015-02-11T17:34:39.674568-06:00 c0-0c0s2n1 ACPI: PCI Interrupt Link [LNKF] (IRQs 3 4 5 6 7 10 11 12 14 15) *0
2015-02-11T17:34:39.674860-06:00 c0-0c0s2n1 ACPI: PCI Interrupt Link [LNKG] (IRQs 3 4 5 6 7 10 11 12 14 15) *0
2015-02-11T17:34:39.699757-06:00 c0-0c0s2n1 ACPI: PCI Interrupt Link [LNKH] (IRQs 3 4 5 6 *7 10 11 12 14 15)
2015-02-11T17:34:39.699823-06:00 c0-0c0s2n1 vgaarb: loaded
2015-02-11T17:34:39.699913-06:00 c0-0c0s2n1 SCSI subsystem initialized
2015-02-11T17:34:39.700124-06:00 c0-0c0s2n1 PCI: Using ACPI for IRQ routing
2015-02-11T17:34:39.725075-06:00 c0-0c0s2n1 Switching to clocksource hpet
2015-02-11T17:34:39.725316-06:00 c0-0c0s2n1 pnp: PnP ACPI init
2015-02-11T17:34:39.725407-06:00 c0-0c0s2n1 ACPI: bus type pnp registered
2015-02-11T17:34:39.750437-06:00 c0-0c0s2n1 system 00:01: [mem 0xfc000000-0xfcffffff] has been reserved
2015-02-11T17:34:39.775360-06:00 c0-0c0s2n1 system 00:01: [mem 0xfd000000-0xfdffffff] has been reserved
2015-02-11T17:34:39.775676-06:00 c0-0c0s2n1 system 00:01: [mem 0xfe000000-0xfeafffff] has been reserved
2015-02-11T17:34:39.775952-06:00 c0-0c0s2n1 system 00:01: [mem 0xfeb00000-0xfebfffff] has been reserved
2015-02-11T17:34:39.800703-06:00 c0-0c0s2n1 system 00:01: [mem 0xfed00400-0xfed3ffff] could not be reserved
2015-02-11T17:34:39.800965-06:00 c0-0c0s2n1 system 00:01: [mem 0xfed45000-0xfedfffff] has been reserved
2015-02-11T17:34:39.801236-06:00 c0-0c0s2n1 system 00:02: [mem 0xfbffc000-0xfbffdfff] has been reserved
2015-02-11T17:34:39.826111-06:00 c0-0c0s2n1 system 00:06: [io  0x04d0-0x04d1] has been reserved
2015-02-11T17:34:39.826318-06:00 c0-0c0s2n1 system 00:08: [io  0x0400-0x0453] has been reserved
2015-02-11T17:34:39.826565-06:00 c0-0c0s2n1 system 00:08: [io  0x0458-0x047f] has been reserved
2015-02-11T17:34:39.851375-06:00 c0-0c0s2n1 system 00:08: [io  0x1180-0x119f] has been reserved
2015-02-11T17:34:39.851607-06:00 c0-0c0s2n1 system 00:08: [io  0x0500-0x057f] has been reserved
2015-02-11T17:34:39.876613-06:00 c0-0c0s2n1 system 00:08: [mem 0xfed1c000-0xfed1ffff] has been reserved
2015-02-11T17:34:39.876965-06:00 c0-0c0s2n1 system 00:08: [mem 0xfec00000-0xfecfffff] could not be reserved
2015-02-11T17:34:39.901639-06:00 c0-0c0s2n1 system 00:08: [mem 0xfed08000-0xfed08fff] has been reserved
2015-02-11T17:34:39.902017-06:00 c0-0c0s2n1 system 00:08: [mem 0xff000000-0xffffffff] has been reserved
2015-02-11T17:34:39.902249-06:00 c0-0c0s2n1 system 00:09: [io  0x0454-0x0457] has been reserved
2015-02-11T17:34:39.927167-06:00 c0-0c0s2n1 pnp: PnP ACPI: found 12 devices
2015-02-11T17:34:39.927320-06:00 c0-0c0s2n1 ACPI: ACPI bus type pnp unregistered
2015-02-11T17:34:39.927627-06:00 c0-0c0s2n1 pci 0000:00:02.0: PCI bridge to [bus 01-01]
2015-02-11T17:34:39.952497-06:00 c0-0c0s2n1 pci 0000:00:02.0:   bridge window [io  disabled]
2015-02-11T17:34:39.952660-06:00 c0-0c0s2n1 pci 0000:00:02.0:   bridge window [mem disabled]
2015-02-11T17:34:39.977741-06:00 c0-0c0s2n1 pci 0000:00:02.0:   bridge window [mem 0x3c0000000000-0x3c20000fffff 64bit pref]
2015-02-11T17:34:39.977970-06:00 c0-0c0s2n1 pci 0000:00:03.0: PCI bridge to [bus 02-02]
2015-02-11T17:34:39.978224-06:00 c0-0c0s2n1 pci 0000:00:03.0:   bridge window [io  disabled]
2015-02-11T17:34:40.002872-06:00 c0-0c0s2n1 pci 0000:00:03.0:   bridge window [mem 0xfbc00000-0xfbdfffff]
2015-02-11T17:34:40.003329-06:00 c0-0c0s2n1 pci 0000:00:03.0:   bridge window [mem 0x3c2001000000-0x3c20017fffff 64bit pref]
2015-02-11T17:34:40.027999-06:00 c0-0c0s2n1 pci 0000:00:03.2: PCI bridge to [bus 03-03]
2015-02-11T17:34:40.028383-06:00 c0-0c0s2n1 pci 0000:00:03.2:   bridge window [io  disabled]
2015-02-11T17:34:40.028678-06:00 c0-0c0s2n1 pci 0000:00:03.2:   bridge window [mem 0xfba00000-0xfbbfffff]
2015-02-11T17:34:40.053503-06:00 c0-0c0s2n1 pci 0000:00:03.2:   bridge window [mem 0x3c2000800000-0x3c2000ffffff 64bit pref]
2015-02-11T17:34:40.053652-06:00 c0-0c0s2n1 pci 0000:00:11.0: PCI bridge to [bus 04-04]
2015-02-11T17:34:40.078652-06:00 c0-0c0s2n1 pci 0000:00:11.0:   bridge window [io  0xe000-0xefff]
2015-02-11T17:34:40.078934-06:00 c0-0c0s2n1 pci 0000:00:11.0:   bridge window [mem 0xfbe00000-0xfbefffff]
2015-02-11T17:34:40.103820-06:00 c0-0c0s2n1 pci 0000:00:11.0:   bridge window [mem 0x3c2001800000-0x3c2001cfffff 64bit pref]
2015-02-11T17:34:40.104022-06:00 c0-0c0s2n1 pci 0000:00:1e.0: PCI bridge to [bus 05-05]
2015-02-11T17:34:40.104261-06:00 c0-0c0s2n1 pci 0000:00:1e.0:   bridge window [io  disabled]
2015-02-11T17:34:40.104501-06:00 c0-0c0s2n1 pci 0000:00:1e.0:   bridge window [mem disabled]
2015-02-11T17:34:40.129232-06:00 c0-0c0s2n1 pci 0000:00:1e.0:   bridge window [mem pref disabled]
2015-02-11T17:34:40.129563-06:00 c0-0c0s2n1 pci 0000:00:02.0: PCI INT A -> GSI 32 (level, low) -> IRQ 32
2015-02-11T17:34:40.154349-06:00 c0-0c0s2n1 pci 0000:00:03.0: PCI INT A -> GSI 40 (level, low) -> IRQ 40
2015-02-11T17:34:40.154663-06:00 c0-0c0s2n1 pci 0000:00:03.2: PCI INT A -> GSI 40 (level, low) -> IRQ 40
2015-02-11T17:34:40.154962-06:00 c0-0c0s2n1 pci 0000:00:11.0: PCI INT A -> GSI 16 (level, low) -> IRQ 16
2015-02-11T17:34:40.179761-06:00 c0-0c0s2n1 NET: Registered protocol family 2
2015-02-11T17:34:40.180092-06:00 c0-0c0s2n1 IP route cache hash table entries: 524288 (order: 10, 4194304 bytes)
2015-02-11T17:34:40.205109-06:00 c0-0c0s2n1 TCP established hash table entries: 524288 (order: 11, 8388608 bytes)
2015-02-11T17:34:40.205443-06:00 c0-0c0s2n1 TCP bind hash table entries: 65536 (order: 8, 1048576 bytes)
2015-02-11T17:34:40.230234-06:00 c0-0c0s2n1 TCP: Hash tables configured (established 524288 bind 65536)
2015-02-11T17:34:40.230313-06:00 c0-0c0s2n1 TCP reno registered
2015-02-11T17:34:40.230552-06:00 c0-0c0s2n1 UDP hash table entries: 32768 (order: 8, 1048576 bytes)
2015-02-11T17:34:40.255400-06:00 c0-0c0s2n1 UDP-Lite hash table entries: 32768 (order: 8, 1048576 bytes)
2015-02-11T17:34:40.255579-06:00 c0-0c0s2n1 NET: Registered protocol family 1
2015-02-11T17:34:40.255823-06:00 c0-0c0s2n1 RPC: Registered named UNIX socket transport module.
2015-02-11T17:34:40.280687-06:00 c0-0c0s2n1 RPC: Registered udp transport module.
2015-02-11T17:34:40.280902-06:00 c0-0c0s2n1 RPC: Registered tcp transport module.
2015-02-11T17:34:40.281142-06:00 c0-0c0s2n1 RPC: Registered tcp NFSv4.1 backchannel transport module.
2015-02-11T17:34:40.306170-06:00 c0-0c0s2n1 pci 0000:00:1a.0: PCI INT A -> GSI 16 (level, low) -> IRQ 16
2015-02-11T17:34:40.331479-06:00 c0-0c0s2n1 pci 0000:00:1a.0: PCI INT A disabled
2015-02-11T17:34:40.331664-06:00 c0-0c0s2n1 pci 0000:00:1d.0: PCI INT A -> GSI 23 (level, low) -> IRQ 23
2015-02-11T17:34:40.356902-06:00 c0-0c0s2n1 pci 0000:00:1d.0: PCI INT A disabled
2015-02-11T17:34:40.381714-06:00 c0-0c0s2n1 Trying to unpack rootfs image as initramfs...
2015-02-11T17:34:40.835687-06:00 c0-0c0s2n1 Freeing initrd memory: 12352k freed
2015-02-11T17:34:40.835756-06:00 c0-0c0s2n1 DMAR: Device scope device [0000:00:01.01] not found
2015-02-11T17:34:40.860944-06:00 c0-0c0s2n1 DMAR: Device scope device [0000:00:01.01] not found
2015-02-11T17:34:40.861052-06:00 c0-0c0s2n1 PCI-DMA: Using software bounce buffering for IO (SWIOTLB)
2015-02-11T17:34:40.861131-06:00 c0-0c0s2n1 Placing 64MB software IO TLB between ffff88007a67c000 - ffff88007e67c000
2015-02-11T17:34:40.886211-06:00 c0-0c0s2n1 software IO TLB at phys 0x7a67c000 - 0x7e67c000
2015-02-11T17:34:40.886307-06:00 c0-0c0s2n1 Machine check injector initialized
2015-02-11T17:34:40.886385-06:00 c0-0c0s2n1 futex hash table entries: 4096 (order: 6, 262144 bytes)
2015-02-11T17:34:40.886498-06:00 c0-0c0s2n1 Registering pnotify support for (name=job)
2015-02-11T17:34:40.886530-06:00 c0-0c0s2n1 CSA: initialized
2015-02-11T17:34:40.911524-06:00 c0-0c0s2n1 audit: initializing netlink socket (disabled)
2015-02-11T17:34:40.911677-06:00 c0-0c0s2n1 type=2000 audit(1423697675.520:1): initialized
2015-02-11T17:34:40.962088-06:00 c0-0c0s2n1 HugeTLB registered 2 MB page size, pre-allocated 0 pages
2015-02-11T17:34:40.962209-06:00 c0-0c0s2n1 VFS: Disk quotas dquot_6.5.2
2015-02-11T17:34:40.987317-06:00 c0-0c0s2n1 Dquot-cache hash table entries: 512 (order 0, 4096 bytes)
2015-02-11T17:34:40.987532-06:00 c0-0c0s2n1 Installing knfsd (copyright (C) 1996 okir@monad.swb.de).
2015-02-11T17:34:40.987614-06:00 c0-0c0s2n1 fuse init (API version 7.16)
2015-02-11T17:34:41.012539-06:00 c0-0c0s2n1 Installing v9fs 9p2000 file system support
2015-02-11T17:34:41.012658-06:00 c0-0c0s2n1 msgmni has been set to 32268
2015-02-11T17:34:41.012878-06:00 c0-0c0s2n1 Block layer SCSI generic (bsg) driver version 0.4 loaded (major 254)
2015-02-11T17:34:41.037655-06:00 c0-0c0s2n1 io scheduler noop registered (default)
2015-02-11T17:34:41.037771-06:00 c0-0c0s2n1 io scheduler deadline registered
2015-02-11T17:34:41.037869-06:00 c0-0c0s2n1 io scheduler cfq registered
2015-02-11T17:34:41.062885-06:00 c0-0c0s2n1 input: Power Button as /devices/LNXSYSTM:00/LNXSYBUS:00/PNP0C0C:00/input/input0
2015-02-11T17:34:41.063083-06:00 c0-0c0s2n1 ACPI: Power Button [PWRB]
2015-02-11T17:34:41.063352-06:00 c0-0c0s2n1 input: Power Button as /devices/LNXSYSTM:00/LNXPWRBN:00/input/input1
2015-02-11T17:34:41.063436-06:00 c0-0c0s2n1 ACPI: Power Button [PWRF]
2015-02-11T17:34:41.164174-06:00 c0-0c0s2n1 ERST: Error Record Serialization Table (ERST) support is disabled.
2015-02-11T17:34:41.164300-06:00 c0-0c0s2n1 GHES: HEST is not enabled!
2015-02-11T17:34:41.239501-06:00 c0-0c0s2n1 Serial: 8250/16550 driver, 2 ports, IRQ sharing disabled
2015-02-11T17:34:41.239725-06:00 c0-0c0s2n1 serial8250: ttyS0 at I/O 0x3f8 (irq = 4) is a 16550A
2015-02-11T17:34:41.315321-06:00 c0-0c0s2n1 serial8250: ttyS1 at I/O 0x2f8 (irq = 3) is a 16550A
2015-02-11T17:34:41.391221-06:00 c0-0c0s2n1 Real Time Clock Driver v1.12b
2015-02-11T17:34:41.416168-06:00 c0-0c0s2n1 Linux agpgart interface v0.103
2015-02-11T17:34:41.416255-06:00 c0-0c0s2n1 brd: module loaded
2015-02-11T17:34:41.416312-06:00 c0-0c0s2n1 loop: module loaded
2015-02-11T17:34:41.416342-06:00 c0-0c0s2n1 Loading iSCSI transport class v2.0-870.
2015-02-11T17:34:41.416424-06:00 c0-0c0s2n1 iscsi: registered transport (tcp)
2015-02-11T17:34:41.466604-06:00 c0-0c0s2n1 Rounding down aligned max_sectors from 4294967295 to 4294967288
2015-02-11T17:34:41.466631-06:00 c0-0c0s2n1 console [netcon0] enabled
2015-02-11T17:34:41.466729-06:00 c0-0c0s2n1 netconsole: network logging started
2015-02-11T17:34:41.466799-06:00 c0-0c0s2n1 i8042: PNP: No PS/2 controller found. Probing ports directly.
2015-02-11T17:34:41.890739-06:00 c0-0c0s2n1 Refined TSC clocksource calibration: 2599.999 MHz.
2015-02-11T17:34:41.890770-06:00 c0-0c0s2n1 Switching to clocksource tsc
2015-02-11T17:34:42.487314-06:00 c0-0c0s2n1 i8042: No controller found
2015-02-11T17:34:42.487353-06:00 c0-0c0s2n1 EDAC MC: Ver: 2.1.0
2015-02-11T17:34:42.512859-06:00 c0-0c0s2n1 cpuidle: using governor ladder
2015-02-11T17:34:42.512891-06:00 c0-0c0s2n1 cpuidle: using governor menu
2015-02-11T17:34:42.538095-06:00 c0-0c0s2n1 oprofile: using NMI interrupt.
2015-02-11T17:34:42.538213-06:00 c0-0c0s2n1 TCP cubic registered
2015-02-11T17:34:42.563297-06:00 c0-0c0s2n1 NET: Registered protocol family 10
2015-02-11T17:34:42.563332-06:00 c0-0c0s2n1 IPv6 over IPv4 tunneling driver
2015-02-11T17:34:42.563361-06:00 c0-0c0s2n1 NET: Registered protocol family 17
2015-02-11T17:34:42.563393-06:00 c0-0c0s2n1 Installing 9P2000 support
2015-02-11T17:34:42.588592-06:00 c0-0c0s2n1 Registering the dns_resolver key type
2015-02-11T17:34:42.588669-06:00 c0-0c0s2n1 registered taskstats version 1
2015-02-11T17:34:42.588848-06:00 c0-0c0s2n1 Freeing unused kernel memory: 692k freed
2015-02-11T17:34:42.664534-06:00 c0-0c0s2n1 ghal_init:Cray(R) Gemini Hardware Abstraction Layer - version 1.0107
2015-02-11T17:34:42.664695-06:00 c0-0c0s2n1 ghal_init:Copyright (C) 2007-1012 Cray Inc.
2015-02-11T17:34:42.689895-06:00 c0-0c0s2n1 ghal 0000:01:00.1: enabling device (0000 -> 0002)
2015-02-11T17:34:42.714933-06:00 c0-0c0s2n1 udev: starting version 147
2015-02-11T17:34:42.714941-06:00 c0-0c0s2n1 simplex: module license 'unspecified' taints kernel.
2015-02-11T17:34:42.740143-06:00 c0-0c0s2n1 hss-os: communication area 0xffff88100893f600 (phys 0x100893f600)
2015-02-11T17:34:42.740240-06:00 c0-0c0s2n1 hss-os: new channel 1
2015-02-11T17:34:44.567698-06:00 c0-0c0s2n1 request_sys_info_from_L0: No tile dimension data
2015-02-11T17:34:44.567707-06:00 c0-0c0s2n1 hss-os: new channel 2
2015-02-11T17:34:44.567715-06:00 c0-0c0s2n1 kgni_init:Cray(R) Gemini Network Interface - Sep 17 2014 version 0x004500b7 rev 9750
2015-02-11T17:34:44.567720-06:00 c0-0c0s2n1 kgni_init:Copyright (C) 2007,2008 Cray Inc.
2015-02-11T17:34:44.567740-06:00 c0-0c0s2n1 ipogif_init:Cray(R) Gemini IP over Fabric device driver - version 0.17
2015-02-11T17:34:44.567746-06:00 c0-0c0s2n1 ipogif_init:Copyright (C) 2007 Cray Inc.
2015-02-11T17:34:44.567752-06:00 c0-0c0s2n1 ipogif_probe:Immediate checksum off
2015-02-11T17:34:44.567756-06:00 c0-0c0s2n1 Cray(R) Gemini Performance Counter Daemon - version 0.1
2015-02-11T17:34:44.567766-06:00 c0-0c0s2n1 GEMINI Performance Counter Daemon.
2015-02-11T17:34:44.567772-06:00 c0-0c0s2n1 Cray(R) Kernel Dynamic Registration (KDREG) Interface - version 0x2243e
2015-02-11T17:34:44.567777-06:00 c0-0c0s2n1 Copyright (C) 2004-5 Pete Wyckoff - modified by Cray(R)
2015-02-11T17:34:44.567785-06:00 c0-0c0s2n1 ipogif_up:Bringing interface up
2015-02-11T17:34:44.567792-06:00 c0-0c0s2n1 Sending ec_node_info with boot code 0 (NODE_INFO_OS_BOOT) for nid 9
2015-02-11T17:34:44.567798-06:00 c0-0c0s2n1 net.core.rmem_max = 16777216
2015-02-11T17:34:44.567804-06:00 c0-0c0s2n1 net.core.wmem_max = 16777216
2015-02-11T17:34:44.567809-06:00 c0-0c0s2n1 net.core.rmem_default = 16777216
2015-02-11T17:34:44.567813-06:00 c0-0c0s2n1 net.core.wmem_default = 16777216
2015-02-11T17:34:44.567821-06:00 c0-0c0s2n1 net.core.optmem_max = 16777216
2015-02-11T17:34:44.567829-06:00 c0-0c0s2n1 net.ipv4.tcp_mem = 16777216 16777216 16777216
2015-02-11T17:34:44.567861-06:00 c0-0c0s2n1 net.ipv4.tcp_rmem = 4096 87380 16777216
2015-02-11T17:34:44.567871-06:00 c0-0c0s2n1 net.ipv4.tcp_wmem = 4096 65536 16777216
2015-02-11T17:34:44.567888-06:00 c0-0c0s2n1 Using rootfs config: nfs-shared...
2015-02-11T17:34:44.567900-06:00 c0-0c0s2n1 rootfs mount succeeded.
2015-02-11T17:34:44.567916-06:00 c0-0c0s2n1 **********************************************************
2015-02-11T17:34:44.567925-06:00 c0-0c0s2n1    HOSTNAME: nid00009
2015-02-11T17:34:44.567934-06:00 c0-0c0s2n1 **********************************************************
2015-02-11T17:34:44.567940-06:00 c0-0c0s2n1 ipogif0   Link encap:Ethernet  HWaddr 00:01:01:00:00:09  
2015-02-11T17:34:44.567966-06:00 c0-0c0s2n1          inet addr:10.128.0.10  Mask:255.252.0.0
2015-02-11T17:34:44.567977-06:00 c0-0c0s2n1          inet6 addr: fe80::201:1ff:fe00:9/64 Scope:Link
2015-02-11T17:34:44.567984-06:00 c0-0c0s2n1          UP RUNNING NOARP  MTU:65520  Metric:1
2015-02-11T17:34:44.567992-06:00 c0-0c0s2n1          RX packets:21 errors:0 dropped:0 overruns:0 frame:0
2015-02-11T17:34:44.568000-06:00 c0-0c0s2n1          TX packets:28 errors:0 dropped:0 overruns:0 carrier:0
2015-02-11T17:34:44.568010-06:00 c0-0c0s2n1          collisions:0 txqueuelen:1000 
2015-02-11T17:34:44.568022-06:00 c0-0c0s2n1          RX bytes:2496 (2.4 KiB)  TX bytes:2540 (2.4 KiB)
2015-02-11T17:34:44.568056-06:00 c0-0c0s2n1 lo        Link encap:Local Loopback  
2015-02-11T17:34:44.568064-06:00 c0-0c0s2n1          inet addr:127.0.0.1  Mask:255.0.0.0
2015-02-11T17:34:44.568075-06:00 c0-0c0s2n1          inet6 addr: ::1/128 Scope:Host
2015-02-11T17:34:44.568083-06:00 c0-0c0s2n1          UP LOOPBACK RUNNING  MTU:16436  Metric:1
2015-02-11T17:34:44.568095-06:00 c0-0c0s2n1          RX packets:0 errors:0 dropped:0 overruns:0 frame:0
2015-02-11T17:34:44.568109-06:00 c0-0c0s2n1          TX packets:0 errors:0 dropped:0 overruns:0 carrier:0
2015-02-11T17:34:44.568122-06:00 c0-0c0s2n1          collisions:0 txqueuelen:0 
2015-02-11T17:34:44.568132-06:00 c0-0c0s2n1          RX bytes:0 (0.0 B)  TX bytes:0 (0.0 B)
2015-02-11T17:34:44.568143-06:00 c0-0c0s2n1 Mounting NID specific /etc (nid=9)...
2015-02-11T17:34:44.568149-06:00 c0-0c0s2n1 done.
2015-02-11T17:34:44.568170-06:00 c0-0c0s2n1 INIT: version 2.86 booting
2015-02-11T17:34:44.568179-06:00 c0-0c0s2n1 System Boot Control: Running /etc/init.d/boot
2015-02-11T17:34:44.568185-06:00 c0-0c0s2n1 Mounting sysfs at /sys7[?25l
2015-02-11T17:34:44.568197-06:00 c0-0c0s2n1 [80C[10D[1;32mdone[m8[?25h
2015-02-11T17:34:44.568206-06:00 c0-0c0s2n1 Copying static /dev content7[?25l
2015-02-11T17:34:44.568218-06:00 c0-0c0s2n1 [80C[10D[1;32mdone[m8[?25h
2015-02-11T17:34:44.568227-06:00 c0-0c0s2n1 Mounting tmpfs at /dev/shm7[?25l
2015-02-11T17:34:44.568233-06:00 c0-0c0s2n1 [80C[10D[1;32mdone[m8[?25h
2015-02-11T17:34:44.568239-06:00 c0-0c0s2n1 Mounting devpts at /dev/pts7[?25l
2015-02-11T17:34:44.568251-06:00 c0-0c0s2n1 [80C[10D[1;32mdone[m8[?25h
2015-02-11T17:34:44.568260-06:00 c0-0c0s2n1 Boot logging started on /dev/ttyS0(/dev/console) at Wed Feb 11 17:34:38 2015
2015-02-11T17:34:44.568265-06:00 c0-0c0s2n1 Mounting debugfs at /sys/kernel/debug7[?25l
2015-02-11T17:34:44.568275-06:00 c0-0c0s2n1 [80C[10D[1;32mdone[m8[?25h
2015-02-11T17:34:44.568284-06:00 c0-0c0s2n1 [m[?25hNo efivars filesystem driver available.[m[?25hStarting udevd: udev: starting version 147
2015-02-11T17:34:44.568292-06:00 c0-0c0s2n1 7[?25l
2015-02-11T17:34:44.568298-06:00 c0-0c0s2n1 [80C[10D[1;32mdone[m8[?25h
2015-02-11T17:34:44.568310-06:00 c0-0c0s2n1 Loading drivers, configuring devices: Compat-rdma backport release: ac916cb
2015-02-11T17:34:44.568321-06:00 c0-0c0s2n1 Backport based on git://git.openfabrics.org/compat-rdma/compat.git 5268562
2015-02-11T17:34:44.568335-06:00 c0-0c0s2n1 usbcore: registered new interface driver usbfs
2015-02-11T17:34:44.568356-06:00 c0-0c0s2n1 usbcore: registered new interface driver hub
2015-02-11T17:34:44.568368-06:00 c0-0c0s2n1 usbcore: registered new device driver usb
2015-02-11T17:34:44.568379-06:00 c0-0c0s2n1 ehci_hcd: USB 2.0 'Enhanced' Host Controller (EHCI) Driver
2015-02-11T17:34:44.568391-06:00 c0-0c0s2n1 ehci_hcd 0000:00:1a.0: PCI INT A -> GSI 16 (level, low) -> IRQ 16
2015-02-11T17:34:44.568400-06:00 c0-0c0s2n1 compat.git: git://git.openfabrics.org/compat-rdma/compat.git
2015-02-11T17:34:44.568405-06:00 c0-0c0s2n1 ehci_hcd 0000:00:1a.0: EHCI Host Controller
2015-02-11T17:34:44.568410-06:00 c0-0c0s2n1 ehci_hcd 0000:00:1a.0: new USB bus registered, assigned bus number 1
2015-02-11T17:34:44.568420-06:00 c0-0c0s2n1 ehci_hcd 0000:00:1a.0: debug port 2
2015-02-11T17:34:44.568432-06:00 c0-0c0s2n1 ehci_hcd 0000:00:1a.0: irq 16, io mem 0xfbf02000
2015-02-11T17:34:44.568441-06:00 c0-0c0s2n1 ehci_hcd 0000:00:1a.0: USB 2.0 started, EHCI 1.00
2015-02-11T17:34:44.593622-06:00 c0-0c0s2n1 hub 1-0:1.0: USB hub found
2015-02-11T17:34:44.593741-06:00 c0-0c0s2n1 hub 1-0:1.0: 2 ports detected
2015-02-11T17:34:44.593753-06:00 c0-0c0s2n1 ehci_hcd 0000:00:1d.0: PCI INT A -> GSI 23 (level, low) -> IRQ 23
2015-02-11T17:34:44.593765-06:00 c0-0c0s2n1 ehci_hcd 0000:00:1d.0: EHCI Host Controller
2015-02-11T17:34:44.593778-06:00 c0-0c0s2n1 ehci_hcd 0000:00:1d.0: new USB bus registered, assigned bus number 2
2015-02-11T17:34:44.644670-06:00 c0-0c0s2n1 ehci_hcd 0000:00:1d.0: debug port 2
2015-02-11T17:34:44.644700-06:00 c0-0c0s2n1 ehci_hcd 0000:00:1d.0: irq 23, io mem 0xfbf01000
2015-02-11T17:34:44.644711-06:00 c0-0c0s2n1 ehci_hcd 0000:00:1d.0: USB 2.0 started, EHCI 1.00
2015-02-11T17:34:44.644721-06:00 c0-0c0s2n1 hub 2-0:1.0: USB hub found
2015-02-11T17:34:44.644908-06:00 c0-0c0s2n1 hub 2-0:1.0: 2 ports detected
2015-02-11T17:34:44.669330-06:00 c0-0c0s2n1 ahci 0000:00:1f.2: PCI INT B -> GSI 19 (level, low) -> IRQ 19
2015-02-11T17:34:44.669352-06:00 c0-0c0s2n1 ahci 0000:00:1f.2: forcing PORTS_IMPL to 0x3f
2015-02-11T17:34:44.694089-06:00 c0-0c0s2n1 ahci 0000:00:1f.2: AHCI 0001.0300 32 slots 6 ports 6 Gbps 0x3f impl SATA mode
2015-02-11T17:34:44.694289-06:00 c0-0c0s2n1 ahci 0000:00:1f.2: flags: 64bit ncq sntf pm led clo pio slum part ems apst 
2015-02-11T17:34:44.694333-06:00 c0-0c0s2n1 scsi0 : ahci
2015-02-11T17:34:44.694476-06:00 c0-0c0s2n1 scsi1 : ahci
2015-02-11T17:34:44.694578-06:00 c0-0c0s2n1 mlx4_core: Mellanox ConnectX core driver v1.1 (Dec, 2011)
2015-02-11T17:34:44.719168-06:00 c0-0c0s2n1 mlx4_core: Initializing 0000:02:00.0
2015-02-11T17:34:44.719576-06:00 c0-0c0s2n1 mlx4_core 0000:02:00.0: PCI INT A -> GSI 40 (level, low) -> IRQ 40
2015-02-11T17:34:44.719665-06:00 c0-0c0s2n1 scsi2 : ahci
2015-02-11T17:34:44.719711-06:00 c0-0c0s2n1 scsi3 : ahci
2015-02-11T17:34:44.744301-06:00 c0-0c0s2n1 scsi4 : ahci
2015-02-11T17:34:44.744402-06:00 c0-0c0s2n1 scsi5 : ahci
2015-02-11T17:34:44.744742-06:00 c0-0c0s2n1 ata2: SATA max UDMA/133 abar m2048@0xfbf00000 port 0xfbf00100 irq 164
2015-02-11T17:34:44.769605-06:00 c0-0c0s2n1 ata3: SATA max UDMA/133 abar m2048@0xfbf00000 port 0xfbf00180 irq 164
2015-02-11T17:34:44.769964-06:00 c0-0c0s2n1 ata4: SATA max UDMA/133 abar m2048@0xfbf00000 port 0xfbf00200 irq 164
2015-02-11T17:34:44.770267-06:00 c0-0c0s2n1 ata5: SATA max UDMA/133 abar m2048@0xfbf00000 port 0xfbf00280 irq 164
2015-02-11T17:34:44.795051-06:00 c0-0c0s2n1 ata6: SATA max UDMA/133 abar m2048@0xfbf00000 port 0xfbf00300 irq 164
2015-02-11T17:34:44.820114-06:00 c0-0c0s2n1 ata7: SATA max UDMA/133 abar m2048@0xfbf00000 port 0xfbf00380 irq 164
2015-02-11T17:34:44.886360-06:00 c0-0c0s2n1 usb 1-1: new high-speed USB device number 2 using ehci_hcd
2015-02-11T17:34:44.989849-06:00 c0-0c0s2n1 hub 1-1:1.0: USB hub found
2015-02-11T17:34:45.015007-06:00 c0-0c0s2n1 hub 1-1:1.0: 6 ports detected
2015-02-11T17:34:45.128023-06:00 c0-0c0s2n1 usb 2-1: new high-speed USB device number 2 using ehci_hcd
2015-02-11T17:34:45.254166-06:00 c0-0c0s2n1 hub 2-1:1.0: USB hub found
2015-02-11T17:34:45.279328-06:00 c0-0c0s2n1 hub 2-1:1.0: 8 ports detected
2015-02-11T17:34:45.850215-06:00 c0-0c0s2n1 ata6: failed to resume link (SControl 0)
2015-02-11T17:34:45.875440-06:00 c0-0c0s2n1 ata6: SATA link down (SStatus 0 SControl 0)
2015-02-11T17:34:45.875482-06:00 c0-0c0s2n1 ata3: failed to resume link (SControl 0)
2015-02-11T17:34:45.875501-06:00 c0-0c0s2n1 ata3: SATA link down (SStatus 0 SControl 0)
2015-02-11T17:34:45.875515-06:00 c0-0c0s2n1 ata5: failed to resume link (SControl 0)
2015-02-11T17:34:45.900749-06:00 c0-0c0s2n1 ata5: SATA link down (SStatus 0 SControl 0)
2015-02-11T17:34:45.900876-06:00 c0-0c0s2n1 ata2: failed to resume link (SControl 0)
2015-02-11T17:34:45.900927-06:00 c0-0c0s2n1 ata2: SATA link down (SStatus 0 SControl 0)
2015-02-11T17:34:45.901038-06:00 c0-0c0s2n1 ata7: failed to resume link (SControl 0)
2015-02-11T17:34:45.901152-06:00 c0-0c0s2n1 ata7: SATA link down (SStatus 0 SControl 0)
2015-02-11T17:34:45.925996-06:00 c0-0c0s2n1 ata4: failed to resume link (SControl 0)
2015-02-11T17:34:45.926113-06:00 c0-0c0s2n1 ata4: SATA link down (SStatus 0 SControl 0)
2015-02-11T17:34:50.586324-06:00 c0-0c0s2n1 mlx4_core 0000:02:00.0: 64B EQEs/CQEs supported by the device but not enabled
2015-02-11T17:34:51.242114-06:00 c0-0c0s2n1 mlx4_core: Initializing 0000:03:00.0
2015-02-11T17:34:51.267329-06:00 c0-0c0s2n1 mlx4_core 0000:03:00.0: PCI INT A -> GSI 42 (level, low) -> IRQ 42
2015-02-11T17:34:57.111404-06:00 c0-0c0s2n1 mlx4_core 0000:03:00.0: 64B EQEs/CQEs supported by the device but not enabled
2015-02-11T17:34:57.816494-06:00 c0-0c0s2n1 7[?25l
2015-02-11T17:34:57.816509-06:00 c0-0c0s2n1 [80C[10D[1;32mdone[m8[?25h
2015-02-11T17:34:57.892295-06:00 c0-0c0s2n1 [m[?25hMounting /var from 10.131.255.254. Checking for nid=9 existance.
2015-02-11T17:34:58.044027-06:00 c0-0c0s2n1 7[?25l
2015-02-11T17:34:58.044033-06:00 c0-0c0s2n1 [80C[10D[1;32mdone[m8[?25h
2015-02-11T17:34:58.094572-06:00 c0-0c0s2n1 Mounting tmpfs on /tmp7[?25l
2015-02-11T17:34:58.094580-06:00 c0-0c0s2n1 [80C[10D[1;32mdone[m8[?25h
2015-02-11T17:34:58.094603-06:00 c0-0c0s2n1 Running sysctl using values from /etc/sysctl.conf
2015-02-11T17:34:58.094614-06:00 c0-0c0s2n1 net.ipv4.icmp_echo_ignore_broadcasts = 1
2015-02-11T17:34:58.094639-06:00 c0-0c0s2n1 net.ipv4.conf.all.rp_filter = 1
2015-02-11T17:34:58.094674-06:00 c0-0c0s2n1 fs.inotify.max_user_watches = 65536
2015-02-11T17:34:58.094708-06:00 c0-0c0s2n1 net.ipv4.conf.default.promote_secondaries = 1
2015-02-11T17:34:58.094720-06:00 c0-0c0s2n1 net.ipv4.conf.all.promote_secondaries = 1
2015-02-11T17:34:58.094729-06:00 c0-0c0s2n1 vm.min_free_kbytes = 102400
2015-02-11T17:34:58.094761-06:00 c0-0c0s2n1 7[?25l
2015-02-11T17:34:58.094770-06:00 c0-0c0s2n1 [80C[10D[1;32mdone[m8[?25h
2015-02-11T17:34:58.119713-06:00 c0-0c0s2n1 [m[?25hActivating swap-devices in /etc/fstab...
2015-02-11T17:34:58.145063-06:00 c0-0c0s2n1 7[?25l[1A
2015-02-11T17:34:58.145081-06:00 c0-0c0s2n1 [80C[10D[1;32mdone[m8[?25hroot file system (/) is NOT being checked.
2015-02-11T17:34:58.372623-06:00 c0-0c0s2n1 [m[?25hSet System Time to the current Hardware Clock7[?25l
2015-02-11T17:34:58.372635-06:00 c0-0c0s2n1 [80C[10D[1;32mdone[m8[?25h
2015-02-11T17:34:58.397781-06:00 c0-0c0s2n1 [m[?25hActivating device mapper...
2015-02-11T17:34:58.397958-06:00 c0-0c0s2n1 device-mapper: ioctl: 4.23.0-ioctl (2012-07-25) initialised: dm-devel@redhat.com
2015-02-11T17:34:58.397970-06:00 c0-0c0s2n1 7[?25l
2015-02-11T17:34:58.397975-06:00 c0-0c0s2n1 [80C[10D[1;32mdone[m8[?25h
2015-02-11T17:34:58.448245-06:00 c0-0c0s2n1 [m[?25hLoading required kernel modules
2015-02-11T17:34:58.498798-06:00 c0-0c0s2n1 7[?25l[1A
2015-02-11T17:34:58.498811-06:00 c0-0c0s2n1 [80C[10D[1;32mdone[m8[?25h[m[?25h[m[?25hWaiting for udev to settle...
2015-02-11T17:34:58.498834-06:00 c0-0c0s2n1 Scanning for LVM volume groups...
2015-02-11T17:34:58.498875-06:00 c0-0c0s2n1  Reading all physical volumes.  This may take a while...
2015-02-11T17:34:58.524099-06:00 c0-0c0s2n1  No volume groups found
2015-02-11T17:34:58.524132-06:00 c0-0c0s2n1  No volume groups found
2015-02-11T17:34:58.524141-06:00 c0-0c0s2n1 Activating LVM volume groups...
2015-02-11T17:34:58.524178-06:00 c0-0c0s2n1  PARTIAL MODE. Incomplete logical volumes will be processed.
2015-02-11T17:34:58.524189-06:00 c0-0c0s2n1  No volume groups found
2015-02-11T17:34:58.524199-06:00 c0-0c0s2n1 7[?25l
2015-02-11T17:34:58.524214-06:00 c0-0c0s2n1 [80C[10D[1;32mdone[m8[?25h
2015-02-11T17:34:58.549302-06:00 c0-0c0s2n1 [m[?25hNo fibre channel cards present.  Not waiting for disk devices. 
2015-02-11T17:34:58.574611-06:00 c0-0c0s2n1 [m[?25hChecking file systems...
2015-02-11T17:34:58.599788-06:00 c0-0c0s2n1 fsck from util-linux 2.19.1
2015-02-11T17:34:58.599822-06:00 c0-0c0s2n1 Checking all file systems.
2015-02-11T17:34:58.599832-06:00 c0-0c0s2n1 7[?25l[1A
2015-02-11T17:34:58.599839-06:00 c0-0c0s2n1 [80C[10D[1;32mdone[m8[?25hMounting local file systems...
2015-02-11T17:34:58.599898-06:00 c0-0c0s2n1 nothing was mounted
2015-02-11T17:34:58.851646-06:00 c0-0c0s2n1 7[?25l[1A
2015-02-11T17:34:58.851667-06:00 c0-0c0s2n1 [80C[10D[1;32mdone[m8[?25h[m[?25hCheck if the profiles matches the system7[?25l
2015-02-11T17:34:58.851673-06:00 c0-0c0s2n1 [80C[10D[1;32mdone[m8[?25h
2015-02-11T17:34:58.876867-06:00 c0-0c0s2n1 [m[?25hEnabling monitoring on LVM volume groups...
2015-02-11T17:34:58.902142-06:00 c0-0c0s2n1  No volume groups found
2015-02-11T17:34:58.902175-06:00 c0-0c0s2n1 7[?25l
2015-02-11T17:34:58.902183-06:00 c0-0c0s2n1 [80C[10D[1;32mdone[m8[?25h
2015-02-11T17:34:58.948742-06:00 c0-0c0s2n1 [m[?25h[m[?25h[m[?25h[m[?25h[m[?25hTurning quota on
2015-02-11T17:34:58.973989-06:00 c0-0c0s2n1 Checking quotas. This may take some time.
2015-02-11T17:34:58.974021-06:00 c0-0c0s2n1 7[?25l
2015-02-11T17:34:58.974027-06:00 c0-0c0s2n1 [80C[10D[1;32mdone[m8[?25h
2015-02-11T17:34:58.974076-06:00 c0-0c0s2n1 [m[?25hSetting current sysctl status from /etc/sysctl.conf7[?25l
2015-02-11T17:34:58.974084-06:00 c0-0c0s2n1 [80C[10D[1;32mdone[m8[?25h
2015-02-11T17:34:59.163941-06:00 c0-0c0s2n1 [m[?25hATTENTION: You have modified /etc/resolv.conf.  Leaving it untouched...
2015-02-11T17:34:59.163980-06:00 c0-0c0s2n1 You can find my version in /tmp/resolv.conf.sWggVj ...
2015-02-11T17:34:59.163988-06:00 c0-0c0s2n1 touch: cannot touch `/etc/yp.conf': Read-only file system
2015-02-11T17:34:59.164002-06:00 c0-0c0s2n1 chmod: cannot access `/etc/yp.conf': No such file or directory
2015-02-11T17:34:59.164014-06:00 c0-0c0s2n1 touch: cannot touch `/etc/yp.conf': Read-only file system
2015-02-11T17:34:59.189229-06:00 c0-0c0s2n1 [m[?25hSystem Boot Control: The system has been 
2015-02-11T17:34:59.189242-06:00 c0-0c0s2n1 [80C[10D[1mset up[m
2015-02-11T17:34:59.189263-06:00 c0-0c0s2n1 Skipped features: [80C[19D[1;33mboot.efivars[m
2015-02-11T17:34:59.189283-06:00 c0-0c0s2n1 System Boot Control: Running /etc/init.d/boot.local
2015-02-11T17:34:59.214566-06:00 c0-0c0s2n1 7[?25l[1A
2015-02-11T17:34:59.214578-06:00 c0-0c0s2n1 [8
2015-02-11T17:34:59.214584-06:00 c0-0c0s2n1 INIT: Entering runlevel: 3
2015-02-11T17:34:59.239949-06:00 c0-0c0s2n1 Master Resource Control: previous runlevel: N, switching to runlevel: 
2015-02-11T17:34:59.239958-06:00 c0-0c0s2n1 [80C[10D[1m3[m
2015-02-11T17:34:59.265187-06:00 c0-0c0s2n1 Starting batchlimitd
2015-02-11T17:34:59.301522-06:00 c0-0c0s2n1 [m[?25hLoading nic compatibility device7[?25l
2015-02-11T17:34:59.301531-06:00 c0-0c0s2n1 [80C[10D[1;32mdone[m8[?25h
2015-02-11T17:34:59.417324-06:00 c0-0c0s2n1 [m[?25hbpmcd_init: Power statistics available in /sys/cray
2015-02-11T17:34:59.492867-06:00 c0-0c0s2n1 [m[?25hStarting D-Bus daemon7[?25l
2015-02-11T17:34:59.492880-06:00 c0-0c0s2n1 [80C[10D[1;32mdone[m8[?25h
2015-02-11T17:34:59.518055-06:00 c0-0c0s2n1 [m[?25hiSCSI Enterprise Target Software - version trunk
2015-02-11T17:34:59.518087-06:00 c0-0c0s2n1 iscsi_trgt: Registered io type fileio
2015-02-11T17:34:59.543280-06:00 c0-0c0s2n1 iscsi_trgt: Registered io type blockio
2015-02-11T17:34:59.543316-06:00 c0-0c0s2n1 iscsi_trgt: Registered io type nullio
2015-02-11T17:34:59.568505-06:00 c0-0c0s2n1 [m[?25hLNet: HW CPU cores: 16, npartitions: 4
2015-02-11T17:35:04.597808-06:00 c0-0c0s2n1 /etc/init.d/rc3.d/S01lnet: line 179: lctl: command not found
2015-02-11T17:35:04.648198-06:00 c0-0c0s2n1 [m[?25hRemoving old kernel packages...
2015-02-11T17:35:04.648226-06:00 c0-0c0s2n1 rm: cannot remove `/boot/do_purge_kernels': Read-only file system
2015-02-11T17:35:04.648255-06:00 c0-0c0s2n1 /sbin/purge-kernels: multiversion.kernels not configured in /etc/zypp/zypp.conf, exiting.
2015-02-11T17:35:04.648278-06:00 c0-0c0s2n1 7[?25l
2015-02-11T17:35:04.648287-06:00 c0-0c0s2n1 [80C[10D[1;32mdone[m8[?25h
2015-02-11T17:35:04.680493-06:00 c0-0c0s2n1 [m[?25hInitializing random number generator7[?25l
2015-02-11T17:35:04.680507-06:00 c0-0c0s2n1 [80C[10D[1;32mdone[m8[?25h
2015-02-11T17:35:05.801964-06:00 c0-0c0s2n1 [m[?25hmlx4_core 0000:03:00.0: PCI INT A disabled
2015-02-11T17:35:06.824695-06:00 c0-0c0s2n1 mlx4_core 0000:02:00.0: PCI INT A disabled
2015-02-11T17:35:06.932286-06:00 c0-0c0s2n1 Compat-rdma backport release: ac916cb
2015-02-11T17:35:06.957498-06:00 c0-0c0s2n1 Backport based on git://git.openfabrics.org/compat-rdma/compat.git 5268562
2015-02-11T17:35:06.957528-06:00 c0-0c0s2n1 compat.git: git://git.openfabrics.org/compat-rdma/compat.git
2015-02-11T17:35:06.982705-06:00 c0-0c0s2n1 mlx4_core: Mellanox ConnectX core driver v1.1 (Dec, 2011)
2015-02-11T17:35:06.982732-06:00 c0-0c0s2n1 mlx4_core: Initializing 0000:02:00.0
2015-02-11T17:35:07.007871-06:00 c0-0c0s2n1 mlx4_core 0000:02:00.0: PCI INT A -> GSI 40 (level, low) -> IRQ 40
2015-02-11T17:35:12.837507-06:00 c0-0c0s2n1 mlx4_core 0000:02:00.0: 64B EQEs/CQEs supported by the device but not enabled
2015-02-11T17:35:13.515419-06:00 c0-0c0s2n1 mlx4_core: Initializing 0000:03:00.0
2015-02-11T17:35:13.540636-06:00 c0-0c0s2n1 mlx4_core 0000:03:00.0: PCI INT A -> GSI 42 (level, low) -> IRQ 42
2015-02-11T17:35:19.378013-06:00 c0-0c0s2n1 mlx4_core 0000:03:00.0: 64B EQEs/CQEs supported by the device but not enabled
2015-02-11T17:35:20.127298-06:00 c0-0c0s2n1 <mlx4_ib> mlx4_ib_add: mlx4_ib: Mellanox ConnectX InfiniBand driver v1.0 (April 4, 2008)
2015-02-11T17:35:20.201836-06:00 c0-0c0s2n1 Loading HCA driver and Access Layer:[60G[  [1;32mOK[0;39m  ]
2015-02-11T17:35:20.201966-06:00 c0-0c0s2n1 Setting up InfiniBand network interfaces:
2015-02-11T17:35:20.201993-06:00 c0-0c0s2n1 Setting up service network . . .[60G[  [0;39mdone[0;39m  ]
2015-02-11T17:35:20.578283-06:00 c0-0c0s2n1 [m[?25hSetting up (localfs) network interfaces:
2015-02-11T17:35:20.619675-06:00 c0-0c0s2n1    lo        
2015-02-11T17:35:20.671115-06:00 c0-0c0s2n1    lo        IP address: 127.0.0.1/8   
2015-02-11T17:35:20.696428-06:00 c0-0c0s2n1              IP address: 127.0.0.2/8   
2015-02-11T17:35:20.826768-06:00 c0-0c0s2n1 7[?25l[1A
2015-02-11T17:35:20.826782-06:00 c0-0c0s2n1 [80C[10D[1;32mdone[m8[?25h    ipogif0   
2015-02-11T17:35:20.826803-06:00 c0-0c0s2n1              No configuration found for ipogif0
2015-02-11T17:35:20.852075-06:00 c0-0c0s2n1 7[?25l[1A
2015-02-11T17:35:20.852112-06:00 c0-0c0s2n1 [80C[10D[1munused[m8[?25hSetting up service (localfs) network  .  .  .  .  .  .  .  .  .  .7[?25l
2015-02-11T17:35:20.852131-06:00 c0-0c0s2n1 [80C[10D[1;32mdone[m8[?25h
2015-02-11T17:35:20.877228-06:00 c0-0c0s2n1 [m[?25hCould not start BND as this is not the boot node.
2015-02-11T17:35:20.877270-06:00 c0-0c0s2n1 bootnodes are: 1 1 
2015-02-11T17:35:20.877308-06:00 c0-0c0s2n1 mynid=9
2015-02-11T17:35:20.902525-06:00 c0-0c0s2n1 [m[?25hS04cray-config-service: Mounting 9p configuration directory. 
2015-02-11T17:35:21.920085-06:00 c0-0c0s2n1 S04cray-config-service:   Success.  
2015-02-11T17:35:21.953926-06:00 c0-0c0s2n1 [m[?25h[m[?25hStarting hw_info_init on 9
2015-02-11T17:35:21.953959-06:00 c0-0c0s2n1 bootnodes are: 1 1 
2015-02-11T17:35:21.953990-06:00 c0-0c0s2n1 mynid=9
2015-02-11T17:35:22.406207-06:00 c0-0c0s2n1 [m[?25h[m[?25h 
2015-02-11T17:35:22.431429-06:00 c0-0c0s2n1 cray-syslog: **WARNING**  /etc/security/limits.conf MAY require hard and soft file limits 
2015-02-11T17:35:22.431471-06:00 c0-0c0s2n1 cray-syslog:              greater or equal to 8192 for proper LLM operation 
2015-02-11T17:35:22.431511-06:00 c0-0c0s2n1 cray-syslog:              when large number of jobs are launched concurrently.
2015-02-11T17:35:22.431524-06:00 c0-0c0s2n1 cray-syslog:              If you have failures running large number of concurrent jobs,
2015-02-11T17:35:22.431545-06:00 c0-0c0s2n1 cray-syslog:              you may wish to update the hard and soft nofile entries in 
2015-02-11T17:35:22.431558-06:00 c0-0c0s2n1 cray-syslog:              limits.conf as follows.
2015-02-11T17:35:22.431588-06:00 c0-0c0s2n1 
2015-02-11T17:35:22.431601-06:00 c0-0c0s2n1 cray-syslog: /etc/security/limits.conf: 
2015-02-11T17:35:22.431613-06:00 c0-0c0s2n1 cray-syslog: *  soft  nofile  8192
2015-02-11T17:35:22.456637-06:00 c0-0c0s2n1 cray-syslog: *  hard  nofile  8192
2015-02-11T17:35:22.456664-06:00 c0-0c0s2n1 
2015-02-11T17:35:23.414378-06:00 c0-0c0s2n1 cray-syslog: rsyslogd started as process 6812.
2015-02-11T17:35:24.450548-06:00 c0-0c0s2n1 cray-syslog: llmrd started as process  6825.
2015-02-11T17:35:24.481731-06:00 c0-0c0s2n1 [m[?25h[m[?25hStarting auditd startproc:  exit status of parent of /sbin/auditd: 6
2015-02-11T17:35:24.506956-06:00 c0-0c0s2n1 7[?25l
2015-02-11T17:35:24.506970-06:00 c0-0c0s2n1 [80C[10D[1;32mdone[m8[?25h
2015-02-11T17:35:24.625405-06:00 c0-0c0s2n1 [m[?25hStarting haveged daemon 7[?25l
2015-02-11T17:35:24.625420-06:00 c0-0c0s2n1 [80C[10D[1;32mdone[m8[?25h
2015-02-11T17:35:24.625438-06:00 c0-0c0s2n1 [m[?25hStarting rpcbind 7[?25l
2015-02-11T17:35:24.625457-06:00 c0-0c0s2n1 [80C[10D[1;32mdone[m8[?25h
2015-02-11T17:35:24.650609-06:00 c0-0c0s2n1 [m[?25hbootnodes are: 1 1 
2015-02-11T17:35:24.650638-06:00 c0-0c0s2n1 mynid=9
2015-02-11T17:35:24.738896-06:00 c0-0c0s2n1 [m[?25hStarting NFS client services: sm-notify idmapd7[?25l
2015-02-11T17:35:24.738906-06:00 c0-0c0s2n1 [80C[10D[1;32mdone[m8[?25h
2015-02-11T17:35:24.789342-06:00 c0-0c0s2n1 [m[?25hStarting DVS service: DVS: Revision 1873 - Built: Sep 17 2014 @ 06:40:29 for lnet version 2.5
2015-02-11T17:35:24.827061-06:00 c0-0c0s2n1 Lustre: kgnilnd build version: 2.5-trunk-1.0502.17198.8.51-abuild-RB-5.2UP02_2.5.1-2014-09-17-06:59
2015-02-11T17:35:24.904354-06:00 c0-0c0s2n1 LNet: Added LNI 9@gni [16/512/0/0]
2015-02-11T17:35:25.937371-06:00 c0-0c0s2n1 7[?25l
2015-02-11T17:35:25.937377-06:00 c0-0c0s2n1 [80C[10D[1;32mdone[m8[?25h
2015-02-11T17:35:25.962576-06:00 c0-0c0s2n1 [m[?25hStarting java.binfmt_misc 7[?25l
2015-02-11T17:35:25.962626-06:00 c0-0c0s2n1 [80C[10D[1;32mdone[m8[?25h
2015-02-11T17:35:26.001349-06:00 c0-0c0s2n1 [m[?25hStarting mcelog... 7[?25l
2015-02-11T17:35:26.001374-06:00 c0-0c0s2n1 [80C[10D[1;32mdone[m8[?25h
2015-02-11T17:35:26.095925-06:00 c0-0c0s2n1 [m[?25hSetting up (remotefs) network interfaces:
2015-02-11T17:35:26.230776-06:00 c0-0c0s2n1    sit0      
2015-02-11T17:35:26.230808-06:00 c0-0c0s2n1              No configuration found for sit0
2015-02-11T17:35:26.256015-06:00 c0-0c0s2n1 7[?25l[1A
2015-02-11T17:35:26.256030-06:00 c0-0c0s2n1 [80C[10D[1munused[m8[?25hSetting up service (remotefs) network  .  .  .  .  .  .  .  .  .  .7[?25l
2015-02-11T17:35:26.256035-06:00 c0-0c0s2n1 [80C[10D[1;32mdone[m8[?25h
2015-02-11T17:35:26.281291-06:00 c0-0c0s2n1 [80C[10D[1;32mdone[m8[?25h
2015-02-11T17:35:26.318313-06:00 c0-0c0s2n1 [m[?25hsdbnodes are: 137 137 
2015-02-11T17:35:26.343521-06:00 c0-0c0s2n1 mynid=9
2015-02-11T17:35:26.570099-06:00 c0-0c0s2n1 [m[?25hStarting network time protocol daemon (NTPD)7[?25l
2015-02-11T17:35:26.570104-06:00 c0-0c0s2n1 [80C[10D[1;32mdone[m8[?25h
2015-02-11T17:35:26.570111-06:00 c0-0c0s2n1 [m[?25hStarting MUNGE: munged7[?25l
2015-02-11T17:35:26.570115-06:00 c0-0c0s2n1 [80C[10D[1;32mdone[m8[?25h
2015-02-11T17:35:26.570120-06:00 c0-0c0s2n1 [m[?25h[m[?25h[m[?25hStarting Name Service Cache Daemon7[?25l
2015-02-11T17:35:26.570124-06:00 c0-0c0s2n1 [80C[10D[1;32mdone[m8[?25h
2015-02-11T17:35:26.570130-06:00 c0-0c0s2n1 [m[?25hEnabling Linux Jobs
2015-02-11T17:35:26.570136-06:00 c0-0c0s2n1 [m[?25hStarting alps services
2015-02-11T17:35:27.079446-06:00 c0-0c0s2n1 Starting apsys
2015-02-11T17:35:27.840277-06:00 c0-0c0s2n1 2015-02-11 17:35:22: Switching pid 7428 to /var//opt/cray/alps/log/apsys20150211
2015-02-11T17:35:28.087685-06:00 c0-0c0s2n1 7[?25l
2015-02-11T17:35:28.087704-06:00 c0-0c0s2n1 [80C[10D[1;32mdone[m8[?25h
2015-02-11T17:35:28.113029-06:00 c0-0c0s2n1 [m[?25h<node_health> Starting node_health_recovery
2015-02-11T17:35:28.138225-06:00 c0-0c0s2n1 [m[?25hsdbnodes are: 137 137 
2015-02-11T17:35:28.138396-06:00 c0-0c0s2n1 mynid=9
2015-02-11T17:35:28.138985-06:00 c0-0c0s2n1 [m[?25hblogd: no message logging because /var file system is not accessible
2015-02-11T17:35:28.177517-06:00 c0-0c0s2n1 Boot event: Starting
2015-02-11T17:35:28.177592-06:00 c0-0c0s2n1 Sending ec_node_info with boot code 8 (NODE_INFO_OS_BOOT_SUCCEEDED) for nid 9
2015-02-11T17:35:28.177645-06:00 c0-0c0s2n1 [m[?25hMaster Resource Control: runlevel 3 has been 
2015-02-11T17:35:28.177654-06:00 c0-0c0s2n1 [80C[10D[1mreached[m
2015-02-11T17:35:28.177769-06:00 c0-0c0s2n1 Failed services in runlevel 3: [80C[11D[1;31mlnet[m
2015-02-11T17:35:28.177803-06:00 c0-0c0s2n1 INIT: no more processes left in this runlevel
2015-02-12T14:34:13.736117-06:00 c0-0c0s2n1 VFS: Busy inodes after unmount of 0:1a. Self-destruct in 5 seconds.  Have a nice day...
2015-02-12T14:34:25.841442-06:00 c0-0c0s2n1 INIT: Switching to runlevel: 0
2015-02-12T14:34:25.882387-06:00 c0-0c0s2n1 Boot logging started on /dev/ttyS0((no tty)) at Thu Feb 12 14:34:25 2015
2015-02-12T14:34:25.882640-06:00 c0-0c0s2n1 Master Resource Control: previous runlevel: 3, switching to runlevel: 
2015-02-12T14:34:25.882648-06:00 c0-0c0s2n1 [80C[10D[1m0[m
2015-02-12T14:34:25.882943-06:00 c0-0c0s2n1 sdbnodes are: 137 137 
2015-02-12T14:34:25.882955-06:00 c0-0c0s2n1 mynid=9
2015-02-12T14:34:25.907526-06:00 c0-0c0s2n1 [m[?25hBoot event: Nothing to stop.
2015-02-12T14:34:25.944588-06:00 c0-0c0s2n1 [m[?25hShutting down auditd 7[?25l
2015-02-12T14:34:25.944596-06:00 c0-0c0s2n1 [80C[10D[1;32mdone[m8[?25h
2015-02-12T14:34:25.944777-06:00 c0-0c0s2n1 [m[?25hStopping batchlimitd
2015-02-12T14:34:25.984526-06:00 c0-0c0s2n1 [m[?25hCould not start BND as this is not the boot node.
2015-02-12T14:34:25.984667-06:00 c0-0c0s2n1 bootnodes are: 1 1 
2015-02-12T14:34:25.984677-06:00 c0-0c0s2n1 mynid=9
2015-02-12T14:34:26.024208-06:00 c0-0c0s2n1 [m[?25hK02cray-config-service: Unmounting the configuration directory. 
2015-02-12T14:34:27.010972-06:00 c0-0c0s2n1 K02cray-config-service:   Success.  
2015-02-12T14:34:27.036368-06:00 c0-0c0s2n1 [m[?25hUnloading nic compatibility device7[?25l
2015-02-12T14:34:27.036377-06:00 c0-0c0s2n1 [80C[10D[1;32mdone[m8[?25h
2015-02-12T14:34:27.061479-06:00 c0-0c0s2n1 [m[?25hbpmcd_exit: No local access to power statistics
2015-02-12T14:34:29.017429-06:00 c0-0c0s2n1 [m[?25hStopping DVS service: LNet: 6968:0:(gnilnd.c:761:kgnilnd_complete_closed_conn()) Closed conn 0xffff88100b566400->2@gni (errno -108, peer errno 0): canceled 1 TX, 0/0 RDMA
2015-02-12T14:34:32.286215-06:00 c0-0c0s2n1 LNet: 32105:0:(gnilnd.c:2775:kgnilnd_shutdown()) Waiting for 101 references to clear on net 0
2015-02-12T14:34:37.618186-06:00 c0-0c0s2n1 LNet: Removed LNI 9@gni
2015-02-12T14:34:39.571904-06:00 c0-0c0s2n1 7[?25l
2015-02-12T14:34:39.571919-06:00 c0-0c0s2n1 [80C[10D[1;32mdone[m8[?25h
2015-02-12T14:34:39.673390-06:00 c0-0c0s2n1 [m[?25hShutting down haveged daemon 7[?25l
2015-02-12T14:34:39.673398-06:00 c0-0c0s2n1 [80C[10D[1;32mdone[m8[?25h
2015-02-12T14:34:39.698601-06:00 c0-0c0s2n1 [m[?25hStarting hw_info_init on 9
2015-02-12T14:34:39.698612-06:00 c0-0c0s2n1 bootnodes are: 1 1 
2015-02-12T14:34:39.698650-06:00 c0-0c0s2n1 mynid=9
2015-02-12T14:34:39.749026-06:00 c0-0c0s2n1 [m[?25h[m[?25hShutting down java.binfmt_misc 7[?25l
2015-02-12T14:34:39.749035-06:00 c0-0c0s2n1 [80C[10D[1;32mdone[m8[?25h
2015-02-12T14:35:14.838747-06:00 c0-0c0s2n1 [m[?25hnfs: server 10.131.255.254 not responding, still trying
2015-02-12T15:28:36.738771-06:00 c0-0c0s2n1 ERROR: Type:2; Severity:80; Class:3; Subclass:D; Operation: 2
2015-02-12T15:37:08.052917-06:00 c0-0c0s2n1 Wait4Boot: WRITE: 533 bytes to memory @ 0x90CD0 ... complete
2015-02-12T15:37:08.052939-06:00 c0-0c0s2n1 Wait4Boot: Blade Controller Boot Protocol version - 1
2015-02-12T15:37:08.077651-06:00 c0-0c0s2n1 Wait4Boot: JUMP: KernelStart 0x100000, boot_params 0x90000, CmdLineAddr 0x90CD0
2015-02-12T15:37:08.205036-06:00 c0-0c0s2n1 Decompressing Linux... Parsing ELF... done.
2015-02-12T15:37:08.205195-06:00 c0-0c0s2n1 Booting the kernel.
2015-02-12T15:37:08.230360-06:00 c0-0c0s2n1 Initializing cgroup subsys cpuset
2015-02-12T15:37:08.230517-06:00 c0-0c0s2n1 Initializing cgroup subsys cpu
2015-02-12T15:37:08.255758-06:00 c0-0c0s2n1 Linux version 3.0.101-0.31.1_1.0502.8394-cray_ari_s (abuild@cfosbld05) (gcc version 4.3.4 [gcc-4_3-branch revision 152973] (SUSE Linux) ) #1 SMP Wed Sep 10 04:03:41 UTC 2014
2015-02-12T15:37:08.333028-06:00 c0-0c0s2n1 Command line: earlyprintk=serial,115200 load_ramdisk=1 ramdisk_size=80000 console=ttyS0,115200n8 bootnodeip=10.131.255.254 bootproto=ipog bootpath=/rr/current rootfs=nfs-shared root=/dev/disk/by-id/scsi-3600a09800063789e0000008b54c3a04c-part1 oops=panic bootifnetmask=255.252.0.0 elevator=noop ippob1=10 ippob2=128 pcie_ports=native iommu=on intel_iommu=off bad_page=panic pln_enable=off apei_disable hest_disable erst_disable ghes_disable cgroup_disable=memory active_wlm=ALPS sdbnodeip=10.131.255.253 sessionid=p0-20150212t152812 _cray=marker_ 
2015-02-12T15:37:08.333071-06:00 c0-0c0s2n1 KERNEL supported cpus:
2015-02-12T15:37:08.333214-06:00 c0-0c0s2n1  Intel GenuineIntel
2015-02-12T15:37:08.372712-06:00 c0-0c0s2n1 BIOS-provided physical RAM map:
2015-02-12T15:37:08.373111-06:00 c0-0c0s2n1 BIOS-e820: 0000000000000000 - 00000000000a0000 (usable)
2015-02-12T15:37:08.373309-06:00 c0-0c0s2n1 BIOS-e820: 0000000000100000 - 000000007e67c000 (usable)
2015-02-12T15:37:08.381879-06:00 c0-0c0s2n1 BIOS-e820: 000000007e67c000 - 000000007e790000 (ACPI NVS)
2015-02-12T15:37:08.382097-06:00 c0-0c0s2n1 BIOS-e820: 000000007e790000 - 000000007f395000 (reserved)
2015-02-12T15:37:08.420239-06:00 c0-0c0s2n1 BIOS-e820: 000000007f395000 - 000000007f410000 (ACPI data)
2015-02-12T15:37:08.420452-06:00 c0-0c0s2n1 BIOS-e820: 000000007f410000 - 000000007f491000 (reserved)
2015-02-12T15:37:08.420568-06:00 c0-0c0s2n1 BIOS-e820: 000000007f491000 - 000000007f493000 (usable)
2015-02-12T15:37:08.460373-06:00 c0-0c0s2n1 BIOS-e820: 000000007f493000 - 000000007f494000 (ACPI NVS)
2015-02-12T15:37:08.460649-06:00 c0-0c0s2n1 BIOS-e820: 000000007f494000 - 000000007f49e000 (reserved)
2015-02-12T15:37:08.461009-06:00 c0-0c0s2n1 BIOS-e820: 000000007f49e000 - 000000007f4a6000 (ACPI NVS)
2015-02-12T15:37:08.461094-06:00 c0-0c0s2n1 BIOS-e820: 000000007f4a6000 - 000000007f4d2000 (reserved)
2015-02-12T15:37:08.461351-06:00 c0-0c0s2n1 BIOS-e820: 000000007f4d2000 - 000000007f558000 (ACPI NVS)
2015-02-12T15:37:08.461571-06:00 c0-0c0s2n1 BIOS-e820: 000000007f558000 - 000000007f800000 (usable)
2015-02-12T15:37:08.500402-06:00 c0-0c0s2n1 BIOS-e820: 0000000080000000 - 0000000090000000 (reserved)
2015-02-12T15:37:08.500559-06:00 c0-0c0s2n1 BIOS-e820: 00000000fed1c000 - 00000000fed20000 (reserved)
2015-02-12T15:37:08.500802-06:00 c0-0c0s2n1 BIOS-e820: 00000000ff000000 - 0000000100000000 (reserved)
2015-02-12T15:37:08.508106-06:00 c0-0c0s2n1 BIOS-e820: 0000000100000000 - 0000001080000000 (usable)
2015-02-12T15:37:08.508347-06:00 c0-0c0s2n1 bootconsole [earlyser0] enabled
2015-02-12T15:37:08.508523-06:00 c0-0c0s2n1 NX (Execute Disable) protection: active
2015-02-12T15:37:08.508729-06:00 c0-0c0s2n1 EFI v2.10 by American Megatrends
2015-02-12T15:37:08.533366-06:00 c0-0c0s2n1 ACPI=0x7f395000  ACPI 2.0=0x7f395000  SMBIOS=0xf04c0  MPS=0xfd450 
2015-02-12T15:37:08.533680-06:00 c0-0c0s2n1 EFI: mem00: type=3, attr=0xf, range=[0x0000000000000000-0x0000000000008000) (0MB)
2015-02-12T15:37:08.558536-06:00 c0-0c0s2n1 EFI: mem01: type=7, attr=0xf, range=[0x0000000000008000-0x0000000000060000) (0MB)
2015-02-12T15:37:08.558831-06:00 c0-0c0s2n1 EFI: mem02: type=3, attr=0xf, range=[0x0000000000060000-0x00000000000a0000) (0MB)
2015-02-12T15:37:08.583793-06:00 c0-0c0s2n1 EFI: mem03: type=7, attr=0xf, range=[0x0000000000100000-0x0000000001000000) (15MB)
2015-02-12T15:37:08.584091-06:00 c0-0c0s2n1 EFI: mem04: type=2, attr=0xf, range=[0x0000000001000000-0x0000000001100000) (1MB)
2015-02-12T15:37:08.608989-06:00 c0-0c0s2n1 EFI: mem05: type=4, attr=0xf, range=[0x0000000001100000-0x00000000017ea000) (6MB)
2015-02-12T15:37:08.609299-06:00 c0-0c0s2n1 EFI: mem06: type=3, attr=0xf, range=[0x00000000017ea000-0x00000000017ee000) (0MB)
2015-02-12T15:37:08.634161-06:00 c0-0c0s2n1 EFI: mem07: type=4, attr=0xf, range=[0x00000000017ee000-0x0000000001886000) (0MB)
2015-02-12T15:37:08.634463-06:00 c0-0c0s2n1 EFI: mem08: type=3, attr=0xf, range=[0x0000000001886000-0x000000000188f000) (0MB)
2015-02-12T15:37:08.659586-06:00 c0-0c0s2n1 EFI: mem09: type=4, attr=0xf, range=[0x000000000188f000-0x0000000001892000) (0MB)
2015-02-12T15:37:08.659864-06:00 c0-0c0s2n1 EFI: mem10: type=3, attr=0xf, range=[0x0000000001892000-0x000000000189e000) (0MB)
2015-02-12T15:37:08.684855-06:00 c0-0c0s2n1 EFI: mem11: type=4, attr=0xf, range=[0x000000000189e000-0x00000000018a9000) (0MB)
2015-02-12T15:37:08.685093-06:00 c0-0c0s2n1 EFI: mem12: type=3, attr=0xf, range=[0x00000000018a9000-0x00000000018ab000) (0MB)
2015-02-12T15:37:08.724476-06:00 c0-0c0s2n1 EFI: mem13: type=4, attr=0xf, range=[0x00000000018ab000-0x00000000018ad000) (0MB)
2015-02-12T15:37:08.724649-06:00 c0-0c0s2n1 EFI: mem14: type=3, attr=0xf, range=[0x00000000018ad000-0x00000000018af000) (0MB)
2015-02-12T15:37:08.764548-06:00 c0-0c0s2n1 EFI: mem15: type=4, attr=0xf, range=[0x00000000018af000-0x00000000018b7000) (0MB)
2015-02-12T15:37:08.764818-06:00 c0-0c0s2n1 EFI: mem16: type=3, attr=0xf, range=[0x00000000018b7000-0x00000000018bb000) (0MB)
2015-02-12T15:37:08.765090-06:00 c0-0c0s2n1 EFI: mem17: type=4, attr=0xf, range=[0x00000000018bb000-0x00000000018bd000) (0MB)
2015-02-12T15:37:08.765383-06:00 c0-0c0s2n1 EFI: mem18: type=3, attr=0xf, range=[0x00000000018bd000-0x00000000018bf000) (0MB)
2015-02-12T15:37:08.804544-06:00 c0-0c0s2n1 EFI: mem19: type=4, attr=0xf, range=[0x00000000018bf000-0x00000000018d1000) (0MB)
2015-02-12T15:37:08.804831-06:00 c0-0c0s2n1 EFI: mem20: type=3, attr=0xf, range=[0x00000000018d1000-0x00000000018d7000) (0MB)
2015-02-12T15:37:08.811226-06:00 c0-0c0s2n1 EFI: mem21: type=4, attr=0xf, range=[0x00000000018d7000-0x00000000018f9000) (0MB)
2015-02-12T15:37:08.848517-06:00 c0-0c0s2n1 EFI: mem22: type=3, attr=0xf, range=[0x00000000018f9000-0x0000000001908000) (0MB)
2015-02-12T15:37:08.848793-06:00 c0-0c0s2n1 EFI: mem23: type=4, attr=0xf, range=[0x0000000001908000-0x0000000001921000) (0MB)
2015-02-12T15:37:08.849061-06:00 c0-0c0s2n1 EFI: mem24: type=3, attr=0xf, range=[0x0000000001921000-0x000000000192b000) (0MB)
2015-02-12T15:37:08.888511-06:00 c0-0c0s2n1 EFI: mem25: type=4, attr=0xf, range=[0x000000000192b000-0x0000000001933000) (0MB)
2015-02-12T15:37:08.888781-06:00 c0-0c0s2n1 EFI: mem26: type=3, attr=0xf, range=[0x0000000001933000-0x0000000001936000) (0MB)
2015-02-12T15:37:08.888991-06:00 c0-0c0s2n1 EFI: mem27: type=4, attr=0xf, range=[0x0000000001936000-0x000000000193b000) (0MB)
2015-02-12T15:37:08.889278-06:00 c0-0c0s2n1 EFI: mem28: type=3, attr=0xf, range=[0x000000000193b000-0x000000000193e000) (0MB)
2015-02-12T15:37:08.928496-06:00 c0-0c0s2n1 EFI: mem29: type=4, attr=0xf, range=[0x000000000193e000-0x0000000001964000) (0MB)
2015-02-12T15:37:08.928782-06:00 c0-0c0s2n1 EFI: mem30: type=3, attr=0xf, range=[0x0000000001964000-0x0000000001968000) (0MB)
2015-02-12T15:37:08.937444-06:00 c0-0c0s2n1 EFI: mem31: type=4, attr=0xf, range=[0x0000000001968000-0x000000000198a000) (0MB)
2015-02-12T15:37:08.937714-06:00 c0-0c0s2n1 EFI: mem32: type=3, attr=0xf, range=[0x000000000198a000-0x00000000019b0000) (0MB)
2015-02-12T15:37:08.962608-06:00 c0-0c0s2n1 EFI: mem33: type=4, attr=0xf, range=[0x00000000019b0000-0x00000000019be000) (0MB)
2015-02-12T15:37:08.987743-06:00 c0-0c0s2n1 EFI: mem34: type=3, attr=0xf, range=[0x00000000019be000-0x00000000019ce000) (0MB)
2015-02-12T15:37:08.987885-06:00 c0-0c0s2n1 EFI: mem35: type=4, attr=0xf, range=[0x00000000019ce000-0x00000000019d0000) (0MB)
2015-02-12T15:37:08.988182-06:00 c0-0c0s2n1 EFI: mem36: type=3, attr=0xf, range=[0x00000000019d0000-0x00000000019d7000) (0MB)
2015-02-12T15:37:09.013148-06:00 c0-0c0s2n1 EFI: mem37: type=4, attr=0xf, range=[0x00000000019d7000-0x00000000019e1000) (0MB)
2015-02-12T15:37:09.052455-06:00 c0-0c0s2n1 EFI: mem38: type=3, attr=0xf, range=[0x00000000019e1000-0x00000000019e5000) (0MB)
2015-02-12T15:37:09.052704-06:00 c0-0c0s2n1 EFI: mem39: type=4, attr=0xf, range=[0x00000000019e5000-0x0000000001a02000) (0MB)
2015-02-12T15:37:09.052978-06:00 c0-0c0s2n1 EFI: mem40: type=3, attr=0xf, range=[0x0000000001a02000-0x0000000001a06000) (0MB)
2015-02-12T15:37:09.092483-06:00 c0-0c0s2n1 EFI: mem41: type=4, attr=0xf, range=[0x0000000001a06000-0x0000000001a0a000) (0MB)
2015-02-12T15:37:09.092757-06:00 c0-0c0s2n1 EFI: mem42: type=3, attr=0xf, range=[0x0000000001a0a000-0x0000000001a1e000) (0MB)
2015-02-12T15:37:09.093037-06:00 c0-0c0s2n1 EFI: mem43: type=4, attr=0xf, range=[0x0000000001a1e000-0x0000000001a22000) (0MB)
2015-02-12T15:37:09.093288-06:00 c0-0c0s2n1 EFI: mem44: type=3, attr=0xf, range=[0x0000000001a22000-0x0000000001a26000) (0MB)
2015-02-12T15:37:09.132442-06:00 c0-0c0s2n1 EFI: mem45: type=4, attr=0xf, range=[0x0000000001a26000-0x0000000001a34000) (0MB)
2015-02-12T15:37:09.132692-06:00 c0-0c0s2n1 EFI: mem46: type=3, attr=0xf, range=[0x0000000001a34000-0x0000000001a3b000) (0MB)
2015-02-12T15:37:09.139552-06:00 c0-0c0s2n1 EFI: mem47: type=4, attr=0xf, range=[0x0000000001a3b000-0x0000000001a42000) (0MB)
2015-02-12T15:37:09.176525-06:00 c0-0c0s2n1 EFI: mem48: type=3, attr=0xf, range=[0x0000000001a42000-0x0000000001a4a000) (0MB)
2015-02-12T15:37:09.176786-06:00 c0-0c0s2n1 EFI: mem49: type=4, attr=0xf, range=[0x0000000001a4a000-0x0000000001a4b000) (0MB)
2015-02-12T15:37:09.177045-06:00 c0-0c0s2n1 EFI: mem50: type=3, attr=0xf, range=[0x0000000001a4b000-0x0000000001a4d000) (0MB)
2015-02-12T15:37:09.216498-06:00 c0-0c0s2n1 EFI: mem51: type=4, attr=0xf, range=[0x0000000001a4d000-0x0000000001a52000) (0MB)
2015-02-12T15:37:09.216802-06:00 c0-0c0s2n1 EFI: mem52: type=3, attr=0xf, range=[0x0000000001a52000-0x0000000001a69000) (0MB)
2015-02-12T15:37:09.217050-06:00 c0-0c0s2n1 EFI: mem53: type=4, attr=0xf, range=[0x0000000001a69000-0x0000000001a6f000) (0MB)
2015-02-12T15:37:09.217324-06:00 c0-0c0s2n1 EFI: mem54: type=3, attr=0xf, range=[0x0000000001a6f000-0x0000000001a70000) (0MB)
2015-02-12T15:37:09.256448-06:00 c0-0c0s2n1 EFI: mem55: type=4, attr=0xf, range=[0x0000000001a70000-0x0000000001a71000) (0MB)
2015-02-12T15:37:09.256771-06:00 c0-0c0s2n1 EFI: mem56: type=3, attr=0xf, range=[0x0000000001a71000-0x0000000001a79000) (0MB)
2015-02-12T15:37:09.265477-06:00 c0-0c0s2n1 EFI: mem57: type=4, attr=0xf, range=[0x0000000001a79000-0x0000000001a7a000) (0MB)
2015-02-12T15:37:09.265766-06:00 c0-0c0s2n1 EFI: mem58: type=3, attr=0xf, range=[0x0000000001a7a000-0x0000000001a83000) (0MB)
2015-02-12T15:37:09.290858-06:00 c0-0c0s2n1 EFI: mem59: type=4, attr=0xf, range=[0x0000000001a83000-0x0000000001a85000) (0MB)
2015-02-12T15:37:09.328430-06:00 c0-0c0s2n1 EFI: mem60: type=3, attr=0xf, range=[0x0000000001a85000-0x0000000001abe000) (0MB)
2015-02-12T15:37:09.328614-06:00 c0-0c0s2n1 EFI: mem61: type=4, attr=0xf, range=[0x0000000001abe000-0x0000000001abf000) (0MB)
2015-02-12T15:37:09.328813-06:00 c0-0c0s2n1 EFI: mem62: type=3, attr=0xf, range=[0x0000000001abf000-0x0000000001acc000) (0MB)
2015-02-12T15:37:09.368486-06:00 c0-0c0s2n1 EFI: mem63: type=4, attr=0xf, range=[0x0000000001acc000-0x0000000001ad7000) (0MB)
2015-02-12T15:37:09.368673-06:00 c0-0c0s2n1 EFI: mem64: type=3, attr=0xf, range=[0x0000000001ad7000-0x0000000001adc000) (0MB)
2015-02-12T15:37:09.368839-06:00 c0-0c0s2n1 EFI: mem65: type=4, attr=0xf, range=[0x0000000001adc000-0x0000000001b60000) (0MB)
2015-02-12T15:37:09.369056-06:00 c0-0c0s2n1 EFI: mem66: type=3, attr=0xf, range=[0x0000000001b60000-0x0000000001b7c000) (0MB)
2015-02-12T15:37:09.408486-06:00 c0-0c0s2n1 EFI: mem67: type=4, attr=0xf, range=[0x0000000001b7c000-0x0000000001b84000) (0MB)
2015-02-12T15:37:09.408692-06:00 c0-0c0s2n1 EFI: mem68: type=3, attr=0xf, range=[0x0000000001b84000-0x0000000001b9c000) (0MB)
2015-02-12T15:37:09.417028-06:00 c0-0c0s2n1 EFI: mem69: type=4, attr=0xf, range=[0x0000000001b9c000-0x000000000b210000) (150MB)
2015-02-12T15:37:09.417250-06:00 c0-0c0s2n1 EFI: mem70: type=3, attr=0xf, range=[0x000000000b210000-0x000000000b216000) (0MB)
2015-02-12T15:37:09.442334-06:00 c0-0c0s2n1 EFI: mem71: type=4, attr=0xf, range=[0x000000000b216000-0x000000000b21f000) (0MB)
2015-02-12T15:37:09.442541-06:00 c0-0c0s2n1 EFI: mem72: type=3, attr=0xf, range=[0x000000000b21f000-0x000000000b235000) (0MB)
2015-02-12T15:37:09.467558-06:00 c0-0c0s2n1 EFI: mem73: type=4, attr=0xf, range=[0x000000000b235000-0x000000000b23b000) (0MB)
2015-02-12T15:37:09.467896-06:00 c0-0c0s2n1 EFI: mem74: type=3, attr=0xf, range=[0x000000000b23b000-0x000000000b23e000) (0MB)
2015-02-12T15:37:09.492750-06:00 c0-0c0s2n1 EFI: mem75: type=4, attr=0xf, range=[0x000000000b23e000-0x000000000b242000) (0MB)
2015-02-12T15:37:09.493035-06:00 c0-0c0s2n1 EFI: mem76: type=3, attr=0xf, range=[0x000000000b242000-0x000000000b249000) (0MB)
2015-02-12T15:37:09.518065-06:00 c0-0c0s2n1 EFI: mem77: type=4, attr=0xf, range=[0x000000000b249000-0x000000000b24c000) (0MB)
2015-02-12T15:37:09.556360-06:00 c0-0c0s2n1 EFI: mem78: type=3, attr=0xf, range=[0x000000000b24c000-0x000000000b254000) (0MB)
2015-02-12T15:37:09.556659-06:00 c0-0c0s2n1 EFI: mem79: type=4, attr=0xf, range=[0x000000000b254000-0x000000000b27a000) (0MB)
2015-02-12T15:37:09.556934-06:00 c0-0c0s2n1 EFI: mem80: type=3, attr=0xf, range=[0x000000000b27a000-0x000000000b27e000) (0MB)
2015-02-12T15:37:09.600559-06:00 c0-0c0s2n1 EFI: mem81: type=4, attr=0xf, range=[0x000000000b27e000-0x000000000b282000) (0MB)
2015-02-12T15:37:09.600830-06:00 c0-0c0s2n1 EFI: mem82: type=3, attr=0xf, range=[0x000000000b282000-0x000000000b286000) (0MB)
2015-02-12T15:37:09.601082-06:00 c0-0c0s2n1 EFI: mem83: type=4, attr=0xf, range=[0x000000000b286000-0x000000000b290000) (0MB)
2015-02-12T15:37:09.601390-06:00 c0-0c0s2n1 EFI: mem84: type=3, attr=0xf, range=[0x000000000b290000-0x000000000b2d3000) (0MB)
2015-02-12T15:37:09.636531-06:00 c0-0c0s2n1 EFI: mem85: type=4, attr=0xf, range=[0x000000000b2d3000-0x000000000b2df000) (0MB)
2015-02-12T15:37:09.636813-06:00 c0-0c0s2n1 EFI: mem86: type=3, attr=0xf, range=[0x000000000b2df000-0x000000000b2e9000) (0MB)
2015-02-12T15:37:09.644365-06:00 c0-0c0s2n1 EFI: mem87: type=4, attr=0xf, range=[0x000000000b2e9000-0x000000000b2f8000) (0MB)
2015-02-12T15:37:09.644610-06:00 c0-0c0s2n1 EFI: mem88: type=3, attr=0xf, range=[0x000000000b2f8000-0x000000000b2fc000) (0MB)
2015-02-12T15:37:09.669720-06:00 c0-0c0s2n1 EFI: mem89: type=4, attr=0xf, range=[0x000000000b2fc000-0x000000000b2fd000) (0MB)
2015-02-12T15:37:09.708394-06:00 c0-0c0s2n1 EFI: mem90: type=3, attr=0xf, range=[0x000000000b2fd000-0x000000000b302000) (0MB)
