2015-02-11T17:25:57.385739-06:00 c0-0c2s1n1 ERROR: Type:2; Severity:80; Class:3; Subclass:D; Operation: 2
2015-02-11T17:34:33.079548-06:00 c0-0c2s1n1 Wait4Boot: WRITE: 533 bytes to memory @ 0x90CD0 ... complete
2015-02-11T17:34:33.079556-06:00 c0-0c2s1n1 Wait4Boot: Blade Controller Boot Protocol version - 1
2015-02-11T17:34:33.104453-06:00 c0-0c2s1n1 Wait4Boot: JUMP: KernelStart 0x100000, boot_params 0x90000, CmdLineAddr 0x90CD0
2015-02-11T17:34:33.233693-06:00 c0-0c2s1n1 Decompressing Linux... Parsing ELF... done.
2015-02-11T17:34:33.233773-06:00 c0-0c2s1n1 Booting the kernel.
2015-02-11T17:34:33.258830-06:00 c0-0c2s1n1 Initializing cgroup subsys cpuset
2015-02-11T17:34:33.258950-06:00 c0-0c2s1n1 Initializing cgroup subsys cpu
2015-02-11T17:34:33.284144-06:00 c0-0c2s1n1 Linux version 3.0.101-0.31.1_1.0502.8394-cray_ari_s (abuild@cfosbld05) (gcc version 4.3.4 [gcc-4_3-branch revision 152973] (SUSE Linux) ) #1 SMP Wed Sep 10 04:03:41 UTC 2014
2015-02-11T17:34:33.360053-06:00 c0-0c2s1n1 Command line: earlyprintk=serial,115200 load_ramdisk=1 ramdisk_size=80000 console=ttyS0,115200n8 bootnodeip=10.131.255.254 bootproto=ipog bootpath=/rr/current rootfs=nfs-shared root=/dev/disk/by-id/scsi-3600a09800063789e0000008b54c3a04c-part1 oops=panic bootifnetmask=255.252.0.0 elevator=noop ippob1=10 ippob2=128 pcie_ports=native iommu=on intel_iommu=off bad_page=panic pln_enable=off apei_disable hest_disable erst_disable ghes_disable cgroup_disable=memory active_wlm=ALPS sdbnodeip=10.131.255.253 sessionid=p0-20150211t172524 _cray=marker_ 
2015-02-11T17:34:33.360180-06:00 c0-0c2s1n1 KERNEL supported cpus:
2015-02-11T17:34:33.360248-06:00 c0-0c2s1n1  Intel GenuineIntel
2015-02-11T17:34:33.385005-06:00 c0-0c2s1n1 BIOS-provided physical RAM map:
2015-02-11T17:34:33.385292-06:00 c0-0c2s1n1 BIOS-e820: 0000000000000000 - 00000000000a0000 (usable)
2015-02-11T17:34:33.385569-06:00 c0-0c2s1n1 BIOS-e820: 0000000000100000 - 000000007e67c000 (usable)
2015-02-11T17:34:33.410361-06:00 c0-0c2s1n1 BIOS-e820: 000000007e67c000 - 000000007e790000 (ACPI NVS)
2015-02-11T17:34:33.410508-06:00 c0-0c2s1n1 BIOS-e820: 000000007e790000 - 000000007f395000 (reserved)
2015-02-11T17:34:33.435488-06:00 c0-0c2s1n1 BIOS-e820: 000000007f395000 - 000000007f410000 (ACPI data)
2015-02-11T17:34:33.435624-06:00 c0-0c2s1n1 BIOS-e820: 000000007f410000 - 000000007f491000 (reserved)
2015-02-11T17:34:33.435789-06:00 c0-0c2s1n1 BIOS-e820: 000000007f491000 - 000000007f493000 (usable)
2015-02-11T17:34:33.435997-06:00 c0-0c2s1n1 BIOS-e820: 000000007f493000 - 000000007f494000 (ACPI NVS)
2015-02-11T17:34:33.460943-06:00 c0-0c2s1n1 BIOS-e820: 000000007f494000 - 000000007f49e000 (reserved)
2015-02-11T17:34:33.461244-06:00 c0-0c2s1n1 BIOS-e820: 000000007f49e000 - 000000007f4a6000 (ACPI NVS)
2015-02-11T17:34:33.461429-06:00 c0-0c2s1n1 BIOS-e820: 000000007f4a6000 - 000000007f4d2000 (reserved)
2015-02-11T17:34:33.486154-06:00 c0-0c2s1n1 BIOS-e820: 000000007f4d2000 - 000000007f558000 (ACPI NVS)
2015-02-11T17:34:33.486464-06:00 c0-0c2s1n1 BIOS-e820: 000000007f558000 - 000000007f800000 (usable)
2015-02-11T17:34:33.486771-06:00 c0-0c2s1n1 BIOS-e820: 0000000080000000 - 0000000090000000 (reserved)
2015-02-11T17:34:33.511555-06:00 c0-0c2s1n1 BIOS-e820: 00000000fed1c000 - 00000000fed20000 (reserved)
2015-02-11T17:34:33.511834-06:00 c0-0c2s1n1 BIOS-e820: 00000000ff000000 - 0000000100000000 (reserved)
2015-02-11T17:34:33.512078-06:00 c0-0c2s1n1 BIOS-e820: 0000000100000000 - 0000001080000000 (usable)
2015-02-11T17:34:33.536893-06:00 c0-0c2s1n1 bootconsole [earlyser0] enabled
2015-02-11T17:34:33.537037-06:00 c0-0c2s1n1 NX (Execute Disable) protection: active
2015-02-11T17:34:33.537243-06:00 c0-0c2s1n1 EFI v2.10 by American Megatrends
2015-02-11T17:34:33.537605-06:00 c0-0c2s1n1 ACPI=0x7f395000  ACPI 2.0=0x7f395000  SMBIOS=0xf04c0  MPS=0xfd450 
2015-02-11T17:34:33.562323-06:00 c0-0c2s1n1 EFI: mem00: type=3, attr=0xf, range=[0x0000000000000000-0x0000000000008000) (0MB)
2015-02-11T17:34:33.587158-06:00 c0-0c2s1n1 EFI: mem01: type=7, attr=0xf, range=[0x0000000000008000-0x0000000000060000) (0MB)
2015-02-11T17:34:33.587532-06:00 c0-0c2s1n1 EFI: mem02: type=3, attr=0xf, range=[0x0000000000060000-0x00000000000a0000) (0MB)
2015-02-11T17:34:33.587841-06:00 c0-0c2s1n1 EFI: mem03: type=7, attr=0xf, range=[0x0000000000100000-0x0000000001000000) (15MB)
2015-02-11T17:34:33.612743-06:00 c0-0c2s1n1 EFI: mem04: type=2, attr=0xf, range=[0x0000000001000000-0x0000000001100000) (1MB)
2015-02-11T17:34:33.613081-06:00 c0-0c2s1n1 EFI: mem05: type=4, attr=0xf, range=[0x0000000001100000-0x00000000017ea000) (6MB)
2015-02-11T17:34:33.638082-06:00 c0-0c2s1n1 EFI: mem06: type=3, attr=0xf, range=[0x00000000017ea000-0x00000000017ee000) (0MB)
2015-02-11T17:34:33.638382-06:00 c0-0c2s1n1 EFI: mem07: type=4, attr=0xf, range=[0x00000000017ee000-0x0000000001886000) (0MB)
2015-02-11T17:34:33.663157-06:00 c0-0c2s1n1 EFI: mem08: type=3, attr=0xf, range=[0x0000000001886000-0x000000000188f000) (0MB)
2015-02-11T17:34:33.663407-06:00 c0-0c2s1n1 EFI: mem09: type=4, attr=0xf, range=[0x000000000188f000-0x0000000001892000) (0MB)
2015-02-11T17:34:33.688429-06:00 c0-0c2s1n1 EFI: mem10: type=3, attr=0xf, range=[0x0000000001892000-0x000000000189e000) (0MB)
2015-02-11T17:34:33.688676-06:00 c0-0c2s1n1 EFI: mem11: type=4, attr=0xf, range=[0x000000000189e000-0x00000000018a9000) (0MB)
2015-02-11T17:34:33.713601-06:00 c0-0c2s1n1 EFI: mem12: type=3, attr=0xf, range=[0x00000000018a9000-0x00000000018ab000) (0MB)
2015-02-11T17:34:33.713833-06:00 c0-0c2s1n1 EFI: mem13: type=4, attr=0xf, range=[0x00000000018ab000-0x00000000018ad000) (0MB)
2015-02-11T17:34:33.738991-06:00 c0-0c2s1n1 EFI: mem14: type=3, attr=0xf, range=[0x00000000018ad000-0x00000000018af000) (0MB)
2015-02-11T17:34:33.763947-06:00 c0-0c2s1n1 EFI: mem15: type=4, attr=0xf, range=[0x00000000018af000-0x00000000018b7000) (0MB)
2015-02-11T17:34:33.764256-06:00 c0-0c2s1n1 EFI: mem16: type=3, attr=0xf, range=[0x00000000018b7000-0x00000000018bb000) (0MB)
2015-02-11T17:34:33.764505-06:00 c0-0c2s1n1 EFI: mem17: type=4, attr=0xf, range=[0x00000000018bb000-0x00000000018bd000) (0MB)
2015-02-11T17:34:33.789530-06:00 c0-0c2s1n1 EFI: mem18: type=3, attr=0xf, range=[0x00000000018bd000-0x00000000018bf000) (0MB)
2015-02-11T17:34:33.789746-06:00 c0-0c2s1n1 EFI: mem19: type=4, attr=0xf, range=[0x00000000018bf000-0x00000000018d1000) (0MB)
2015-02-11T17:34:33.814595-06:00 c0-0c2s1n1 EFI: mem20: type=3, attr=0xf, range=[0x00000000018d1000-0x00000000018d7000) (0MB)
2015-02-11T17:34:33.814880-06:00 c0-0c2s1n1 EFI: mem21: type=4, attr=0xf, range=[0x00000000018d7000-0x00000000018f9000) (0MB)
2015-02-11T17:34:33.840023-06:00 c0-0c2s1n1 EFI: mem22: type=3, attr=0xf, range=[0x00000000018f9000-0x0000000001908000) (0MB)
2015-02-11T17:34:33.864962-06:00 c0-0c2s1n1 EFI: mem23: type=4, attr=0xf, range=[0x0000000001908000-0x0000000001921000) (0MB)
2015-02-11T17:34:33.865296-06:00 c0-0c2s1n1 EFI: mem24: type=3, attr=0xf, range=[0x0000000001921000-0x000000000192b000) (0MB)
2015-02-11T17:34:33.865522-06:00 c0-0c2s1n1 EFI: mem25: type=4, attr=0xf, range=[0x000000000192b000-0x0000000001933000) (0MB)
2015-02-11T17:34:33.890350-06:00 c0-0c2s1n1 EFI: mem26: type=3, attr=0xf, range=[0x0000000001933000-0x0000000001936000) (0MB)
2015-02-11T17:34:33.915508-06:00 c0-0c2s1n1 EFI: mem27: type=4, attr=0xf, range=[0x0000000001936000-0x0000000001964000) (0MB)
2015-02-11T17:34:33.915726-06:00 c0-0c2s1n1 EFI: mem28: type=3, attr=0xf, range=[0x0000000001964000-0x0000000001968000) (0MB)
2015-02-11T17:34:33.915959-06:00 c0-0c2s1n1 EFI: mem29: type=4, attr=0xf, range=[0x0000000001968000-0x0000000001987000) (0MB)
2015-02-11T17:34:33.940904-06:00 c0-0c2s1n1 EFI: mem30: type=3, attr=0xf, range=[0x0000000001987000-0x00000000019b0000) (0MB)
2015-02-11T17:34:33.941177-06:00 c0-0c2s1n1 EFI: mem31: type=4, attr=0xf, range=[0x00000000019b0000-0x00000000019ba000) (0MB)
2015-02-11T17:34:33.966106-06:00 c0-0c2s1n1 EFI: mem32: type=3, attr=0xf, range=[0x00000000019ba000-0x00000000019bd000) (0MB)
2015-02-11T17:34:33.966348-06:00 c0-0c2s1n1 EFI: mem33: type=4, attr=0xf, range=[0x00000000019bd000-0x00000000019be000) (0MB)
2015-02-11T17:34:33.991382-06:00 c0-0c2s1n1 EFI: mem34: type=3, attr=0xf, range=[0x00000000019be000-0x00000000019d0000) (0MB)
2015-02-11T17:34:33.991620-06:00 c0-0c2s1n1 EFI: mem35: type=4, attr=0xf, range=[0x00000000019d0000-0x00000000019d3000) (0MB)
2015-02-11T17:34:34.016674-06:00 c0-0c2s1n1 EFI: mem36: type=3, attr=0xf, range=[0x00000000019d3000-0x00000000019d5000) (0MB)
2015-02-11T17:34:34.016917-06:00 c0-0c2s1n1 EFI: mem37: type=4, attr=0xf, range=[0x00000000019d5000-0x00000000019e1000) (0MB)
2015-02-11T17:34:34.041924-06:00 c0-0c2s1n1 EFI: mem38: type=3, attr=0xf, range=[0x00000000019e1000-0x00000000019e5000) (0MB)
2015-02-11T17:34:34.042179-06:00 c0-0c2s1n1 EFI: mem39: type=4, attr=0xf, range=[0x00000000019e5000-0x0000000001a02000) (0MB)
2015-02-11T17:34:34.067218-06:00 c0-0c2s1n1 EFI: mem40: type=3, attr=0xf, range=[0x0000000001a02000-0x0000000001a06000) (0MB)
2015-02-11T17:34:34.067456-06:00 c0-0c2s1n1 EFI: mem41: type=4, attr=0xf, range=[0x0000000001a06000-0x0000000001a0a000) (0MB)
2015-02-11T17:34:34.092385-06:00 c0-0c2s1n1 EFI: mem42: type=3, attr=0xf, range=[0x0000000001a0a000-0x0000000001a1e000) (0MB)
2015-02-11T17:34:34.092628-06:00 c0-0c2s1n1 EFI: mem43: type=4, attr=0xf, range=[0x0000000001a1e000-0x0000000001a22000) (0MB)
2015-02-11T17:34:34.117660-06:00 c0-0c2s1n1 EFI: mem44: type=3, attr=0xf, range=[0x0000000001a22000-0x0000000001a26000) (0MB)
2015-02-11T17:34:34.142621-06:00 c0-0c2s1n1 EFI: mem45: type=4, attr=0xf, range=[0x0000000001a26000-0x0000000001a34000) (0MB)
2015-02-11T17:34:34.142954-06:00 c0-0c2s1n1 EFI: mem46: type=3, attr=0xf, range=[0x0000000001a34000-0x0000000001a3b000) (0MB)
2015-02-11T17:34:34.143175-06:00 c0-0c2s1n1 EFI: mem47: type=4, attr=0xf, range=[0x0000000001a3b000-0x0000000001a42000) (0MB)
2015-02-11T17:34:34.168168-06:00 c0-0c2s1n1 EFI: mem48: type=3, attr=0xf, range=[0x0000000001a42000-0x0000000001a4a000) (0MB)
2015-02-11T17:34:34.168423-06:00 c0-0c2s1n1 EFI: mem49: type=4, attr=0xf, range=[0x0000000001a4a000-0x0000000001a4b000) (0MB)
2015-02-11T17:34:34.193411-06:00 c0-0c2s1n1 EFI: mem50: type=3, attr=0xf, range=[0x0000000001a4b000-0x0000000001a4d000) (0MB)
2015-02-11T17:34:34.193657-06:00 c0-0c2s1n1 EFI: mem51: type=4, attr=0xf, range=[0x0000000001a4d000-0x0000000001a52000) (0MB)
2015-02-11T17:34:34.218624-06:00 c0-0c2s1n1 EFI: mem52: type=3, attr=0xf, range=[0x0000000001a52000-0x0000000001a69000) (0MB)
2015-02-11T17:34:34.218870-06:00 c0-0c2s1n1 EFI: mem53: type=4, attr=0xf, range=[0x0000000001a69000-0x0000000001a6f000) (0MB)
2015-02-11T17:34:34.256336-06:00 c0-0c2s1n1 EFI: mem54: type=3, attr=0xf, range=[0x0000000001a6f000-0x0000000001a70000) (0MB)
2015-02-11T17:34:34.256528-06:00 c0-0c2s1n1 EFI: mem55: type=4, attr=0xf, range=[0x0000000001a70000-0x0000000001a71000) (0MB)
2015-02-11T17:34:34.300310-06:00 c0-0c2s1n1 EFI: mem56: type=3, attr=0xf, range=[0x0000000001a71000-0x0000000001a79000) (0MB)
2015-02-11T17:34:34.300512-06:00 c0-0c2s1n1 EFI: mem57: type=4, attr=0xf, range=[0x0000000001a79000-0x0000000001a7a000) (0MB)
2015-02-11T17:34:34.300706-06:00 c0-0c2s1n1 EFI: mem58: type=3, attr=0xf, range=[0x0000000001a7a000-0x0000000001a83000) (0MB)
2015-02-11T17:34:34.300890-06:00 c0-0c2s1n1 EFI: mem59: type=4, attr=0xf, range=[0x0000000001a83000-0x0000000001a85000) (0MB)
2015-02-11T17:34:34.336249-06:00 c0-0c2s1n1 EFI: mem60: type=3, attr=0xf, range=[0x0000000001a85000-0x0000000001abe000) (0MB)
2015-02-11T17:34:34.336465-06:00 c0-0c2s1n1 EFI: mem61: type=4, attr=0xf, range=[0x0000000001abe000-0x0000000001abf000) (0MB)
2015-02-11T17:34:34.344907-06:00 c0-0c2s1n1 EFI: mem62: type=3, attr=0xf, range=[0x0000000001abf000-0x0000000001acc000) (0MB)
2015-02-11T17:34:34.345153-06:00 c0-0c2s1n1 EFI: mem63: type=4, attr=0xf, range=[0x0000000001acc000-0x0000000001ad7000) (0MB)
2015-02-11T17:34:34.370199-06:00 c0-0c2s1n1 EFI: mem64: type=3, attr=0xf, range=[0x0000000001ad7000-0x0000000001adc000) (0MB)
2015-02-11T17:34:34.395261-06:00 c0-0c2s1n1 EFI: mem65: type=4, attr=0xf, range=[0x0000000001adc000-0x0000000001b60000) (0MB)
2015-02-11T17:34:34.395531-06:00 c0-0c2s1n1 EFI: mem66: type=3, attr=0xf, range=[0x0000000001b60000-0x0000000001b7c000) (0MB)
2015-02-11T17:34:34.420431-06:00 c0-0c2s1n1 EFI: mem67: type=4, attr=0xf, range=[0x0000000001b7c000-0x0000000001b84000) (0MB)
2015-02-11T17:34:34.420770-06:00 c0-0c2s1n1 EFI: mem68: type=3, attr=0xf, range=[0x0000000001b84000-0x0000000001b9c000) (0MB)
2015-02-11T17:34:34.445721-06:00 c0-0c2s1n1 EFI: mem69: type=4, attr=0xf, range=[0x0000000001b9c000-0x000000000b210000) (150MB)
2015-02-11T17:34:34.446003-06:00 c0-0c2s1n1 EFI: mem70: type=3, attr=0xf, range=[0x000000000b210000-0x000000000b216000) (0MB)
2015-02-11T17:34:34.446211-06:00 c0-0c2s1n1 EFI: mem71: type=4, attr=0xf, range=[0x000000000b216000-0x000000000b21f000) (0MB)
2015-02-11T17:34:34.471161-06:00 c0-0c2s1n1 EFI: mem72: type=3, attr=0xf, range=[0x000000000b21f000-0x000000000b235000) (0MB)
2015-02-11T17:34:34.471370-06:00 c0-0c2s1n1 EFI: mem73: type=4, attr=0xf, range=[0x000000000b235000-0x000000000b23b000) (0MB)
2015-02-11T17:34:34.496404-06:00 c0-0c2s1n1 EFI: mem74: type=3, attr=0xf, range=[0x000000000b23b000-0x000000000b23e000) (0MB)
2015-02-11T17:34:34.496666-06:00 c0-0c2s1n1 EFI: mem75: type=4, attr=0xf, range=[0x000000000b23e000-0x000000000b242000) (0MB)
2015-02-11T17:34:34.521655-06:00 c0-0c2s1n1 EFI: mem76: type=3, attr=0xf, range=[0x000000000b242000-0x000000000b249000) (0MB)
2015-02-11T17:34:34.521910-06:00 c0-0c2s1n1 EFI: mem77: type=4, attr=0xf, range=[0x000000000b249000-0x000000000b24c000) (0MB)
2015-02-11T17:34:34.546951-06:00 c0-0c2s1n1 EFI: mem78: type=3, attr=0xf, range=[0x000000000b24c000-0x000000000b254000) (0MB)
2015-02-11T17:34:34.547238-06:00 c0-0c2s1n1 EFI: mem79: type=4, attr=0xf, range=[0x000000000b254000-0x000000000b27a000) (0MB)
2015-02-11T17:34:34.572152-06:00 c0-0c2s1n1 EFI: mem80: type=3, attr=0xf, range=[0x000000000b27a000-0x000000000b27e000) (0MB)
2015-02-11T17:34:34.572419-06:00 c0-0c2s1n1 EFI: mem81: type=4, attr=0xf, range=[0x000000000b27e000-0x000000000b282000) (0MB)
2015-02-11T17:34:34.597385-06:00 c0-0c2s1n1 EFI: mem82: type=3, attr=0xf, range=[0x000000000b282000-0x000000000b286000) (0MB)
2015-02-11T17:34:34.597669-06:00 c0-0c2s1n1 EFI: mem83: type=4, attr=0xf, range=[0x000000000b286000-0x000000000b290000) (0MB)
2015-02-11T17:34:34.622666-06:00 c0-0c2s1n1 EFI: mem84: type=3, attr=0xf, range=[0x000000000b290000-0x000000000b2d3000) (0MB)
2015-02-11T17:34:34.622925-06:00 c0-0c2s1n1 EFI: mem85: type=4, attr=0xf, range=[0x000000000b2d3000-0x000000000b2df000) (0MB)
2015-02-11T17:34:34.647882-06:00 c0-0c2s1n1 EFI: mem86: type=3, attr=0xf, range=[0x000000000b2df000-0x000000000b2e9000) (0MB)
2015-02-11T17:34:34.648169-06:00 c0-0c2s1n1 EFI: mem87: type=4, attr=0xf, range=[0x000000000b2e9000-0x000000000b2f8000) (0MB)
2015-02-11T17:34:34.673097-06:00 c0-0c2s1n1 EFI: mem88: type=3, attr=0xf, range=[0x000000000b2f8000-0x000000000b2fc000) (0MB)
2015-02-11T17:34:34.673369-06:00 c0-0c2s1n1 EFI: mem89: type=4, attr=0xf, range=[0x000000000b2fc000-0x000000000b2fd000) (0MB)
2015-02-11T17:34:34.698314-06:00 c0-0c2s1n1 EFI: mem90: type=3, attr=0xf, range=[0x000000000b2fd000-0x000000000b302000) (0MB)
2015-02-11T17:34:34.698635-06:00 c0-0c2s1n1 EFI: mem91: type=4, attr=0xf, range=[0x000000000b302000-0x000000000b30b000) (0MB)
2015-02-11T17:34:34.723727-06:00 c0-0c2s1n1 EFI: mem92: type=3, attr=0xf, range=[0x000000000b30b000-0x000000000b343000) (0MB)
2015-02-11T17:34:34.723999-06:00 c0-0c2s1n1 EFI: mem93: type=4, attr=0xf, range=[0x000000000b343000-0x000000000b34a000) (0MB)
2015-02-11T17:34:34.748985-06:00 c0-0c2s1n1 EFI: mem94: type=3, attr=0xf, range=[0x000000000b34a000-0x000000000b351000) (0MB)
2015-02-11T17:34:34.749224-06:00 c0-0c2s1n1 EFI: mem95: type=4, attr=0xf, range=[0x000000000b351000-0x000000000b359000) (0MB)
2015-02-11T17:34:34.774253-06:00 c0-0c2s1n1 EFI: mem96: type=3, attr=0xf, range=[0x000000000b359000-0x000000000b35d000) (0MB)
2015-02-11T17:34:34.774505-06:00 c0-0c2s1n1 EFI: mem97: type=4, attr=0xf, range=[0x000000000b35d000-0x000000000b361000) (0MB)
2015-02-11T17:34:34.799523-06:00 c0-0c2s1n1 EFI: mem98: type=3, attr=0xf, range=[0x000000000b361000-0x000000000b369000) (0MB)
2015-02-11T17:34:34.799792-06:00 c0-0c2s1n1 EFI: mem99: type=4, attr=0xf, range=[0x000000000b369000-0x000000000b383000) (0MB)
2015-02-11T17:34:34.824791-06:00 c0-0c2s1n1 EFI: mem100: type=3, attr=0xf, range=[0x000000000b383000-0x000000000b389000) (0MB)
2015-02-11T17:34:34.825092-06:00 c0-0c2s1n1 EFI: mem101: type=4, attr=0xf, range=[0x000000000b389000-0x000000000b3ab000) (0MB)
2015-02-11T17:34:34.850080-06:00 c0-0c2s1n1 EFI: mem102: type=3, attr=0xf, range=[0x000000000b3ab000-0x000000000b3b2000) (0MB)
2015-02-11T17:34:34.850339-06:00 c0-0c2s1n1 EFI: mem103: type=4, attr=0xf, range=[0x000000000b3b2000-0x000000000b3b6000) (0MB)
2015-02-11T17:34:34.875306-06:00 c0-0c2s1n1 EFI: mem104: type=3, attr=0xf, range=[0x000000000b3b6000-0x000000000b3c8000) (0MB)
2015-02-11T17:34:34.875555-06:00 c0-0c2s1n1 EFI: mem105: type=4, attr=0xf, range=[0x000000000b3c8000-0x000000000b3cb000) (0MB)
2015-02-11T17:34:34.900535-06:00 c0-0c2s1n1 EFI: mem106: type=3, attr=0xf, range=[0x000000000b3cb000-0x000000000b3d6000) (0MB)
2015-02-11T17:34:34.900821-06:00 c0-0c2s1n1 EFI: mem107: type=4, attr=0xf, range=[0x000000000b3d6000-0x000000000b45b000) (0MB)
2015-02-11T17:34:34.925818-06:00 c0-0c2s1n1 EFI: mem108: type=3, attr=0xf, range=[0x000000000b45b000-0x000000000b45e000) (0MB)
2015-02-11T17:34:34.926063-06:00 c0-0c2s1n1 EFI: mem109: type=4, attr=0xf, range=[0x000000000b45e000-0x000000000b474000) (0MB)
2015-02-11T17:34:34.951149-06:00 c0-0c2s1n1 EFI: mem110: type=3, attr=0xf, range=[0x000000000b474000-0x000000000b47b000) (0MB)
2015-02-11T17:34:34.951419-06:00 c0-0c2s1n1 EFI: mem111: type=4, attr=0xf, range=[0x000000000b47b000-0x000000000b48a000) (0MB)
2015-02-11T17:34:34.976357-06:00 c0-0c2s1n1 EFI: mem112: type=3, attr=0xf, range=[0x000000000b48a000-0x000000000b48e000) (0MB)
2015-02-11T17:34:34.976592-06:00 c0-0c2s1n1 EFI: mem113: type=4, attr=0xf, range=[0x000000000b48e000-0x000000000b4b0000) (0MB)
2015-02-11T17:34:35.001562-06:00 c0-0c2s1n1 EFI: mem114: type=3, attr=0xf, range=[0x000000000b4b0000-0x000000000b4b5000) (0MB)
2015-02-11T17:34:35.001801-06:00 c0-0c2s1n1 EFI: mem115: type=4, attr=0xf, range=[0x000000000b4b5000-0x000000000b4c9000) (0MB)
2015-02-11T17:34:35.026719-06:00 c0-0c2s1n1 EFI: mem116: type=7, attr=0xf, range=[0x000000000b4c9000-0x000000000b4ca000) (0MB)
2015-02-11T17:34:35.026984-06:00 c0-0c2s1n1 EFI: mem117: type=4, attr=0xf, range=[0x000000000b4ca000-0x000000000b53d000) (0MB)
2015-02-11T17:34:35.052020-06:00 c0-0c2s1n1 EFI: mem118: type=3, attr=0xf, range=[0x000000000b53d000-0x000000000b551000) (0MB)
2015-02-11T17:34:35.052262-06:00 c0-0c2s1n1 EFI: mem119: type=4, attr=0xf, range=[0x000000000b551000-0x000000000b5ae000) (0MB)
2015-02-11T17:34:35.077270-06:00 c0-0c2s1n1 EFI: mem120: type=3, attr=0xf, range=[0x000000000b5ae000-0x000000000b5b7000) (0MB)
2015-02-11T17:34:35.077523-06:00 c0-0c2s1n1 EFI: mem121: type=4, attr=0xf, range=[0x000000000b5b7000-0x000000000b5b8000) (0MB)
2015-02-11T17:34:35.102412-06:00 c0-0c2s1n1 EFI: mem122: type=2, attr=0xf, range=[0x000000000b5b8000-0x000000000b5ba000) (0MB)
2015-02-11T17:34:35.102685-06:00 c0-0c2s1n1 EFI: mem123: type=7, attr=0xf, range=[0x000000000b5ba000-0x000000000b5bc000) (0MB)
2015-02-11T17:34:35.127732-06:00 c0-0c2s1n1 EFI: mem124: type=4, attr=0xf, range=[0x000000000b5bc000-0x000000000b5c6000) (0MB)
2015-02-11T17:34:35.128038-06:00 c0-0c2s1n1 EFI: mem125: type=7, attr=0xf, range=[0x000000000b5c6000-0x000000000b5cc000) (0MB)
2015-02-11T17:34:35.152985-06:00 c0-0c2s1n1 EFI: mem126: type=4, attr=0xf, range=[0x000000000b5cc000-0x000000000b7e0000) (2MB)
2015-02-11T17:34:35.153239-06:00 c0-0c2s1n1 EFI: mem127: type=7, attr=0xf, range=[0x000000000b7e0000-0x000000000b7ee000) (0MB)
2015-02-11T17:34:35.178305-06:00 c0-0c2s1n1 EFI: mem128: type=1, attr=0xf, range=[0x000000000b7ee000-0x000000000b7ff000) (0MB)
2015-02-11T17:34:35.178563-06:00 c0-0c2s1n1 EFI: mem129: type=7, attr=0xf, range=[0x000000000b7ff000-0x000000007e67c000) (1838MB)
2015-02-11T17:34:35.203513-06:00 c0-0c2s1n1 EFI: mem130: type=10, attr=0xf, range=[0x000000007e67c000-0x000000007e790000) (1MB)
2015-02-11T17:34:35.203775-06:00 c0-0c2s1n1 EFI: mem131: type=0, attr=0xf, range=[0x000000007e790000-0x000000007e792000) (0MB)
2015-02-11T17:34:35.228826-06:00 c0-0c2s1n1 EFI: mem132: type=6, attr=0x800000000000000f, range=[0x000000007e792000-0x000000007f395000) (12MB)
2015-02-11T17:34:35.229103-06:00 c0-0c2s1n1 EFI: mem133: type=9, attr=0xf, range=[0x000000007f395000-0x000000007f410000) (0MB)
2015-02-11T17:34:35.254152-06:00 c0-0c2s1n1 EFI: mem134: type=5, attr=0x800000000000000f, range=[0x000000007f410000-0x000000007f41a000) (0MB)
2015-02-11T17:34:35.292195-06:00 c0-0c2s1n1 EFI: mem135: type=0, attr=0xf, range=[0x000000007f41a000-0x000000007f41c000) (0MB)
2015-02-11T17:34:35.292411-06:00 c0-0c2s1n1 EFI: mem136: type=6, attr=0x800000000000000f, range=[0x000000007f41c000-0x000000007f42d000) (0MB)
2015-02-11T17:34:35.336252-06:00 c0-0c2s1n1 EFI: mem137: type=0, attr=0xf, range=[0x000000007f42d000-0x000000007f43d000) (0MB)
2015-02-11T17:34:35.336496-06:00 c0-0c2s1n1 EFI: mem138: type=6, attr=0x800000000000000f, range=[0x000000007f43d000-0x000000007f45e000) (0MB)
2015-02-11T17:34:35.336743-06:00 c0-0c2s1n1 EFI: mem139: type=5, attr=0x800000000000000f, range=[0x000000007f45e000-0x000000007f462000) (0MB)
2015-02-11T17:34:35.336924-06:00 c0-0c2s1n1 EFI: mem140: type=0, attr=0xf, range=[0x000000007f462000-0x000000007f46b000) (0MB)
2015-02-11T17:34:35.372288-06:00 c0-0c2s1n1 EFI: mem141: type=5, attr=0x800000000000000f, range=[0x000000007f46b000-0x000000007f46d000) (0MB)
2015-02-11T17:34:35.372440-06:00 c0-0c2s1n1 EFI: mem142: type=0, attr=0xf, range=[0x000000007f46d000-0x000000007f471000) (0MB)
2015-02-11T17:34:35.380202-06:00 c0-0c2s1n1 EFI: mem143: type=5, attr=0x800000000000000f, range=[0x000000007f471000-0x000000007f472000) (0MB)
2015-02-11T17:34:35.405554-06:00 c0-0c2s1n1 EFI: mem144: type=6, attr=0x800000000000000f, range=[0x000000007f472000-0x000000007f473000) (0MB)
2015-02-11T17:34:35.405798-06:00 c0-0c2s1n1 EFI: mem145: type=5, attr=0x800000000000000f, range=[0x000000007f473000-0x000000007f476000) (0MB)
2015-02-11T17:34:35.430712-06:00 c0-0c2s1n1 EFI: mem146: type=0, attr=0xf, range=[0x000000007f476000-0x000000007f486000) (0MB)
2015-02-11T17:34:35.468096-06:00 c0-0c2s1n1 EFI: mem147: type=5, attr=0x800000000000000f, range=[0x000000007f486000-0x000000007f491000) (0MB)
2015-02-11T17:34:35.468317-06:00 c0-0c2s1n1 EFI: mem148: type=7, attr=0xf, range=[0x000000007f491000-0x000000007f493000) (0MB)
2015-02-11T17:34:35.468481-06:00 c0-0c2s1n1 EFI: mem149: type=10, attr=0xf, range=[0x000000007f493000-0x000000007f494000) (0MB)
2015-02-11T17:34:35.508234-06:00 c0-0c2s1n1 EFI: mem150: type=6, attr=0x800000000000000f, range=[0x000000007f494000-0x000000007f49b000) (0MB)
2015-02-11T17:34:35.508493-06:00 c0-0c2s1n1 EFI: mem151: type=5, attr=0x800000000000000f, range=[0x000000007f49b000-0x000000007f49e000) (0MB)
2015-02-11T17:34:35.508663-06:00 c0-0c2s1n1 EFI: mem152: type=10, attr=0xf, range=[0x000000007f49e000-0x000000007f4a6000) (0MB)
2015-02-11T17:34:35.548204-06:00 c0-0c2s1n1 EFI: mem153: type=6, attr=0x800000000000000f, range=[0x000000007f4a6000-0x000000007f4a7000) (0MB)
2015-02-11T17:34:35.548430-06:00 c0-0c2s1n1 EFI: mem154: type=5, attr=0x800000000000000f, range=[0x000000007f4a7000-0x000000007f4ab000) (0MB)
2015-02-11T17:34:35.556852-06:00 c0-0c2s1n1 EFI: mem155: type=6, attr=0x800000000000000f, range=[0x000000007f4ab000-0x000000007f4bd000) (0MB)
2015-02-11T17:34:35.557137-06:00 c0-0c2s1n1 EFI: mem156: type=5, attr=0x800000000000000f, range=[0x000000007f4bd000-0x000000007f4cf000) (0MB)
2015-02-11T17:34:35.582258-06:00 c0-0c2s1n1 EFI: mem157: type=6, attr=0x800000000000000f, range=[0x000000007f4cf000-0x000000007f4d2000) (0MB)
2015-02-11T17:34:35.607217-06:00 c0-0c2s1n1 EFI: mem158: type=10, attr=0xf, range=[0x000000007f4d2000-0x000000007f558000) (0MB)
2015-02-11T17:34:35.607531-06:00 c0-0c2s1n1 EFI: mem159: type=3, attr=0xf, range=[0x000000007f558000-0x000000007f7e0000) (2MB)
2015-02-11T17:34:35.607726-06:00 c0-0c2s1n1 EFI: mem160: type=4, attr=0xf, range=[0x000000007f7e0000-0x000000007f7ef000) (0MB)
2015-02-11T17:34:35.632671-06:00 c0-0c2s1n1 EFI: mem161: type=3, attr=0xf, range=[0x000000007f7ef000-0x000000007f800000) (0MB)
2015-02-11T17:34:35.657855-06:00 c0-0c2s1n1 EFI: mem162: type=7, attr=0xf, range=[0x0000000100000000-0x0000001080000000) (63488MB)
2015-02-11T17:34:35.658133-06:00 c0-0c2s1n1 EFI: mem163: type=11, attr=0x8000000000000001, range=[0x0000000080000000-0x0000000090000000) (256MB)
2015-02-11T17:34:35.683182-06:00 c0-0c2s1n1 EFI: mem164: type=11, attr=0x8000000000000001, range=[0x00000000fed1c000-0x00000000fed20000) (0MB)
2015-02-11T17:34:35.683504-06:00 c0-0c2s1n1 EFI: mem165: type=11, attr=0x8000000000000001, range=[0x00000000ff000000-0x0000000100000000) (16MB)
2015-02-11T17:34:35.683569-06:00 c0-0c2s1n1 DMI 2.7 present.
2015-02-11T17:34:35.708477-06:00 c0-0c2s1n1 last_pfn = 0x1080000 max_arch_pfn = 0x400000000
2015-02-11T17:34:35.733471-06:00 c0-0c2s1n1 x86 PAT enabled: cpu 0, old 0x7040600070406, new 0x7010600070106
2015-02-11T17:34:35.733750-06:00 c0-0c2s1n1 last_pfn = 0x7f800 max_arch_pfn = 0x400000000
2015-02-11T17:34:35.733909-06:00 c0-0c2s1n1 found SMP MP-table at [ffff8800000fd830] fd830
2015-02-11T17:34:35.734044-06:00 c0-0c2s1n1 Using GB pages for direct mapping
2015-02-11T17:34:35.758791-06:00 c0-0c2s1n1 init_memory_mapping: 0000000000000000-000000007f800000
2015-02-11T17:34:35.759010-06:00 c0-0c2s1n1 init_memory_mapping: 0000000100000000-0000001080000000
2015-02-11T17:34:35.759101-06:00 c0-0c2s1n1 nmi ring buffer: 262144
2015-02-11T17:34:35.759274-06:00 c0-0c2s1n1 RAMDISK: 0fa00000 - 10610000
2015-02-11T17:34:35.783959-06:00 c0-0c2s1n1 ACPI: RSDP 000000007f395000 00024 (v02 ALASKA)
2015-02-11T17:34:35.784320-06:00 c0-0c2s1n1 ACPI: XSDT 000000007f395088 0008C (v01 ALASKA    A M I 01072009 AMI  00010013)
2015-02-11T17:34:35.809331-06:00 c0-0c2s1n1 ACPI: FACP 000000007f39ee50 000F4 (v04 ALASKA    A M I 01072009 AMI  00010013)
2015-02-11T17:34:35.809648-06:00 c0-0c2s1n1 ACPI: DSDT 000000007f3951a0 09CAD (v02 ALASKA    A M I 00000016 INTL 20051117)
2015-02-11T17:34:35.809850-06:00 c0-0c2s1n1 ACPI: FACS 000000007f4a3f80 00040
2015-02-11T17:34:35.834780-06:00 c0-0c2s1n1 ACPI: APIC 000000007f39ef48 00138 (v03 ALASKA    A M I 01072009 AMI  00010013)
2015-02-11T17:34:35.835073-06:00 c0-0c2s1n1 ACPI: FPDT 000000007f39f080 00044 (v01 ALASKA    A M I 01072009 AMI  00010013)
2015-02-11T17:34:35.859921-06:00 c0-0c2s1n1 ACPI: MCFG 000000007f39f0c8 0003C (v01 ALASKA OEMMCFG. 01072009 MSFT 00000097)
2015-02-11T17:34:35.860255-06:00 c0-0c2s1n1 ACPI: HPET 000000007f39f108 00038 (v01 ALASKA    A M I 01072009 AMI. 00000004)
2015-02-11T17:34:35.885119-06:00 c0-0c2s1n1 ACPI: PRAD 000000007f39f140 000BE (v02 PRADID  PRADTID 00000001 MSFT 03000001)
2015-02-11T17:34:35.885453-06:00 c0-0c2s1n1 ACPI: SSDT 000000007f39f200 70104 (v02  INTEL    CpuPm 00004000 INTL 20051117)
2015-02-11T17:34:35.910367-06:00 c0-0c2s1n1 ACPI: SPCR 000000007f40f308 00050 (v01  A M I   APTIO4 01072009 AMI. 00000004)
2015-02-11T17:34:35.910723-06:00 c0-0c2s1n1 ACPI: EINJ 000000007f40f358 00130 (v01    AMI AMI EINJ 00000000      00000000)
2015-02-11T17:34:35.935559-06:00 c0-0c2s1n1 ACPI: ERST 000000007f40f488 00230 (v01  AMIER AMI ERST 00000000      00000000)
2015-02-11T17:34:35.935881-06:00 c0-0c2s1n1 ACPI: HEST 000000007f40f6b8 000A8 (v01    AMI AMI HEST 00000000      00000000)
2015-02-11T17:34:35.936247-06:00 c0-0c2s1n1 ACPI: BERT 000000007f40f760 00030 (v01    AMI AMI BERT 00000000      00000000)
2015-02-11T17:34:35.961084-06:00 c0-0c2s1n1 ACPI: DMAR 000000007f40f790 000BC (v01 A M I   OEMDMAR 00000001 INTL 00000001)
2015-02-11T17:34:35.961204-06:00 c0-0c2s1n1 No NUMA configuration found
2015-02-11T17:34:35.986135-06:00 c0-0c2s1n1 Faking a node at 0000000000000000-0000001080000000
2015-02-11T17:34:35.986336-06:00 c0-0c2s1n1 Initmem setup node 0 0000000000000000-0000001080000000
2015-02-11T17:34:35.986529-06:00 c0-0c2s1n1  NODE_DATA [000000107ffbb000 - 000000107ffbffff]
2015-02-11T17:34:36.213306-06:00 c0-0c2s1n1 Zone PFN ranges:
2015-02-11T17:34:36.213352-06:00 c0-0c2s1n1  DMA      0x00000010 -> 0x00001000
2015-02-11T17:34:36.213404-06:00 c0-0c2s1n1  DMA32    0x00001000 -> 0x00100000
2015-02-11T17:34:36.213446-06:00 c0-0c2s1n1  Normal   0x00100000 -> 0x01080000
2015-02-11T17:34:36.213509-06:00 c0-0c2s1n1 Movable zone start PFN for each node
2015-02-11T17:34:36.213587-06:00 c0-0c2s1n1 early_node_map[5] active PFN ranges
2015-02-11T17:34:36.238417-06:00 c0-0c2s1n1    0: 0x00000010 -> 0x000000a0
2015-02-11T17:34:36.238531-06:00 c0-0c2s1n1    0: 0x00000100 -> 0x0007e67c
2015-02-11T17:34:36.238606-06:00 c0-0c2s1n1    0: 0x0007f491 -> 0x0007f493
2015-02-11T17:34:36.238664-06:00 c0-0c2s1n1    0: 0x0007f558 -> 0x0007f800
2015-02-11T17:34:36.238709-06:00 c0-0c2s1n1    0: 0x00100000 -> 0x01080000
2015-02-11T17:34:36.893445-06:00 c0-0c2s1n1 ACPI: LAPIC (acpi_id[0x00] lapic_id[0x00] enabled)
2015-02-11T17:34:36.893498-06:00 c0-0c2s1n1 ACPI: LAPIC (acpi_id[0x02] lapic_id[0x02] enabled)
2015-02-11T17:34:36.893580-06:00 c0-0c2s1n1 ACPI: LAPIC (acpi_id[0x04] lapic_id[0x04] enabled)
2015-02-11T17:34:36.893626-06:00 c0-0c2s1n1 ACPI: LAPIC (acpi_id[0x06] lapic_id[0x06] enabled)
2015-02-11T17:34:36.893686-06:00 c0-0c2s1n1 ACPI: LAPIC (acpi_id[0x08] lapic_id[0x08] enabled)
2015-02-11T17:34:36.918658-06:00 c0-0c2s1n1 ACPI: LAPIC (acpi_id[0x0a] lapic_id[0x0a] enabled)
2015-02-11T17:34:36.918778-06:00 c0-0c2s1n1 ACPI: LAPIC (acpi_id[0x0c] lapic_id[0x0c] enabled)
2015-02-11T17:34:36.943829-06:00 c0-0c2s1n1 ACPI: LAPIC (acpi_id[0x0e] lapic_id[0x0e] enabled)
2015-02-11T17:34:36.943952-06:00 c0-0c2s1n1 ACPI: LAPIC (acpi_id[0x01] lapic_id[0x01] enabled)
2015-02-11T17:34:36.944040-06:00 c0-0c2s1n1 ACPI: LAPIC (acpi_id[0x03] lapic_id[0x03] enabled)
2015-02-11T17:34:36.969188-06:00 c0-0c2s1n1 ACPI: LAPIC (acpi_id[0x05] lapic_id[0x05] enabled)
2015-02-11T17:34:36.969300-06:00 c0-0c2s1n1 ACPI: LAPIC (acpi_id[0x07] lapic_id[0x07] enabled)
2015-02-11T17:34:36.969433-06:00 c0-0c2s1n1 ACPI: LAPIC (acpi_id[0x09] lapic_id[0x09] enabled)
2015-02-11T17:34:36.969537-06:00 c0-0c2s1n1 ACPI: LAPIC (acpi_id[0x0b] lapic_id[0x0b] enabled)
2015-02-11T17:34:36.969750-06:00 c0-0c2s1n1 ACPI: LAPIC (acpi_id[0x0d] lapic_id[0x0d] enabled)
2015-02-11T17:34:36.994538-06:00 c0-0c2s1n1 ACPI: LAPIC (acpi_id[0x0f] lapic_id[0x0f] enabled)
2015-02-11T17:34:36.994747-06:00 c0-0c2s1n1 ACPI: LAPIC_NMI (acpi_id[0x00] high edge lint[0x1])
2015-02-11T17:34:36.994913-06:00 c0-0c2s1n1 ACPI: LAPIC_NMI (acpi_id[0x02] high edge lint[0x1])
2015-02-11T17:34:37.019720-06:00 c0-0c2s1n1 ACPI: LAPIC_NMI (acpi_id[0x04] high edge lint[0x1])
2015-02-11T17:34:37.019931-06:00 c0-0c2s1n1 ACPI: LAPIC_NMI (acpi_id[0x06] high edge lint[0x1])
2015-02-11T17:34:37.044764-06:00 c0-0c2s1n1 ACPI: LAPIC_NMI (acpi_id[0x08] high edge lint[0x1])
2015-02-11T17:34:37.045031-06:00 c0-0c2s1n1 ACPI: LAPIC_NMI (acpi_id[0x0a] high edge lint[0x1])
2015-02-11T17:34:37.045300-06:00 c0-0c2s1n1 ACPI: LAPIC_NMI (acpi_id[0x0c] high edge lint[0x1])
2015-02-11T17:34:37.084163-06:00 c0-0c2s1n1 ACPI: LAPIC_NMI (acpi_id[0x0e] high edge lint[0x1])
2015-02-11T17:34:37.084395-06:00 c0-0c2s1n1 ACPI: LAPIC_NMI (acpi_id[0x01] high edge lint[0x1])
2015-02-11T17:34:37.084633-06:00 c0-0c2s1n1 ACPI: LAPIC_NMI (acpi_id[0x03] high edge lint[0x1])
2015-02-11T17:34:37.084847-06:00 c0-0c2s1n1 ACPI: LAPIC_NMI (acpi_id[0x05] high edge lint[0x1])
2015-02-11T17:34:37.124273-06:00 c0-0c2s1n1 ACPI: LAPIC_NMI (acpi_id[0x07] high edge lint[0x1])
2015-02-11T17:34:37.124490-06:00 c0-0c2s1n1 ACPI: LAPIC_NMI (acpi_id[0x09] high edge lint[0x1])
2015-02-11T17:34:37.124720-06:00 c0-0c2s1n1 ACPI: LAPIC_NMI (acpi_id[0x0b] high edge lint[0x1])
2015-02-11T17:34:37.124890-06:00 c0-0c2s1n1 ACPI: LAPIC_NMI (acpi_id[0x0d] high edge lint[0x1])
2015-02-11T17:34:37.125116-06:00 c0-0c2s1n1 ACPI: LAPIC_NMI (acpi_id[0x0f] high edge lint[0x1])
2015-02-11T17:34:37.125298-06:00 c0-0c2s1n1 ACPI: IOAPIC (id[0x00] address[0xfec00000] gsi_base[0])
2015-02-11T17:34:37.125493-06:00 c0-0c2s1n1 IOAPIC[0]: apic_id 0, version 32, address 0xfec00000, GSI 0-23
2015-02-11T17:34:37.164401-06:00 c0-0c2s1n1 ACPI: IOAPIC (id[0x02] address[0xfec01000] gsi_base[24])
2015-02-11T17:34:37.164651-06:00 c0-0c2s1n1 IOAPIC[1]: apic_id 2, version 32, address 0xfec01000, GSI 24-47
2015-02-11T17:34:37.171218-06:00 c0-0c2s1n1 ACPI: INT_SRC_OVR (bus 0 bus_irq 0 global_irq 2 dfl dfl)
2015-02-11T17:34:37.171545-06:00 c0-0c2s1n1 ACPI: INT_SRC_OVR (bus 0 bus_irq 9 global_irq 9 high level)
2015-02-11T17:34:37.171772-06:00 c0-0c2s1n1 Using ACPI (MADT) for SMP configuration information
2015-02-11T17:34:37.196533-06:00 c0-0c2s1n1 ACPI: HPET id: 0x8086a701 base: 0xfed00000
2015-02-11T17:34:37.196701-06:00 c0-0c2s1n1 SMP: Allowing 16 CPUs, 0 hotplug CPUs
2015-02-11T17:34:37.197083-06:00 c0-0c2s1n1 Allocating PCI resources starting at 90000000 (gap: 90000000:6ed1c000)
2015-02-11T17:34:37.221945-06:00 c0-0c2s1n1 setup_percpu: NR_CPUS:128 nr_cpumask_bits:128 nr_cpu_ids:16 nr_node_ids:1
2015-02-11T17:34:37.222298-06:00 c0-0c2s1n1 PERCPU: Embedded 25 pages/cpu @ffff88107fa00000 s72704 r8192 d21504 u131072
2015-02-11T17:34:37.247043-06:00 c0-0c2s1n1 Built 1 zonelists in Zone order, mobility grouping on.  Total pages: 16534701
2015-02-11T17:34:37.247131-06:00 c0-0c2s1n1 Policy zone: Normal
2015-02-11T17:34:37.323046-06:00 c0-0c2s1n1 Kernel command line: earlyprintk=serial,115200 load_ramdisk=1 ramdisk_size=80000 console=ttyS0,115200n8 bootnodeip=10.131.255.254 bootproto=ipog bootpath=/rr/current rootfs=nfs-shared root=/dev/disk/by-id/scsi-3600a09800063789e0000008b54c3a04c-part1 oops=panic bootifnetmask=255.252.0.0 elevator=noop ippob1=10 ippob2=128 pcie_ports=native iommu=on intel_iommu=off bad_page=panic pln_enable=off apei_disable hest_disable erst_disable ghes_disable cgroup_disable=memory active_wlm=ALPS sdbnodeip=10.131.255.253 sessionid=p0-20150211t172524 _cray=marker_ 
2015-02-11T17:34:37.323164-06:00 c0-0c2s1n1 Intel-IOMMU: disabled
2015-02-11T17:34:37.347943-06:00 c0-0c2s1n1 Disabling memory control group subsystem
2015-02-11T17:34:37.348160-06:00 c0-0c2s1n1 PID hash table entries: 4096 (order: 3, 32768 bytes)
2015-02-11T17:34:37.348343-06:00 c0-0c2s1n1 xsave/xrstor: enabled xstate_bv 0x7, cntxt size 0x340
2015-02-11T17:34:37.756783-06:00 c0-0c2s1n1 Memory: 66065160k/69206016k available (5522k kernel code, 2121000k absent, 1019856k reserved, 5307k data, 692k init)
2015-02-11T17:34:37.756809-06:00 c0-0c2s1n1 Hierarchical RCU implementation.
2015-02-11T17:34:37.781998-06:00 c0-0c2s1n1 NR_IRQS:4352
2015-02-11T17:34:38.160542-06:00 c0-0c2s1n1 Extended CMOS year: 2000
2015-02-11T17:34:38.160557-06:00 c0-0c2s1n1 Console: colour dummy device 80x25
2015-02-11T17:34:38.160563-06:00 c0-0c2s1n1 console [ttyS0] enabled, bootconsole disabled
2015-02-11T17:34:38.160567-06:00 c0-0c2s1n1 console [ttyS0] enabled, bootconsole disabled
2015-02-11T17:34:38.160574-06:00 c0-0c2s1n1 Fast TSC calibration using PIT
2015-02-11T17:34:38.160579-06:00 c0-0c2s1n1 Detected 2600.020 MHz processor.
2015-02-11T17:34:38.160585-06:00 c0-0c2s1n1 Calibrating delay loop (skipped), value calculated using timer frequency.. 5200.04 BogoMIPS (lpj=10400080)
2015-02-11T17:34:38.160597-06:00 c0-0c2s1n1 pid_max: default: 32768 minimum: 301
2015-02-11T17:34:38.160604-06:00 c0-0c2s1n1 Dentry cache hash table entries: 8388608 (order: 14, 67108864 bytes)
2015-02-11T17:34:38.160614-06:00 c0-0c2s1n1 Inode-cache hash table entries: 4194304 (order: 13, 33554432 bytes)
2015-02-11T17:34:38.160650-06:00 c0-0c2s1n1 Mount-cache hash table entries: 256
2015-02-11T17:34:38.160657-06:00 c0-0c2s1n1 Initializing cgroup subsys cpuacct
2015-02-11T17:34:38.160666-06:00 c0-0c2s1n1 Initializing cgroup subsys memory
2015-02-11T17:34:38.160672-06:00 c0-0c2s1n1 Initializing cgroup subsys devices
2015-02-11T17:34:38.160682-06:00 c0-0c2s1n1 Initializing cgroup subsys perf_event
2015-02-11T17:34:38.160693-06:00 c0-0c2s1n1 CPU: Physical Processor ID: 0
2015-02-11T17:34:38.160701-06:00 c0-0c2s1n1 CPU: Processor Core ID: 0
2015-02-11T17:34:38.160715-06:00 c0-0c2s1n1 mce: CPU supports 20 MCE banks
2015-02-11T17:34:38.160720-06:00 c0-0c2s1n1 CPU0: Thermal monitoring enabled (TM1)
2015-02-11T17:34:38.160726-06:00 c0-0c2s1n1 using mwait in idle threads.
2015-02-11T17:34:38.160739-06:00 c0-0c2s1n1 ACPI: Core revision 20110413
2015-02-11T17:34:38.160753-06:00 c0-0c2s1n1 ftrace: allocating 20236 entries in 80 pages
2015-02-11T17:34:38.160775-06:00 c0-0c2s1n1 DMAR: Host address width 46
2015-02-11T17:34:38.160783-06:00 c0-0c2s1n1 DMAR: DRHD base: 0x000000fbffc000 flags: 0x1
2015-02-11T17:34:38.160788-06:00 c0-0c2s1n1 IOMMU 0: reg_base_addr fbffc000 ver 1:0 cap d2078c106f0462 ecap f020fe
2015-02-11T17:34:38.160794-06:00 c0-0c2s1n1 DMAR: RMRR base: 0x0000007f430000 end: 0x0000007f43cfff
2015-02-11T17:34:38.160805-06:00 c0-0c2s1n1 DMAR: ATSR flags: 0x0
2015-02-11T17:34:38.160832-06:00 c0-0c2s1n1 DMAR: RHSA base: 0x000000fbffc000 proximity domain: 0x0
2015-02-11T17:34:38.160843-06:00 c0-0c2s1n1 Switched APIC routing to physical flat.
2015-02-11T17:34:38.161219-06:00 c0-0c2s1n1 ..TIMER: vector=0x30 apic1=0 pin1=2 apic2=-1 pin2=-1
2015-02-11T17:34:38.211288-06:00 c0-0c2s1n1 CPU0: Intel(R) Xeon(R) CPU E5-2670 0 @ 2.60GHz stepping 07
2015-02-11T17:34:38.463500-06:00 c0-0c2s1n1 Performance Events: PEBS fmt1+, 16-deep LBR, SandyBridge events, full-width counters, Intel PMU driver.
2015-02-11T17:34:38.463551-06:00 c0-0c2s1n1 ... version:                3
2015-02-11T17:34:38.463571-06:00 c0-0c2s1n1 ... bit width:              48
2015-02-11T17:34:38.463669-06:00 c0-0c2s1n1 ... generic registers:      4
2015-02-11T17:34:38.488700-06:00 c0-0c2s1n1 ... value mask:             0000ffffffffffff
2015-02-11T17:34:38.488775-06:00 c0-0c2s1n1 ... max period:             0000ffffffffffff
2015-02-11T17:34:38.488838-06:00 c0-0c2s1n1 ... fixed-purpose events:   3
2015-02-11T17:34:38.513965-06:00 c0-0c2s1n1 ... event mask:             000000070000000f
2015-02-11T17:34:38.954011-06:00 c0-0c2s1n1 Booting Node   0, Processors  #1 #2 #3 #4 #5 #6 #7 #8 #9 #10 #11 #12 #13 #14 #15 Ok.
2015-02-11T17:34:39.004480-06:00 c0-0c2s1n1 Brought up 16 CPUs
2015-02-11T17:34:39.004514-06:00 c0-0c2s1n1 Total of 16 processors activated (83200.64 BogoMIPS).
2015-02-11T17:34:39.041515-06:00 c0-0c2s1n1 NET: Registered protocol family 16
2015-02-11T17:34:39.068732-06:00 c0-0c2s1n1 ACPI FADT declares the system doesn't support PCIe ASPM, so disable it
2015-02-11T17:34:39.068752-06:00 c0-0c2s1n1 ACPI: bus type pci registered
2015-02-11T17:34:39.068850-06:00 c0-0c2s1n1 PCI: MMCONFIG for domain 0000 [bus 00-ff] at [mem 0x80000000-0x8fffffff] (base 0x80000000)
2015-02-11T17:34:39.068927-06:00 c0-0c2s1n1 PCI: MMCONFIG at [mem 0x80000000-0x8fffffff] reserved in E820
2015-02-11T17:34:39.094122-06:00 c0-0c2s1n1 PCI: Using configuration type 1 for base access
2015-02-11T17:34:39.119092-06:00 c0-0c2s1n1 bio: create slab <bio-0> at 0
2015-02-11T17:34:39.144600-06:00 c0-0c2s1n1 ACPI: Executed 1 blocks of module-level executable AML code
2015-02-11T17:34:39.371471-06:00 c0-0c2s1n1 ACPI: Interpreter enabled
2015-02-11T17:34:39.371530-06:00 c0-0c2s1n1 ACPI: (supports S0 S1 S3 S5)
2015-02-11T17:34:39.371601-06:00 c0-0c2s1n1 ACPI: Using IOAPIC for interrupt routing
2015-02-11T17:34:39.396732-06:00 c0-0c2s1n1 ACPI: No dock devices found.
2015-02-11T17:34:39.396787-06:00 c0-0c2s1n1 HEST: Table parsing disabled.
2015-02-11T17:34:39.421988-06:00 c0-0c2s1n1 PCI: Using host bridge windows from ACPI; if necessary, use "pci=nocrs" and report a bug
2015-02-11T17:34:39.422057-06:00 c0-0c2s1n1 ACPI: PCI Root Bridge [PCI0] (domain 0000 [bus 00-fe])
2015-02-11T17:34:39.447228-06:00 c0-0c2s1n1 pci_root PNP0A08:00: host bridge window [io  0x0000-0x03af]
2015-02-11T17:34:39.447289-06:00 c0-0c2s1n1 pci_root PNP0A08:00: host bridge window [io  0x03e0-0x0cf7]
2015-02-11T17:34:39.447404-06:00 c0-0c2s1n1 pci_root PNP0A08:00: host bridge window [io  0x0d00-0xffff]
2015-02-11T17:34:39.472398-06:00 c0-0c2s1n1 pci_root PNP0A08:00: host bridge window [mem 0x000c0000-0x000dffff]
2015-02-11T17:34:39.472533-06:00 c0-0c2s1n1 pci_root PNP0A08:00: host bridge window [mem 0x80000000-0xfbffffff]
2015-02-11T17:34:39.472742-06:00 c0-0c2s1n1 pci_root PNP0A08:00: host bridge window [mem 0x1080000000-0x3c3fffffffff]
2015-02-11T17:34:39.497696-06:00 c0-0c2s1n1 pci 0000:00:02.0: PCI bridge to [bus 01-01]
2015-02-11T17:34:39.497887-06:00 c0-0c2s1n1 pci 0000:00:03.0: PCI bridge to [bus 02-02]
2015-02-11T17:34:39.498064-06:00 c0-0c2s1n1 pci 0000:00:03.2: PCI bridge to [bus 03-03]
2015-02-11T17:34:39.523073-06:00 c0-0c2s1n1 pci 0000:00:11.0: PCI bridge to [bus 04-04]
2015-02-11T17:34:39.523339-06:00 c0-0c2s1n1 pci 0000:00:1e.0: PCI bridge to [bus 05-05] (subtractive decode)
2015-02-11T17:34:39.523570-06:00 c0-0c2s1n1 pci0000:00: Unable to request _OSC control (_OSC support mask: 0x19)
2015-02-11T17:34:39.573449-06:00 c0-0c2s1n1 ACPI: PCI Root Bridge [UNC0] (domain 0000 [bus ff])
2015-02-11T17:34:39.573811-06:00 c0-0c2s1n1 pci0000:ff: Unable to request _OSC control (_OSC support mask: 0x19)
2015-02-11T17:34:39.598780-06:00 c0-0c2s1n1 ACPI: PCI Interrupt Link [LNKA] (IRQs 3 4 5 6 7 10 *11 12 14 15)
2015-02-11T17:34:39.623805-06:00 c0-0c2s1n1 ACPI: PCI Interrupt Link [LNKB] (IRQs 3 4 5 6 7 *10 11 12 14 15)
2015-02-11T17:34:39.624130-06:00 c0-0c2s1n1 ACPI: PCI Interrupt Link [LNKC] (IRQs 3 4 *5 6 10 11 12 14 15)
2015-02-11T17:34:39.624405-06:00 c0-0c2s1n1 ACPI: PCI Interrupt Link [LNKD] (IRQs *3 4 5 6 10 11 12 14 15)
2015-02-11T17:34:39.624690-06:00 c0-0c2s1n1 ACPI: PCI Interrupt Link [LNKE] (IRQs 3 4 5 6 7 10 11 12 14 15) *0
2015-02-11T17:34:39.649377-06:00 c0-0c2s1n1 ACPI: PCI Interrupt Link [LNKF] (IRQs 3 4 5 6 7 10 11 12 14 15) *0
2015-02-11T17:34:39.649632-06:00 c0-0c2s1n1 ACPI: PCI Interrupt Link [LNKG] (IRQs 3 4 5 6 7 10 11 12 14 15) *0
2015-02-11T17:34:39.674602-06:00 c0-0c2s1n1 ACPI: PCI Interrupt Link [LNKH] (IRQs 3 4 5 6 *7 10 11 12 14 15)
2015-02-11T17:34:39.674653-06:00 c0-0c2s1n1 vgaarb: loaded
2015-02-11T17:34:39.674761-06:00 c0-0c2s1n1 SCSI subsystem initialized
2015-02-11T17:34:39.674881-06:00 c0-0c2s1n1 PCI: Using ACPI for IRQ routing
2015-02-11T17:34:39.699902-06:00 c0-0c2s1n1 Switching to clocksource hpet
2015-02-11T17:34:39.700211-06:00 c0-0c2s1n1 pnp: PnP ACPI init
2015-02-11T17:34:39.724916-06:00 c0-0c2s1n1 ACPI: bus type pnp registered
2015-02-11T17:34:39.725223-06:00 c0-0c2s1n1 system 00:01: [mem 0xfc000000-0xfcffffff] has been reserved
2015-02-11T17:34:39.750102-06:00 c0-0c2s1n1 system 00:01: [mem 0xfd000000-0xfdffffff] has been reserved
2015-02-11T17:34:39.750312-06:00 c0-0c2s1n1 system 00:01: [mem 0xfe000000-0xfeafffff] has been reserved
2015-02-11T17:34:39.750585-06:00 c0-0c2s1n1 system 00:01: [mem 0xfeb00000-0xfebfffff] has been reserved
2015-02-11T17:34:39.775654-06:00 c0-0c2s1n1 system 00:01: [mem 0xfed00400-0xfed3ffff] could not be reserved
2015-02-11T17:34:39.775855-06:00 c0-0c2s1n1 system 00:01: [mem 0xfed45000-0xfedfffff] has been reserved
2015-02-11T17:34:39.776119-06:00 c0-0c2s1n1 system 00:02: [mem 0xfbffc000-0xfbffdfff] has been reserved
2015-02-11T17:34:39.800799-06:00 c0-0c2s1n1 system 00:06: [io  0x04d0-0x04d1] has been reserved
2015-02-11T17:34:39.801052-06:00 c0-0c2s1n1 system 00:08: [io  0x0400-0x0453] has been reserved
2015-02-11T17:34:39.801277-06:00 c0-0c2s1n1 system 00:08: [io  0x0458-0x047f] has been reserved
2015-02-11T17:34:39.826000-06:00 c0-0c2s1n1 system 00:08: [io  0x1180-0x119f] has been reserved
2015-02-11T17:34:39.826273-06:00 c0-0c2s1n1 system 00:08: [io  0x0500-0x057f] has been reserved
2015-02-11T17:34:39.826542-06:00 c0-0c2s1n1 system 00:08: [mem 0xfed1c000-0xfed1ffff] has been reserved
2015-02-11T17:34:39.851409-06:00 c0-0c2s1n1 system 00:08: [mem 0xfec00000-0xfecfffff] could not be reserved
2015-02-11T17:34:39.851685-06:00 c0-0c2s1n1 system 00:08: [mem 0xfed08000-0xfed08fff] has been reserved
2015-02-11T17:34:39.876638-06:00 c0-0c2s1n1 system 00:08: [mem 0xff000000-0xffffffff] has been reserved
2015-02-11T17:34:39.876891-06:00 c0-0c2s1n1 system 00:09: [io  0x0454-0x0457] has been reserved
2015-02-11T17:34:39.877085-06:00 c0-0c2s1n1 pnp: PnP ACPI: found 12 devices
2015-02-11T17:34:39.877187-06:00 c0-0c2s1n1 ACPI: ACPI bus type pnp unregistered
2015-02-11T17:34:39.902074-06:00 c0-0c2s1n1 pci 0000:00:02.0: PCI bridge to [bus 01-01]
2015-02-11T17:34:39.902170-06:00 c0-0c2s1n1 pci 0000:00:02.0:   bridge window [io  disabled]
2015-02-11T17:34:39.927155-06:00 c0-0c2s1n1 pci 0000:00:02.0:   bridge window [mem disabled]
2015-02-11T17:34:39.927511-06:00 c0-0c2s1n1 pci 0000:00:02.0:   bridge window [mem 0x3c0000000000-0x3c20000fffff 64bit pref]
2015-02-11T17:34:39.927653-06:00 c0-0c2s1n1 pci 0000:00:03.0: PCI bridge to [bus 02-02]
2015-02-11T17:34:39.952379-06:00 c0-0c2s1n1 pci 0000:00:03.0:   bridge window [io  disabled]
2015-02-11T17:34:39.952778-06:00 c0-0c2s1n1 pci 0000:00:03.0:   bridge window [mem 0xfbc00000-0xfbdfffff]
2015-02-11T17:34:39.977764-06:00 c0-0c2s1n1 pci 0000:00:03.0:   bridge window [mem 0x3c2001000000-0x3c20017fffff 64bit pref]
2015-02-11T17:34:39.978063-06:00 c0-0c2s1n1 pci 0000:00:03.2: PCI bridge to [bus 03-03]
2015-02-11T17:34:39.978259-06:00 c0-0c2s1n1 pci 0000:00:03.2:   bridge window [io  disabled]
2015-02-11T17:34:40.002922-06:00 c0-0c2s1n1 pci 0000:00:03.2:   bridge window [mem 0xfba00000-0xfbbfffff]
2015-02-11T17:34:40.003277-06:00 c0-0c2s1n1 pci 0000:00:03.2:   bridge window [mem 0x3c2000800000-0x3c2000ffffff 64bit pref]
2015-02-11T17:34:40.003474-06:00 c0-0c2s1n1 pci 0000:00:11.0: PCI bridge to [bus 04-04]
2015-02-11T17:34:40.028346-06:00 c0-0c2s1n1 pci 0000:00:11.0:   bridge window [io  0xe000-0xefff]
2015-02-11T17:34:40.028649-06:00 c0-0c2s1n1 pci 0000:00:11.0:   bridge window [mem 0xfbe00000-0xfbefffff]
2015-02-11T17:34:40.053480-06:00 c0-0c2s1n1 pci 0000:00:11.0:   bridge window [mem 0x3c2001800000-0x3c2001cfffff 64bit pref]
2015-02-11T17:34:40.053610-06:00 c0-0c2s1n1 pci 0000:00:1e.0: PCI bridge to [bus 05-05]
2015-02-11T17:34:40.078580-06:00 c0-0c2s1n1 pci 0000:00:1e.0:   bridge window [io  disabled]
2015-02-11T17:34:40.078839-06:00 c0-0c2s1n1 pci 0000:00:1e.0:   bridge window [mem disabled]
2015-02-11T17:34:40.079022-06:00 c0-0c2s1n1 pci 0000:00:1e.0:   bridge window [mem pref disabled]
2015-02-11T17:34:40.103729-06:00 c0-0c2s1n1 pci 0000:00:02.0: PCI INT A -> GSI 32 (level, low) -> IRQ 32
2015-02-11T17:34:40.104108-06:00 c0-0c2s1n1 pci 0000:00:03.0: PCI INT A -> GSI 40 (level, low) -> IRQ 40
2015-02-11T17:34:40.104443-06:00 c0-0c2s1n1 pci 0000:00:03.2: PCI INT A -> GSI 40 (level, low) -> IRQ 40
2015-02-11T17:34:40.129197-06:00 c0-0c2s1n1 pci 0000:00:11.0: PCI INT A -> GSI 16 (level, low) -> IRQ 16
2015-02-11T17:34:40.129358-06:00 c0-0c2s1n1 NET: Registered protocol family 2
2015-02-11T17:34:40.129602-06:00 c0-0c2s1n1 IP route cache hash table entries: 524288 (order: 10, 4194304 bytes)
2015-02-11T17:34:40.154608-06:00 c0-0c2s1n1 TCP established hash table entries: 524288 (order: 11, 8388608 bytes)
2015-02-11T17:34:40.154974-06:00 c0-0c2s1n1 TCP bind hash table entries: 65536 (order: 8, 1048576 bytes)
2015-02-11T17:34:40.179866-06:00 c0-0c2s1n1 TCP: Hash tables configured (established 524288 bind 65536)
2015-02-11T17:34:40.179902-06:00 c0-0c2s1n1 TCP reno registered
2015-02-11T17:34:40.180177-06:00 c0-0c2s1n1 UDP hash table entries: 32768 (order: 8, 1048576 bytes)
2015-02-11T17:34:40.205079-06:00 c0-0c2s1n1 UDP-Lite hash table entries: 32768 (order: 8, 1048576 bytes)
2015-02-11T17:34:40.205227-06:00 c0-0c2s1n1 NET: Registered protocol family 1
2015-02-11T17:34:40.205544-06:00 c0-0c2s1n1 RPC: Registered named UNIX socket transport module.
2015-02-11T17:34:40.230087-06:00 c0-0c2s1n1 RPC: Registered udp transport module.
2015-02-11T17:34:40.230370-06:00 c0-0c2s1n1 RPC: Registered tcp transport module.
2015-02-11T17:34:40.230576-06:00 c0-0c2s1n1 RPC: Registered tcp NFSv4.1 backchannel transport module.
2015-02-11T17:34:40.255536-06:00 c0-0c2s1n1 pci 0000:00:1a.0: PCI INT A -> GSI 16 (level, low) -> IRQ 16
2015-02-11T17:34:40.280769-06:00 c0-0c2s1n1 pci 0000:00:1a.0: PCI INT A disabled
2015-02-11T17:34:40.281101-06:00 c0-0c2s1n1 pci 0000:00:1d.0: PCI INT A -> GSI 23 (level, low) -> IRQ 23
2015-02-11T17:34:40.306308-06:00 c0-0c2s1n1 pci 0000:00:1d.0: PCI INT A disabled
2015-02-11T17:34:40.331196-06:00 c0-0c2s1n1 Trying to unpack rootfs image as initramfs...
2015-02-11T17:34:40.760004-06:00 c0-0c2s1n1 Freeing initrd memory: 12352k freed
2015-02-11T17:34:40.785222-06:00 c0-0c2s1n1 DMAR: Device scope device [0000:00:01.01] not found
2015-02-11T17:34:40.785245-06:00 c0-0c2s1n1 DMAR: Device scope device [0000:00:01.01] not found
2015-02-11T17:34:40.810449-06:00 c0-0c2s1n1 PCI-DMA: Using software bounce buffering for IO (SWIOTLB)
2015-02-11T17:34:40.810491-06:00 c0-0c2s1n1 Placing 64MB software IO TLB between ffff88007a67c000 - ffff88007e67c000
2015-02-11T17:34:40.810527-06:00 c0-0c2s1n1 software IO TLB at phys 0x7a67c000 - 0x7e67c000
2015-02-11T17:34:40.835721-06:00 c0-0c2s1n1 Machine check injector initialized
2015-02-11T17:34:40.835776-06:00 c0-0c2s1n1 futex hash table entries: 4096 (order: 6, 262144 bytes)
2015-02-11T17:34:40.860974-06:00 c0-0c2s1n1 Registering pnotify support for (name=job)
2015-02-11T17:34:40.861002-06:00 c0-0c2s1n1 CSA: initialized
2015-02-11T17:34:40.861075-06:00 c0-0c2s1n1 audit: initializing netlink socket (disabled)
2015-02-11T17:34:40.861087-06:00 c0-0c2s1n1 type=2000 audit(1423697675.468:1): initialized
2015-02-11T17:34:40.911434-06:00 c0-0c2s1n1 HugeTLB registered 2 MB page size, pre-allocated 0 pages
2015-02-11T17:34:40.911469-06:00 c0-0c2s1n1 VFS: Disk quotas dquot_6.5.2
2015-02-11T17:34:40.911687-06:00 c0-0c2s1n1 Dquot-cache hash table entries: 512 (order 0, 4096 bytes)
2015-02-11T17:34:40.911809-06:00 c0-0c2s1n1 Installing knfsd (copyright (C) 1996 okir@monad.swb.de).
2015-02-11T17:34:40.911920-06:00 c0-0c2s1n1 fuse init (API version 7.16)
2015-02-11T17:34:40.936768-06:00 c0-0c2s1n1 Installing v9fs 9p2000 file system support
2015-02-11T17:34:40.936886-06:00 c0-0c2s1n1 msgmni has been set to 32268
2015-02-11T17:34:40.961903-06:00 c0-0c2s1n1 Block layer SCSI generic (bsg) driver version 0.4 loaded (major 254)
2015-02-11T17:34:40.962153-06:00 c0-0c2s1n1 io scheduler noop registered (default)
2015-02-11T17:34:40.962173-06:00 c0-0c2s1n1 io scheduler deadline registered
2015-02-11T17:34:40.962303-06:00 c0-0c2s1n1 io scheduler cfq registered
2015-02-11T17:34:40.987441-06:00 c0-0c2s1n1 input: Power Button as /devices/LNXSYSTM:00/LNXSYBUS:00/PNP0C0C:00/input/input0
2015-02-11T17:34:40.987566-06:00 c0-0c2s1n1 ACPI: Power Button [PWRB]
2015-02-11T17:34:41.012567-06:00 c0-0c2s1n1 input: Power Button as /devices/LNXSYSTM:00/LNXPWRBN:00/input/input1
2015-02-11T17:34:41.012612-06:00 c0-0c2s1n1 ACPI: Power Button [PWRF]
2015-02-11T17:34:41.088709-06:00 c0-0c2s1n1 ERST: Error Record Serialization Table (ERST) support is disabled.
2015-02-11T17:34:41.113276-06:00 c0-0c2s1n1 GHES: HEST is not enabled!
2015-02-11T17:34:41.163901-06:00 c0-0c2s1n1 Serial: 8250/16550 driver, 2 ports, IRQ sharing disabled
2015-02-11T17:34:41.164125-06:00 c0-0c2s1n1 serial8250: ttyS0 at I/O 0x3f8 (irq = 4) is a 16550A
2015-02-11T17:34:41.264798-06:00 c0-0c2s1n1 serial8250: ttyS1 at I/O 0x2f8 (irq = 3) is a 16550A
2015-02-11T17:34:41.340631-06:00 c0-0c2s1n1 Real Time Clock Driver v1.12b
2015-02-11T17:34:41.365670-06:00 c0-0c2s1n1 Linux agpgart interface v0.103
2015-02-11T17:34:41.365737-06:00 c0-0c2s1n1 brd: module loaded
2015-02-11T17:34:41.390930-06:00 c0-0c2s1n1 loop: module loaded
2015-02-11T17:34:41.390989-06:00 c0-0c2s1n1 Loading iSCSI transport class v2.0-870.
2015-02-11T17:34:41.391049-06:00 c0-0c2s1n1 iscsi: registered transport (tcp)
2015-02-11T17:34:41.391139-06:00 c0-0c2s1n1 Rounding down aligned max_sectors from 4294967295 to 4294967288
2015-02-11T17:34:41.391164-06:00 c0-0c2s1n1 console [netcon0] enabled
2015-02-11T17:34:41.391184-06:00 c0-0c2s1n1 netconsole: network logging started
2015-02-11T17:34:41.416232-06:00 c0-0c2s1n1 i8042: PNP: No PS/2 controller found. Probing ports directly.
2015-02-11T17:34:41.815079-06:00 c0-0c2s1n1 Refined TSC clocksource calibration: 2599.999 MHz.
2015-02-11T17:34:41.840307-06:00 c0-0c2s1n1 Switching to clocksource tsc
2015-02-11T17:34:42.429592-06:00 c0-0c2s1n1 i8042: No controller found
2015-02-11T17:34:42.429614-06:00 c0-0c2s1n1 EDAC MC: Ver: 2.1.0
2015-02-11T17:34:42.458824-06:00 c0-0c2s1n1 cpuidle: using governor ladder
2015-02-11T17:34:42.458855-06:00 c0-0c2s1n1 cpuidle: using governor menu
2015-02-11T17:34:42.458901-06:00 c0-0c2s1n1 oprofile: using NMI interrupt.
2015-02-11T17:34:42.458913-06:00 c0-0c2s1n1 TCP cubic registered
2015-02-11T17:34:42.487204-06:00 c0-0c2s1n1 NET: Registered protocol family 10
2015-02-11T17:34:42.487240-06:00 c0-0c2s1n1 IPv6 over IPv4 tunneling driver
2015-02-11T17:34:42.487273-06:00 c0-0c2s1n1 NET: Registered protocol family 17
2015-02-11T17:34:42.487291-06:00 c0-0c2s1n1 Installing 9P2000 support
2015-02-11T17:34:42.487335-06:00 c0-0c2s1n1 Registering the dns_resolver key type
2015-02-11T17:34:42.512827-06:00 c0-0c2s1n1 registered taskstats version 1
2015-02-11T17:34:42.538072-06:00 c0-0c2s1n1 Freeing unused kernel memory: 692k freed
2015-02-11T17:34:42.588934-06:00 c0-0c2s1n1 ghal_init:Cray(R) Gemini Hardware Abstraction Layer - version 1.0107
2015-02-11T17:34:42.613847-06:00 c0-0c2s1n1 ghal_init:Copyright (C) 2007-1012 Cray Inc.
2015-02-11T17:34:42.614328-06:00 c0-0c2s1n1 ghal 0000:01:00.1: enabling device (0000 -> 0002)
2015-02-11T17:34:42.639406-06:00 c0-0c2s1n1 udev: starting version 147
2015-02-11T17:34:42.639412-06:00 c0-0c2s1n1 simplex: module license 'unspecified' taints kernel.
2015-02-11T17:34:42.664302-06:00 c0-0c2s1n1 hss-os: communication area 0xffff8810082c5000 (phys 0x10082c5000)
2015-02-11T17:34:42.664490-06:00 c0-0c2s1n1 hss-os: new channel 1
2015-02-11T17:34:44.568547-06:00 c0-0c2s1n1 request_sys_info_from_L0: No tile dimension data
2015-02-11T17:34:44.568555-06:00 c0-0c2s1n1 hss-os: new channel 2
2015-02-11T17:34:44.568562-06:00 c0-0c2s1n1 kgni_init:Cray(R) Gemini Network Interface - Sep 17 2014 version 0x004500b7 rev 9750
2015-02-11T17:34:44.568570-06:00 c0-0c2s1n1 kgni_init:Copyright (C) 2007,2008 Cray Inc.
2015-02-11T17:34:44.568580-06:00 c0-0c2s1n1 ipogif_init:Cray(R) Gemini IP over Fabric device driver - version 0.17
2015-02-11T17:34:44.568587-06:00 c0-0c2s1n1 ipogif_init:Copyright (C) 2007 Cray Inc.
2015-02-11T17:34:44.568597-06:00 c0-0c2s1n1 ipogif_probe:Immediate checksum off
2015-02-11T17:34:44.568606-06:00 c0-0c2s1n1 Cray(R) Gemini Performance Counter Daemon - version 0.1
2015-02-11T17:34:44.568624-06:00 c0-0c2s1n1 GEMINI Performance Counter Daemon.
2015-02-11T17:34:44.568630-06:00 c0-0c2s1n1 Cray(R) Kernel Dynamic Registration (KDREG) Interface - version 0x2243e
2015-02-11T17:34:44.568639-06:00 c0-0c2s1n1 Copyright (C) 2004-5 Pete Wyckoff - modified by Cray(R)
2015-02-11T17:34:44.568646-06:00 c0-0c2s1n1 ipogif_up:Bringing interface up
2015-02-11T17:34:44.568663-06:00 c0-0c2s1n1 Sending ec_node_info with boot code 0 (NODE_INFO_OS_BOOT) for nid 133
2015-02-11T17:34:44.568669-06:00 c0-0c2s1n1 net.core.rmem_max = 16777216
2015-02-11T17:34:44.568684-06:00 c0-0c2s1n1 net.core.wmem_max = 16777216
2015-02-11T17:34:44.568694-06:00 c0-0c2s1n1 net.core.rmem_default = 16777216
2015-02-11T17:34:44.568700-06:00 c0-0c2s1n1 net.core.wmem_default = 16777216
2015-02-11T17:34:44.568711-06:00 c0-0c2s1n1 net.core.optmem_max = 16777216
2015-02-11T17:34:44.568719-06:00 c0-0c2s1n1 net.ipv4.tcp_mem = 16777216 16777216 16777216
2015-02-11T17:34:44.568727-06:00 c0-0c2s1n1 net.ipv4.tcp_rmem = 4096 87380 16777216
2015-02-11T17:34:44.568736-06:00 c0-0c2s1n1 net.ipv4.tcp_wmem = 4096 65536 16777216
2015-02-11T17:34:44.568746-06:00 c0-0c2s1n1 Using rootfs config: nfs-shared...
2015-02-11T17:34:44.568755-06:00 c0-0c2s1n1 rootfs mount succeeded.
2015-02-11T17:34:44.568760-06:00 c0-0c2s1n1 **********************************************************
2015-02-11T17:34:44.568765-06:00 c0-0c2s1n1    HOSTNAME: nid00133
2015-02-11T17:34:44.568782-06:00 c0-0c2s1n1 **********************************************************
2015-02-11T17:34:44.568793-06:00 c0-0c2s1n1 ipogif0   Link encap:Ethernet  HWaddr 00:01:01:00:00:85  
2015-02-11T17:34:44.568798-06:00 c0-0c2s1n1          inet addr:10.128.0.134  Mask:255.252.0.0
2015-02-11T17:34:44.568809-06:00 c0-0c2s1n1          inet6 addr: fe80::201:1ff:fe00:85/64 Scope:Link
2015-02-11T17:34:44.568816-06:00 c0-0c2s1n1          UP RUNNING NOARP  MTU:65520  Metric:1
2015-02-11T17:34:44.568826-06:00 c0-0c2s1n1          RX packets:21 errors:0 dropped:0 overruns:0 frame:0
2015-02-11T17:34:44.568835-06:00 c0-0c2s1n1          TX packets:28 errors:0 dropped:0 overruns:0 carrier:0
2015-02-11T17:34:44.568845-06:00 c0-0c2s1n1          collisions:0 txqueuelen:1000 
2015-02-11T17:34:44.568850-06:00 c0-0c2s1n1          RX bytes:2496 (2.4 KiB)  TX bytes:2540 (2.4 KiB)
2015-02-11T17:34:44.568856-06:00 c0-0c2s1n1 lo        Link encap:Local Loopback  
2015-02-11T17:34:44.568861-06:00 c0-0c2s1n1          inet addr:127.0.0.1  Mask:255.0.0.0
2015-02-11T17:34:44.568867-06:00 c0-0c2s1n1          inet6 addr: ::1/128 Scope:Host
2015-02-11T17:34:44.568873-06:00 c0-0c2s1n1          UP LOOPBACK RUNNING  MTU:16436  Metric:1
2015-02-11T17:34:44.568889-06:00 c0-0c2s1n1          RX packets:0 errors:0 dropped:0 overruns:0 frame:0
2015-02-11T17:34:44.568903-06:00 c0-0c2s1n1          TX packets:0 errors:0 dropped:0 overruns:0 carrier:0
2015-02-11T17:34:44.568912-06:00 c0-0c2s1n1          collisions:0 txqueuelen:0 
2015-02-11T17:34:44.568918-06:00 c0-0c2s1n1          RX bytes:0 (0.0 B)  TX bytes:0 (0.0 B)
2015-02-11T17:34:44.568927-06:00 c0-0c2s1n1 Mounting NID specific /etc (nid=133)...
2015-02-11T17:34:44.568933-06:00 c0-0c2s1n1 done.
2015-02-11T17:34:44.568941-06:00 c0-0c2s1n1 INIT: version 2.86 booting
2015-02-11T17:34:44.568948-06:00 c0-0c2s1n1 System Boot Control: Running /etc/init.d/boot
2015-02-11T17:34:44.568958-06:00 c0-0c2s1n1 Mounting sysfs at /sys7[?25l
2015-02-11T17:34:44.568969-06:00 c0-0c2s1n1 [80C[10D[1;32mdone[m8[?25h
2015-02-11T17:34:44.568979-06:00 c0-0c2s1n1 Copying static /dev content7[?25l
2015-02-11T17:34:44.568995-06:00 c0-0c2s1n1 [80C[10D[1;32mdone[m8[?25h
2015-02-11T17:34:44.569002-06:00 c0-0c2s1n1 Mounting tmpfs at /dev/shm7[?25l
2015-02-11T17:34:44.569007-06:00 c0-0c2s1n1 [80C[10D[1;32mdone[m8[?25h
2015-02-11T17:34:44.569012-06:00 c0-0c2s1n1 Mounting devpts at /dev/pts7[?25l
2015-02-11T17:34:44.569018-06:00 c0-0c2s1n1 [80C[10D[1;32mdone[m8[?25h
2015-02-11T17:34:44.569023-06:00 c0-0c2s1n1 Boot logging started on /dev/ttyS0(/dev/console) at Wed Feb 11 17:34:38 2015
2015-02-11T17:34:44.569043-06:00 c0-0c2s1n1 Mounting debugfs at /sys/kernel/debug7[?25l
2015-02-11T17:34:44.569049-06:00 c0-0c2s1n1 [80C[10D[1;32mdone[m8[?25h
2015-02-11T17:34:44.569064-06:00 c0-0c2s1n1 [m[?25hNo efivars filesystem driver available.[m[?25hStarting udevd: udev: starting version 147
2015-02-11T17:34:44.569073-06:00 c0-0c2s1n1 7[?25l
2015-02-11T17:34:44.569079-06:00 c0-0c2s1n1 [80C[10D[1;32mdone[m8[?25h
2015-02-11T17:34:44.569089-06:00 c0-0c2s1n1 Loading drivers, configuring devices: Compat-rdma backport release: ac916cb
2015-02-11T17:34:44.569095-06:00 c0-0c2s1n1 Backport based on git://git.openfabrics.org/compat-rdma/compat.git 5268562
2015-02-11T17:34:44.569104-06:00 c0-0c2s1n1 usbcore: registered new interface driver usbfs
2015-02-11T17:34:44.569114-06:00 c0-0c2s1n1 usbcore: registered new interface driver hub
2015-02-11T17:34:44.569123-06:00 c0-0c2s1n1 usbcore: registered new device driver usb
2015-02-11T17:34:44.569129-06:00 c0-0c2s1n1 ahci 0000:00:1f.2: PCI INT B -> GSI 19 (level, low) -> IRQ 19
2015-02-11T17:34:44.569138-06:00 c0-0c2s1n1 ehci_hcd: USB 2.0 'Enhanced' Host Controller (EHCI) Driver
2015-02-11T17:34:44.569144-06:00 c0-0c2s1n1 compat.git: git://git.openfabrics.org/compat-rdma/compat.git
2015-02-11T17:34:44.569160-06:00 c0-0c2s1n1 ahci 0000:00:1f.2: forcing PORTS_IMPL to 0x3f
2015-02-11T17:34:44.569169-06:00 c0-0c2s1n1 ahci 0000:00:1f.2: AHCI 0001.0300 32 slots 6 ports 6 Gbps 0x3f impl SATA mode
2015-02-11T17:34:44.569178-06:00 c0-0c2s1n1 ahci 0000:00:1f.2: flags: 64bit ncq sntf pm led clo pio slum part ems apst 
2015-02-11T17:34:44.569182-06:00 c0-0c2s1n1 scsi0 : ahci
2015-02-11T17:34:44.569193-06:00 c0-0c2s1n1 scsi1 : ahci
2015-02-11T17:34:44.569198-06:00 c0-0c2s1n1 scsi2 : ahci
2015-02-11T17:34:44.569207-06:00 c0-0c2s1n1 scsi3 : ahci
2015-02-11T17:34:44.569213-06:00 c0-0c2s1n1 mlx4_core: Mellanox ConnectX core driver v1.1 (Dec, 2011)
2015-02-11T17:34:44.569220-06:00 c0-0c2s1n1 mlx4_core: Initializing 0000:02:00.0
2015-02-11T17:34:44.569230-06:00 c0-0c2s1n1 mlx4_core 0000:02:00.0: PCI INT A -> GSI 40 (level, low) -> IRQ 40
2015-02-11T17:34:44.569236-06:00 c0-0c2s1n1 scsi4 : ahci
2015-02-11T17:34:44.569241-06:00 c0-0c2s1n1 scsi5 : ahci
2015-02-11T17:34:44.569250-06:00 c0-0c2s1n1 ata2: SATA max UDMA/133 abar m2048@0xfbf00000 port 0xfbf00100 irq 164
2015-02-11T17:34:44.592894-06:00 c0-0c2s1n1 ata3: SATA max UDMA/133 abar m2048@0xfbf00000 port 0xfbf00180 irq 164
2015-02-11T17:34:44.593588-06:00 c0-0c2s1n1 ata4: SATA max UDMA/133 abar m2048@0xfbf00000 port 0xfbf00200 irq 164
2015-02-11T17:34:44.593600-06:00 c0-0c2s1n1 ata5: SATA max UDMA/133 abar m2048@0xfbf00000 port 0xfbf00280 irq 164
2015-02-11T17:34:44.593793-06:00 c0-0c2s1n1 ata6: SATA max UDMA/133 abar m2048@0xfbf00000 port 0xfbf00300 irq 164
2015-02-11T17:34:44.618803-06:00 c0-0c2s1n1 ata7: SATA max UDMA/133 abar m2048@0xfbf00000 port 0xfbf00380 irq 164
2015-02-11T17:34:44.618977-06:00 c0-0c2s1n1 ehci_hcd 0000:00:1a.0: PCI INT A -> GSI 16 (level, low) -> IRQ 16
2015-02-11T17:34:44.643346-06:00 c0-0c2s1n1 ehci_hcd 0000:00:1a.0: EHCI Host Controller
2015-02-11T17:34:44.644735-06:00 c0-0c2s1n1 ehci_hcd 0000:00:1a.0: new USB bus registered, assigned bus number 1
2015-02-11T17:34:44.644920-06:00 c0-0c2s1n1 ehci_hcd 0000:00:1a.0: debug port 2
2015-02-11T17:34:44.669341-06:00 c0-0c2s1n1 ehci_hcd 0000:00:1a.0: irq 16, io mem 0xfbf02000
2015-02-11T17:34:44.694264-06:00 c0-0c2s1n1 ehci_hcd 0000:00:1a.0: USB 2.0 started, EHCI 1.00
2015-02-11T17:34:44.694312-06:00 c0-0c2s1n1 hub 1-0:1.0: USB hub found
2015-02-11T17:34:44.694501-06:00 c0-0c2s1n1 hub 1-0:1.0: 2 ports detected
2015-02-11T17:34:44.719132-06:00 c0-0c2s1n1 ehci_hcd 0000:00:1d.0: PCI INT A -> GSI 23 (level, low) -> IRQ 23
2015-02-11T17:34:44.719294-06:00 c0-0c2s1n1 ehci_hcd 0000:00:1d.0: EHCI Host Controller
2015-02-11T17:34:44.719653-06:00 c0-0c2s1n1 ehci_hcd 0000:00:1d.0: new USB bus registered, assigned bus number 2
2015-02-11T17:34:44.744374-06:00 c0-0c2s1n1 ehci_hcd 0000:00:1d.0: debug port 2
2015-02-11T17:34:44.744731-06:00 c0-0c2s1n1 ehci_hcd 0000:00:1d.0: irq 23, io mem 0xfbf01000
2015-02-11T17:34:44.769824-06:00 c0-0c2s1n1 ehci_hcd 0000:00:1d.0: USB 2.0 started, EHCI 1.00
2015-02-11T17:34:44.769946-06:00 c0-0c2s1n1 hub 2-0:1.0: USB hub found
2015-02-11T17:34:44.770076-06:00 c0-0c2s1n1 hub 2-0:1.0: 2 ports detected
2015-02-11T17:34:45.015380-06:00 c0-0c2s1n1 usb 1-1: new high-speed USB device number 2 using ehci_hcd
2015-02-11T17:34:45.178397-06:00 c0-0c2s1n1 hub 1-1:1.0: USB hub found
2015-02-11T17:34:45.178406-06:00 c0-0c2s1n1 hub 1-1:1.0: 6 ports detected
2015-02-11T17:34:45.279535-06:00 c0-0c2s1n1 usb 2-1: new high-speed USB device number 2 using ehci_hcd
2015-02-11T17:34:45.430840-06:00 c0-0c2s1n1 hub 2-1:1.0: USB hub found
2015-02-11T17:34:45.430911-06:00 c0-0c2s1n1 hub 2-1:1.0: 8 ports detected
2015-02-11T17:34:45.633107-06:00 c0-0c2s1n1 ata7: failed to resume link (SControl 0)
2015-02-11T17:34:45.658156-06:00 c0-0c2s1n1 ata7: SATA link down (SStatus 0 SControl 0)
2015-02-11T17:34:45.658234-06:00 c0-0c2s1n1 ata4: failed to resume link (SControl 0)
2015-02-11T17:34:45.658322-06:00 c0-0c2s1n1 ata4: SATA link down (SStatus 0 SControl 0)
2015-02-11T17:34:45.683314-06:00 c0-0c2s1n1 ata2: failed to resume link (SControl 0)
2015-02-11T17:34:45.708608-06:00 c0-0c2s1n1 ata2: SATA link down (SStatus 0 SControl 0)
2015-02-11T17:34:45.708682-06:00 c0-0c2s1n1 ata3: failed to resume link (SControl 0)
2015-02-11T17:34:45.708744-06:00 c0-0c2s1n1 ata3: SATA link down (SStatus 0 SControl 0)
2015-02-11T17:34:45.733812-06:00 c0-0c2s1n1 ata5: failed to resume link (SControl 0)
2015-02-11T17:34:45.733833-06:00 c0-0c2s1n1 ata5: SATA link down (SStatus 0 SControl 0)
2015-02-11T17:34:45.733886-06:00 c0-0c2s1n1 ata6: failed to resume link (SControl 0)
2015-02-11T17:34:45.733958-06:00 c0-0c2s1n1 ata6: SATA link down (SStatus 0 SControl 0)
2015-02-11T17:34:50.522580-06:00 c0-0c2s1n1 mlx4_core 0000:02:00.0: 64B EQEs/CQEs supported by the device but not enabled
2015-02-11T17:34:51.088791-06:00 c0-0c2s1n1 mlx4_core: Initializing 0000:03:00.0
2015-02-11T17:34:51.113999-06:00 c0-0c2s1n1 mlx4_core 0000:03:00.0: PCI INT A -> GSI 42 (level, low) -> IRQ 42
2015-02-11T17:34:56.948853-06:00 c0-0c2s1n1 mlx4_core 0000:03:00.0: 64B EQEs/CQEs supported by the device but not enabled
2015-02-11T17:34:57.676857-06:00 c0-0c2s1n1 7[?25l
2015-02-11T17:34:57.676865-06:00 c0-0c2s1n1 [80C[10D[1;32mdone[m8[?25h
2015-02-11T17:34:57.727463-06:00 c0-0c2s1n1 [m[?25hMounting /var from 10.131.255.254. Checking for nid=133 existance.
2015-02-11T17:34:57.892339-06:00 c0-0c2s1n1 7[?25l
2015-02-11T17:34:57.892350-06:00 c0-0c2s1n1 [80C[10D[1;32mdone[m8[?25h
2015-02-11T17:34:57.942777-06:00 c0-0c2s1n1 Mounting tmpfs on /tmp7[?25l
2015-02-11T17:34:57.942793-06:00 c0-0c2s1n1 [80C[10D[1;32mdone[m8[?25h
2015-02-11T17:34:57.942822-06:00 c0-0c2s1n1 Running sysctl using values from /etc/sysctl.conf
2015-02-11T17:34:57.942847-06:00 c0-0c2s1n1 net.ipv4.icmp_echo_ignore_broadcasts = 1
2015-02-11T17:34:57.942858-06:00 c0-0c2s1n1 net.ipv4.conf.all.rp_filter = 1
2015-02-11T17:34:57.942867-06:00 c0-0c2s1n1 fs.inotify.max_user_watches = 65536
2015-02-11T17:34:57.942888-06:00 c0-0c2s1n1 net.ipv4.conf.default.promote_secondaries = 1
2015-02-11T17:34:57.942910-06:00 c0-0c2s1n1 net.ipv4.conf.all.promote_secondaries = 1
2015-02-11T17:34:57.942920-06:00 c0-0c2s1n1 vm.min_free_kbytes = 102400
2015-02-11T17:34:57.943048-06:00 c0-0c2s1n1 7[?25l
2015-02-11T17:34:57.943058-06:00 c0-0c2s1n1 [80C[10D[1;32mdone[m8[?25h
2015-02-11T17:34:57.943090-06:00 c0-0c2s1n1 [m[?25hActivating swap-devices in /etc/fstab...
2015-02-11T17:34:57.943100-06:00 c0-0c2s1n1 7[?25l[1A
2015-02-11T17:34:57.943108-06:00 c0-0c2s1n1 [80C[10D[1;32mdone[m8[?25hroot file system (/) is NOT being checked.
2015-02-11T17:34:58.196042-06:00 c0-0c2s1n1 [m[?25hSet System Time to the current Hardware Clock7[?25l
2015-02-11T17:34:58.196074-06:00 c0-0c2s1n1 [80C[10D[1;32mdone[m8[?25h
2015-02-11T17:34:58.221140-06:00 c0-0c2s1n1 [m[?25hActivating device mapper...
2015-02-11T17:34:58.221288-06:00 c0-0c2s1n1 device-mapper: ioctl: 4.23.0-ioctl (2012-07-25) initialised: dm-devel@redhat.com
2015-02-11T17:34:58.221325-06:00 c0-0c2s1n1 7[?25l
2015-02-11T17:34:58.221334-06:00 c0-0c2s1n1 [80C[10D[1;32mdone[m8[?25h
2015-02-11T17:34:58.271612-06:00 c0-0c2s1n1 [m[?25hLoading required kernel modules
2015-02-11T17:34:58.322103-06:00 c0-0c2s1n1 7[?25l[1A
2015-02-11T17:34:58.322123-06:00 c0-0c2s1n1 [80C[10D[1;32mdone[m8[?25h[m[?25h[m[?25hWaiting for udev to settle...
2015-02-11T17:34:58.322171-06:00 c0-0c2s1n1 Scanning for LVM volume groups...
2015-02-11T17:34:58.322210-06:00 c0-0c2s1n1  Reading all physical volumes.  This may take a while...
2015-02-11T17:34:58.347311-06:00 c0-0c2s1n1  No volume groups found
2015-02-11T17:34:58.347350-06:00 c0-0c2s1n1  No volume groups found
2015-02-11T17:34:58.347376-06:00 c0-0c2s1n1 Activating LVM volume groups...
2015-02-11T17:34:58.347393-06:00 c0-0c2s1n1  PARTIAL MODE. Incomplete logical volumes will be processed.
2015-02-11T17:34:58.347403-06:00 c0-0c2s1n1  No volume groups found
2015-02-11T17:34:58.347444-06:00 c0-0c2s1n1 7[?25l
2015-02-11T17:34:58.347457-06:00 c0-0c2s1n1 [80C[10D[1;32mdone[m8[?25h
2015-02-11T17:34:58.372586-06:00 c0-0c2s1n1 [m[?25hNo fibre channel cards present.  Not waiting for disk devices. 
2015-02-11T17:34:58.397806-06:00 c0-0c2s1n1 [m[?25hChecking file systems...
2015-02-11T17:34:58.397844-06:00 c0-0c2s1n1 fsck from util-linux 2.19.1
2015-02-11T17:34:58.397874-06:00 c0-0c2s1n1 Checking all file systems.
2015-02-11T17:34:58.397900-06:00 c0-0c2s1n1 7[?25l[1A
2015-02-11T17:34:58.397912-06:00 c0-0c2s1n1 [80C[10D[1;32mdone[m8[?25hMounting local file systems...
2015-02-11T17:34:58.397933-06:00 c0-0c2s1n1 nothing was mounted
2015-02-11T17:34:58.675598-06:00 c0-0c2s1n1 7[?25l[1A
2015-02-11T17:34:58.675605-06:00 c0-0c2s1n1 [80C[10D[1;32mdone[m8[?25h[m[?25hCheck if the profiles matches the system7[?25l
2015-02-11T17:34:58.675610-06:00 c0-0c2s1n1 [80C[10D[1;32mdone[m8[?25h
2015-02-11T17:34:58.700949-06:00 c0-0c2s1n1 [m[?25hEnabling monitoring on LVM volume groups...
2015-02-11T17:34:58.726123-06:00 c0-0c2s1n1  No volume groups found
2015-02-11T17:34:58.726180-06:00 c0-0c2s1n1 7[?25l
2015-02-11T17:34:58.726188-06:00 c0-0c2s1n1 [80C[10D[1;32mdone[m8[?25h
2015-02-11T17:34:58.791506-06:00 c0-0c2s1n1 [m[?25h[m[?25h[m[?25h[m[?25h[m[?25hTurning quota on
2015-02-11T17:34:58.816789-06:00 c0-0c2s1n1 Checking quotas. This may take some time.
2015-02-11T17:34:58.816799-06:00 c0-0c2s1n1 7[?25l
2015-02-11T17:34:58.816804-06:00 c0-0c2s1n1 [80C[10D[1;32mdone[m8[?25h
2015-02-11T17:34:58.816826-06:00 c0-0c2s1n1 [m[?25hSetting current sysctl status from /etc/sysctl.conf7[?25l
2015-02-11T17:34:58.816840-06:00 c0-0c2s1n1 [80C[10D[1;32mdone[m8[?25h
2015-02-11T17:34:58.974103-06:00 c0-0c2s1n1 [m[?25hATTENTION: You have modified /etc/resolv.conf.  Leaving it untouched...
2015-02-11T17:34:58.999238-06:00 c0-0c2s1n1 You can find my version in /tmp/resolv.conf.UMcJBs ...
2015-02-11T17:34:58.999267-06:00 c0-0c2s1n1 touch: cannot touch `/etc/yp.conf': Read-only file system
2015-02-11T17:34:58.999285-06:00 c0-0c2s1n1 chmod: cannot access `/etc/yp.conf': No such file or directory
2015-02-11T17:34:58.999313-06:00 c0-0c2s1n1 touch: cannot touch `/etc/yp.conf': Read-only file system
2015-02-11T17:34:58.999419-06:00 c0-0c2s1n1 [m[?25hSystem Boot Control: The system has been 
2015-02-11T17:34:58.999427-06:00 c0-0c2s1n1 [80C[10D[1mset up[m
2015-02-11T17:34:58.999450-06:00 c0-0c2s1n1 Skipped features: [80C[19D[1;33mboot.efivars[m
2015-02-11T17:34:58.999482-06:00 c0-0c2s1n1 System Boot Control: Running /etc/init.d/boot.local
2015-02-11T17:34:59.024521-06:00 c0-0c2s1n1 7[?25l[1A
2015-02-11T17:34:59.024529-06:00 c0-0c2s1n1 [8
2015-02-11T17:34:59.024538-06:00 c0-0c2s1n1 INIT: Entering runlevel: 3
2015-02-11T17:34:59.074978-06:00 c0-0c2s1n1 Master Resource Control: previous runlevel: N, switching to runlevel: 
2015-02-11T17:34:59.074986-06:00 c0-0c2s1n1 [80C[10D[1m3[m
2015-02-11T17:34:59.113486-06:00 c0-0c2s1n1 Starting batchlimitd
2015-02-11T17:34:59.138901-06:00 c0-0c2s1n1 [m[?25hLoading nic compatibility device7[?25l
2015-02-11T17:34:59.138911-06:00 c0-0c2s1n1 [80C[10D[1;32mdone[m8[?25h
2015-02-11T17:34:59.341812-06:00 c0-0c2s1n1 [m[?25hbpmcd_init: Power statistics available in /sys/cray
2015-02-11T17:34:59.417169-06:00 c0-0c2s1n1 [m[?25hStarting D-Bus daemon7[?25l
2015-02-11T17:34:59.417188-06:00 c0-0c2s1n1 [80C[10D[1;32mdone[m8[?25h
2015-02-11T17:34:59.417410-06:00 c0-0c2s1n1 [m[?25hiSCSI Enterprise Target Software - version trunk
2015-02-11T17:34:59.417435-06:00 c0-0c2s1n1 iscsi_trgt: Registered io type fileio
2015-02-11T17:34:59.442381-06:00 c0-0c2s1n1 iscsi_trgt: Registered io type blockio
2015-02-11T17:34:59.467663-06:00 c0-0c2s1n1 iscsi_trgt: Registered io type nullio
2015-02-11T17:34:59.492900-06:00 c0-0c2s1n1 [m[?25hLNet: HW CPU cores: 16, npartitions: 4
2015-02-11T17:35:04.522140-06:00 c0-0c2s1n1 /etc/init.d/rc3.d/S01lnet: line 179: lctl: command not found
2015-02-11T17:35:04.547302-06:00 c0-0c2s1n1 [m[?25hRemoving old kernel packages...
2015-02-11T17:35:04.547332-06:00 c0-0c2s1n1 rm: cannot remove `/boot/do_purge_kernels': Read-only file system
2015-02-11T17:35:04.572534-06:00 c0-0c2s1n1 /sbin/purge-kernels: multiversion.kernels not configured in /etc/zypp/zypp.conf, exiting.
2015-02-11T17:35:04.597754-06:00 c0-0c2s1n1 7[?25l
2015-02-11T17:35:04.597763-06:00 c0-0c2s1n1 [80C[10D[1;32mdone[m8[?25h
2015-02-11T17:35:04.622952-06:00 c0-0c2s1n1 [m[?25hInitializing random number generator7[?25l
2015-02-11T17:35:04.622965-06:00 c0-0c2s1n1 [80C[10D[1;32mdone[m8[?25h
2015-02-11T17:35:05.725422-06:00 c0-0c2s1n1 [m[?25hmlx4_core 0000:03:00.0: PCI INT A disabled
2015-02-11T17:35:06.743705-06:00 c0-0c2s1n1 mlx4_core 0000:02:00.0: PCI INT A disabled
2015-02-11T17:35:06.849914-06:00 c0-0c2s1n1 Compat-rdma backport release: ac916cb
2015-02-11T17:35:06.849947-06:00 c0-0c2s1n1 Backport based on git://git.openfabrics.org/compat-rdma/compat.git 5268562
2015-02-11T17:35:06.849956-06:00 c0-0c2s1n1 compat.git: git://git.openfabrics.org/compat-rdma/compat.git
2015-02-11T17:35:06.875140-06:00 c0-0c2s1n1 mlx4_core: Mellanox ConnectX core driver v1.1 (Dec, 2011)
2015-02-11T17:35:06.875198-06:00 c0-0c2s1n1 mlx4_core: Initializing 0000:02:00.0
2015-02-11T17:35:06.875224-06:00 c0-0c2s1n1 mlx4_core 0000:02:00.0: PCI INT A -> GSI 40 (level, low) -> IRQ 40
2015-02-11T17:35:12.730696-06:00 c0-0c2s1n1 mlx4_core 0000:02:00.0: 64B EQEs/CQEs supported by the device but not enabled
2015-02-11T17:35:13.409351-06:00 c0-0c2s1n1 mlx4_core: Initializing 0000:03:00.0
2015-02-11T17:35:13.434574-06:00 c0-0c2s1n1 mlx4_core 0000:03:00.0: PCI INT A -> GSI 42 (level, low) -> IRQ 42
2015-02-11T17:35:19.276195-06:00 c0-0c2s1n1 mlx4_core 0000:03:00.0: 64B EQEs/CQEs supported by the device but not enabled
2015-02-11T17:35:19.993275-06:00 c0-0c2s1n1 <mlx4_ib> mlx4_ib_add: mlx4_ib: Mellanox ConnectX InfiniBand driver v1.0 (April 4, 2008)
2015-02-11T17:35:20.076869-06:00 c0-0c2s1n1 Loading HCA driver and Access Layer:[60G[  [1;32mOK[0;39m  ]
2015-02-11T17:35:20.102077-06:00 c0-0c2s1n1 Setting up InfiniBand network interfaces:
2015-02-11T17:35:20.102122-06:00 c0-0c2s1n1 Setting up service network . . .[60G[  [0;39mdone[0;39m  ]
2015-02-11T17:35:20.553027-06:00 c0-0c2s1n1 [m[?25hSetting up (localfs) network interfaces:
2015-02-11T17:35:20.553044-06:00 c0-0c2s1n1    lo        
2015-02-11T17:35:20.578224-06:00 c0-0c2s1n1    lo        IP address: 127.0.0.1/8   
2015-02-11T17:35:20.578258-06:00 c0-0c2s1n1              IP address: 127.0.0.2/8   
2015-02-11T17:35:20.721645-06:00 c0-0c2s1n1 7[?25l[1A
2015-02-11T17:35:20.721662-06:00 c0-0c2s1n1 [80C[10D[1;32mdone[m8[?25h    ipogif0   
2015-02-11T17:35:20.721682-06:00 c0-0c2s1n1              No configuration found for ipogif0
2015-02-11T17:35:20.747249-06:00 c0-0c2s1n1 7[?25l[1A
2015-02-11T17:35:20.747263-06:00 c0-0c2s1n1 [80C[10D[1munused[m8[?25hSetting up service (localfs) network  .  .  .  .  .  .  .  .  .  .7[?25l
2015-02-11T17:35:20.747273-06:00 c0-0c2s1n1 [80C[10D[1;32mdone[m8[?25h
2015-02-11T17:35:20.747283-06:00 c0-0c2s1n1 [m[?25hCould not start BND as this is not the boot node.
2015-02-11T17:35:20.747294-06:00 c0-0c2s1n1 bootnodes are: 1 1 
2015-02-11T17:35:20.747313-06:00 c0-0c2s1n1 mynid=133
2015-02-11T17:35:20.776339-06:00 c0-0c2s1n1 [m[?25hS04cray-config-service: Mounting 9p configuration directory. 
2015-02-11T17:35:21.800825-06:00 c0-0c2s1n1 S04cray-config-service:   Success.  
2015-02-11T17:35:21.869686-06:00 c0-0c2s1n1 [m[?25h[m[?25hStarting hw_info_init on 133
2015-02-11T17:35:21.869715-06:00 c0-0c2s1n1 bootnodes are: 1 1 
2015-02-11T17:35:21.869736-06:00 c0-0c2s1n1 mynid=133
2015-02-11T17:35:22.312501-06:00 c0-0c2s1n1 [m[?25h[m[?25h 
2015-02-11T17:35:22.312540-06:00 c0-0c2s1n1 cray-syslog: **WARNING**  /etc/security/limits.conf MAY require hard and soft file limits 
2015-02-11T17:35:22.312561-06:00 c0-0c2s1n1 cray-syslog:              greater or equal to 8192 for proper LLM operation 
2015-02-11T17:35:22.312571-06:00 c0-0c2s1n1 cray-syslog:              when large number of jobs are launched concurrently.
2015-02-11T17:35:22.312592-06:00 c0-0c2s1n1 cray-syslog:              If you have failures running large number of concurrent jobs,
2015-02-11T17:35:22.337720-06:00 c0-0c2s1n1 cray-syslog:              you may wish to update the hard and soft nofile entries in 
2015-02-11T17:35:22.337758-06:00 c0-0c2s1n1 cray-syslog:              limits.conf as follows.
2015-02-11T17:35:22.337770-06:00 c0-0c2s1n1 
2015-02-11T17:35:22.337785-06:00 c0-0c2s1n1 cray-syslog: /etc/security/limits.conf: 
2015-02-11T17:35:22.337810-06:00 c0-0c2s1n1 cray-syslog: *  soft  nofile  8192
2015-02-11T17:35:22.362931-06:00 c0-0c2s1n1 cray-syslog: *  hard  nofile  8192
2015-02-11T17:35:22.362958-06:00 c0-0c2s1n1 
2015-02-11T17:35:23.324875-06:00 c0-0c2s1n1 cray-syslog: rsyslogd started as process 6807.
2015-02-11T17:35:24.333683-06:00 c0-0c2s1n1 cray-syslog: llmrd started as process  6820.
2015-02-11T17:35:24.425361-06:00 c0-0c2s1n1 [m[?25h[m[?25hStarting auditd startproc:  exit status of parent of /sbin/auditd: 6
2015-02-11T17:35:24.425391-06:00 c0-0c2s1n1 7[?25l
2015-02-11T17:35:24.425397-06:00 c0-0c2s1n1 [80C[10D[1;32mdone[m8[?25h
2015-02-11T17:35:24.506989-06:00 c0-0c2s1n1 [m[?25hStarting haveged daemon 7[?25l
2015-02-11T17:35:24.506999-06:00 c0-0c2s1n1 [80C[10D[1;32mdone[m8[?25h
2015-02-11T17:35:24.535758-06:00 c0-0c2s1n1 [m[?25hStarting rpcbind 7[?25l
2015-02-11T17:35:24.535768-06:00 c0-0c2s1n1 [80C[10D[1;32mdone[m8[?25h
2015-02-11T17:35:24.560996-06:00 c0-0c2s1n1 [m[?25hbootnodes are: 1 1 
2015-02-11T17:35:24.586206-06:00 c0-0c2s1n1 mynid=133
2015-02-11T17:35:24.688421-06:00 c0-0c2s1n1 [m[?25hStarting NFS client services: sm-notify idmapd7[?25l
2015-02-11T17:35:24.688437-06:00 c0-0c2s1n1 [80C[10D[1;32mdone[m8[?25h
2015-02-11T17:35:24.738927-06:00 c0-0c2s1n1 [m[?25hStarting DVS service: DVS: Revision 1873 - Built: Sep 17 2014 @ 06:40:29 for lnet version 2.5
2015-02-11T17:35:24.789319-06:00 c0-0c2s1n1 Lustre: kgnilnd build version: 2.5-trunk-1.0502.17198.8.51-abuild-RB-5.2UP02_2.5.1-2014-09-17-06:59
2015-02-11T17:35:24.855607-06:00 c0-0c2s1n1 LNet: Added LNI 133@gni [16/512/0/0]
2015-02-11T17:35:25.897745-06:00 c0-0c2s1n1 7[?25l
2015-02-11T17:35:25.897760-06:00 c0-0c2s1n1 [80C[10D[1;32mdone[m8[?25h
2015-02-11T17:35:25.937342-06:00 c0-0c2s1n1 [m[?25hStarting java.binfmt_misc 7[?25l
2015-02-11T17:35:25.937352-06:00 c0-0c2s1n1 [80C[10D[1;32mdone[m8[?25h
2015-02-11T17:35:25.962537-06:00 c0-0c2s1n1 [m[?25hStarting mcelog... 7[?25l
2015-02-11T17:35:25.962557-06:00 c0-0c2s1n1 [80C[10D[1;32mdone[m8[?25h
2015-02-11T17:35:26.044236-06:00 c0-0c2s1n1 [m[?25hSetting up (remotefs) network interfaces:
2015-02-11T17:35:26.155121-06:00 c0-0c2s1n1    sit0      
2015-02-11T17:35:26.180333-06:00 c0-0c2s1n1              No configuration found for sit0
2015-02-11T17:35:26.205543-06:00 c0-0c2s1n1 7[?25l[1A
2015-02-11T17:35:26.205557-06:00 c0-0c2s1n1 [80C[10D[1munused[m8[?25hSetting up service (remotefs) network  .  .  .  .  .  .  .  .  .  .7[?25l
2015-02-11T17:35:26.205564-06:00 c0-0c2s1n1 [80C[10D[1;32mdone[m8[?25h
2015-02-11T17:35:26.230847-06:00 c0-0c2s1n1 [80C[10D[1;32mdone[m8[?25h
2015-02-11T17:35:26.281233-06:00 c0-0c2s1n1 [m[?25hsdbnodes are: 137 137 
2015-02-11T17:35:26.281267-06:00 c0-0c2s1n1 mynid=133
2015-02-11T17:35:26.570030-06:00 c0-0c2s1n1 [m[?25hStarting network time protocol daemon (NTPD)7[?25l
2015-02-11T17:35:26.570047-06:00 c0-0c2s1n1 [80C[10D[1;32mdone[m8[?25h
2015-02-11T17:35:26.570053-06:00 c0-0c2s1n1 [m[?25hStarting MUNGE: munged7[?25l
2015-02-11T17:35:26.570058-06:00 c0-0c2s1n1 [80C[10D[1;32mdone[m8[?25h
2015-02-11T17:35:26.570062-06:00 c0-0c2s1n1 [m[?25h[m[?25h[m[?25hStarting Name Service Cache Daemon7[?25l
2015-02-11T17:35:26.570067-06:00 c0-0c2s1n1 [80C[10D[1;32mdone[m8[?25h
2015-02-11T17:35:26.570072-06:00 c0-0c2s1n1 [m[?25hEnabling Linux Jobs
2015-02-11T17:35:26.570076-06:00 c0-0c2s1n1 [m[?25hStarting alps services
2015-02-11T17:35:27.028978-06:00 c0-0c2s1n1 Starting apsys
2015-02-11T17:35:27.789830-06:00 c0-0c2s1n1 2015-02-11 17:35:22: Switching pid 7423 to /var//opt/cray/alps/log/apsys20150211
2015-02-11T17:35:28.037264-06:00 c0-0c2s1n1 7[?25l
2015-02-11T17:35:28.037287-06:00 c0-0c2s1n1 [80C[10D[1;32mdone[m8[?25h
2015-02-11T17:35:28.062449-06:00 c0-0c2s1n1 [m[?25h<node_health> Starting node_health_recovery
2015-02-11T17:35:28.087722-06:00 c0-0c2s1n1 [m[?25hsdbnodes are: 137 137 
2015-02-11T17:35:28.112986-06:00 c0-0c2s1n1 mynid=133
2015-02-11T17:35:28.113047-06:00 c0-0c2s1n1 [m[?25hblogd: no message logging because /var file system is not accessible
2015-02-11T17:35:28.113078-06:00 c0-0c2s1n1 Boot event: Starting
2015-02-11T17:35:28.113103-06:00 c0-0c2s1n1 Sending ec_node_info with boot code 8 (NODE_INFO_OS_BOOT_SUCCEEDED) for nid 133
2015-02-11T17:35:28.138190-06:00 c0-0c2s1n1 [m[?25hMaster Resource Control: runlevel 3 has been 
2015-02-11T17:35:28.138204-06:00 c0-0c2s1n1 [80C[10D[1mreached[m
2015-02-11T17:35:28.138279-06:00 c0-0c2s1n1 Failed services in runlevel 3: [80C[11D[1;31mlnet[m
2015-02-11T17:35:28.138360-06:00 c0-0c2s1n1 INIT: no more processes left in this runlevel
2015-02-12T14:34:13.705195-06:00 c0-0c2s1n1 VFS: Busy inodes after unmount of 0:1a. Self-destruct in 5 seconds.  Have a nice day...
2015-02-12T14:34:25.882117-06:00 c0-0c2s1n1 INIT: Switching to runlevel: 0
2015-02-12T14:34:25.882631-06:00 c0-0c2s1n1 Boot logging started on /dev/ttyS0((no tty)) at Thu Feb 12 14:34:25 2015
2015-02-12T14:34:25.882830-06:00 c0-0c2s1n1 Master Resource Control: previous runlevel: 3, switching to runlevel: 
2015-02-12T14:34:25.882838-06:00 c0-0c2s1n1 [80C[10D[1m0[m
2015-02-12T14:34:25.907655-06:00 c0-0c2s1n1 sdbnodes are: 137 137 
2015-02-12T14:34:25.944181-06:00 c0-0c2s1n1 mynid=133
2015-02-12T14:34:25.944349-06:00 c0-0c2s1n1 [m[?25hBoot event: Nothing to stop.
2015-02-12T14:34:25.944667-06:00 c0-0c2s1n1 [m[?25hShutting down auditd 7[?25l
2015-02-12T14:34:25.944675-06:00 c0-0c2s1n1 [80C[10D[1;32mdone[m8[?25h
2015-02-12T14:34:25.984280-06:00 c0-0c2s1n1 [m[?25hStopping batchlimitd
2015-02-12T14:34:25.984629-06:00 c0-0c2s1n1 [m[?25hCould not start BND as this is not the boot node.
2015-02-12T14:34:25.984810-06:00 c0-0c2s1n1 bootnodes are: 1 1 
2015-02-12T14:34:25.984834-06:00 c0-0c2s1n1 mynid=133
2015-02-12T14:34:26.033554-06:00 c0-0c2s1n1 [m[?25hK02cray-config-service: Unmounting the configuration directory. 
2015-02-12T14:34:27.010996-06:00 c0-0c2s1n1 K02cray-config-service:   Success.  
2015-02-12T14:34:27.036467-06:00 c0-0c2s1n1 [m[?25hUnloading nic compatibility device7[?25l
2015-02-12T14:34:27.036475-06:00 c0-0c2s1n1 [80C[10D[1;32mdone[m8[?25h
2015-02-12T14:34:27.061504-06:00 c0-0c2s1n1 [m[?25hbpmcd_exit: No local access to power statistics
2015-02-12T14:34:28.885158-06:00 c0-0c2s1n1 [m[?25hStopping DVS service: LNet: 6962:0:(gnilnd.c:761:kgnilnd_complete_closed_conn()) Closed conn 0xffff881009aea000->2@gni (errno -108, peer errno 0): canceled 1 TX, 0/0 RDMA
2015-02-12T14:34:32.125463-06:00 c0-0c2s1n1 LNet: 12540:0:(gnilnd.c:2775:kgnilnd_shutdown()) Waiting for 101 references to clear on net 0
2015-02-12T14:34:37.485341-06:00 c0-0c2s1n1 LNet: Removed LNI 133@gni
2015-02-12T14:34:39.433293-06:00 c0-0c2s1n1 7[?25l
2015-02-12T14:34:39.433301-06:00 c0-0c2s1n1 [80C[10D[1;32mdone[m8[?25h
2015-02-12T14:34:39.521437-06:00 c0-0c2s1n1 [m[?25hShutting down haveged daemon 7[?25l
2015-02-12T14:34:39.521446-06:00 c0-0c2s1n1 [80C[10D[1;32mdone[m8[?25h
2015-02-12T14:34:39.571853-06:00 c0-0c2s1n1 [m[?25hStarting hw_info_init on 133
2015-02-12T14:34:39.571881-06:00 c0-0c2s1n1 bootnodes are: 1 1 
2015-02-12T14:34:39.571986-06:00 c0-0c2s1n1 mynid=133
2015-02-12T14:34:39.609479-06:00 c0-0c2s1n1 [m[?25h[m[?25hShutting down java.binfmt_misc 7[?25l
2015-02-12T14:34:39.609491-06:00 c0-0c2s1n1 [80C[10D[1;32mdone[m8[?25h
2015-02-12T14:35:14.684311-06:00 c0-0c2s1n1 [m[?25hnfs: server 10.131.255.254 not responding, still trying
2015-02-12T15:28:36.738833-06:00 c0-0c2s1n1 ERROR: Type:2; Severity:80; Class:3; Subclass:D; Operation: 2
2015-02-12T15:37:08.052973-06:00 c0-0c2s1n1 Wait4Boot: WRITE: 533 bytes to memory @ 0x90CD0 ... complete
2015-02-12T15:37:08.052981-06:00 c0-0c2s1n1 Wait4Boot: Blade Controller Boot Protocol version - 1
2015-02-12T15:37:08.077634-06:00 c0-0c2s1n1 Wait4Boot: JUMP: KernelStart 0x100000, boot_params 0x90000, CmdLineAddr 0x90CD0
2015-02-12T15:37:08.205066-06:00 c0-0c2s1n1 Decompressing Linux... Parsing ELF... done.
2015-02-12T15:37:08.205216-06:00 c0-0c2s1n1 Booting the kernel.
2015-02-12T15:37:08.230421-06:00 c0-0c2s1n1 Initializing cgroup subsys cpuset
2015-02-12T15:37:08.230543-06:00 c0-0c2s1n1 Initializing cgroup subsys cpu
2015-02-12T15:37:08.255826-06:00 c0-0c2s1n1 Linux version 3.0.101-0.31.1_1.0502.8394-cray_ari_s (abuild@cfosbld05) (gcc version 4.3.4 [gcc-4_3-branch revision 152973] (SUSE Linux) ) #1 SMP Wed Sep 10 04:03:41 UTC 2014
2015-02-12T15:37:08.333009-06:00 c0-0c2s1n1 Command line: earlyprintk=serial,115200 load_ramdisk=1 ramdisk_size=80000 console=ttyS0,115200n8 bootnodeip=10.131.255.254 bootproto=ipog bootpath=/rr/current rootfs=nfs-shared root=/dev/disk/by-id/scsi-3600a09800063789e0000008b54c3a04c-part1 oops=panic bootifnetmask=255.252.0.0 elevator=noop ippob1=10 ippob2=128 pcie_ports=native iommu=on intel_iommu=off bad_page=panic pln_enable=off apei_disable hest_disable erst_disable ghes_disable cgroup_disable=memory active_wlm=ALPS sdbnodeip=10.131.255.253 sessionid=p0-20150212t152812 _cray=marker_ 
2015-02-12T15:37:08.333098-06:00 c0-0c2s1n1 KERNEL supported cpus:
2015-02-12T15:37:08.333200-06:00 c0-0c2s1n1  Intel GenuineIntel
2015-02-12T15:37:08.372796-06:00 c0-0c2s1n1 BIOS-provided physical RAM map:
2015-02-12T15:37:08.373098-06:00 c0-0c2s1n1 BIOS-e820: 0000000000000000 - 00000000000a0000 (usable)
2015-02-12T15:37:08.373291-06:00 c0-0c2s1n1 BIOS-e820: 0000000000100000 - 000000007e67c000 (usable)
2015-02-12T15:37:08.381917-06:00 c0-0c2s1n1 BIOS-e820: 000000007e67c000 - 000000007e790000 (ACPI NVS)
2015-02-12T15:37:08.382073-06:00 c0-0c2s1n1 BIOS-e820: 000000007e790000 - 000000007f395000 (reserved)
2015-02-12T15:37:08.420268-06:00 c0-0c2s1n1 BIOS-e820: 000000007f395000 - 000000007f410000 (ACPI data)
2015-02-12T15:37:08.420544-06:00 c0-0c2s1n1 BIOS-e820: 000000007f410000 - 000000007f491000 (reserved)
2015-02-12T15:37:08.420654-06:00 c0-0c2s1n1 BIOS-e820: 000000007f491000 - 000000007f493000 (usable)
2015-02-12T15:37:08.420818-06:00 c0-0c2s1n1 BIOS-e820: 000000007f493000 - 000000007f494000 (ACPI NVS)
2015-02-12T15:37:08.460635-06:00 c0-0c2s1n1 BIOS-e820: 000000007f494000 - 000000007f49e000 (reserved)
2015-02-12T15:37:08.460890-06:00 c0-0c2s1n1 BIOS-e820: 000000007f49e000 - 000000007f4a6000 (ACPI NVS)
2015-02-12T15:37:08.461203-06:00 c0-0c2s1n1 BIOS-e820: 000000007f4a6000 - 000000007f4d2000 (reserved)
2015-02-12T15:37:08.461315-06:00 c0-0c2s1n1 BIOS-e820: 000000007f4d2000 - 000000007f558000 (ACPI NVS)
2015-02-12T15:37:08.461532-06:00 c0-0c2s1n1 BIOS-e820: 000000007f558000 - 000000007f800000 (usable)
2015-02-12T15:37:08.500327-06:00 c0-0c2s1n1 BIOS-e820: 0000000080000000 - 0000000090000000 (reserved)
2015-02-12T15:37:08.500570-06:00 c0-0c2s1n1 BIOS-e820: 00000000fed1c000 - 00000000fed20000 (reserved)
2015-02-12T15:37:08.500792-06:00 c0-0c2s1n1 BIOS-e820: 00000000ff000000 - 0000000100000000 (reserved)
2015-02-12T15:37:08.508156-06:00 c0-0c2s1n1 BIOS-e820: 0000000100000000 - 0000001080000000 (usable)
2015-02-12T15:37:08.508375-06:00 c0-0c2s1n1 bootconsole [earlyser0] enabled
2015-02-12T15:37:08.508561-06:00 c0-0c2s1n1 NX (Execute Disable) protection: active
2015-02-12T15:37:08.508767-06:00 c0-0c2s1n1 EFI v2.10 by American Megatrends
2015-02-12T15:37:08.533437-06:00 c0-0c2s1n1 ACPI=0x7f395000  ACPI 2.0=0x7f395000  SMBIOS=0xf04c0  MPS=0xfd450 
2015-02-12T15:37:08.533747-06:00 c0-0c2s1n1 EFI: mem00: type=3, attr=0xf, range=[0x0000000000000000-0x0000000000008000) (0MB)
2015-02-12T15:37:08.558595-06:00 c0-0c2s1n1 EFI: mem01: type=7, attr=0xf, range=[0x0000000000008000-0x0000000000060000) (0MB)
2015-02-12T15:37:08.558960-06:00 c0-0c2s1n1 EFI: mem02: type=3, attr=0xf, range=[0x0000000000060000-0x00000000000a0000) (0MB)
2015-02-12T15:37:08.583921-06:00 c0-0c2s1n1 EFI: mem03: type=7, attr=0xf, range=[0x0000000000100000-0x0000000001000000) (15MB)
2015-02-12T15:37:08.584197-06:00 c0-0c2s1n1 EFI: mem04: type=2, attr=0xf, range=[0x0000000001000000-0x0000000001100000) (1MB)
2015-02-12T15:37:08.609115-06:00 c0-0c2s1n1 EFI: mem05: type=4, attr=0xf, range=[0x0000000001100000-0x00000000017ea000) (6MB)
2015-02-12T15:37:08.609395-06:00 c0-0c2s1n1 EFI: mem06: type=3, attr=0xf, range=[0x00000000017ea000-0x00000000017ee000) (0MB)
2015-02-12T15:37:08.634314-06:00 c0-0c2s1n1 EFI: mem07: type=4, attr=0xf, range=[0x00000000017ee000-0x0000000001886000) (0MB)
2015-02-12T15:37:08.634579-06:00 c0-0c2s1n1 EFI: mem08: type=3, attr=0xf, range=[0x0000000001886000-0x000000000188f000) (0MB)
2015-02-12T15:37:08.659707-06:00 c0-0c2s1n1 EFI: mem09: type=4, attr=0xf, range=[0x000000000188f000-0x0000000001892000) (0MB)
2015-02-12T15:37:08.684633-06:00 c0-0c2s1n1 EFI: mem10: type=3, attr=0xf, range=[0x0000000001892000-0x000000000189e000) (0MB)
2015-02-12T15:37:08.684941-06:00 c0-0c2s1n1 EFI: mem11: type=4, attr=0xf, range=[0x000000000189e000-0x00000000018a9000) (0MB)
2015-02-12T15:37:08.724371-06:00 c0-0c2s1n1 EFI: mem12: type=3, attr=0xf, range=[0x00000000018a9000-0x00000000018ab000) (0MB)
2015-02-12T15:37:08.724594-06:00 c0-0c2s1n1 EFI: mem13: type=4, attr=0xf, range=[0x00000000018ab000-0x00000000018ad000) (0MB)
2015-02-12T15:37:08.764387-06:00 c0-0c2s1n1 EFI: mem14: type=3, attr=0xf, range=[0x00000000018ad000-0x00000000018af000) (0MB)
2015-02-12T15:37:08.764714-06:00 c0-0c2s1n1 EFI: mem15: type=4, attr=0xf, range=[0x00000000018af000-0x00000000018b7000) (0MB)
2015-02-12T15:37:08.765011-06:00 c0-0c2s1n1 EFI: mem16: type=3, attr=0xf, range=[0x00000000018b7000-0x00000000018bb000) (0MB)
2015-02-12T15:37:08.765282-06:00 c0-0c2s1n1 EFI: mem17: type=4, attr=0xf, range=[0x00000000018bb000-0x00000000018bd000) (0MB)
2015-02-12T15:37:08.804442-06:00 c0-0c2s1n1 EFI: mem18: type=3, attr=0xf, range=[0x00000000018bd000-0x00000000018bf000) (0MB)
2015-02-12T15:37:08.804695-06:00 c0-0c2s1n1 EFI: mem19: type=4, attr=0xf, range=[0x00000000018bf000-0x00000000018d1000) (0MB)
2015-02-12T15:37:08.811146-06:00 c0-0c2s1n1 EFI: mem20: type=3, attr=0xf, range=[0x00000000018d1000-0x00000000018d7000) (0MB)
2015-02-12T15:37:08.848466-06:00 c0-0c2s1n1 EFI: mem21: type=4, attr=0xf, range=[0x00000000018d7000-0x00000000018f9000) (0MB)
2015-02-12T15:37:08.848692-06:00 c0-0c2s1n1 EFI: mem22: type=3, attr=0xf, range=[0x00000000018f9000-0x0000000001908000) (0MB)
2015-02-12T15:37:08.848962-06:00 c0-0c2s1n1 EFI: mem23: type=4, attr=0xf, range=[0x0000000001908000-0x0000000001921000) (0MB)
2015-02-12T15:37:08.888366-06:00 c0-0c2s1n1 EFI: mem24: type=3, attr=0xf, range=[0x0000000001921000-0x000000000192b000) (0MB)
2015-02-12T15:37:08.888660-06:00 c0-0c2s1n1 EFI: mem25: type=4, attr=0xf, range=[0x000000000192b000-0x0000000001933000) (0MB)
2015-02-12T15:37:08.888909-06:00 c0-0c2s1n1 EFI: mem26: type=3, attr=0xf, range=[0x0000000001933000-0x0000000001936000) (0MB)
2015-02-12T15:37:08.889172-06:00 c0-0c2s1n1 EFI: mem27: type=4, attr=0xf, range=[0x0000000001936000-0x000000000193b000) (0MB)
2015-02-12T15:37:08.928445-06:00 c0-0c2s1n1 EFI: mem28: type=3, attr=0xf, range=[0x000000000193b000-0x000000000193e000) (0MB)
2015-02-12T15:37:08.928679-06:00 c0-0c2s1n1 EFI: mem29: type=4, attr=0xf, range=[0x000000000193e000-0x0000000001964000) (0MB)
2015-02-12T15:37:08.937328-06:00 c0-0c2s1n1 EFI: mem30: type=3, attr=0xf, range=[0x0000000001964000-0x0000000001968000) (0MB)
2015-02-12T15:37:08.937619-06:00 c0-0c2s1n1 EFI: mem31: type=4, attr=0xf, range=[0x0000000001968000-0x000000000198a000) (0MB)
2015-02-12T15:37:08.962527-06:00 c0-0c2s1n1 EFI: mem32: type=3, attr=0xf, range=[0x000000000198a000-0x00000000019b0000) (0MB)
2015-02-12T15:37:08.962790-06:00 c0-0c2s1n1 EFI: mem33: type=4, attr=0xf, range=[0x00000000019b0000-0x00000000019be000) (0MB)
2015-02-12T15:37:08.987859-06:00 c0-0c2s1n1 EFI: mem34: type=3, attr=0xf, range=[0x00000000019be000-0x00000000019ce000) (0MB)
2015-02-12T15:37:08.988169-06:00 c0-0c2s1n1 EFI: mem35: type=4, attr=0xf, range=[0x00000000019ce000-0x00000000019d0000) (0MB)
2015-02-12T15:37:09.013163-06:00 c0-0c2s1n1 EFI: mem36: type=3, attr=0xf, range=[0x00000000019d0000-0x00000000019d7000) (0MB)
2015-02-12T15:37:09.052471-06:00 c0-0c2s1n1 EFI: mem37: type=4, attr=0xf, range=[0x00000000019d7000-0x00000000019e1000) (0MB)
2015-02-12T15:37:09.052733-06:00 c0-0c2s1n1 EFI: mem38: type=3, attr=0xf, range=[0x00000000019e1000-0x00000000019e5000) (0MB)
2015-02-12T15:37:09.052995-06:00 c0-0c2s1n1 EFI: mem39: type=4, attr=0xf, range=[0x00000000019e5000-0x0000000001a02000) (0MB)
2015-02-12T15:37:09.092500-06:00 c0-0c2s1n1 EFI: mem40: type=3, attr=0xf, range=[0x0000000001a02000-0x0000000001a06000) (0MB)
2015-02-12T15:37:09.092792-06:00 c0-0c2s1n1 EFI: mem41: type=4, attr=0xf, range=[0x0000000001a06000-0x0000000001a0a000) (0MB)
2015-02-12T15:37:09.093056-06:00 c0-0c2s1n1 EFI: mem42: type=3, attr=0xf, range=[0x0000000001a0a000-0x0000000001a1e000) (0MB)
2015-02-12T15:37:09.093349-06:00 c0-0c2s1n1 EFI: mem43: type=4, attr=0xf, range=[0x0000000001a1e000-0x0000000001a22000) (0MB)
2015-02-12T15:37:09.132492-06:00 c0-0c2s1n1 EFI: mem44: type=3, attr=0xf, range=[0x0000000001a22000-0x0000000001a26000) (0MB)
2015-02-12T15:37:09.139337-06:00 c0-0c2s1n1 EFI: mem45: type=4, attr=0xf, range=[0x0000000001a26000-0x0000000001a34000) (0MB)
2015-02-12T15:37:09.139608-06:00 c0-0c2s1n1 EFI: mem46: type=3, attr=0xf, range=[0x0000000001a34000-0x0000000001a3b000) (0MB)
2015-02-12T15:37:09.176579-06:00 c0-0c2s1n1 EFI: mem47: type=4, attr=0xf, range=[0x0000000001a3b000-0x0000000001a42000) (0MB)
2015-02-12T15:37:09.176868-06:00 c0-0c2s1n1 EFI: mem48: type=3, attr=0xf, range=[0x0000000001a42000-0x0000000001a4a000) (0MB)
2015-02-12T15:37:09.177107-06:00 c0-0c2s1n1 EFI: mem49: type=4, attr=0xf, range=[0x0000000001a4a000-0x0000000001a4b000) (0MB)
2015-02-12T15:37:09.216547-06:00 c0-0c2s1n1 EFI: mem50: type=3, attr=0xf, range=[0x0000000001a4b000-0x0000000001a4d000) (0MB)
2015-02-12T15:37:09.216834-06:00 c0-0c2s1n1 EFI: mem51: type=4, attr=0xf, range=[0x0000000001a4d000-0x0000000001a52000) (0MB)
2015-02-12T15:37:09.217082-06:00 c0-0c2s1n1 EFI: mem52: type=3, attr=0xf, range=[0x0000000001a52000-0x0000000001a69000) (0MB)
2015-02-12T15:37:09.217361-06:00 c0-0c2s1n1 EFI: mem53: type=4, attr=0xf, range=[0x0000000001a69000-0x0000000001a6f000) (0MB)
2015-02-12T15:37:09.256499-06:00 c0-0c2s1n1 EFI: mem54: type=3, attr=0xf, range=[0x0000000001a6f000-0x0000000001a70000) (0MB)
2015-02-12T15:37:09.256754-06:00 c0-0c2s1n1 EFI: mem55: type=4, attr=0xf, range=[0x0000000001a70000-0x0000000001a71000) (0MB)
2015-02-12T15:37:09.265564-06:00 c0-0c2s1n1 EFI: mem56: type=3, attr=0xf, range=[0x0000000001a71000-0x0000000001a79000) (0MB)
2015-02-12T15:37:09.265841-06:00 c0-0c2s1n1 EFI: mem57: type=4, attr=0xf, range=[0x0000000001a79000-0x0000000001a7a000) (0MB)
2015-02-12T15:37:09.290955-06:00 c0-0c2s1n1 EFI: mem58: type=3, attr=0xf, range=[0x0000000001a7a000-0x0000000001a83000) (0MB)
2015-02-12T15:37:09.328495-06:00 c0-0c2s1n1 EFI: mem59: type=4, attr=0xf, range=[0x0000000001a83000-0x0000000001a85000) (0MB)
2015-02-12T15:37:09.328690-06:00 c0-0c2s1n1 EFI: mem60: type=3, attr=0xf, range=[0x0000000001a85000-0x0000000001abe000) (0MB)
2015-02-12T15:37:09.368372-06:00 c0-0c2s1n1 EFI: mem61: type=4, attr=0xf, range=[0x0000000001abe000-0x0000000001abf000) (0MB)
2015-02-12T15:37:09.368590-06:00 c0-0c2s1n1 EFI: mem62: type=3, attr=0xf, range=[0x0000000001abf000-0x0000000001acc000) (0MB)
2015-02-12T15:37:09.368778-06:00 c0-0c2s1n1 EFI: mem63: type=4, attr=0xf, range=[0x0000000001acc000-0x0000000001ad7000) (0MB)
2015-02-12T15:37:09.368966-06:00 c0-0c2s1n1 EFI: mem64: type=3, attr=0xf, range=[0x0000000001ad7000-0x0000000001adc000) (0MB)
2015-02-12T15:37:09.408357-06:00 c0-0c2s1n1 EFI: mem65: type=4, attr=0xf, range=[0x0000000001adc000-0x0000000001b60000) (0MB)
2015-02-12T15:37:09.408558-06:00 c0-0c2s1n1 EFI: mem66: type=3, attr=0xf, range=[0x0000000001b60000-0x0000000001b7c000) (0MB)
2015-02-12T15:37:09.408785-06:00 c0-0c2s1n1 EFI: mem67: type=4, attr=0xf, range=[0x0000000001b7c000-0x0000000001b84000) (0MB)
2015-02-12T15:37:09.417108-06:00 c0-0c2s1n1 EFI: mem68: type=3, attr=0xf, range=[0x0000000001b84000-0x0000000001b9c000) (0MB)
2015-02-12T15:37:09.417299-06:00 c0-0c2s1n1 EFI: mem69: type=4, attr=0xf, range=[0x0000000001b9c000-0x000000000b210000) (150MB)
2015-02-12T15:37:09.442396-06:00 c0-0c2s1n1 EFI: mem70: type=3, attr=0xf, range=[0x000000000b210000-0x000000000b216000) (0MB)
2015-02-12T15:37:09.442639-06:00 c0-0c2s1n1 EFI: mem71: type=4, attr=0xf, range=[0x000000000b216000-0x000000000b21f000) (0MB)
2015-02-12T15:37:09.467762-06:00 c0-0c2s1n1 EFI: mem72: type=3, attr=0xf, range=[0x000000000b21f000-0x000000000b235000) (0MB)
2015-02-12T15:37:09.467987-06:00 c0-0c2s1n1 EFI: mem73: type=4, attr=0xf, range=[0x000000000b235000-0x000000000b23b000) (0MB)
2015-02-12T15:37:09.492900-06:00 c0-0c2s1n1 EFI: mem74: type=3, attr=0xf, range=[0x000000000b23b000-0x000000000b23e000) (0MB)
2015-02-12T15:37:09.493133-06:00 c0-0c2s1n1 EFI: mem75: type=4, attr=0xf, range=[0x000000000b23e000-0x000000000b242000) (0MB)
2015-02-12T15:37:09.518210-06:00 c0-0c2s1n1 EFI: mem76: type=3, attr=0xf, range=[0x000000000b242000-0x000000000b249000) (0MB)
2015-02-12T15:37:09.556526-06:00 c0-0c2s1n1 EFI: mem77: type=4, attr=0xf, range=[0x000000000b249000-0x000000000b24c000) (0MB)
2015-02-12T15:37:09.556791-06:00 c0-0c2s1n1 EFI: mem78: type=3, attr=0xf, range=[0x000000000b24c000-0x000000000b254000) (0MB)
2015-02-12T15:37:09.600399-06:00 c0-0c2s1n1 EFI: mem79: type=4, attr=0xf, range=[0x000000000b254000-0x000000000b27a000) (0MB)
2015-02-12T15:37:09.600673-06:00 c0-0c2s1n1 EFI: mem80: type=3, attr=0xf, range=[0x000000000b27a000-0x000000000b27e000) (0MB)
2015-02-12T15:37:09.600994-06:00 c0-0c2s1n1 EFI: mem81: type=4, attr=0xf, range=[0x000000000b27e000-0x000000000b282000) (0MB)
2015-02-12T15:37:09.601285-06:00 c0-0c2s1n1 EFI: mem82: type=3, attr=0xf, range=[0x000000000b282000-0x000000000b286000) (0MB)
2015-02-12T15:37:09.636450-06:00 c0-0c2s1n1 EFI: mem83: type=4, attr=0xf, range=[0x000000000b286000-0x000000000b290000) (0MB)
2015-02-12T15:37:09.636701-06:00 c0-0c2s1n1 EFI: mem84: type=3, attr=0xf, range=[0x000000000b290000-0x000000000b2d3000) (0MB)
2015-02-12T15:37:09.644217-06:00 c0-0c2s1n1 EFI: mem85: type=4, attr=0xf, range=[0x000000000b2d3000-0x000000000b2df000) (0MB)
2015-02-12T15:37:09.644514-06:00 c0-0c2s1n1 EFI: mem86: type=3, attr=0xf, range=[0x000000000b2df000-0x000000000b2e9000) (0MB)
2015-02-12T15:37:09.669592-06:00 c0-0c2s1n1 EFI: mem87: type=4, attr=0xf, range=[0x000000000b2e9000-0x000000000b2f8000) (0MB)
2015-02-12T15:37:09.669859-06:00 c0-0c2s1n1 EFI: mem88: type=3, attr=0xf, range=[0x000000000b2f8000-0x000000000b2fc000) (0MB)
2015-02-12T15:37:09.708536-06:00 c0-0c2s1n1 EFI: mem89: type=4, attr=0xf, range=[0x000000000b2fc000-0x000000000b2fd000) (0MB)
2015-02-12T15:37:09.708752-06:00 c0-0c2s1n1 EFI: mem90: type=3, attr=0xf, range=[0x000000000b2fd000-0x000000000b302000) (0MB)
