2015-02-11T17:25:57.385691-06:00 c0-0c1s1n1 ERROR: Type:2; Severity:80; Class:3; Subclass:D; Operation: 2
2015-02-11T17:34:33.079490-06:00 c0-0c1s1n1 Wait4Boot: WRITE: 533 bytes to memory @ 0x90CD0 ... complete
2015-02-11T17:34:33.079500-06:00 c0-0c1s1n1 Wait4Boot: Blade Controller Boot Protocol version - 1
2015-02-11T17:34:33.104497-06:00 c0-0c1s1n1 Wait4Boot: JUMP: KernelStart 0x100000, boot_params 0x90000, CmdLineAddr 0x90CD0
2015-02-11T17:34:33.233672-06:00 c0-0c1s1n1 Decompressing Linux... Parsing ELF... done.
2015-02-11T17:34:33.233793-06:00 c0-0c1s1n1 Booting the kernel.
2015-02-11T17:34:33.258811-06:00 c0-0c1s1n1 Initializing cgroup subsys cpuset
2015-02-11T17:34:33.258961-06:00 c0-0c1s1n1 Initializing cgroup subsys cpu
2015-02-11T17:34:33.284130-06:00 c0-0c1s1n1 Linux version 3.0.101-0.31.1_1.0502.8394-cray_ari_s (abuild@cfosbld05) (gcc version 4.3.4 [gcc-4_3-branch revision 152973] (SUSE Linux) ) #1 SMP Wed Sep 10 04:03:41 UTC 2014
2015-02-11T17:34:33.360135-06:00 c0-0c1s1n1 Command line: earlyprintk=serial,115200 load_ramdisk=1 ramdisk_size=80000 console=ttyS0,115200n8 bootnodeip=10.131.255.254 bootproto=ipog bootpath=/rr/current rootfs=nfs-shared root=/dev/disk/by-id/scsi-3600a09800063789e0000008b54c3a04c-part1 oops=panic bootifnetmask=255.252.0.0 elevator=noop ippob1=10 ippob2=128 pcie_ports=native iommu=on intel_iommu=off bad_page=panic pln_enable=off apei_disable hest_disable erst_disable ghes_disable cgroup_disable=memory active_wlm=ALPS sdbnodeip=10.131.255.253 sessionid=p0-20150211t172524 _cray=marker_ 
2015-02-11T17:34:33.360278-06:00 c0-0c1s1n1 KERNEL supported cpus:
2015-02-11T17:34:33.384981-06:00 c0-0c1s1n1  Intel GenuineIntel
2015-02-11T17:34:33.385081-06:00 c0-0c1s1n1 BIOS-provided physical RAM map:
2015-02-11T17:34:33.385434-06:00 c0-0c1s1n1 BIOS-e820: 0000000000000000 - 00000000000a0000 (usable)
2015-02-11T17:34:33.410207-06:00 c0-0c1s1n1 BIOS-e820: 0000000000100000 - 000000007e67c000 (usable)
2015-02-11T17:34:33.410423-06:00 c0-0c1s1n1 BIOS-e820: 000000007e67c000 - 000000007e790000 (ACPI NVS)
2015-02-11T17:34:33.410568-06:00 c0-0c1s1n1 BIOS-e820: 000000007e790000 - 000000007f395000 (reserved)
2015-02-11T17:34:33.435579-06:00 c0-0c1s1n1 BIOS-e820: 000000007f395000 - 000000007f410000 (ACPI data)
2015-02-11T17:34:33.435757-06:00 c0-0c1s1n1 BIOS-e820: 000000007f410000 - 000000007f491000 (reserved)
2015-02-11T17:34:33.435917-06:00 c0-0c1s1n1 BIOS-e820: 000000007f491000 - 000000007f493000 (usable)
2015-02-11T17:34:33.436119-06:00 c0-0c1s1n1 BIOS-e820: 000000007f493000 - 000000007f494000 (ACPI NVS)
2015-02-11T17:34:33.461030-06:00 c0-0c1s1n1 BIOS-e820: 000000007f494000 - 000000007f49e000 (reserved)
2015-02-11T17:34:33.461278-06:00 c0-0c1s1n1 BIOS-e820: 000000007f49e000 - 000000007f4a6000 (ACPI NVS)
2015-02-11T17:34:33.461616-06:00 c0-0c1s1n1 BIOS-e820: 000000007f4a6000 - 000000007f4d2000 (reserved)
2015-02-11T17:34:33.486396-06:00 c0-0c1s1n1 BIOS-e820: 000000007f4d2000 - 000000007f558000 (ACPI NVS)
2015-02-11T17:34:33.486677-06:00 c0-0c1s1n1 BIOS-e820: 000000007f558000 - 000000007f800000 (usable)
2015-02-11T17:34:33.511481-06:00 c0-0c1s1n1 BIOS-e820: 0000000080000000 - 0000000090000000 (reserved)
2015-02-11T17:34:33.511757-06:00 c0-0c1s1n1 BIOS-e820: 00000000fed1c000 - 00000000fed20000 (reserved)
2015-02-11T17:34:33.511994-06:00 c0-0c1s1n1 BIOS-e820: 00000000ff000000 - 0000000100000000 (reserved)
2015-02-11T17:34:33.536904-06:00 c0-0c1s1n1 BIOS-e820: 0000000100000000 - 0000001080000000 (usable)
2015-02-11T17:34:33.537026-06:00 c0-0c1s1n1 bootconsole [earlyser0] enabled
2015-02-11T17:34:33.537271-06:00 c0-0c1s1n1 NX (Execute Disable) protection: active
2015-02-11T17:34:33.537488-06:00 c0-0c1s1n1 EFI v2.10 by American Megatrends
2015-02-11T17:34:33.562182-06:00 c0-0c1s1n1 ACPI=0x7f395000  ACPI 2.0=0x7f395000  SMBIOS=0xf04c0  MPS=0xfd450 
2015-02-11T17:34:33.562494-06:00 c0-0c1s1n1 EFI: mem00: type=3, attr=0xf, range=[0x0000000000000000-0x0000000000008000) (0MB)
2015-02-11T17:34:33.587412-06:00 c0-0c1s1n1 EFI: mem01: type=7, attr=0xf, range=[0x0000000000008000-0x0000000000060000) (0MB)
2015-02-11T17:34:33.587678-06:00 c0-0c1s1n1 EFI: mem02: type=3, attr=0xf, range=[0x0000000000060000-0x00000000000a0000) (0MB)
2015-02-11T17:34:33.612613-06:00 c0-0c1s1n1 EFI: mem03: type=7, attr=0xf, range=[0x0000000000100000-0x0000000001000000) (15MB)
2015-02-11T17:34:33.612957-06:00 c0-0c1s1n1 EFI: mem04: type=2, attr=0xf, range=[0x0000000001000000-0x0000000001100000) (1MB)
2015-02-11T17:34:33.637954-06:00 c0-0c1s1n1 EFI: mem05: type=4, attr=0xf, range=[0x0000000001100000-0x00000000017ea000) (6MB)
2015-02-11T17:34:33.638267-06:00 c0-0c1s1n1 EFI: mem06: type=3, attr=0xf, range=[0x00000000017ea000-0x00000000017ee000) (0MB)
2015-02-11T17:34:33.662986-06:00 c0-0c1s1n1 EFI: mem07: type=4, attr=0xf, range=[0x00000000017ee000-0x0000000001886000) (0MB)
2015-02-11T17:34:33.663311-06:00 c0-0c1s1n1 EFI: mem08: type=3, attr=0xf, range=[0x0000000001886000-0x000000000188f000) (0MB)
2015-02-11T17:34:33.688329-06:00 c0-0c1s1n1 EFI: mem09: type=4, attr=0xf, range=[0x000000000188f000-0x0000000001892000) (0MB)
2015-02-11T17:34:33.688588-06:00 c0-0c1s1n1 EFI: mem10: type=3, attr=0xf, range=[0x0000000001892000-0x000000000189e000) (0MB)
2015-02-11T17:34:33.713539-06:00 c0-0c1s1n1 EFI: mem11: type=4, attr=0xf, range=[0x000000000189e000-0x00000000018a9000) (0MB)
2015-02-11T17:34:33.713775-06:00 c0-0c1s1n1 EFI: mem12: type=3, attr=0xf, range=[0x00000000018a9000-0x00000000018ab000) (0MB)
2015-02-11T17:34:33.738873-06:00 c0-0c1s1n1 EFI: mem13: type=4, attr=0xf, range=[0x00000000018ab000-0x00000000018ad000) (0MB)
2015-02-11T17:34:33.739128-06:00 c0-0c1s1n1 EFI: mem14: type=3, attr=0xf, range=[0x00000000018ad000-0x00000000018af000) (0MB)
2015-02-11T17:34:33.764159-06:00 c0-0c1s1n1 EFI: mem15: type=4, attr=0xf, range=[0x00000000018af000-0x00000000018b7000) (0MB)
2015-02-11T17:34:33.764447-06:00 c0-0c1s1n1 EFI: mem16: type=3, attr=0xf, range=[0x00000000018b7000-0x00000000018bb000) (0MB)
2015-02-11T17:34:33.789422-06:00 c0-0c1s1n1 EFI: mem17: type=4, attr=0xf, range=[0x00000000018bb000-0x00000000018bd000) (0MB)
2015-02-11T17:34:33.789708-06:00 c0-0c1s1n1 EFI: mem18: type=3, attr=0xf, range=[0x00000000018bd000-0x00000000018bf000) (0MB)
2015-02-11T17:34:33.814631-06:00 c0-0c1s1n1 EFI: mem19: type=4, attr=0xf, range=[0x00000000018bf000-0x00000000018d1000) (0MB)
2015-02-11T17:34:33.839728-06:00 c0-0c1s1n1 EFI: mem20: type=3, attr=0xf, range=[0x00000000018d1000-0x00000000018d7000) (0MB)
2015-02-11T17:34:33.840061-06:00 c0-0c1s1n1 EFI: mem21: type=4, attr=0xf, range=[0x00000000018d7000-0x00000000018f9000) (0MB)
2015-02-11T17:34:33.864987-06:00 c0-0c1s1n1 EFI: mem22: type=3, attr=0xf, range=[0x00000000018f9000-0x0000000001908000) (0MB)
2015-02-11T17:34:33.865330-06:00 c0-0c1s1n1 EFI: mem23: type=4, attr=0xf, range=[0x0000000001908000-0x0000000001921000) (0MB)
2015-02-11T17:34:33.865574-06:00 c0-0c1s1n1 EFI: mem24: type=3, attr=0xf, range=[0x0000000001921000-0x000000000192b000) (0MB)
2015-02-11T17:34:33.890488-06:00 c0-0c1s1n1 EFI: mem25: type=4, attr=0xf, range=[0x000000000192b000-0x0000000001933000) (0MB)
2015-02-11T17:34:33.915533-06:00 c0-0c1s1n1 EFI: mem26: type=3, attr=0xf, range=[0x0000000001933000-0x0000000001936000) (0MB)
2015-02-11T17:34:33.915816-06:00 c0-0c1s1n1 EFI: mem27: type=4, attr=0xf, range=[0x0000000001936000-0x0000000001964000) (0MB)
2015-02-11T17:34:33.940698-06:00 c0-0c1s1n1 EFI: mem28: type=3, attr=0xf, range=[0x0000000001964000-0x0000000001968000) (0MB)
2015-02-11T17:34:33.941040-06:00 c0-0c1s1n1 EFI: mem29: type=4, attr=0xf, range=[0x0000000001968000-0x0000000001987000) (0MB)
2015-02-11T17:34:33.941267-06:00 c0-0c1s1n1 EFI: mem30: type=3, attr=0xf, range=[0x0000000001987000-0x00000000019b0000) (0MB)
2015-02-11T17:34:33.966194-06:00 c0-0c1s1n1 EFI: mem31: type=4, attr=0xf, range=[0x00000000019b0000-0x00000000019ba000) (0MB)
2015-02-11T17:34:33.991149-06:00 c0-0c1s1n1 EFI: mem32: type=3, attr=0xf, range=[0x00000000019ba000-0x00000000019bd000) (0MB)
2015-02-11T17:34:33.991509-06:00 c0-0c1s1n1 EFI: mem33: type=4, attr=0xf, range=[0x00000000019bd000-0x00000000019be000) (0MB)
2015-02-11T17:34:34.016525-06:00 c0-0c1s1n1 EFI: mem34: type=3, attr=0xf, range=[0x00000000019be000-0x00000000019d0000) (0MB)
2015-02-11T17:34:34.016802-06:00 c0-0c1s1n1 EFI: mem35: type=4, attr=0xf, range=[0x00000000019d0000-0x00000000019d3000) (0MB)
2015-02-11T17:34:34.041744-06:00 c0-0c1s1n1 EFI: mem36: type=3, attr=0xf, range=[0x00000000019d3000-0x00000000019d5000) (0MB)
2015-02-11T17:34:34.042050-06:00 c0-0c1s1n1 EFI: mem37: type=4, attr=0xf, range=[0x00000000019d5000-0x00000000019e1000) (0MB)
2015-02-11T17:34:34.067065-06:00 c0-0c1s1n1 EFI: mem38: type=3, attr=0xf, range=[0x00000000019e1000-0x00000000019e5000) (0MB)
2015-02-11T17:34:34.067339-06:00 c0-0c1s1n1 EFI: mem39: type=4, attr=0xf, range=[0x00000000019e5000-0x0000000001a02000) (0MB)
2015-02-11T17:34:34.092277-06:00 c0-0c1s1n1 EFI: mem40: type=3, attr=0xf, range=[0x0000000001a02000-0x0000000001a06000) (0MB)
2015-02-11T17:34:34.092528-06:00 c0-0c1s1n1 EFI: mem41: type=4, attr=0xf, range=[0x0000000001a06000-0x0000000001a0a000) (0MB)
2015-02-11T17:34:34.117537-06:00 c0-0c1s1n1 EFI: mem42: type=3, attr=0xf, range=[0x0000000001a0a000-0x0000000001a1e000) (0MB)
2015-02-11T17:34:34.117774-06:00 c0-0c1s1n1 EFI: mem43: type=4, attr=0xf, range=[0x0000000001a1e000-0x0000000001a22000) (0MB)
2015-02-11T17:34:34.142855-06:00 c0-0c1s1n1 EFI: mem44: type=3, attr=0xf, range=[0x0000000001a22000-0x0000000001a26000) (0MB)
2015-02-11T17:34:34.143110-06:00 c0-0c1s1n1 EFI: mem45: type=4, attr=0xf, range=[0x0000000001a26000-0x0000000001a34000) (0MB)
2015-02-11T17:34:34.168104-06:00 c0-0c1s1n1 EFI: mem46: type=3, attr=0xf, range=[0x0000000001a34000-0x0000000001a3b000) (0MB)
2015-02-11T17:34:34.168394-06:00 c0-0c1s1n1 EFI: mem47: type=4, attr=0xf, range=[0x0000000001a3b000-0x0000000001a42000) (0MB)
2015-02-11T17:34:34.193379-06:00 c0-0c1s1n1 EFI: mem48: type=3, attr=0xf, range=[0x0000000001a42000-0x0000000001a4a000) (0MB)
2015-02-11T17:34:34.193617-06:00 c0-0c1s1n1 EFI: mem49: type=4, attr=0xf, range=[0x0000000001a4a000-0x0000000001a4b000) (0MB)
2015-02-11T17:34:34.218588-06:00 c0-0c1s1n1 EFI: mem50: type=3, attr=0xf, range=[0x0000000001a4b000-0x0000000001a4d000) (0MB)
2015-02-11T17:34:34.218861-06:00 c0-0c1s1n1 EFI: mem51: type=4, attr=0xf, range=[0x0000000001a4d000-0x0000000001a52000) (0MB)
2015-02-11T17:34:34.256322-06:00 c0-0c1s1n1 EFI: mem52: type=3, attr=0xf, range=[0x0000000001a52000-0x0000000001a69000) (0MB)
2015-02-11T17:34:34.256539-06:00 c0-0c1s1n1 EFI: mem53: type=4, attr=0xf, range=[0x0000000001a69000-0x0000000001a6f000) (0MB)
2015-02-11T17:34:34.300324-06:00 c0-0c1s1n1 EFI: mem54: type=3, attr=0xf, range=[0x0000000001a6f000-0x0000000001a70000) (0MB)
2015-02-11T17:34:34.300480-06:00 c0-0c1s1n1 EFI: mem55: type=4, attr=0xf, range=[0x0000000001a70000-0x0000000001a71000) (0MB)
2015-02-11T17:34:34.300682-06:00 c0-0c1s1n1 EFI: mem56: type=3, attr=0xf, range=[0x0000000001a71000-0x0000000001a79000) (0MB)
2015-02-11T17:34:34.300872-06:00 c0-0c1s1n1 EFI: mem57: type=4, attr=0xf, range=[0x0000000001a79000-0x0000000001a7a000) (0MB)
2015-02-11T17:34:34.336230-06:00 c0-0c1s1n1 EFI: mem58: type=3, attr=0xf, range=[0x0000000001a7a000-0x0000000001a83000) (0MB)
2015-02-11T17:34:34.336453-06:00 c0-0c1s1n1 EFI: mem59: type=4, attr=0xf, range=[0x0000000001a83000-0x0000000001a85000) (0MB)
2015-02-11T17:34:34.344860-06:00 c0-0c1s1n1 EFI: mem60: type=3, attr=0xf, range=[0x0000000001a85000-0x0000000001abe000) (0MB)
2015-02-11T17:34:34.345134-06:00 c0-0c1s1n1 EFI: mem61: type=4, attr=0xf, range=[0x0000000001abe000-0x0000000001abf000) (0MB)
2015-02-11T17:34:34.370176-06:00 c0-0c1s1n1 EFI: mem62: type=3, attr=0xf, range=[0x0000000001abf000-0x0000000001acc000) (0MB)
2015-02-11T17:34:34.395236-06:00 c0-0c1s1n1 EFI: mem63: type=4, attr=0xf, range=[0x0000000001acc000-0x0000000001ad7000) (0MB)
2015-02-11T17:34:34.395502-06:00 c0-0c1s1n1 EFI: mem64: type=3, attr=0xf, range=[0x0000000001ad7000-0x0000000001adc000) (0MB)
2015-02-11T17:34:34.420475-06:00 c0-0c1s1n1 EFI: mem65: type=4, attr=0xf, range=[0x0000000001adc000-0x0000000001b60000) (0MB)
2015-02-11T17:34:34.420760-06:00 c0-0c1s1n1 EFI: mem66: type=3, attr=0xf, range=[0x0000000001b60000-0x0000000001b7c000) (0MB)
2015-02-11T17:34:34.420933-06:00 c0-0c1s1n1 EFI: mem67: type=4, attr=0xf, range=[0x0000000001b7c000-0x0000000001b84000) (0MB)
2015-02-11T17:34:34.445950-06:00 c0-0c1s1n1 EFI: mem68: type=3, attr=0xf, range=[0x0000000001b84000-0x0000000001b9c000) (0MB)
2015-02-11T17:34:34.446222-06:00 c0-0c1s1n1 EFI: mem69: type=4, attr=0xf, range=[0x0000000001b9c000-0x000000000b210000) (150MB)
2015-02-11T17:34:34.471172-06:00 c0-0c1s1n1 EFI: mem70: type=3, attr=0xf, range=[0x000000000b210000-0x000000000b216000) (0MB)
2015-02-11T17:34:34.471424-06:00 c0-0c1s1n1 EFI: mem71: type=4, attr=0xf, range=[0x000000000b216000-0x000000000b21f000) (0MB)
2015-02-11T17:34:34.496477-06:00 c0-0c1s1n1 EFI: mem72: type=3, attr=0xf, range=[0x000000000b21f000-0x000000000b235000) (0MB)
2015-02-11T17:34:34.521408-06:00 c0-0c1s1n1 EFI: mem73: type=4, attr=0xf, range=[0x000000000b235000-0x000000000b23b000) (0MB)
2015-02-11T17:34:34.521764-06:00 c0-0c1s1n1 EFI: mem74: type=3, attr=0xf, range=[0x000000000b23b000-0x000000000b23e000) (0MB)
2015-02-11T17:34:34.546875-06:00 c0-0c1s1n1 EFI: mem75: type=4, attr=0xf, range=[0x000000000b23e000-0x000000000b242000) (0MB)
2015-02-11T17:34:34.547136-06:00 c0-0c1s1n1 EFI: mem76: type=3, attr=0xf, range=[0x000000000b242000-0x000000000b249000) (0MB)
2015-02-11T17:34:34.572041-06:00 c0-0c1s1n1 EFI: mem77: type=4, attr=0xf, range=[0x000000000b249000-0x000000000b24c000) (0MB)
2015-02-11T17:34:34.572383-06:00 c0-0c1s1n1 EFI: mem78: type=3, attr=0xf, range=[0x000000000b24c000-0x000000000b254000) (0MB)
2015-02-11T17:34:34.597312-06:00 c0-0c1s1n1 EFI: mem79: type=4, attr=0xf, range=[0x000000000b254000-0x000000000b27a000) (0MB)
2015-02-11T17:34:34.597606-06:00 c0-0c1s1n1 EFI: mem80: type=3, attr=0xf, range=[0x000000000b27a000-0x000000000b27e000) (0MB)
2015-02-11T17:34:34.622599-06:00 c0-0c1s1n1 EFI: mem81: type=4, attr=0xf, range=[0x000000000b27e000-0x000000000b282000) (0MB)
2015-02-11T17:34:34.622876-06:00 c0-0c1s1n1 EFI: mem82: type=3, attr=0xf, range=[0x000000000b282000-0x000000000b286000) (0MB)
2015-02-11T17:34:34.647826-06:00 c0-0c1s1n1 EFI: mem83: type=4, attr=0xf, range=[0x000000000b286000-0x000000000b290000) (0MB)
2015-02-11T17:34:34.648117-06:00 c0-0c1s1n1 EFI: mem84: type=3, attr=0xf, range=[0x000000000b290000-0x000000000b2d3000) (0MB)
2015-02-11T17:34:34.673037-06:00 c0-0c1s1n1 EFI: mem85: type=4, attr=0xf, range=[0x000000000b2d3000-0x000000000b2df000) (0MB)
2015-02-11T17:34:34.673274-06:00 c0-0c1s1n1 EFI: mem86: type=3, attr=0xf, range=[0x000000000b2df000-0x000000000b2e9000) (0MB)
2015-02-11T17:34:34.673540-06:00 c0-0c1s1n1 EFI: mem87: type=4, attr=0xf, range=[0x000000000b2e9000-0x000000000b2f8000) (0MB)
2015-02-11T17:34:34.698558-06:00 c0-0c1s1n1 EFI: mem88: type=3, attr=0xf, range=[0x000000000b2f8000-0x000000000b2fc000) (0MB)
2015-02-11T17:34:34.723644-06:00 c0-0c1s1n1 EFI: mem89: type=4, attr=0xf, range=[0x000000000b2fc000-0x000000000b2fd000) (0MB)
2015-02-11T17:34:34.723918-06:00 c0-0c1s1n1 EFI: mem90: type=3, attr=0xf, range=[0x000000000b2fd000-0x000000000b302000) (0MB)
2015-02-11T17:34:34.748896-06:00 c0-0c1s1n1 EFI: mem91: type=4, attr=0xf, range=[0x000000000b302000-0x000000000b30b000) (0MB)
2015-02-11T17:34:34.749140-06:00 c0-0c1s1n1 EFI: mem92: type=3, attr=0xf, range=[0x000000000b30b000-0x000000000b343000) (0MB)
2015-02-11T17:34:34.774197-06:00 c0-0c1s1n1 EFI: mem93: type=4, attr=0xf, range=[0x000000000b343000-0x000000000b34a000) (0MB)
2015-02-11T17:34:34.774462-06:00 c0-0c1s1n1 EFI: mem94: type=3, attr=0xf, range=[0x000000000b34a000-0x000000000b351000) (0MB)
2015-02-11T17:34:34.799467-06:00 c0-0c1s1n1 EFI: mem95: type=4, attr=0xf, range=[0x000000000b351000-0x000000000b359000) (0MB)
2015-02-11T17:34:34.799743-06:00 c0-0c1s1n1 EFI: mem96: type=3, attr=0xf, range=[0x000000000b359000-0x000000000b35d000) (0MB)
2015-02-11T17:34:34.824719-06:00 c0-0c1s1n1 EFI: mem97: type=4, attr=0xf, range=[0x000000000b35d000-0x000000000b361000) (0MB)
2015-02-11T17:34:34.825037-06:00 c0-0c1s1n1 EFI: mem98: type=3, attr=0xf, range=[0x000000000b361000-0x000000000b369000) (0MB)
2015-02-11T17:34:34.849962-06:00 c0-0c1s1n1 EFI: mem99: type=4, attr=0xf, range=[0x000000000b369000-0x000000000b383000) (0MB)
2015-02-11T17:34:34.850246-06:00 c0-0c1s1n1 EFI: mem100: type=3, attr=0xf, range=[0x000000000b383000-0x000000000b389000) (0MB)
2015-02-11T17:34:34.875208-06:00 c0-0c1s1n1 EFI: mem101: type=4, attr=0xf, range=[0x000000000b389000-0x000000000b3ab000) (0MB)
2015-02-11T17:34:34.875483-06:00 c0-0c1s1n1 EFI: mem102: type=3, attr=0xf, range=[0x000000000b3ab000-0x000000000b3b2000) (0MB)
2015-02-11T17:34:34.900412-06:00 c0-0c1s1n1 EFI: mem103: type=4, attr=0xf, range=[0x000000000b3b2000-0x000000000b3b6000) (0MB)
2015-02-11T17:34:34.900694-06:00 c0-0c1s1n1 EFI: mem104: type=3, attr=0xf, range=[0x000000000b3b6000-0x000000000b3c8000) (0MB)
2015-02-11T17:34:34.925649-06:00 c0-0c1s1n1 EFI: mem105: type=4, attr=0xf, range=[0x000000000b3c8000-0x000000000b3cb000) (0MB)
2015-02-11T17:34:34.925933-06:00 c0-0c1s1n1 EFI: mem106: type=3, attr=0xf, range=[0x000000000b3cb000-0x000000000b3d6000) (0MB)
2015-02-11T17:34:34.950967-06:00 c0-0c1s1n1 EFI: mem107: type=4, attr=0xf, range=[0x000000000b3d6000-0x000000000b45b000) (0MB)
2015-02-11T17:34:34.951269-06:00 c0-0c1s1n1 EFI: mem108: type=3, attr=0xf, range=[0x000000000b45b000-0x000000000b45e000) (0MB)
2015-02-11T17:34:34.976203-06:00 c0-0c1s1n1 EFI: mem109: type=4, attr=0xf, range=[0x000000000b45e000-0x000000000b474000) (0MB)
2015-02-11T17:34:34.976498-06:00 c0-0c1s1n1 EFI: mem110: type=3, attr=0xf, range=[0x000000000b474000-0x000000000b47b000) (0MB)
2015-02-11T17:34:35.001450-06:00 c0-0c1s1n1 EFI: mem111: type=4, attr=0xf, range=[0x000000000b47b000-0x000000000b48a000) (0MB)
2015-02-11T17:34:35.001747-06:00 c0-0c1s1n1 EFI: mem112: type=3, attr=0xf, range=[0x000000000b48a000-0x000000000b48e000) (0MB)
2015-02-11T17:34:35.026615-06:00 c0-0c1s1n1 EFI: mem113: type=4, attr=0xf, range=[0x000000000b48e000-0x000000000b4b0000) (0MB)
2015-02-11T17:34:35.026925-06:00 c0-0c1s1n1 EFI: mem114: type=3, attr=0xf, range=[0x000000000b4b0000-0x000000000b4b5000) (0MB)
2015-02-11T17:34:35.051933-06:00 c0-0c1s1n1 EFI: mem115: type=4, attr=0xf, range=[0x000000000b4b5000-0x000000000b4c9000) (0MB)
2015-02-11T17:34:35.052218-06:00 c0-0c1s1n1 EFI: mem116: type=7, attr=0xf, range=[0x000000000b4c9000-0x000000000b4ca000) (0MB)
2015-02-11T17:34:35.077211-06:00 c0-0c1s1n1 EFI: mem117: type=4, attr=0xf, range=[0x000000000b4ca000-0x000000000b53d000) (0MB)
2015-02-11T17:34:35.077489-06:00 c0-0c1s1n1 EFI: mem118: type=3, attr=0xf, range=[0x000000000b53d000-0x000000000b551000) (0MB)
2015-02-11T17:34:35.102378-06:00 c0-0c1s1n1 EFI: mem119: type=4, attr=0xf, range=[0x000000000b551000-0x000000000b5ae000) (0MB)
2015-02-11T17:34:35.102652-06:00 c0-0c1s1n1 EFI: mem120: type=3, attr=0xf, range=[0x000000000b5ae000-0x000000000b5b7000) (0MB)
2015-02-11T17:34:35.127710-06:00 c0-0c1s1n1 EFI: mem121: type=4, attr=0xf, range=[0x000000000b5b7000-0x000000000b5b8000) (0MB)
2015-02-11T17:34:35.128013-06:00 c0-0c1s1n1 EFI: mem122: type=2, attr=0xf, range=[0x000000000b5b8000-0x000000000b5ba000) (0MB)
2015-02-11T17:34:35.152970-06:00 c0-0c1s1n1 EFI: mem123: type=7, attr=0xf, range=[0x000000000b5ba000-0x000000000b5bc000) (0MB)
2015-02-11T17:34:35.153232-06:00 c0-0c1s1n1 EFI: mem124: type=4, attr=0xf, range=[0x000000000b5bc000-0x000000000b5c6000) (0MB)
2015-02-11T17:34:35.178279-06:00 c0-0c1s1n1 EFI: mem125: type=7, attr=0xf, range=[0x000000000b5c6000-0x000000000b5cc000) (0MB)
2015-02-11T17:34:35.178551-06:00 c0-0c1s1n1 EFI: mem126: type=4, attr=0xf, range=[0x000000000b5cc000-0x000000000b7e0000) (2MB)
2015-02-11T17:34:35.203538-06:00 c0-0c1s1n1 EFI: mem127: type=7, attr=0xf, range=[0x000000000b7e0000-0x000000000b7ee000) (0MB)
2015-02-11T17:34:35.203793-06:00 c0-0c1s1n1 EFI: mem128: type=1, attr=0xf, range=[0x000000000b7ee000-0x000000000b7ff000) (0MB)
2015-02-11T17:34:35.228779-06:00 c0-0c1s1n1 EFI: mem129: type=7, attr=0xf, range=[0x000000000b7ff000-0x000000007e67c000) (1838MB)
2015-02-11T17:34:35.229071-06:00 c0-0c1s1n1 EFI: mem130: type=10, attr=0xf, range=[0x000000007e67c000-0x000000007e790000) (1MB)
2015-02-11T17:34:35.254039-06:00 c0-0c1s1n1 EFI: mem131: type=0, attr=0xf, range=[0x000000007e790000-0x000000007e792000) (0MB)
2015-02-11T17:34:35.292161-06:00 c0-0c1s1n1 EFI: mem132: type=6, attr=0x800000000000000f, range=[0x000000007e792000-0x000000007f395000) (12MB)
2015-02-11T17:34:35.292353-06:00 c0-0c1s1n1 EFI: mem133: type=9, attr=0xf, range=[0x000000007f395000-0x000000007f410000) (0MB)
2015-02-11T17:34:35.336271-06:00 c0-0c1s1n1 EFI: mem134: type=5, attr=0x800000000000000f, range=[0x000000007f410000-0x000000007f41a000) (0MB)
2015-02-11T17:34:35.336461-06:00 c0-0c1s1n1 EFI: mem135: type=0, attr=0xf, range=[0x000000007f41a000-0x000000007f41c000) (0MB)
2015-02-11T17:34:35.336756-06:00 c0-0c1s1n1 EFI: mem136: type=6, attr=0x800000000000000f, range=[0x000000007f41c000-0x000000007f42d000) (0MB)
2015-02-11T17:34:35.336913-06:00 c0-0c1s1n1 EFI: mem137: type=0, attr=0xf, range=[0x000000007f42d000-0x000000007f43d000) (0MB)
2015-02-11T17:34:35.372216-06:00 c0-0c1s1n1 EFI: mem138: type=6, attr=0x800000000000000f, range=[0x000000007f43d000-0x000000007f45e000) (0MB)
2015-02-11T17:34:35.372452-06:00 c0-0c1s1n1 EFI: mem139: type=5, attr=0x800000000000000f, range=[0x000000007f45e000-0x000000007f462000) (0MB)
2015-02-11T17:34:35.380170-06:00 c0-0c1s1n1 EFI: mem140: type=0, attr=0xf, range=[0x000000007f462000-0x000000007f46b000) (0MB)
2015-02-11T17:34:35.405404-06:00 c0-0c1s1n1 EFI: mem141: type=5, attr=0x800000000000000f, range=[0x000000007f46b000-0x000000007f46d000) (0MB)
2015-02-11T17:34:35.405683-06:00 c0-0c1s1n1 EFI: mem142: type=0, attr=0xf, range=[0x000000007f46d000-0x000000007f471000) (0MB)
2015-02-11T17:34:35.430592-06:00 c0-0c1s1n1 EFI: mem143: type=5, attr=0x800000000000000f, range=[0x000000007f471000-0x000000007f472000) (0MB)
2015-02-11T17:34:35.430876-06:00 c0-0c1s1n1 EFI: mem144: type=6, attr=0x800000000000000f, range=[0x000000007f472000-0x000000007f473000) (0MB)
2015-02-11T17:34:35.468277-06:00 c0-0c1s1n1 EFI: mem145: type=5, attr=0x800000000000000f, range=[0x000000007f473000-0x000000007f476000) (0MB)
2015-02-11T17:34:35.468458-06:00 c0-0c1s1n1 EFI: mem146: type=0, attr=0xf, range=[0x000000007f476000-0x000000007f486000) (0MB)
2015-02-11T17:34:35.508315-06:00 c0-0c1s1n1 EFI: mem147: type=5, attr=0x800000000000000f, range=[0x000000007f486000-0x000000007f491000) (0MB)
2015-02-11T17:34:35.508518-06:00 c0-0c1s1n1 EFI: mem148: type=7, attr=0xf, range=[0x000000007f491000-0x000000007f493000) (0MB)
2015-02-11T17:34:35.508688-06:00 c0-0c1s1n1 EFI: mem149: type=10, attr=0xf, range=[0x000000007f493000-0x000000007f494000) (0MB)
2015-02-11T17:34:35.548225-06:00 c0-0c1s1n1 EFI: mem150: type=6, attr=0x800000000000000f, range=[0x000000007f494000-0x000000007f49b000) (0MB)
2015-02-11T17:34:35.548476-06:00 c0-0c1s1n1 EFI: mem151: type=5, attr=0x800000000000000f, range=[0x000000007f49b000-0x000000007f49e000) (0MB)
2015-02-11T17:34:35.556896-06:00 c0-0c1s1n1 EFI: mem152: type=10, attr=0xf, range=[0x000000007f49e000-0x000000007f4a6000) (0MB)
2015-02-11T17:34:35.581976-06:00 c0-0c1s1n1 EFI: mem153: type=6, attr=0x800000000000000f, range=[0x000000007f4a6000-0x000000007f4a7000) (0MB)
2015-02-11T17:34:35.582289-06:00 c0-0c1s1n1 EFI: mem154: type=5, attr=0x800000000000000f, range=[0x000000007f4a7000-0x000000007f4ab000) (0MB)
2015-02-11T17:34:35.607390-06:00 c0-0c1s1n1 EFI: mem155: type=6, attr=0x800000000000000f, range=[0x000000007f4ab000-0x000000007f4bd000) (0MB)
2015-02-11T17:34:35.607663-06:00 c0-0c1s1n1 EFI: mem156: type=5, attr=0x800000000000000f, range=[0x000000007f4bd000-0x000000007f4cf000) (0MB)
2015-02-11T17:34:35.632637-06:00 c0-0c1s1n1 EFI: mem157: type=6, attr=0x800000000000000f, range=[0x000000007f4cf000-0x000000007f4d2000) (0MB)
2015-02-11T17:34:35.657811-06:00 c0-0c1s1n1 EFI: mem158: type=10, attr=0xf, range=[0x000000007f4d2000-0x000000007f558000) (0MB)
2015-02-11T17:34:35.658077-06:00 c0-0c1s1n1 EFI: mem159: type=3, attr=0xf, range=[0x000000007f558000-0x000000007f7e0000) (2MB)
2015-02-11T17:34:35.683078-06:00 c0-0c1s1n1 EFI: mem160: type=4, attr=0xf, range=[0x000000007f7e0000-0x000000007f7ef000) (0MB)
2015-02-11T17:34:35.683391-06:00 c0-0c1s1n1 EFI: mem161: type=3, attr=0xf, range=[0x000000007f7ef000-0x000000007f800000) (0MB)
2015-02-11T17:34:35.708336-06:00 c0-0c1s1n1 EFI: mem162: type=7, attr=0xf, range=[0x0000000100000000-0x0000001080000000) (63488MB)
2015-02-11T17:34:35.708719-06:00 c0-0c1s1n1 EFI: mem163: type=11, attr=0x8000000000000001, range=[0x0000000080000000-0x0000000090000000) (256MB)
2015-02-11T17:34:35.733692-06:00 c0-0c1s1n1 EFI: mem164: type=11, attr=0x8000000000000001, range=[0x00000000fed1c000-0x00000000fed20000) (0MB)
2015-02-11T17:34:35.734076-06:00 c0-0c1s1n1 EFI: mem165: type=11, attr=0x8000000000000001, range=[0x00000000ff000000-0x0000000100000000) (16MB)
2015-02-11T17:34:35.734129-06:00 c0-0c1s1n1 DMI 2.7 present.
2015-02-11T17:34:35.758936-06:00 c0-0c1s1n1 last_pfn = 0x1080000 max_arch_pfn = 0x400000000
2015-02-11T17:34:35.783932-06:00 c0-0c1s1n1 x86 PAT enabled: cpu 0, old 0x7040600070406, new 0x7010600070106
2015-02-11T17:34:35.784135-06:00 c0-0c1s1n1 last_pfn = 0x7f800 max_arch_pfn = 0x400000000
2015-02-11T17:34:35.784309-06:00 c0-0c1s1n1 found SMP MP-table at [ffff8800000fd830] fd830
2015-02-11T17:34:35.784470-06:00 c0-0c1s1n1 Using GB pages for direct mapping
2015-02-11T17:34:35.809469-06:00 c0-0c1s1n1 init_memory_mapping: 0000000000000000-000000007f800000
2015-02-11T17:34:35.809684-06:00 c0-0c1s1n1 init_memory_mapping: 0000000100000000-0000001080000000
2015-02-11T17:34:35.809818-06:00 c0-0c1s1n1 nmi ring buffer: 262144
2015-02-11T17:34:35.834502-06:00 c0-0c1s1n1 RAMDISK: 0fa00000 - 10610000
2015-02-11T17:34:35.834745-06:00 c0-0c1s1n1 ACPI: RSDP 000000007f395000 00024 (v02 ALASKA)
2015-02-11T17:34:35.835063-06:00 c0-0c1s1n1 ACPI: XSDT 000000007f395088 0008C (v01 ALASKA    A M I 01072009 AMI  00010013)
2015-02-11T17:34:35.860006-06:00 c0-0c1s1n1 ACPI: FACP 000000007f39ee50 000F4 (v04 ALASKA    A M I 01072009 AMI  00010013)
2015-02-11T17:34:35.860278-06:00 c0-0c1s1n1 ACPI: DSDT 000000007f3951a0 09CAD (v02 ALASKA    A M I 00000016 INTL 20051117)
2015-02-11T17:34:35.860468-06:00 c0-0c1s1n1 ACPI: FACS 000000007f4a3f80 00040
2015-02-11T17:34:35.885339-06:00 c0-0c1s1n1 ACPI: APIC 000000007f39ef48 00138 (v03 ALASKA    A M I 01072009 AMI  00010013)
2015-02-11T17:34:35.885699-06:00 c0-0c1s1n1 ACPI: FPDT 000000007f39f080 00044 (v01 ALASKA    A M I 01072009 AMI  00010013)
2015-02-11T17:34:35.910595-06:00 c0-0c1s1n1 ACPI: MCFG 000000007f39f0c8 0003C (v01 ALASKA OEMMCFG. 01072009 MSFT 00000097)
2015-02-11T17:34:35.910878-06:00 c0-0c1s1n1 ACPI: HPET 000000007f39f108 00038 (v01 ALASKA    A M I 01072009 AMI. 00000004)
2015-02-11T17:34:35.935757-06:00 c0-0c1s1n1 ACPI: PRAD 000000007f39f140 000BE (v02 PRADID  PRADTID 00000001 MSFT 03000001)
2015-02-11T17:34:35.936032-06:00 c0-0c1s1n1 ACPI: SSDT 000000007f39f200 70104 (v02  INTEL    CpuPm 00004000 INTL 20051117)
2015-02-11T17:34:35.960843-06:00 c0-0c1s1n1 ACPI: SPCR 000000007f40f308 00050 (v01  A M I   APTIO4 01072009 AMI. 00000004)
2015-02-11T17:34:35.961185-06:00 c0-0c1s1n1 ACPI: EINJ 000000007f40f358 00130 (v01    AMI AMI EINJ 00000000      00000000)
2015-02-11T17:34:35.986266-06:00 c0-0c1s1n1 ACPI: ERST 000000007f40f488 00230 (v01  AMIER AMI ERST 00000000      00000000)
2015-02-11T17:34:35.986568-06:00 c0-0c1s1n1 ACPI: HEST 000000007f40f6b8 000A8 (v01    AMI AMI HEST 00000000      00000000)
2015-02-11T17:34:36.011429-06:00 c0-0c1s1n1 ACPI: BERT 000000007f40f760 00030 (v01    AMI AMI BERT 00000000      00000000)
2015-02-11T17:34:36.011694-06:00 c0-0c1s1n1 ACPI: DMAR 000000007f40f790 000BC (v01 A M I   OEMDMAR 00000001 INTL 00000001)
2015-02-11T17:34:36.011787-06:00 c0-0c1s1n1 No NUMA configuration found
2015-02-11T17:34:36.011919-06:00 c0-0c1s1n1 Faking a node at 0000000000000000-0000001080000000
2015-02-11T17:34:36.036677-06:00 c0-0c1s1n1 Initmem setup node 0 0000000000000000-0000001080000000
2015-02-11T17:34:36.036833-06:00 c0-0c1s1n1  NODE_DATA [000000107ffbb000 - 000000107ffbffff]
2015-02-11T17:34:36.263625-06:00 c0-0c1s1n1 Zone PFN ranges:
2015-02-11T17:34:36.263695-06:00 c0-0c1s1n1  DMA      0x00000010 -> 0x00001000
2015-02-11T17:34:36.263715-06:00 c0-0c1s1n1  DMA32    0x00001000 -> 0x00100000
2015-02-11T17:34:36.263783-06:00 c0-0c1s1n1  Normal   0x00100000 -> 0x01080000
2015-02-11T17:34:36.263839-06:00 c0-0c1s1n1 Movable zone start PFN for each node
2015-02-11T17:34:36.263878-06:00 c0-0c1s1n1 early_node_map[5] active PFN ranges
2015-02-11T17:34:36.288960-06:00 c0-0c1s1n1    0: 0x00000010 -> 0x000000a0
2015-02-11T17:34:36.288996-06:00 c0-0c1s1n1    0: 0x00000100 -> 0x0007e67c
2015-02-11T17:34:36.289096-06:00 c0-0c1s1n1    0: 0x0007f491 -> 0x0007f493
2015-02-11T17:34:36.289184-06:00 c0-0c1s1n1    0: 0x0007f558 -> 0x0007f800
2015-02-11T17:34:36.314152-06:00 c0-0c1s1n1    0: 0x00100000 -> 0x01080000
2015-02-11T17:34:36.943855-06:00 c0-0c1s1n1 ACPI: LAPIC (acpi_id[0x00] lapic_id[0x00] enabled)
2015-02-11T17:34:36.943962-06:00 c0-0c1s1n1 ACPI: LAPIC (acpi_id[0x02] lapic_id[0x02] enabled)
2015-02-11T17:34:36.944072-06:00 c0-0c1s1n1 ACPI: LAPIC (acpi_id[0x04] lapic_id[0x04] enabled)
2015-02-11T17:34:36.969169-06:00 c0-0c1s1n1 ACPI: LAPIC (acpi_id[0x06] lapic_id[0x06] enabled)
2015-02-11T17:34:36.969277-06:00 c0-0c1s1n1 ACPI: LAPIC (acpi_id[0x08] lapic_id[0x08] enabled)
2015-02-11T17:34:36.969476-06:00 c0-0c1s1n1 ACPI: LAPIC (acpi_id[0x0a] lapic_id[0x0a] enabled)
2015-02-11T17:34:36.969616-06:00 c0-0c1s1n1 ACPI: LAPIC (acpi_id[0x0c] lapic_id[0x0c] enabled)
2015-02-11T17:34:36.994271-06:00 c0-0c1s1n1 ACPI: LAPIC (acpi_id[0x0e] lapic_id[0x0e] enabled)
2015-02-11T17:34:36.994548-06:00 c0-0c1s1n1 ACPI: LAPIC (acpi_id[0x01] lapic_id[0x01] enabled)
2015-02-11T17:34:36.994735-06:00 c0-0c1s1n1 ACPI: LAPIC (acpi_id[0x03] lapic_id[0x03] enabled)
2015-02-11T17:34:36.994926-06:00 c0-0c1s1n1 ACPI: LAPIC (acpi_id[0x05] lapic_id[0x05] enabled)
2015-02-11T17:34:37.019730-06:00 c0-0c1s1n1 ACPI: LAPIC (acpi_id[0x07] lapic_id[0x07] enabled)
2015-02-11T17:34:37.019899-06:00 c0-0c1s1n1 ACPI: LAPIC (acpi_id[0x09] lapic_id[0x09] enabled)
2015-02-11T17:34:37.044819-06:00 c0-0c1s1n1 ACPI: LAPIC (acpi_id[0x0b] lapic_id[0x0b] enabled)
2015-02-11T17:34:37.045108-06:00 c0-0c1s1n1 ACPI: LAPIC (acpi_id[0x0d] lapic_id[0x0d] enabled)
2015-02-11T17:34:37.045352-06:00 c0-0c1s1n1 ACPI: LAPIC (acpi_id[0x0f] lapic_id[0x0f] enabled)
2015-02-11T17:34:37.084236-06:00 c0-0c1s1n1 ACPI: LAPIC_NMI (acpi_id[0x00] high edge lint[0x1])
2015-02-11T17:34:37.084502-06:00 c0-0c1s1n1 ACPI: LAPIC_NMI (acpi_id[0x02] high edge lint[0x1])
2015-02-11T17:34:37.084710-06:00 c0-0c1s1n1 ACPI: LAPIC_NMI (acpi_id[0x04] high edge lint[0x1])
2015-02-11T17:34:37.124152-06:00 c0-0c1s1n1 ACPI: LAPIC_NMI (acpi_id[0x06] high edge lint[0x1])
2015-02-11T17:34:37.124379-06:00 c0-0c1s1n1 ACPI: LAPIC_NMI (acpi_id[0x08] high edge lint[0x1])
2015-02-11T17:34:37.124592-06:00 c0-0c1s1n1 ACPI: LAPIC_NMI (acpi_id[0x0a] high edge lint[0x1])
2015-02-11T17:34:37.124799-06:00 c0-0c1s1n1 ACPI: LAPIC_NMI (acpi_id[0x0c] high edge lint[0x1])
2015-02-11T17:34:37.124998-06:00 c0-0c1s1n1 ACPI: LAPIC_NMI (acpi_id[0x0e] high edge lint[0x1])
2015-02-11T17:34:37.125208-06:00 c0-0c1s1n1 ACPI: LAPIC_NMI (acpi_id[0x01] high edge lint[0x1])
2015-02-11T17:34:37.125390-06:00 c0-0c1s1n1 ACPI: LAPIC_NMI (acpi_id[0x03] high edge lint[0x1])
2015-02-11T17:34:37.164236-06:00 c0-0c1s1n1 ACPI: LAPIC_NMI (acpi_id[0x05] high edge lint[0x1])
2015-02-11T17:34:37.164484-06:00 c0-0c1s1n1 ACPI: LAPIC_NMI (acpi_id[0x07] high edge lint[0x1])
2015-02-11T17:34:37.164688-06:00 c0-0c1s1n1 ACPI: LAPIC_NMI (acpi_id[0x09] high edge lint[0x1])
2015-02-11T17:34:37.171263-06:00 c0-0c1s1n1 ACPI: LAPIC_NMI (acpi_id[0x0b] high edge lint[0x1])
2015-02-11T17:34:37.171628-06:00 c0-0c1s1n1 ACPI: LAPIC_NMI (acpi_id[0x0d] high edge lint[0x1])
2015-02-11T17:34:37.196355-06:00 c0-0c1s1n1 ACPI: LAPIC_NMI (acpi_id[0x0f] high edge lint[0x1])
2015-02-11T17:34:37.196609-06:00 c0-0c1s1n1 ACPI: IOAPIC (id[0x00] address[0xfec00000] gsi_base[0])
2015-02-11T17:34:37.196979-06:00 c0-0c1s1n1 IOAPIC[0]: apic_id 0, version 32, address 0xfec00000, GSI 0-23
2015-02-11T17:34:37.221674-06:00 c0-0c1s1n1 ACPI: IOAPIC (id[0x02] address[0xfec01000] gsi_base[24])
2015-02-11T17:34:37.222046-06:00 c0-0c1s1n1 IOAPIC[1]: apic_id 2, version 32, address 0xfec01000, GSI 24-47
2015-02-11T17:34:37.222336-06:00 c0-0c1s1n1 ACPI: INT_SRC_OVR (bus 0 bus_irq 0 global_irq 2 dfl dfl)
2015-02-11T17:34:37.246905-06:00 c0-0c1s1n1 ACPI: INT_SRC_OVR (bus 0 bus_irq 9 global_irq 9 high level)
2015-02-11T17:34:37.247163-06:00 c0-0c1s1n1 Using ACPI (MADT) for SMP configuration information
2015-02-11T17:34:37.247369-06:00 c0-0c1s1n1 ACPI: HPET id: 0x8086a701 base: 0xfed00000
2015-02-11T17:34:37.247543-06:00 c0-0c1s1n1 SMP: Allowing 16 CPUs, 0 hotplug CPUs
2015-02-11T17:34:37.272292-06:00 c0-0c1s1n1 Allocating PCI resources starting at 90000000 (gap: 90000000:6ed1c000)
2015-02-11T17:34:37.272622-06:00 c0-0c1s1n1 setup_percpu: NR_CPUS:128 nr_cpumask_bits:128 nr_cpu_ids:16 nr_node_ids:1
2015-02-11T17:34:37.297553-06:00 c0-0c1s1n1 PERCPU: Embedded 25 pages/cpu @ffff88107fa00000 s72704 r8192 d21504 u131072
2015-02-11T17:34:37.297877-06:00 c0-0c1s1n1 Built 1 zonelists in Zone order, mobility grouping on.  Total pages: 16534701
2015-02-11T17:34:37.297923-06:00 c0-0c1s1n1 Policy zone: Normal
2015-02-11T17:34:37.398661-06:00 c0-0c1s1n1 Kernel command line: earlyprintk=serial,115200 load_ramdisk=1 ramdisk_size=80000 console=ttyS0,115200n8 bootnodeip=10.131.255.254 bootproto=ipog bootpath=/rr/current rootfs=nfs-shared root=/dev/disk/by-id/scsi-3600a09800063789e0000008b54c3a04c-part1 oops=panic bootifnetmask=255.252.0.0 elevator=noop ippob1=10 ippob2=128 pcie_ports=native iommu=on intel_iommu=off bad_page=panic pln_enable=off apei_disable hest_disable erst_disable ghes_disable cgroup_disable=memory active_wlm=ALPS sdbnodeip=10.131.255.253 sessionid=p0-20150211t172524 _cray=marker_ 
2015-02-11T17:34:37.398750-06:00 c0-0c1s1n1 Intel-IOMMU: disabled
2015-02-11T17:34:37.398792-06:00 c0-0c1s1n1 Disabling memory control group subsystem
2015-02-11T17:34:37.423735-06:00 c0-0c1s1n1 PID hash table entries: 4096 (order: 3, 32768 bytes)
2015-02-11T17:34:37.423876-06:00 c0-0c1s1n1 xsave/xrstor: enabled xstate_bv 0x7, cntxt size 0x340
2015-02-11T17:34:38.186016-06:00 c0-0c1s1n1 Memory: 66065160k/69206016k available (5522k kernel code, 2121000k absent, 1019856k reserved, 5307k data, 692k init)
2015-02-11T17:34:38.186024-06:00 c0-0c1s1n1 Hierarchical RCU implementation.
2015-02-11T17:34:38.186030-06:00 c0-0c1s1n1 NR_IRQS:4352
2015-02-11T17:34:38.186039-06:00 c0-0c1s1n1 Extended CMOS year: 2000
2015-02-11T17:34:38.186046-06:00 c0-0c1s1n1 Console: colour dummy device 80x25
2015-02-11T17:34:38.186054-06:00 c0-0c1s1n1 console [ttyS0] enabled, bootconsole disabled
2015-02-11T17:34:38.186078-06:00 c0-0c1s1n1 console [ttyS0] enabled, bootconsole disabled
2015-02-11T17:34:38.186087-06:00 c0-0c1s1n1 Fast TSC calibration using PIT
2015-02-11T17:34:38.186093-06:00 c0-0c1s1n1 Detected 2600.034 MHz processor.
2015-02-11T17:34:38.186113-06:00 c0-0c1s1n1 Calibrating delay loop (skipped), value calculated using timer frequency.. 5200.06 BogoMIPS (lpj=10400136)
2015-02-11T17:34:38.186126-06:00 c0-0c1s1n1 pid_max: default: 32768 minimum: 301
2015-02-11T17:34:38.186133-06:00 c0-0c1s1n1 Dentry cache hash table entries: 8388608 (order: 14, 67108864 bytes)
2015-02-11T17:34:38.186143-06:00 c0-0c1s1n1 Inode-cache hash table entries: 4194304 (order: 13, 33554432 bytes)
2015-02-11T17:34:38.186152-06:00 c0-0c1s1n1 Mount-cache hash table entries: 256
2015-02-11T17:34:38.186160-06:00 c0-0c1s1n1 Initializing cgroup subsys cpuacct
2015-02-11T17:34:38.186166-06:00 c0-0c1s1n1 Initializing cgroup subsys memory
2015-02-11T17:34:38.186189-06:00 c0-0c1s1n1 Initializing cgroup subsys devices
2015-02-11T17:34:38.186198-06:00 c0-0c1s1n1 Initializing cgroup subsys perf_event
2015-02-11T17:34:38.186205-06:00 c0-0c1s1n1 CPU: Physical Processor ID: 0
2015-02-11T17:34:38.186209-06:00 c0-0c1s1n1 CPU: Processor Core ID: 0
2015-02-11T17:34:38.186219-06:00 c0-0c1s1n1 mce: CPU supports 20 MCE banks
2015-02-11T17:34:38.186230-06:00 c0-0c1s1n1 CPU0: Thermal monitoring enabled (TM1)
2015-02-11T17:34:38.186244-06:00 c0-0c1s1n1 using mwait in idle threads.
2015-02-11T17:34:38.186277-06:00 c0-0c1s1n1 ACPI: Core revision 20110413
2015-02-11T17:34:38.186285-06:00 c0-0c1s1n1 ftrace: allocating 20236 entries in 80 pages
2015-02-11T17:34:38.186291-06:00 c0-0c1s1n1 DMAR: Host address width 46
2015-02-11T17:34:38.186305-06:00 c0-0c1s1n1 DMAR: DRHD base: 0x000000fbffc000 flags: 0x1
2015-02-11T17:34:38.211150-06:00 c0-0c1s1n1 IOMMU 0: reg_base_addr fbffc000 ver 1:0 cap d2078c106f0462 ecap f020fe
2015-02-11T17:34:38.211265-06:00 c0-0c1s1n1 DMAR: RMRR base: 0x0000007f430000 end: 0x0000007f43cfff
2015-02-11T17:34:38.211335-06:00 c0-0c1s1n1 DMAR: ATSR flags: 0x0
2015-02-11T17:34:38.236338-06:00 c0-0c1s1n1 DMAR: RHSA base: 0x000000fbffc000 proximity domain: 0x0
2015-02-11T17:34:38.236480-06:00 c0-0c1s1n1 Switched APIC routing to physical flat.
2015-02-11T17:34:38.236579-06:00 c0-0c1s1n1 ..TIMER: vector=0x30 apic1=0 pin1=2 apic2=-1 pin2=-1
2015-02-11T17:34:38.286857-06:00 c0-0c1s1n1 CPU0: Intel(R) Xeon(R) CPU E5-2670 0 @ 2.60GHz stepping 07
2015-02-11T17:34:38.539265-06:00 c0-0c1s1n1 Performance Events: PEBS fmt1+, 16-deep LBR, SandyBridge events, full-width counters, Intel PMU driver.
2015-02-11T17:34:38.539312-06:00 c0-0c1s1n1 ... version:                3
2015-02-11T17:34:38.539375-06:00 c0-0c1s1n1 ... bit width:              48
2015-02-11T17:34:38.539420-06:00 c0-0c1s1n1 ... generic registers:      4
2015-02-11T17:34:38.539501-06:00 c0-0c1s1n1 ... value mask:             0000ffffffffffff
2015-02-11T17:34:38.564504-06:00 c0-0c1s1n1 ... max period:             0000ffffffffffff
2015-02-11T17:34:38.564594-06:00 c0-0c1s1n1 ... fixed-purpose events:   3
2015-02-11T17:34:38.564709-06:00 c0-0c1s1n1 ... event mask:             000000070000000f
2015-02-11T17:34:39.041533-06:00 c0-0c1s1n1 Booting Node   0, Processors  #1 #2 #3 #4 #5 #6 #7 #8 #9 #10 #11 #12 #13 #14 #15 Ok.
2015-02-11T17:34:39.068906-06:00 c0-0c1s1n1 Brought up 16 CPUs
2015-02-11T17:34:39.068982-06:00 c0-0c1s1n1 Total of 16 processors activated (83201.08 BogoMIPS).
2015-02-11T17:34:39.119236-06:00 c0-0c1s1n1 NET: Registered protocol family 16
2015-02-11T17:34:39.144473-06:00 c0-0c1s1n1 ACPI FADT declares the system doesn't support PCIe ASPM, so disable it
2015-02-11T17:34:39.144531-06:00 c0-0c1s1n1 ACPI: bus type pci registered
2015-02-11T17:34:39.144708-06:00 c0-0c1s1n1 PCI: MMCONFIG for domain 0000 [bus 00-ff] at [mem 0x80000000-0x8fffffff] (base 0x80000000)
2015-02-11T17:34:39.169776-06:00 c0-0c1s1n1 PCI: MMCONFIG at [mem 0x80000000-0x8fffffff] reserved in E820
2015-02-11T17:34:39.194994-06:00 c0-0c1s1n1 PCI: Using configuration type 1 for base access
2015-02-11T17:34:39.195177-06:00 c0-0c1s1n1 bio: create slab <bio-0> at 0
2015-02-11T17:34:39.220452-06:00 c0-0c1s1n1 ACPI: Executed 1 blocks of module-level executable AML code
2015-02-11T17:34:39.447321-06:00 c0-0c1s1n1 ACPI: Interpreter enabled
2015-02-11T17:34:39.447382-06:00 c0-0c1s1n1 ACPI: (supports S0 S1 S3 S5)
2015-02-11T17:34:39.447463-06:00 c0-0c1s1n1 ACPI: Using IOAPIC for interrupt routing
2015-02-11T17:34:39.472557-06:00 c0-0c1s1n1 ACPI: No dock devices found.
2015-02-11T17:34:39.472659-06:00 c0-0c1s1n1 HEST: Table parsing disabled.
2015-02-11T17:34:39.472858-06:00 c0-0c1s1n1 PCI: Using host bridge windows from ACPI; if necessary, use "pci=nocrs" and report a bug
2015-02-11T17:34:39.522955-06:00 c0-0c1s1n1 ACPI: PCI Root Bridge [PCI0] (domain 0000 [bus 00-fe])
2015-02-11T17:34:39.523161-06:00 c0-0c1s1n1 pci_root PNP0A08:00: host bridge window [io  0x0000-0x03af]
2015-02-11T17:34:39.523387-06:00 c0-0c1s1n1 pci_root PNP0A08:00: host bridge window [io  0x03e0-0x0cf7]
2015-02-11T17:34:39.548144-06:00 c0-0c1s1n1 pci_root PNP0A08:00: host bridge window [io  0x0d00-0xffff]
2015-02-11T17:34:39.548377-06:00 c0-0c1s1n1 pci_root PNP0A08:00: host bridge window [mem 0x000c0000-0x000dffff]
2015-02-11T17:34:39.573395-06:00 c0-0c1s1n1 pci_root PNP0A08:00: host bridge window [mem 0x80000000-0xfbffffff]
2015-02-11T17:34:39.573676-06:00 c0-0c1s1n1 pci_root PNP0A08:00: host bridge window [mem 0x1080000000-0x3c3fffffffff]
2015-02-11T17:34:39.573924-06:00 c0-0c1s1n1 pci 0000:00:02.0: PCI bridge to [bus 01-01]
2015-02-11T17:34:39.598861-06:00 c0-0c1s1n1 pci 0000:00:03.0: PCI bridge to [bus 02-02]
2015-02-11T17:34:39.623861-06:00 c0-0c1s1n1 pci 0000:00:03.2: PCI bridge to [bus 03-03]
2015-02-11T17:34:39.624119-06:00 c0-0c1s1n1 pci 0000:00:11.0: PCI bridge to [bus 04-04]
2015-02-11T17:34:39.624379-06:00 c0-0c1s1n1 pci 0000:00:1e.0: PCI bridge to [bus 05-05] (subtractive decode)
2015-02-11T17:34:39.624711-06:00 c0-0c1s1n1 pci0000:00: Unable to request _OSC control (_OSC support mask: 0x19)
2015-02-11T17:34:39.674384-06:00 c0-0c1s1n1 ACPI: PCI Root Bridge [UNC0] (domain 0000 [bus ff])
2015-02-11T17:34:39.674722-06:00 c0-0c1s1n1 pci0000:ff: Unable to request _OSC control (_OSC support mask: 0x19)
2015-02-11T17:34:39.699768-06:00 c0-0c1s1n1 ACPI: PCI Interrupt Link [LNKA] (IRQs 3 4 5 6 7 10 *11 12 14 15)
2015-02-11T17:34:39.700076-06:00 c0-0c1s1n1 ACPI: PCI Interrupt Link [LNKB] (IRQs 3 4 5 6 7 *10 11 12 14 15)
2015-02-11T17:34:39.724810-06:00 c0-0c1s1n1 ACPI: PCI Interrupt Link [LNKC] (IRQs 3 4 *5 6 10 11 12 14 15)
2015-02-11T17:34:39.725178-06:00 c0-0c1s1n1 ACPI: PCI Interrupt Link [LNKD] (IRQs *3 4 5 6 10 11 12 14 15)
2015-02-11T17:34:39.750072-06:00 c0-0c1s1n1 ACPI: PCI Interrupt Link [LNKE] (IRQs 3 4 5 6 7 10 11 12 14 15) *0
2015-02-11T17:34:39.750450-06:00 c0-0c1s1n1 ACPI: PCI Interrupt Link [LNKF] (IRQs 3 4 5 6 7 10 11 12 14 15) *0
2015-02-11T17:34:39.775456-06:00 c0-0c1s1n1 ACPI: PCI Interrupt Link [LNKG] (IRQs 3 4 5 6 7 10 11 12 14 15) *0
2015-02-11T17:34:39.775773-06:00 c0-0c1s1n1 ACPI: PCI Interrupt Link [LNKH] (IRQs 3 4 5 6 *7 10 11 12 14 15)
2015-02-11T17:34:39.775824-06:00 c0-0c1s1n1 vgaarb: loaded
2015-02-11T17:34:39.775964-06:00 c0-0c1s1n1 SCSI subsystem initialized
2015-02-11T17:34:39.776108-06:00 c0-0c1s1n1 PCI: Using ACPI for IRQ routing
2015-02-11T17:34:39.800919-06:00 c0-0c1s1n1 Switching to clocksource hpet
2015-02-11T17:34:39.801324-06:00 c0-0c1s1n1 pnp: PnP ACPI init
2015-02-11T17:34:39.825911-06:00 c0-0c1s1n1 ACPI: bus type pnp registered
2015-02-11T17:34:39.826298-06:00 c0-0c1s1n1 system 00:01: [mem 0xfc000000-0xfcffffff] has been reserved
2015-02-11T17:34:39.826576-06:00 c0-0c1s1n1 system 00:01: [mem 0xfd000000-0xfdffffff] has been reserved
2015-02-11T17:34:39.851435-06:00 c0-0c1s1n1 system 00:01: [mem 0xfe000000-0xfeafffff] has been reserved
2015-02-11T17:34:39.876375-06:00 c0-0c1s1n1 system 00:01: [mem 0xfeb00000-0xfebfffff] has been reserved
2015-02-11T17:34:39.876733-06:00 c0-0c1s1n1 system 00:01: [mem 0xfed00400-0xfed3ffff] could not be reserved
2015-02-11T17:34:39.877052-06:00 c0-0c1s1n1 system 00:01: [mem 0xfed45000-0xfedfffff] has been reserved
2015-02-11T17:34:39.901824-06:00 c0-0c1s1n1 system 00:02: [mem 0xfbffc000-0xfbffdfff] has been reserved
2015-02-11T17:34:39.902095-06:00 c0-0c1s1n1 system 00:06: [io  0x04d0-0x04d1] has been reserved
2015-02-11T17:34:39.927042-06:00 c0-0c1s1n1 system 00:08: [io  0x0400-0x0453] has been reserved
2015-02-11T17:34:39.927365-06:00 c0-0c1s1n1 system 00:08: [io  0x0458-0x047f] has been reserved
2015-02-11T17:34:39.927557-06:00 c0-0c1s1n1 system 00:08: [io  0x1180-0x119f] has been reserved
2015-02-11T17:34:39.952243-06:00 c0-0c1s1n1 system 00:08: [io  0x0500-0x057f] has been reserved
2015-02-11T17:34:39.952608-06:00 c0-0c1s1n1 system 00:08: [mem 0xfed1c000-0xfed1ffff] has been reserved
2015-02-11T17:34:39.977568-06:00 c0-0c1s1n1 system 00:08: [mem 0xfec00000-0xfecfffff] could not be reserved
2015-02-11T17:34:39.977925-06:00 c0-0c1s1n1 system 00:08: [mem 0xfed08000-0xfed08fff] has been reserved
2015-02-11T17:34:39.978189-06:00 c0-0c1s1n1 system 00:08: [mem 0xff000000-0xffffffff] has been reserved
2015-02-11T17:34:40.002821-06:00 c0-0c1s1n1 system 00:09: [io  0x0454-0x0457] has been reserved
2015-02-11T17:34:40.003059-06:00 c0-0c1s1n1 pnp: PnP ACPI: found 12 devices
2015-02-11T17:34:40.003228-06:00 c0-0c1s1n1 ACPI: ACPI bus type pnp unregistered
2015-02-11T17:34:40.028255-06:00 c0-0c1s1n1 pci 0000:00:02.0: PCI bridge to [bus 01-01]
2015-02-11T17:34:40.028479-06:00 c0-0c1s1n1 pci 0000:00:02.0:   bridge window [io  disabled]
2015-02-11T17:34:40.028738-06:00 c0-0c1s1n1 pci 0000:00:02.0:   bridge window [mem disabled]
2015-02-11T17:34:40.053515-06:00 c0-0c1s1n1 pci 0000:00:02.0:   bridge window [mem 0x3c0000000000-0x3c20000fffff 64bit pref]
2015-02-11T17:34:40.053688-06:00 c0-0c1s1n1 pci 0000:00:03.0: PCI bridge to [bus 02-02]
2015-02-11T17:34:40.078663-06:00 c0-0c1s1n1 pci 0000:00:03.0:   bridge window [io  disabled]
2015-02-11T17:34:40.078983-06:00 c0-0c1s1n1 pci 0000:00:03.0:   bridge window [mem 0xfbc00000-0xfbdfffff]
2015-02-11T17:34:40.103833-06:00 c0-0c1s1n1 pci 0000:00:03.0:   bridge window [mem 0x3c2001000000-0x3c20017fffff 64bit pref]
2015-02-11T17:34:40.104009-06:00 c0-0c1s1n1 pci 0000:00:03.2: PCI bridge to [bus 03-03]
2015-02-11T17:34:40.104286-06:00 c0-0c1s1n1 pci 0000:00:03.2:   bridge window [io  disabled]
2015-02-11T17:34:40.129125-06:00 c0-0c1s1n1 pci 0000:00:03.2:   bridge window [mem 0xfba00000-0xfbbfffff]
2015-02-11T17:34:40.129468-06:00 c0-0c1s1n1 pci 0000:00:03.2:   bridge window [mem 0x3c2000800000-0x3c2000ffffff 64bit pref]
2015-02-11T17:34:40.129636-06:00 c0-0c1s1n1 pci 0000:00:11.0: PCI bridge to [bus 04-04]
2015-02-11T17:34:40.154476-06:00 c0-0c1s1n1 pci 0000:00:11.0:   bridge window [io  0xe000-0xefff]
2015-02-11T17:34:40.154777-06:00 c0-0c1s1n1 pci 0000:00:11.0:   bridge window [mem 0xfbe00000-0xfbefffff]
2015-02-11T17:34:40.179736-06:00 c0-0c1s1n1 pci 0000:00:11.0:   bridge window [mem 0x3c2001800000-0x3c2001cfffff 64bit pref]
2015-02-11T17:34:40.179948-06:00 c0-0c1s1n1 pci 0000:00:1e.0: PCI bridge to [bus 05-05]
2015-02-11T17:34:40.180217-06:00 c0-0c1s1n1 pci 0000:00:1e.0:   bridge window [io  disabled]
2015-02-11T17:34:40.204966-06:00 c0-0c1s1n1 pci 0000:00:1e.0:   bridge window [mem disabled]
2015-02-11T17:34:40.205298-06:00 c0-0c1s1n1 pci 0000:00:1e.0:   bridge window [mem pref disabled]
2015-02-11T17:34:40.205580-06:00 c0-0c1s1n1 pci 0000:00:02.0: PCI INT A -> GSI 32 (level, low) -> IRQ 32
2015-02-11T17:34:40.230461-06:00 c0-0c1s1n1 pci 0000:00:03.0: PCI INT A -> GSI 40 (level, low) -> IRQ 40
2015-02-11T17:34:40.230669-06:00 c0-0c1s1n1 pci 0000:00:03.2: PCI INT A -> GSI 40 (level, low) -> IRQ 40
2015-02-11T17:34:40.255445-06:00 c0-0c1s1n1 pci 0000:00:11.0: PCI INT A -> GSI 16 (level, low) -> IRQ 16
2015-02-11T17:34:40.255596-06:00 c0-0c1s1n1 NET: Registered protocol family 2
2015-02-11T17:34:40.255915-06:00 c0-0c1s1n1 IP route cache hash table entries: 524288 (order: 10, 4194304 bytes)
2015-02-11T17:34:40.280980-06:00 c0-0c1s1n1 TCP established hash table entries: 524288 (order: 11, 8388608 bytes)
2015-02-11T17:34:40.305788-06:00 c0-0c1s1n1 TCP bind hash table entries: 65536 (order: 8, 1048576 bytes)
2015-02-11T17:34:40.306114-06:00 c0-0c1s1n1 TCP: Hash tables configured (established 524288 bind 65536)
2015-02-11T17:34:40.306209-06:00 c0-0c1s1n1 TCP reno registered
2015-02-11T17:34:40.331174-06:00 c0-0c1s1n1 UDP hash table entries: 32768 (order: 8, 1048576 bytes)
2015-02-11T17:34:40.331530-06:00 c0-0c1s1n1 UDP-Lite hash table entries: 32768 (order: 8, 1048576 bytes)
2015-02-11T17:34:40.331603-06:00 c0-0c1s1n1 NET: Registered protocol family 1
2015-02-11T17:34:40.356275-06:00 c0-0c1s1n1 RPC: Registered named UNIX socket transport module.
2015-02-11T17:34:40.356586-06:00 c0-0c1s1n1 RPC: Registered udp transport module.
2015-02-11T17:34:40.356744-06:00 c0-0c1s1n1 RPC: Registered tcp transport module.
2015-02-11T17:34:40.356947-06:00 c0-0c1s1n1 RPC: Registered tcp NFSv4.1 backchannel transport module.
2015-02-11T17:34:40.381944-06:00 c0-0c1s1n1 pci 0000:00:1a.0: PCI INT A -> GSI 16 (level, low) -> IRQ 16
2015-02-11T17:34:40.407158-06:00 c0-0c1s1n1 pci 0000:00:1a.0: PCI INT A disabled
2015-02-11T17:34:40.432164-06:00 c0-0c1s1n1 pci 0000:00:1d.0: PCI INT A -> GSI 23 (level, low) -> IRQ 23
2015-02-11T17:34:40.457707-06:00 c0-0c1s1n1 pci 0000:00:1d.0: PCI INT A disabled
2015-02-11T17:34:40.457774-06:00 c0-0c1s1n1 Trying to unpack rootfs image as initramfs...
2015-02-11T17:34:40.886464-06:00 c0-0c1s1n1 Freeing initrd memory: 12352k freed
2015-02-11T17:34:40.911498-06:00 c0-0c1s1n1 DMAR: Device scope device [0000:00:01.01] not found
2015-02-11T17:34:40.911723-06:00 c0-0c1s1n1 DMAR: Device scope device [0000:00:01.01] not found
2015-02-11T17:34:40.911834-06:00 c0-0c1s1n1 PCI-DMA: Using software bounce buffering for IO (SWIOTLB)
2015-02-11T17:34:40.936837-06:00 c0-0c1s1n1 Placing 64MB software IO TLB between ffff88007a67c000 - ffff88007e67c000
2015-02-11T17:34:40.936982-06:00 c0-0c1s1n1 software IO TLB at phys 0x7a67c000 - 0x7e67c000
2015-02-11T17:34:40.962043-06:00 c0-0c1s1n1 Machine check injector initialized
2015-02-11T17:34:40.962253-06:00 c0-0c1s1n1 futex hash table entries: 4096 (order: 6, 262144 bytes)
2015-02-11T17:34:40.987281-06:00 c0-0c1s1n1 Registering pnotify support for (name=job)
2015-02-11T17:34:40.987356-06:00 c0-0c1s1n1 CSA: initialized
2015-02-11T17:34:40.987496-06:00 c0-0c1s1n1 audit: initializing netlink socket (disabled)
2015-02-11T17:34:41.012411-06:00 c0-0c1s1n1 type=2000 audit(1423697674.536:1): initialized
2015-02-11T17:34:41.038004-06:00 c0-0c1s1n1 HugeTLB registered 2 MB page size, pre-allocated 0 pages
2015-02-11T17:34:41.062797-06:00 c0-0c1s1n1 VFS: Disk quotas dquot_6.5.2
2015-02-11T17:34:41.063164-06:00 c0-0c1s1n1 Dquot-cache hash table entries: 512 (order 0, 4096 bytes)
2015-02-11T17:34:41.063399-06:00 c0-0c1s1n1 Installing knfsd (copyright (C) 1996 okir@monad.swb.de).
2015-02-11T17:34:41.088176-06:00 c0-0c1s1n1 fuse init (API version 7.16)
2015-02-11T17:34:41.088357-06:00 c0-0c1s1n1 Installing v9fs 9p2000 file system support
2015-02-11T17:34:41.088509-06:00 c0-0c1s1n1 msgmni has been set to 32268
2015-02-11T17:34:41.088738-06:00 c0-0c1s1n1 Block layer SCSI generic (bsg) driver version 0.4 loaded (major 254)
2015-02-11T17:34:41.113371-06:00 c0-0c1s1n1 io scheduler noop registered (default)
2015-02-11T17:34:41.113585-06:00 c0-0c1s1n1 io scheduler deadline registered
2015-02-11T17:34:41.113625-06:00 c0-0c1s1n1 io scheduler cfq registered
2015-02-11T17:34:41.138753-06:00 c0-0c1s1n1 input: Power Button as /devices/LNXSYSTM:00/LNXSYBUS:00/PNP0C0C:00/input/input0
2015-02-11T17:34:41.138871-06:00 c0-0c1s1n1 ACPI: Power Button [PWRB]
2015-02-11T17:34:41.163727-06:00 c0-0c1s1n1 input: Power Button as /devices/LNXSYSTM:00/LNXPWRBN:00/input/input1
2015-02-11T17:34:41.163970-06:00 c0-0c1s1n1 ACPI: Power Button [PWRF]
2015-02-11T17:34:41.264910-06:00 c0-0c1s1n1 ERST: Error Record Serialization Table (ERST) support is disabled.
2015-02-11T17:34:41.264933-06:00 c0-0c1s1n1 GHES: HEST is not enabled!
2015-02-11T17:34:41.315448-06:00 c0-0c1s1n1 Serial: 8250/16550 driver, 2 ports, IRQ sharing disabled
2015-02-11T17:34:41.315520-06:00 c0-0c1s1n1 serial8250: ttyS0 at I/O 0x3f8 (irq = 4) is a 16550A
2015-02-11T17:34:41.416247-06:00 c0-0c1s1n1 serial8250: ttyS1 at I/O 0x2f8 (irq = 3) is a 16550A
2015-02-11T17:34:41.492157-06:00 c0-0c1s1n1 Real Time Clock Driver v1.12b
2015-02-11T17:34:41.517147-06:00 c0-0c1s1n1 Linux agpgart interface v0.103
2015-02-11T17:34:41.517275-06:00 c0-0c1s1n1 brd: module loaded
2015-02-11T17:34:41.517344-06:00 c0-0c1s1n1 loop: module loaded
2015-02-11T17:34:41.542311-06:00 c0-0c1s1n1 Loading iSCSI transport class v2.0-870.
2015-02-11T17:34:41.542430-06:00 c0-0c1s1n1 iscsi: registered transport (tcp)
2015-02-11T17:34:41.542638-06:00 c0-0c1s1n1 Rounding down aligned max_sectors from 4294967295 to 4294967288
2015-02-11T17:34:41.542731-06:00 c0-0c1s1n1 console [netcon0] enabled
2015-02-11T17:34:41.567577-06:00 c0-0c1s1n1 netconsole: network logging started
2015-02-11T17:34:41.567783-06:00 c0-0c1s1n1 i8042: PNP: No PS/2 controller found. Probing ports directly.
2015-02-11T17:34:41.966463-06:00 c0-0c1s1n1 Refined TSC clocksource calibration: 2599.999 MHz.
2015-02-11T17:34:41.966476-06:00 c0-0c1s1n1 Switching to clocksource tsc
2015-02-11T17:34:42.588899-06:00 c0-0c1s1n1 i8042: No controller found
2015-02-11T17:34:42.588972-06:00 c0-0c1s1n1 EDAC MC: Ver: 2.1.0
2015-02-11T17:34:42.613962-06:00 c0-0c1s1n1 cpuidle: using governor ladder
2015-02-11T17:34:42.614139-06:00 c0-0c1s1n1 cpuidle: using governor menu
2015-02-11T17:34:42.614192-06:00 c0-0c1s1n1 oprofile: using NMI interrupt.
2015-02-11T17:34:42.614286-06:00 c0-0c1s1n1 TCP cubic registered
2015-02-11T17:34:42.639136-06:00 c0-0c1s1n1 NET: Registered protocol family 10
2015-02-11T17:34:42.639241-06:00 c0-0c1s1n1 IPv6 over IPv4 tunneling driver
2015-02-11T17:34:42.639351-06:00 c0-0c1s1n1 NET: Registered protocol family 17
2015-02-11T17:34:42.639452-06:00 c0-0c1s1n1 Installing 9P2000 support
2015-02-11T17:34:42.664396-06:00 c0-0c1s1n1 Registering the dns_resolver key type
2015-02-11T17:34:42.664561-06:00 c0-0c1s1n1 registered taskstats version 1
2015-02-11T17:34:42.664823-06:00 c0-0c1s1n1 Freeing unused kernel memory: 692k freed
2015-02-11T17:34:42.765410-06:00 c0-0c1s1n1 ghal_init:Cray(R) Gemini Hardware Abstraction Layer - version 1.0107
2015-02-11T17:34:42.765527-06:00 c0-0c1s1n1 ghal_init:Copyright (C) 2007-1012 Cray Inc.
2015-02-11T17:34:42.790607-06:00 c0-0c1s1n1 ghal 0000:01:00.1: enabling device (0000 -> 0002)
2015-02-11T17:34:42.790932-06:00 c0-0c1s1n1 udev: starting version 147
2015-02-11T17:34:42.790939-06:00 c0-0c1s1n1 simplex: module license 'unspecified' taints kernel.
2015-02-11T17:34:42.815751-06:00 c0-0c1s1n1 hss-os: communication area 0xffff8810084ea600 (phys 0x10084ea600)
2015-02-11T17:34:42.815854-06:00 c0-0c1s1n1 hss-os: new channel 1
2015-02-11T17:34:44.592989-06:00 c0-0c1s1n1 request_sys_info_from_L0: No tile dimension data
2015-02-11T17:34:44.592998-06:00 c0-0c1s1n1 hss-os: new channel 2
2015-02-11T17:34:44.593003-06:00 c0-0c1s1n1 kgni_init:Cray(R) Gemini Network Interface - Sep 17 2014 version 0x004500b7 rev 9750
2015-02-11T17:34:44.593009-06:00 c0-0c1s1n1 kgni_init:Copyright (C) 2007,2008 Cray Inc.
2015-02-11T17:34:44.593014-06:00 c0-0c1s1n1 ipogif_init:Cray(R) Gemini IP over Fabric device driver - version 0.17
2015-02-11T17:34:44.593019-06:00 c0-0c1s1n1 ipogif_init:Copyright (C) 2007 Cray Inc.
2015-02-11T17:34:44.593025-06:00 c0-0c1s1n1 ipogif_probe:Immediate checksum off
2015-02-11T17:34:44.593042-06:00 c0-0c1s1n1 Cray(R) Gemini Performance Counter Daemon - version 0.1
2015-02-11T17:34:44.593054-06:00 c0-0c1s1n1 GEMINI Performance Counter Daemon.
2015-02-11T17:34:44.593086-06:00 c0-0c1s1n1 Cray(R) Kernel Dynamic Registration (KDREG) Interface - version 0x2243e
2015-02-11T17:34:44.593093-06:00 c0-0c1s1n1 Copyright (C) 2004-5 Pete Wyckoff - modified by Cray(R)
2015-02-11T17:34:44.593098-06:00 c0-0c1s1n1 ipogif_up:Bringing interface up
2015-02-11T17:34:44.593107-06:00 c0-0c1s1n1 Sending ec_node_info with boot code 0 (NODE_INFO_OS_BOOT) for nid 69
2015-02-11T17:34:44.593116-06:00 c0-0c1s1n1 net.core.rmem_max = 16777216
2015-02-11T17:34:44.593123-06:00 c0-0c1s1n1 net.core.wmem_max = 16777216
2015-02-11T17:34:44.593137-06:00 c0-0c1s1n1 net.core.rmem_default = 16777216
2015-02-11T17:34:44.593156-06:00 c0-0c1s1n1 net.core.wmem_default = 16777216
2015-02-11T17:34:44.593172-06:00 c0-0c1s1n1 net.core.optmem_max = 16777216
2015-02-11T17:34:44.593180-06:00 c0-0c1s1n1 net.ipv4.tcp_mem = 16777216 16777216 16777216
2015-02-11T17:34:44.593190-06:00 c0-0c1s1n1 net.ipv4.tcp_rmem = 4096 87380 16777216
2015-02-11T17:34:44.593195-06:00 c0-0c1s1n1 net.ipv4.tcp_wmem = 4096 65536 16777216
2015-02-11T17:34:44.593201-06:00 c0-0c1s1n1 Using rootfs config: nfs-shared...
2015-02-11T17:34:44.593210-06:00 c0-0c1s1n1 rootfs mount succeeded.
2015-02-11T17:34:44.593219-06:00 c0-0c1s1n1 **********************************************************
2015-02-11T17:34:44.593239-06:00 c0-0c1s1n1    HOSTNAME: nid00069
2015-02-11T17:34:44.593248-06:00 c0-0c1s1n1 **********************************************************
2015-02-11T17:34:44.593256-06:00 c0-0c1s1n1 ipogif0   Link encap:Ethernet  HWaddr 00:01:01:00:00:45  
2015-02-11T17:34:44.593273-06:00 c0-0c1s1n1          inet addr:10.128.0.70  Mask:255.252.0.0
2015-02-11T17:34:44.593283-06:00 c0-0c1s1n1          inet6 addr: fe80::201:1ff:fe00:45/64 Scope:Link
2015-02-11T17:34:44.593303-06:00 c0-0c1s1n1          UP RUNNING NOARP  MTU:65520  Metric:1
2015-02-11T17:34:44.593311-06:00 c0-0c1s1n1          RX packets:21 errors:0 dropped:0 overruns:0 frame:0
2015-02-11T17:34:44.593316-06:00 c0-0c1s1n1          TX packets:28 errors:0 dropped:0 overruns:0 carrier:0
2015-02-11T17:34:44.593326-06:00 c0-0c1s1n1          collisions:0 txqueuelen:1000 
2015-02-11T17:34:44.593334-06:00 c0-0c1s1n1          RX bytes:2496 (2.4 KiB)  TX bytes:2540 (2.4 KiB)
2015-02-11T17:34:44.593340-06:00 c0-0c1s1n1 lo        Link encap:Local Loopback  
2015-02-11T17:34:44.593349-06:00 c0-0c1s1n1          inet addr:127.0.0.1  Mask:255.0.0.0
2015-02-11T17:34:44.593355-06:00 c0-0c1s1n1          inet6 addr: ::1/128 Scope:Host
2015-02-11T17:34:44.593365-06:00 c0-0c1s1n1          UP LOOPBACK RUNNING  MTU:16436  Metric:1
2015-02-11T17:34:44.593370-06:00 c0-0c1s1n1          RX packets:0 errors:0 dropped:0 overruns:0 frame:0
2015-02-11T17:34:44.593375-06:00 c0-0c1s1n1          TX packets:0 errors:0 dropped:0 overruns:0 carrier:0
2015-02-11T17:34:44.593380-06:00 c0-0c1s1n1          collisions:0 txqueuelen:0 
2015-02-11T17:34:44.593386-06:00 c0-0c1s1n1          RX bytes:0 (0.0 B)  TX bytes:0 (0.0 B)
2015-02-11T17:34:44.593391-06:00 c0-0c1s1n1 Mounting NID specific /etc (nid=69)...
2015-02-11T17:34:44.593395-06:00 c0-0c1s1n1 done.
2015-02-11T17:34:44.593404-06:00 c0-0c1s1n1 INIT: version 2.86 booting
2015-02-11T17:34:44.593410-06:00 c0-0c1s1n1 System Boot Control: Running /etc/init.d/boot
2015-02-11T17:34:44.593422-06:00 c0-0c1s1n1 Mounting sysfs at /sys7[?25l
2015-02-11T17:34:44.593445-06:00 c0-0c1s1n1 [80C[10D[1;32mdone[m8[?25h
2015-02-11T17:34:44.593457-06:00 c0-0c1s1n1 Copying static /dev content7[?25l
2015-02-11T17:34:44.593462-06:00 c0-0c1s1n1 [80C[10D[1;32mdone[m8[?25h
2015-02-11T17:34:44.593470-06:00 c0-0c1s1n1 Mounting tmpfs at /dev/shm7[?25l
2015-02-11T17:34:44.593480-06:00 c0-0c1s1n1 [80C[10D[1;32mdone[m8[?25h
2015-02-11T17:34:44.593498-06:00 c0-0c1s1n1 Mounting devpts at /dev/pts7[?25l
2015-02-11T17:34:44.593512-06:00 c0-0c1s1n1 [80C[10D[1;32mdone[m8[?25h
2015-02-11T17:34:44.593521-06:00 c0-0c1s1n1 Boot logging started on /dev/ttyS0(/dev/console) at Wed Feb 11 17:34:38 2015
2015-02-11T17:34:44.593527-06:00 c0-0c1s1n1 Mounting debugfs at /sys/kernel/debug7[?25l
2015-02-11T17:34:44.593534-06:00 c0-0c1s1n1 [80C[10D[1;32mdone[m8[?25h
2015-02-11T17:34:44.618945-06:00 c0-0c1s1n1 [m[?25hNo efivars filesystem driver available.[m[?25hStarting udevd: udev: starting version 147
2015-02-11T17:34:44.618958-06:00 c0-0c1s1n1 7[?25l
2015-02-11T17:34:44.618966-06:00 c0-0c1s1n1 [80C[10D[1;32mdone[m8[?25h
2015-02-11T17:34:44.669306-06:00 c0-0c1s1n1 Loading drivers, configuring devices: Compat-rdma backport release: ac916cb
2015-02-11T17:34:44.669365-06:00 c0-0c1s1n1 Backport based on git://git.openfabrics.org/compat-rdma/compat.git 5268562
2015-02-11T17:34:44.669389-06:00 c0-0c1s1n1 usbcore: registered new interface driver usbfs
2015-02-11T17:34:44.694099-06:00 c0-0c1s1n1 usbcore: registered new interface driver hub
2015-02-11T17:34:44.694236-06:00 c0-0c1s1n1 usbcore: registered new device driver usb
2015-02-11T17:34:44.694513-06:00 c0-0c1s1n1 ahci 0000:00:1f.2: PCI INT B -> GSI 19 (level, low) -> IRQ 19
2015-02-11T17:34:44.719084-06:00 c0-0c1s1n1 ehci_hcd: USB 2.0 'Enhanced' Host Controller (EHCI) Driver
2015-02-11T17:34:44.719410-06:00 c0-0c1s1n1 compat.git: git://git.openfabrics.org/compat-rdma/compat.git
2015-02-11T17:34:44.719585-06:00 c0-0c1s1n1 ahci 0000:00:1f.2: forcing PORTS_IMPL to 0x3f
2015-02-11T17:34:44.744609-06:00 c0-0c1s1n1 ahci 0000:00:1f.2: AHCI 0001.0300 32 slots 6 ports 6 Gbps 0x3f impl SATA mode
2015-02-11T17:34:44.744819-06:00 c0-0c1s1n1 ahci 0000:00:1f.2: flags: 64bit ncq sntf pm led clo pio slum part ems apst 
2015-02-11T17:34:44.744856-06:00 c0-0c1s1n1 scsi0 : ahci
2015-02-11T17:34:44.744910-06:00 c0-0c1s1n1 scsi1 : ahci
2015-02-11T17:34:44.744955-06:00 c0-0c1s1n1 scsi2 : ahci
2015-02-11T17:34:44.769678-06:00 c0-0c1s1n1 scsi3 : ahci
2015-02-11T17:34:44.769900-06:00 c0-0c1s1n1 mlx4_core: Mellanox ConnectX core driver v1.1 (Dec, 2011)
2015-02-11T17:34:44.770128-06:00 c0-0c1s1n1 mlx4_core: Initializing 0000:02:00.0
2015-02-11T17:34:44.794804-06:00 c0-0c1s1n1 mlx4_core 0000:02:00.0: PCI INT A -> GSI 40 (level, low) -> IRQ 40
2015-02-11T17:34:44.794944-06:00 c0-0c1s1n1 scsi4 : ahci
2015-02-11T17:34:44.795026-06:00 c0-0c1s1n1 scsi5 : ahci
2015-02-11T17:34:44.795320-06:00 c0-0c1s1n1 ata2: SATA max UDMA/133 abar m2048@0xfbf00000 port 0xfbf00100 irq 164
2015-02-11T17:34:44.820312-06:00 c0-0c1s1n1 ata3: SATA max UDMA/133 abar m2048@0xfbf00000 port 0xfbf00180 irq 164
2015-02-11T17:34:44.820675-06:00 c0-0c1s1n1 ata4: SATA max UDMA/133 abar m2048@0xfbf00000 port 0xfbf00200 irq 164
2015-02-11T17:34:44.885406-06:00 c0-0c1s1n1 ata5: SATA max UDMA/133 abar m2048@0xfbf00000 port 0xfbf00280 irq 164
2015-02-11T17:34:44.885616-06:00 c0-0c1s1n1 ata6: SATA max UDMA/133 abar m2048@0xfbf00000 port 0xfbf00300 irq 164
2015-02-11T17:34:44.885627-06:00 c0-0c1s1n1 ata7: SATA max UDMA/133 abar m2048@0xfbf00000 port 0xfbf00380 irq 164
2015-02-11T17:34:44.885658-06:00 c0-0c1s1n1 ehci_hcd 0000:00:1a.0: PCI INT A -> GSI 16 (level, low) -> IRQ 16
2015-02-11T17:34:44.886746-06:00 c0-0c1s1n1 ehci_hcd 0000:00:1a.0: EHCI Host Controller
2015-02-11T17:34:44.911507-06:00 c0-0c1s1n1 ehci_hcd 0000:00:1a.0: new USB bus registered, assigned bus number 1
2015-02-11T17:34:44.911645-06:00 c0-0c1s1n1 ehci_hcd 0000:00:1a.0: debug port 2
2015-02-11T17:34:44.939308-06:00 c0-0c1s1n1 ehci_hcd 0000:00:1a.0: irq 16, io mem 0xfbf02000
2015-02-11T17:34:44.939458-06:00 c0-0c1s1n1 ehci_hcd 0000:00:1a.0: USB 2.0 started, EHCI 1.00
2015-02-11T17:34:44.939544-06:00 c0-0c1s1n1 hub 1-0:1.0: USB hub found
2015-02-11T17:34:44.964908-06:00 c0-0c1s1n1 hub 1-0:1.0: 2 ports detected
2015-02-11T17:34:44.965021-06:00 c0-0c1s1n1 ehci_hcd 0000:00:1d.0: PCI INT A -> GSI 23 (level, low) -> IRQ 23
2015-02-11T17:34:44.989940-06:00 c0-0c1s1n1 ehci_hcd 0000:00:1d.0: EHCI Host Controller
2015-02-11T17:34:44.989964-06:00 c0-0c1s1n1 ehci_hcd 0000:00:1d.0: new USB bus registered, assigned bus number 2
2015-02-11T17:34:45.015473-06:00 c0-0c1s1n1 ehci_hcd 0000:00:1d.0: debug port 2
2015-02-11T17:34:45.015485-06:00 c0-0c1s1n1 ehci_hcd 0000:00:1d.0: irq 23, io mem 0xfbf01000
2015-02-11T17:34:45.015511-06:00 c0-0c1s1n1 ehci_hcd 0000:00:1d.0: USB 2.0 started, EHCI 1.00
2015-02-11T17:34:45.015534-06:00 c0-0c1s1n1 hub 2-0:1.0: USB hub found
2015-02-11T17:34:45.040299-06:00 c0-0c1s1n1 hub 2-0:1.0: 2 ports detected
2015-02-11T17:34:45.279453-06:00 c0-0c1s1n1 usb 1-1: new high-speed USB device number 2 using ehci_hcd
2015-02-11T17:34:45.405777-06:00 c0-0c1s1n1 hub 1-1:1.0: USB hub found
2015-02-11T17:34:45.405865-06:00 c0-0c1s1n1 hub 1-1:1.0: 6 ports detected
2015-02-11T17:34:45.531714-06:00 c0-0c1s1n1 usb 2-1: new high-speed USB device number 2 using ehci_hcd
2015-02-11T17:34:45.658193-06:00 c0-0c1s1n1 hub 2-1:1.0: USB hub found
2015-02-11T17:34:45.658256-06:00 c0-0c1s1n1 hub 2-1:1.0: 8 ports detected
2015-02-11T17:34:45.901116-06:00 c0-0c1s1n1 ata6: failed to resume link (SControl 0)
2015-02-11T17:34:45.901188-06:00 c0-0c1s1n1 ata6: SATA link down (SStatus 0 SControl 0)
2015-02-11T17:34:45.926066-06:00 c0-0c1s1n1 ata5: failed to resume link (SControl 0)
2015-02-11T17:34:45.926147-06:00 c0-0c1s1n1 ata5: SATA link down (SStatus 0 SControl 0)
2015-02-11T17:34:45.926247-06:00 c0-0c1s1n1 ata2: failed to resume link (SControl 0)
2015-02-11T17:34:45.951222-06:00 c0-0c1s1n1 ata2: SATA link down (SStatus 0 SControl 0)
2015-02-11T17:34:45.951300-06:00 c0-0c1s1n1 ata4: failed to resume link (SControl 0)
2015-02-11T17:34:45.951449-06:00 c0-0c1s1n1 ata4: SATA link down (SStatus 0 SControl 0)
2015-02-11T17:34:45.951554-06:00 c0-0c1s1n1 ata3: failed to resume link (SControl 0)
2015-02-11T17:34:45.951682-06:00 c0-0c1s1n1 ata3: SATA link down (SStatus 0 SControl 0)
2015-02-11T17:34:45.951750-06:00 c0-0c1s1n1 ata7: failed to resume link (SControl 0)
2015-02-11T17:34:45.976542-06:00 c0-0c1s1n1 ata7: SATA link down (SStatus 0 SControl 0)
2015-02-11T17:34:50.651287-06:00 c0-0c1s1n1 mlx4_core 0000:02:00.0: 64B EQEs/CQEs supported by the device but not enabled
2015-02-11T17:34:51.329384-06:00 c0-0c1s1n1 mlx4_core: Initializing 0000:03:00.0
2015-02-11T17:34:51.329419-06:00 c0-0c1s1n1 mlx4_core 0000:03:00.0: PCI INT A -> GSI 42 (level, low) -> IRQ 42
2015-02-11T17:34:57.161903-06:00 c0-0c1s1n1 mlx4_core 0000:03:00.0: 64B EQEs/CQEs supported by the device but not enabled
2015-02-11T17:34:57.866971-06:00 c0-0c1s1n1 7[?25l
2015-02-11T17:34:57.866981-06:00 c0-0c1s1n1 [80C[10D[1;32mdone[m8[?25h
2015-02-11T17:34:57.917526-06:00 c0-0c1s1n1 [m[?25hMounting /var from 10.131.255.254. Checking for nid=69 existance.
2015-02-11T17:34:58.094486-06:00 c0-0c1s1n1 7[?25l
2015-02-11T17:34:58.094502-06:00 c0-0c1s1n1 [80C[10D[1;32mdone[m8[?25h
2015-02-11T17:34:58.094793-06:00 c0-0c1s1n1 Mounting tmpfs on /tmp7[?25l
2015-02-11T17:34:58.094803-06:00 c0-0c1s1n1 [80C[10D[1;32mdone[m8[?25h
2015-02-11T17:34:58.094811-06:00 c0-0c1s1n1 Running sysctl using values from /etc/sysctl.conf
2015-02-11T17:34:58.094822-06:00 c0-0c1s1n1 net.ipv4.icmp_echo_ignore_broadcasts = 1
2015-02-11T17:34:58.094834-06:00 c0-0c1s1n1 net.ipv4.conf.all.rp_filter = 1
2015-02-11T17:34:58.119742-06:00 c0-0c1s1n1 fs.inotify.max_user_watches = 65536
2015-02-11T17:34:58.119769-06:00 c0-0c1s1n1 net.ipv4.conf.default.promote_secondaries = 1
2015-02-11T17:34:58.145032-06:00 c0-0c1s1n1 net.ipv4.conf.all.promote_secondaries = 1
2015-02-11T17:34:58.145124-06:00 c0-0c1s1n1 vm.min_free_kbytes = 102400
2015-02-11T17:34:58.145263-06:00 c0-0c1s1n1 7[?25l
2015-02-11T17:34:58.145271-06:00 c0-0c1s1n1 [80C[10D[1;32mdone[m8[?25h
2015-02-11T17:34:58.145323-06:00 c0-0c1s1n1 [m[?25hActivating swap-devices in /etc/fstab...
2015-02-11T17:34:58.145457-06:00 c0-0c1s1n1 7[?25l[1A
2015-02-11T17:34:58.145465-06:00 c0-0c1s1n1 [80C[10D[1;32mdone[m8[?25hroot file system (/) is NOT being checked.
2015-02-11T17:34:59.024557-06:00 c0-0c1s1n1 [m[?25hSet System Time to the current Hardware Clock7[?25l
2015-02-11T17:34:59.024565-06:00 c0-0c1s1n1 [80C[10D[1;32mdone[m8[?25h
2015-02-11T17:34:59.049794-06:00 c0-0c1s1n1 [m[?25hActivating device mapper...
2015-02-11T17:34:59.074938-06:00 c0-0c1s1n1 device-mapper: ioctl: 4.23.0-ioctl (2012-07-25) initialised: dm-devel@redhat.com
2015-02-11T17:34:59.075017-06:00 c0-0c1s1n1 7[?25l
2015-02-11T17:34:59.075025-06:00 c0-0c1s1n1 [80C[10D[1;32mdone[m8[?25h
2015-02-11T17:34:59.113526-06:00 c0-0c1s1n1 [m[?25hLoading required kernel modules
2015-02-11T17:34:59.240040-06:00 c0-0c1s1n1 7[?25l[1A
2015-02-11T17:34:59.240049-06:00 c0-0c1s1n1 [80C[10D[1;32mdone[m8[?25h[m[?25h[m[?25hWaiting for udev to settle...
2015-02-11T17:34:59.240055-06:00 c0-0c1s1n1 Scanning for LVM volume groups...
2015-02-11T17:34:59.240106-06:00 c0-0c1s1n1  Reading all physical volumes.  This may take a while...
2015-02-11T17:34:59.240133-06:00 c0-0c1s1n1  No volume groups found
2015-02-11T17:34:59.265220-06:00 c0-0c1s1n1  No volume groups found
2015-02-11T17:34:59.301419-06:00 c0-0c1s1n1 Activating LVM volume groups...
2015-02-11T17:34:59.301587-06:00 c0-0c1s1n1  PARTIAL MODE. Incomplete logical volumes will be processed.
2015-02-11T17:34:59.341532-06:00 c0-0c1s1n1  No volume groups found
2015-02-11T17:34:59.341556-06:00 c0-0c1s1n1 7[?25l
2015-02-11T17:34:59.341563-06:00 c0-0c1s1n1 [80C[10D[1;32mdone[m8[?25h
2015-02-11T17:34:59.341575-06:00 c0-0c1s1n1 [m[?25hNo fibre channel cards present.  Not waiting for disk devices. 
2015-02-11T17:34:59.341707-06:00 c0-0c1s1n1 [m[?25hChecking file systems...
2015-02-11T17:34:59.341735-06:00 c0-0c1s1n1 fsck from util-linux 2.19.1
2015-02-11T17:34:59.341747-06:00 c0-0c1s1n1 Checking all file systems.
2015-02-11T17:34:59.341760-06:00 c0-0c1s1n1 7[?25l[1A
2015-02-11T17:34:59.341765-06:00 c0-0c1s1n1 [80C[10D[1;32mdone[m8[?25hMounting local file systems...
2015-02-11T17:34:59.341912-06:00 c0-0c1s1n1 nothing was mounted
2015-02-11T17:34:59.644292-06:00 c0-0c1s1n1 7[?25l[1A
2015-02-11T17:34:59.644309-06:00 c0-0c1s1n1 [80C[10D[1;32mdone[m8[?25h[m[?25hCheck if the profiles matches the system7[?25l
2015-02-11T17:34:59.644316-06:00 c0-0c1s1n1 [80C[10D[1;32mdone[m8[?25h
2015-02-11T17:34:59.644370-06:00 c0-0c1s1n1 [m[?25hEnabling monitoring on LVM volume groups...
2015-02-11T17:34:59.669415-06:00 c0-0c1s1n1  No volume groups found
2015-02-11T17:34:59.669480-06:00 c0-0c1s1n1 7[?25l
2015-02-11T17:34:59.669495-06:00 c0-0c1s1n1 [80C[10D[1;32mdone[m8[?25h
2015-02-11T17:34:59.720140-06:00 c0-0c1s1n1 [m[?25h[m[?25h[m[?25h[m[?25h[m[?25hTurning quota on
2015-02-11T17:34:59.720178-06:00 c0-0c1s1n1 Checking quotas. This may take some time.
2015-02-11T17:34:59.720191-06:00 c0-0c1s1n1 7[?25l
2015-02-11T17:34:59.720200-06:00 c0-0c1s1n1 [80C[10D[1;32mdone[m8[?25h
2015-02-11T17:34:59.781404-06:00 c0-0c1s1n1 [m[?25hSetting current sysctl status from /etc/sysctl.conf7[?25l
2015-02-11T17:34:59.781417-06:00 c0-0c1s1n1 [80C[10D[1;32mdone[m8[?25h
2015-02-11T17:34:59.945383-06:00 c0-0c1s1n1 [m[?25hATTENTION: You have modified /etc/resolv.conf.  Leaving it untouched...
2015-02-11T17:34:59.945423-06:00 c0-0c1s1n1 You can find my version in /tmp/resolv.conf.WTf6kk ...
2015-02-11T17:34:59.945463-06:00 c0-0c1s1n1 touch: cannot touch `/etc/yp.conf': Read-only file system
2015-02-11T17:34:59.970487-06:00 c0-0c1s1n1 chmod: cannot access `/etc/yp.conf': No such file or directory
2015-02-11T17:34:59.970527-06:00 c0-0c1s1n1 touch: cannot touch `/etc/yp.conf': Read-only file system
2015-02-11T17:34:59.970580-06:00 c0-0c1s1n1 [m[?25hSystem Boot Control: The system has been 
2015-02-11T17:34:59.970589-06:00 c0-0c1s1n1 [80C[10D[1mset up[m
2015-02-11T17:34:59.970600-06:00 c0-0c1s1n1 Skipped features: [80C[19D[1;33mboot.efivars[m
2015-02-11T17:34:59.995739-06:00 c0-0c1s1n1 System Boot Control: Running /etc/init.d/boot.local
2015-02-11T17:34:59.995851-06:00 c0-0c1s1n1 7[?25l[1A
2015-02-11T17:34:59.995865-06:00 c0-0c1s1n1 [8
2015-02-11T17:34:59.995905-06:00 c0-0c1s1n1 INIT: Entering runlevel: 3
2015-02-11T17:35:00.046214-06:00 c0-0c1s1n1 Master Resource Control: previous runlevel: N, switching to runlevel: 
2015-02-11T17:35:00.046226-06:00 c0-0c1s1n1 [80C[10D[1m3[m
2015-02-11T17:35:00.071516-06:00 c0-0c1s1n1 Starting batchlimitd
2015-02-11T17:35:00.096636-06:00 c0-0c1s1n1 [m[?25hLoading nic compatibility device7[?25l
2015-02-11T17:35:00.096652-06:00 c0-0c1s1n1 [80C[10D[1;32mdone[m8[?25h
2015-02-11T17:35:00.222769-06:00 c0-0c1s1n1 [m[?25hbpmcd_init: Power statistics available in /sys/cray
2015-02-11T17:35:00.273253-06:00 c0-0c1s1n1 [m[?25hStarting D-Bus daemon7[?25l
2015-02-11T17:35:00.273267-06:00 c0-0c1s1n1 [80C[10D[1;32mdone[m8[?25h
2015-02-11T17:35:00.323747-06:00 c0-0c1s1n1 [m[?25hiSCSI Enterprise Target Software - version trunk
2015-02-11T17:35:00.323822-06:00 c0-0c1s1n1 iscsi_trgt: Registered io type fileio
2015-02-11T17:35:00.323853-06:00 c0-0c1s1n1 iscsi_trgt: Registered io type blockio
2015-02-11T17:35:00.323879-06:00 c0-0c1s1n1 iscsi_trgt: Registered io type nullio
2015-02-11T17:35:00.349095-06:00 c0-0c1s1n1 [m[?25hLNet: HW CPU cores: 16, npartitions: 4
2015-02-11T17:35:05.413400-06:00 c0-0c1s1n1 /etc/init.d/rc3.d/S01lnet: line 179: lctl: command not found
2015-02-11T17:35:05.413484-06:00 c0-0c1s1n1 [m[?25hRemoving old kernel packages...
2015-02-11T17:35:05.453406-06:00 c0-0c1s1n1 rm: cannot remove `/boot/do_purge_kernels': Read-only file system
2015-02-11T17:35:05.453458-06:00 c0-0c1s1n1 /sbin/purge-kernels: multiversion.kernels not configured in /etc/zypp/zypp.conf, exiting.
2015-02-11T17:35:05.453498-06:00 c0-0c1s1n1 7[?25l
2015-02-11T17:35:05.453503-06:00 c0-0c1s1n1 [80C[10D[1;32mdone[m8[?25h
2015-02-11T17:35:05.493353-06:00 c0-0c1s1n1 [m[?25hInitializing random number generator7[?25l
2015-02-11T17:35:05.493363-06:00 c0-0c1s1n1 [80C[10D[1;32mdone[m8[?25h
2015-02-11T17:35:06.573414-06:00 c0-0c1s1n1 [m[?25hmlx4_core 0000:03:00.0: PCI INT A disabled
2015-02-11T17:35:07.614725-06:00 c0-0c1s1n1 mlx4_core 0000:02:00.0: PCI INT A disabled
2015-02-11T17:35:07.740966-06:00 c0-0c1s1n1 Compat-rdma backport release: ac916cb
2015-02-11T17:35:07.741029-06:00 c0-0c1s1n1 Backport based on git://git.openfabrics.org/compat-rdma/compat.git 5268562
2015-02-11T17:35:07.766195-06:00 c0-0c1s1n1 compat.git: git://git.openfabrics.org/compat-rdma/compat.git
2015-02-11T17:35:07.766305-06:00 c0-0c1s1n1 mlx4_core: Mellanox ConnectX core driver v1.1 (Dec, 2011)
2015-02-11T17:35:07.791441-06:00 c0-0c1s1n1 mlx4_core: Initializing 0000:02:00.0
2015-02-11T17:35:07.791489-06:00 c0-0c1s1n1 mlx4_core 0000:02:00.0: PCI INT A -> GSI 40 (level, low) -> IRQ 40
2015-02-11T17:35:13.654538-06:00 c0-0c1s1n1 mlx4_core 0000:02:00.0: 64B EQEs/CQEs supported by the device but not enabled
2015-02-11T17:35:14.311377-06:00 c0-0c1s1n1 mlx4_core: Initializing 0000:03:00.0
2015-02-11T17:35:14.336654-06:00 c0-0c1s1n1 mlx4_core 0000:03:00.0: PCI INT A -> GSI 42 (level, low) -> IRQ 42
2015-02-11T17:35:20.176619-06:00 c0-0c1s1n1 mlx4_core 0000:03:00.0: 64B EQEs/CQEs supported by the device but not enabled
2015-02-11T17:35:20.902586-06:00 c0-0c1s1n1 <mlx4_ib> mlx4_ib_add: mlx4_ib: Mellanox ConnectX InfiniBand driver v1.0 (April 4, 2008)
2015-02-11T17:35:21.003484-06:00 c0-0c1s1n1 Loading HCA driver and Access Layer:[60G[  [1;32mOK[0;39m  ]
2015-02-11T17:35:21.003497-06:00 c0-0c1s1n1 Setting up InfiniBand network interfaces:
2015-02-11T17:35:21.003518-06:00 c0-0c1s1n1 Setting up service network . . .[60G[  [0;39mdone[0;39m  ]
2015-02-11T17:35:21.272382-06:00 c0-0c1s1n1 [m[?25hSetting up (localfs) network interfaces:
2015-02-11T17:35:21.450193-06:00 c0-0c1s1n1    lo        
2015-02-11T17:35:21.475384-06:00 c0-0c1s1n1    lo        IP address: 127.0.0.1/8   
2015-02-11T17:35:21.500664-06:00 c0-0c1s1n1              IP address: 127.0.0.2/8   
2015-02-11T17:35:21.649469-06:00 c0-0c1s1n1 7[?25l[1A
2015-02-11T17:35:21.649482-06:00 c0-0c1s1n1 [80C[10D[1;32mdone[m8[?25h    ipogif0   
2015-02-11T17:35:21.649502-06:00 c0-0c1s1n1              No configuration found for ipogif0
2015-02-11T17:35:21.649518-06:00 c0-0c1s1n1 7[?25l[1A
2015-02-11T17:35:21.649536-06:00 c0-0c1s1n1 [80C[10D[1munused[m8[?25hSetting up service (localfs) network  .  .  .  .  .  .  .  .  .  .7[?25l
2015-02-11T17:35:21.649542-06:00 c0-0c1s1n1 [80C[10D[1;32mdone[m8[?25h
2015-02-11T17:35:21.699886-06:00 c0-0c1s1n1 [m[?25hCould not start BND as this is not the boot node.
2015-02-11T17:35:21.699923-06:00 c0-0c1s1n1 bootnodes are: 1 1 
2015-02-11T17:35:21.699942-06:00 c0-0c1s1n1 mynid=69
2015-02-11T17:35:21.725122-06:00 c0-0c1s1n1 [m[?25hS04cray-config-service: Mounting 9p configuration directory. 
2015-02-11T17:35:22.712829-06:00 c0-0c1s1n1 S04cray-config-service:   Success.  
2015-02-11T17:35:22.763067-06:00 c0-0c1s1n1 [m[?25h[m[?25hStarting hw_info_init on 69
2015-02-11T17:35:22.790828-06:00 c0-0c1s1n1 bootnodes are: 1 1 
2015-02-11T17:35:22.790864-06:00 c0-0c1s1n1 mynid=69
2015-02-11T17:35:23.223838-06:00 c0-0c1s1n1 [m[?25h[m[?25h 
2015-02-11T17:35:23.223886-06:00 c0-0c1s1n1 cray-syslog: **WARNING**  /etc/security/limits.conf MAY require hard and soft file limits 
2015-02-11T17:35:23.223912-06:00 c0-0c1s1n1 cray-syslog:              greater or equal to 8192 for proper LLM operation 
2015-02-11T17:35:23.223929-06:00 c0-0c1s1n1 cray-syslog:              when large number of jobs are launched concurrently.
2015-02-11T17:35:23.223950-06:00 c0-0c1s1n1 cray-syslog:              If you have failures running large number of concurrent jobs,
2015-02-11T17:35:23.249040-06:00 c0-0c1s1n1 cray-syslog:              you may wish to update the hard and soft nofile entries in 
2015-02-11T17:35:23.249069-06:00 c0-0c1s1n1 cray-syslog:              limits.conf as follows.
2015-02-11T17:35:23.249091-06:00 c0-0c1s1n1 
2015-02-11T17:35:23.249119-06:00 c0-0c1s1n1 cray-syslog: /etc/security/limits.conf: 
2015-02-11T17:35:23.249131-06:00 c0-0c1s1n1 cray-syslog: *  soft  nofile  8192
2015-02-11T17:35:23.274272-06:00 c0-0c1s1n1 cray-syslog: *  hard  nofile  8192
2015-02-11T17:35:23.274311-06:00 c0-0c1s1n1 
2015-02-11T17:35:24.232134-06:00 c0-0c1s1n1 cray-syslog: rsyslogd started as process 6807.
2015-02-11T17:35:25.245331-06:00 c0-0c1s1n1 cray-syslog: llmrd started as process  6820.
2015-02-11T17:35:25.308384-06:00 c0-0c1s1n1 [m[?25h[m[?25hStarting auditd startproc:  exit status of parent of /sbin/auditd: 6
2015-02-11T17:35:25.308420-06:00 c0-0c1s1n1 7[?25l
2015-02-11T17:35:25.308425-06:00 c0-0c1s1n1 [80C[10D[1;32mdone[m8[?25h
2015-02-11T17:35:25.427411-06:00 c0-0c1s1n1 [m[?25hStarting haveged daemon 7[?25l
2015-02-11T17:35:25.427427-06:00 c0-0c1s1n1 [80C[10D[1;32mdone[m8[?25h
2015-02-11T17:35:25.452596-06:00 c0-0c1s1n1 [m[?25hStarting rpcbind 7[?25l
2015-02-11T17:35:25.452606-06:00 c0-0c1s1n1 [80C[10D[1;32mdone[m8[?25h
2015-02-11T17:35:25.477844-06:00 c0-0c1s1n1 [m[?25hbootnodes are: 1 1 
2015-02-11T17:35:25.477872-06:00 c0-0c1s1n1 mynid=69
2015-02-11T17:35:25.503075-06:00 c0-0c1s1n1 [m[?25hNot starting NFS client services - no NFS found in /etc/fstab:
2015-02-11T17:35:25.503080-06:00 c0-0c1s1n1 [80C[10D[1munused[m
2015-02-11T17:35:25.528271-06:00 c0-0c1s1n1 [m[?25hStarting DVS service: DVS: Revision 1873 - Built: Sep 17 2014 @ 06:40:29 for lnet version 2.5
2015-02-11T17:35:25.593434-06:00 c0-0c1s1n1 Lustre: kgnilnd build version: 2.5-trunk-1.0502.17198.8.51-abuild-RB-5.2UP02_2.5.1-2014-09-17-06:59
2015-02-11T17:35:25.650579-06:00 c0-0c1s1n1 LNet: Added LNI 69@gni [16/512/0/0]
2015-02-11T17:35:26.681191-06:00 c0-0c1s1n1 7[?25l
2015-02-11T17:35:26.681208-06:00 c0-0c1s1n1 [80C[10D[1;32mdone[m8[?25h
2015-02-11T17:35:26.706417-06:00 c0-0c1s1n1 [m[?25hStarting java.binfmt_misc 7[?25l
2015-02-11T17:35:26.706430-06:00 c0-0c1s1n1 [80C[10D[1;32mdone[m8[?25h
2015-02-11T17:35:26.770604-06:00 c0-0c1s1n1 [m[?25hStarting mcelog... 7[?25l
2015-02-11T17:35:26.770619-06:00 c0-0c1s1n1 [80C[10D[1;32mdone[m8[?25h
2015-02-11T17:35:26.858650-06:00 c0-0c1s1n1 [m[?25hSetting up (remotefs) network interfaces:
2015-02-11T17:35:26.973044-06:00 c0-0c1s1n1    sit0      
2015-02-11T17:35:26.973073-06:00 c0-0c1s1n1              No configuration found for sit0
2015-02-11T17:35:27.003746-06:00 c0-0c1s1n1 7[?25l[1A
2015-02-11T17:35:27.003767-06:00 c0-0c1s1n1 [80C[10D[1munused[m8[?25hSetting up service (remotefs) network  .  .  .  .  .  .  .  .  .  .7[?25l
2015-02-11T17:35:27.003773-06:00 c0-0c1s1n1 [80C[10D[1;32mdone[m8[?25h
2015-02-11T17:35:27.054220-06:00 c0-0c1s1n1 [80C[10D[1;32mdone[m8[?25h
2015-02-11T17:35:27.104678-06:00 c0-0c1s1n1 [m[?25hsdbnodes are: 137 137 
2015-02-11T17:35:27.104707-06:00 c0-0c1s1n1 mynid=69
2015-02-11T17:35:27.143225-06:00 c0-0c1s1n1 [m[?25hStarting network time protocol daemon (NTPD)7[?25l
2015-02-11T17:35:27.143240-06:00 c0-0c1s1n1 [80C[10D[1;32mdone[m8[?25h
2015-02-11T17:35:27.218912-06:00 c0-0c1s1n1 [m[?25hStarting MUNGE: munged7[?25l
2015-02-11T17:35:27.218922-06:00 c0-0c1s1n1 [80C[10D[1;32mdone[m8[?25h
2015-02-11T17:35:27.294687-06:00 c0-0c1s1n1 [m[?25h[m[?25h[m[?25hStarting Name Service Cache Daemon7[?25l
2015-02-11T17:35:27.294698-06:00 c0-0c1s1n1 [80C[10D[1;32mdone[m8[?25h
2015-02-11T17:35:27.319900-06:00 c0-0c1s1n1 [m[?25hEnabling Linux Jobs
2015-02-11T17:35:27.345139-06:00 c0-0c1s1n1 [m[?25hStarting alps services
2015-02-11T17:35:27.865482-06:00 c0-0c1s1n1 mkdir: cannot create directory `/ufs/alps_shared': Read-only file system
2015-02-11T17:35:27.865510-06:00 c0-0c1s1n1 no ALPS daemon will be started on node nid00069.
2015-02-11T17:35:28.385511-06:00 c0-0c1s1n1 [m[?25h<node_health> Starting node_health_recovery
2015-02-11T17:35:28.420951-06:00 c0-0c1s1n1 [m[?25hsdbnodes are: 137 137 
2015-02-11T17:35:28.420984-06:00 c0-0c1s1n1 mynid=69
2015-02-11T17:35:28.421034-06:00 c0-0c1s1n1 [m[?25hblogd: no message logging because /var file system is not accessible
2015-02-11T17:35:28.421049-06:00 c0-0c1s1n1 Boot event: Starting
2015-02-11T17:35:28.421059-06:00 c0-0c1s1n1 Sending ec_node_info with boot code 8 (NODE_INFO_OS_BOOT_SUCCEEDED) for nid 69
2015-02-11T17:35:28.421078-06:00 c0-0c1s1n1 [m[?25hMaster Resource Control: runlevel 3 has been 
2015-02-11T17:35:28.421087-06:00 c0-0c1s1n1 [80C[10D[1mreached[m
2015-02-11T17:35:28.446117-06:00 c0-0c1s1n1 Failed services in runlevel 3: [80C[11D[1;31mlnet[m
2015-02-11T17:35:28.446145-06:00 c0-0c1s1n1 Skipped services in runlevel 3: [80C[10D[1;33mnfs[m
2015-02-11T17:35:28.446154-06:00 c0-0c1s1n1 INIT: no more processes left in this runlevel
2015-02-12T14:34:25.882094-06:00 c0-0c1s1n1 INIT: Switching to runlevel: 0
2015-02-12T14:34:25.882673-06:00 c0-0c1s1n1 Boot logging started on /dev/ttyS0((no tty)) at Thu Feb 12 14:34:25 2015
2015-02-12T14:34:25.907387-06:00 c0-0c1s1n1 Master Resource Control: previous runlevel: 3, switching to runlevel: 
2015-02-12T14:34:25.907396-06:00 c0-0c1s1n1 [80C[10D[1m0[m
2015-02-12T14:34:25.907614-06:00 c0-0c1s1n1 sdbnodes are: 137 137 
2015-02-12T14:34:25.907647-06:00 c0-0c1s1n1 mynid=69
2015-02-12T14:34:25.944266-06:00 c0-0c1s1n1 [m[?25hBoot event: Nothing to stop.
2015-02-12T14:34:25.984157-06:00 c0-0c1s1n1 [m[?25hShutting down auditd 7[?25l
2015-02-12T14:34:25.984171-06:00 c0-0c1s1n1 [80C[10D[1;32mdone[m8[?25h
2015-02-12T14:34:25.984316-06:00 c0-0c1s1n1 [m[?25hStopping batchlimitd
2015-02-12T14:34:25.984861-06:00 c0-0c1s1n1 [m[?25hCould not start BND as this is not the boot node.
2015-02-12T14:34:25.984889-06:00 c0-0c1s1n1 bootnodes are: 1 1 
2015-02-12T14:34:25.984902-06:00 c0-0c1s1n1 mynid=69
2015-02-12T14:34:26.033563-06:00 c0-0c1s1n1 [m[?25hK02cray-config-service: Unmounting the configuration directory. 
2015-02-12T14:34:27.036161-06:00 c0-0c1s1n1 K02cray-config-service:   Success.  
2015-02-12T14:34:27.061396-06:00 c0-0c1s1n1 [m[?25hUnloading nic compatibility device7[?25l
2015-02-12T14:34:27.061401-06:00 c0-0c1s1n1 [80C[10D[1;32mdone[m8[?25h
2015-02-12T14:34:27.086560-06:00 c0-0c1s1n1 [m[?25hbpmcd_exit: No local access to power statistics
2015-02-12T14:34:29.685348-06:00 c0-0c1s1n1 [m[?25hStopping DVS service: LNet: 6937:0:(gnilnd.c:761:kgnilnd_complete_closed_conn()) Closed conn 0xffff881008878800->66@gni (errno -108, peer errno 0): canceled 1 TX, 0/0 RDMA
2015-02-12T14:34:32.260977-06:00 c0-0c1s1n1 LNet: Removed LNI 69@gni
2015-02-12T14:34:34.223652-06:00 c0-0c1s1n1 7[?25l
2015-02-12T14:34:34.223662-06:00 c0-0c1s1n1 [80C[10D[1;32mdone[m8[?25h
2015-02-12T14:34:34.299375-06:00 c0-0c1s1n1 [m[?25hShutting down haveged daemon 7[?25l
2015-02-12T14:34:34.299385-06:00 c0-0c1s1n1 [80C[10D[1;32mdone[m8[?25h
2015-02-12T14:34:34.324576-06:00 c0-0c1s1n1 [m[?25hStarting hw_info_init on 69
2015-02-12T14:34:34.349769-06:00 c0-0c1s1n1 bootnodes are: 1 1 
2015-02-12T14:34:34.349796-06:00 c0-0c1s1n1 mynid=69
2015-02-12T14:34:34.375074-06:00 c0-0c1s1n1 [m[?25h[m[?25hShutting down java.binfmt_misc 7[?25l
2015-02-12T14:34:34.375088-06:00 c0-0c1s1n1 [80C[10D[1;32mdone[m8[?25h
2015-02-12T14:34:39.408083-06:00 c0-0c1s1n1 [m[?25hERROR: Module lnet has non-zero reference count.
2015-02-12T14:34:39.521358-06:00 c0-0c1s1n1 [m[?25hShutting down mcelog... 7[?25l
2015-02-12T14:34:39.521368-06:00 c0-0c1s1n1 [80C[10D[1;32mdone[m8[?25h
2015-02-12T14:34:39.609385-06:00 c0-0c1s1n1 [m[?25hStopping MUNGE: munged7[?25l
2015-02-12T14:34:39.609395-06:00 c0-0c1s1n1 [80C[10D[1;32mdone[m8[?25h
2015-02-12T14:34:39.609520-06:00 c0-0c1s1n1 [m[?25h<node_health> Stopping node_health_recovery
2015-02-12T14:34:39.609534-06:00 c0-0c1s1n1 node_health_recovery: no process found
2015-02-12T14:34:40.104973-06:00 c0-0c1s1n1 [m[?25hShutting down Name Service Cache Daemon7[?25l
2015-02-12T14:34:40.104981-06:00 c0-0c1s1n1 [80C[10D[1;32mdone[m8[?25h
2015-02-12T14:34:40.170964-06:00 c0-0c1s1n1 [m[?25h[m[?25h[m[?25h[m[?25hbootnodes are: 1 1 
2015-02-12T14:34:40.196196-06:00 c0-0c1s1n1 mynid=69
2015-02-12T14:34:40.221443-06:00 c0-0c1s1n1 [m[?25hShutting down alps services
2015-02-12T14:34:40.711982-06:00 c0-0c1s1n1 Terminating apsys
2015-02-12T14:34:41.208588-06:00 c0-0c1s1n1 7[?25l
2015-02-12T14:34:41.208599-06:00 c0-0c1s1n1 [80C[10D[1;32mdone[m8[?25h
2015-02-12T14:34:41.233838-06:00 c0-0c1s1n1 [m[?25hNOT Disabling ipogif0
2015-02-12T14:34:41.259232-06:00 c0-0c1s1n1 [m[?25hSaving random seed7[?25l
2015-02-12T14:34:41.259244-06:00 c0-0c1s1n1 [80C[10D[1;32mdone[m8[?25h
2015-02-12T14:34:41.284349-06:00 c0-0c1s1n1 [m[?25h[m[?25hDisabling Linux Jobs
2015-02-12T14:34:41.284413-06:00 c0-0c1s1n1 No new jobs will be created. If Linux Jobs support was loaded
2015-02-12T14:34:41.284422-06:00 c0-0c1s1n1 as a kernel module, you can unload the module once the number of
2015-02-12T14:34:41.284444-06:00 c0-0c1s1n1 running jobs is 0 (zero).  Use the lsmod command to find if job
2015-02-12T14:34:41.284467-06:00 c0-0c1s1n1 module is loaded and the rmmod command to unload it once the
2015-02-12T14:34:41.284529-06:00 c0-0c1s1n1 used-count is 0. The jstat command can be used
2015-02-12T14:34:41.284551-06:00 c0-0c1s1n1 to determine what jobs are currently running.
2015-02-12T14:34:41.284562-06:00 c0-0c1s1n1 jsethid illegal parameter: 0xffffffff
2015-02-12T14:34:41.309575-06:00 c0-0c1s1n1 [m[?25hsdbnodes are: 137 137 
2015-02-12T14:34:41.309672-06:00 c0-0c1s1n1 mynid=69
2015-02-12T14:34:41.360024-06:00 c0-0c1s1n1 [80C[10D[1;32mdone[m8[?25h
2015-02-12T14:34:41.410474-06:00 c0-0c1s1n1 [m[?25hShutting down network time protocol daemon (NTPD)7[?25l
2015-02-12T14:34:41.410486-06:00 c0-0c1s1n1 [80C[10D[1;32mdone[m8[?25h
2015-02-12T14:34:41.511461-06:00 c0-0c1s1n1 [m[?25hShutting down (remotefs) network interfaces:
2015-02-12T14:34:41.561841-06:00 c0-0c1s1n1    sit0      
2015-02-12T14:34:41.561882-06:00 c0-0c1s1n1              No configuration found for sit0 
2015-02-12T14:34:41.561895-06:00 c0-0c1s1n1              Nevertheless the interface will be shut down.
2015-02-12T14:34:42.091798-06:00 c0-0c1s1n1 7[?25l[1A
2015-02-12T14:34:42.091809-06:00 c0-0c1s1n1 [80C[10D[1;32mdone[m8[?25hShutting down service (remotefs) network  .  .  .  .  .  .  .  .  .7[?25l
2015-02-12T14:34:42.091814-06:00 c0-0c1s1n1 [80C[10D[1;32mdone[m8[?25h
2015-02-12T14:34:42.116895-06:00 c0-0c1s1n1 [m[?25hShutting down NFS client services: root filesystem is on NFS
2015-02-12T14:34:42.116905-06:00 c0-0c1s1n1 [80C[10D[1;33mskipped[m
2015-02-12T14:34:42.202487-06:00 c0-0c1s1n1 [m[?25hShutting down rpcbind 7[?25l
2015-02-12T14:34:42.202494-06:00 c0-0c1s1n1 [80C[10D[1;32mdone[m8[?25h
2015-02-12T14:35:12.266912-06:00 c0-0c1s1n1 [m[?25hnfs: server 10.131.255.254 not responding, still trying
2015-02-12T15:28:36.738845-06:00 c0-0c1s1n1 ERROR: Type:2; Severity:80; Class:3; Subclass:D; Operation: 2
2015-02-12T15:37:08.053128-06:00 c0-0c1s1n1 Wait4Boot: WRITE: 533 bytes to memory @ 0x90CD0 ... complete
2015-02-12T15:37:08.053137-06:00 c0-0c1s1n1 Wait4Boot: Blade Controller Boot Protocol version - 1
2015-02-12T15:37:08.077706-06:00 c0-0c1s1n1 Wait4Boot: JUMP: KernelStart 0x100000, boot_params 0x90000, CmdLineAddr 0x90CD0
2015-02-12T15:37:08.205142-06:00 c0-0c1s1n1 Decompressing Linux... Parsing ELF... done.
2015-02-12T15:37:08.230271-06:00 c0-0c1s1n1 Booting the kernel.
2015-02-12T15:37:08.230448-06:00 c0-0c1s1n1 Initializing cgroup subsys cpuset
2015-02-12T15:37:08.230568-06:00 c0-0c1s1n1 Initializing cgroup subsys cpu
2015-02-12T15:37:08.255788-06:00 c0-0c1s1n1 Linux version 3.0.101-0.31.1_1.0502.8394-cray_ari_s (abuild@cfosbld05) (gcc version 4.3.4 [gcc-4_3-branch revision 152973] (SUSE Linux) ) #1 SMP Wed Sep 10 04:03:41 UTC 2014
2015-02-12T15:37:08.333138-06:00 c0-0c1s1n1 Command line: earlyprintk=serial,115200 load_ramdisk=1 ramdisk_size=80000 console=ttyS0,115200n8 bootnodeip=10.131.255.254 bootproto=ipog bootpath=/rr/current rootfs=nfs-shared root=/dev/disk/by-id/scsi-3600a09800063789e0000008b54c3a04c-part1 oops=panic bootifnetmask=255.252.0.0 elevator=noop ippob1=10 ippob2=128 pcie_ports=native iommu=on intel_iommu=off bad_page=panic pln_enable=off apei_disable hest_disable erst_disable ghes_disable cgroup_disable=memory active_wlm=ALPS sdbnodeip=10.131.255.253 sessionid=p0-20150212t152812 _cray=marker_ 
2015-02-12T15:37:08.333248-06:00 c0-0c1s1n1 KERNEL supported cpus:
2015-02-12T15:37:08.372781-06:00 c0-0c1s1n1  Intel GenuineIntel
2015-02-12T15:37:08.372952-06:00 c0-0c1s1n1 BIOS-provided physical RAM map:
2015-02-12T15:37:08.373265-06:00 c0-0c1s1n1 BIOS-e820: 0000000000000000 - 00000000000a0000 (usable)
2015-02-12T15:37:08.381866-06:00 c0-0c1s1n1 BIOS-e820: 0000000000100000 - 000000007e67c000 (usable)
2015-02-12T15:37:08.382005-06:00 c0-0c1s1n1 BIOS-e820: 000000007e67c000 - 000000007e790000 (ACPI NVS)
2015-02-12T15:37:08.420155-06:00 c0-0c1s1n1 BIOS-e820: 000000007e790000 - 000000007f395000 (reserved)
2015-02-12T15:37:08.420347-06:00 c0-0c1s1n1 BIOS-e820: 000000007f395000 - 000000007f410000 (ACPI data)
2015-02-12T15:37:08.420520-06:00 c0-0c1s1n1 BIOS-e820: 000000007f410000 - 000000007f491000 (reserved)
2015-02-12T15:37:08.420720-06:00 c0-0c1s1n1 BIOS-e820: 000000007f491000 - 000000007f493000 (usable)
2015-02-12T15:37:08.460572-06:00 c0-0c1s1n1 BIOS-e820: 000000007f493000 - 000000007f494000 (ACPI NVS)
2015-02-12T15:37:08.460829-06:00 c0-0c1s1n1 BIOS-e820: 000000007f494000 - 000000007f49e000 (reserved)
2015-02-12T15:37:08.461049-06:00 c0-0c1s1n1 BIOS-e820: 000000007f49e000 - 000000007f4a6000 (ACPI NVS)
2015-02-12T15:37:08.461289-06:00 c0-0c1s1n1 BIOS-e820: 000000007f4a6000 - 000000007f4d2000 (reserved)
2015-02-12T15:37:08.461514-06:00 c0-0c1s1n1 BIOS-e820: 000000007f4d2000 - 000000007f558000 (ACPI NVS)
2015-02-12T15:37:08.461709-06:00 c0-0c1s1n1 BIOS-e820: 000000007f558000 - 000000007f800000 (usable)
2015-02-12T15:37:08.500514-06:00 c0-0c1s1n1 BIOS-e820: 0000000080000000 - 0000000090000000 (reserved)
2015-02-12T15:37:08.500713-06:00 c0-0c1s1n1 BIOS-e820: 00000000fed1c000 - 00000000fed20000 (reserved)
2015-02-12T15:37:08.508050-06:00 c0-0c1s1n1 BIOS-e820: 00000000ff000000 - 0000000100000000 (reserved)
2015-02-12T15:37:08.508298-06:00 c0-0c1s1n1 BIOS-e820: 0000000100000000 - 0000001080000000 (usable)
2015-02-12T15:37:08.508484-06:00 c0-0c1s1n1 bootconsole [earlyser0] enabled
2015-02-12T15:37:08.508691-06:00 c0-0c1s1n1 NX (Execute Disable) protection: active
2015-02-12T15:37:08.508884-06:00 c0-0c1s1n1 EFI v2.10 by American Megatrends
2015-02-12T15:37:08.533571-06:00 c0-0c1s1n1 ACPI=0x7f395000  ACPI 2.0=0x7f395000  SMBIOS=0xf04c0  MPS=0xfd450 
2015-02-12T15:37:08.533836-06:00 c0-0c1s1n1 EFI: mem00: type=3, attr=0xf, range=[0x0000000000000000-0x0000000000008000) (0MB)
2015-02-12T15:37:08.558723-06:00 c0-0c1s1n1 EFI: mem01: type=7, attr=0xf, range=[0x0000000000008000-0x0000000000060000) (0MB)
2015-02-12T15:37:08.559020-06:00 c0-0c1s1n1 EFI: mem02: type=3, attr=0xf, range=[0x0000000000060000-0x00000000000a0000) (0MB)
2015-02-12T15:37:08.583973-06:00 c0-0c1s1n1 EFI: mem03: type=7, attr=0xf, range=[0x0000000000100000-0x0000000001000000) (15MB)
2015-02-12T15:37:08.584263-06:00 c0-0c1s1n1 EFI: mem04: type=2, attr=0xf, range=[0x0000000001000000-0x0000000001100000) (1MB)
2015-02-12T15:37:08.609181-06:00 c0-0c1s1n1 EFI: mem05: type=4, attr=0xf, range=[0x0000000001100000-0x00000000017ea000) (6MB)
2015-02-12T15:37:08.609471-06:00 c0-0c1s1n1 EFI: mem06: type=3, attr=0xf, range=[0x00000000017ea000-0x00000000017ee000) (0MB)
2015-02-12T15:37:08.634379-06:00 c0-0c1s1n1 EFI: mem07: type=4, attr=0xf, range=[0x00000000017ee000-0x0000000001886000) (0MB)
2015-02-12T15:37:08.659473-06:00 c0-0c1s1n1 EFI: mem08: type=3, attr=0xf, range=[0x0000000001886000-0x000000000188f000) (0MB)
2015-02-12T15:37:08.659788-06:00 c0-0c1s1n1 EFI: mem09: type=4, attr=0xf, range=[0x000000000188f000-0x0000000001892000) (0MB)
2015-02-12T15:37:08.684735-06:00 c0-0c1s1n1 EFI: mem10: type=3, attr=0xf, range=[0x0000000001892000-0x000000000189e000) (0MB)
2015-02-12T15:37:08.684993-06:00 c0-0c1s1n1 EFI: mem11: type=4, attr=0xf, range=[0x000000000189e000-0x00000000018a9000) (0MB)
2015-02-12T15:37:08.724396-06:00 c0-0c1s1n1 EFI: mem12: type=3, attr=0xf, range=[0x00000000018a9000-0x00000000018ab000) (0MB)
2015-02-12T15:37:08.724605-06:00 c0-0c1s1n1 EFI: mem13: type=4, attr=0xf, range=[0x00000000018ab000-0x00000000018ad000) (0MB)
2015-02-12T15:37:08.764447-06:00 c0-0c1s1n1 EFI: mem14: type=3, attr=0xf, range=[0x00000000018ad000-0x00000000018af000) (0MB)
2015-02-12T15:37:08.764699-06:00 c0-0c1s1n1 EFI: mem15: type=4, attr=0xf, range=[0x00000000018af000-0x00000000018b7000) (0MB)
2015-02-12T15:37:08.764958-06:00 c0-0c1s1n1 EFI: mem16: type=3, attr=0xf, range=[0x00000000018b7000-0x00000000018bb000) (0MB)
2015-02-12T15:37:08.765248-06:00 c0-0c1s1n1 EFI: mem17: type=4, attr=0xf, range=[0x00000000018bb000-0x00000000018bd000) (0MB)
2015-02-12T15:37:08.804407-06:00 c0-0c1s1n1 EFI: mem18: type=3, attr=0xf, range=[0x00000000018bd000-0x00000000018bf000) (0MB)
2015-02-12T15:37:08.804712-06:00 c0-0c1s1n1 EFI: mem19: type=4, attr=0xf, range=[0x00000000018bf000-0x00000000018d1000) (0MB)
2015-02-12T15:37:08.811103-06:00 c0-0c1s1n1 EFI: mem20: type=3, attr=0xf, range=[0x00000000018d1000-0x00000000018d7000) (0MB)
2015-02-12T15:37:08.848366-06:00 c0-0c1s1n1 EFI: mem21: type=4, attr=0xf, range=[0x00000000018d7000-0x00000000018f9000) (0MB)
2015-02-12T15:37:08.848658-06:00 c0-0c1s1n1 EFI: mem22: type=3, attr=0xf, range=[0x00000000018f9000-0x0000000001908000) (0MB)
2015-02-12T15:37:08.848945-06:00 c0-0c1s1n1 EFI: mem23: type=4, attr=0xf, range=[0x0000000001908000-0x0000000001921000) (0MB)
2015-02-12T15:37:08.888417-06:00 c0-0c1s1n1 EFI: mem24: type=3, attr=0xf, range=[0x0000000001921000-0x000000000192b000) (0MB)
2015-02-12T15:37:08.888697-06:00 c0-0c1s1n1 EFI: mem25: type=4, attr=0xf, range=[0x000000000192b000-0x0000000001933000) (0MB)
2015-02-12T15:37:08.888942-06:00 c0-0c1s1n1 EFI: mem26: type=3, attr=0xf, range=[0x0000000001933000-0x0000000001936000) (0MB)
2015-02-12T15:37:08.889245-06:00 c0-0c1s1n1 EFI: mem27: type=4, attr=0xf, range=[0x0000000001936000-0x000000000193b000) (0MB)
2015-02-12T15:37:08.928527-06:00 c0-0c1s1n1 EFI: mem28: type=3, attr=0xf, range=[0x000000000193b000-0x000000000193e000) (0MB)
2015-02-12T15:37:08.928816-06:00 c0-0c1s1n1 EFI: mem29: type=4, attr=0xf, range=[0x000000000193e000-0x0000000001964000) (0MB)
2015-02-12T15:37:08.937458-06:00 c0-0c1s1n1 EFI: mem30: type=3, attr=0xf, range=[0x0000000001964000-0x0000000001968000) (0MB)
2015-02-12T15:37:08.937686-06:00 c0-0c1s1n1 EFI: mem31: type=4, attr=0xf, range=[0x0000000001968000-0x000000000198a000) (0MB)
2015-02-12T15:37:08.962650-06:00 c0-0c1s1n1 EFI: mem32: type=3, attr=0xf, range=[0x000000000198a000-0x00000000019b0000) (0MB)
2015-02-12T15:37:08.962929-06:00 c0-0c1s1n1 EFI: mem33: type=4, attr=0xf, range=[0x00000000019b0000-0x00000000019be000) (0MB)
2015-02-12T15:37:08.987975-06:00 c0-0c1s1n1 EFI: mem34: type=3, attr=0xf, range=[0x00000000019be000-0x00000000019ce000) (0MB)
2015-02-12T15:37:08.988259-06:00 c0-0c1s1n1 EFI: mem35: type=4, attr=0xf, range=[0x00000000019ce000-0x00000000019d0000) (0MB)
2015-02-12T15:37:09.013134-06:00 c0-0c1s1n1 EFI: mem36: type=3, attr=0xf, range=[0x00000000019d0000-0x00000000019d7000) (0MB)
2015-02-12T15:37:09.052438-06:00 c0-0c1s1n1 EFI: mem37: type=4, attr=0xf, range=[0x00000000019d7000-0x00000000019e1000) (0MB)
2015-02-12T15:37:09.052717-06:00 c0-0c1s1n1 EFI: mem38: type=3, attr=0xf, range=[0x00000000019e1000-0x00000000019e5000) (0MB)
2015-02-12T15:37:09.052963-06:00 c0-0c1s1n1 EFI: mem39: type=4, attr=0xf, range=[0x00000000019e5000-0x0000000001a02000) (0MB)
2015-02-12T15:37:09.092467-06:00 c0-0c1s1n1 EFI: mem40: type=3, attr=0xf, range=[0x0000000001a02000-0x0000000001a06000) (0MB)
2015-02-12T15:37:09.092675-06:00 c0-0c1s1n1 EFI: mem41: type=4, attr=0xf, range=[0x0000000001a06000-0x0000000001a0a000) (0MB)
2015-02-12T15:37:09.092937-06:00 c0-0c1s1n1 EFI: mem42: type=3, attr=0xf, range=[0x0000000001a0a000-0x0000000001a1e000) (0MB)
2015-02-12T15:37:09.093206-06:00 c0-0c1s1n1 EFI: mem43: type=4, attr=0xf, range=[0x0000000001a1e000-0x0000000001a22000) (0MB)
2015-02-12T15:37:09.132362-06:00 c0-0c1s1n1 EFI: mem44: type=3, attr=0xf, range=[0x0000000001a22000-0x0000000001a26000) (0MB)
2015-02-12T15:37:09.132639-06:00 c0-0c1s1n1 EFI: mem45: type=4, attr=0xf, range=[0x0000000001a26000-0x0000000001a34000) (0MB)
2015-02-12T15:37:09.139471-06:00 c0-0c1s1n1 EFI: mem46: type=3, attr=0xf, range=[0x0000000001a34000-0x0000000001a3b000) (0MB)
2015-02-12T15:37:09.176433-06:00 c0-0c1s1n1 EFI: mem47: type=4, attr=0xf, range=[0x0000000001a3b000-0x0000000001a42000) (0MB)
2015-02-12T15:37:09.176705-06:00 c0-0c1s1n1 EFI: mem48: type=3, attr=0xf, range=[0x0000000001a42000-0x0000000001a4a000) (0MB)
2015-02-12T15:37:09.176950-06:00 c0-0c1s1n1 EFI: mem49: type=4, attr=0xf, range=[0x0000000001a4a000-0x0000000001a4b000) (0MB)
2015-02-12T15:37:09.216399-06:00 c0-0c1s1n1 EFI: mem50: type=3, attr=0xf, range=[0x0000000001a4b000-0x0000000001a4d000) (0MB)
2015-02-12T15:37:09.216703-06:00 c0-0c1s1n1 EFI: mem51: type=4, attr=0xf, range=[0x0000000001a4d000-0x0000000001a52000) (0MB)
2015-02-12T15:37:09.216967-06:00 c0-0c1s1n1 EFI: mem52: type=3, attr=0xf, range=[0x0000000001a52000-0x0000000001a69000) (0MB)
2015-02-12T15:37:09.217240-06:00 c0-0c1s1n1 EFI: mem53: type=4, attr=0xf, range=[0x0000000001a69000-0x0000000001a6f000) (0MB)
2015-02-12T15:37:09.256381-06:00 c0-0c1s1n1 EFI: mem54: type=3, attr=0xf, range=[0x0000000001a6f000-0x0000000001a70000) (0MB)
2015-02-12T15:37:09.256673-06:00 c0-0c1s1n1 EFI: mem55: type=4, attr=0xf, range=[0x0000000001a70000-0x0000000001a71000) (0MB)
2015-02-12T15:37:09.265420-06:00 c0-0c1s1n1 EFI: mem56: type=3, attr=0xf, range=[0x0000000001a71000-0x0000000001a79000) (0MB)
2015-02-12T15:37:09.265739-06:00 c0-0c1s1n1 EFI: mem57: type=4, attr=0xf, range=[0x0000000001a79000-0x0000000001a7a000) (0MB)
2015-02-12T15:37:09.290775-06:00 c0-0c1s1n1 EFI: mem58: type=3, attr=0xf, range=[0x0000000001a7a000-0x0000000001a83000) (0MB)
2015-02-12T15:37:09.328378-06:00 c0-0c1s1n1 EFI: mem59: type=4, attr=0xf, range=[0x0000000001a83000-0x0000000001a85000) (0MB)
2015-02-12T15:37:09.328577-06:00 c0-0c1s1n1 EFI: mem60: type=3, attr=0xf, range=[0x0000000001a85000-0x0000000001abe000) (0MB)
2015-02-12T15:37:09.328790-06:00 c0-0c1s1n1 EFI: mem61: type=4, attr=0xf, range=[0x0000000001abe000-0x0000000001abf000) (0MB)
2015-02-12T15:37:09.368460-06:00 c0-0c1s1n1 EFI: mem62: type=3, attr=0xf, range=[0x0000000001abf000-0x0000000001acc000) (0MB)
2015-02-12T15:37:09.368651-06:00 c0-0c1s1n1 EFI: mem63: type=4, attr=0xf, range=[0x0000000001acc000-0x0000000001ad7000) (0MB)
