2015-02-11T17:25:58.437409-06:00 c0-0c1s1n2 ERROR: Type:2; Severity:80; Class:3; Subclass:D; Operation: 2
2015-02-11T17:34:33.079583-06:00 c0-0c1s1n2 Wait4Boot: WRITE: 533 bytes to memory @ 0x90CD0 ... complete
2015-02-11T17:34:33.104433-06:00 c0-0c1s1n2 Wait4Boot: Blade Controller Boot Protocol version - 1
2015-02-11T17:34:33.129595-06:00 c0-0c1s1n2 Wait4Boot: JUMP: KernelStart 0x100000, boot_params 0x90000, CmdLineAddr 0x90CD0
2015-02-11T17:34:33.258889-06:00 c0-0c1s1n2 Decompressing Linux... Parsing ELF... done.
2015-02-11T17:34:33.259023-06:00 c0-0c1s1n2 Booting the kernel.
2015-02-11T17:34:33.259095-06:00 c0-0c1s1n2 Initializing cgroup subsys cpuset
2015-02-11T17:34:33.259173-06:00 c0-0c1s1n2 Initializing cgroup subsys cpu
2015-02-11T17:34:33.284211-06:00 c0-0c1s1n2 Linux version 3.0.101-0.31.1_1.0502.8394-cray_ari_s (abuild@cfosbld05) (gcc version 4.3.4 [gcc-4_3-branch revision 152973] (SUSE Linux) ) #1 SMP Wed Sep 10 04:03:41 UTC 2014
2015-02-11T17:34:33.385162-06:00 c0-0c1s1n2 Command line: earlyprintk=serial,115200 load_ramdisk=1 ramdisk_size=80000 console=ttyS0,115200n8 bootnodeip=10.131.255.254 bootproto=ipog bootpath=/rr/current rootfs=nfs-shared root=/dev/disk/by-id/scsi-3600a09800063789e0000008b54c3a04c-part1 oops=panic bootifnetmask=255.252.0.0 elevator=noop ippob1=10 ippob2=128 pcie_ports=native iommu=on intel_iommu=off bad_page=panic pln_enable=off apei_disable hest_disable erst_disable ghes_disable cgroup_disable=memory active_wlm=ALPS sdbnodeip=10.131.255.253 sessionid=p0-20150211t172524 _cray=marker_ 
2015-02-11T17:34:33.385238-06:00 c0-0c1s1n2 KERNEL supported cpus:
2015-02-11T17:34:33.385423-06:00 c0-0c1s1n2  Intel GenuineIntel
2015-02-11T17:34:33.385528-06:00 c0-0c1s1n2 BIOS-provided physical RAM map:
2015-02-11T17:34:33.410316-06:00 c0-0c1s1n2 BIOS-e820: 0000000000000000 - 00000000000a0000 (usable)
2015-02-11T17:34:33.410519-06:00 c0-0c1s1n2 BIOS-e820: 0000000000100000 - 000000007e67c000 (usable)
2015-02-11T17:34:33.435511-06:00 c0-0c1s1n2 BIOS-e820: 000000007e67c000 - 000000007e790000 (ACPI NVS)
2015-02-11T17:34:33.435602-06:00 c0-0c1s1n2 BIOS-e820: 000000007e790000 - 000000007f395000 (reserved)
2015-02-11T17:34:33.435779-06:00 c0-0c1s1n2 BIOS-e820: 000000007f395000 - 000000007f410000 (ACPI data)
2015-02-11T17:34:33.435985-06:00 c0-0c1s1n2 BIOS-e820: 000000007f410000 - 000000007f491000 (reserved)
2015-02-11T17:34:33.460904-06:00 c0-0c1s1n2 BIOS-e820: 000000007f491000 - 000000007f493000 (usable)
2015-02-11T17:34:33.461207-06:00 c0-0c1s1n2 BIOS-e820: 000000007f493000 - 000000007f494000 (ACPI NVS)
2015-02-11T17:34:33.461501-06:00 c0-0c1s1n2 BIOS-e820: 000000007f494000 - 000000007f49e000 (reserved)
2015-02-11T17:34:33.486299-06:00 c0-0c1s1n2 BIOS-e820: 000000007f49e000 - 000000007f4a6000 (ACPI NVS)
2015-02-11T17:34:33.486631-06:00 c0-0c1s1n2 BIOS-e820: 000000007f4a6000 - 000000007f4d2000 (reserved)
2015-02-11T17:34:33.511400-06:00 c0-0c1s1n2 BIOS-e820: 000000007f4d2000 - 000000007f558000 (ACPI NVS)
2015-02-11T17:34:33.511662-06:00 c0-0c1s1n2 BIOS-e820: 000000007f558000 - 000000007f800000 (usable)
2015-02-11T17:34:33.511947-06:00 c0-0c1s1n2 BIOS-e820: 0000000080000000 - 0000000090000000 (reserved)
2015-02-11T17:34:33.536805-06:00 c0-0c1s1n2 BIOS-e820: 00000000fed1c000 - 00000000fed20000 (reserved)
2015-02-11T17:34:33.537158-06:00 c0-0c1s1n2 BIOS-e820: 00000000ff000000 - 0000000100000000 (reserved)
2015-02-11T17:34:33.537440-06:00 c0-0c1s1n2 BIOS-e820: 0000000100000000 - 0000001080000000 (usable)
2015-02-11T17:34:33.537584-06:00 c0-0c1s1n2 bootconsole [earlyser0] enabled
2015-02-11T17:34:33.562131-06:00 c0-0c1s1n2 NX (Execute Disable) protection: active
2015-02-11T17:34:33.562270-06:00 c0-0c1s1n2 EFI v2.10 by American Megatrends
2015-02-11T17:34:33.562599-06:00 c0-0c1s1n2 ACPI=0x7f395000  ACPI 2.0=0x7f395000  SMBIOS=0xf04c0  MPS=0xfd450 
2015-02-11T17:34:33.587479-06:00 c0-0c1s1n2 EFI: mem00: type=3, attr=0xf, range=[0x0000000000000000-0x0000000000008000) (0MB)
2015-02-11T17:34:33.587753-06:00 c0-0c1s1n2 EFI: mem01: type=7, attr=0xf, range=[0x0000000000008000-0x0000000000060000) (0MB)
2015-02-11T17:34:33.612695-06:00 c0-0c1s1n2 EFI: mem02: type=3, attr=0xf, range=[0x0000000000060000-0x00000000000a0000) (0MB)
2015-02-11T17:34:33.613007-06:00 c0-0c1s1n2 EFI: mem03: type=7, attr=0xf, range=[0x0000000000100000-0x0000000001000000) (15MB)
2015-02-11T17:34:33.638060-06:00 c0-0c1s1n2 EFI: mem04: type=2, attr=0xf, range=[0x0000000001000000-0x0000000001100000) (1MB)
2015-02-11T17:34:33.638327-06:00 c0-0c1s1n2 EFI: mem05: type=4, attr=0xf, range=[0x0000000001100000-0x00000000017ea000) (6MB)
2015-02-11T17:34:33.663116-06:00 c0-0c1s1n2 EFI: mem06: type=3, attr=0xf, range=[0x00000000017ea000-0x00000000017ee000) (0MB)
2015-02-11T17:34:33.663356-06:00 c0-0c1s1n2 EFI: mem07: type=4, attr=0xf, range=[0x00000000017ee000-0x0000000001886000) (0MB)
2015-02-11T17:34:33.688354-06:00 c0-0c1s1n2 EFI: mem08: type=3, attr=0xf, range=[0x0000000001886000-0x000000000188f000) (0MB)
2015-02-11T17:34:33.688661-06:00 c0-0c1s1n2 EFI: mem09: type=4, attr=0xf, range=[0x000000000188f000-0x0000000001892000) (0MB)
2015-02-11T17:34:33.713560-06:00 c0-0c1s1n2 EFI: mem10: type=3, attr=0xf, range=[0x0000000001892000-0x000000000189e000) (0MB)
2015-02-11T17:34:33.713820-06:00 c0-0c1s1n2 EFI: mem11: type=4, attr=0xf, range=[0x000000000189e000-0x00000000018a9000) (0MB)
2015-02-11T17:34:33.738919-06:00 c0-0c1s1n2 EFI: mem12: type=3, attr=0xf, range=[0x00000000018a9000-0x00000000018ab000) (0MB)
2015-02-11T17:34:33.739151-06:00 c0-0c1s1n2 EFI: mem13: type=4, attr=0xf, range=[0x00000000018ab000-0x00000000018ad000) (0MB)
2015-02-11T17:34:33.764213-06:00 c0-0c1s1n2 EFI: mem14: type=3, attr=0xf, range=[0x00000000018ad000-0x00000000018af000) (0MB)
2015-02-11T17:34:33.764406-06:00 c0-0c1s1n2 EFI: mem15: type=4, attr=0xf, range=[0x00000000018af000-0x00000000018b7000) (0MB)
2015-02-11T17:34:33.789397-06:00 c0-0c1s1n2 EFI: mem16: type=3, attr=0xf, range=[0x00000000018b7000-0x00000000018bb000) (0MB)
2015-02-11T17:34:33.789671-06:00 c0-0c1s1n2 EFI: mem17: type=4, attr=0xf, range=[0x00000000018bb000-0x00000000018bd000) (0MB)
2015-02-11T17:34:33.814567-06:00 c0-0c1s1n2 EFI: mem18: type=3, attr=0xf, range=[0x00000000018bd000-0x00000000018bf000) (0MB)
2015-02-11T17:34:33.814848-06:00 c0-0c1s1n2 EFI: mem19: type=4, attr=0xf, range=[0x00000000018bf000-0x00000000018d1000) (0MB)
2015-02-11T17:34:33.839998-06:00 c0-0c1s1n2 EFI: mem20: type=3, attr=0xf, range=[0x00000000018d1000-0x00000000018d7000) (0MB)
2015-02-11T17:34:33.840275-06:00 c0-0c1s1n2 EFI: mem21: type=4, attr=0xf, range=[0x00000000018d7000-0x00000000018f9000) (0MB)
2015-02-11T17:34:33.865243-06:00 c0-0c1s1n2 EFI: mem22: type=3, attr=0xf, range=[0x00000000018f9000-0x0000000001908000) (0MB)
2015-02-11T17:34:33.865511-06:00 c0-0c1s1n2 EFI: mem23: type=4, attr=0xf, range=[0x0000000001908000-0x0000000001921000) (0MB)
2015-02-11T17:34:33.890384-06:00 c0-0c1s1n2 EFI: mem24: type=3, attr=0xf, range=[0x0000000001921000-0x000000000192b000) (0MB)
2015-02-11T17:34:33.915472-06:00 c0-0c1s1n2 EFI: mem25: type=4, attr=0xf, range=[0x000000000192b000-0x0000000001933000) (0MB)
2015-02-11T17:34:33.915849-06:00 c0-0c1s1n2 EFI: mem26: type=3, attr=0xf, range=[0x0000000001933000-0x0000000001936000) (0MB)
2015-02-11T17:34:33.940709-06:00 c0-0c1s1n2 EFI: mem27: type=4, attr=0xf, range=[0x0000000001936000-0x0000000001964000) (0MB)
2015-02-11T17:34:33.940986-06:00 c0-0c1s1n2 EFI: mem28: type=3, attr=0xf, range=[0x0000000001964000-0x0000000001968000) (0MB)
2015-02-11T17:34:33.941210-06:00 c0-0c1s1n2 EFI: mem29: type=4, attr=0xf, range=[0x0000000001968000-0x0000000001987000) (0MB)
2015-02-11T17:34:33.966065-06:00 c0-0c1s1n2 EFI: mem30: type=3, attr=0xf, range=[0x0000000001987000-0x00000000019b0000) (0MB)
2015-02-11T17:34:33.966359-06:00 c0-0c1s1n2 EFI: mem31: type=4, attr=0xf, range=[0x00000000019b0000-0x00000000019ba000) (0MB)
2015-02-11T17:34:33.991436-06:00 c0-0c1s1n2 EFI: mem32: type=3, attr=0xf, range=[0x00000000019ba000-0x00000000019bd000) (0MB)
2015-02-11T17:34:34.016451-06:00 c0-0c1s1n2 EFI: mem33: type=4, attr=0xf, range=[0x00000000019bd000-0x00000000019be000) (0MB)
2015-02-11T17:34:34.016755-06:00 c0-0c1s1n2 EFI: mem34: type=3, attr=0xf, range=[0x00000000019be000-0x00000000019d0000) (0MB)
2015-02-11T17:34:34.041685-06:00 c0-0c1s1n2 EFI: mem35: type=4, attr=0xf, range=[0x00000000019d0000-0x00000000019d3000) (0MB)
2015-02-11T17:34:34.042005-06:00 c0-0c1s1n2 EFI: mem36: type=3, attr=0xf, range=[0x00000000019d3000-0x00000000019d5000) (0MB)
2015-02-11T17:34:34.066960-06:00 c0-0c1s1n2 EFI: mem37: type=4, attr=0xf, range=[0x00000000019d5000-0x00000000019e1000) (0MB)
2015-02-11T17:34:34.067250-06:00 c0-0c1s1n2 EFI: mem38: type=3, attr=0xf, range=[0x00000000019e1000-0x00000000019e5000) (0MB)
2015-02-11T17:34:34.092141-06:00 c0-0c1s1n2 EFI: mem39: type=4, attr=0xf, range=[0x00000000019e5000-0x0000000001a02000) (0MB)
2015-02-11T17:34:34.092434-06:00 c0-0c1s1n2 EFI: mem40: type=3, attr=0xf, range=[0x0000000001a02000-0x0000000001a06000) (0MB)
2015-02-11T17:34:34.117410-06:00 c0-0c1s1n2 EFI: mem41: type=4, attr=0xf, range=[0x0000000001a06000-0x0000000001a0a000) (0MB)
2015-02-11T17:34:34.117710-06:00 c0-0c1s1n2 EFI: mem42: type=3, attr=0xf, range=[0x0000000001a0a000-0x0000000001a1e000) (0MB)
2015-02-11T17:34:34.142709-06:00 c0-0c1s1n2 EFI: mem43: type=4, attr=0xf, range=[0x0000000001a1e000-0x0000000001a22000) (0MB)
2015-02-11T17:34:34.142988-06:00 c0-0c1s1n2 EFI: mem44: type=3, attr=0xf, range=[0x0000000001a22000-0x0000000001a26000) (0MB)
2015-02-11T17:34:34.167889-06:00 c0-0c1s1n2 EFI: mem45: type=4, attr=0xf, range=[0x0000000001a26000-0x0000000001a34000) (0MB)
2015-02-11T17:34:34.168212-06:00 c0-0c1s1n2 EFI: mem46: type=3, attr=0xf, range=[0x0000000001a34000-0x0000000001a3b000) (0MB)
2015-02-11T17:34:34.168435-06:00 c0-0c1s1n2 EFI: mem47: type=4, attr=0xf, range=[0x0000000001a3b000-0x0000000001a42000) (0MB)
2015-02-11T17:34:34.193447-06:00 c0-0c1s1n2 EFI: mem48: type=3, attr=0xf, range=[0x0000000001a42000-0x0000000001a4a000) (0MB)
2015-02-11T17:34:34.193676-06:00 c0-0c1s1n2 EFI: mem49: type=4, attr=0xf, range=[0x0000000001a4a000-0x0000000001a4b000) (0MB)
2015-02-11T17:34:34.218660-06:00 c0-0c1s1n2 EFI: mem50: type=3, attr=0xf, range=[0x0000000001a4b000-0x0000000001a4d000) (0MB)
2015-02-11T17:34:34.218881-06:00 c0-0c1s1n2 EFI: mem51: type=4, attr=0xf, range=[0x0000000001a4d000-0x0000000001a52000) (0MB)
2015-02-11T17:34:34.256349-06:00 c0-0c1s1n2 EFI: mem52: type=3, attr=0xf, range=[0x0000000001a52000-0x0000000001a69000) (0MB)
2015-02-11T17:34:34.256552-06:00 c0-0c1s1n2 EFI: mem53: type=4, attr=0xf, range=[0x0000000001a69000-0x0000000001a6f000) (0MB)
2015-02-11T17:34:34.300332-06:00 c0-0c1s1n2 EFI: mem54: type=3, attr=0xf, range=[0x0000000001a6f000-0x0000000001a70000) (0MB)
2015-02-11T17:34:34.300548-06:00 c0-0c1s1n2 EFI: mem55: type=4, attr=0xf, range=[0x0000000001a70000-0x0000000001a71000) (0MB)
2015-02-11T17:34:34.300740-06:00 c0-0c1s1n2 EFI: mem56: type=3, attr=0xf, range=[0x0000000001a71000-0x0000000001a79000) (0MB)
2015-02-11T17:34:34.336093-06:00 c0-0c1s1n2 EFI: mem57: type=4, attr=0xf, range=[0x0000000001a79000-0x0000000001a7a000) (0MB)
2015-02-11T17:34:34.336298-06:00 c0-0c1s1n2 EFI: mem58: type=3, attr=0xf, range=[0x0000000001a7a000-0x0000000001a83000) (0MB)
2015-02-11T17:34:34.336489-06:00 c0-0c1s1n2 EFI: mem59: type=4, attr=0xf, range=[0x0000000001a83000-0x0000000001a85000) (0MB)
2015-02-11T17:34:34.344924-06:00 c0-0c1s1n2 EFI: mem60: type=3, attr=0xf, range=[0x0000000001a85000-0x0000000001abe000) (0MB)
2015-02-11T17:34:34.369906-06:00 c0-0c1s1n2 EFI: mem61: type=4, attr=0xf, range=[0x0000000001abe000-0x0000000001abf000) (0MB)
2015-02-11T17:34:34.370168-06:00 c0-0c1s1n2 EFI: mem62: type=3, attr=0xf, range=[0x0000000001abf000-0x0000000001acc000) (0MB)
2015-02-11T17:34:34.395226-06:00 c0-0c1s1n2 EFI: mem63: type=4, attr=0xf, range=[0x0000000001acc000-0x0000000001ad7000) (0MB)
2015-02-11T17:34:34.395464-06:00 c0-0c1s1n2 EFI: mem64: type=3, attr=0xf, range=[0x0000000001ad7000-0x0000000001adc000) (0MB)
2015-02-11T17:34:34.420357-06:00 c0-0c1s1n2 EFI: mem65: type=4, attr=0xf, range=[0x0000000001adc000-0x0000000001b60000) (0MB)
2015-02-11T17:34:34.420664-06:00 c0-0c1s1n2 EFI: mem66: type=3, attr=0xf, range=[0x0000000001b60000-0x0000000001b7c000) (0MB)
2015-02-11T17:34:34.420910-06:00 c0-0c1s1n2 EFI: mem67: type=4, attr=0xf, range=[0x0000000001b7c000-0x0000000001b84000) (0MB)
2015-02-11T17:34:34.445994-06:00 c0-0c1s1n2 EFI: mem68: type=3, attr=0xf, range=[0x0000000001b84000-0x0000000001b9c000) (0MB)
2015-02-11T17:34:34.446168-06:00 c0-0c1s1n2 EFI: mem69: type=4, attr=0xf, range=[0x0000000001b9c000-0x000000000b210000) (150MB)
2015-02-11T17:34:34.471106-06:00 c0-0c1s1n2 EFI: mem70: type=3, attr=0xf, range=[0x000000000b210000-0x000000000b216000) (0MB)
2015-02-11T17:34:34.471357-06:00 c0-0c1s1n2 EFI: mem71: type=4, attr=0xf, range=[0x000000000b216000-0x000000000b21f000) (0MB)
2015-02-11T17:34:34.496390-06:00 c0-0c1s1n2 EFI: mem72: type=3, attr=0xf, range=[0x000000000b21f000-0x000000000b235000) (0MB)
2015-02-11T17:34:34.496654-06:00 c0-0c1s1n2 EFI: mem73: type=4, attr=0xf, range=[0x000000000b235000-0x000000000b23b000) (0MB)
2015-02-11T17:34:34.521639-06:00 c0-0c1s1n2 EFI: mem74: type=3, attr=0xf, range=[0x000000000b23b000-0x000000000b23e000) (0MB)
2015-02-11T17:34:34.521879-06:00 c0-0c1s1n2 EFI: mem75: type=4, attr=0xf, range=[0x000000000b23e000-0x000000000b246000) (0MB)
2015-02-11T17:34:34.546999-06:00 c0-0c1s1n2 EFI: mem76: type=3, attr=0xf, range=[0x000000000b246000-0x000000000b24a000) (0MB)
2015-02-11T17:34:34.547252-06:00 c0-0c1s1n2 EFI: mem77: type=4, attr=0xf, range=[0x000000000b24a000-0x000000000b24c000) (0MB)
2015-02-11T17:34:34.572202-06:00 c0-0c1s1n2 EFI: mem78: type=3, attr=0xf, range=[0x000000000b24c000-0x000000000b254000) (0MB)
2015-02-11T17:34:34.572483-06:00 c0-0c1s1n2 EFI: mem79: type=4, attr=0xf, range=[0x000000000b254000-0x000000000b279000) (0MB)
2015-02-11T17:34:34.597409-06:00 c0-0c1s1n2 EFI: mem80: type=3, attr=0xf, range=[0x000000000b279000-0x000000000b280000) (0MB)
2015-02-11T17:34:34.597680-06:00 c0-0c1s1n2 EFI: mem81: type=4, attr=0xf, range=[0x000000000b280000-0x000000000b284000) (0MB)
2015-02-11T17:34:34.622679-06:00 c0-0c1s1n2 EFI: mem82: type=3, attr=0xf, range=[0x000000000b284000-0x000000000b28c000) (0MB)
2015-02-11T17:34:34.622946-06:00 c0-0c1s1n2 EFI: mem83: type=4, attr=0xf, range=[0x000000000b28c000-0x000000000b295000) (0MB)
2015-02-11T17:34:34.647906-06:00 c0-0c1s1n2 EFI: mem84: type=3, attr=0xf, range=[0x000000000b295000-0x000000000b2d3000) (0MB)
2015-02-11T17:34:34.648180-06:00 c0-0c1s1n2 EFI: mem85: type=4, attr=0xf, range=[0x000000000b2d3000-0x000000000b2d8000) (0MB)
2015-02-11T17:34:34.673155-06:00 c0-0c1s1n2 EFI: mem86: type=3, attr=0xf, range=[0x000000000b2d8000-0x000000000b2dd000) (0MB)
2015-02-11T17:34:34.673401-06:00 c0-0c1s1n2 EFI: mem87: type=4, attr=0xf, range=[0x000000000b2dd000-0x000000000b2e9000) (0MB)
2015-02-11T17:34:34.698385-06:00 c0-0c1s1n2 EFI: mem88: type=3, attr=0xf, range=[0x000000000b2e9000-0x000000000b2ef000) (0MB)
2015-02-11T17:34:34.698684-06:00 c0-0c1s1n2 EFI: mem89: type=4, attr=0xf, range=[0x000000000b2ef000-0x000000000b300000) (0MB)
2015-02-11T17:34:34.723831-06:00 c0-0c1s1n2 EFI: mem90: type=3, attr=0xf, range=[0x000000000b300000-0x000000000b305000) (0MB)
2015-02-11T17:34:34.724051-06:00 c0-0c1s1n2 EFI: mem91: type=4, attr=0xf, range=[0x000000000b305000-0x000000000b30b000) (0MB)
2015-02-11T17:34:34.749073-06:00 c0-0c1s1n2 EFI: mem92: type=3, attr=0xf, range=[0x000000000b30b000-0x000000000b343000) (0MB)
2015-02-11T17:34:34.774051-06:00 c0-0c1s1n2 EFI: mem93: type=4, attr=0xf, range=[0x000000000b343000-0x000000000b34a000) (0MB)
2015-02-11T17:34:34.774385-06:00 c0-0c1s1n2 EFI: mem94: type=3, attr=0xf, range=[0x000000000b34a000-0x000000000b34e000) (0MB)
2015-02-11T17:34:34.799359-06:00 c0-0c1s1n2 EFI: mem95: type=4, attr=0xf, range=[0x000000000b34e000-0x000000000b351000) (0MB)
2015-02-11T17:34:34.799721-06:00 c0-0c1s1n2 EFI: mem96: type=3, attr=0xf, range=[0x000000000b351000-0x000000000b358000) (0MB)
2015-02-11T17:34:34.824557-06:00 c0-0c1s1n2 EFI: mem97: type=4, attr=0xf, range=[0x000000000b358000-0x000000000b35c000) (0MB)
2015-02-11T17:34:34.824967-06:00 c0-0c1s1n2 EFI: mem98: type=3, attr=0xf, range=[0x000000000b35c000-0x000000000b360000) (0MB)
2015-02-11T17:34:34.849864-06:00 c0-0c1s1n2 EFI: mem99: type=4, attr=0xf, range=[0x000000000b360000-0x000000000b368000) (0MB)
2015-02-11T17:34:34.850128-06:00 c0-0c1s1n2 EFI: mem100: type=3, attr=0xf, range=[0x000000000b368000-0x000000000b36c000) (0MB)
2015-02-11T17:34:34.875067-06:00 c0-0c1s1n2 EFI: mem101: type=4, attr=0xf, range=[0x000000000b36c000-0x000000000b370000) (0MB)
2015-02-11T17:34:34.875375-06:00 c0-0c1s1n2 EFI: mem102: type=3, attr=0xf, range=[0x000000000b370000-0x000000000b374000) (0MB)
2015-02-11T17:34:34.900282-06:00 c0-0c1s1n2 EFI: mem103: type=4, attr=0xf, range=[0x000000000b374000-0x000000000b384000) (0MB)
2015-02-11T17:34:34.900600-06:00 c0-0c1s1n2 EFI: mem104: type=3, attr=0xf, range=[0x000000000b384000-0x000000000b38a000) (0MB)
2015-02-11T17:34:34.925596-06:00 c0-0c1s1n2 EFI: mem105: type=4, attr=0xf, range=[0x000000000b38a000-0x000000000b3ac000) (0MB)
2015-02-11T17:34:34.925840-06:00 c0-0c1s1n2 EFI: mem106: type=3, attr=0xf, range=[0x000000000b3ac000-0x000000000b3b3000) (0MB)
2015-02-11T17:34:34.950797-06:00 c0-0c1s1n2 EFI: mem107: type=4, attr=0xf, range=[0x000000000b3b3000-0x000000000b3b7000) (0MB)
2015-02-11T17:34:34.951137-06:00 c0-0c1s1n2 EFI: mem108: type=3, attr=0xf, range=[0x000000000b3b7000-0x000000000b3c9000) (0MB)
2015-02-11T17:34:34.951408-06:00 c0-0c1s1n2 EFI: mem109: type=4, attr=0xf, range=[0x000000000b3c9000-0x000000000b3cc000) (0MB)
2015-02-11T17:34:34.976393-06:00 c0-0c1s1n2 EFI: mem110: type=3, attr=0xf, range=[0x000000000b3cc000-0x000000000b3d7000) (0MB)
2015-02-11T17:34:34.976642-06:00 c0-0c1s1n2 EFI: mem111: type=4, attr=0xf, range=[0x000000000b3d7000-0x000000000b45c000) (0MB)
2015-02-11T17:34:35.001615-06:00 c0-0c1s1n2 EFI: mem112: type=3, attr=0xf, range=[0x000000000b45c000-0x000000000b45f000) (0MB)
2015-02-11T17:34:35.001828-06:00 c0-0c1s1n2 EFI: mem113: type=4, attr=0xf, range=[0x000000000b45f000-0x000000000b475000) (0MB)
2015-02-11T17:34:35.026796-06:00 c0-0c1s1n2 EFI: mem114: type=3, attr=0xf, range=[0x000000000b475000-0x000000000b47c000) (0MB)
2015-02-11T17:34:35.027053-06:00 c0-0c1s1n2 EFI: mem115: type=4, attr=0xf, range=[0x000000000b47c000-0x000000000b48b000) (0MB)
2015-02-11T17:34:35.052106-06:00 c0-0c1s1n2 EFI: mem116: type=3, attr=0xf, range=[0x000000000b48b000-0x000000000b48f000) (0MB)
2015-02-11T17:34:35.052316-06:00 c0-0c1s1n2 EFI: mem117: type=4, attr=0xf, range=[0x000000000b48f000-0x000000000b4b1000) (0MB)
2015-02-11T17:34:35.077329-06:00 c0-0c1s1n2 EFI: mem118: type=3, attr=0xf, range=[0x000000000b4b1000-0x000000000b4b6000) (0MB)
2015-02-11T17:34:35.077593-06:00 c0-0c1s1n2 EFI: mem119: type=4, attr=0xf, range=[0x000000000b4b6000-0x000000000b4c5000) (0MB)
2015-02-11T17:34:35.102478-06:00 c0-0c1s1n2 EFI: mem120: type=7, attr=0xf, range=[0x000000000b4c5000-0x000000000b4c6000) (0MB)
2015-02-11T17:34:35.102716-06:00 c0-0c1s1n2 EFI: mem121: type=4, attr=0xf, range=[0x000000000b4c6000-0x000000000b53e000) (0MB)
2015-02-11T17:34:35.127858-06:00 c0-0c1s1n2 EFI: mem122: type=3, attr=0xf, range=[0x000000000b53e000-0x000000000b552000) (0MB)
2015-02-11T17:34:35.128118-06:00 c0-0c1s1n2 EFI: mem123: type=4, attr=0xf, range=[0x000000000b552000-0x000000000b577000) (0MB)
2015-02-11T17:34:35.153048-06:00 c0-0c1s1n2 EFI: mem124: type=3, attr=0xf, range=[0x000000000b577000-0x000000000b580000) (0MB)
2015-02-11T17:34:35.153251-06:00 c0-0c1s1n2 EFI: mem125: type=4, attr=0xf, range=[0x000000000b580000-0x000000000b581000) (0MB)
2015-02-11T17:34:35.178316-06:00 c0-0c1s1n2 EFI: mem126: type=2, attr=0xf, range=[0x000000000b581000-0x000000000b583000) (0MB)
2015-02-11T17:34:35.178572-06:00 c0-0c1s1n2 EFI: mem127: type=7, attr=0xf, range=[0x000000000b583000-0x000000000b585000) (0MB)
2015-02-11T17:34:35.203548-06:00 c0-0c1s1n2 EFI: mem128: type=4, attr=0xf, range=[0x000000000b585000-0x000000000b58f000) (0MB)
2015-02-11T17:34:35.203812-06:00 c0-0c1s1n2 EFI: mem129: type=7, attr=0xf, range=[0x000000000b58f000-0x000000000b598000) (0MB)
2015-02-11T17:34:35.228790-06:00 c0-0c1s1n2 EFI: mem130: type=4, attr=0xf, range=[0x000000000b598000-0x000000000b7ac000) (2MB)
2015-02-11T17:34:35.229092-06:00 c0-0c1s1n2 EFI: mem131: type=7, attr=0xf, range=[0x000000000b7ac000-0x000000000b7ba000) (0MB)
2015-02-11T17:34:35.254060-06:00 c0-0c1s1n2 EFI: mem132: type=1, attr=0xf, range=[0x000000000b7ba000-0x000000000b7cb000) (0MB)
2015-02-11T17:34:35.292120-06:00 c0-0c1s1n2 EFI: mem133: type=7, attr=0xf, range=[0x000000000b7cb000-0x000000007e67c000) (1838MB)
2015-02-11T17:34:35.292330-06:00 c0-0c1s1n2 EFI: mem134: type=10, attr=0xf, range=[0x000000007e67c000-0x000000007e790000) (1MB)
2015-02-11T17:34:35.336209-06:00 c0-0c1s1n2 EFI: mem135: type=0, attr=0xf, range=[0x000000007e790000-0x000000007e792000) (0MB)
2015-02-11T17:34:35.336436-06:00 c0-0c1s1n2 EFI: mem136: type=6, attr=0x800000000000000f, range=[0x000000007e792000-0x000000007f395000) (12MB)
2015-02-11T17:34:35.336633-06:00 c0-0c1s1n2 EFI: mem137: type=9, attr=0xf, range=[0x000000007f395000-0x000000007f410000) (0MB)
2015-02-11T17:34:35.336836-06:00 c0-0c1s1n2 EFI: mem138: type=5, attr=0x800000000000000f, range=[0x000000007f410000-0x000000007f41a000) (0MB)
2015-02-11T17:34:35.372148-06:00 c0-0c1s1n2 EFI: mem139: type=0, attr=0xf, range=[0x000000007f41a000-0x000000007f41c000) (0MB)
2015-02-11T17:34:35.372345-06:00 c0-0c1s1n2 EFI: mem140: type=6, attr=0x800000000000000f, range=[0x000000007f41c000-0x000000007f42d000) (0MB)
2015-02-11T17:34:35.380073-06:00 c0-0c1s1n2 EFI: mem141: type=0, attr=0xf, range=[0x000000007f42d000-0x000000007f43d000) (0MB)
2015-02-11T17:34:35.405355-06:00 c0-0c1s1n2 EFI: mem142: type=6, attr=0x800000000000000f, range=[0x000000007f43d000-0x000000007f45e000) (0MB)
2015-02-11T17:34:35.405671-06:00 c0-0c1s1n2 EFI: mem143: type=5, attr=0x800000000000000f, range=[0x000000007f45e000-0x000000007f462000) (0MB)
2015-02-11T17:34:35.430495-06:00 c0-0c1s1n2 EFI: mem144: type=0, attr=0xf, range=[0x000000007f462000-0x000000007f46b000) (0MB)
2015-02-11T17:34:35.430828-06:00 c0-0c1s1n2 EFI: mem145: type=5, attr=0x800000000000000f, range=[0x000000007f46b000-0x000000007f46d000) (0MB)
2015-02-11T17:34:35.468144-06:00 c0-0c1s1n2 EFI: mem146: type=0, attr=0xf, range=[0x000000007f46d000-0x000000007f471000) (0MB)
2015-02-11T17:34:35.468387-06:00 c0-0c1s1n2 EFI: mem147: type=5, attr=0x800000000000000f, range=[0x000000007f471000-0x000000007f472000) (0MB)
2015-02-11T17:34:35.508173-06:00 c0-0c1s1n2 EFI: mem148: type=6, attr=0x800000000000000f, range=[0x000000007f472000-0x000000007f473000) (0MB)
2015-02-11T17:34:35.508412-06:00 c0-0c1s1n2 EFI: mem149: type=5, attr=0x800000000000000f, range=[0x000000007f473000-0x000000007f476000) (0MB)
2015-02-11T17:34:35.508591-06:00 c0-0c1s1n2 EFI: mem150: type=0, attr=0xf, range=[0x000000007f476000-0x000000007f486000) (0MB)
2015-02-11T17:34:35.548118-06:00 c0-0c1s1n2 EFI: mem151: type=5, attr=0x800000000000000f, range=[0x000000007f486000-0x000000007f491000) (0MB)
2015-02-11T17:34:35.548322-06:00 c0-0c1s1n2 EFI: mem152: type=7, attr=0xf, range=[0x000000007f491000-0x000000007f493000) (0MB)
2015-02-11T17:34:35.556660-06:00 c0-0c1s1n2 EFI: mem153: type=10, attr=0xf, range=[0x000000007f493000-0x000000007f494000) (0MB)
2015-02-11T17:34:35.557033-06:00 c0-0c1s1n2 EFI: mem154: type=6, attr=0x800000000000000f, range=[0x000000007f494000-0x000000007f49b000) (0MB)
2015-02-11T17:34:35.582151-06:00 c0-0c1s1n2 EFI: mem155: type=5, attr=0x800000000000000f, range=[0x000000007f49b000-0x000000007f49e000) (0MB)
2015-02-11T17:34:35.582365-06:00 c0-0c1s1n2 EFI: mem156: type=10, attr=0xf, range=[0x000000007f49e000-0x000000007f4a6000) (0MB)
2015-02-11T17:34:35.607461-06:00 c0-0c1s1n2 EFI: mem157: type=6, attr=0x800000000000000f, range=[0x000000007f4a6000-0x000000007f4a7000) (0MB)
2015-02-11T17:34:35.607714-06:00 c0-0c1s1n2 EFI: mem158: type=5, attr=0x800000000000000f, range=[0x000000007f4a7000-0x000000007f4ab000) (0MB)
2015-02-11T17:34:35.632740-06:00 c0-0c1s1n2 EFI: mem159: type=6, attr=0x800000000000000f, range=[0x000000007f4ab000-0x000000007f4bd000) (0MB)
2015-02-11T17:34:35.657974-06:00 c0-0c1s1n2 EFI: mem160: type=5, attr=0x800000000000000f, range=[0x000000007f4bd000-0x000000007f4cf000) (0MB)
2015-02-11T17:34:35.658258-06:00 c0-0c1s1n2 EFI: mem161: type=6, attr=0x800000000000000f, range=[0x000000007f4cf000-0x000000007f4d2000) (0MB)
2015-02-11T17:34:35.683251-06:00 c0-0c1s1n2 EFI: mem162: type=10, attr=0xf, range=[0x000000007f4d2000-0x000000007f558000) (0MB)
2015-02-11T17:34:35.683491-06:00 c0-0c1s1n2 EFI: mem163: type=3, attr=0xf, range=[0x000000007f558000-0x000000007f7e0000) (2MB)
2015-02-11T17:34:35.708520-06:00 c0-0c1s1n2 EFI: mem164: type=4, attr=0xf, range=[0x000000007f7e0000-0x000000007f7ef000) (0MB)
2015-02-11T17:34:35.708786-06:00 c0-0c1s1n2 EFI: mem165: type=3, attr=0xf, range=[0x000000007f7ef000-0x000000007f800000) (0MB)
2015-02-11T17:34:35.733762-06:00 c0-0c1s1n2 EFI: mem166: type=7, attr=0xf, range=[0x0000000100000000-0x0000001080000000) (63488MB)
2015-02-11T17:34:35.734098-06:00 c0-0c1s1n2 EFI: mem167: type=11, attr=0x8000000000000001, range=[0x0000000080000000-0x0000000090000000) (256MB)
2015-02-11T17:34:35.759068-06:00 c0-0c1s1n2 EFI: mem168: type=11, attr=0x8000000000000001, range=[0x00000000fed1c000-0x00000000fed20000) (0MB)
2015-02-11T17:34:35.783982-06:00 c0-0c1s1n2 EFI: mem169: type=11, attr=0x8000000000000001, range=[0x00000000ff000000-0x0000000100000000) (16MB)
2015-02-11T17:34:35.784172-06:00 c0-0c1s1n2 DMI 2.7 present.
2015-02-11T17:34:35.784377-06:00 c0-0c1s1n2 last_pfn = 0x1080000 max_arch_pfn = 0x400000000
2015-02-11T17:34:35.809578-06:00 c0-0c1s1n2 x86 PAT enabled: cpu 0, old 0x7040600070406, new 0x7010600070106
2015-02-11T17:34:35.809807-06:00 c0-0c1s1n2 last_pfn = 0x7f800 max_arch_pfn = 0x400000000
2015-02-11T17:34:35.834573-06:00 c0-0c1s1n2 found SMP MP-table at [ffff8800000fd830] fd830
2015-02-11T17:34:35.834734-06:00 c0-0c1s1n2 Using GB pages for direct mapping
2015-02-11T17:34:35.834999-06:00 c0-0c1s1n2 init_memory_mapping: 0000000000000000-000000007f800000
2015-02-11T17:34:35.835183-06:00 c0-0c1s1n2 init_memory_mapping: 0000000100000000-0000001080000000
2015-02-11T17:34:35.859728-06:00 c0-0c1s1n2 nmi ring buffer: 262144
2015-02-11T17:34:35.859943-06:00 c0-0c1s1n2 RAMDISK: 0fa00000 - 10610000
2015-02-11T17:34:35.860190-06:00 c0-0c1s1n2 ACPI: RSDP 000000007f395000 00024 (v02 ALASKA)
2015-02-11T17:34:35.860508-06:00 c0-0c1s1n2 ACPI: XSDT 000000007f395088 0008C (v01 ALASKA    A M I 01072009 AMI  00010013)
2015-02-11T17:34:35.885583-06:00 c0-0c1s1n2 ACPI: FACP 000000007f39ee50 000F4 (v04 ALASKA    A M I 01072009 AMI  00010013)
2015-02-11T17:34:35.885748-06:00 c0-0c1s1n2 ACPI: DSDT 000000007f3951a0 09CAD (v02 ALASKA    A M I 00000016 INTL 20051117)
2015-02-11T17:34:35.910420-06:00 c0-0c1s1n2 ACPI: FACS 000000007f4a3f80 00040
2015-02-11T17:34:35.910855-06:00 c0-0c1s1n2 ACPI: APIC 000000007f39ef48 00138 (v03 ALASKA    A M I 01072009 AMI  00010013)
2015-02-11T17:34:35.935670-06:00 c0-0c1s1n2 ACPI: FPDT 000000007f39f080 00044 (v01 ALASKA    A M I 01072009 AMI  00010013)
2015-02-11T17:34:35.935967-06:00 c0-0c1s1n2 ACPI: MCFG 000000007f39f0c8 0003C (v01 ALASKA OEMMCFG. 01072009 MSFT 00000097)
2015-02-11T17:34:35.936194-06:00 c0-0c1s1n2 ACPI: HPET 000000007f39f108 00038 (v01 ALASKA    A M I 01072009 AMI. 00000004)
2015-02-11T17:34:35.961047-06:00 c0-0c1s1n2 ACPI: PRAD 000000007f39f140 000BE (v02 PRADID  PRADTID 00000001 MSFT 03000001)
2015-02-11T17:34:35.986078-06:00 c0-0c1s1n2 ACPI: SSDT 000000007f39f200 70104 (v02  INTEL    CpuPm 00004000 INTL 20051117)
2015-02-11T17:34:35.986428-06:00 c0-0c1s1n2 ACPI: SPCR 000000007f40f308 00050 (v01  A M I   APTIO4 01072009 AMI. 00000004)
2015-02-11T17:34:36.011319-06:00 c0-0c1s1n2 ACPI: EINJ 000000007f40f358 00130 (v01    AMI AMI EINJ 00000000      00000000)
2015-02-11T17:34:36.011647-06:00 c0-0c1s1n2 ACPI: ERST 000000007f40f488 00230 (v01  AMIER AMI ERST 00000000      00000000)
2015-02-11T17:34:36.011843-06:00 c0-0c1s1n2 ACPI: HEST 000000007f40f6b8 000A8 (v01    AMI AMI HEST 00000000      00000000)
2015-02-11T17:34:36.036703-06:00 c0-0c1s1n2 ACPI: BERT 000000007f40f760 00030 (v01    AMI AMI BERT 00000000      00000000)
2015-02-11T17:34:36.036916-06:00 c0-0c1s1n2 ACPI: DMAR 000000007f40f790 000BC (v01 A M I   OEMDMAR 00000001 INTL 00000001)
2015-02-11T17:34:36.061847-06:00 c0-0c1s1n2 No NUMA configuration found
2015-02-11T17:34:36.061998-06:00 c0-0c1s1n2 Faking a node at 0000000000000000-0000001080000000
2015-02-11T17:34:36.062125-06:00 c0-0c1s1n2 Initmem setup node 0 0000000000000000-0000001080000000
2015-02-11T17:34:36.087092-06:00 c0-0c1s1n2  NODE_DATA [000000107ffbb000 - 000000107ffbffff]
2015-02-11T17:34:36.288938-06:00 c0-0c1s1n2 Zone PFN ranges:
2015-02-11T17:34:36.289043-06:00 c0-0c1s1n2  DMA      0x00000010 -> 0x00001000
2015-02-11T17:34:36.289126-06:00 c0-0c1s1n2  DMA32    0x00001000 -> 0x00100000
2015-02-11T17:34:36.289201-06:00 c0-0c1s1n2  Normal   0x00100000 -> 0x01080000
2015-02-11T17:34:36.314188-06:00 c0-0c1s1n2 Movable zone start PFN for each node
2015-02-11T17:34:36.314295-06:00 c0-0c1s1n2 early_node_map[5] active PFN ranges
2015-02-11T17:34:36.314409-06:00 c0-0c1s1n2    0: 0x00000010 -> 0x000000a0
2015-02-11T17:34:36.314559-06:00 c0-0c1s1n2    0: 0x00000100 -> 0x0007e67c
2015-02-11T17:34:36.314618-06:00 c0-0c1s1n2    0: 0x0007f491 -> 0x0007f493
2015-02-11T17:34:36.339423-06:00 c0-0c1s1n2    0: 0x0007f558 -> 0x0007f800
2015-02-11T17:34:36.339570-06:00 c0-0c1s1n2    0: 0x00100000 -> 0x01080000
2015-02-11T17:34:36.969349-06:00 c0-0c1s1n2 ACPI: LAPIC (acpi_id[0x00] lapic_id[0x00] enabled)
2015-02-11T17:34:36.969594-06:00 c0-0c1s1n2 ACPI: LAPIC (acpi_id[0x02] lapic_id[0x02] enabled)
2015-02-11T17:34:36.969642-06:00 c0-0c1s1n2 ACPI: LAPIC (acpi_id[0x04] lapic_id[0x04] enabled)
2015-02-11T17:34:36.994501-06:00 c0-0c1s1n2 ACPI: LAPIC (acpi_id[0x06] lapic_id[0x06] enabled)
2015-02-11T17:34:36.994616-06:00 c0-0c1s1n2 ACPI: LAPIC (acpi_id[0x08] lapic_id[0x08] enabled)
2015-02-11T17:34:36.994806-06:00 c0-0c1s1n2 ACPI: LAPIC (acpi_id[0x0a] lapic_id[0x0a] enabled)
2015-02-11T17:34:37.019614-06:00 c0-0c1s1n2 ACPI: LAPIC (acpi_id[0x0c] lapic_id[0x0c] enabled)
2015-02-11T17:34:37.019832-06:00 c0-0c1s1n2 ACPI: LAPIC (acpi_id[0x0e] lapic_id[0x0e] enabled)
2015-02-11T17:34:37.044690-06:00 c0-0c1s1n2 ACPI: LAPIC (acpi_id[0x01] lapic_id[0x01] enabled)
2015-02-11T17:34:37.044966-06:00 c0-0c1s1n2 ACPI: LAPIC (acpi_id[0x03] lapic_id[0x03] enabled)
2015-02-11T17:34:37.045267-06:00 c0-0c1s1n2 ACPI: LAPIC (acpi_id[0x05] lapic_id[0x05] enabled)
2015-02-11T17:34:37.084135-06:00 c0-0c1s1n2 ACPI: LAPIC (acpi_id[0x07] lapic_id[0x07] enabled)
2015-02-11T17:34:37.084368-06:00 c0-0c1s1n2 ACPI: LAPIC (acpi_id[0x09] lapic_id[0x09] enabled)
2015-02-11T17:34:37.084608-06:00 c0-0c1s1n2 ACPI: LAPIC (acpi_id[0x0b] lapic_id[0x0b] enabled)
2015-02-11T17:34:37.084810-06:00 c0-0c1s1n2 ACPI: LAPIC (acpi_id[0x0d] lapic_id[0x0d] enabled)
2015-02-11T17:34:37.124236-06:00 c0-0c1s1n2 ACPI: LAPIC (acpi_id[0x0f] lapic_id[0x0f] enabled)
2015-02-11T17:34:37.124439-06:00 c0-0c1s1n2 ACPI: LAPIC_NMI (acpi_id[0x00] high edge lint[0x1])
2015-02-11T17:34:37.124655-06:00 c0-0c1s1n2 ACPI: LAPIC_NMI (acpi_id[0x02] high edge lint[0x1])
2015-02-11T17:34:37.124860-06:00 c0-0c1s1n2 ACPI: LAPIC_NMI (acpi_id[0x04] high edge lint[0x1])
2015-02-11T17:34:37.125080-06:00 c0-0c1s1n2 ACPI: LAPIC_NMI (acpi_id[0x06] high edge lint[0x1])
2015-02-11T17:34:37.125270-06:00 c0-0c1s1n2 ACPI: LAPIC_NMI (acpi_id[0x08] high edge lint[0x1])
2015-02-11T17:34:37.125462-06:00 c0-0c1s1n2 ACPI: LAPIC_NMI (acpi_id[0x0a] high edge lint[0x1])
2015-02-11T17:34:37.164312-06:00 c0-0c1s1n2 ACPI: LAPIC_NMI (acpi_id[0x0c] high edge lint[0x1])
2015-02-11T17:34:37.164555-06:00 c0-0c1s1n2 ACPI: LAPIC_NMI (acpi_id[0x0e] high edge lint[0x1])
2015-02-11T17:34:37.164735-06:00 c0-0c1s1n2 ACPI: LAPIC_NMI (acpi_id[0x01] high edge lint[0x1])
2015-02-11T17:34:37.171329-06:00 c0-0c1s1n2 ACPI: LAPIC_NMI (acpi_id[0x03] high edge lint[0x1])
2015-02-11T17:34:37.171577-06:00 c0-0c1s1n2 ACPI: LAPIC_NMI (acpi_id[0x05] high edge lint[0x1])
2015-02-11T17:34:37.171830-06:00 c0-0c1s1n2 ACPI: LAPIC_NMI (acpi_id[0x07] high edge lint[0x1])
2015-02-11T17:34:37.196668-06:00 c0-0c1s1n2 ACPI: LAPIC_NMI (acpi_id[0x09] high edge lint[0x1])
2015-02-11T17:34:37.196931-06:00 c0-0c1s1n2 ACPI: LAPIC_NMI (acpi_id[0x0b] high edge lint[0x1])
2015-02-11T17:34:37.197143-06:00 c0-0c1s1n2 ACPI: LAPIC_NMI (acpi_id[0x0d] high edge lint[0x1])
2015-02-11T17:34:37.221912-06:00 c0-0c1s1n2 ACPI: LAPIC_NMI (acpi_id[0x0f] high edge lint[0x1])
2015-02-11T17:34:37.222184-06:00 c0-0c1s1n2 ACPI: IOAPIC (id[0x00] address[0xfec00000] gsi_base[0])
2015-02-11T17:34:37.222462-06:00 c0-0c1s1n2 IOAPIC[0]: apic_id 0, version 32, address 0xfec00000, GSI 0-23
2015-02-11T17:34:37.247089-06:00 c0-0c1s1n2 ACPI: IOAPIC (id[0x02] address[0xfec01000] gsi_base[24])
2015-02-11T17:34:37.247417-06:00 c0-0c1s1n2 IOAPIC[1]: apic_id 2, version 32, address 0xfec01000, GSI 24-47
2015-02-11T17:34:37.247594-06:00 c0-0c1s1n2 ACPI: INT_SRC_OVR (bus 0 bus_irq 0 global_irq 2 dfl dfl)
2015-02-11T17:34:37.272322-06:00 c0-0c1s1n2 ACPI: INT_SRC_OVR (bus 0 bus_irq 9 global_irq 9 high level)
2015-02-11T17:34:37.272559-06:00 c0-0c1s1n2 Using ACPI (MADT) for SMP configuration information
2015-02-11T17:34:37.297331-06:00 c0-0c1s1n2 ACPI: HPET id: 0x8086a701 base: 0xfed00000
2015-02-11T17:34:37.297438-06:00 c0-0c1s1n2 SMP: Allowing 16 CPUs, 0 hotplug CPUs
2015-02-11T17:34:37.297743-06:00 c0-0c1s1n2 Allocating PCI resources starting at 90000000 (gap: 90000000:6ed1c000)
2015-02-11T17:34:37.322614-06:00 c0-0c1s1n2 setup_percpu: NR_CPUS:128 nr_cpumask_bits:128 nr_cpu_ids:16 nr_node_ids:1
2015-02-11T17:34:37.322936-06:00 c0-0c1s1n2 PERCPU: Embedded 25 pages/cpu @ffff88107fa00000 s72704 r8192 d21504 u131072
2015-02-11T17:34:37.323240-06:00 c0-0c1s1n2 Built 1 zonelists in Zone order, mobility grouping on.  Total pages: 16534701
2015-02-11T17:34:37.348060-06:00 c0-0c1s1n2 Policy zone: Normal
2015-02-11T17:34:37.423931-06:00 c0-0c1s1n2 Kernel command line: earlyprintk=serial,115200 load_ramdisk=1 ramdisk_size=80000 console=ttyS0,115200n8 bootnodeip=10.131.255.254 bootproto=ipog bootpath=/rr/current rootfs=nfs-shared root=/dev/disk/by-id/scsi-3600a09800063789e0000008b54c3a04c-part1 oops=panic bootifnetmask=255.252.0.0 elevator=noop ippob1=10 ippob2=128 pcie_ports=native iommu=on intel_iommu=off bad_page=panic pln_enable=off apei_disable hest_disable erst_disable ghes_disable cgroup_disable=memory active_wlm=ALPS sdbnodeip=10.131.255.253 sessionid=p0-20150211t172524 _cray=marker_ 
2015-02-11T17:34:37.423968-06:00 c0-0c1s1n2 Intel-IOMMU: disabled
2015-02-11T17:34:37.424000-06:00 c0-0c1s1n2 Disabling memory control group subsystem
2015-02-11T17:34:37.449006-06:00 c0-0c1s1n2 PID hash table entries: 4096 (order: 3, 32768 bytes)
2015-02-11T17:34:37.449194-06:00 c0-0c1s1n2 xsave/xrstor: enabled xstate_bv 0x7, cntxt size 0x340
2015-02-11T17:34:38.186339-06:00 c0-0c1s1n2 Memory: 66065380k/69206016k available (5522k kernel code, 2121000k absent, 1019636k reserved, 5307k data, 692k init)
2015-02-11T17:34:38.186348-06:00 c0-0c1s1n2 Hierarchical RCU implementation.
2015-02-11T17:34:38.186354-06:00 c0-0c1s1n2 NR_IRQS:4352
2015-02-11T17:34:38.186379-06:00 c0-0c1s1n2 Extended CMOS year: 2000
2015-02-11T17:34:38.186387-06:00 c0-0c1s1n2 Console: colour dummy device 80x25
2015-02-11T17:34:38.186393-06:00 c0-0c1s1n2 console [ttyS0] enabled, bootconsole disabled
2015-02-11T17:34:38.186402-06:00 c0-0c1s1n2 console [ttyS0] enabled, bootconsole disabled
2015-02-11T17:34:38.186409-06:00 c0-0c1s1n2 Fast TSC calibration using PIT
2015-02-11T17:34:38.186417-06:00 c0-0c1s1n2 Detected 2599.865 MHz processor.
2015-02-11T17:34:38.186428-06:00 c0-0c1s1n2 Calibrating delay loop (skipped), value calculated using timer frequency.. 5199.73 BogoMIPS (lpj=10399460)
2015-02-11T17:34:38.186447-06:00 c0-0c1s1n2 pid_max: default: 32768 minimum: 301
2015-02-11T17:34:38.186456-06:00 c0-0c1s1n2 Dentry cache hash table entries: 8388608 (order: 14, 67108864 bytes)
2015-02-11T17:34:38.186465-06:00 c0-0c1s1n2 Inode-cache hash table entries: 4194304 (order: 13, 33554432 bytes)
2015-02-11T17:34:38.186474-06:00 c0-0c1s1n2 Mount-cache hash table entries: 256
2015-02-11T17:34:38.186481-06:00 c0-0c1s1n2 Initializing cgroup subsys cpuacct
2015-02-11T17:34:38.186488-06:00 c0-0c1s1n2 Initializing cgroup subsys memory
2015-02-11T17:34:38.186495-06:00 c0-0c1s1n2 Initializing cgroup subsys devices
2015-02-11T17:34:38.186507-06:00 c0-0c1s1n2 Initializing cgroup subsys perf_event
2015-02-11T17:34:38.186516-06:00 c0-0c1s1n2 CPU: Physical Processor ID: 0
2015-02-11T17:34:38.186527-06:00 c0-0c1s1n2 CPU: Processor Core ID: 0
2015-02-11T17:34:38.186536-06:00 c0-0c1s1n2 mce: CPU supports 20 MCE banks
2015-02-11T17:34:38.186551-06:00 c0-0c1s1n2 CPU0: Thermal monitoring enabled (TM1)
2015-02-11T17:34:38.186559-06:00 c0-0c1s1n2 using mwait in idle threads.
2015-02-11T17:34:38.186570-06:00 c0-0c1s1n2 ACPI: Core revision 20110413
2015-02-11T17:34:38.186578-06:00 c0-0c1s1n2 ftrace: allocating 20236 entries in 80 pages
2015-02-11T17:34:38.211210-06:00 c0-0c1s1n2 DMAR: Host address width 46
2015-02-11T17:34:38.211346-06:00 c0-0c1s1n2 DMAR: DRHD base: 0x000000fbffc000 flags: 0x1
2015-02-11T17:34:38.236411-06:00 c0-0c1s1n2 IOMMU 0: reg_base_addr fbffc000 ver 1:0 cap d2078c106f0462 ecap f020fe
2015-02-11T17:34:38.236506-06:00 c0-0c1s1n2 DMAR: RMRR base: 0x0000007f430000 end: 0x0000007f43cfff
2015-02-11T17:34:38.236552-06:00 c0-0c1s1n2 DMAR: ATSR flags: 0x0
2015-02-11T17:34:38.261555-06:00 c0-0c1s1n2 DMAR: RHSA base: 0x000000fbffc000 proximity domain: 0x0
2015-02-11T17:34:38.261674-06:00 c0-0c1s1n2 Switched APIC routing to physical flat.
2015-02-11T17:34:38.261789-06:00 c0-0c1s1n2 ..TIMER: vector=0x30 apic1=0 pin1=2 apic2=-1 pin2=-1
2015-02-11T17:34:38.312790-06:00 c0-0c1s1n2 CPU0: Intel(R) Xeon(R) CPU E5-2670 0 @ 2.60GHz stepping 07
2015-02-11T17:34:38.564421-06:00 c0-0c1s1n2 Performance Events: PEBS fmt1+, 16-deep LBR, SandyBridge events, full-width counters, Intel PMU driver.
2015-02-11T17:34:38.564514-06:00 c0-0c1s1n2 ... version:                3
2015-02-11T17:34:38.564619-06:00 c0-0c1s1n2 ... bit width:              48
2015-02-11T17:34:38.564684-06:00 c0-0c1s1n2 ... generic registers:      4
2015-02-11T17:34:38.589731-06:00 c0-0c1s1n2 ... value mask:             0000ffffffffffff
2015-02-11T17:34:38.589878-06:00 c0-0c1s1n2 ... max period:             0000ffffffffffff
2015-02-11T17:34:38.590046-06:00 c0-0c1s1n2 ... fixed-purpose events:   3
2015-02-11T17:34:38.590107-06:00 c0-0c1s1n2 ... event mask:             000000070000000f
2015-02-11T17:34:39.068820-06:00 c0-0c1s1n2 Booting Node   0, Processors  #1 #2 #3 #4 #5 #6 #7 #8 #9 #10 #11 #12 #13 #14 #15 Ok.
2015-02-11T17:34:39.094055-06:00 c0-0c1s1n2 Brought up 16 CPUs
2015-02-11T17:34:39.094174-06:00 c0-0c1s1n2 Total of 16 processors activated (83195.68 BogoMIPS).
2015-02-11T17:34:39.144672-06:00 c0-0c1s1n2 NET: Registered protocol family 16
2015-02-11T17:34:39.169717-06:00 c0-0c1s1n2 ACPI FADT declares the system doesn't support PCIe ASPM, so disable it
2015-02-11T17:34:39.169871-06:00 c0-0c1s1n2 ACPI: bus type pci registered
2015-02-11T17:34:39.170006-06:00 c0-0c1s1n2 PCI: MMCONFIG for domain 0000 [bus 00-ff] at [mem 0x80000000-0x8fffffff] (base 0x80000000)
2015-02-11T17:34:39.195088-06:00 c0-0c1s1n2 PCI: MMCONFIG at [mem 0x80000000-0x8fffffff] reserved in E820
2015-02-11T17:34:39.220392-06:00 c0-0c1s1n2 PCI: Using configuration type 1 for base access
2015-02-11T17:34:39.245340-06:00 c0-0c1s1n2 bio: create slab <bio-0> at 0
2015-02-11T17:34:39.270694-06:00 c0-0c1s1n2 ACPI: Executed 1 blocks of module-level executable AML code
2015-02-11T17:34:39.472684-06:00 c0-0c1s1n2 ACPI: Interpreter enabled
2015-02-11T17:34:39.472730-06:00 c0-0c1s1n2 ACPI: (supports S0 S1 S3 S5)
2015-02-11T17:34:39.497642-06:00 c0-0c1s1n2 ACPI: Using IOAPIC for interrupt routing
2015-02-11T17:34:39.498008-06:00 c0-0c1s1n2 ACPI: No dock devices found.
2015-02-11T17:34:39.523006-06:00 c0-0c1s1n2 HEST: Table parsing disabled.
2015-02-11T17:34:39.523287-06:00 c0-0c1s1n2 PCI: Using host bridge windows from ACPI; if necessary, use "pci=nocrs" and report a bug
2015-02-11T17:34:39.548258-06:00 c0-0c1s1n2 ACPI: PCI Root Bridge [PCI0] (domain 0000 [bus 00-fe])
2015-02-11T17:34:39.548448-06:00 c0-0c1s1n2 pci_root PNP0A08:00: host bridge window [io  0x0000-0x03af]
2015-02-11T17:34:39.573514-06:00 c0-0c1s1n2 pci_root PNP0A08:00: host bridge window [io  0x03e0-0x0cf7]
2015-02-11T17:34:39.573722-06:00 c0-0c1s1n2 pci_root PNP0A08:00: host bridge window [io  0x0d00-0xffff]
2015-02-11T17:34:39.598577-06:00 c0-0c1s1n2 pci_root PNP0A08:00: host bridge window [mem 0x000c0000-0x000dffff]
2015-02-11T17:34:39.598936-06:00 c0-0c1s1n2 pci_root PNP0A08:00: host bridge window [mem 0x80000000-0xfbffffff]
2015-02-11T17:34:39.624049-06:00 c0-0c1s1n2 pci_root PNP0A08:00: host bridge window [mem 0x1080000000-0x3c3fffffffff]
2015-02-11T17:34:39.624331-06:00 c0-0c1s1n2 pci 0000:00:02.0: PCI bridge to [bus 01-01]
2015-02-11T17:34:39.624524-06:00 c0-0c1s1n2 pci 0000:00:03.0: PCI bridge to [bus 02-02]
2015-02-11T17:34:39.624722-06:00 c0-0c1s1n2 pci 0000:00:03.2: PCI bridge to [bus 03-03]
2015-02-11T17:34:39.649306-06:00 c0-0c1s1n2 pci 0000:00:11.0: PCI bridge to [bus 04-04]
2015-02-11T17:34:39.649545-06:00 c0-0c1s1n2 pci 0000:00:1e.0: PCI bridge to [bus 05-05] (subtractive decode)
2015-02-11T17:34:39.674536-06:00 c0-0c1s1n2 pci0000:00: Unable to request _OSC control (_OSC support mask: 0x19)
2015-02-11T17:34:39.699802-06:00 c0-0c1s1n2 ACPI: PCI Root Bridge [UNC0] (domain 0000 [bus ff])
2015-02-11T17:34:39.700189-06:00 c0-0c1s1n2 pci0000:ff: Unable to request _OSC control (_OSC support mask: 0x19)
2015-02-11T17:34:39.725137-06:00 c0-0c1s1n2 ACPI: PCI Interrupt Link [LNKA] (IRQs 3 4 5 6 7 10 *11 12 14 15)
2015-02-11T17:34:39.725364-06:00 c0-0c1s1n2 ACPI: PCI Interrupt Link [LNKB] (IRQs 3 4 5 6 7 *10 11 12 14 15)
2015-02-11T17:34:39.750332-06:00 c0-0c1s1n2 ACPI: PCI Interrupt Link [LNKC] (IRQs 3 4 *5 6 10 11 12 14 15)
2015-02-11T17:34:39.750618-06:00 c0-0c1s1n2 ACPI: PCI Interrupt Link [LNKD] (IRQs *3 4 5 6 10 11 12 14 15)
2015-02-11T17:34:39.775698-06:00 c0-0c1s1n2 ACPI: PCI Interrupt Link [LNKE] (IRQs 3 4 5 6 7 10 11 12 14 15) *0
2015-02-11T17:34:39.776018-06:00 c0-0c1s1n2 ACPI: PCI Interrupt Link [LNKF] (IRQs 3 4 5 6 7 10 11 12 14 15) *0
2015-02-11T17:34:39.800766-06:00 c0-0c1s1n2 ACPI: PCI Interrupt Link [LNKG] (IRQs 3 4 5 6 7 10 11 12 14 15) *0
2015-02-11T17:34:39.801099-06:00 c0-0c1s1n2 ACPI: PCI Interrupt Link [LNKH] (IRQs 3 4 5 6 *7 10 11 12 14 15)
2015-02-11T17:34:39.801188-06:00 c0-0c1s1n2 vgaarb: loaded
2015-02-11T17:34:39.801358-06:00 c0-0c1s1n2 SCSI subsystem initialized
2015-02-11T17:34:39.826100-06:00 c0-0c1s1n2 PCI: Using ACPI for IRQ routing
2015-02-11T17:34:39.826425-06:00 c0-0c1s1n2 Switching to clocksource hpet
2015-02-11T17:34:39.851342-06:00 c0-0c1s1n2 pnp: PnP ACPI init
2015-02-11T17:34:39.851524-06:00 c0-0c1s1n2 ACPI: bus type pnp registered
2015-02-11T17:34:39.876496-06:00 c0-0c1s1n2 system 00:01: [mem 0xfc000000-0xfcffffff] has been reserved
2015-02-11T17:34:39.876828-06:00 c0-0c1s1n2 system 00:01: [mem 0xfd000000-0xfdffffff] has been reserved
2015-02-11T17:34:39.877111-06:00 c0-0c1s1n2 system 00:01: [mem 0xfe000000-0xfeafffff] has been reserved
2015-02-11T17:34:39.901881-06:00 c0-0c1s1n2 system 00:01: [mem 0xfeb00000-0xfebfffff] has been reserved
2015-02-11T17:34:39.926963-06:00 c0-0c1s1n2 system 00:01: [mem 0xfed00400-0xfed3ffff] could not be reserved
2015-02-11T17:34:39.927238-06:00 c0-0c1s1n2 system 00:01: [mem 0xfed45000-0xfedfffff] has been reserved
2015-02-11T17:34:39.927523-06:00 c0-0c1s1n2 system 00:02: [mem 0xfbffc000-0xfbffdfff] has been reserved
2015-02-11T17:34:39.927717-06:00 c0-0c1s1n2 system 00:06: [io  0x04d0-0x04d1] has been reserved
2015-02-11T17:34:39.952461-06:00 c0-0c1s1n2 system 00:08: [io  0x0400-0x0453] has been reserved
2015-02-11T17:34:39.952750-06:00 c0-0c1s1n2 system 00:08: [io  0x0458-0x047f] has been reserved
2015-02-11T17:34:39.977678-06:00 c0-0c1s1n2 system 00:08: [io  0x1180-0x119f] has been reserved
2015-02-11T17:34:39.977983-06:00 c0-0c1s1n2 system 00:08: [io  0x0500-0x057f] has been reserved
2015-02-11T17:34:39.978281-06:00 c0-0c1s1n2 system 00:08: [mem 0xfed1c000-0xfed1ffff] has been reserved
2015-02-11T17:34:40.002951-06:00 c0-0c1s1n2 system 00:08: [mem 0xfec00000-0xfecfffff] could not be reserved
2015-02-11T17:34:40.003248-06:00 c0-0c1s1n2 system 00:08: [mem 0xfed08000-0xfed08fff] has been reserved
2015-02-11T17:34:40.028197-06:00 c0-0c1s1n2 system 00:08: [mem 0xff000000-0xffffffff] has been reserved
2015-02-11T17:34:40.028516-06:00 c0-0c1s1n2 system 00:09: [io  0x0454-0x0457] has been reserved
2015-02-11T17:34:40.028689-06:00 c0-0c1s1n2 pnp: PnP ACPI: found 12 devices
2015-02-11T17:34:40.028806-06:00 c0-0c1s1n2 ACPI: ACPI bus type pnp unregistered
2015-02-11T17:34:40.053599-06:00 c0-0c1s1n2 pci 0000:00:02.0: PCI bridge to [bus 01-01]
2015-02-11T17:34:40.078526-06:00 c0-0c1s1n2 pci 0000:00:02.0:   bridge window [io  disabled]
2015-02-11T17:34:40.078769-06:00 c0-0c1s1n2 pci 0000:00:02.0:   bridge window [mem disabled]
2015-02-11T17:34:40.079079-06:00 c0-0c1s1n2 pci 0000:00:02.0:   bridge window [mem 0x3c0000000000-0x3c20000fffff 64bit pref]
2015-02-11T17:34:40.103765-06:00 c0-0c1s1n2 pci 0000:00:03.0: PCI bridge to [bus 02-02]
2015-02-11T17:34:40.104086-06:00 c0-0c1s1n2 pci 0000:00:03.0:   bridge window [io  disabled]
2015-02-11T17:34:40.104366-06:00 c0-0c1s1n2 pci 0000:00:03.0:   bridge window [mem disabled]
2015-02-11T17:34:40.129036-06:00 c0-0c1s1n2 pci 0000:00:03.0:   bridge window [mem pref disabled]
2015-02-11T17:34:40.129272-06:00 c0-0c1s1n2 pci 0000:00:03.2: PCI bridge to [bus 03-03]
2015-02-11T17:34:40.129512-06:00 c0-0c1s1n2 pci 0000:00:03.2:   bridge window [io  disabled]
2015-02-11T17:34:40.129684-06:00 c0-0c1s1n2 pci 0000:00:03.2:   bridge window [mem disabled]
2015-02-11T17:34:40.154687-06:00 c0-0c1s1n2 pci 0000:00:03.2:   bridge window [mem pref disabled]
2015-02-11T17:34:40.154744-06:00 c0-0c1s1n2 pci 0000:00:11.0: PCI bridge to [bus 04-04]
2015-02-11T17:34:40.179507-06:00 c0-0c1s1n2 pci 0000:00:11.0:   bridge window [io  0xe000-0xefff]
2015-02-11T17:34:40.180030-06:00 c0-0c1s1n2 pci 0000:00:11.0:   bridge window [mem 0xfbe00000-0xfbefffff]
2015-02-11T17:34:40.180276-06:00 c0-0c1s1n2 pci 0000:00:11.0:   bridge window [mem 0x3c2000400000-0x3c20008fffff 64bit pref]
2015-02-11T17:34:40.205166-06:00 c0-0c1s1n2 pci 0000:00:1e.0: PCI bridge to [bus 05-05]
2015-02-11T17:34:40.205454-06:00 c0-0c1s1n2 pci 0000:00:1e.0:   bridge window [io  disabled]
2015-02-11T17:34:40.205601-06:00 c0-0c1s1n2 pci 0000:00:1e.0:   bridge window [mem disabled]
2015-02-11T17:34:40.230321-06:00 c0-0c1s1n2 pci 0000:00:1e.0:   bridge window [mem pref disabled]
2015-02-11T17:34:40.230690-06:00 c0-0c1s1n2 pci 0000:00:02.0: PCI INT A -> GSI 32 (level, low) -> IRQ 32
2015-02-11T17:34:40.255355-06:00 c0-0c1s1n2 pci 0000:00:03.0: PCI INT A -> GSI 40 (level, low) -> IRQ 40
2015-02-11T17:34:40.255658-06:00 c0-0c1s1n2 pci 0000:00:03.2: PCI INT A -> GSI 40 (level, low) -> IRQ 40
2015-02-11T17:34:40.255963-06:00 c0-0c1s1n2 pci 0000:00:11.0: PCI INT A -> GSI 16 (level, low) -> IRQ 16
2015-02-11T17:34:40.280758-06:00 c0-0c1s1n2 NET: Registered protocol family 2
2015-02-11T17:34:40.281115-06:00 c0-0c1s1n2 IP route cache hash table entries: 524288 (order: 10, 4194304 bytes)
2015-02-11T17:34:40.306019-06:00 c0-0c1s1n2 TCP established hash table entries: 524288 (order: 11, 8388608 bytes)
2015-02-11T17:34:40.306370-06:00 c0-0c1s1n2 TCP bind hash table entries: 65536 (order: 8, 1048576 bytes)
2015-02-11T17:34:40.331321-06:00 c0-0c1s1n2 TCP: Hash tables configured (established 524288 bind 65536)
2015-02-11T17:34:40.331455-06:00 c0-0c1s1n2 TCP reno registered
2015-02-11T17:34:40.331654-06:00 c0-0c1s1n2 UDP hash table entries: 32768 (order: 8, 1048576 bytes)
2015-02-11T17:34:40.356516-06:00 c0-0c1s1n2 UDP-Lite hash table entries: 32768 (order: 8, 1048576 bytes)
2015-02-11T17:34:40.356646-06:00 c0-0c1s1n2 NET: Registered protocol family 1
2015-02-11T17:34:40.356928-06:00 c0-0c1s1n2 RPC: Registered named UNIX socket transport module.
2015-02-11T17:34:40.381605-06:00 c0-0c1s1n2 RPC: Registered udp transport module.
2015-02-11T17:34:40.381851-06:00 c0-0c1s1n2 RPC: Registered tcp transport module.
2015-02-11T17:34:40.382044-06:00 c0-0c1s1n2 RPC: Registered tcp NFSv4.1 backchannel transport module.
2015-02-11T17:34:40.406980-06:00 c0-0c1s1n2 pci 0000:00:1a.0: PCI INT A -> GSI 16 (level, low) -> IRQ 16
2015-02-11T17:34:40.432367-06:00 c0-0c1s1n2 pci 0000:00:1a.0: PCI INT A disabled
2015-02-11T17:34:40.457471-06:00 c0-0c1s1n2 pci 0000:00:1d.0: PCI INT A -> GSI 23 (level, low) -> IRQ 23
2015-02-11T17:34:40.482789-06:00 c0-0c1s1n2 pci 0000:00:1d.0: PCI INT A disabled
2015-02-11T17:34:40.482939-06:00 c0-0c1s1n2 Trying to unpack rootfs image as initramfs...
2015-02-11T17:34:40.911641-06:00 c0-0c1s1n2 Freeing initrd memory: 12352k freed
2015-02-11T17:34:40.911821-06:00 c0-0c1s1n2 DMAR: Device scope device [0000:00:01.01] not found
2015-02-11T17:34:40.936744-06:00 c0-0c1s1n2 DMAR: Device scope device [0000:00:01.01] not found
2015-02-11T17:34:40.936943-06:00 c0-0c1s1n2 PCI-DMA: Using software bounce buffering for IO (SWIOTLB)
2015-02-11T17:34:40.961973-06:00 c0-0c1s1n2 Placing 64MB software IO TLB between ffff88007a67c000 - ffff88007e67c000
2015-02-11T17:34:40.962164-06:00 c0-0c1s1n2 software IO TLB at phys 0x7a67c000 - 0x7e67c000
2015-02-11T17:34:40.987222-06:00 c0-0c1s1n2 Machine check injector initialized
2015-02-11T17:34:40.987485-06:00 c0-0c1s1n2 futex hash table entries: 4096 (order: 6, 262144 bytes)
2015-02-11T17:34:41.012356-06:00 c0-0c1s1n2 Registering pnotify support for (name=job)
2015-02-11T17:34:41.012458-06:00 c0-0c1s1n2 CSA: initialized
2015-02-11T17:34:41.012680-06:00 c0-0c1s1n2 audit: initializing netlink socket (disabled)
2015-02-11T17:34:41.012807-06:00 c0-0c1s1n2 type=2000 audit(1423697674.512:1): initialized
2015-02-11T17:34:41.063245-06:00 c0-0c1s1n2 HugeTLB registered 2 MB page size, pre-allocated 0 pages
2015-02-11T17:34:41.063325-06:00 c0-0c1s1n2 VFS: Disk quotas dquot_6.5.2
2015-02-11T17:34:41.088238-06:00 c0-0c1s1n2 Dquot-cache hash table entries: 512 (order 0, 4096 bytes)
2015-02-11T17:34:41.088521-06:00 c0-0c1s1n2 Installing knfsd (copyright (C) 1996 okir@monad.swb.de).
2015-02-11T17:34:41.088671-06:00 c0-0c1s1n2 fuse init (API version 7.16)
2015-02-11T17:34:41.088781-06:00 c0-0c1s1n2 Installing v9fs 9p2000 file system support
2015-02-11T17:34:41.113341-06:00 c0-0c1s1n2 msgmni has been set to 32268
2015-02-11T17:34:41.113663-06:00 c0-0c1s1n2 Block layer SCSI generic (bsg) driver version 0.4 loaded (major 254)
2015-02-11T17:34:41.138485-06:00 c0-0c1s1n2 io scheduler noop registered (default)
2015-02-11T17:34:41.138692-06:00 c0-0c1s1n2 io scheduler deadline registered
2015-02-11T17:34:41.138798-06:00 c0-0c1s1n2 io scheduler cfq registered
2015-02-11T17:34:41.163699-06:00 c0-0c1s1n2 input: Power Button as /devices/LNXSYSTM:00/LNXSYBUS:00/PNP0C0C:00/input/input0
2015-02-11T17:34:41.163936-06:00 c0-0c1s1n2 ACPI: Power Button [PWRB]
2015-02-11T17:34:41.164257-06:00 c0-0c1s1n2 input: Power Button as /devices/LNXSYSTM:00/LNXPWRBN:00/input/input1
2015-02-11T17:34:41.164312-06:00 c0-0c1s1n2 ACPI: Power Button [PWRF]
2015-02-11T17:34:41.290063-06:00 c0-0c1s1n2 ERST: Error Record Serialization Table (ERST) support is disabled.
2015-02-11T17:34:41.290181-06:00 c0-0c1s1n2 GHES: HEST is not enabled!
2015-02-11T17:34:41.340514-06:00 c0-0c1s1n2 Serial: 8250/16550 driver, 2 ports, IRQ sharing disabled
2015-02-11T17:34:41.340677-06:00 c0-0c1s1n2 serial8250: ttyS0 at I/O 0x3f8 (irq = 4) is a 16550A
2015-02-11T17:34:41.416390-06:00 c0-0c1s1n2 serial8250: ttyS1 at I/O 0x2f8 (irq = 3) is a 16550A
2015-02-11T17:34:41.517294-06:00 c0-0c1s1n2 Real Time Clock Driver v1.12b
2015-02-11T17:34:41.517411-06:00 c0-0c1s1n2 Linux agpgart interface v0.103
2015-02-11T17:34:41.542398-06:00 c0-0c1s1n2 brd: module loaded
2015-02-11T17:34:41.542503-06:00 c0-0c1s1n2 loop: module loaded
2015-02-11T17:34:41.542588-06:00 c0-0c1s1n2 Loading iSCSI transport class v2.0-870.
2015-02-11T17:34:41.542667-06:00 c0-0c1s1n2 iscsi: registered transport (tcp)
2015-02-11T17:34:41.567709-06:00 c0-0c1s1n2 Rounding down aligned max_sectors from 4294967295 to 4294967288
2015-02-11T17:34:41.567771-06:00 c0-0c1s1n2 console [netcon0] enabled
2015-02-11T17:34:41.567855-06:00 c0-0c1s1n2 netconsole: network logging started
2015-02-11T17:34:41.567960-06:00 c0-0c1s1n2 i8042: PNP: No PS/2 controller found. Probing ports directly.
2015-02-11T17:34:42.614029-06:00 c0-0c1s1n2 i8042: No controller found
2015-02-11T17:34:42.614156-06:00 c0-0c1s1n2 Refined TSC clocksource calibration: 2599.999 MHz.
2015-02-11T17:34:42.614239-06:00 c0-0c1s1n2 EDAC MC: Ver: 2.1.0
2015-02-11T17:34:42.639004-06:00 c0-0c1s1n2 cpuidle: using governor ladder
2015-02-11T17:34:42.639168-06:00 c0-0c1s1n2 Switching to clocksource tsc
2015-02-11T17:34:42.639317-06:00 c0-0c1s1n2 cpuidle: using governor menu
2015-02-11T17:34:42.639359-06:00 c0-0c1s1n2 oprofile: using NMI interrupt.
2015-02-11T17:34:42.639472-06:00 c0-0c1s1n2 TCP cubic registered
2015-02-11T17:34:42.664468-06:00 c0-0c1s1n2 NET: Registered protocol family 10
2015-02-11T17:34:42.664576-06:00 c0-0c1s1n2 IPv6 over IPv4 tunneling driver
2015-02-11T17:34:42.664727-06:00 c0-0c1s1n2 NET: Registered protocol family 17
2015-02-11T17:34:42.664760-06:00 c0-0c1s1n2 Installing 9P2000 support
2015-02-11T17:34:42.689624-06:00 c0-0c1s1n2 Registering the dns_resolver key type
2015-02-11T17:34:42.689757-06:00 c0-0c1s1n2 registered taskstats version 1
2015-02-11T17:34:42.689963-06:00 c0-0c1s1n2 Freeing unused kernel memory: 692k freed
2015-02-11T17:34:42.765705-06:00 c0-0c1s1n2 ghal_init:Cray(R) Gemini Hardware Abstraction Layer - version 1.0107
2015-02-11T17:34:42.790638-06:00 c0-0c1s1n2 ghal_init:Copyright (C) 2007-1012 Cray Inc.
2015-02-11T17:34:42.815797-06:00 c0-0c1s1n2 ghal 0000:01:00.1: enabling device (0000 -> 0002)
2015-02-11T17:34:43.625418-06:00 c0-0c1s1n2 udev: starting version 147
2015-02-11T17:34:43.625440-06:00 c0-0c1s1n2 simplex: module license 'unspecified' taints kernel.
2015-02-11T17:34:43.625445-06:00 c0-0c1s1n2 hss-os: communication area 0xffff8810099f9800 (phys 0x10099f9800)
2015-02-11T17:34:43.625451-06:00 c0-0c1s1n2 hss-os: new channel 1
2015-02-11T17:34:44.618834-06:00 c0-0c1s1n2 request_sys_info_from_L0: No tile dimension data
2015-02-11T17:34:44.618843-06:00 c0-0c1s1n2 hss-os: new channel 2
2015-02-11T17:34:44.618848-06:00 c0-0c1s1n2 kgni_init:Cray(R) Gemini Network Interface - Sep 17 2014 version 0x004500b7 rev 9750
2015-02-11T17:34:44.618853-06:00 c0-0c1s1n2 kgni_init:Copyright (C) 2007,2008 Cray Inc.
2015-02-11T17:34:44.618873-06:00 c0-0c1s1n2 ipogif_init:Cray(R) Gemini IP over Fabric device driver - version 0.17
2015-02-11T17:34:44.618882-06:00 c0-0c1s1n2 ipogif_init:Copyright (C) 2007 Cray Inc.
2015-02-11T17:34:44.618888-06:00 c0-0c1s1n2 ipogif_probe:Immediate checksum off
2015-02-11T17:34:44.618897-06:00 c0-0c1s1n2 Cray(R) Gemini Performance Counter Daemon - version 0.1
2015-02-11T17:34:44.618904-06:00 c0-0c1s1n2 GEMINI Performance Counter Daemon.
2015-02-11T17:34:44.618913-06:00 c0-0c1s1n2 Cray(R) Kernel Dynamic Registration (KDREG) Interface - version 0x2243e
2015-02-11T17:34:44.618918-06:00 c0-0c1s1n2 Copyright (C) 2004-5 Pete Wyckoff - modified by Cray(R)
2015-02-11T17:34:44.794981-06:00 c0-0c1s1n2 ipogif_up:Bringing interface up
2015-02-11T17:34:44.885672-06:00 c0-0c1s1n2 Sending ec_node_info with boot code 0 (NODE_INFO_OS_BOOT) for nid 70
2015-02-11T17:34:44.885680-06:00 c0-0c1s1n2 net.core.rmem_max = 16777216
2015-02-11T17:34:44.885686-06:00 c0-0c1s1n2 net.core.wmem_max = 16777216
2015-02-11T17:34:44.885694-06:00 c0-0c1s1n2 net.core.rmem_default = 16777216
2015-02-11T17:34:44.885703-06:00 c0-0c1s1n2 net.core.wmem_default = 16777216
2015-02-11T17:34:44.885997-06:00 c0-0c1s1n2 net.core.optmem_max = 16777216
2015-02-11T17:34:44.886735-06:00 c0-0c1s1n2 net.ipv4.tcp_mem = 16777216 16777216 16777216
2015-02-11T17:34:44.886758-06:00 c0-0c1s1n2 net.ipv4.tcp_rmem = 4096 87380 16777216
2015-02-11T17:34:44.886965-06:00 c0-0c1s1n2 net.ipv4.tcp_wmem = 4096 65536 16777216
2015-02-11T17:34:44.886978-06:00 c0-0c1s1n2 Using rootfs config: nfs-shared...
2015-02-11T17:34:44.887079-06:00 c0-0c1s1n2 rootfs mount succeeded.
2015-02-11T17:34:44.887105-06:00 c0-0c1s1n2 killall: can't kill pid 3216: No such process
2015-02-11T17:34:44.911368-06:00 c0-0c1s1n2 killall: can't kill pid 3219: No such process
2015-02-11T17:34:44.911433-06:00 c0-0c1s1n2 killall: can't kill pid 3222: No such process
2015-02-11T17:34:44.911554-06:00 c0-0c1s1n2 killall: can't kill pid 3225: No such process
2015-02-11T17:34:44.911584-06:00 c0-0c1s1n2 killall: can't kill pid 3228: No such process
2015-02-11T17:34:44.911609-06:00 c0-0c1s1n2 killall: can't kill pid 3230: No such process
2015-02-11T17:34:44.911664-06:00 c0-0c1s1n2 killall: can't kill pid 3236: No such process
2015-02-11T17:34:44.911722-06:00 c0-0c1s1n2 killall: can't kill pid 3261: No such process
2015-02-11T17:34:44.939242-06:00 c0-0c1s1n2 killall: can't kill pid 3262: No such process
2015-02-11T17:34:44.939272-06:00 c0-0c1s1n2 **********************************************************
2015-02-11T17:34:44.939296-06:00 c0-0c1s1n2    HOSTNAME: nid00070
2015-02-11T17:34:44.939318-06:00 c0-0c1s1n2 **********************************************************
2015-02-11T17:34:44.939335-06:00 c0-0c1s1n2 ipogif0   Link encap:Ethernet  HWaddr 00:01:01:00:00:46  
2015-02-11T17:34:44.939360-06:00 c0-0c1s1n2          inet addr:10.128.0.71  Mask:255.252.0.0
2015-02-11T17:34:44.939371-06:00 c0-0c1s1n2          inet6 addr: fe80::201:1ff:fe00:46/64 Scope:Link
2015-02-11T17:34:44.939397-06:00 c0-0c1s1n2          UP RUNNING NOARP  MTU:65520  Metric:1
2015-02-11T17:34:44.939409-06:00 c0-0c1s1n2          RX packets:21 errors:0 dropped:0 overruns:0 frame:0
2015-02-11T17:34:44.939418-06:00 c0-0c1s1n2          TX packets:28 errors:0 dropped:0 overruns:0 carrier:0
2015-02-11T17:34:44.939433-06:00 c0-0c1s1n2          collisions:0 txqueuelen:1000 
2015-02-11T17:34:44.939446-06:00 c0-0c1s1n2          RX bytes:2496 (2.4 KiB)  TX bytes:2540 (2.4 KiB)
2015-02-11T17:34:44.939485-06:00 c0-0c1s1n2 lo        Link encap:Local Loopback  
2015-02-11T17:34:44.939498-06:00 c0-0c1s1n2          inet addr:127.0.0.1  Mask:255.0.0.0
2015-02-11T17:34:44.939532-06:00 c0-0c1s1n2          inet6 addr: ::1/128 Scope:Host
2015-02-11T17:34:44.939556-06:00 c0-0c1s1n2          UP LOOPBACK RUNNING  MTU:16436  Metric:1
2015-02-11T17:34:44.939567-06:00 c0-0c1s1n2          RX packets:0 errors:0 dropped:0 overruns:0 frame:0
2015-02-11T17:34:44.964922-06:00 c0-0c1s1n2          TX packets:0 errors:0 dropped:0 overruns:0 carrier:0
2015-02-11T17:34:44.964960-06:00 c0-0c1s1n2          collisions:0 txqueuelen:0 
2015-02-11T17:34:44.964987-06:00 c0-0c1s1n2          RX bytes:0 (0.0 B)  TX bytes:0 (0.0 B)
2015-02-11T17:34:44.964998-06:00 c0-0c1s1n2 Mounting NID specific /etc (nid=70)...
2015-02-11T17:34:44.965007-06:00 c0-0c1s1n2 done.
2015-02-11T17:34:45.077659-06:00 c0-0c1s1n2 INIT: version 2.86 booting
2015-02-11T17:34:45.127982-06:00 c0-0c1s1n2 System Boot Control: Running /etc/init.d/boot
2015-02-11T17:34:45.128050-06:00 c0-0c1s1n2 Mounting sysfs at /sys7[?25l
2015-02-11T17:34:45.128058-06:00 c0-0c1s1n2 [80C[10D[1;32mdone[m8[?25h
2015-02-11T17:34:45.128137-06:00 c0-0c1s1n2 Copying static /dev content7[?25l
2015-02-11T17:34:45.128148-06:00 c0-0c1s1n2 [80C[10D[1;32mdone[m8[?25h
2015-02-11T17:34:45.128230-06:00 c0-0c1s1n2 Mounting tmpfs at /dev/shm7[?25l
2015-02-11T17:34:45.128236-06:00 c0-0c1s1n2 [80C[10D[1;32mdone[m8[?25h
2015-02-11T17:34:45.128284-06:00 c0-0c1s1n2 Mounting devpts at /dev/pts7[?25l
2015-02-11T17:34:45.128292-06:00 c0-0c1s1n2 [80C[10D[1;32mdone[m8[?25h
2015-02-11T17:34:45.128333-06:00 c0-0c1s1n2 Boot logging started on /dev/ttyS0(/dev/console) at Wed Feb 11 17:34:38 2015
2015-02-11T17:34:45.203713-06:00 c0-0c1s1n2 Mounting debugfs at /sys/kernel/debug7[?25l
2015-02-11T17:34:45.203721-06:00 c0-0c1s1n2 [80C[10D[1;32mdone[m8[?25h
2015-02-11T17:34:45.279358-06:00 c0-0c1s1n2 [m[?25hNo efivars filesystem driver available.[m[?25hStarting udevd: udev: starting version 147
2015-02-11T17:34:45.279383-06:00 c0-0c1s1n2 7[?25l
2015-02-11T17:34:45.279391-06:00 c0-0c1s1n2 [80C[10D[1;32mdone[m8[?25h
2015-02-11T17:34:45.329912-06:00 c0-0c1s1n2 Loading drivers, configuring devices: usbcore: registered new interface driver usbfs
2015-02-11T17:34:45.330081-06:00 c0-0c1s1n2 ahci 0000:00:1f.2: PCI INT B -> GSI 19 (level, low) -> IRQ 19
2015-02-11T17:34:45.330148-06:00 c0-0c1s1n2 usbcore: registered new interface driver hub
2015-02-11T17:34:45.355034-06:00 c0-0c1s1n2 ahci 0000:00:1f.2: forcing PORTS_IMPL to 0x3f
2015-02-11T17:34:45.355159-06:00 c0-0c1s1n2 ahci 0000:00:1f.2: AHCI 0001.0300 32 slots 6 ports 6 Gbps 0x3f impl SATA mode
2015-02-11T17:34:45.380341-06:00 c0-0c1s1n2 ahci 0000:00:1f.2: flags: 64bit ncq sntf pm led clo pio slum part ems apst 
2015-02-11T17:34:45.380367-06:00 c0-0c1s1n2 scsi0 : ahci
2015-02-11T17:34:45.380444-06:00 c0-0c1s1n2 usbcore: registered new device driver usb
2015-02-11T17:34:45.380489-06:00 c0-0c1s1n2 scsi1 : ahci
2015-02-11T17:34:45.380512-06:00 c0-0c1s1n2 scsi2 : ahci
2015-02-11T17:34:45.405515-06:00 c0-0c1s1n2 scsi3 : ahci
2015-02-11T17:34:45.405565-06:00 c0-0c1s1n2 scsi4 : ahci
2015-02-11T17:34:45.405610-06:00 c0-0c1s1n2 scsi5 : ahci
2015-02-11T17:34:45.405815-06:00 c0-0c1s1n2 ata2: SATA max UDMA/133 abar m2048@0xfbf00000 port 0xfbf00100 irq 164
2015-02-11T17:34:45.430785-06:00 c0-0c1s1n2 ata3: SATA max UDMA/133 abar m2048@0xfbf00000 port 0xfbf00180 irq 164
2015-02-11T17:34:45.430935-06:00 c0-0c1s1n2 ata4: SATA max UDMA/133 abar m2048@0xfbf00000 port 0xfbf00200 irq 164
2015-02-11T17:34:45.431012-06:00 c0-0c1s1n2 ata5: SATA max UDMA/133 abar m2048@0xfbf00000 port 0xfbf00280 irq 164
2015-02-11T17:34:45.431161-06:00 c0-0c1s1n2 ata6: SATA max UDMA/133 abar m2048@0xfbf00000 port 0xfbf00300 irq 164
2015-02-11T17:34:45.456053-06:00 c0-0c1s1n2 ata7: SATA max UDMA/133 abar m2048@0xfbf00000 port 0xfbf00380 irq 164
2015-02-11T17:34:45.531785-06:00 c0-0c1s1n2 ehci_hcd: USB 2.0 'Enhanced' Host Controller (EHCI) Driver
2015-02-11T17:34:45.531892-06:00 c0-0c1s1n2 ehci_hcd 0000:00:1a.0: PCI INT A -> GSI 16 (level, low) -> IRQ 16
2015-02-11T17:34:45.556917-06:00 c0-0c1s1n2 ehci_hcd 0000:00:1a.0: EHCI Host Controller
2015-02-11T17:34:45.556941-06:00 c0-0c1s1n2 ehci_hcd 0000:00:1a.0: new USB bus registered, assigned bus number 1
2015-02-11T17:34:45.557010-06:00 c0-0c1s1n2 ehci_hcd 0000:00:1a.0: debug port 2
2015-02-11T17:34:45.582081-06:00 c0-0c1s1n2 ehci_hcd 0000:00:1a.0: irq 16, io mem 0xfbf02000
2015-02-11T17:34:45.607430-06:00 c0-0c1s1n2 ehci_hcd 0000:00:1a.0: USB 2.0 started, EHCI 1.00
2015-02-11T17:34:45.607501-06:00 c0-0c1s1n2 hub 1-0:1.0: USB hub found
2015-02-11T17:34:45.607562-06:00 c0-0c1s1n2 hub 1-0:1.0: 2 ports detected
2015-02-11T17:34:45.632899-06:00 c0-0c1s1n2 ehci_hcd 0000:00:1d.0: PCI INT A -> GSI 23 (level, low) -> IRQ 23
2015-02-11T17:34:45.632959-06:00 c0-0c1s1n2 ehci_hcd 0000:00:1d.0: EHCI Host Controller
2015-02-11T17:34:45.633021-06:00 c0-0c1s1n2 ehci_hcd 0000:00:1d.0: new USB bus registered, assigned bus number 2
2015-02-11T17:34:45.633077-06:00 c0-0c1s1n2 ehci_hcd 0000:00:1d.0: debug port 2
2015-02-11T17:34:45.633137-06:00 c0-0c1s1n2 ehci_hcd 0000:00:1d.0: irq 23, io mem 0xfbf01000
2015-02-11T17:34:45.658298-06:00 c0-0c1s1n2 ehci_hcd 0000:00:1d.0: USB 2.0 started, EHCI 1.00
2015-02-11T17:34:45.683331-06:00 c0-0c1s1n2 hub 2-0:1.0: USB hub found
2015-02-11T17:34:45.708562-06:00 c0-0c1s1n2 hub 2-0:1.0: 2 ports detected
2015-02-11T17:34:45.926276-06:00 c0-0c1s1n2 usb 1-1: new high-speed USB device number 2 using ehci_hcd
2015-02-11T17:34:46.077331-06:00 c0-0c1s1n2 hub 1-1:1.0: USB hub found
2015-02-11T17:34:46.077353-06:00 c0-0c1s1n2 hub 1-1:1.0: 6 ports detected
2015-02-11T17:34:46.203469-06:00 c0-0c1s1n2 usb 2-1: new high-speed USB device number 2 using ehci_hcd
2015-02-11T17:34:46.354786-06:00 c0-0c1s1n2 hub 2-1:1.0: USB hub found
2015-02-11T17:34:46.354817-06:00 c0-0c1s1n2 hub 2-1:1.0: 8 ports detected
2015-02-11T17:34:46.405311-06:00 c0-0c1s1n2 ata2: failed to resume link (SControl 0)
2015-02-11T17:34:46.430494-06:00 c0-0c1s1n2 ata2: SATA link down (SStatus 0 SControl 0)
2015-02-11T17:34:46.430642-06:00 c0-0c1s1n2 ata3: failed to resume link (SControl 0)
2015-02-11T17:34:46.455723-06:00 c0-0c1s1n2 ata3: SATA link down (SStatus 0 SControl 0)
2015-02-11T17:34:46.455792-06:00 c0-0c1s1n2 ata6: failed to resume link (SControl 0)
2015-02-11T17:34:46.455887-06:00 c0-0c1s1n2 ata6: SATA link down (SStatus 0 SControl 0)
2015-02-11T17:34:46.455908-06:00 c0-0c1s1n2 ata4: failed to resume link (SControl 0)
2015-02-11T17:34:46.455959-06:00 c0-0c1s1n2 ata4: SATA link down (SStatus 0 SControl 0)
2015-02-11T17:34:46.456016-06:00 c0-0c1s1n2 ata7: failed to resume link (SControl 0)
2015-02-11T17:34:46.480959-06:00 c0-0c1s1n2 ata7: SATA link down (SStatus 0 SControl 0)
2015-02-11T17:34:46.481059-06:00 c0-0c1s1n2 ata5: failed to resume link (SControl 0)
2015-02-11T17:34:46.481184-06:00 c0-0c1s1n2 ata5: SATA link down (SStatus 0 SControl 0)
2015-02-11T17:34:46.506446-06:00 c0-0c1s1n2 7[?25l
2015-02-11T17:34:46.506454-06:00 c0-0c1s1n2 [80C[10D[1;32mdone[m8[?25h
2015-02-11T17:34:46.607184-06:00 c0-0c1s1n2 [m[?25hMounting /var from 10.131.255.254. Checking for nid=70 existance.
2015-02-11T17:34:46.758671-06:00 c0-0c1s1n2 7[?25l
2015-02-11T17:34:46.758690-06:00 c0-0c1s1n2 [80C[10D[1;32mdone[m8[?25h
2015-02-11T17:34:46.809232-06:00 c0-0c1s1n2 Mounting tmpfs on /tmp7[?25l
2015-02-11T17:34:46.809240-06:00 c0-0c1s1n2 [80C[10D[1;32mdone[m8[?25h
2015-02-11T17:34:46.809275-06:00 c0-0c1s1n2 Running sysctl using values from /etc/sysctl.conf
2015-02-11T17:34:46.809328-06:00 c0-0c1s1n2 net.ipv4.icmp_echo_ignore_broadcasts = 1
2015-02-11T17:34:46.809339-06:00 c0-0c1s1n2 net.ipv4.conf.all.rp_filter = 1
2015-02-11T17:34:46.809360-06:00 c0-0c1s1n2 fs.inotify.max_user_watches = 65536
2015-02-11T17:34:46.809371-06:00 c0-0c1s1n2 net.ipv4.conf.default.promote_secondaries = 1
2015-02-11T17:34:46.834313-06:00 c0-0c1s1n2 net.ipv4.conf.all.promote_secondaries = 1
2015-02-11T17:34:46.834369-06:00 c0-0c1s1n2 vm.min_free_kbytes = 102400
2015-02-11T17:34:46.834391-06:00 c0-0c1s1n2 7[?25l
2015-02-11T17:34:46.834399-06:00 c0-0c1s1n2 [80C[10D[1;32mdone[m8[?25h
2015-02-11T17:34:46.834422-06:00 c0-0c1s1n2 [m[?25hActivating swap-devices in /etc/fstab...
2015-02-11T17:34:46.834434-06:00 c0-0c1s1n2 7[?25l[1A
2015-02-11T17:34:46.834449-06:00 c0-0c1s1n2 [80C[10D[1;32mdone[m8[?25hroot file system (/) is NOT being checked.
2015-02-11T17:34:47.233737-06:00 c0-0c1s1n2 [m[?25hSet System Time to the current Hardware Clock7[?25l
2015-02-11T17:34:47.233744-06:00 c0-0c1s1n2 [80C[10D[1;32mdone[m8[?25h
2015-02-11T17:34:47.258992-06:00 c0-0c1s1n2 [m[?25hActivating device mapper...
2015-02-11T17:34:47.259072-06:00 c0-0c1s1n2 device-mapper: ioctl: 4.23.0-ioctl (2012-07-25) initialised: dm-devel@redhat.com
2015-02-11T17:34:47.259085-06:00 c0-0c1s1n2 7[?25l
2015-02-11T17:34:47.259090-06:00 c0-0c1s1n2 [80C[10D[1;32mdone[m8[?25h
2015-02-11T17:34:47.284291-06:00 c0-0c1s1n2 [m[?25hLoading required kernel modules
2015-02-11T17:34:47.334732-06:00 c0-0c1s1n2 7[?25l[1A
2015-02-11T17:34:47.334746-06:00 c0-0c1s1n2 [80C[10D[1;32mdone[m8[?25h[m[?25h[m[?25hWaiting for udev to settle...
2015-02-11T17:34:47.334774-06:00 c0-0c1s1n2 Scanning for LVM volume groups...
2015-02-11T17:34:47.334824-06:00 c0-0c1s1n2  Reading all physical volumes.  This may take a while...
2015-02-11T17:34:47.334845-06:00 c0-0c1s1n2  No volume groups found
2015-02-11T17:34:47.334887-06:00 c0-0c1s1n2  No volume groups found
2015-02-11T17:34:47.334965-06:00 c0-0c1s1n2 Activating LVM volume groups...
2015-02-11T17:34:47.335004-06:00 c0-0c1s1n2  PARTIAL MODE. Incomplete logical volumes will be processed.
2015-02-11T17:34:47.335028-06:00 c0-0c1s1n2  No volume groups found
2015-02-11T17:34:47.335039-06:00 c0-0c1s1n2 7[?25l
2015-02-11T17:34:47.335047-06:00 c0-0c1s1n2 [80C[10D[1;32mdone[m8[?25h
2015-02-11T17:34:47.360054-06:00 c0-0c1s1n2 [m[?25hNo fibre channel cards present.  Not waiting for disk devices. 
2015-02-11T17:34:47.410387-06:00 c0-0c1s1n2 [m[?25hChecking file systems...
2015-02-11T17:34:47.410422-06:00 c0-0c1s1n2 fsck from util-linux 2.19.1
2015-02-11T17:34:47.410431-06:00 c0-0c1s1n2 Checking all file systems.
2015-02-11T17:34:47.410462-06:00 c0-0c1s1n2 7[?25l[1A
2015-02-11T17:34:47.410470-06:00 c0-0c1s1n2 [80C[10D[1;32mdone[m8[?25hMounting local file systems...
2015-02-11T17:34:47.435638-06:00 c0-0c1s1n2 nothing was mounted
2015-02-11T17:34:47.672997-06:00 c0-0c1s1n2 7[?25l[1A
2015-02-11T17:34:47.673005-06:00 c0-0c1s1n2 [80C[10D[1;32mdone[m8[?25h[m[?25hCheck if the profiles matches the system7[?25l
2015-02-11T17:34:47.673010-06:00 c0-0c1s1n2 [80C[10D[1;32mdone[m8[?25h
2015-02-11T17:34:47.698153-06:00 c0-0c1s1n2 [m[?25hEnabling monitoring on LVM volume groups...
2015-02-11T17:34:47.698270-06:00 c0-0c1s1n2  No volume groups found
2015-02-11T17:34:47.698305-06:00 c0-0c1s1n2 7[?25l
2015-02-11T17:34:47.698313-06:00 c0-0c1s1n2 [80C[10D[1;32mdone[m8[?25h
2015-02-11T17:34:47.773894-06:00 c0-0c1s1n2 [m[?25h[m[?25h[m[?25h[m[?25h[m[?25hTurning quota on
2015-02-11T17:34:47.799037-06:00 c0-0c1s1n2 Checking quotas. This may take some time.
2015-02-11T17:34:47.799082-06:00 c0-0c1s1n2 7[?25l
2015-02-11T17:34:47.799095-06:00 c0-0c1s1n2 [80C[10D[1;32mdone[m8[?25h
2015-02-11T17:34:47.799167-06:00 c0-0c1s1n2 [m[?25hSetting current sysctl status from /etc/sysctl.conf7[?25l
2015-02-11T17:34:47.799175-06:00 c0-0c1s1n2 [80C[10D[1;32mdone[m8[?25h
2015-02-11T17:34:47.950742-06:00 c0-0c1s1n2 [m[?25hATTENTION: You have modified /etc/resolv.conf.  Leaving it untouched...
2015-02-11T17:34:47.950763-06:00 c0-0c1s1n2 You can find my version in /tmp/resolv.conf.TPguc9 ...
2015-02-11T17:34:47.950775-06:00 c0-0c1s1n2 touch: cannot touch `/etc/yp.conf': Read-only file system
2015-02-11T17:34:47.975729-06:00 c0-0c1s1n2 chmod: cannot access `/etc/yp.conf': No such file or directory
2015-02-11T17:34:48.000959-06:00 c0-0c1s1n2 touch: cannot touch `/etc/yp.conf': Read-only file system
2015-02-11T17:34:48.001006-06:00 c0-0c1s1n2 [m[?25hSystem Boot Control: The system has been 
2015-02-11T17:34:48.001012-06:00 c0-0c1s1n2 [80C[10D[1mset up[m
2015-02-11T17:34:48.001034-06:00 c0-0c1s1n2 Skipped features: [80C[19D[1;33mboot.efivars[m
2015-02-11T17:34:48.001061-06:00 c0-0c1s1n2 System Boot Control: Running /etc/init.d/boot.local
2015-02-11T17:34:48.026267-06:00 c0-0c1s1n2 7[?25l[1A
2015-02-11T17:34:48.026291-06:00 c0-0c1s1n2 [8
2015-02-11T17:34:48.026298-06:00 c0-0c1s1n2 INIT: Entering runlevel: 3
2015-02-11T17:34:48.076723-06:00 c0-0c1s1n2 Master Resource Control: previous runlevel: N, switching to runlevel: 
2015-02-11T17:34:48.076732-06:00 c0-0c1s1n2 [80C[10D[1m3[m
2015-02-11T17:34:48.076750-06:00 c0-0c1s1n2 Starting batchlimitd
2015-02-11T17:34:48.127110-06:00 c0-0c1s1n2 [m[?25hLoading nic compatibility device7[?25l
2015-02-11T17:34:48.127120-06:00 c0-0c1s1n2 [80C[10D[1;32mdone[m8[?25h
2015-02-11T17:34:48.253669-06:00 c0-0c1s1n2 [m[?25hbpmcd_init: Power statistics available in /sys/cray
2015-02-11T17:34:48.278919-06:00 c0-0c1s1n2 [m[?25hStarting D-Bus daemon7[?25l
2015-02-11T17:34:48.278931-06:00 c0-0c1s1n2 [80C[10D[1;32mdone[m8[?25h
2015-02-11T17:34:48.304237-06:00 c0-0c1s1n2 [m[?25hiSCSI Enterprise Target Software - version trunk
2015-02-11T17:34:48.304262-06:00 c0-0c1s1n2 iscsi_trgt: Registered io type fileio
2015-02-11T17:34:48.304322-06:00 c0-0c1s1n2 iscsi_trgt: Registered io type blockio
2015-02-11T17:34:48.329324-06:00 c0-0c1s1n2 iscsi_trgt: Registered io type nullio
2015-02-11T17:34:48.354560-06:00 c0-0c1s1n2 [m[?25hLNet: HW CPU cores: 16, npartitions: 4
2015-02-11T17:34:53.603815-06:00 c0-0c1s1n2 /etc/init.d/rc3.d/S01lnet: line 179: lctl: command not found
2015-02-11T17:34:53.603829-06:00 c0-0c1s1n2 [m[?25hRemoving old kernel packages...
2015-02-11T17:34:53.603837-06:00 c0-0c1s1n2 rm: cannot remove `/boot/do_purge_kernels': Read-only file system
2015-02-11T17:34:53.603846-06:00 c0-0c1s1n2 /sbin/purge-kernels: multiversion.kernels not configured in /etc/zypp/zypp.conf, exiting.
2015-02-11T17:34:53.603858-06:00 c0-0c1s1n2 7[?25l
2015-02-11T17:34:53.603872-06:00 c0-0c1s1n2 [80C[10D[1;32mdone[m8[?25h
2015-02-11T17:34:53.603892-06:00 c0-0c1s1n2 [m[?25hInitializing random number generator7[?25l
2015-02-11T17:34:53.603901-06:00 c0-0c1s1n2 [80C[10D[1;32mdone[m8[?25h
2015-02-11T17:34:53.603945-06:00 c0-0c1s1n2 [m[?25hCompat-rdma backport release: ac916cb
2015-02-11T17:34:53.603957-06:00 c0-0c1s1n2 Backport based on git://git.openfabrics.org/compat-rdma/compat.git 5268562
2015-02-11T17:34:53.604109-06:00 c0-0c1s1n2 compat.git: git://git.openfabrics.org/compat-rdma/compat.git
2015-02-11T17:34:53.741687-06:00 c0-0c1s1n2 Loading HCA driver and Access Layer:[60G[  [1;32mOK[0;39m  ]
2015-02-11T17:34:53.767440-06:00 c0-0c1s1n2 Setting up InfiniBand network interfaces:
2015-02-11T17:34:53.767452-06:00 c0-0c1s1n2 Setting up service network . . .[60G[  [0;39mdone[0;39m  ]
2015-02-11T17:34:53.893283-06:00 c0-0c1s1n2 [m[?25hSetting up (localfs) network interfaces:
2015-02-11T17:34:54.044585-06:00 c0-0c1s1n2    lo        
2015-02-11T17:34:54.069844-06:00 c0-0c1s1n2    lo        IP address: 127.0.0.1/8   
2015-02-11T17:34:54.095033-06:00 c0-0c1s1n2              IP address: 127.0.0.2/8   
2015-02-11T17:34:54.196926-06:00 c0-0c1s1n2 7[?25l[1A
2015-02-11T17:34:54.196934-06:00 c0-0c1s1n2 [80C[10D[1;32mdone[m8[?25h    ipogif0   
2015-02-11T17:34:54.221685-06:00 c0-0c1s1n2              No configuration found for ipogif0
2015-02-11T17:34:54.246999-06:00 c0-0c1s1n2 7[?25l[1A
2015-02-11T17:34:54.247007-06:00 c0-0c1s1n2 [80C[10D[1munused[m8[?25hSetting up service (localfs) network  .  .  .  .  .  .  .  .  .  .7[?25l
2015-02-11T17:34:54.247014-06:00 c0-0c1s1n2 [80C[10D[1;32mdone[m8[?25h
2015-02-11T17:34:54.272049-06:00 c0-0c1s1n2 [m[?25hCould not start BND as this is not the boot node.
2015-02-11T17:34:54.338677-06:00 c0-0c1s1n2 bootnodes are: 1 1 
2015-02-11T17:34:54.338704-06:00 c0-0c1s1n2 mynid=70
2015-02-11T17:34:54.338715-06:00 c0-0c1s1n2 [m[?25hS04cray-config-service: Mounting 9p configuration directory. 
2015-02-11T17:34:55.326801-06:00 c0-0c1s1n2 S04cray-config-service:   Success.  
2015-02-11T17:34:55.402589-06:00 c0-0c1s1n2 [m[?25h[m[?25hStarting hw_info_init on 70
2015-02-11T17:34:55.402630-06:00 c0-0c1s1n2 bootnodes are: 1 1 
2015-02-11T17:34:55.402661-06:00 c0-0c1s1n2 mynid=70
2015-02-11T17:34:55.794009-06:00 c0-0c1s1n2 [m[?25h[m[?25h 
2015-02-11T17:34:55.794073-06:00 c0-0c1s1n2 cray-syslog: **WARNING**  /etc/security/limits.conf MAY require hard and soft file limits 
2015-02-11T17:34:55.818856-06:00 c0-0c1s1n2 cray-syslog:              greater or equal to 8192 for proper LLM operation 
2015-02-11T17:34:55.819014-06:00 c0-0c1s1n2 cray-syslog:              when large number of jobs are launched concurrently.
2015-02-11T17:34:55.819120-06:00 c0-0c1s1n2 cray-syslog:              If you have failures running large number of concurrent jobs,
2015-02-11T17:34:55.819235-06:00 c0-0c1s1n2 cray-syslog:              you may wish to update the hard and soft nofile entries in 
2015-02-11T17:34:55.819325-06:00 c0-0c1s1n2 cray-syslog:              limits.conf as follows.
2015-02-11T17:34:55.819334-06:00 c0-0c1s1n2 
2015-02-11T17:34:55.819399-06:00 c0-0c1s1n2 cray-syslog: /etc/security/limits.conf: 
2015-02-11T17:34:55.819436-06:00 c0-0c1s1n2 cray-syslog: *  soft  nofile  8192
2015-02-11T17:34:55.819519-06:00 c0-0c1s1n2 cray-syslog: *  hard  nofile  8192
2015-02-11T17:34:55.819582-06:00 c0-0c1s1n2 
2015-02-11T17:34:56.821045-06:00 c0-0c1s1n2 cray-syslog: rsyslogd started as process 6740.
2015-02-11T17:34:57.841734-06:00 c0-0c1s1n2 cray-syslog: llmrd started as process  6753.
2015-02-11T17:34:57.892321-06:00 c0-0c1s1n2 [m[?25h[m[?25hStarting auditd startproc:  exit status of parent of /sbin/auditd: 6
2015-02-11T17:34:57.892358-06:00 c0-0c1s1n2 7[?25l
2015-02-11T17:34:57.892364-06:00 c0-0c1s1n2 [80C[10D[1;32mdone[m8[?25h
2015-02-11T17:34:57.993533-06:00 c0-0c1s1n2 [m[?25hStarting haveged daemon 7[?25l
2015-02-11T17:34:57.993542-06:00 c0-0c1s1n2 [80C[10D[1;32mdone[m8[?25h
2015-02-11T17:34:58.043930-06:00 c0-0c1s1n2 [m[?25hStarting rpcbind 7[?25l
2015-02-11T17:34:58.043940-06:00 c0-0c1s1n2 [80C[10D[1;32mdone[m8[?25h
2015-02-11T17:34:58.044050-06:00 c0-0c1s1n2 [m[?25hbootnodes are: 1 1 
2015-02-11T17:34:58.069217-06:00 c0-0c1s1n2 mynid=70
2015-02-11T17:34:58.094527-06:00 c0-0c1s1n2 [m[?25hNot starting NFS client services - no NFS found in /etc/fstab:
2015-02-11T17:34:58.094538-06:00 c0-0c1s1n2 [80C[10D[1munused[m
2015-02-11T17:34:58.119754-06:00 c0-0c1s1n2 [m[?25hStarting DVS service: DVS: Revision 1873 - Built: Sep 17 2014 @ 06:40:29 for lnet version 2.5
2015-02-11T17:34:58.170668-06:00 c0-0c1s1n2 Lustre: kgnilnd build version: 2.5-trunk-1.0502.17198.8.51-abuild-RB-5.2UP02_2.5.1-2014-09-17-06:59
2015-02-11T17:34:58.246357-06:00 c0-0c1s1n2 LNet: Added LNI 70@gni [16/512/0/0]
2015-02-11T17:34:59.240145-06:00 c0-0c1s1n2 7[?25l
2015-02-11T17:34:59.240156-06:00 c0-0c1s1n2 [80C[10D[1;32mdone[m8[?25h
2015-02-11T17:34:59.341606-06:00 c0-0c1s1n2 [m[?25hStarting java.binfmt_misc 7[?25l
2015-02-11T17:34:59.341615-06:00 c0-0c1s1n2 [80C[10D[1;32mdone[m8[?25h
2015-02-11T17:34:59.341793-06:00 c0-0c1s1n2 [m[?25hStarting mcelog... 7[?25l
2015-02-11T17:34:59.341801-06:00 c0-0c1s1n2 [80C[10D[1;32mdone[m8[?25h
2015-02-11T17:34:59.467626-06:00 c0-0c1s1n2 [m[?25hSetting up (remotefs) network interfaces:
2015-02-11T17:34:59.568616-06:00 c0-0c1s1n2    sit0      
2015-02-11T17:34:59.593765-06:00 c0-0c1s1n2              No configuration found for sit0
2015-02-11T17:34:59.619047-06:00 c0-0c1s1n2 7[?25l[1A
2015-02-11T17:34:59.619058-06:00 c0-0c1s1n2 [80C[10D[1munused[m8[?25hSetting up service (remotefs) network  .  .  .  .  .  .  .  .  .  .7[?25l
2015-02-11T17:34:59.619065-06:00 c0-0c1s1n2 [80C[10D[1;32mdone[m8[?25h
2015-02-11T17:34:59.644433-06:00 c0-0c1s1n2 [80C[10D[1;32mdone[m8[?25h
2015-02-11T17:34:59.719955-06:00 c0-0c1s1n2 [m[?25hsdbnodes are: 137 137 
2015-02-11T17:34:59.719994-06:00 c0-0c1s1n2 mynid=70
2015-02-11T17:34:59.806655-06:00 c0-0c1s1n2 [m[?25hStarting network time protocol daemon (NTPD)7[?25l
2015-02-11T17:34:59.806673-06:00 c0-0c1s1n2 [80C[10D[1;32mdone[m8[?25h
2015-02-11T17:34:59.869672-06:00 c0-0c1s1n2 [m[?25hStarting MUNGE: munged7[?25l
2015-02-11T17:34:59.869682-06:00 c0-0c1s1n2 [80C[10D[1;32mdone[m8[?25h
2015-02-11T17:34:59.920076-06:00 c0-0c1s1n2 [m[?25h[m[?25h[m[?25hStarting Name Service Cache Daemon7[?25l
2015-02-11T17:34:59.920089-06:00 c0-0c1s1n2 [80C[10D[1;32mdone[m8[?25h
2015-02-11T17:34:59.920166-06:00 c0-0c1s1n2 [m[?25hEnabling Linux Jobs
2015-02-11T17:34:59.970541-06:00 c0-0c1s1n2 [m[?25hStarting alps services
2015-02-11T17:35:00.500398-06:00 c0-0c1s1n2 mkdir: cannot create directory `/ufs/alps_shared': Read-only file system
2015-02-11T17:35:00.500426-06:00 c0-0c1s1n2 no ALPS daemon will be started on node nid00070.
2015-02-11T17:35:00.996391-06:00 c0-0c1s1n2 [m[?25h<node_health> Starting node_health_recovery
2015-02-11T17:35:01.021738-06:00 c0-0c1s1n2 [m[?25hsdbnodes are: 137 137 
2015-02-11T17:35:01.021813-06:00 c0-0c1s1n2 mynid=70
2015-02-11T17:35:01.021915-06:00 c0-0c1s1n2 [m[?25hblogd: no message logging because /var file system is not accessible
2015-02-11T17:35:01.021984-06:00 c0-0c1s1n2 Boot event: Starting
2015-02-11T17:35:01.021998-06:00 c0-0c1s1n2 Sending ec_node_info with boot code 8 (NODE_INFO_OS_BOOT_SUCCEEDED) for nid 70
2015-02-11T17:35:01.022011-06:00 c0-0c1s1n2 [m[?25hMaster Resource Control: runlevel 3 has been 
2015-02-11T17:35:01.022027-06:00 c0-0c1s1n2 [80C[10D[1mreached[m
2015-02-11T17:35:01.046861-06:00 c0-0c1s1n2 Failed services in runlevel 3: [80C[11D[1;31mlnet[m
2015-02-11T17:35:01.046891-06:00 c0-0c1s1n2 Skipped services in runlevel 3: [80C[10D[1;33mnfs[m
2015-02-11T17:35:01.046909-06:00 c0-0c1s1n2 INIT: no more processes left in this runlevel
2015-02-12T14:34:25.841483-06:00 c0-0c1s1n2 INIT: Switching to runlevel: 0
2015-02-12T14:34:25.882443-06:00 c0-0c1s1n2 Boot logging started on /dev/ttyS0((no tty)) at Thu Feb 12 14:34:25 2015
2015-02-12T14:34:25.882772-06:00 c0-0c1s1n2 Master Resource Control: previous runlevel: 3, switching to runlevel: 
2015-02-12T14:34:25.882777-06:00 c0-0c1s1n2 [80C[10D[1m0[m
2015-02-12T14:34:25.882996-06:00 c0-0c1s1n2 sdbnodes are: 137 137 
2015-02-12T14:34:25.907464-06:00 c0-0c1s1n2 mynid=70
2015-02-12T14:34:25.944201-06:00 c0-0c1s1n2 [m[?25hBoot event: Nothing to stop.
2015-02-12T14:34:25.944563-06:00 c0-0c1s1n2 [m[?25hShutting down auditd 7[?25l
2015-02-12T14:34:25.944573-06:00 c0-0c1s1n2 [80C[10D[1;32mdone[m8[?25h
2015-02-12T14:34:25.984211-06:00 c0-0c1s1n2 [m[?25hStopping batchlimitd
2015-02-12T14:34:25.984604-06:00 c0-0c1s1n2 [m[?25hCould not start BND as this is not the boot node.
2015-02-12T14:34:25.984643-06:00 c0-0c1s1n2 bootnodes are: 1 1 
2015-02-12T14:34:25.984652-06:00 c0-0c1s1n2 mynid=70
2015-02-12T14:34:26.024178-06:00 c0-0c1s1n2 [m[?25hK02cray-config-service: Unmounting the configuration directory. 
2015-02-12T14:34:27.010943-06:00 c0-0c1s1n2 K02cray-config-service:   Success.  
2015-02-12T14:34:27.036339-06:00 c0-0c1s1n2 [m[?25hUnloading nic compatibility device7[?25l
2015-02-12T14:34:27.036357-06:00 c0-0c1s1n2 [80C[10D[1;32mdone[m8[?25h
2015-02-12T14:34:27.061453-06:00 c0-0c1s1n2 [m[?25hbpmcd_exit: No local access to power statistics
2015-02-12T14:34:29.269427-06:00 c0-0c1s1n2 [m[?25hStopping DVS service: LNet: 6870:0:(gnilnd.c:761:kgnilnd_complete_closed_conn()) Closed conn 0xffff88100b66d800->2@gni (errno -108, peer errno 0): canceled 1 TX, 0/0 RDMA
2015-02-12T14:34:31.862867-06:00 c0-0c1s1n2 LNet: Removed LNI 70@gni
2015-02-12T14:34:33.790845-06:00 c0-0c1s1n2 7[?25l
2015-02-12T14:34:33.790853-06:00 c0-0c1s1n2 [80C[10D[1;32mdone[m8[?25h
2015-02-12T14:34:33.891657-06:00 c0-0c1s1n2 [m[?25hShutting down haveged daemon 7[?25l
2015-02-12T14:34:33.891666-06:00 c0-0c1s1n2 [80C[10D[1;32mdone[m8[?25h
2015-02-12T14:34:33.917016-06:00 c0-0c1s1n2 [m[?25hStarting hw_info_init on 70
2015-02-12T14:34:33.942052-06:00 c0-0c1s1n2 bootnodes are: 1 1 
2015-02-12T14:34:33.942074-06:00 c0-0c1s1n2 mynid=70
2015-02-12T14:34:33.967351-06:00 c0-0c1s1n2 [m[?25h[m[?25hShutting down java.binfmt_misc 7[?25l
2015-02-12T14:34:33.967364-06:00 c0-0c1s1n2 [80C[10D[1;32mdone[m8[?25h
2015-02-12T14:34:39.002697-06:00 c0-0c1s1n2 [m[?25hERROR: Module lnet has non-zero reference count.
2015-02-12T14:34:39.105026-06:00 c0-0c1s1n2 [m[?25hShutting down mcelog... 7[?25l
2015-02-12T14:34:39.105035-06:00 c0-0c1s1n2 [80C[10D[1;32mdone[m8[?25h
2015-02-12T14:34:39.180778-06:00 c0-0c1s1n2 [m[?25hStopping MUNGE: munged7[?25l
2015-02-12T14:34:39.180794-06:00 c0-0c1s1n2 [80C[10D[1;32mdone[m8[?25h
2015-02-12T14:34:39.205999-06:00 c0-0c1s1n2 [m[?25h<node_health> Stopping node_health_recovery
2015-02-12T14:34:39.206011-06:00 c0-0c1s1n2 node_health_recovery: no process found
2015-02-12T14:34:39.698624-06:00 c0-0c1s1n2 [m[?25hShutting down Name Service Cache Daemon7[?25l
2015-02-12T14:34:39.698641-06:00 c0-0c1s1n2 [80C[10D[1;32mdone[m8[?25h
2015-02-12T14:34:39.774280-06:00 c0-0c1s1n2 [m[?25h[m[?25h[m[?25h[m[?25hbootnodes are: 1 1 
2015-02-12T14:34:39.774313-06:00 c0-0c1s1n2 mynid=70
2015-02-12T14:34:39.799518-06:00 c0-0c1s1n2 [m[?25hShutting down alps services
2015-02-12T14:34:40.297114-06:00 c0-0c1s1n2 Terminating apsys
2015-02-12T14:34:40.812844-06:00 c0-0c1s1n2 7[?25l
2015-02-12T14:34:40.812853-06:00 c0-0c1s1n2 [80C[10D[1;32mdone[m8[?25h
2015-02-12T14:34:40.838096-06:00 c0-0c1s1n2 [m[?25hNOT Disabling ipogif0
2015-02-12T14:34:40.863306-06:00 c0-0c1s1n2 [m[?25hSaving random seed7[?25l
2015-02-12T14:34:40.863316-06:00 c0-0c1s1n2 [80C[10D[1;32mdone[m8[?25h
2015-02-12T14:34:40.863343-06:00 c0-0c1s1n2 [m[?25h[m[?25hDisabling Linux Jobs
2015-02-12T14:34:40.863370-06:00 c0-0c1s1n2 No new jobs will be created. If Linux Jobs support was loaded
2015-02-12T14:34:40.863384-06:00 c0-0c1s1n2 as a kernel module, you can unload the module once the number of
2015-02-12T14:34:40.888533-06:00 c0-0c1s1n2 running jobs is 0 (zero).  Use the lsmod command to find if job
2015-02-12T14:34:40.888555-06:00 c0-0c1s1n2 module is loaded and the rmmod command to unload it once the
2015-02-12T14:34:40.888568-06:00 c0-0c1s1n2 used-count is 0. The jstat command can be used
2015-02-12T14:34:40.888581-06:00 c0-0c1s1n2 to determine what jobs are currently running.
2015-02-12T14:34:40.913765-06:00 c0-0c1s1n2 jsethid illegal parameter: 0xffffffff
2015-02-12T14:34:40.913791-06:00 c0-0c1s1n2 [m[?25hsdbnodes are: 137 137 
2015-02-12T14:34:40.913806-06:00 c0-0c1s1n2 mynid=70
2015-02-12T14:34:40.913886-06:00 c0-0c1s1n2 [80C[10D[1;32mdone[m8[?25h
2015-02-12T14:34:40.989601-06:00 c0-0c1s1n2 [m[?25hShutting down network time protocol daemon (NTPD)7[?25l
2015-02-12T14:34:40.989613-06:00 c0-0c1s1n2 [80C[10D[1;32mdone[m8[?25h
2015-02-12T14:34:41.115625-06:00 c0-0c1s1n2 [m[?25hShutting down (remotefs) network interfaces:
2015-02-12T14:34:41.140934-06:00 c0-0c1s1n2    sit0      
2015-02-12T14:34:41.166063-06:00 c0-0c1s1n2              No configuration found for sit0 
2015-02-12T14:34:41.166089-06:00 c0-0c1s1n2              Nevertheless the interface will be shut down.
2015-02-12T14:34:41.662879-06:00 c0-0c1s1n2 7[?25l[1A
2015-02-12T14:34:41.662884-06:00 c0-0c1s1n2 [80C[10D[1;32mdone[m8[?25hShutting down service (remotefs) network  .  .  .  .  .  .  .  .  .7[?25l
2015-02-12T14:34:41.662891-06:00 c0-0c1s1n2 [80C[10D[1;32mdone[m8[?25h
2015-02-12T14:34:41.662960-06:00 c0-0c1s1n2 [m[?25hShutting down NFS client services: root filesystem is on NFS
2015-02-12T14:34:41.662968-06:00 c0-0c1s1n2 [80C[10D[1;33mskipped[m
2015-02-12T14:34:41.763784-06:00 c0-0c1s1n2 [m[?25hShutting down rpcbind 7[?25l
2015-02-12T14:34:41.763793-06:00 c0-0c1s1n2 [80C[10D[1;32mdone[m8[?25h
2015-02-12T14:35:12.917328-06:00 c0-0c1s1n2 [m[?25hcray-syslog: Sent shutdown to llmrd at process  6753..nfs: server 10.131.255.254 not responding, still trying
2015-02-12T15:28:37.759735-06:00 c0-0c1s1n2 ERROR: Type:2; Severity:80; Class:3; Subclass:D; Operation: 2
2015-02-12T15:37:08.053177-06:00 c0-0c1s1n2 Wait4Boot: WRITE: 533 bytes to memory @ 0x90CD0 ... complete
2015-02-12T15:37:08.053227-06:00 c0-0c1s1n2 Wait4Boot: Blade Controller Boot Protocol version - 1
2015-02-12T15:37:08.102943-06:00 c0-0c1s1n2 Wait4Boot: JUMP: KernelStart 0x100000, boot_params 0x90000, CmdLineAddr 0x90CD0
2015-02-12T15:37:08.230688-06:00 c0-0c1s1n2 Decompressing Linux... Parsing ELF... done.
2015-02-12T15:37:08.230796-06:00 c0-0c1s1n2 Booting the kernel.
2015-02-12T15:37:08.255570-06:00 c0-0c1s1n2 Initializing cgroup subsys cpuset
2015-02-12T15:37:08.255685-06:00 c0-0c1s1n2 Initializing cgroup subsys cpu
2015-02-12T15:37:08.292117-06:00 c0-0c1s1n2 Linux version 3.0.101-0.31.1_1.0502.8394-cray_ari_s (abuild@cfosbld05) (gcc version 4.3.4 [gcc-4_3-branch revision 152973] (SUSE Linux) ) #1 SMP Wed Sep 10 04:03:41 UTC 2014
2015-02-12T15:37:08.373043-06:00 c0-0c1s1n2 Command line: earlyprintk=serial,115200 load_ramdisk=1 ramdisk_size=80000 console=ttyS0,115200n8 bootnodeip=10.131.255.254 bootproto=ipog bootpath=/rr/current rootfs=nfs-shared root=/dev/disk/by-id/scsi-3600a09800063789e0000008b54c3a04c-part1 oops=panic bootifnetmask=255.252.0.0 elevator=noop ippob1=10 ippob2=128 pcie_ports=native iommu=on intel_iommu=off bad_page=panic pln_enable=off apei_disable hest_disable erst_disable ghes_disable cgroup_disable=memory active_wlm=ALPS sdbnodeip=10.131.255.253 sessionid=p0-20150212t152812 _cray=marker_ 
2015-02-12T15:37:08.373173-06:00 c0-0c1s1n2 KERNEL supported cpus:
2015-02-12T15:37:08.381665-06:00 c0-0c1s1n2  Intel GenuineIntel
2015-02-12T15:37:08.381718-06:00 c0-0c1s1n2 BIOS-provided physical RAM map:
2015-02-12T15:37:08.381931-06:00 c0-0c1s1n2 BIOS-e820: 0000000000000000 - 00000000000a0000 (usable)
2015-02-12T15:37:08.420083-06:00 c0-0c1s1n2 BIOS-e820: 0000000000100000 - 000000007e67c000 (usable)
2015-02-12T15:37:08.420204-06:00 c0-0c1s1n2 BIOS-e820: 000000007e67c000 - 000000007e790000 (ACPI NVS)
2015-02-12T15:37:08.420414-06:00 c0-0c1s1n2 BIOS-e820: 000000007e790000 - 000000007f395000 (reserved)
2015-02-12T15:37:08.420587-06:00 c0-0c1s1n2 BIOS-e820: 000000007f395000 - 000000007f410000 (ACPI data)
2015-02-12T15:37:08.460398-06:00 c0-0c1s1n2 BIOS-e820: 000000007f410000 - 000000007f491000 (reserved)
2015-02-12T15:37:08.460676-06:00 c0-0c1s1n2 BIOS-e820: 000000007f491000 - 000000007f493000 (usable)
2015-02-12T15:37:08.460911-06:00 c0-0c1s1n2 BIOS-e820: 000000007f493000 - 000000007f494000 (ACPI NVS)
2015-02-12T15:37:08.461122-06:00 c0-0c1s1n2 BIOS-e820: 000000007f494000 - 000000007f49e000 (reserved)
2015-02-12T15:37:08.461376-06:00 c0-0c1s1n2 BIOS-e820: 000000007f49e000 - 000000007f4a6000 (ACPI NVS)
2015-02-12T15:37:08.461680-06:00 c0-0c1s1n2 BIOS-e820: 000000007f4a6000 - 000000007f4d2000 (reserved)
2015-02-12T15:37:08.500463-06:00 c0-0c1s1n2 BIOS-e820: 000000007f4d2000 - 000000007f558000 (ACPI NVS)
2015-02-12T15:37:08.500637-06:00 c0-0c1s1n2 BIOS-e820: 000000007f558000 - 000000007f800000 (usable)
2015-02-12T15:37:08.507899-06:00 c0-0c1s1n2 BIOS-e820: 0000000080000000 - 0000000090000000 (reserved)
2015-02-12T15:37:08.508188-06:00 c0-0c1s1n2 BIOS-e820: 00000000fed1c000 - 00000000fed20000 (reserved)
2015-02-12T15:37:08.508496-06:00 c0-0c1s1n2 BIOS-e820: 00000000ff000000 - 0000000100000000 (reserved)
2015-02-12T15:37:08.508818-06:00 c0-0c1s1n2 BIOS-e820: 0000000100000000 - 0000001080000000 (usable)
2015-02-12T15:37:08.533322-06:00 c0-0c1s1n2 bootconsole [earlyser0] enabled
2015-02-12T15:37:08.533600-06:00 c0-0c1s1n2 NX (Execute Disable) protection: active
2015-02-12T15:37:08.533653-06:00 c0-0c1s1n2 EFI v2.10 by American Megatrends
2015-02-12T15:37:08.533903-06:00 c0-0c1s1n2 ACPI=0x7f395000  ACPI 2.0=0x7f395000  SMBIOS=0xf04c0  MPS=0xfd450 
2015-02-12T15:37:08.558817-06:00 c0-0c1s1n2 EFI: mem00: type=3, attr=0xf, range=[0x0000000000000000-0x0000000000008000) (0MB)
2015-02-12T15:37:08.583735-06:00 c0-0c1s1n2 EFI: mem01: type=7, attr=0xf, range=[0x0000000000008000-0x0000000000060000) (0MB)
2015-02-12T15:37:08.584023-06:00 c0-0c1s1n2 EFI: mem02: type=3, attr=0xf, range=[0x0000000000060000-0x00000000000a0000) (0MB)
2015-02-12T15:37:08.584289-06:00 c0-0c1s1n2 EFI: mem03: type=7, attr=0xf, range=[0x0000000000100000-0x0000000001000000) (15MB)
2015-02-12T15:37:08.609234-06:00 c0-0c1s1n2 EFI: mem04: type=2, attr=0xf, range=[0x0000000001000000-0x0000000001100000) (1MB)
2015-02-12T15:37:08.609496-06:00 c0-0c1s1n2 EFI: mem05: type=4, attr=0xf, range=[0x0000000001100000-0x00000000017ea000) (6MB)
2015-02-12T15:37:08.634440-06:00 c0-0c1s1n2 EFI: mem06: type=3, attr=0xf, range=[0x00000000017ea000-0x00000000017ee000) (0MB)
2015-02-12T15:37:08.659504-06:00 c0-0c1s1n2 EFI: mem07: type=4, attr=0xf, range=[0x00000000017ee000-0x0000000001886000) (0MB)
2015-02-12T15:37:08.659800-06:00 c0-0c1s1n2 EFI: mem08: type=3, attr=0xf, range=[0x0000000001886000-0x000000000188f000) (0MB)
2015-02-12T15:37:08.684777-06:00 c0-0c1s1n2 EFI: mem09: type=4, attr=0xf, range=[0x000000000188f000-0x0000000001892000) (0MB)
2015-02-12T15:37:08.685031-06:00 c0-0c1s1n2 EFI: mem10: type=3, attr=0xf, range=[0x0000000001892000-0x000000000189e000) (0MB)
2015-02-12T15:37:08.724409-06:00 c0-0c1s1n2 EFI: mem11: type=4, attr=0xf, range=[0x000000000189e000-0x00000000018a9000) (0MB)
2015-02-12T15:37:08.724616-06:00 c0-0c1s1n2 EFI: mem12: type=3, attr=0xf, range=[0x00000000018a9000-0x00000000018ab000) (0MB)
2015-02-12T15:37:08.764464-06:00 c0-0c1s1n2 EFI: mem13: type=4, attr=0xf, range=[0x00000000018ab000-0x00000000018ad000) (0MB)
2015-02-12T15:37:08.764753-06:00 c0-0c1s1n2 EFI: mem14: type=3, attr=0xf, range=[0x00000000018ad000-0x00000000018af000) (0MB)
2015-02-12T15:37:08.765027-06:00 c0-0c1s1n2 EFI: mem15: type=4, attr=0xf, range=[0x00000000018af000-0x00000000018b7000) (0MB)
2015-02-12T15:37:08.765299-06:00 c0-0c1s1n2 EFI: mem16: type=3, attr=0xf, range=[0x00000000018b7000-0x00000000018bb000) (0MB)
2015-02-12T15:37:08.804458-06:00 c0-0c1s1n2 EFI: mem17: type=4, attr=0xf, range=[0x00000000018bb000-0x00000000018bd000) (0MB)
2015-02-12T15:37:08.804760-06:00 c0-0c1s1n2 EFI: mem18: type=3, attr=0xf, range=[0x00000000018bd000-0x00000000018bf000) (0MB)
2015-02-12T15:37:08.811159-06:00 c0-0c1s1n2 EFI: mem19: type=4, attr=0xf, range=[0x00000000018bf000-0x00000000018d1000) (0MB)
2015-02-12T15:37:08.848430-06:00 c0-0c1s1n2 EFI: mem20: type=3, attr=0xf, range=[0x00000000018d1000-0x00000000018d7000) (0MB)
2015-02-12T15:37:08.848709-06:00 c0-0c1s1n2 EFI: mem21: type=4, attr=0xf, range=[0x00000000018d7000-0x00000000018f9000) (0MB)
2015-02-12T15:37:08.848995-06:00 c0-0c1s1n2 EFI: mem22: type=3, attr=0xf, range=[0x00000000018f9000-0x0000000001908000) (0MB)
2015-02-12T15:37:08.888488-06:00 c0-0c1s1n2 EFI: mem23: type=4, attr=0xf, range=[0x0000000001908000-0x0000000001921000) (0MB)
2015-02-12T15:37:08.888733-06:00 c0-0c1s1n2 EFI: mem24: type=3, attr=0xf, range=[0x0000000001921000-0x000000000192b000) (0MB)
2015-02-12T15:37:08.889003-06:00 c0-0c1s1n2 EFI: mem25: type=4, attr=0xf, range=[0x000000000192b000-0x0000000001933000) (0MB)
2015-02-12T15:37:08.889294-06:00 c0-0c1s1n2 EFI: mem26: type=3, attr=0xf, range=[0x0000000001933000-0x0000000001936000) (0MB)
2015-02-12T15:37:08.928466-06:00 c0-0c1s1n2 EFI: mem27: type=4, attr=0xf, range=[0x0000000001936000-0x000000000193b000) (0MB)
2015-02-12T15:37:08.928763-06:00 c0-0c1s1n2 EFI: mem28: type=3, attr=0xf, range=[0x000000000193b000-0x000000000193e000) (0MB)
2015-02-12T15:37:08.937405-06:00 c0-0c1s1n2 EFI: mem29: type=4, attr=0xf, range=[0x000000000193e000-0x0000000001964000) (0MB)
2015-02-12T15:37:08.937673-06:00 c0-0c1s1n2 EFI: mem30: type=3, attr=0xf, range=[0x0000000001964000-0x0000000001968000) (0MB)
2015-02-12T15:37:08.962621-06:00 c0-0c1s1n2 EFI: mem31: type=4, attr=0xf, range=[0x0000000001968000-0x000000000198a000) (0MB)
2015-02-12T15:37:08.962956-06:00 c0-0c1s1n2 EFI: mem32: type=3, attr=0xf, range=[0x000000000198a000-0x00000000019b0000) (0MB)
2015-02-12T15:37:08.988027-06:00 c0-0c1s1n2 EFI: mem33: type=4, attr=0xf, range=[0x00000000019b0000-0x00000000019be000) (0MB)
2015-02-12T15:37:08.988158-06:00 c0-0c1s1n2 EFI: mem34: type=3, attr=0xf, range=[0x00000000019be000-0x00000000019ce000) (0MB)
2015-02-12T15:37:09.013087-06:00 c0-0c1s1n2 EFI: mem35: type=4, attr=0xf, range=[0x00000000019ce000-0x00000000019d0000) (0MB)
2015-02-12T15:37:09.052402-06:00 c0-0c1s1n2 EFI: mem36: type=3, attr=0xf, range=[0x00000000019d0000-0x00000000019d7000) (0MB)
2015-02-12T15:37:09.052659-06:00 c0-0c1s1n2 EFI: mem37: type=4, attr=0xf, range=[0x00000000019d7000-0x00000000019e1000) (0MB)
2015-02-12T15:37:09.052897-06:00 c0-0c1s1n2 EFI: mem38: type=3, attr=0xf, range=[0x00000000019e1000-0x00000000019e5000) (0MB)
2015-02-12T15:37:09.092383-06:00 c0-0c1s1n2 EFI: mem39: type=4, attr=0xf, range=[0x00000000019e5000-0x0000000001a02000) (0MB)
2015-02-12T15:37:09.092644-06:00 c0-0c1s1n2 EFI: mem40: type=3, attr=0xf, range=[0x0000000001a02000-0x0000000001a06000) (0MB)
2015-02-12T15:37:09.092889-06:00 c0-0c1s1n2 EFI: mem41: type=4, attr=0xf, range=[0x0000000001a06000-0x0000000001a0a000) (0MB)
2015-02-12T15:37:09.093159-06:00 c0-0c1s1n2 EFI: mem42: type=3, attr=0xf, range=[0x0000000001a0a000-0x0000000001a1e000) (0MB)
2015-02-12T15:37:09.093415-06:00 c0-0c1s1n2 EFI: mem43: type=4, attr=0xf, range=[0x0000000001a1e000-0x0000000001a22000) (0MB)
2015-02-12T15:37:09.132541-06:00 c0-0c1s1n2 EFI: mem44: type=3, attr=0xf, range=[0x0000000001a22000-0x0000000001a26000) (0MB)
2015-02-12T15:37:09.139402-06:00 c0-0c1s1n2 EFI: mem45: type=4, attr=0xf, range=[0x0000000001a26000-0x0000000001a34000) (0MB)
2015-02-12T15:37:09.176368-06:00 c0-0c1s1n2 EFI: mem46: type=3, attr=0xf, range=[0x0000000001a34000-0x0000000001a3b000) (0MB)
2015-02-12T15:37:09.176628-06:00 c0-0c1s1n2 EFI: mem47: type=4, attr=0xf, range=[0x0000000001a3b000-0x0000000001a42000) (0MB)
2015-02-12T15:37:09.176884-06:00 c0-0c1s1n2 EFI: mem48: type=3, attr=0xf, range=[0x0000000001a42000-0x0000000001a4a000) (0MB)
2015-02-12T15:37:09.177137-06:00 c0-0c1s1n2 EFI: mem49: type=4, attr=0xf, range=[0x0000000001a4a000-0x0000000001a4b000) (0MB)
2015-02-12T15:37:09.216621-06:00 c0-0c1s1n2 EFI: mem50: type=3, attr=0xf, range=[0x0000000001a4b000-0x0000000001a4d000) (0MB)
2015-02-12T15:37:09.216902-06:00 c0-0c1s1n2 EFI: mem51: type=4, attr=0xf, range=[0x0000000001a4d000-0x0000000001a52000) (0MB)
2015-02-12T15:37:09.217168-06:00 c0-0c1s1n2 EFI: mem52: type=3, attr=0xf, range=[0x0000000001a52000-0x0000000001a69000) (0MB)
2015-02-12T15:37:09.256350-06:00 c0-0c1s1n2 EFI: mem53: type=4, attr=0xf, range=[0x0000000001a69000-0x0000000001a6f000) (0MB)
2015-02-12T15:37:09.256568-06:00 c0-0c1s1n2 EFI: mem54: type=3, attr=0xf, range=[0x0000000001a6f000-0x0000000001a70000) (0MB)
2015-02-12T15:37:09.256851-06:00 c0-0c1s1n2 EFI: mem55: type=4, attr=0xf, range=[0x0000000001a70000-0x0000000001a71000) (0MB)
2015-02-12T15:37:09.265675-06:00 c0-0c1s1n2 EFI: mem56: type=3, attr=0xf, range=[0x0000000001a71000-0x0000000001a79000) (0MB)
2015-02-12T15:37:09.290734-06:00 c0-0c1s1n2 EFI: mem57: type=4, attr=0xf, range=[0x0000000001a79000-0x0000000001a7a000) (0MB)
2015-02-12T15:37:09.328345-06:00 c0-0c1s1n2 EFI: mem58: type=3, attr=0xf, range=[0x0000000001a7a000-0x0000000001a83000) (0MB)
2015-02-12T15:37:09.328541-06:00 c0-0c1s1n2 EFI: mem59: type=4, attr=0xf, range=[0x0000000001a83000-0x0000000001a85000) (0MB)
2015-02-12T15:37:09.328742-06:00 c0-0c1s1n2 EFI: mem60: type=3, attr=0xf, range=[0x0000000001a85000-0x0000000001abe000) (0MB)
2015-02-12T15:37:09.368406-06:00 c0-0c1s1n2 EFI: mem61: type=4, attr=0xf, range=[0x0000000001abe000-0x0000000001abf000) (0MB)
2015-02-12T15:37:09.368601-06:00 c0-0c1s1n2 EFI: mem62: type=3, attr=0xf, range=[0x0000000001abf000-0x0000000001acc000) (0MB)
2015-02-12T15:37:09.368789-06:00 c0-0c1s1n2 EFI: mem63: type=4, attr=0xf, range=[0x0000000001acc000-0x0000000001ad7000) (0MB)
2015-02-12T15:37:09.368976-06:00 c0-0c1s1n2 EFI: mem64: type=3, attr=0xf, range=[0x0000000001ad7000-0x0000000001adc000) (0MB)
2015-02-12T15:37:09.408406-06:00 c0-0c1s1n2 EFI: mem65: type=4, attr=0xf, range=[0x0000000001adc000-0x0000000001b60000) (0MB)
2015-02-12T15:37:09.408609-06:00 c0-0c1s1n2 EFI: mem66: type=3, attr=0xf, range=[0x0000000001b60000-0x0000000001b7c000) (0MB)
2015-02-12T15:37:09.416894-06:00 c0-0c1s1n2 EFI: mem67: type=4, attr=0xf, range=[0x0000000001b7c000-0x0000000001b84000) (0MB)
2015-02-12T15:37:09.417158-06:00 c0-0c1s1n2 EFI: mem68: type=3, attr=0xf, range=[0x0000000001b84000-0x0000000001b9c000) (0MB)
2015-02-12T15:37:09.442223-06:00 c0-0c1s1n2 EFI: mem69: type=4, attr=0xf, range=[0x0000000001b9c000-0x000000000b210000) (150MB)
