2015-02-11T17:25:58.437367-06:00 c0-0c0s2n2 ERROR: Type:2; Severity:80; Class:3; Subclass:D; Operation: 2
2015-02-11T17:34:33.183357-06:00 c0-0c0s2n2 Wait4Boot: WRITE: 533 bytes to memory @ 0x90CD0 ... complete
2015-02-11T17:34:33.208378-06:00 c0-0c0s2n2 Wait4Boot: Blade Controller Boot Protocol version - 1
2015-02-11T17:34:33.233545-06:00 c0-0c0s2n2 Wait4Boot: JUMP: KernelStart 0x100000, boot_params 0x90000, CmdLineAddr 0x90CD0
2015-02-11T17:34:33.359815-06:00 c0-0c0s2n2 Decompressing Linux... Parsing ELF... done.
2015-02-11T17:34:33.359893-06:00 c0-0c0s2n2 Booting the kernel.
2015-02-11T17:34:33.359949-06:00 c0-0c0s2n2 Initializing cgroup subsys cpuset
2015-02-11T17:34:33.360035-06:00 c0-0c0s2n2 Initializing cgroup subsys cpu
2015-02-11T17:34:33.385451-06:00 c0-0c0s2n2 Linux version 3.0.101-0.31.1_1.0502.8394-cray_ari_s (abuild@cfosbld05) (gcc version 4.3.4 [gcc-4_3-branch revision 152973] (SUSE Linux) ) #1 SMP Wed Sep 10 04:03:41 UTC 2014
2015-02-11T17:34:33.461602-06:00 c0-0c0s2n2 Command line: earlyprintk=serial,115200 load_ramdisk=1 ramdisk_size=80000 console=ttyS0,115200n8 bootnodeip=10.131.255.254 bootproto=ipog bootpath=/rr/current rootfs=nfs-shared root=/dev/disk/by-id/scsi-3600a09800063789e0000008b54c3a04c-part1 oops=panic bootifnetmask=255.252.0.0 elevator=noop ippob1=10 ippob2=128 pcie_ports=native iommu=on intel_iommu=off bad_page=panic pln_enable=off apei_disable hest_disable erst_disable ghes_disable cgroup_disable=memory active_wlm=ALPS sdbnodeip=10.131.255.253 sessionid=p0-20150211t172524 _cray=marker_ 
2015-02-11T17:34:33.486077-06:00 c0-0c0s2n2 KERNEL supported cpus:
2015-02-11T17:34:33.486239-06:00 c0-0c0s2n2  Intel GenuineIntel
2015-02-11T17:34:33.486416-06:00 c0-0c0s2n2 BIOS-provided physical RAM map:
2015-02-11T17:34:33.486562-06:00 c0-0c0s2n2 BIOS-e820: 0000000000000000 - 00000000000a0000 (usable)
2015-02-11T17:34:33.511378-06:00 c0-0c0s2n2 BIOS-e820: 0000000000100000 - 000000007e67c000 (usable)
2015-02-11T17:34:33.511578-06:00 c0-0c0s2n2 BIOS-e820: 000000007e67c000 - 000000007e790000 (ACPI NVS)
2015-02-11T17:34:33.511872-06:00 c0-0c0s2n2 BIOS-e820: 000000007e790000 - 000000007f395000 (reserved)
2015-02-11T17:34:33.536692-06:00 c0-0c0s2n2 BIOS-e820: 000000007f395000 - 000000007f410000 (ACPI data)
2015-02-11T17:34:33.537015-06:00 c0-0c0s2n2 BIOS-e820: 000000007f410000 - 000000007f491000 (reserved)
2015-02-11T17:34:33.537356-06:00 c0-0c0s2n2 BIOS-e820: 000000007f491000 - 000000007f493000 (usable)
2015-02-11T17:34:33.562022-06:00 c0-0c0s2n2 BIOS-e820: 000000007f493000 - 000000007f494000 (ACPI NVS)
2015-02-11T17:34:33.562311-06:00 c0-0c0s2n2 BIOS-e820: 000000007f494000 - 000000007f49e000 (reserved)
2015-02-11T17:34:33.562527-06:00 c0-0c0s2n2 BIOS-e820: 000000007f49e000 - 000000007f4a6000 (ACPI NVS)
2015-02-11T17:34:33.587304-06:00 c0-0c0s2n2 BIOS-e820: 000000007f4a6000 - 000000007f4d2000 (reserved)
2015-02-11T17:34:33.587555-06:00 c0-0c0s2n2 BIOS-e820: 000000007f4d2000 - 000000007f558000 (ACPI NVS)
2015-02-11T17:34:33.612388-06:00 c0-0c0s2n2 BIOS-e820: 000000007f558000 - 000000007f800000 (usable)
2015-02-11T17:34:33.612542-06:00 c0-0c0s2n2 BIOS-e820: 0000000080000000 - 0000000090000000 (reserved)
2015-02-11T17:34:33.612860-06:00 c0-0c0s2n2 BIOS-e820: 00000000fed1c000 - 00000000fed20000 (reserved)
2015-02-11T17:34:33.637758-06:00 c0-0c0s2n2 BIOS-e820: 00000000ff000000 - 0000000100000000 (reserved)
2015-02-11T17:34:33.637989-06:00 c0-0c0s2n2 BIOS-e820: 0000000100000000 - 0000001080000000 (usable)
2015-02-11T17:34:33.638184-06:00 c0-0c0s2n2 bootconsole [earlyser0] enabled
2015-02-11T17:34:33.638240-06:00 c0-0c0s2n2 NX (Execute Disable) protection: active
2015-02-11T17:34:33.638394-06:00 c0-0c0s2n2 EFI v2.10 by American Megatrends
2015-02-11T17:34:33.663084-06:00 c0-0c0s2n2 ACPI=0x7f395000  ACPI 2.0=0x7f395000  SMBIOS=0xf04c0  MPS=0xfd450 
2015-02-11T17:34:33.663379-06:00 c0-0c0s2n2 EFI: mem00: type=3, attr=0xf, range=[0x0000000000000000-0x0000000000008000) (0MB)
2015-02-11T17:34:33.688460-06:00 c0-0c0s2n2 EFI: mem01: type=7, attr=0xf, range=[0x0000000000008000-0x0000000000060000) (0MB)
2015-02-11T17:34:33.688637-06:00 c0-0c0s2n2 EFI: mem02: type=3, attr=0xf, range=[0x0000000000060000-0x00000000000a0000) (0MB)
2015-02-11T17:34:33.713571-06:00 c0-0c0s2n2 EFI: mem03: type=7, attr=0xf, range=[0x0000000000100000-0x0000000001000000) (15MB)
2015-02-11T17:34:33.738700-06:00 c0-0c0s2n2 EFI: mem04: type=2, attr=0xf, range=[0x0000000001000000-0x0000000001100000) (1MB)
2015-02-11T17:34:33.739004-06:00 c0-0c0s2n2 EFI: mem05: type=4, attr=0xf, range=[0x0000000001100000-0x00000000017ea000) (6MB)
2015-02-11T17:34:33.763975-06:00 c0-0c0s2n2 EFI: mem06: type=3, attr=0xf, range=[0x00000000017ea000-0x00000000017ee000) (0MB)
2015-02-11T17:34:33.764267-06:00 c0-0c0s2n2 EFI: mem07: type=4, attr=0xf, range=[0x00000000017ee000-0x0000000001886000) (0MB)
2015-02-11T17:34:33.789189-06:00 c0-0c0s2n2 EFI: mem08: type=3, attr=0xf, range=[0x0000000001886000-0x000000000188f000) (0MB)
2015-02-11T17:34:33.789583-06:00 c0-0c0s2n2 EFI: mem09: type=4, attr=0xf, range=[0x000000000188f000-0x0000000001892000) (0MB)
2015-02-11T17:34:33.789821-06:00 c0-0c0s2n2 EFI: mem10: type=3, attr=0xf, range=[0x0000000001892000-0x000000000189e000) (0MB)
2015-02-11T17:34:33.814698-06:00 c0-0c0s2n2 EFI: mem11: type=4, attr=0xf, range=[0x000000000189e000-0x00000000018a9000) (0MB)
2015-02-11T17:34:33.839809-06:00 c0-0c0s2n2 EFI: mem12: type=3, attr=0xf, range=[0x00000000018a9000-0x00000000018ab000) (0MB)
2015-02-11T17:34:33.840177-06:00 c0-0c0s2n2 EFI: mem13: type=4, attr=0xf, range=[0x00000000018ab000-0x00000000018ad000) (0MB)
2015-02-11T17:34:33.865058-06:00 c0-0c0s2n2 EFI: mem14: type=3, attr=0xf, range=[0x00000000018ad000-0x00000000018af000) (0MB)
2015-02-11T17:34:33.865308-06:00 c0-0c0s2n2 EFI: mem15: type=4, attr=0xf, range=[0x00000000018af000-0x00000000018b7000) (0MB)
2015-02-11T17:34:33.865542-06:00 c0-0c0s2n2 EFI: mem16: type=3, attr=0xf, range=[0x00000000018b7000-0x00000000018bb000) (0MB)
2015-02-11T17:34:33.890427-06:00 c0-0c0s2n2 EFI: mem17: type=4, attr=0xf, range=[0x00000000018bb000-0x00000000018bd000) (0MB)
2015-02-11T17:34:33.915443-06:00 c0-0c0s2n2 EFI: mem18: type=3, attr=0xf, range=[0x00000000018bd000-0x00000000018bf000) (0MB)
2015-02-11T17:34:33.915773-06:00 c0-0c0s2n2 EFI: mem19: type=4, attr=0xf, range=[0x00000000018bf000-0x00000000018d1000) (0MB)
2015-02-11T17:34:33.940649-06:00 c0-0c0s2n2 EFI: mem20: type=3, attr=0xf, range=[0x00000000018d1000-0x00000000018d7000) (0MB)
2015-02-11T17:34:33.941019-06:00 c0-0c0s2n2 EFI: mem21: type=4, attr=0xf, range=[0x00000000018d7000-0x00000000018f9000) (0MB)
2015-02-11T17:34:33.941296-06:00 c0-0c0s2n2 EFI: mem22: type=3, attr=0xf, range=[0x00000000018f9000-0x0000000001908000) (0MB)
2015-02-11T17:34:33.966173-06:00 c0-0c0s2n2 EFI: mem23: type=4, attr=0xf, range=[0x0000000001908000-0x0000000001921000) (0MB)
2015-02-11T17:34:33.991276-06:00 c0-0c0s2n2 EFI: mem24: type=3, attr=0xf, range=[0x0000000001921000-0x000000000192b000) (0MB)
2015-02-11T17:34:33.991415-06:00 c0-0c0s2n2 EFI: mem25: type=4, attr=0xf, range=[0x000000000192b000-0x0000000001933000) (0MB)
2015-02-11T17:34:33.991635-06:00 c0-0c0s2n2 EFI: mem26: type=3, attr=0xf, range=[0x0000000001933000-0x0000000001936000) (0MB)
2015-02-11T17:34:34.016694-06:00 c0-0c0s2n2 EFI: mem27: type=4, attr=0xf, range=[0x0000000001936000-0x0000000001964000) (0MB)
2015-02-11T17:34:34.041640-06:00 c0-0c0s2n2 EFI: mem28: type=3, attr=0xf, range=[0x0000000001964000-0x0000000001968000) (0MB)
2015-02-11T17:34:34.041994-06:00 c0-0c0s2n2 EFI: mem29: type=4, attr=0xf, range=[0x0000000001968000-0x0000000001987000) (0MB)
2015-02-11T17:34:34.066928-06:00 c0-0c0s2n2 EFI: mem30: type=3, attr=0xf, range=[0x0000000001987000-0x00000000019b0000) (0MB)
2015-02-11T17:34:34.067229-06:00 c0-0c0s2n2 EFI: mem31: type=4, attr=0xf, range=[0x00000000019b0000-0x00000000019ba000) (0MB)
2015-02-11T17:34:34.067467-06:00 c0-0c0s2n2 EFI: mem32: type=3, attr=0xf, range=[0x00000000019ba000-0x00000000019bd000) (0MB)
2015-02-11T17:34:34.092421-06:00 c0-0c0s2n2 EFI: mem33: type=4, attr=0xf, range=[0x00000000019bd000-0x00000000019be000) (0MB)
2015-02-11T17:34:34.117395-06:00 c0-0c0s2n2 EFI: mem34: type=3, attr=0xf, range=[0x00000000019be000-0x00000000019d0000) (0MB)
2015-02-11T17:34:34.117684-06:00 c0-0c0s2n2 EFI: mem35: type=4, attr=0xf, range=[0x00000000019d0000-0x00000000019d3000) (0MB)
2015-02-11T17:34:34.142678-06:00 c0-0c0s2n2 EFI: mem36: type=3, attr=0xf, range=[0x00000000019d3000-0x00000000019d5000) (0MB)
2015-02-11T17:34:34.143054-06:00 c0-0c0s2n2 EFI: mem37: type=4, attr=0xf, range=[0x00000000019d5000-0x00000000019e1000) (0MB)
2015-02-11T17:34:34.143164-06:00 c0-0c0s2n2 EFI: mem38: type=3, attr=0xf, range=[0x00000000019e1000-0x00000000019e5000) (0MB)
2015-02-11T17:34:34.168136-06:00 c0-0c0s2n2 EFI: mem39: type=4, attr=0xf, range=[0x00000000019e5000-0x0000000001a02000) (0MB)
2015-02-11T17:34:34.168406-06:00 c0-0c0s2n2 EFI: mem40: type=3, attr=0xf, range=[0x0000000001a02000-0x0000000001a06000) (0MB)
2015-02-11T17:34:34.193390-06:00 c0-0c0s2n2 EFI: mem41: type=4, attr=0xf, range=[0x0000000001a06000-0x0000000001a0a000) (0MB)
2015-02-11T17:34:34.193646-06:00 c0-0c0s2n2 EFI: mem42: type=3, attr=0xf, range=[0x0000000001a0a000-0x0000000001a1e000) (0MB)
2015-02-11T17:34:34.218598-06:00 c0-0c0s2n2 EFI: mem43: type=4, attr=0xf, range=[0x0000000001a1e000-0x0000000001a22000) (0MB)
2015-02-11T17:34:34.218851-06:00 c0-0c0s2n2 EFI: mem44: type=3, attr=0xf, range=[0x0000000001a22000-0x0000000001a26000) (0MB)
2015-02-11T17:34:34.256293-06:00 c0-0c0s2n2 EFI: mem45: type=4, attr=0xf, range=[0x0000000001a26000-0x0000000001a34000) (0MB)
2015-02-11T17:34:34.256504-06:00 c0-0c0s2n2 EFI: mem46: type=3, attr=0xf, range=[0x0000000001a34000-0x0000000001a3b000) (0MB)
2015-02-11T17:34:34.300274-06:00 c0-0c0s2n2 EFI: mem47: type=4, attr=0xf, range=[0x0000000001a3b000-0x0000000001a42000) (0MB)
2015-02-11T17:34:34.300468-06:00 c0-0c0s2n2 EFI: mem48: type=3, attr=0xf, range=[0x0000000001a42000-0x0000000001a4a000) (0MB)
2015-02-11T17:34:34.300659-06:00 c0-0c0s2n2 EFI: mem49: type=4, attr=0xf, range=[0x0000000001a4a000-0x0000000001a4b000) (0MB)
2015-02-11T17:34:34.300850-06:00 c0-0c0s2n2 EFI: mem50: type=3, attr=0xf, range=[0x0000000001a4b000-0x0000000001a4d000) (0MB)
2015-02-11T17:34:34.336207-06:00 c0-0c0s2n2 EFI: mem51: type=4, attr=0xf, range=[0x0000000001a4d000-0x0000000001a52000) (0MB)
2015-02-11T17:34:34.336419-06:00 c0-0c0s2n2 EFI: mem52: type=3, attr=0xf, range=[0x0000000001a52000-0x0000000001a69000) (0MB)
2015-02-11T17:34:34.344831-06:00 c0-0c0s2n2 EFI: mem53: type=4, attr=0xf, range=[0x0000000001a69000-0x0000000001a6f000) (0MB)
2015-02-11T17:34:34.345068-06:00 c0-0c0s2n2 EFI: mem54: type=3, attr=0xf, range=[0x0000000001a6f000-0x0000000001a70000) (0MB)
2015-02-11T17:34:34.370067-06:00 c0-0c0s2n2 EFI: mem55: type=4, attr=0xf, range=[0x0000000001a70000-0x0000000001a71000) (0MB)
2015-02-11T17:34:34.370321-06:00 c0-0c0s2n2 EFI: mem56: type=3, attr=0xf, range=[0x0000000001a71000-0x0000000001a79000) (0MB)
2015-02-11T17:34:34.395353-06:00 c0-0c0s2n2 EFI: mem57: type=4, attr=0xf, range=[0x0000000001a79000-0x0000000001a7a000) (0MB)
2015-02-11T17:34:34.395615-06:00 c0-0c0s2n2 EFI: mem58: type=3, attr=0xf, range=[0x0000000001a7a000-0x0000000001a83000) (0MB)
2015-02-11T17:34:34.420575-06:00 c0-0c0s2n2 EFI: mem59: type=4, attr=0xf, range=[0x0000000001a83000-0x0000000001a85000) (0MB)
2015-02-11T17:34:34.420878-06:00 c0-0c0s2n2 EFI: mem60: type=3, attr=0xf, range=[0x0000000001a85000-0x0000000001abe000) (0MB)
2015-02-11T17:34:34.445865-06:00 c0-0c0s2n2 EFI: mem61: type=4, attr=0xf, range=[0x0000000001abe000-0x0000000001abf000) (0MB)
2015-02-11T17:34:34.446116-06:00 c0-0c0s2n2 EFI: mem62: type=3, attr=0xf, range=[0x0000000001abf000-0x0000000001acc000) (0MB)
2015-02-11T17:34:34.471045-06:00 c0-0c0s2n2 EFI: mem63: type=4, attr=0xf, range=[0x0000000001acc000-0x0000000001ad7000) (0MB)
2015-02-11T17:34:34.471344-06:00 c0-0c0s2n2 EFI: mem64: type=3, attr=0xf, range=[0x0000000001ad7000-0x0000000001adc000) (0MB)
2015-02-11T17:34:34.496371-06:00 c0-0c0s2n2 EFI: mem65: type=4, attr=0xf, range=[0x0000000001adc000-0x0000000001b60000) (0MB)
2015-02-11T17:34:34.496608-06:00 c0-0c0s2n2 EFI: mem66: type=3, attr=0xf, range=[0x0000000001b60000-0x0000000001b7c000) (0MB)
2015-02-11T17:34:34.521603-06:00 c0-0c0s2n2 EFI: mem67: type=4, attr=0xf, range=[0x0000000001b7c000-0x0000000001b84000) (0MB)
2015-02-11T17:34:34.521856-06:00 c0-0c0s2n2 EFI: mem68: type=3, attr=0xf, range=[0x0000000001b84000-0x0000000001b9c000) (0MB)
2015-02-11T17:34:34.546929-06:00 c0-0c0s2n2 EFI: mem69: type=4, attr=0xf, range=[0x0000000001b9c000-0x000000000b210000) (150MB)
2015-02-11T17:34:34.547200-06:00 c0-0c0s2n2 EFI: mem70: type=3, attr=0xf, range=[0x000000000b210000-0x000000000b216000) (0MB)
2015-02-11T17:34:34.572120-06:00 c0-0c0s2n2 EFI: mem71: type=4, attr=0xf, range=[0x000000000b216000-0x000000000b21f000) (0MB)
2015-02-11T17:34:34.572406-06:00 c0-0c0s2n2 EFI: mem72: type=3, attr=0xf, range=[0x000000000b21f000-0x000000000b235000) (0MB)
2015-02-11T17:34:34.597358-06:00 c0-0c0s2n2 EFI: mem73: type=4, attr=0xf, range=[0x000000000b235000-0x000000000b23b000) (0MB)
2015-02-11T17:34:34.597638-06:00 c0-0c0s2n2 EFI: mem74: type=3, attr=0xf, range=[0x000000000b23b000-0x000000000b23e000) (0MB)
2015-02-11T17:34:34.622635-06:00 c0-0c0s2n2 EFI: mem75: type=4, attr=0xf, range=[0x000000000b23e000-0x000000000b246000) (0MB)
2015-02-11T17:34:34.622914-06:00 c0-0c0s2n2 EFI: mem76: type=3, attr=0xf, range=[0x000000000b246000-0x000000000b24a000) (0MB)
2015-02-11T17:34:34.647856-06:00 c0-0c0s2n2 EFI: mem77: type=4, attr=0xf, range=[0x000000000b24a000-0x000000000b24c000) (0MB)
2015-02-11T17:34:34.648138-06:00 c0-0c0s2n2 EFI: mem78: type=3, attr=0xf, range=[0x000000000b24c000-0x000000000b254000) (0MB)
2015-02-11T17:34:34.673061-06:00 c0-0c0s2n2 EFI: mem79: type=4, attr=0xf, range=[0x000000000b254000-0x000000000b279000) (0MB)
2015-02-11T17:34:34.673332-06:00 c0-0c0s2n2 EFI: mem80: type=3, attr=0xf, range=[0x000000000b279000-0x000000000b280000) (0MB)
2015-02-11T17:34:34.698260-06:00 c0-0c0s2n2 EFI: mem81: type=4, attr=0xf, range=[0x000000000b280000-0x000000000b284000) (0MB)
2015-02-11T17:34:34.698580-06:00 c0-0c0s2n2 EFI: mem82: type=3, attr=0xf, range=[0x000000000b284000-0x000000000b28c000) (0MB)
2015-02-11T17:34:34.723668-06:00 c0-0c0s2n2 EFI: mem83: type=4, attr=0xf, range=[0x000000000b28c000-0x000000000b295000) (0MB)
2015-02-11T17:34:34.723943-06:00 c0-0c0s2n2 EFI: mem84: type=3, attr=0xf, range=[0x000000000b295000-0x000000000b2d3000) (0MB)
2015-02-11T17:34:34.748920-06:00 c0-0c0s2n2 EFI: mem85: type=4, attr=0xf, range=[0x000000000b2d3000-0x000000000b2d8000) (0MB)
2015-02-11T17:34:34.749154-06:00 c0-0c0s2n2 EFI: mem86: type=3, attr=0xf, range=[0x000000000b2d8000-0x000000000b2dd000) (0MB)
2015-02-11T17:34:34.774173-06:00 c0-0c0s2n2 EFI: mem87: type=4, attr=0xf, range=[0x000000000b2dd000-0x000000000b2e9000) (0MB)
2015-02-11T17:34:34.774430-06:00 c0-0c0s2n2 EFI: mem88: type=3, attr=0xf, range=[0x000000000b2e9000-0x000000000b2ef000) (0MB)
2015-02-11T17:34:34.799443-06:00 c0-0c0s2n2 EFI: mem89: type=4, attr=0xf, range=[0x000000000b2ef000-0x000000000b300000) (0MB)
2015-02-11T17:34:34.799710-06:00 c0-0c0s2n2 EFI: mem90: type=3, attr=0xf, range=[0x000000000b300000-0x000000000b305000) (0MB)
2015-02-11T17:34:34.824696-06:00 c0-0c0s2n2 EFI: mem91: type=4, attr=0xf, range=[0x000000000b305000-0x000000000b30b000) (0MB)
2015-02-11T17:34:34.825015-06:00 c0-0c0s2n2 EFI: mem92: type=3, attr=0xf, range=[0x000000000b30b000-0x000000000b343000) (0MB)
2015-02-11T17:34:34.849943-06:00 c0-0c0s2n2 EFI: mem93: type=4, attr=0xf, range=[0x000000000b343000-0x000000000b34a000) (0MB)
2015-02-11T17:34:34.850235-06:00 c0-0c0s2n2 EFI: mem94: type=3, attr=0xf, range=[0x000000000b34a000-0x000000000b34e000) (0MB)
2015-02-11T17:34:34.875186-06:00 c0-0c0s2n2 EFI: mem95: type=4, attr=0xf, range=[0x000000000b34e000-0x000000000b351000) (0MB)
2015-02-11T17:34:34.875452-06:00 c0-0c0s2n2 EFI: mem96: type=3, attr=0xf, range=[0x000000000b351000-0x000000000b358000) (0MB)
2015-02-11T17:34:34.900346-06:00 c0-0c0s2n2 EFI: mem97: type=4, attr=0xf, range=[0x000000000b358000-0x000000000b35c000) (0MB)
2015-02-11T17:34:34.900672-06:00 c0-0c0s2n2 EFI: mem98: type=3, attr=0xf, range=[0x000000000b35c000-0x000000000b360000) (0MB)
2015-02-11T17:34:34.925625-06:00 c0-0c0s2n2 EFI: mem99: type=4, attr=0xf, range=[0x000000000b360000-0x000000000b368000) (0MB)
2015-02-11T17:34:34.925922-06:00 c0-0c0s2n2 EFI: mem100: type=3, attr=0xf, range=[0x000000000b368000-0x000000000b36c000) (0MB)
2015-02-11T17:34:34.950889-06:00 c0-0c0s2n2 EFI: mem101: type=4, attr=0xf, range=[0x000000000b36c000-0x000000000b370000) (0MB)
2015-02-11T17:34:34.951234-06:00 c0-0c0s2n2 EFI: mem102: type=3, attr=0xf, range=[0x000000000b370000-0x000000000b374000) (0MB)
2015-02-11T17:34:34.976153-06:00 c0-0c0s2n2 EFI: mem103: type=4, attr=0xf, range=[0x000000000b374000-0x000000000b384000) (0MB)
2015-02-11T17:34:34.976464-06:00 c0-0c0s2n2 EFI: mem104: type=3, attr=0xf, range=[0x000000000b384000-0x000000000b38a000) (0MB)
2015-02-11T17:34:35.001391-06:00 c0-0c0s2n2 EFI: mem105: type=4, attr=0xf, range=[0x000000000b38a000-0x000000000b3ac000) (0MB)
2015-02-11T17:34:35.001650-06:00 c0-0c0s2n2 EFI: mem106: type=3, attr=0xf, range=[0x000000000b3ac000-0x000000000b3b3000) (0MB)
2015-02-11T17:34:35.026550-06:00 c0-0c0s2n2 EFI: mem107: type=4, attr=0xf, range=[0x000000000b3b3000-0x000000000b3b7000) (0MB)
2015-02-11T17:34:35.026821-06:00 c0-0c0s2n2 EFI: mem108: type=3, attr=0xf, range=[0x000000000b3b7000-0x000000000b3c9000) (0MB)
2015-02-11T17:34:35.051787-06:00 c0-0c0s2n2 EFI: mem109: type=4, attr=0xf, range=[0x000000000b3c9000-0x000000000b3cc000) (0MB)
2015-02-11T17:34:35.052118-06:00 c0-0c0s2n2 EFI: mem110: type=3, attr=0xf, range=[0x000000000b3cc000-0x000000000b3d7000) (0MB)
2015-02-11T17:34:35.077080-06:00 c0-0c0s2n2 EFI: mem111: type=4, attr=0xf, range=[0x000000000b3d7000-0x000000000b45c000) (0MB)
2015-02-11T17:34:35.077348-06:00 c0-0c0s2n2 EFI: mem112: type=3, attr=0xf, range=[0x000000000b45c000-0x000000000b45f000) (0MB)
2015-02-11T17:34:35.077623-06:00 c0-0c0s2n2 EFI: mem113: type=4, attr=0xf, range=[0x000000000b45f000-0x000000000b475000) (0MB)
2015-02-11T17:34:35.102534-06:00 c0-0c0s2n2 EFI: mem114: type=3, attr=0xf, range=[0x000000000b475000-0x000000000b47c000) (0MB)
2015-02-11T17:34:35.127539-06:00 c0-0c0s2n2 EFI: mem115: type=4, attr=0xf, range=[0x000000000b47c000-0x000000000b48b000) (0MB)
2015-02-11T17:34:35.127923-06:00 c0-0c0s2n2 EFI: mem116: type=3, attr=0xf, range=[0x000000000b48b000-0x000000000b48f000) (0MB)
2015-02-11T17:34:35.152849-06:00 c0-0c0s2n2 EFI: mem117: type=4, attr=0xf, range=[0x000000000b48f000-0x000000000b4b1000) (0MB)
2015-02-11T17:34:35.153159-06:00 c0-0c0s2n2 EFI: mem118: type=3, attr=0xf, range=[0x000000000b4b1000-0x000000000b4b6000) (0MB)
2015-02-11T17:34:35.178149-06:00 c0-0c0s2n2 EFI: mem119: type=4, attr=0xf, range=[0x000000000b4b6000-0x000000000b4c5000) (0MB)
2015-02-11T17:34:35.178452-06:00 c0-0c0s2n2 EFI: mem120: type=7, attr=0xf, range=[0x000000000b4c5000-0x000000000b4c6000) (0MB)
2015-02-11T17:34:35.203345-06:00 c0-0c0s2n2 EFI: mem121: type=4, attr=0xf, range=[0x000000000b4c6000-0x000000000b53e000) (0MB)
2015-02-11T17:34:35.203671-06:00 c0-0c0s2n2 EFI: mem122: type=3, attr=0xf, range=[0x000000000b53e000-0x000000000b552000) (0MB)
2015-02-11T17:34:35.228540-06:00 c0-0c0s2n2 EFI: mem123: type=4, attr=0xf, range=[0x000000000b552000-0x000000000b577000) (0MB)
2015-02-11T17:34:35.228972-06:00 c0-0c0s2n2 EFI: mem124: type=3, attr=0xf, range=[0x000000000b577000-0x000000000b580000) (0MB)
2015-02-11T17:34:35.229052-06:00 c0-0c0s2n2 EFI: mem125: type=4, attr=0xf, range=[0x000000000b580000-0x000000000b581000) (0MB)
2015-02-11T17:34:35.254006-06:00 c0-0c0s2n2 EFI: mem126: type=2, attr=0xf, range=[0x000000000b581000-0x000000000b583000) (0MB)
2015-02-11T17:34:35.292095-06:00 c0-0c0s2n2 EFI: mem127: type=7, attr=0xf, range=[0x000000000b583000-0x000000000b585000) (0MB)
2015-02-11T17:34:35.292294-06:00 c0-0c0s2n2 EFI: mem128: type=4, attr=0xf, range=[0x000000000b585000-0x000000000b58f000) (0MB)
2015-02-11T17:34:35.336166-06:00 c0-0c0s2n2 EFI: mem129: type=7, attr=0xf, range=[0x000000000b58f000-0x000000000b598000) (0MB)
2015-02-11T17:34:35.336364-06:00 c0-0c0s2n2 EFI: mem130: type=4, attr=0xf, range=[0x000000000b598000-0x000000000b7ac000) (2MB)
2015-02-11T17:34:35.336540-06:00 c0-0c0s2n2 EFI: mem131: type=7, attr=0xf, range=[0x000000000b7ac000-0x000000000b7ba000) (0MB)
2015-02-11T17:34:35.336767-06:00 c0-0c0s2n2 EFI: mem132: type=1, attr=0xf, range=[0x000000000b7ba000-0x000000000b7cb000) (0MB)
2015-02-11T17:34:35.336935-06:00 c0-0c0s2n2 EFI: mem133: type=7, attr=0xf, range=[0x000000000b7cb000-0x000000007e67c000) (1838MB)
2015-02-11T17:34:35.372239-06:00 c0-0c0s2n2 EFI: mem134: type=10, attr=0xf, range=[0x000000007e67c000-0x000000007e790000) (1MB)
2015-02-11T17:34:35.372464-06:00 c0-0c0s2n2 EFI: mem135: type=0, attr=0xf, range=[0x000000007e790000-0x000000007e792000) (0MB)
2015-02-11T17:34:35.380294-06:00 c0-0c0s2n2 EFI: mem136: type=6, attr=0x800000000000000f, range=[0x000000007e792000-0x000000007f395000) (12MB)
2015-02-11T17:34:35.405430-06:00 c0-0c0s2n2 EFI: mem137: type=9, attr=0xf, range=[0x000000007f395000-0x000000007f410000) (0MB)
2015-02-11T17:34:35.405764-06:00 c0-0c0s2n2 EFI: mem138: type=5, attr=0x800000000000000f, range=[0x000000007f410000-0x000000007f41a000) (0MB)
2015-02-11T17:34:35.430644-06:00 c0-0c0s2n2 EFI: mem139: type=0, attr=0xf, range=[0x000000007f41a000-0x000000007f41c000) (0MB)
2015-02-11T17:34:35.430922-06:00 c0-0c0s2n2 EFI: mem140: type=6, attr=0x800000000000000f, range=[0x000000007f41c000-0x000000007f42d000) (0MB)
2015-02-11T17:34:35.468268-06:00 c0-0c0s2n2 EFI: mem141: type=0, attr=0xf, range=[0x000000007f42d000-0x000000007f43d000) (0MB)
2015-02-11T17:34:35.468539-06:00 c0-0c0s2n2 EFI: mem142: type=6, attr=0x800000000000000f, range=[0x000000007f43d000-0x000000007f45e000) (0MB)
2015-02-11T17:34:35.508304-06:00 c0-0c0s2n2 EFI: mem143: type=5, attr=0x800000000000000f, range=[0x000000007f45e000-0x000000007f462000) (0MB)
2015-02-11T17:34:35.508436-06:00 c0-0c0s2n2 EFI: mem144: type=0, attr=0xf, range=[0x000000007f462000-0x000000007f46b000) (0MB)
2015-02-11T17:34:35.508638-06:00 c0-0c0s2n2 EFI: mem145: type=5, attr=0x800000000000000f, range=[0x000000007f46b000-0x000000007f46d000) (0MB)
2015-02-11T17:34:35.548131-06:00 c0-0c0s2n2 EFI: mem146: type=0, attr=0xf, range=[0x000000007f46d000-0x000000007f471000) (0MB)
2015-02-11T17:34:35.548394-06:00 c0-0c0s2n2 EFI: mem147: type=5, attr=0x800000000000000f, range=[0x000000007f471000-0x000000007f472000) (0MB)
2015-02-11T17:34:35.556821-06:00 c0-0c0s2n2 EFI: mem148: type=6, attr=0x800000000000000f, range=[0x000000007f472000-0x000000007f473000) (0MB)
2015-02-11T17:34:35.557148-06:00 c0-0c0s2n2 EFI: mem149: type=5, attr=0x800000000000000f, range=[0x000000007f473000-0x000000007f476000) (0MB)
2015-02-11T17:34:35.582185-06:00 c0-0c0s2n2 EFI: mem150: type=0, attr=0xf, range=[0x000000007f476000-0x000000007f486000) (0MB)
2015-02-11T17:34:35.607291-06:00 c0-0c0s2n2 EFI: mem151: type=5, attr=0x800000000000000f, range=[0x000000007f486000-0x000000007f491000) (0MB)
2015-02-11T17:34:35.607577-06:00 c0-0c0s2n2 EFI: mem152: type=7, attr=0xf, range=[0x000000007f491000-0x000000007f493000) (0MB)
2015-02-11T17:34:35.607753-06:00 c0-0c0s2n2 EFI: mem153: type=10, attr=0xf, range=[0x000000007f493000-0x000000007f494000) (0MB)
2015-02-11T17:34:35.632716-06:00 c0-0c0s2n2 EFI: mem154: type=6, attr=0x800000000000000f, range=[0x000000007f494000-0x000000007f49b000) (0MB)
2015-02-11T17:34:35.657918-06:00 c0-0c0s2n2 EFI: mem155: type=5, attr=0x800000000000000f, range=[0x000000007f49b000-0x000000007f49e000) (0MB)
2015-02-11T17:34:35.658146-06:00 c0-0c0s2n2 EFI: mem156: type=10, attr=0xf, range=[0x000000007f49e000-0x000000007f4a6000) (0MB)
2015-02-11T17:34:35.683310-06:00 c0-0c0s2n2 EFI: mem157: type=6, attr=0x800000000000000f, range=[0x000000007f4a6000-0x000000007f4a7000) (0MB)
2015-02-11T17:34:35.683530-06:00 c0-0c0s2n2 EFI: mem158: type=5, attr=0x800000000000000f, range=[0x000000007f4a7000-0x000000007f4ab000) (0MB)
2015-02-11T17:34:35.708586-06:00 c0-0c0s2n2 EFI: mem159: type=6, attr=0x800000000000000f, range=[0x000000007f4ab000-0x000000007f4bd000) (0MB)
2015-02-11T17:34:35.733567-06:00 c0-0c0s2n2 EFI: mem160: type=5, attr=0x800000000000000f, range=[0x000000007f4bd000-0x000000007f4cf000) (0MB)
2015-02-11T17:34:35.733977-06:00 c0-0c0s2n2 EFI: mem161: type=6, attr=0x800000000000000f, range=[0x000000007f4cf000-0x000000007f4d2000) (0MB)
2015-02-11T17:34:35.758895-06:00 c0-0c0s2n2 EFI: mem162: type=10, attr=0xf, range=[0x000000007f4d2000-0x000000007f558000) (0MB)
2015-02-11T17:34:35.759224-06:00 c0-0c0s2n2 EFI: mem163: type=3, attr=0xf, range=[0x000000007f558000-0x000000007f7e0000) (2MB)
2015-02-11T17:34:35.784151-06:00 c0-0c0s2n2 EFI: mem164: type=4, attr=0xf, range=[0x000000007f7e0000-0x000000007f7ef000) (0MB)
2015-02-11T17:34:35.784459-06:00 c0-0c0s2n2 EFI: mem165: type=3, attr=0xf, range=[0x000000007f7ef000-0x000000007f800000) (0MB)
2015-02-11T17:34:35.809530-06:00 c0-0c0s2n2 EFI: mem166: type=7, attr=0xf, range=[0x0000000100000000-0x0000001080000000) (63488MB)
2015-02-11T17:34:35.809873-06:00 c0-0c0s2n2 EFI: mem167: type=11, attr=0x8000000000000001, range=[0x0000000080000000-0x0000000090000000) (256MB)
2015-02-11T17:34:35.834887-06:00 c0-0c0s2n2 EFI: mem168: type=11, attr=0x8000000000000001, range=[0x00000000fed1c000-0x00000000fed20000) (0MB)
2015-02-11T17:34:35.859706-06:00 c0-0c0s2n2 EFI: mem169: type=11, attr=0x8000000000000001, range=[0x00000000ff000000-0x0000000100000000) (16MB)
2015-02-11T17:34:35.859844-06:00 c0-0c0s2n2 DMI 2.7 present.
2015-02-11T17:34:35.860180-06:00 c0-0c0s2n2 last_pfn = 0x1080000 max_arch_pfn = 0x400000000
2015-02-11T17:34:35.885161-06:00 c0-0c0s2n2 x86 PAT enabled: cpu 0, old 0x7040600070406, new 0x7010600070106
2015-02-11T17:34:35.885384-06:00 c0-0c0s2n2 last_pfn = 0x7f800 max_arch_pfn = 0x400000000
2015-02-11T17:34:35.885593-06:00 c0-0c0s2n2 found SMP MP-table at [ffff8800000fd830] fd830
2015-02-11T17:34:35.885757-06:00 c0-0c0s2n2 Using GB pages for direct mapping
2015-02-11T17:34:35.910561-06:00 c0-0c0s2n2 init_memory_mapping: 0000000000000000-000000007f800000
2015-02-11T17:34:35.910770-06:00 c0-0c0s2n2 init_memory_mapping: 0000000100000000-0000001080000000
2015-02-11T17:34:35.910904-06:00 c0-0c0s2n2 nmi ring buffer: 262144
2015-02-11T17:34:35.911032-06:00 c0-0c0s2n2 RAMDISK: 0fa00000 - 10610000
2015-02-11T17:34:35.935779-06:00 c0-0c0s2n2 ACPI: RSDP 000000007f395000 00024 (v02 ALASKA)
2015-02-11T17:34:35.936078-06:00 c0-0c0s2n2 ACPI: XSDT 000000007f395088 0008C (v01 ALASKA    A M I 01072009 AMI  00010013)
2015-02-11T17:34:35.960916-06:00 c0-0c0s2n2 ACPI: FACP 000000007f39ee50 000F4 (v04 ALASKA    A M I 01072009 AMI  00010013)
2015-02-11T17:34:35.961277-06:00 c0-0c0s2n2 ACPI: DSDT 000000007f3951a0 09CAD (v02 ALASKA    A M I 00000016 INTL 20051117)
2015-02-11T17:34:35.986215-06:00 c0-0c0s2n2 ACPI: FACS 000000007f4a3f80 00040
2015-02-11T17:34:35.986417-06:00 c0-0c0s2n2 ACPI: APIC 000000007f39ef48 00138 (v03 ALASKA    A M I 01072009 AMI  00010013)
2015-02-11T17:34:35.986684-06:00 c0-0c0s2n2 ACPI: FPDT 000000007f39f080 00044 (v01 ALASKA    A M I 01072009 AMI  00010013)
2015-02-11T17:34:36.011580-06:00 c0-0c0s2n2 ACPI: MCFG 000000007f39f0c8 0003C (v01 ALASKA OEMMCFG. 01072009 MSFT 00000097)
2015-02-11T17:34:36.011810-06:00 c0-0c0s2n2 ACPI: HPET 000000007f39f108 00038 (v01 ALASKA    A M I 01072009 AMI. 00000004)
2015-02-11T17:34:36.036580-06:00 c0-0c0s2n2 ACPI: PRAD 000000007f39f140 000BE (v02 PRADID  PRADTID 00000001 MSFT 03000001)
2015-02-11T17:34:36.036844-06:00 c0-0c0s2n2 ACPI: SSDT 000000007f39f200 70104 (v02  INTEL    CpuPm 00004000 INTL 20051117)
2015-02-11T17:34:36.061878-06:00 c0-0c0s2n2 ACPI: SPCR 000000007f40f308 00050 (v01  A M I   APTIO4 01072009 AMI. 00000004)
2015-02-11T17:34:36.062113-06:00 c0-0c0s2n2 ACPI: EINJ 000000007f40f358 00130 (v01    AMI AMI EINJ 00000000      00000000)
2015-02-11T17:34:36.087133-06:00 c0-0c0s2n2 ACPI: ERST 000000007f40f488 00230 (v01  AMIER AMI ERST 00000000      00000000)
2015-02-11T17:34:36.087323-06:00 c0-0c0s2n2 ACPI: HEST 000000007f40f6b8 000A8 (v01    AMI AMI HEST 00000000      00000000)
2015-02-11T17:34:36.087474-06:00 c0-0c0s2n2 ACPI: BERT 000000007f40f760 00030 (v01    AMI AMI BERT 00000000      00000000)
2015-02-11T17:34:36.112336-06:00 c0-0c0s2n2 ACPI: DMAR 000000007f40f790 000BC (v01 A M I   OEMDMAR 00000001 INTL 00000001)
2015-02-11T17:34:36.112404-06:00 c0-0c0s2n2 No NUMA configuration found
2015-02-11T17:34:36.137517-06:00 c0-0c0s2n2 Faking a node at 0000000000000000-0000001080000000
2015-02-11T17:34:36.162690-06:00 c0-0c0s2n2 Initmem setup node 0 0000000000000000-0000001080000000
2015-02-11T17:34:36.162756-06:00 c0-0c0s2n2  NODE_DATA [000000107ffbb000 - 000000107ffbffff]
2015-02-11T17:34:36.339761-06:00 c0-0c0s2n2 Zone PFN ranges:
2015-02-11T17:34:36.364560-06:00 c0-0c0s2n2  DMA      0x00000010 -> 0x00001000
2015-02-11T17:34:36.364710-06:00 c0-0c0s2n2  DMA32    0x00001000 -> 0x00100000
2015-02-11T17:34:36.364802-06:00 c0-0c0s2n2  Normal   0x00100000 -> 0x01080000
2015-02-11T17:34:36.364880-06:00 c0-0c0s2n2 Movable zone start PFN for each node
2015-02-11T17:34:36.389975-06:00 c0-0c0s2n2 early_node_map[5] active PFN ranges
2015-02-11T17:34:36.390040-06:00 c0-0c0s2n2    0: 0x00000010 -> 0x000000a0
2015-02-11T17:34:36.390088-06:00 c0-0c0s2n2    0: 0x00000100 -> 0x0007e67c
2015-02-11T17:34:36.390159-06:00 c0-0c0s2n2    0: 0x0007f491 -> 0x0007f493
2015-02-11T17:34:36.390202-06:00 c0-0c0s2n2    0: 0x0007f558 -> 0x0007f800
2015-02-11T17:34:36.390233-06:00 c0-0c0s2n2    0: 0x00100000 -> 0x01080000
2015-02-11T17:34:37.020014-06:00 c0-0c0s2n2 ACPI: LAPIC (acpi_id[0x00] lapic_id[0x00] enabled)
2015-02-11T17:34:37.044995-06:00 c0-0c0s2n2 ACPI: LAPIC (acpi_id[0x02] lapic_id[0x02] enabled)
2015-02-11T17:34:37.045176-06:00 c0-0c0s2n2 ACPI: LAPIC (acpi_id[0x04] lapic_id[0x04] enabled)
2015-02-11T17:34:37.045440-06:00 c0-0c0s2n2 ACPI: LAPIC (acpi_id[0x06] lapic_id[0x06] enabled)
2015-02-11T17:34:37.084355-06:00 c0-0c0s2n2 ACPI: LAPIC (acpi_id[0x08] lapic_id[0x08] enabled)
2015-02-11T17:34:37.084510-06:00 c0-0c0s2n2 ACPI: LAPIC (acpi_id[0x0a] lapic_id[0x0a] enabled)
2015-02-11T17:34:37.084722-06:00 c0-0c0s2n2 ACPI: LAPIC (acpi_id[0x0c] lapic_id[0x0c] enabled)
2015-02-11T17:34:37.084909-06:00 c0-0c0s2n2 ACPI: LAPIC (acpi_id[0x0e] lapic_id[0x0e] enabled)
2015-02-11T17:34:37.124341-06:00 c0-0c0s2n2 ACPI: LAPIC (acpi_id[0x01] lapic_id[0x01] enabled)
2015-02-11T17:34:37.124546-06:00 c0-0c0s2n2 ACPI: LAPIC (acpi_id[0x03] lapic_id[0x03] enabled)
2015-02-11T17:34:37.124741-06:00 c0-0c0s2n2 ACPI: LAPIC (acpi_id[0x05] lapic_id[0x05] enabled)
2015-02-11T17:34:37.124901-06:00 c0-0c0s2n2 ACPI: LAPIC (acpi_id[0x07] lapic_id[0x07] enabled)
2015-02-11T17:34:37.125129-06:00 c0-0c0s2n2 ACPI: LAPIC (acpi_id[0x09] lapic_id[0x09] enabled)
2015-02-11T17:34:37.125370-06:00 c0-0c0s2n2 ACPI: LAPIC (acpi_id[0x0b] lapic_id[0x0b] enabled)
2015-02-11T17:34:37.164103-06:00 c0-0c0s2n2 ACPI: LAPIC (acpi_id[0x0d] lapic_id[0x0d] enabled)
2015-02-11T17:34:37.164374-06:00 c0-0c0s2n2 ACPI: LAPIC (acpi_id[0x0f] lapic_id[0x0f] enabled)
2015-02-11T17:34:37.164597-06:00 c0-0c0s2n2 ACPI: LAPIC_NMI (acpi_id[0x00] high edge lint[0x1])
2015-02-11T17:34:37.171133-06:00 c0-0c0s2n2 ACPI: LAPIC_NMI (acpi_id[0x02] high edge lint[0x1])
2015-02-11T17:34:37.171418-06:00 c0-0c0s2n2 ACPI: LAPIC_NMI (acpi_id[0x04] high edge lint[0x1])
2015-02-11T17:34:37.171681-06:00 c0-0c0s2n2 ACPI: LAPIC_NMI (acpi_id[0x06] high edge lint[0x1])
2015-02-11T17:34:37.196441-06:00 c0-0c0s2n2 ACPI: LAPIC_NMI (acpi_id[0x08] high edge lint[0x1])
2015-02-11T17:34:37.196796-06:00 c0-0c0s2n2 ACPI: LAPIC_NMI (acpi_id[0x0a] high edge lint[0x1])
2015-02-11T17:34:37.196990-06:00 c0-0c0s2n2 ACPI: LAPIC_NMI (acpi_id[0x0c] high edge lint[0x1])
2015-02-11T17:34:37.221699-06:00 c0-0c0s2n2 ACPI: LAPIC_NMI (acpi_id[0x0e] high edge lint[0x1])
2015-02-11T17:34:37.222016-06:00 c0-0c0s2n2 ACPI: LAPIC_NMI (acpi_id[0x01] high edge lint[0x1])
2015-02-11T17:34:37.222251-06:00 c0-0c0s2n2 ACPI: LAPIC_NMI (acpi_id[0x03] high edge lint[0x1])
2015-02-11T17:34:37.222429-06:00 c0-0c0s2n2 ACPI: LAPIC_NMI (acpi_id[0x05] high edge lint[0x1])
2015-02-11T17:34:37.247057-06:00 c0-0c0s2n2 ACPI: LAPIC_NMI (acpi_id[0x07] high edge lint[0x1])
2015-02-11T17:34:37.247320-06:00 c0-0c0s2n2 ACPI: LAPIC_NMI (acpi_id[0x09] high edge lint[0x1])
2015-02-11T17:34:37.247504-06:00 c0-0c0s2n2 ACPI: LAPIC_NMI (acpi_id[0x0b] high edge lint[0x1])
2015-02-11T17:34:37.272203-06:00 c0-0c0s2n2 ACPI: LAPIC_NMI (acpi_id[0x0d] high edge lint[0x1])
2015-02-11T17:34:37.272423-06:00 c0-0c0s2n2 ACPI: LAPIC_NMI (acpi_id[0x0f] high edge lint[0x1])
2015-02-11T17:34:37.272652-06:00 c0-0c0s2n2 ACPI: IOAPIC (id[0x00] address[0xfec00000] gsi_base[0])
2015-02-11T17:34:37.297528-06:00 c0-0c0s2n2 IOAPIC[0]: apic_id 0, version 32, address 0xfec00000, GSI 0-23
2015-02-11T17:34:37.297763-06:00 c0-0c0s2n2 ACPI: IOAPIC (id[0x02] address[0xfec01000] gsi_base[24])
2015-02-11T17:34:37.297984-06:00 c0-0c0s2n2 IOAPIC[1]: apic_id 2, version 32, address 0xfec01000, GSI 24-47
2015-02-11T17:34:37.322862-06:00 c0-0c0s2n2 ACPI: INT_SRC_OVR (bus 0 bus_irq 0 global_irq 2 dfl dfl)
2015-02-11T17:34:37.323096-06:00 c0-0c0s2n2 ACPI: INT_SRC_OVR (bus 0 bus_irq 9 global_irq 9 high level)
2015-02-11T17:34:37.323201-06:00 c0-0c0s2n2 Using ACPI (MADT) for SMP configuration information
2015-02-11T17:34:37.348077-06:00 c0-0c0s2n2 ACPI: HPET id: 0x8086a701 base: 0xfed00000
2015-02-11T17:34:37.348287-06:00 c0-0c0s2n2 SMP: Allowing 16 CPUs, 0 hotplug CPUs
2015-02-11T17:34:37.348424-06:00 c0-0c0s2n2 Allocating PCI resources starting at 90000000 (gap: 90000000:6ed1c000)
2015-02-11T17:34:37.373318-06:00 c0-0c0s2n2 setup_percpu: NR_CPUS:128 nr_cpumask_bits:128 nr_cpu_ids:16 nr_node_ids:1
2015-02-11T17:34:37.398499-06:00 c0-0c0s2n2 PERCPU: Embedded 25 pages/cpu @ffff88107fa00000 s72704 r8192 d21504 u131072
2015-02-11T17:34:37.398618-06:00 c0-0c0s2n2 Built 1 zonelists in Zone order, mobility grouping on.  Total pages: 16534701
2015-02-11T17:34:37.398695-06:00 c0-0c0s2n2 Policy zone: Normal
2015-02-11T17:34:37.499428-06:00 c0-0c0s2n2 Kernel command line: earlyprintk=serial,115200 load_ramdisk=1 ramdisk_size=80000 console=ttyS0,115200n8 bootnodeip=10.131.255.254 bootproto=ipog bootpath=/rr/current rootfs=nfs-shared root=/dev/disk/by-id/scsi-3600a09800063789e0000008b54c3a04c-part1 oops=panic bootifnetmask=255.252.0.0 elevator=noop ippob1=10 ippob2=128 pcie_ports=native iommu=on intel_iommu=off bad_page=panic pln_enable=off apei_disable hest_disable erst_disable ghes_disable cgroup_disable=memory active_wlm=ALPS sdbnodeip=10.131.255.253 sessionid=p0-20150211t172524 _cray=marker_ 
2015-02-11T17:34:37.499471-06:00 c0-0c0s2n2 Intel-IOMMU: disabled
2015-02-11T17:34:37.499529-06:00 c0-0c0s2n2 Disabling memory control group subsystem
2015-02-11T17:34:37.499589-06:00 c0-0c0s2n2 PID hash table entries: 4096 (order: 3, 32768 bytes)
2015-02-11T17:34:37.499669-06:00 c0-0c0s2n2 xsave/xrstor: enabled xstate_bv 0x7, cntxt size 0x340
2015-02-11T17:34:37.883216-06:00 c0-0c0s2n2 Memory: 66065380k/69206016k available (5522k kernel code, 2121000k absent, 1019636k reserved, 5307k data, 692k init)
2015-02-11T17:34:37.908163-06:00 c0-0c0s2n2 Hierarchical RCU implementation.
2015-02-11T17:34:37.908177-06:00 c0-0c0s2n2 NR_IRQS:4352
2015-02-11T17:34:37.984122-06:00 c0-0c0s2n2 Extended CMOS year: 2000
2015-02-11T17:34:37.984133-06:00 c0-0c0s2n2 Console: colour dummy device 80x25
2015-02-11T17:34:38.009115-06:00 c0-0c0s2n2 console [ttyS0] enabled, bootconsole disabled
2015-02-11T17:34:38.009137-06:00 c0-0c0s2n2 console [ttyS0] enabled, bootconsole disabled
2015-02-11T17:34:38.009214-06:00 c0-0c0s2n2 Fast TSC calibration using PIT
2015-02-11T17:34:38.009288-06:00 c0-0c0s2n2 Detected 2599.805 MHz processor.
2015-02-11T17:34:38.412923-06:00 c0-0c0s2n2 Calibrating delay loop (skipped), value calculated using timer frequency.. 5199.61 BogoMIPS (lpj=10399220)
2015-02-11T17:34:38.412933-06:00 c0-0c0s2n2 pid_max: default: 32768 minimum: 301
2015-02-11T17:34:38.412938-06:00 c0-0c0s2n2 Dentry cache hash table entries: 8388608 (order: 14, 67108864 bytes)
2015-02-11T17:34:38.412943-06:00 c0-0c0s2n2 Inode-cache hash table entries: 4194304 (order: 13, 33554432 bytes)
2015-02-11T17:34:38.412947-06:00 c0-0c0s2n2 Mount-cache hash table entries: 256
2015-02-11T17:34:38.412952-06:00 c0-0c0s2n2 Initializing cgroup subsys cpuacct
2015-02-11T17:34:38.412974-06:00 c0-0c0s2n2 Initializing cgroup subsys memory
2015-02-11T17:34:38.412980-06:00 c0-0c0s2n2 Initializing cgroup subsys devices
2015-02-11T17:34:38.412988-06:00 c0-0c0s2n2 Initializing cgroup subsys perf_event
2015-02-11T17:34:38.412993-06:00 c0-0c0s2n2 CPU: Physical Processor ID: 0
2015-02-11T17:34:38.413016-06:00 c0-0c0s2n2 CPU: Processor Core ID: 0
2015-02-11T17:34:38.413023-06:00 c0-0c0s2n2 mce: CPU supports 20 MCE banks
2015-02-11T17:34:38.413028-06:00 c0-0c0s2n2 CPU0: Thermal monitoring enabled (TM1)
2015-02-11T17:34:38.413034-06:00 c0-0c0s2n2 using mwait in idle threads.
2015-02-11T17:34:38.413043-06:00 c0-0c0s2n2 ACPI: Core revision 20110413
2015-02-11T17:34:38.413060-06:00 c0-0c0s2n2 ftrace: allocating 20236 entries in 80 pages
2015-02-11T17:34:38.413069-06:00 c0-0c0s2n2 DMAR: Host address width 46
2015-02-11T17:34:38.413094-06:00 c0-0c0s2n2 DMAR: DRHD base: 0x000000fbffc000 flags: 0x1
2015-02-11T17:34:38.413103-06:00 c0-0c0s2n2 IOMMU 0: reg_base_addr fbffc000 ver 1:0 cap d2078c106f0462 ecap f020fe
2015-02-11T17:34:38.413110-06:00 c0-0c0s2n2 DMAR: RMRR base: 0x0000007f430000 end: 0x0000007f43cfff
2015-02-11T17:34:38.413141-06:00 c0-0c0s2n2 DMAR: ATSR flags: 0x0
2015-02-11T17:34:38.413149-06:00 c0-0c0s2n2 DMAR: RHSA base: 0x000000fbffc000 proximity domain: 0x0
2015-02-11T17:34:38.413155-06:00 c0-0c0s2n2 Switched APIC routing to physical flat.
2015-02-11T17:34:38.413161-06:00 c0-0c0s2n2 ..TIMER: vector=0x30 apic1=0 pin1=2 apic2=-1 pin2=-1
2015-02-11T17:34:38.413172-06:00 c0-0c0s2n2 CPU0: Intel(R) Xeon(R) CPU E5-2670 0 @ 2.60GHz stepping 07
2015-02-11T17:34:38.590169-06:00 c0-0c0s2n2 Performance Events: PEBS fmt1+, 16-deep LBR, SandyBridge events, full-width counters, Intel PMU driver.
2015-02-11T17:34:38.614956-06:00 c0-0c0s2n2 ... version:                3
2015-02-11T17:34:38.615104-06:00 c0-0c0s2n2 ... bit width:              48
2015-02-11T17:34:38.615194-06:00 c0-0c0s2n2 ... generic registers:      4
2015-02-11T17:34:38.640210-06:00 c0-0c0s2n2 ... value mask:             0000ffffffffffff
2015-02-11T17:34:38.640313-06:00 c0-0c0s2n2 ... max period:             0000ffffffffffff
2015-02-11T17:34:38.665409-06:00 c0-0c0s2n2 ... fixed-purpose events:   3
2015-02-11T17:34:38.665463-06:00 c0-0c0s2n2 ... event mask:             000000070000000f
2015-02-11T17:34:39.119150-06:00 c0-0c0s2n2 Booting Node   0, Processors  #1 #2 #3 #4 #5 #6 #7 #8 #9 #10 #11 #12 #13 #14 #15 Ok.
2015-02-11T17:34:39.144651-06:00 c0-0c0s2n2 Brought up 16 CPUs
2015-02-11T17:34:39.169657-06:00 c0-0c0s2n2 Total of 16 processors activated (83193.76 BogoMIPS).
2015-02-11T17:34:39.195129-06:00 c0-0c0s2n2 NET: Registered protocol family 16
2015-02-11T17:34:39.220273-06:00 c0-0c0s2n2 ACPI FADT declares the system doesn't support PCIe ASPM, so disable it
2015-02-11T17:34:39.220328-06:00 c0-0c0s2n2 ACPI: bus type pci registered
2015-02-11T17:34:39.245428-06:00 c0-0c0s2n2 PCI: MMCONFIG for domain 0000 [bus 00-ff] at [mem 0x80000000-0x8fffffff] (base 0x80000000)
2015-02-11T17:34:39.245536-06:00 c0-0c0s2n2 PCI: MMCONFIG at [mem 0x80000000-0x8fffffff] reserved in E820
2015-02-11T17:34:39.270722-06:00 c0-0c0s2n2 PCI: Using configuration type 1 for base access
2015-02-11T17:34:39.270767-06:00 c0-0c0s2n2 bio: create slab <bio-0> at 0
2015-02-11T17:34:39.346235-06:00 c0-0c0s2n2 ACPI: Executed 1 blocks of module-level executable AML code
2015-02-11T17:34:39.523183-06:00 c0-0c0s2n2 ACPI: Interpreter enabled
2015-02-11T17:34:39.523350-06:00 c0-0c0s2n2 ACPI: (supports S0 S1 S3 S5)
2015-02-11T17:34:39.523488-06:00 c0-0c0s2n2 ACPI: Using IOAPIC for interrupt routing
2015-02-11T17:34:39.548423-06:00 c0-0c0s2n2 ACPI: No dock devices found.
2015-02-11T17:34:39.548538-06:00 c0-0c0s2n2 HEST: Table parsing disabled.
2015-02-11T17:34:39.573713-06:00 c0-0c0s2n2 PCI: Using host bridge windows from ACPI; if necessary, use "pci=nocrs" and report a bug
2015-02-11T17:34:39.598962-06:00 c0-0c0s2n2 ACPI: PCI Root Bridge [PCI0] (domain 0000 [bus 00-fe])
2015-02-11T17:34:39.624082-06:00 c0-0c0s2n2 pci_root PNP0A08:00: host bridge window [io  0x0000-0x03af]
2015-02-11T17:34:39.624285-06:00 c0-0c0s2n2 pci_root PNP0A08:00: host bridge window [io  0x03e0-0x0cf7]
2015-02-11T17:34:39.624561-06:00 c0-0c0s2n2 pci_root PNP0A08:00: host bridge window [io  0x0d00-0xffff]
2015-02-11T17:34:39.649216-06:00 c0-0c0s2n2 pci_root PNP0A08:00: host bridge window [mem 0x000c0000-0x000dffff]
2015-02-11T17:34:39.649510-06:00 c0-0c0s2n2 pci_root PNP0A08:00: host bridge window [mem 0x80000000-0xfbffffff]
2015-02-11T17:34:39.674521-06:00 c0-0c0s2n2 pci_root PNP0A08:00: host bridge window [mem 0x1080000000-0x3c3fffffffff]
2015-02-11T17:34:39.674809-06:00 c0-0c0s2n2 pci 0000:00:02.0: PCI bridge to [bus 01-01]
2015-02-11T17:34:39.699602-06:00 c0-0c0s2n2 pci 0000:00:03.0: PCI bridge to [bus 02-02]
2015-02-11T17:34:39.699870-06:00 c0-0c0s2n2 pci 0000:00:03.2: PCI bridge to [bus 03-03]
2015-02-11T17:34:39.700087-06:00 c0-0c0s2n2 pci 0000:00:11.0: PCI bridge to [bus 04-04]
2015-02-11T17:34:39.724858-06:00 c0-0c0s2n2 pci 0000:00:1e.0: PCI bridge to [bus 05-05] (subtractive decode)
2015-02-11T17:34:39.725259-06:00 c0-0c0s2n2 pci0000:00: Unable to request _OSC control (_OSC support mask: 0x19)
2015-02-11T17:34:39.750559-06:00 c0-0c0s2n2 ACPI: PCI Root Bridge [UNC0] (domain 0000 [bus ff])
2015-02-11T17:34:39.775724-06:00 c0-0c0s2n2 pci0000:ff: Unable to request _OSC control (_OSC support mask: 0x19)
2015-02-11T17:34:39.776098-06:00 c0-0c0s2n2 ACPI: PCI Interrupt Link [LNKA] (IRQs 3 4 5 6 7 10 *11 12 14 15)
2015-02-11T17:34:39.800849-06:00 c0-0c0s2n2 ACPI: PCI Interrupt Link [LNKB] (IRQs 3 4 5 6 7 *10 11 12 14 15)
2015-02-11T17:34:39.801178-06:00 c0-0c0s2n2 ACPI: PCI Interrupt Link [LNKC] (IRQs 3 4 *5 6 10 11 12 14 15)
2015-02-11T17:34:39.825937-06:00 c0-0c0s2n2 ACPI: PCI Interrupt Link [LNKD] (IRQs *3 4 5 6 10 11 12 14 15)
2015-02-11T17:34:39.826356-06:00 c0-0c0s2n2 ACPI: PCI Interrupt Link [LNKE] (IRQs 3 4 5 6 7 10 11 12 14 15) *0
2015-02-11T17:34:39.851226-06:00 c0-0c0s2n2 ACPI: PCI Interrupt Link [LNKF] (IRQs 3 4 5 6 7 10 11 12 14 15) *0
2015-02-11T17:34:39.851547-06:00 c0-0c0s2n2 ACPI: PCI Interrupt Link [LNKG] (IRQs 3 4 5 6 7 10 11 12 14 15) *0
2015-02-11T17:34:39.876520-06:00 c0-0c0s2n2 ACPI: PCI Interrupt Link [LNKH] (IRQs 3 4 5 6 *7 10 11 12 14 15)
2015-02-11T17:34:39.876693-06:00 c0-0c0s2n2 vgaarb: loaded
2015-02-11T17:34:39.876817-06:00 c0-0c0s2n2 SCSI subsystem initialized
2015-02-11T17:34:39.877013-06:00 c0-0c0s2n2 PCI: Using ACPI for IRQ routing
2015-02-11T17:34:39.901870-06:00 c0-0c0s2n2 Switching to clocksource hpet
2015-02-11T17:34:39.902205-06:00 c0-0c0s2n2 pnp: PnP ACPI init
2015-02-11T17:34:39.927076-06:00 c0-0c0s2n2 ACPI: bus type pnp registered
2015-02-11T17:34:39.927389-06:00 c0-0c0s2n2 system 00:01: [mem 0xfc000000-0xfcffffff] has been reserved
2015-02-11T17:34:39.927674-06:00 c0-0c0s2n2 system 00:01: [mem 0xfd000000-0xfdffffff] has been reserved
2015-02-11T17:34:39.952533-06:00 c0-0c0s2n2 system 00:01: [mem 0xfe000000-0xfeafffff] has been reserved
2015-02-11T17:34:39.952722-06:00 c0-0c0s2n2 system 00:01: [mem 0xfeb00000-0xfebfffff] has been reserved
2015-02-11T17:34:39.977776-06:00 c0-0c0s2n2 system 00:01: [mem 0xfed00400-0xfed3ffff] could not be reserved
2015-02-11T17:34:39.978074-06:00 c0-0c0s2n2 system 00:01: [mem 0xfed45000-0xfedfffff] has been reserved
2015-02-11T17:34:39.978325-06:00 c0-0c0s2n2 system 00:02: [mem 0xfbffc000-0xfbffdfff] has been reserved
2015-02-11T17:34:40.003013-06:00 c0-0c0s2n2 system 00:06: [io  0x04d0-0x04d1] has been reserved
2015-02-11T17:34:40.003362-06:00 c0-0c0s2n2 system 00:08: [io  0x0400-0x0453] has been reserved
2015-02-11T17:34:40.028171-06:00 c0-0c0s2n2 system 00:08: [io  0x0458-0x047f] has been reserved
2015-02-11T17:34:40.028468-06:00 c0-0c0s2n2 system 00:08: [io  0x1180-0x119f] has been reserved
2015-02-11T17:34:40.028698-06:00 c0-0c0s2n2 system 00:08: [io  0x0500-0x057f] has been reserved
2015-02-11T17:34:40.053437-06:00 c0-0c0s2n2 system 00:08: [mem 0xfed1c000-0xfed1ffff] has been reserved
2015-02-11T17:34:40.053752-06:00 c0-0c0s2n2 system 00:08: [mem 0xfec00000-0xfecfffff] could not be reserved
2015-02-11T17:34:40.078816-06:00 c0-0c0s2n2 system 00:08: [mem 0xfed08000-0xfed08fff] has been reserved
2015-02-11T17:34:40.079042-06:00 c0-0c0s2n2 system 00:08: [mem 0xff000000-0xffffffff] has been reserved
2015-02-11T17:34:40.103795-06:00 c0-0c0s2n2 system 00:09: [io  0x0454-0x0457] has been reserved
2015-02-11T17:34:40.103992-06:00 c0-0c0s2n2 pnp: PnP ACPI: found 12 devices
2015-02-11T17:34:40.104246-06:00 c0-0c0s2n2 ACPI: ACPI bus type pnp unregistered
2015-02-11T17:34:40.104534-06:00 c0-0c0s2n2 pci 0000:00:02.0: PCI bridge to [bus 01-01]
2015-02-11T17:34:40.129309-06:00 c0-0c0s2n2 pci 0000:00:02.0:   bridge window [io  disabled]
2015-02-11T17:34:40.129540-06:00 c0-0c0s2n2 pci 0000:00:02.0:   bridge window [mem disabled]
2015-02-11T17:34:40.154427-06:00 c0-0c0s2n2 pci 0000:00:02.0:   bridge window [mem 0x3c0000000000-0x3c20000fffff 64bit pref]
2015-02-11T17:34:40.154708-06:00 c0-0c0s2n2 pci 0000:00:03.0: PCI bridge to [bus 02-02]
2015-02-11T17:34:40.154929-06:00 c0-0c0s2n2 pci 0000:00:03.0:   bridge window [io  disabled]
2015-02-11T17:34:40.179782-06:00 c0-0c0s2n2 pci 0000:00:03.0:   bridge window [mem disabled]
2015-02-11T17:34:40.180019-06:00 c0-0c0s2n2 pci 0000:00:03.0:   bridge window [mem pref disabled]
2015-02-11T17:34:40.180264-06:00 c0-0c0s2n2 pci 0000:00:03.2: PCI bridge to [bus 03-03]
2015-02-11T17:34:40.205121-06:00 c0-0c0s2n2 pci 0000:00:03.2:   bridge window [io  disabled]
2015-02-11T17:34:40.205360-06:00 c0-0c0s2n2 pci 0000:00:03.2:   bridge window [mem disabled]
2015-02-11T17:34:40.205568-06:00 c0-0c0s2n2 pci 0000:00:03.2:   bridge window [mem pref disabled]
2015-02-11T17:34:40.230268-06:00 c0-0c0s2n2 pci 0000:00:11.0: PCI bridge to [bus 04-04]
2015-02-11T17:34:40.230532-06:00 c0-0c0s2n2 pci 0000:00:11.0:   bridge window [io  0xe000-0xefff]
2015-02-11T17:34:40.255338-06:00 c0-0c0s2n2 pci 0000:00:11.0:   bridge window [mem 0xfbe00000-0xfbefffff]
2015-02-11T17:34:40.255761-06:00 c0-0c0s2n2 pci 0000:00:11.0:   bridge window [mem 0x3c2000400000-0x3c20008fffff 64bit pref]
2015-02-11T17:34:40.280562-06:00 c0-0c0s2n2 pci 0000:00:1e.0: PCI bridge to [bus 05-05]
2015-02-11T17:34:40.280858-06:00 c0-0c0s2n2 pci 0000:00:1e.0:   bridge window [io  disabled]
2015-02-11T17:34:40.281128-06:00 c0-0c0s2n2 pci 0000:00:1e.0:   bridge window [mem disabled]
2015-02-11T17:34:40.305904-06:00 c0-0c0s2n2 pci 0000:00:1e.0:   bridge window [mem pref disabled]
2015-02-11T17:34:40.306197-06:00 c0-0c0s2n2 pci 0000:00:02.0: PCI INT A -> GSI 32 (level, low) -> IRQ 32
2015-02-11T17:34:40.331137-06:00 c0-0c0s2n2 pci 0000:00:03.0: PCI INT A -> GSI 40 (level, low) -> IRQ 40
2015-02-11T17:34:40.331443-06:00 c0-0c0s2n2 pci 0000:00:03.2: PCI INT A -> GSI 40 (level, low) -> IRQ 40
2015-02-11T17:34:40.331689-06:00 c0-0c0s2n2 pci 0000:00:11.0: PCI INT A -> GSI 16 (level, low) -> IRQ 16
2015-02-11T17:34:40.331817-06:00 c0-0c0s2n2 NET: Registered protocol family 2
2015-02-11T17:34:40.356681-06:00 c0-0c0s2n2 IP route cache hash table entries: 524288 (order: 10, 4194304 bytes)
2015-02-11T17:34:40.356995-06:00 c0-0c0s2n2 TCP established hash table entries: 524288 (order: 11, 8388608 bytes)
2015-02-11T17:34:40.381871-06:00 c0-0c0s2n2 TCP bind hash table entries: 65536 (order: 8, 1048576 bytes)
2015-02-11T17:34:40.382130-06:00 c0-0c0s2n2 TCP: Hash tables configured (established 524288 bind 65536)
2015-02-11T17:34:40.406891-06:00 c0-0c0s2n2 TCP reno registered
2015-02-11T17:34:40.407102-06:00 c0-0c0s2n2 UDP hash table entries: 32768 (order: 8, 1048576 bytes)
2015-02-11T17:34:40.407281-06:00 c0-0c0s2n2 UDP-Lite hash table entries: 32768 (order: 8, 1048576 bytes)
2015-02-11T17:34:40.432257-06:00 c0-0c0s2n2 NET: Registered protocol family 1
2015-02-11T17:34:40.432415-06:00 c0-0c0s2n2 RPC: Registered named UNIX socket transport module.
2015-02-11T17:34:40.457509-06:00 c0-0c0s2n2 RPC: Registered udp transport module.
2015-02-11T17:34:40.457648-06:00 c0-0c0s2n2 RPC: Registered tcp transport module.
2015-02-11T17:34:40.457785-06:00 c0-0c0s2n2 RPC: Registered tcp NFSv4.1 backchannel transport module.
2015-02-11T17:34:40.482965-06:00 c0-0c0s2n2 pci 0000:00:1a.0: PCI INT A -> GSI 16 (level, low) -> IRQ 16
2015-02-11T17:34:40.507957-06:00 c0-0c0s2n2 pci 0000:00:1a.0: PCI INT A disabled
2015-02-11T17:34:40.508136-06:00 c0-0c0s2n2 pci 0000:00:1d.0: PCI INT A -> GSI 23 (level, low) -> IRQ 23
2015-02-11T17:34:40.533310-06:00 c0-0c0s2n2 pci 0000:00:1d.0: PCI INT A disabled
2015-02-11T17:34:40.533393-06:00 c0-0c0s2n2 Trying to unpack rootfs image as initramfs...
2015-02-11T17:34:40.987138-06:00 c0-0c0s2n2 Freeing initrd memory: 12352k freed
2015-02-11T17:34:40.987429-06:00 c0-0c0s2n2 DMAR: Device scope device [0000:00:01.01] not found
2015-02-11T17:34:40.987647-06:00 c0-0c0s2n2 DMAR: Device scope device [0000:00:01.01] not found
2015-02-11T17:34:41.012601-06:00 c0-0c0s2n2 PCI-DMA: Using software bounce buffering for IO (SWIOTLB)
2015-02-11T17:34:41.012820-06:00 c0-0c0s2n2 Placing 64MB software IO TLB between ffff88007a67c000 - ffff88007e67c000
2015-02-11T17:34:41.037601-06:00 c0-0c0s2n2 software IO TLB at phys 0x7a67c000 - 0x7e67c000
2015-02-11T17:34:41.037878-06:00 c0-0c0s2n2 Machine check injector initialized
2015-02-11T17:34:41.038056-06:00 c0-0c0s2n2 futex hash table entries: 4096 (order: 6, 262144 bytes)
2015-02-11T17:34:41.063004-06:00 c0-0c0s2n2 Registering pnotify support for (name=job)
2015-02-11T17:34:41.063119-06:00 c0-0c0s2n2 CSA: initialized
2015-02-11T17:34:41.063364-06:00 c0-0c0s2n2 audit: initializing netlink socket (disabled)
2015-02-11T17:34:41.088029-06:00 c0-0c0s2n2 type=2000 audit(1423697674.532:1): initialized
2015-02-11T17:34:41.113727-06:00 c0-0c0s2n2 HugeTLB registered 2 MB page size, pre-allocated 0 pages
2015-02-11T17:34:41.138537-06:00 c0-0c0s2n2 VFS: Disk quotas dquot_6.5.2
2015-02-11T17:34:41.138832-06:00 c0-0c0s2n2 Dquot-cache hash table entries: 512 (order 0, 4096 bytes)
2015-02-11T17:34:41.139055-06:00 c0-0c0s2n2 Installing knfsd (copyright (C) 1996 okir@monad.swb.de).
2015-02-11T17:34:41.163877-06:00 c0-0c0s2n2 fuse init (API version 7.16)
2015-02-11T17:34:41.164050-06:00 c0-0c0s2n2 Installing v9fs 9p2000 file system support
2015-02-11T17:34:41.164218-06:00 c0-0c0s2n2 msgmni has been set to 32268
2015-02-11T17:34:41.189038-06:00 c0-0c0s2n2 Block layer SCSI generic (bsg) driver version 0.4 loaded (major 254)
2015-02-11T17:34:41.189199-06:00 c0-0c0s2n2 io scheduler noop registered (default)
2015-02-11T17:34:41.214286-06:00 c0-0c0s2n2 io scheduler deadline registered
2015-02-11T17:34:41.214329-06:00 c0-0c0s2n2 io scheduler cfq registered
2015-02-11T17:34:41.214495-06:00 c0-0c0s2n2 input: Power Button as /devices/LNXSYSTM:00/LNXSYBUS:00/PNP0C0C:00/input/input0
2015-02-11T17:34:41.214567-06:00 c0-0c0s2n2 ACPI: Power Button [PWRB]
2015-02-11T17:34:41.239651-06:00 c0-0c0s2n2 input: Power Button as /devices/LNXSYSTM:00/LNXPWRBN:00/input/input1
2015-02-11T17:34:41.239740-06:00 c0-0c0s2n2 ACPI: Power Button [PWRF]
2015-02-11T17:34:41.340531-06:00 c0-0c0s2n2 ERST: Error Record Serialization Table (ERST) support is disabled.
2015-02-11T17:34:41.340607-06:00 c0-0c0s2n2 GHES: HEST is not enabled!
2015-02-11T17:34:41.391196-06:00 c0-0c0s2n2 Serial: 8250/16550 driver, 2 ports, IRQ sharing disabled
2015-02-11T17:34:41.416204-06:00 c0-0c0s2n2 serial8250: ttyS0 at I/O 0x3f8 (irq = 4) is a 16550A
2015-02-11T17:34:41.517099-06:00 c0-0c0s2n2 serial8250: ttyS1 at I/O 0x2f8 (irq = 3) is a 16550A
2015-02-11T17:34:41.593016-06:00 c0-0c0s2n2 Real Time Clock Driver v1.12b
2015-02-11T17:34:41.593094-06:00 c0-0c0s2n2 Linux agpgart interface v0.103
2015-02-11T17:34:41.593175-06:00 c0-0c0s2n2 brd: module loaded
2015-02-11T17:34:41.593207-06:00 c0-0c0s2n2 loop: module loaded
2015-02-11T17:34:41.618069-06:00 c0-0c0s2n2 Loading iSCSI transport class v2.0-870.
2015-02-11T17:34:41.618129-06:00 c0-0c0s2n2 iscsi: registered transport (tcp)
2015-02-11T17:34:41.618221-06:00 c0-0c0s2n2 Rounding down aligned max_sectors from 4294967295 to 4294967288
2015-02-11T17:34:41.668409-06:00 c0-0c0s2n2 console [netcon0] enabled
2015-02-11T17:34:41.668466-06:00 c0-0c0s2n2 netconsole: network logging started
2015-02-11T17:34:41.668531-06:00 c0-0c0s2n2 i8042: PNP: No PS/2 controller found. Probing ports directly.
2015-02-11T17:34:42.042099-06:00 c0-0c0s2n2 Refined TSC clocksource calibration: 2599.996 MHz.
2015-02-11T17:34:42.067309-06:00 c0-0c0s2n2 Switching to clocksource tsc
2015-02-11T17:34:42.689735-06:00 c0-0c0s2n2 i8042: No controller found
2015-02-11T17:34:42.689815-06:00 c0-0c0s2n2 EDAC MC: Ver: 2.1.0
2015-02-11T17:34:42.689947-06:00 c0-0c0s2n2 cpuidle: using governor ladder
2015-02-11T17:34:42.714985-06:00 c0-0c0s2n2 cpuidle: using governor menu
2015-02-11T17:34:42.740003-06:00 c0-0c0s2n2 oprofile: using NMI interrupt.
2015-02-11T17:34:42.740169-06:00 c0-0c0s2n2 TCP cubic registered
2015-02-11T17:34:42.740265-06:00 c0-0c0s2n2 NET: Registered protocol family 10
2015-02-11T17:34:43.461210-06:00 c0-0c0s2n2 IPv6 over IPv4 tunneling driver
2015-02-11T17:34:43.461236-06:00 c0-0c0s2n2 NET: Registered protocol family 17
2015-02-11T17:34:43.461242-06:00 c0-0c0s2n2 Installing 9P2000 support
2015-02-11T17:34:43.461250-06:00 c0-0c0s2n2 Registering the dns_resolver key type
2015-02-11T17:34:43.461256-06:00 c0-0c0s2n2 registered taskstats version 1
2015-02-11T17:34:43.461262-06:00 c0-0c0s2n2 Freeing unused kernel memory: 692k freed
2015-02-11T17:34:43.461267-06:00 c0-0c0s2n2 ghal_init:Cray(R) Gemini Hardware Abstraction Layer - version 1.0107
2015-02-11T17:34:43.461272-06:00 c0-0c0s2n2 ghal_init:Copyright (C) 2007-1012 Cray Inc.
2015-02-11T17:34:43.461285-06:00 c0-0c0s2n2 ghal 0000:01:00.1: enabling device (0000 -> 0002)
2015-02-11T17:34:43.461296-06:00 c0-0c0s2n2 udev: starting version 147
2015-02-11T17:34:43.461302-06:00 c0-0c0s2n2 simplex: module license 'unspecified' taints kernel.
2015-02-11T17:34:43.461310-06:00 c0-0c0s2n2 hss-os: communication area 0xffff881008340800 (phys 0x1008340800)
2015-02-11T17:34:43.461318-06:00 c0-0c0s2n2 hss-os: new channel 1
2015-02-11T17:34:44.593641-06:00 c0-0c0s2n2 request_sys_info_from_L0: No tile dimension data
2015-02-11T17:34:44.593650-06:00 c0-0c0s2n2 hss-os: new channel 2
2015-02-11T17:34:44.593656-06:00 c0-0c0s2n2 kgni_init:Cray(R) Gemini Network Interface - Sep 17 2014 version 0x004500b7 rev 9750
2015-02-11T17:34:44.593661-06:00 c0-0c0s2n2 kgni_init:Copyright (C) 2007,2008 Cray Inc.
2015-02-11T17:34:44.593674-06:00 c0-0c0s2n2 ipogif_init:Cray(R) Gemini IP over Fabric device driver - version 0.17
2015-02-11T17:34:44.593683-06:00 c0-0c0s2n2 ipogif_init:Copyright (C) 2007 Cray Inc.
2015-02-11T17:34:44.593687-06:00 c0-0c0s2n2 ipogif_probe:Immediate checksum off
2015-02-11T17:34:44.593704-06:00 c0-0c0s2n2 Cray(R) Gemini Performance Counter Daemon - version 0.1
2015-02-11T17:34:44.593712-06:00 c0-0c0s2n2 GEMINI Performance Counter Daemon.
2015-02-11T17:34:44.593721-06:00 c0-0c0s2n2 Cray(R) Kernel Dynamic Registration (KDREG) Interface - version 0x2243e
2015-02-11T17:34:44.593726-06:00 c0-0c0s2n2 Copyright (C) 2004-5 Pete Wyckoff - modified by Cray(R)
2015-02-11T17:34:44.744845-06:00 c0-0c0s2n2 ipogif_up:Bringing interface up
2015-02-11T17:34:44.885471-06:00 c0-0c0s2n2 Sending ec_node_info with boot code 0 (NODE_INFO_OS_BOOT) for nid 10
2015-02-11T17:34:44.885479-06:00 c0-0c0s2n2 net.core.rmem_max = 16777216
2015-02-11T17:34:44.885491-06:00 c0-0c0s2n2 net.core.wmem_max = 16777216
2015-02-11T17:34:44.885498-06:00 c0-0c0s2n2 net.core.rmem_default = 16777216
2015-02-11T17:34:44.885503-06:00 c0-0c0s2n2 net.core.wmem_default = 16777216
2015-02-11T17:34:44.886349-06:00 c0-0c0s2n2 net.core.optmem_max = 16777216
2015-02-11T17:34:44.886377-06:00 c0-0c0s2n2 net.ipv4.tcp_mem = 16777216 16777216 16777216
2015-02-11T17:34:44.886408-06:00 c0-0c0s2n2 net.ipv4.tcp_rmem = 4096 87380 16777216
2015-02-11T17:34:44.886419-06:00 c0-0c0s2n2 net.ipv4.tcp_wmem = 4096 65536 16777216
2015-02-11T17:34:44.886447-06:00 c0-0c0s2n2 Using rootfs config: nfs-shared...
2015-02-11T17:34:44.886463-06:00 c0-0c0s2n2 rootfs mount succeeded.
2015-02-11T17:34:44.886479-06:00 c0-0c0s2n2 **********************************************************
2015-02-11T17:34:44.886491-06:00 c0-0c0s2n2    HOSTNAME: nid00010
2015-02-11T17:34:44.886503-06:00 c0-0c0s2n2 **********************************************************
2015-02-11T17:34:44.886516-06:00 c0-0c0s2n2 ipogif0   Link encap:Ethernet  HWaddr 00:01:01:00:00:0A  
2015-02-11T17:34:44.886543-06:00 c0-0c0s2n2          inet addr:10.128.0.11  Mask:255.252.0.0
2015-02-11T17:34:44.886574-06:00 c0-0c0s2n2          inet6 addr: fe80::201:1ff:fe00:a/64 Scope:Link
2015-02-11T17:34:44.886585-06:00 c0-0c0s2n2          UP RUNNING NOARP  MTU:65520  Metric:1
2015-02-11T17:34:44.886618-06:00 c0-0c0s2n2          RX packets:21 errors:0 dropped:0 overruns:0 frame:0
2015-02-11T17:34:44.886634-06:00 c0-0c0s2n2          TX packets:28 errors:0 dropped:0 overruns:0 carrier:0
2015-02-11T17:34:44.886667-06:00 c0-0c0s2n2          collisions:0 txqueuelen:1000 
2015-02-11T17:34:44.886678-06:00 c0-0c0s2n2          RX bytes:2496 (2.4 KiB)  TX bytes:2540 (2.4 KiB)
2015-02-11T17:34:44.886691-06:00 c0-0c0s2n2 lo        Link encap:Local Loopback  
2015-02-11T17:34:44.886719-06:00 c0-0c0s2n2          inet addr:127.0.0.1  Mask:255.0.0.0
2015-02-11T17:34:44.886771-06:00 c0-0c0s2n2          inet6 addr: ::1/128 Scope:Host
2015-02-11T17:34:44.886953-06:00 c0-0c0s2n2          UP LOOPBACK RUNNING  MTU:16436  Metric:1
2015-02-11T17:34:44.886992-06:00 c0-0c0s2n2          RX packets:0 errors:0 dropped:0 overruns:0 frame:0
2015-02-11T17:34:44.911331-06:00 c0-0c0s2n2          TX packets:0 errors:0 dropped:0 overruns:0 carrier:0
2015-02-11T17:34:44.911408-06:00 c0-0c0s2n2          collisions:0 txqueuelen:0 
2015-02-11T17:34:44.911491-06:00 c0-0c0s2n2          RX bytes:0 (0.0 B)  TX bytes:0 (0.0 B)
2015-02-11T17:34:44.911565-06:00 c0-0c0s2n2 Mounting NID specific /etc (nid=10)...
2015-02-11T17:34:44.911574-06:00 c0-0c0s2n2 done.
2015-02-11T17:34:45.077584-06:00 c0-0c0s2n2 INIT: version 2.86 booting
2015-02-11T17:34:45.077875-06:00 c0-0c0s2n2 System Boot Control: Running /etc/init.d/boot
2015-02-11T17:34:45.102762-06:00 c0-0c0s2n2 Mounting sysfs at /sys7[?25l
2015-02-11T17:34:45.102771-06:00 c0-0c0s2n2 [80C[10D[1;32mdone[m8[?25h
2015-02-11T17:34:45.127951-06:00 c0-0c0s2n2 Copying static /dev content7[?25l
2015-02-11T17:34:45.127957-06:00 c0-0c0s2n2 [80C[10D[1;32mdone[m8[?25h
2015-02-11T17:34:45.128004-06:00 c0-0c0s2n2 Mounting tmpfs at /dev/shm7[?25l
2015-02-11T17:34:45.128013-06:00 c0-0c0s2n2 [80C[10D[1;32mdone[m8[?25h
2015-02-11T17:34:45.128089-06:00 c0-0c0s2n2 Mounting devpts at /dev/pts7[?25l
2015-02-11T17:34:45.128097-06:00 c0-0c0s2n2 [80C[10D[1;32mdone[m8[?25h
2015-02-11T17:34:45.128172-06:00 c0-0c0s2n2 Boot logging started on /dev/ttyS0(/dev/console) at Wed Feb 11 17:34:38 2015
2015-02-11T17:34:45.203621-06:00 c0-0c0s2n2 Mounting debugfs at /sys/kernel/debug7[?25l
2015-02-11T17:34:45.203628-06:00 c0-0c0s2n2 [80C[10D[1;32mdone[m8[?25h
2015-02-11T17:34:45.254109-06:00 c0-0c0s2n2 [m[?25hNo efivars filesystem driver available.[m[?25hStarting udevd: udev: starting version 147
2015-02-11T17:34:45.254132-06:00 c0-0c0s2n2 7[?25l
2015-02-11T17:34:45.254140-06:00 c0-0c0s2n2 [80C[10D[1;32mdone[m8[?25h
2015-02-11T17:34:45.329804-06:00 c0-0c0s2n2 Loading drivers, configuring devices: usbcore: registered new interface driver usbfs
2015-02-11T17:34:45.329854-06:00 c0-0c0s2n2 ahci 0000:00:1f.2: PCI INT B -> GSI 19 (level, low) -> IRQ 19
2015-02-11T17:34:45.329890-06:00 c0-0c0s2n2 usbcore: registered new interface driver hub
2015-02-11T17:34:45.329936-06:00 c0-0c0s2n2 usbcore: registered new device driver usb
2015-02-11T17:34:45.330070-06:00 c0-0c0s2n2 ahci 0000:00:1f.2: forcing PORTS_IMPL to 0x3f
2015-02-11T17:34:45.330197-06:00 c0-0c0s2n2 ahci 0000:00:1f.2: AHCI 0001.0300 32 slots 6 ports 6 Gbps 0x3f impl SATA mode
2015-02-11T17:34:45.355098-06:00 c0-0c0s2n2 ahci 0000:00:1f.2: flags: 64bit ncq sntf pm led clo pio slum part ems apst 
2015-02-11T17:34:45.355133-06:00 c0-0c0s2n2 scsi0 : ahci
2015-02-11T17:34:45.355200-06:00 c0-0c0s2n2 ehci_hcd: USB 2.0 'Enhanced' Host Controller (EHCI) Driver
2015-02-11T17:34:45.355221-06:00 c0-0c0s2n2 scsi1 : ahci
2015-02-11T17:34:45.380235-06:00 c0-0c0s2n2 scsi2 : ahci
2015-02-11T17:34:45.380311-06:00 c0-0c0s2n2 scsi3 : ahci
2015-02-11T17:34:45.380425-06:00 c0-0c0s2n2 scsi4 : ahci
2015-02-11T17:34:45.380434-06:00 c0-0c0s2n2 scsi5 : ahci
2015-02-11T17:34:45.380536-06:00 c0-0c0s2n2 ata2: SATA max UDMA/133 abar m2048@0xfbf00000 port 0xfbf00100 irq 164
2015-02-11T17:34:45.405684-06:00 c0-0c0s2n2 ata3: SATA max UDMA/133 abar m2048@0xfbf00000 port 0xfbf00180 irq 164
2015-02-11T17:34:45.405900-06:00 c0-0c0s2n2 ata4: SATA max UDMA/133 abar m2048@0xfbf00000 port 0xfbf00200 irq 164
2015-02-11T17:34:45.430903-06:00 c0-0c0s2n2 ata5: SATA max UDMA/133 abar m2048@0xfbf00000 port 0xfbf00280 irq 164
2015-02-11T17:34:45.430990-06:00 c0-0c0s2n2 ata6: SATA max UDMA/133 abar m2048@0xfbf00000 port 0xfbf00300 irq 164
2015-02-11T17:34:45.431149-06:00 c0-0c0s2n2 ata7: SATA max UDMA/133 abar m2048@0xfbf00000 port 0xfbf00380 irq 164
2015-02-11T17:34:45.456029-06:00 c0-0c0s2n2 ehci_hcd 0000:00:1a.0: PCI INT A -> GSI 16 (level, low) -> IRQ 16
2015-02-11T17:34:45.456138-06:00 c0-0c0s2n2 ehci_hcd 0000:00:1a.0: EHCI Host Controller
2015-02-11T17:34:45.481188-06:00 c0-0c0s2n2 ehci_hcd 0000:00:1a.0: new USB bus registered, assigned bus number 1
2015-02-11T17:34:45.506432-06:00 c0-0c0s2n2 ehci_hcd 0000:00:1a.0: debug port 2
2015-02-11T17:34:45.506509-06:00 c0-0c0s2n2 ehci_hcd 0000:00:1a.0: irq 16, io mem 0xfbf02000
2015-02-11T17:34:45.531625-06:00 c0-0c0s2n2 ehci_hcd 0000:00:1a.0: USB 2.0 started, EHCI 1.00
2015-02-11T17:34:45.531688-06:00 c0-0c0s2n2 hub 1-0:1.0: USB hub found
2015-02-11T17:34:45.531739-06:00 c0-0c0s2n2 hub 1-0:1.0: 2 ports detected
2015-02-11T17:34:45.531880-06:00 c0-0c0s2n2 ehci_hcd 0000:00:1d.0: PCI INT A -> GSI 23 (level, low) -> IRQ 23
2015-02-11T17:34:45.556870-06:00 c0-0c0s2n2 ehci_hcd 0000:00:1d.0: EHCI Host Controller
2015-02-11T17:34:45.556927-06:00 c0-0c0s2n2 ehci_hcd 0000:00:1d.0: new USB bus registered, assigned bus number 2
2015-02-11T17:34:45.556967-06:00 c0-0c0s2n2 ehci_hcd 0000:00:1d.0: debug port 2
2015-02-11T17:34:45.557066-06:00 c0-0c0s2n2 ehci_hcd 0000:00:1d.0: irq 23, io mem 0xfbf01000
2015-02-11T17:34:45.607406-06:00 c0-0c0s2n2 ehci_hcd 0000:00:1d.0: USB 2.0 started, EHCI 1.00
2015-02-11T17:34:45.607478-06:00 c0-0c0s2n2 hub 2-0:1.0: USB hub found
2015-02-11T17:34:45.607538-06:00 c0-0c0s2n2 hub 2-0:1.0: 2 ports detected
2015-02-11T17:34:45.875467-06:00 c0-0c0s2n2 usb 1-1: new high-speed USB device number 2 using ehci_hcd
2015-02-11T17:34:45.976675-06:00 c0-0c0s2n2 hub 1-1:1.0: USB hub found
2015-02-11T17:34:46.001668-06:00 c0-0c0s2n2 hub 1-1:1.0: 6 ports detected
2015-02-11T17:34:46.127772-06:00 c0-0c0s2n2 usb 2-1: new high-speed USB device number 2 using ehci_hcd
2015-02-11T17:34:46.253889-06:00 c0-0c0s2n2 hub 2-1:1.0: USB hub found
2015-02-11T17:34:46.279125-06:00 c0-0c0s2n2 hub 2-1:1.0: 8 ports detected
2015-02-11T17:34:46.481082-06:00 c0-0c0s2n2 ata5: failed to resume link (SControl 0)
2015-02-11T17:34:46.481152-06:00 c0-0c0s2n2 ata5: SATA link down (SStatus 0 SControl 0)
2015-02-11T17:34:46.481244-06:00 c0-0c0s2n2 ata3: failed to resume link (SControl 0)
2015-02-11T17:34:46.506229-06:00 c0-0c0s2n2 ata3: SATA link down (SStatus 0 SControl 0)
2015-02-11T17:34:46.506267-06:00 c0-0c0s2n2 ata2: failed to resume link (SControl 0)
2015-02-11T17:34:46.506306-06:00 c0-0c0s2n2 ata2: SATA link down (SStatus 0 SControl 0)
2015-02-11T17:34:46.506380-06:00 c0-0c0s2n2 ata6: failed to resume link (SControl 0)
2015-02-11T17:34:46.531417-06:00 c0-0c0s2n2 ata6: SATA link down (SStatus 0 SControl 0)
2015-02-11T17:34:46.556673-06:00 c0-0c0s2n2 ata7: failed to resume link (SControl 0)
2015-02-11T17:34:46.556722-06:00 c0-0c0s2n2 ata7: SATA link down (SStatus 0 SControl 0)
2015-02-11T17:34:46.556834-06:00 c0-0c0s2n2 ata4: failed to resume link (SControl 0)
2015-02-11T17:34:46.556876-06:00 c0-0c0s2n2 ata4: SATA link down (SStatus 0 SControl 0)
2015-02-11T17:34:46.581908-06:00 c0-0c0s2n2 7[?25l
2015-02-11T17:34:46.581914-06:00 c0-0c0s2n2 [80C[10D[1;32mdone[m8[?25h
2015-02-11T17:34:46.632336-06:00 c0-0c0s2n2 [m[?25hMounting /var from 10.131.255.254. Checking for nid=10 existance.
2015-02-11T17:34:46.783815-06:00 c0-0c0s2n2 7[?25l
2015-02-11T17:34:46.783824-06:00 c0-0c0s2n2 [80C[10D[1;32mdone[m8[?25h
2015-02-11T17:34:46.834474-06:00 c0-0c0s2n2 Mounting tmpfs on /tmp7[?25l
2015-02-11T17:34:46.834485-06:00 c0-0c0s2n2 [80C[10D[1;32mdone[m8[?25h
2015-02-11T17:34:46.834495-06:00 c0-0c0s2n2 Running sysctl using values from /etc/sysctl.conf
2015-02-11T17:34:46.834520-06:00 c0-0c0s2n2 net.ipv4.icmp_echo_ignore_broadcasts = 1
2015-02-11T17:34:46.834531-06:00 c0-0c0s2n2 net.ipv4.conf.all.rp_filter = 1
2015-02-11T17:34:46.834544-06:00 c0-0c0s2n2 fs.inotify.max_user_watches = 65536
2015-02-11T17:34:46.834555-06:00 c0-0c0s2n2 net.ipv4.conf.default.promote_secondaries = 1
2015-02-11T17:34:46.834578-06:00 c0-0c0s2n2 net.ipv4.conf.all.promote_secondaries = 1
2015-02-11T17:34:46.834589-06:00 c0-0c0s2n2 vm.min_free_kbytes = 102400
2015-02-11T17:34:46.859494-06:00 c0-0c0s2n2 7[?25l
2015-02-11T17:34:46.859506-06:00 c0-0c0s2n2 [80C[10D[1;32mdone[m8[?25h
2015-02-11T17:34:46.884722-06:00 c0-0c0s2n2 [m[?25hActivating swap-devices in /etc/fstab...
2015-02-11T17:34:46.884787-06:00 c0-0c0s2n2 7[?25l[1A
2015-02-11T17:34:46.884795-06:00 c0-0c0s2n2 [80C[10D[1;32mdone[m8[?25hroot file system (/) is NOT being checked.
2015-02-11T17:34:47.622385-06:00 c0-0c0s2n2 [m[?25hSet System Time to the current Hardware Clock7[?25l
2015-02-11T17:34:47.622394-06:00 c0-0c0s2n2 [80C[10D[1;32mdone[m8[?25h
2015-02-11T17:34:47.647653-06:00 c0-0c0s2n2 [m[?25hActivating device mapper...
2015-02-11T17:34:47.672920-06:00 c0-0c0s2n2 device-mapper: ioctl: 4.23.0-ioctl (2012-07-25) initialised: dm-devel@redhat.com
2015-02-11T17:34:47.672960-06:00 c0-0c0s2n2 7[?25l
2015-02-11T17:34:47.672975-06:00 c0-0c0s2n2 [80C[10D[1;32mdone[m8[?25h
2015-02-11T17:34:47.673030-06:00 c0-0c0s2n2 [m[?25hLoading required kernel modules
2015-02-11T17:34:47.723343-06:00 c0-0c0s2n2 7[?25l[1A
2015-02-11T17:34:47.723362-06:00 c0-0c0s2n2 [80C[10D[1;32mdone[m8[?25h[m[?25h[m[?25hWaiting for udev to settle...
2015-02-11T17:34:47.723490-06:00 c0-0c0s2n2 Scanning for LVM volume groups...
2015-02-11T17:34:47.723550-06:00 c0-0c0s2n2  Reading all physical volumes.  This may take a while...
2015-02-11T17:34:47.748582-06:00 c0-0c0s2n2  No volume groups found
2015-02-11T17:34:47.748647-06:00 c0-0c0s2n2  No volume groups found
2015-02-11T17:34:47.748684-06:00 c0-0c0s2n2 Activating LVM volume groups...
2015-02-11T17:34:47.748757-06:00 c0-0c0s2n2  PARTIAL MODE. Incomplete logical volumes will be processed.
2015-02-11T17:34:47.773781-06:00 c0-0c0s2n2  No volume groups found
2015-02-11T17:34:47.773817-06:00 c0-0c0s2n2 7[?25l
2015-02-11T17:34:47.773822-06:00 c0-0c0s2n2 [80C[10D[1;32mdone[m8[?25h
2015-02-11T17:34:47.799063-06:00 c0-0c0s2n2 [m[?25hNo fibre channel cards present.  Not waiting for disk devices. 
2015-02-11T17:34:47.824335-06:00 c0-0c0s2n2 [m[?25hChecking file systems...
2015-02-11T17:34:47.824350-06:00 c0-0c0s2n2 fsck from util-linux 2.19.1
2015-02-11T17:34:47.824372-06:00 c0-0c0s2n2 Checking all file systems.
2015-02-11T17:34:47.824392-06:00 c0-0c0s2n2 7[?25l[1A
2015-02-11T17:34:47.824406-06:00 c0-0c0s2n2 [80C[10D[1;32mdone[m8[?25hMounting local file systems...
2015-02-11T17:34:47.849625-06:00 c0-0c0s2n2 nothing was mounted
2015-02-11T17:34:48.101905-06:00 c0-0c0s2n2 7[?25l[1A
2015-02-11T17:34:48.101911-06:00 c0-0c0s2n2 [80C[10D[1;32mdone[m8[?25h[m[?25hCheck if the profiles matches the system7[?25l
2015-02-11T17:34:48.101915-06:00 c0-0c0s2n2 [80C[10D[1;32mdone[m8[?25h
2015-02-11T17:34:48.127146-06:00 c0-0c0s2n2 [m[?25hEnabling monitoring on LVM volume groups...
2015-02-11T17:34:48.127168-06:00 c0-0c0s2n2  No volume groups found
2015-02-11T17:34:48.152345-06:00 c0-0c0s2n2 7[?25l
2015-02-11T17:34:48.152355-06:00 c0-0c0s2n2 [80C[10D[1;32mdone[m8[?25h
2015-02-11T17:34:48.203164-06:00 c0-0c0s2n2 [m[?25h[m[?25h[m[?25h[m[?25h[m[?25hTurning quota on
2015-02-11T17:34:48.203238-06:00 c0-0c0s2n2 Checking quotas. This may take some time.
2015-02-11T17:34:48.203257-06:00 c0-0c0s2n2 7[?25l
2015-02-11T17:34:48.203266-06:00 c0-0c0s2n2 [80C[10D[1;32mdone[m8[?25h
2015-02-11T17:34:48.228398-06:00 c0-0c0s2n2 [m[?25hSetting current sysctl status from /etc/sysctl.conf7[?25l
2015-02-11T17:34:48.228413-06:00 c0-0c0s2n2 [80C[10D[1;32mdone[m8[?25h
2015-02-11T17:34:48.405034-06:00 c0-0c0s2n2 [m[?25hATTENTION: You have modified /etc/resolv.conf.  Leaving it untouched...
2015-02-11T17:34:48.405079-06:00 c0-0c0s2n2 You can find my version in /tmp/resolv.conf.txiPoy ...
2015-02-11T17:34:48.405099-06:00 c0-0c0s2n2 touch: cannot touch `/etc/yp.conf': Read-only file system
2015-02-11T17:34:48.405122-06:00 c0-0c0s2n2 chmod: cannot access `/etc/yp.conf': No such file or directory
2015-02-11T17:34:48.405146-06:00 c0-0c0s2n2 touch: cannot touch `/etc/yp.conf': Read-only file system
2015-02-11T17:34:48.430272-06:00 c0-0c0s2n2 [m[?25hSystem Boot Control: The system has been 
2015-02-11T17:34:48.430282-06:00 c0-0c0s2n2 [80C[10D[1mset up[m
2015-02-11T17:34:48.430303-06:00 c0-0c0s2n2 Skipped features: [80C[19D[1;33mboot.efivars[m
2015-02-11T17:34:48.430314-06:00 c0-0c0s2n2 System Boot Control: Running /etc/init.d/boot.local
2015-02-11T17:34:48.455491-06:00 c0-0c0s2n2 7[?25l[1A
2015-02-11T17:34:48.455504-06:00 c0-0c0s2n2 [8
2015-02-11T17:34:48.455509-06:00 c0-0c0s2n2 INIT: Entering runlevel: 3
2015-02-11T17:34:48.490465-06:00 c0-0c0s2n2 Master Resource Control: previous runlevel: N, switching to runlevel: 
2015-02-11T17:34:48.490477-06:00 c0-0c0s2n2 [80C[10D[1m3[m
2015-02-11T17:34:48.515704-06:00 c0-0c0s2n2 Starting batchlimitd
2015-02-11T17:34:48.540975-06:00 c0-0c0s2n2 [m[?25hLoading nic compatibility device7[?25l
2015-02-11T17:34:48.540987-06:00 c0-0c0s2n2 [80C[10D[1;32mdone[m8[?25h
2015-02-11T17:34:48.678261-06:00 c0-0c0s2n2 [m[?25hbpmcd_init: Power statistics available in /sys/cray
2015-02-11T17:34:48.716561-06:00 c0-0c0s2n2 [m[?25hStarting D-Bus daemon7[?25l
2015-02-11T17:34:48.716579-06:00 c0-0c0s2n2 [80C[10D[1;32mdone[m8[?25h
2015-02-11T17:34:48.767032-06:00 c0-0c0s2n2 [m[?25hiSCSI Enterprise Target Software - version trunk
2015-02-11T17:34:48.767064-06:00 c0-0c0s2n2 iscsi_trgt: Registered io type fileio
2015-02-11T17:34:48.767073-06:00 c0-0c0s2n2 iscsi_trgt: Registered io type blockio
2015-02-11T17:34:48.792252-06:00 c0-0c0s2n2 iscsi_trgt: Registered io type nullio
2015-02-11T17:34:48.817453-06:00 c0-0c0s2n2 [m[?25hLNet: HW CPU cores: 16, npartitions: 4
2015-02-11T17:34:53.842717-06:00 c0-0c0s2n2 /etc/init.d/rc3.d/S01lnet: line 179: lctl: command not found
2015-02-11T17:34:53.867895-06:00 c0-0c0s2n2 [m[?25hRemoving old kernel packages...
2015-02-11T17:34:53.867947-06:00 c0-0c0s2n2 rm: cannot remove `/boot/do_purge_kernels': Read-only file system
2015-02-11T17:34:53.893152-06:00 c0-0c0s2n2 /sbin/purge-kernels: multiversion.kernels not configured in /etc/zypp/zypp.conf, exiting.
2015-02-11T17:34:53.893229-06:00 c0-0c0s2n2 7[?25l
2015-02-11T17:34:53.893238-06:00 c0-0c0s2n2 [80C[10D[1;32mdone[m8[?25h
2015-02-11T17:34:53.943565-06:00 c0-0c0s2n2 [m[?25hInitializing random number generator7[?25l
2015-02-11T17:34:53.943589-06:00 c0-0c0s2n2 [80C[10D[1;32mdone[m8[?25h
2015-02-11T17:34:54.019441-06:00 c0-0c0s2n2 [m[?25hCompat-rdma backport release: ac916cb
2015-02-11T17:34:54.044528-06:00 c0-0c0s2n2 Backport based on git://git.openfabrics.org/compat-rdma/compat.git 5268562
2015-02-11T17:34:54.044618-06:00 c0-0c0s2n2 compat.git: git://git.openfabrics.org/compat-rdma/compat.git
2015-02-11T17:34:54.145627-06:00 c0-0c0s2n2 Loading HCA driver and Access Layer:[60G[  [1;32mOK[0;39m  ]
2015-02-11T17:34:54.171002-06:00 c0-0c0s2n2 Setting up InfiniBand network interfaces:
2015-02-11T17:34:54.171166-06:00 c0-0c0s2n2 Setting up service network . . .[60G[  [0;39mdone[0;39m  ]
2015-02-11T17:34:54.313477-06:00 c0-0c0s2n2 [m[?25hSetting up (localfs) network interfaces:
2015-02-11T17:34:54.439683-06:00 c0-0c0s2n2    lo        
2015-02-11T17:34:54.490098-06:00 c0-0c0s2n2    lo        IP address: 127.0.0.1/8   
2015-02-11T17:34:54.490125-06:00 c0-0c0s2n2              IP address: 127.0.0.2/8   
2015-02-11T17:34:54.635421-06:00 c0-0c0s2n2 7[?25l[1A
2015-02-11T17:34:54.635431-06:00 c0-0c0s2n2 [80C[10D[1;32mdone[m8[?25h    ipogif0   
2015-02-11T17:34:54.635460-06:00 c0-0c0s2n2              No configuration found for ipogif0
2015-02-11T17:34:54.660760-06:00 c0-0c0s2n2 7[?25l[1A
2015-02-11T17:34:54.660769-06:00 c0-0c0s2n2 [80C[10D[1munused[m8[?25hSetting up service (localfs) network  .  .  .  .  .  .  .  .  .  .7[?25l
2015-02-11T17:34:54.660780-06:00 c0-0c0s2n2 [80C[10D[1;32mdone[m8[?25h
2015-02-11T17:34:54.686139-06:00 c0-0c0s2n2 [m[?25hCould not start BND as this is not the boot node.
2015-02-11T17:34:54.686193-06:00 c0-0c0s2n2 bootnodes are: 1 1 
2015-02-11T17:34:54.686250-06:00 c0-0c0s2n2 mynid=10
2015-02-11T17:34:54.712070-06:00 c0-0c0s2n2 [m[?25hS04cray-config-service: Mounting 9p configuration directory. 
2015-02-11T17:34:55.742511-06:00 c0-0c0s2n2 S04cray-config-service:   Success.  
2015-02-11T17:34:55.793152-06:00 c0-0c0s2n2 [m[?25h[m[?25hStarting hw_info_init on 10
2015-02-11T17:34:55.793349-06:00 c0-0c0s2n2 bootnodes are: 1 1 
2015-02-11T17:34:55.793740-06:00 c0-0c0s2n2 mynid=10
2015-02-11T17:34:56.195727-06:00 c0-0c0s2n2 [m[?25h[m[?25h 
2015-02-11T17:34:56.220713-06:00 c0-0c0s2n2 cray-syslog: **WARNING**  /etc/security/limits.conf MAY require hard and soft file limits 
2015-02-11T17:34:56.220742-06:00 c0-0c0s2n2 cray-syslog:              greater or equal to 8192 for proper LLM operation 
2015-02-11T17:34:56.220791-06:00 c0-0c0s2n2 cray-syslog:              when large number of jobs are launched concurrently.
2015-02-11T17:34:56.220817-06:00 c0-0c0s2n2 cray-syslog:              If you have failures running large number of concurrent jobs,
2015-02-11T17:34:56.220857-06:00 c0-0c0s2n2 cray-syslog:              you may wish to update the hard and soft nofile entries in 
2015-02-11T17:34:56.220869-06:00 c0-0c0s2n2 cray-syslog:              limits.conf as follows.
2015-02-11T17:34:56.220876-06:00 c0-0c0s2n2 
2015-02-11T17:34:56.220893-06:00 c0-0c0s2n2 cray-syslog: /etc/security/limits.conf: 
2015-02-11T17:34:56.220906-06:00 c0-0c0s2n2 cray-syslog: *  soft  nofile  8192
2015-02-11T17:34:56.245938-06:00 c0-0c0s2n2 cray-syslog: *  hard  nofile  8192
2015-02-11T17:34:56.245956-06:00 c0-0c0s2n2 
2015-02-11T17:34:57.223010-06:00 c0-0c0s2n2 cray-syslog: rsyslogd started as process 6747.
2015-02-11T17:34:58.221355-06:00 c0-0c0s2n2 cray-syslog: llmrd started as process  6760.
2015-02-11T17:34:58.322149-06:00 c0-0c0s2n2 [m[?25h[m[?25hStarting auditd startproc:  exit status of parent of /sbin/auditd: 6
2015-02-11T17:34:58.322190-06:00 c0-0c0s2n2 7[?25l
2015-02-11T17:34:58.322200-06:00 c0-0c0s2n2 [80C[10D[1;32mdone[m8[?25h
2015-02-11T17:34:58.397997-06:00 c0-0c0s2n2 [m[?25hStarting haveged daemon 7[?25l
2015-02-11T17:34:58.398005-06:00 c0-0c0s2n2 [80C[10D[1;32mdone[m8[?25h
2015-02-11T17:34:58.448290-06:00 c0-0c0s2n2 [m[?25hStarting rpcbind 7[?25l
2015-02-11T17:34:58.448308-06:00 c0-0c0s2n2 [80C[10D[1;32mdone[m8[?25h
2015-02-11T17:34:58.473490-06:00 c0-0c0s2n2 [m[?25hbootnodes are: 1 1 
2015-02-11T17:34:58.473520-06:00 c0-0c0s2n2 mynid=10
2015-02-11T17:34:58.524240-06:00 c0-0c0s2n2 [m[?25hNot starting NFS client services - no NFS found in /etc/fstab:
2015-02-11T17:34:58.524248-06:00 c0-0c0s2n2 [80C[10D[1munused[m
2015-02-11T17:34:58.574546-06:00 c0-0c0s2n2 [m[?25hStarting DVS service: DVS: Revision 1873 - Built: Sep 17 2014 @ 06:40:29 for lnet version 2.5
2015-02-11T17:34:58.625005-06:00 c0-0c0s2n2 Lustre: kgnilnd build version: 2.5-trunk-1.0502.17198.8.51-abuild-RB-5.2UP02_2.5.1-2014-09-17-06:59
2015-02-11T17:34:58.700910-06:00 c0-0c0s2n2 LNet: Added LNI 10@gni [16/512/0/0]
2015-02-11T17:34:59.720083-06:00 c0-0c0s2n2 7[?25l
2015-02-11T17:34:59.720095-06:00 c0-0c0s2n2 [80C[10D[1;32mdone[m8[?25h
2015-02-11T17:34:59.720246-06:00 c0-0c0s2n2 [m[?25hStarting java.binfmt_misc 7[?25l
2015-02-11T17:34:59.720259-06:00 c0-0c0s2n2 [80C[10D[1;32mdone[m8[?25h
2015-02-11T17:34:59.806758-06:00 c0-0c0s2n2 [m[?25hStarting mcelog... 7[?25l
2015-02-11T17:34:59.806765-06:00 c0-0c0s2n2 [80C[10D[1;32mdone[m8[?25h
2015-02-11T17:34:59.920030-06:00 c0-0c0s2n2 [m[?25hSetting up (remotefs) network interfaces:
2015-02-11T17:35:00.020989-06:00 c0-0c0s2n2    sit0      
2015-02-11T17:35:00.021044-06:00 c0-0c0s2n2              No configuration found for sit0
2015-02-11T17:35:00.071412-06:00 c0-0c0s2n2 7[?25l[1A
2015-02-11T17:35:00.071430-06:00 c0-0c0s2n2 [80C[10D[1munused[m8[?25hSetting up service (remotefs) network  .  .  .  .  .  .  .  .  .  .7[?25l
2015-02-11T17:35:00.071441-06:00 c0-0c0s2n2 [80C[10D[1;32mdone[m8[?25h
2015-02-11T17:35:00.121910-06:00 c0-0c0s2n2 [80C[10D[1;32mdone[m8[?25h
2015-02-11T17:35:00.172345-06:00 c0-0c0s2n2 [m[?25hsdbnodes are: 137 137 
2015-02-11T17:35:00.172358-06:00 c0-0c0s2n2 mynid=10
2015-02-11T17:35:00.222797-06:00 c0-0c0s2n2 [m[?25hStarting network time protocol daemon (NTPD)7[?25l
2015-02-11T17:35:00.222812-06:00 c0-0c0s2n2 [80C[10D[1;32mdone[m8[?25h
2015-02-11T17:35:00.298532-06:00 c0-0c0s2n2 [m[?25hStarting MUNGE: munged7[?25l
2015-02-11T17:35:00.298544-06:00 c0-0c0s2n2 [80C[10D[1;32mdone[m8[?25h
2015-02-11T17:35:00.374228-06:00 c0-0c0s2n2 [m[?25h[m[?25h[m[?25hStarting Name Service Cache Daemon7[?25l
2015-02-11T17:35:00.374247-06:00 c0-0c0s2n2 [80C[10D[1;32mdone[m8[?25h
2015-02-11T17:35:00.374309-06:00 c0-0c0s2n2 [m[?25hEnabling Linux Jobs
2015-02-11T17:35:00.424720-06:00 c0-0c0s2n2 [m[?25hStarting alps services
2015-02-11T17:35:00.920584-06:00 c0-0c0s2n2 mkdir: cannot create directory `/ufs/alps_shared': Read-only file system
2015-02-11T17:35:00.945837-06:00 c0-0c0s2n2 no ALPS daemon will be started on node nid00010.
2015-02-11T17:35:01.446855-06:00 c0-0c0s2n2 [m[?25h<node_health> Starting node_health_recovery
2015-02-11T17:35:01.472181-06:00 c0-0c0s2n2 [m[?25hsdbnodes are: 137 137 
2015-02-11T17:35:01.472208-06:00 c0-0c0s2n2 mynid=10
2015-02-11T17:35:01.497337-06:00 c0-0c0s2n2 [m[?25hblogd: no message logging because /var file system is not accessible
2015-02-11T17:35:01.497368-06:00 c0-0c0s2n2 Boot event: Starting
2015-02-11T17:35:01.497398-06:00 c0-0c0s2n2 Sending ec_node_info with boot code 8 (NODE_INFO_OS_BOOT_SUCCEEDED) for nid 10
2015-02-11T17:35:01.497434-06:00 c0-0c0s2n2 [m[?25hMaster Resource Control: runlevel 3 has been 
2015-02-11T17:35:01.497448-06:00 c0-0c0s2n2 [80C[10D[1mreached[m
2015-02-11T17:35:01.497458-06:00 c0-0c0s2n2 Failed services in runlevel 3: [80C[11D[1;31mlnet[m
2015-02-11T17:35:01.497471-06:00 c0-0c0s2n2 Skipped services in runlevel 3: [80C[10D[1;33mnfs[m
2015-02-11T17:35:01.497498-06:00 c0-0c0s2n2 INIT: no more processes left in this runlevel
2015-02-12T14:34:25.882142-06:00 c0-0c0s2n2 INIT: Switching to runlevel: 0
2015-02-12T14:34:25.907405-06:00 c0-0c0s2n2 Boot logging started on /dev/ttyS0((no tty)) at Thu Feb 12 14:34:25 2015
2015-02-12T14:34:25.944131-06:00 c0-0c0s2n2 Master Resource Control: previous runlevel: 3, switching to runlevel: 
2015-02-12T14:34:25.944146-06:00 c0-0c0s2n2 [80C[10D[1m0[m
2015-02-12T14:34:25.944323-06:00 c0-0c0s2n2 sdbnodes are: 137 137 
2015-02-12T14:34:25.944389-06:00 c0-0c0s2n2 mynid=10
2015-02-12T14:34:25.944493-06:00 c0-0c0s2n2 [m[?25hBoot event: Nothing to stop.
2015-02-12T14:34:25.984295-06:00 c0-0c0s2n2 [m[?25hShutting down auditd 7[?25l
2015-02-12T14:34:25.984305-06:00 c0-0c0s2n2 [80C[10D[1;32mdone[m8[?25h
2015-02-12T14:34:25.984358-06:00 c0-0c0s2n2 [m[?25hStopping batchlimitd
2015-02-12T14:34:25.984875-06:00 c0-0c0s2n2 [m[?25hCould not start BND as this is not the boot node.
2015-02-12T14:34:25.984915-06:00 c0-0c0s2n2 bootnodes are: 1 1 
2015-02-12T14:34:25.984928-06:00 c0-0c0s2n2 mynid=10
2015-02-12T14:34:26.058715-06:00 c0-0c0s2n2 [m[?25hK02cray-config-service: Unmounting the configuration directory. 
2015-02-12T14:34:27.036203-06:00 c0-0c0s2n2 K02cray-config-service:   Success.  
2015-02-12T14:34:27.061461-06:00 c0-0c0s2n2 [m[?25hUnloading nic compatibility device7[?25l
2015-02-12T14:34:27.061466-06:00 c0-0c0s2n2 [80C[10D[1;32mdone[m8[?25h
2015-02-12T14:34:27.086582-06:00 c0-0c0s2n2 [m[?25hbpmcd_exit: No local access to power statistics
2015-02-12T14:34:29.710614-06:00 c0-0c0s2n2 [m[?25hStopping DVS service: LNet: 6877:0:(gnilnd.c:761:kgnilnd_complete_closed_conn()) Closed conn 0xffff88100aed8000->66@gni (errno -108, peer errno 0): canceled 1 TX, 0/0 RDMA
2015-02-12T14:34:32.311447-06:00 c0-0c0s2n2 LNet: Removed LNI 10@gni
2015-02-12T14:34:34.248963-06:00 c0-0c0s2n2 7[?25l
2015-02-12T14:34:34.248972-06:00 c0-0c0s2n2 [80C[10D[1;32mdone[m8[?25h
2015-02-12T14:34:34.324589-06:00 c0-0c0s2n2 [m[?25hShutting down haveged daemon 7[?25l
2015-02-12T14:34:34.324597-06:00 c0-0c0s2n2 [80C[10D[1;32mdone[m8[?25h
2015-02-12T14:34:34.375008-06:00 c0-0c0s2n2 [m[?25hStarting hw_info_init on 10
2015-02-12T14:34:34.375049-06:00 c0-0c0s2n2 bootnodes are: 1 1 
2015-02-12T14:34:34.375057-06:00 c0-0c0s2n2 mynid=10
2015-02-12T14:34:34.425439-06:00 c0-0c0s2n2 [m[?25h[m[?25hShutting down java.binfmt_misc 7[?25l
2015-02-12T14:34:34.425448-06:00 c0-0c0s2n2 [80C[10D[1;32mdone[m8[?25h
2015-02-12T14:34:39.458544-06:00 c0-0c0s2n2 [m[?25hERROR: Module lnet has non-zero reference count.
2015-02-12T14:34:39.546607-06:00 c0-0c0s2n2 [m[?25hShutting down mcelog... 7[?25l
2015-02-12T14:34:39.546617-06:00 c0-0c0s2n2 [80C[10D[1;32mdone[m8[?25h
2015-02-12T14:34:39.634606-06:00 c0-0c0s2n2 [m[?25hStopping MUNGE: munged7[?25l
2015-02-12T14:34:39.634616-06:00 c0-0c0s2n2 [80C[10D[1;32mdone[m8[?25h
2015-02-12T14:34:39.673353-06:00 c0-0c0s2n2 [m[?25h<node_health> Stopping node_health_recovery
2015-02-12T14:34:39.673377-06:00 c0-0c0s2n2 node_health_recovery: no process found
2015-02-12T14:34:40.130215-06:00 c0-0c0s2n2 [m[?25hShutting down Name Service Cache Daemon7[?25l
2015-02-12T14:34:40.130224-06:00 c0-0c0s2n2 [80C[10D[1;32mdone[m8[?25h
2015-02-12T14:34:40.221472-06:00 c0-0c0s2n2 [m[?25h[m[?25h[m[?25h[m[?25hbootnodes are: 1 1 
2015-02-12T14:34:40.221485-06:00 c0-0c0s2n2 mynid=10
2015-02-12T14:34:40.246652-06:00 c0-0c0s2n2 [m[?25hShutting down alps services
2015-02-12T14:34:40.762369-06:00 c0-0c0s2n2 Terminating apsys
2015-02-12T14:34:41.259122-06:00 c0-0c0s2n2 7[?25l
2015-02-12T14:34:41.259140-06:00 c0-0c0s2n2 [80C[10D[1;32mdone[m8[?25h
2015-02-12T14:34:41.284337-06:00 c0-0c0s2n2 [m[?25hNOT Disabling ipogif0
2015-02-12T14:34:41.284498-06:00 c0-0c0s2n2 [m[?25hSaving random seed7[?25l
2015-02-12T14:34:41.284508-06:00 c0-0c0s2n2 [80C[10D[1;32mdone[m8[?25h
2015-02-12T14:34:41.309619-06:00 c0-0c0s2n2 [m[?25h[m[?25hDisabling Linux Jobs
2015-02-12T14:34:41.309729-06:00 c0-0c0s2n2 No new jobs will be created. If Linux Jobs support was loaded
2015-02-12T14:34:41.309782-06:00 c0-0c0s2n2 as a kernel module, you can unload the module once the number of
2015-02-12T14:34:41.309794-06:00 c0-0c0s2n2 running jobs is 0 (zero).  Use the lsmod command to find if job
2015-02-12T14:34:41.309816-06:00 c0-0c0s2n2 module is loaded and the rmmod command to unload it once the
2015-02-12T14:34:41.334758-06:00 c0-0c0s2n2 used-count is 0. The jstat command can be used
2015-02-12T14:34:41.334780-06:00 c0-0c0s2n2 to determine what jobs are currently running.
2015-02-12T14:34:41.334807-06:00 c0-0c0s2n2 jsethid illegal parameter: 0xffffffff
2015-02-12T14:34:41.360049-06:00 c0-0c0s2n2 [m[?25hsdbnodes are: 137 137 
2015-02-12T14:34:41.360060-06:00 c0-0c0s2n2 mynid=10
2015-02-12T14:34:41.385273-06:00 c0-0c0s2n2 [80C[10D[1;32mdone[m8[?25h
2015-02-12T14:34:41.461015-06:00 c0-0c0s2n2 [m[?25hShutting down network time protocol daemon (NTPD)7[?25l
2015-02-12T14:34:41.461024-06:00 c0-0c0s2n2 [80C[10D[1;32mdone[m8[?25h
2015-02-12T14:34:41.561864-06:00 c0-0c0s2n2 [m[?25hShutting down (remotefs) network interfaces:
2015-02-12T14:34:41.587125-06:00 c0-0c0s2n2    sit0      
2015-02-12T14:34:41.587166-06:00 c0-0c0s2n2              No configuration found for sit0 
2015-02-12T14:34:41.587189-06:00 c0-0c0s2n2              Nevertheless the interface will be shut down.
2015-02-12T14:34:42.091893-06:00 c0-0c0s2n2 7[?25l[1A
2015-02-12T14:34:42.091901-06:00 c0-0c0s2n2 [80C[10D[1;32mdone[m8[?25hShutting down service (remotefs) network  .  .  .  .  .  .  .  .  .7[?25l
2015-02-12T14:34:42.091908-06:00 c0-0c0s2n2 [80C[10D[1;32mdone[m8[?25h
2015-02-12T14:34:42.117006-06:00 c0-0c0s2n2 [m[?25hShutting down NFS client services: root filesystem is on NFS
2015-02-12T14:34:42.117018-06:00 c0-0c0s2n2 [80C[10D[1;33mskipped[m
2015-02-12T14:34:42.202443-06:00 c0-0c0s2n2 [m[?25hShutting down rpcbind 7[?25l
2015-02-12T14:34:42.202453-06:00 c0-0c0s2n2 [80C[10D[1;32mdone[m8[?25h
2015-02-12T14:35:13.276854-06:00 c0-0c0s2n2 [m[?25hcray-syslog: Sent shutdown to llmrd at process  6760..nfs: server 10.131.255.254 not responding, still trying
2015-02-12T15:28:37.759673-06:00 c0-0c0s2n2 ERROR: Type:2; Severity:80; Class:3; Subclass:D; Operation: 2
2015-02-12T15:37:08.052993-06:00 c0-0c0s2n2 Wait4Boot: WRITE: 533 bytes to memory @ 0x90CD0 ... complete
2015-02-12T15:37:08.053189-06:00 c0-0c0s2n2 Wait4Boot: Blade Controller Boot Protocol version - 1
2015-02-12T15:37:08.102877-06:00 c0-0c0s2n2 Wait4Boot: JUMP: KernelStart 0x100000, boot_params 0x90000, CmdLineAddr 0x90CD0
2015-02-12T15:37:08.230581-06:00 c0-0c0s2n2 Decompressing Linux... Parsing ELF... done.
2015-02-12T15:37:08.230725-06:00 c0-0c0s2n2 Booting the kernel.
2015-02-12T15:37:08.255549-06:00 c0-0c0s2n2 Initializing cgroup subsys cpuset
2015-02-12T15:37:08.255698-06:00 c0-0c0s2n2 Initializing cgroup subsys cpu
2015-02-12T15:37:08.292105-06:00 c0-0c0s2n2 Linux version 3.0.101-0.31.1_1.0502.8394-cray_ari_s (abuild@cfosbld05) (gcc version 4.3.4 [gcc-4_3-branch revision 152973] (SUSE Linux) ) #1 SMP Wed Sep 10 04:03:41 UTC 2014
2015-02-12T15:37:08.372858-06:00 c0-0c0s2n2 Command line: earlyprintk=serial,115200 load_ramdisk=1 ramdisk_size=80000 console=ttyS0,115200n8 bootnodeip=10.131.255.254 bootproto=ipog bootpath=/rr/current rootfs=nfs-shared root=/dev/disk/by-id/scsi-3600a09800063789e0000008b54c3a04c-part1 oops=panic bootifnetmask=255.252.0.0 elevator=noop ippob1=10 ippob2=128 pcie_ports=native iommu=on intel_iommu=off bad_page=panic pln_enable=off apei_disable hest_disable erst_disable ghes_disable cgroup_disable=memory active_wlm=ALPS sdbnodeip=10.131.255.253 sessionid=p0-20150212t152812 _cray=marker_ 
2015-02-12T15:37:08.373009-06:00 c0-0c0s2n2 KERNEL supported cpus:
2015-02-12T15:37:08.373148-06:00 c0-0c0s2n2  Intel GenuineIntel
2015-02-12T15:37:08.373252-06:00 c0-0c0s2n2 BIOS-provided physical RAM map:
2015-02-12T15:37:08.381799-06:00 c0-0c0s2n2 BIOS-e820: 0000000000000000 - 00000000000a0000 (usable)
2015-02-12T15:37:08.382018-06:00 c0-0c0s2n2 BIOS-e820: 0000000000100000 - 000000007e67c000 (usable)
2015-02-12T15:37:08.420122-06:00 c0-0c0s2n2 BIOS-e820: 000000007e67c000 - 000000007e790000 (ACPI NVS)
2015-02-12T15:37:08.420377-06:00 c0-0c0s2n2 BIOS-e820: 000000007e790000 - 000000007f395000 (reserved)
2015-02-12T15:37:08.420532-06:00 c0-0c0s2n2 BIOS-e820: 000000007f395000 - 000000007f410000 (ACPI data)
2015-02-12T15:37:08.420753-06:00 c0-0c0s2n2 BIOS-e820: 000000007f410000 - 000000007f491000 (reserved)
2015-02-12T15:37:08.460593-06:00 c0-0c0s2n2 BIOS-e820: 000000007f491000 - 000000007f493000 (usable)
2015-02-12T15:37:08.460818-06:00 c0-0c0s2n2 BIOS-e820: 000000007f493000 - 000000007f494000 (ACPI NVS)
2015-02-12T15:37:08.461074-06:00 c0-0c0s2n2 BIOS-e820: 000000007f494000 - 000000007f49e000 (reserved)
2015-02-12T15:37:08.461278-06:00 c0-0c0s2n2 BIOS-e820: 000000007f49e000 - 000000007f4a6000 (ACPI NVS)
2015-02-12T15:37:08.461503-06:00 c0-0c0s2n2 BIOS-e820: 000000007f4a6000 - 000000007f4d2000 (reserved)
2015-02-12T15:37:08.461698-06:00 c0-0c0s2n2 BIOS-e820: 000000007f4d2000 - 000000007f558000 (ACPI NVS)
2015-02-12T15:37:08.500527-06:00 c0-0c0s2n2 BIOS-e820: 000000007f558000 - 000000007f800000 (usable)
2015-02-12T15:37:08.500737-06:00 c0-0c0s2n2 BIOS-e820: 0000000080000000 - 0000000090000000 (reserved)
2015-02-12T15:37:08.508062-06:00 c0-0c0s2n2 BIOS-e820: 00000000fed1c000 - 00000000fed20000 (reserved)
2015-02-12T15:37:08.508421-06:00 c0-0c0s2n2 BIOS-e820: 00000000ff000000 - 0000000100000000 (reserved)
2015-02-12T15:37:08.508666-06:00 c0-0c0s2n2 BIOS-e820: 0000000100000000 - 0000001080000000 (usable)
2015-02-12T15:37:08.508804-06:00 c0-0c0s2n2 bootconsole [earlyser0] enabled
2015-02-12T15:37:08.533351-06:00 c0-0c0s2n2 NX (Execute Disable) protection: active
2015-02-12T15:37:08.533556-06:00 c0-0c0s2n2 EFI v2.10 by American Megatrends
2015-02-12T15:37:08.533812-06:00 c0-0c0s2n2 ACPI=0x7f395000  ACPI 2.0=0x7f395000  SMBIOS=0xf04c0  MPS=0xfd450 
2015-02-12T15:37:08.558668-06:00 c0-0c0s2n2 EFI: mem00: type=3, attr=0xf, range=[0x0000000000000000-0x0000000000008000) (0MB)
2015-02-12T15:37:08.558974-06:00 c0-0c0s2n2 EFI: mem01: type=7, attr=0xf, range=[0x0000000000008000-0x0000000000060000) (0MB)
2015-02-12T15:37:08.583880-06:00 c0-0c0s2n2 EFI: mem02: type=3, attr=0xf, range=[0x0000000000060000-0x00000000000a0000) (0MB)
2015-02-12T15:37:08.584157-06:00 c0-0c0s2n2 EFI: mem03: type=7, attr=0xf, range=[0x0000000000100000-0x0000000001000000) (15MB)
2015-02-12T15:37:08.609035-06:00 c0-0c0s2n2 EFI: mem04: type=2, attr=0xf, range=[0x0000000001000000-0x0000000001100000) (1MB)
2015-02-12T15:37:08.609327-06:00 c0-0c0s2n2 EFI: mem05: type=4, attr=0xf, range=[0x0000000001100000-0x00000000017ea000) (6MB)
2015-02-12T15:37:08.634240-06:00 c0-0c0s2n2 EFI: mem06: type=3, attr=0xf, range=[0x00000000017ea000-0x00000000017ee000) (0MB)
2015-02-12T15:37:08.634503-06:00 c0-0c0s2n2 EFI: mem07: type=4, attr=0xf, range=[0x00000000017ee000-0x0000000001886000) (0MB)
2015-02-12T15:37:08.659640-06:00 c0-0c0s2n2 EFI: mem08: type=3, attr=0xf, range=[0x0000000001886000-0x000000000188f000) (0MB)
2015-02-12T15:37:08.659889-06:00 c0-0c0s2n2 EFI: mem09: type=4, attr=0xf, range=[0x000000000188f000-0x0000000001892000) (0MB)
2015-02-12T15:37:08.684881-06:00 c0-0c0s2n2 EFI: mem10: type=3, attr=0xf, range=[0x0000000001892000-0x000000000189e000) (0MB)
2015-02-12T15:37:08.685121-06:00 c0-0c0s2n2 EFI: mem11: type=4, attr=0xf, range=[0x000000000189e000-0x00000000018a9000) (0MB)
2015-02-12T15:37:08.724499-06:00 c0-0c0s2n2 EFI: mem12: type=3, attr=0xf, range=[0x00000000018a9000-0x00000000018ab000) (0MB)
2015-02-12T15:37:08.724686-06:00 c0-0c0s2n2 EFI: mem13: type=4, attr=0xf, range=[0x00000000018ab000-0x00000000018ad000) (0MB)
2015-02-12T15:37:08.764567-06:00 c0-0c0s2n2 EFI: mem14: type=3, attr=0xf, range=[0x00000000018ad000-0x00000000018af000) (0MB)
2015-02-12T15:37:08.764836-06:00 c0-0c0s2n2 EFI: mem15: type=4, attr=0xf, range=[0x00000000018af000-0x00000000018b7000) (0MB)
2015-02-12T15:37:08.765124-06:00 c0-0c0s2n2 EFI: mem16: type=3, attr=0xf, range=[0x00000000018b7000-0x00000000018bb000) (0MB)
2015-02-12T15:37:08.765417-06:00 c0-0c0s2n2 EFI: mem17: type=4, attr=0xf, range=[0x00000000018bb000-0x00000000018bd000) (0MB)
2015-02-12T15:37:08.804577-06:00 c0-0c0s2n2 EFI: mem18: type=3, attr=0xf, range=[0x00000000018bd000-0x00000000018bf000) (0MB)
2015-02-12T15:37:08.804847-06:00 c0-0c0s2n2 EFI: mem19: type=4, attr=0xf, range=[0x00000000018bf000-0x00000000018d1000) (0MB)
2015-02-12T15:37:08.811260-06:00 c0-0c0s2n2 EFI: mem20: type=3, attr=0xf, range=[0x00000000018d1000-0x00000000018d7000) (0MB)
2015-02-12T15:37:08.848549-06:00 c0-0c0s2n2 EFI: mem21: type=4, attr=0xf, range=[0x00000000018d7000-0x00000000018f9000) (0MB)
2015-02-12T15:37:08.848827-06:00 c0-0c0s2n2 EFI: mem22: type=3, attr=0xf, range=[0x00000000018f9000-0x0000000001908000) (0MB)
2015-02-12T15:37:08.849142-06:00 c0-0c0s2n2 EFI: mem23: type=4, attr=0xf, range=[0x0000000001908000-0x0000000001921000) (0MB)
2015-02-12T15:37:08.888543-06:00 c0-0c0s2n2 EFI: mem24: type=3, attr=0xf, range=[0x0000000001921000-0x000000000192b000) (0MB)
2015-02-12T15:37:08.888797-06:00 c0-0c0s2n2 EFI: mem25: type=4, attr=0xf, range=[0x000000000192b000-0x0000000001933000) (0MB)
2015-02-12T15:37:08.889072-06:00 c0-0c0s2n2 EFI: mem26: type=3, attr=0xf, range=[0x0000000001933000-0x0000000001936000) (0MB)
2015-02-12T15:37:08.889359-06:00 c0-0c0s2n2 EFI: mem27: type=4, attr=0xf, range=[0x0000000001936000-0x000000000193b000) (0MB)
2015-02-12T15:37:08.928581-06:00 c0-0c0s2n2 EFI: mem28: type=3, attr=0xf, range=[0x000000000193b000-0x000000000193e000) (0MB)
2015-02-12T15:37:08.937214-06:00 c0-0c0s2n2 EFI: mem29: type=4, attr=0xf, range=[0x000000000193e000-0x0000000001964000) (0MB)
2015-02-12T15:37:08.937538-06:00 c0-0c0s2n2 EFI: mem30: type=3, attr=0xf, range=[0x0000000001964000-0x0000000001968000) (0MB)
2015-02-12T15:37:08.937766-06:00 c0-0c0s2n2 EFI: mem31: type=4, attr=0xf, range=[0x0000000001968000-0x000000000198a000) (0MB)
2015-02-12T15:37:08.962691-06:00 c0-0c0s2n2 EFI: mem32: type=3, attr=0xf, range=[0x000000000198a000-0x00000000019b0000) (0MB)
2015-02-12T15:37:08.987778-06:00 c0-0c0s2n2 EFI: mem33: type=4, attr=0xf, range=[0x00000000019b0000-0x00000000019be000) (0MB)
2015-02-12T15:37:08.988068-06:00 c0-0c0s2n2 EFI: mem34: type=3, attr=0xf, range=[0x00000000019be000-0x00000000019ce000) (0MB)
2015-02-12T15:37:09.012984-06:00 c0-0c0s2n2 EFI: mem35: type=4, attr=0xf, range=[0x00000000019ce000-0x00000000019d0000) (0MB)
2015-02-12T15:37:09.013291-06:00 c0-0c0s2n2 EFI: mem36: type=3, attr=0xf, range=[0x00000000019d0000-0x00000000019d7000) (0MB)
2015-02-12T15:37:09.052600-06:00 c0-0c0s2n2 EFI: mem37: type=4, attr=0xf, range=[0x00000000019d7000-0x00000000019e1000) (0MB)
2015-02-12T15:37:09.052863-06:00 c0-0c0s2n2 EFI: mem38: type=3, attr=0xf, range=[0x00000000019e1000-0x00000000019e5000) (0MB)
2015-02-12T15:37:09.092361-06:00 c0-0c0s2n2 EFI: mem39: type=4, attr=0xf, range=[0x00000000019e5000-0x0000000001a02000) (0MB)
2015-02-12T15:37:09.092604-06:00 c0-0c0s2n2 EFI: mem40: type=3, attr=0xf, range=[0x0000000001a02000-0x0000000001a06000) (0MB)
2015-02-12T15:37:09.092873-06:00 c0-0c0s2n2 EFI: mem41: type=4, attr=0xf, range=[0x0000000001a06000-0x0000000001a0a000) (0MB)
2015-02-12T15:37:09.093104-06:00 c0-0c0s2n2 EFI: mem42: type=3, attr=0xf, range=[0x0000000001a0a000-0x0000000001a1e000) (0MB)
2015-02-12T15:37:09.093368-06:00 c0-0c0s2n2 EFI: mem43: type=4, attr=0xf, range=[0x0000000001a1e000-0x0000000001a22000) (0MB)
2015-02-12T15:37:09.132525-06:00 c0-0c0s2n2 EFI: mem44: type=3, attr=0xf, range=[0x0000000001a22000-0x0000000001a26000) (0MB)
2015-02-12T15:37:09.139364-06:00 c0-0c0s2n2 EFI: mem45: type=4, attr=0xf, range=[0x0000000001a26000-0x0000000001a34000) (0MB)
2015-02-12T15:37:09.176345-06:00 c0-0c0s2n2 EFI: mem46: type=3, attr=0xf, range=[0x0000000001a34000-0x0000000001a3b000) (0MB)
2015-02-12T15:37:09.176596-06:00 c0-0c0s2n2 EFI: mem47: type=4, attr=0xf, range=[0x0000000001a3b000-0x0000000001a42000) (0MB)
2015-02-12T15:37:09.176852-06:00 c0-0c0s2n2 EFI: mem48: type=3, attr=0xf, range=[0x0000000001a42000-0x0000000001a4a000) (0MB)
2015-02-12T15:37:09.177121-06:00 c0-0c0s2n2 EFI: mem49: type=4, attr=0xf, range=[0x0000000001a4a000-0x0000000001a4b000) (0MB)
2015-02-12T15:37:09.216588-06:00 c0-0c0s2n2 EFI: mem50: type=3, attr=0xf, range=[0x0000000001a4b000-0x0000000001a4d000) (0MB)
2015-02-12T15:37:09.216868-06:00 c0-0c0s2n2 EFI: mem51: type=4, attr=0xf, range=[0x0000000001a4d000-0x0000000001a52000) (0MB)
2015-02-12T15:37:09.217152-06:00 c0-0c0s2n2 EFI: mem52: type=3, attr=0xf, range=[0x0000000001a52000-0x0000000001a69000) (0MB)
2015-02-12T15:37:09.217425-06:00 c0-0c0s2n2 EFI: mem53: type=4, attr=0xf, range=[0x0000000001a69000-0x0000000001a6f000) (0MB)
2015-02-12T15:37:09.256551-06:00 c0-0c0s2n2 EFI: mem54: type=3, attr=0xf, range=[0x0000000001a6f000-0x0000000001a70000) (0MB)
2015-02-12T15:37:09.256821-06:00 c0-0c0s2n2 EFI: mem55: type=4, attr=0xf, range=[0x0000000001a70000-0x0000000001a71000) (0MB)
2015-02-12T15:37:09.265619-06:00 c0-0c0s2n2 EFI: mem56: type=3, attr=0xf, range=[0x0000000001a71000-0x0000000001a79000) (0MB)
2015-02-12T15:37:09.290639-06:00 c0-0c0s2n2 EFI: mem57: type=4, attr=0xf, range=[0x0000000001a79000-0x0000000001a7a000) (0MB)
2015-02-12T15:37:09.290980-06:00 c0-0c0s2n2 EFI: mem58: type=3, attr=0xf, range=[0x0000000001a7a000-0x0000000001a83000) (0MB)
2015-02-12T15:37:09.328518-06:00 c0-0c0s2n2 EFI: mem59: type=4, attr=0xf, range=[0x0000000001a83000-0x0000000001a85000) (0MB)
2015-02-12T15:37:09.328719-06:00 c0-0c0s2n2 EFI: mem60: type=3, attr=0xf, range=[0x0000000001a85000-0x0000000001abe000) (0MB)
2015-02-12T15:37:09.368380-06:00 c0-0c0s2n2 EFI: mem61: type=4, attr=0xf, range=[0x0000000001abe000-0x0000000001abf000) (0MB)
2015-02-12T15:37:09.368579-06:00 c0-0c0s2n2 EFI: mem62: type=3, attr=0xf, range=[0x0000000001abf000-0x0000000001acc000) (0MB)
2015-02-12T15:37:09.368745-06:00 c0-0c0s2n2 EFI: mem63: type=4, attr=0xf, range=[0x0000000001acc000-0x0000000001ad7000) (0MB)
2015-02-12T15:37:09.368933-06:00 c0-0c0s2n2 EFI: mem64: type=3, attr=0xf, range=[0x0000000001ad7000-0x0000000001adc000) (0MB)
2015-02-12T15:37:09.408377-06:00 c0-0c0s2n2 EFI: mem65: type=4, attr=0xf, range=[0x0000000001adc000-0x0000000001b60000) (0MB)
2015-02-12T15:37:09.408581-06:00 c0-0c0s2n2 EFI: mem66: type=3, attr=0xf, range=[0x0000000001b60000-0x0000000001b7c000) (0MB)
2015-02-12T15:37:09.408740-06:00 c0-0c0s2n2 EFI: mem67: type=4, attr=0xf, range=[0x0000000001b7c000-0x0000000001b84000) (0MB)
2015-02-12T15:37:09.417133-06:00 c0-0c0s2n2 EFI: mem68: type=3, attr=0xf, range=[0x0000000001b84000-0x0000000001b9c000) (0MB)
2015-02-12T15:37:09.442134-06:00 c0-0c0s2n2 EFI: mem69: type=4, attr=0xf, range=[0x0000000001b9c000-0x000000000b210000) (150MB)
2015-02-12T15:37:09.442471-06:00 c0-0c0s2n2 EFI: mem70: type=3, attr=0xf, range=[0x000000000b210000-0x000000000b216000) (0MB)
2015-02-12T15:37:09.442658-06:00 c0-0c0s2n2 EFI: mem71: type=4, attr=0xf, range=[0x000000000b216000-0x000000000b21f000) (0MB)
2015-02-12T15:37:09.467724-06:00 c0-0c0s2n2 EFI: mem72: type=3, attr=0xf, range=[0x000000000b21f000-0x000000000b235000) (0MB)
2015-02-12T15:37:09.467960-06:00 c0-0c0s2n2 EFI: mem73: type=4, attr=0xf, range=[0x000000000b235000-0x000000000b23b000) (0MB)
2015-02-12T15:37:09.492804-06:00 c0-0c0s2n2 EFI: mem74: type=3, attr=0xf, range=[0x000000000b23b000-0x000000000b23e000) (0MB)
2015-02-12T15:37:09.493099-06:00 c0-0c0s2n2 EFI: mem75: type=4, attr=0xf, range=[0x000000000b23e000-0x000000000b24c000) (0MB)
2015-02-12T15:37:09.518143-06:00 c0-0c0s2n2 EFI: mem76: type=3, attr=0xf, range=[0x000000000b24c000-0x000000000b254000) (0MB)
