2015-02-11T17:25:57.385758-06:00 c0-0c0s1n1 ERROR: Type:2; Severity:80; Class:3; Subclass:D; Operation: 2
2015-02-11T17:34:33.183319-06:00 c0-0c0s1n1 Wait4Boot: WRITE: 533 bytes to memory @ 0x90CD0 ... complete
2015-02-11T17:34:33.183334-06:00 c0-0c0s1n1 Wait4Boot: Blade Controller Boot Protocol version - 1
2015-02-11T17:34:33.208428-06:00 c0-0c0s1n1 Wait4Boot: JUMP: KernelStart 0x100000, boot_params 0x90000, CmdLineAddr 0x90CD0
2015-02-11T17:34:33.334659-06:00 c0-0c0s1n1 Decompressing Linux... Parsing ELF... done.
2015-02-11T17:34:33.334694-06:00 c0-0c0s1n1 Booting the kernel.
2015-02-11T17:34:33.334757-06:00 c0-0c0s1n1 Initializing cgroup subsys cpuset
2015-02-11T17:34:33.359759-06:00 c0-0c0s1n1 Initializing cgroup subsys cpu
2015-02-11T17:34:33.360325-06:00 c0-0c0s1n1 Linux version 3.0.101-0.31.1_1.0502.8394-cray_ari_s (abuild@cfosbld05) (gcc version 4.3.4 [gcc-4_3-branch revision 152973] (SUSE Linux) ) #1 SMP Wed Sep 10 04:03:41 UTC 2014
2015-02-11T17:34:33.460846-06:00 c0-0c0s1n1 Command line: earlyprintk=serial,115200 load_ramdisk=1 ramdisk_size=80000 console=ttyS0,115200n8 bootnodeip=10.131.255.254 bootproto=ipog bootpath=/rr/current rootfs=nfs-shared root=/dev/disk/by-id/scsi-3600a09800063789e0000008b54c3a04c-part1 oops=panic bootifnetmask=255.252.0.0 elevator=noop ippob1=10 ippob2=128 pcie_ports=native iommu=on intel_iommu=off bad_page=panic pln_enable=off apei_disable hest_disable erst_disable ghes_disable cgroup_disable=memory active_wlm=ALPS sdbnodeip=10.131.255.253 sessionid=p0-20150211t172524 _cray=marker_ 
2015-02-11T17:34:33.461019-06:00 c0-0c0s1n1 KERNEL supported cpus:
2015-02-11T17:34:33.461095-06:00 c0-0c0s1n1  Intel GenuineIntel
2015-02-11T17:34:33.461254-06:00 c0-0c0s1n1 BIOS-provided physical RAM map:
2015-02-11T17:34:33.461552-06:00 c0-0c0s1n1 BIOS-e820: 0000000000000000 - 00000000000a0000 (usable)
2015-02-11T17:34:33.486333-06:00 c0-0c0s1n1 BIOS-e820: 0000000000100000 - 000000007e67c000 (usable)
2015-02-11T17:34:33.486642-06:00 c0-0c0s1n1 BIOS-e820: 000000007e67c000 - 000000007e790000 (ACPI NVS)
2015-02-11T17:34:33.511444-06:00 c0-0c0s1n1 BIOS-e820: 000000007e790000 - 000000007f395000 (reserved)
2015-02-11T17:34:33.511672-06:00 c0-0c0s1n1 BIOS-e820: 000000007f395000 - 000000007f410000 (ACPI data)
2015-02-11T17:34:33.511959-06:00 c0-0c0s1n1 BIOS-e820: 000000007f410000 - 000000007f491000 (reserved)
2015-02-11T17:34:33.536832-06:00 c0-0c0s1n1 BIOS-e820: 000000007f491000 - 000000007f493000 (usable)
2015-02-11T17:34:33.537169-06:00 c0-0c0s1n1 BIOS-e820: 000000007f493000 - 000000007f494000 (ACPI NVS)
2015-02-11T17:34:33.537479-06:00 c0-0c0s1n1 BIOS-e820: 000000007f494000 - 000000007f49e000 (reserved)
2015-02-11T17:34:33.562142-06:00 c0-0c0s1n1 BIOS-e820: 000000007f49e000 - 000000007f4a6000 (ACPI NVS)
2015-02-11T17:34:33.562422-06:00 c0-0c0s1n1 BIOS-e820: 000000007f4a6000 - 000000007f4d2000 (reserved)
2015-02-11T17:34:33.587329-06:00 c0-0c0s1n1 BIOS-e820: 000000007f4d2000 - 000000007f558000 (ACPI NVS)
2015-02-11T17:34:33.587445-06:00 c0-0c0s1n1 BIOS-e820: 000000007f558000 - 000000007f800000 (usable)
2015-02-11T17:34:33.587705-06:00 c0-0c0s1n1 BIOS-e820: 0000000080000000 - 0000000090000000 (reserved)
2015-02-11T17:34:33.587865-06:00 c0-0c0s1n1 BIOS-e820: 00000000fed1c000 - 00000000fed20000 (reserved)
2015-02-11T17:34:33.612671-06:00 c0-0c0s1n1 BIOS-e820: 00000000ff000000 - 0000000100000000 (reserved)
2015-02-11T17:34:33.612908-06:00 c0-0c0s1n1 BIOS-e820: 0000000100000000 - 0000001080000000 (usable)
2015-02-11T17:34:33.613028-06:00 c0-0c0s1n1 bootconsole [earlyser0] enabled
2015-02-11T17:34:33.637907-06:00 c0-0c0s1n1 NX (Execute Disable) protection: active
2015-02-11T17:34:33.638024-06:00 c0-0c0s1n1 EFI v2.10 by American Megatrends
2015-02-11T17:34:33.638253-06:00 c0-0c0s1n1 ACPI=0x7f395000  ACPI 2.0=0x7f395000  SMBIOS=0xf04c0  MPS=0xfd450 
2015-02-11T17:34:33.663007-06:00 c0-0c0s1n1 EFI: mem00: type=3, attr=0xf, range=[0x0000000000000000-0x0000000000008000) (0MB)
2015-02-11T17:34:33.663300-06:00 c0-0c0s1n1 EFI: mem01: type=7, attr=0xf, range=[0x0000000000008000-0x0000000000060000) (0MB)
2015-02-11T17:34:33.688318-06:00 c0-0c0s1n1 EFI: mem02: type=3, attr=0xf, range=[0x0000000000060000-0x00000000000a0000) (0MB)
2015-02-11T17:34:33.688600-06:00 c0-0c0s1n1 EFI: mem03: type=7, attr=0xf, range=[0x0000000000100000-0x0000000001000000) (15MB)
2015-02-11T17:34:33.713528-06:00 c0-0c0s1n1 EFI: mem04: type=2, attr=0xf, range=[0x0000000001000000-0x0000000001100000) (1MB)
2015-02-11T17:34:33.713811-06:00 c0-0c0s1n1 EFI: mem05: type=4, attr=0xf, range=[0x0000000001100000-0x00000000017ea000) (6MB)
2015-02-11T17:34:33.738908-06:00 c0-0c0s1n1 EFI: mem06: type=3, attr=0xf, range=[0x00000000017ea000-0x00000000017ee000) (0MB)
2015-02-11T17:34:33.739192-06:00 c0-0c0s1n1 EFI: mem07: type=4, attr=0xf, range=[0x00000000017ee000-0x0000000001886000) (0MB)
2015-02-11T17:34:33.764234-06:00 c0-0c0s1n1 EFI: mem08: type=3, attr=0xf, range=[0x0000000001886000-0x000000000188f000) (0MB)
2015-02-11T17:34:33.764484-06:00 c0-0c0s1n1 EFI: mem09: type=4, attr=0xf, range=[0x000000000188f000-0x0000000001892000) (0MB)
2015-02-11T17:34:33.789495-06:00 c0-0c0s1n1 EFI: mem10: type=3, attr=0xf, range=[0x0000000001892000-0x000000000189e000) (0MB)
2015-02-11T17:34:33.789843-06:00 c0-0c0s1n1 EFI: mem11: type=4, attr=0xf, range=[0x000000000189e000-0x00000000018a9000) (0MB)
2015-02-11T17:34:33.814732-06:00 c0-0c0s1n1 EFI: mem12: type=3, attr=0xf, range=[0x00000000018a9000-0x00000000018ab000) (0MB)
2015-02-11T17:34:33.839786-06:00 c0-0c0s1n1 EFI: mem13: type=4, attr=0xf, range=[0x00000000018ab000-0x00000000018ad000) (0MB)
2015-02-11T17:34:33.840142-06:00 c0-0c0s1n1 EFI: mem14: type=3, attr=0xf, range=[0x00000000018ad000-0x00000000018af000) (0MB)
2015-02-11T17:34:33.865081-06:00 c0-0c0s1n1 EFI: mem15: type=4, attr=0xf, range=[0x00000000018af000-0x00000000018b7000) (0MB)
2015-02-11T17:34:33.865362-06:00 c0-0c0s1n1 EFI: mem16: type=3, attr=0xf, range=[0x00000000018b7000-0x00000000018bb000) (0MB)
2015-02-11T17:34:33.890200-06:00 c0-0c0s1n1 EFI: mem17: type=4, attr=0xf, range=[0x00000000018bb000-0x00000000018bd000) (0MB)
2015-02-11T17:34:33.890477-06:00 c0-0c0s1n1 EFI: mem18: type=3, attr=0xf, range=[0x00000000018bd000-0x00000000018bf000) (0MB)
2015-02-11T17:34:33.890648-06:00 c0-0c0s1n1 EFI: mem19: type=4, attr=0xf, range=[0x00000000018bf000-0x00000000018d1000) (0MB)
2015-02-11T17:34:33.915690-06:00 c0-0c0s1n1 EFI: mem20: type=3, attr=0xf, range=[0x00000000018d1000-0x00000000018d7000) (0MB)
2015-02-11T17:34:33.915970-06:00 c0-0c0s1n1 EFI: mem21: type=4, attr=0xf, range=[0x00000000018d7000-0x00000000018f9000) (0MB)
2015-02-11T17:34:33.940950-06:00 c0-0c0s1n1 EFI: mem22: type=3, attr=0xf, range=[0x00000000018f9000-0x0000000001908000) (0MB)
2015-02-11T17:34:33.941222-06:00 c0-0c0s1n1 EFI: mem23: type=4, attr=0xf, range=[0x0000000001908000-0x0000000001921000) (0MB)
2015-02-11T17:34:33.966127-06:00 c0-0c0s1n1 EFI: mem24: type=3, attr=0xf, range=[0x0000000001921000-0x000000000192b000) (0MB)
2015-02-11T17:34:33.966392-06:00 c0-0c0s1n1 EFI: mem25: type=4, attr=0xf, range=[0x000000000192b000-0x0000000001933000) (0MB)
2015-02-11T17:34:33.991459-06:00 c0-0c0s1n1 EFI: mem26: type=3, attr=0xf, range=[0x0000000001933000-0x0000000001936000) (0MB)
2015-02-11T17:34:34.016502-06:00 c0-0c0s1n1 EFI: mem27: type=4, attr=0xf, range=[0x0000000001936000-0x0000000001964000) (0MB)
2015-02-11T17:34:34.016794-06:00 c0-0c0s1n1 EFI: mem28: type=3, attr=0xf, range=[0x0000000001964000-0x0000000001968000) (0MB)
2015-02-11T17:34:34.041716-06:00 c0-0c0s1n1 EFI: mem29: type=4, attr=0xf, range=[0x0000000001968000-0x0000000001987000) (0MB)
2015-02-11T17:34:34.042015-06:00 c0-0c0s1n1 EFI: mem30: type=3, attr=0xf, range=[0x0000000001987000-0x00000000019b0000) (0MB)
2015-02-11T17:34:34.066998-06:00 c0-0c0s1n1 EFI: mem31: type=4, attr=0xf, range=[0x00000000019b0000-0x00000000019ba000) (0MB)
2015-02-11T17:34:34.067261-06:00 c0-0c0s1n1 EFI: mem32: type=3, attr=0xf, range=[0x00000000019ba000-0x00000000019bd000) (0MB)
2015-02-11T17:34:34.092238-06:00 c0-0c0s1n1 EFI: mem33: type=4, attr=0xf, range=[0x00000000019bd000-0x00000000019be000) (0MB)
2015-02-11T17:34:34.092506-06:00 c0-0c0s1n1 EFI: mem34: type=3, attr=0xf, range=[0x00000000019be000-0x00000000019d0000) (0MB)
2015-02-11T17:34:34.117502-06:00 c0-0c0s1n1 EFI: mem35: type=4, attr=0xf, range=[0x00000000019d0000-0x00000000019d3000) (0MB)
2015-02-11T17:34:34.117765-06:00 c0-0c0s1n1 EFI: mem36: type=3, attr=0xf, range=[0x00000000019d3000-0x00000000019d5000) (0MB)
2015-02-11T17:34:34.142771-06:00 c0-0c0s1n1 EFI: mem37: type=4, attr=0xf, range=[0x00000000019d5000-0x00000000019e1000) (0MB)
2015-02-11T17:34:34.143032-06:00 c0-0c0s1n1 EFI: mem38: type=3, attr=0xf, range=[0x00000000019e1000-0x00000000019e5000) (0MB)
2015-02-11T17:34:34.167984-06:00 c0-0c0s1n1 EFI: mem39: type=4, attr=0xf, range=[0x00000000019e5000-0x0000000001a02000) (0MB)
2015-02-11T17:34:34.168266-06:00 c0-0c0s1n1 EFI: mem40: type=3, attr=0xf, range=[0x0000000001a02000-0x0000000001a06000) (0MB)
2015-02-11T17:34:34.193258-06:00 c0-0c0s1n1 EFI: mem41: type=4, attr=0xf, range=[0x0000000001a06000-0x0000000001a0a000) (0MB)
2015-02-11T17:34:34.193527-06:00 c0-0c0s1n1 EFI: mem42: type=3, attr=0xf, range=[0x0000000001a0a000-0x0000000001a1e000) (0MB)
2015-02-11T17:34:34.218509-06:00 c0-0c0s1n1 EFI: mem43: type=4, attr=0xf, range=[0x0000000001a1e000-0x0000000001a22000) (0MB)
2015-02-11T17:34:34.218802-06:00 c0-0c0s1n1 EFI: mem44: type=3, attr=0xf, range=[0x0000000001a22000-0x0000000001a26000) (0MB)
2015-02-11T17:34:34.256235-06:00 c0-0c0s1n1 EFI: mem45: type=4, attr=0xf, range=[0x0000000001a26000-0x0000000001a34000) (0MB)
2015-02-11T17:34:34.256456-06:00 c0-0c0s1n1 EFI: mem46: type=3, attr=0xf, range=[0x0000000001a34000-0x0000000001a3b000) (0MB)
2015-02-11T17:34:34.300255-06:00 c0-0c0s1n1 EFI: mem47: type=4, attr=0xf, range=[0x0000000001a3b000-0x0000000001a42000) (0MB)
2015-02-11T17:34:34.300450-06:00 c0-0c0s1n1 EFI: mem48: type=3, attr=0xf, range=[0x0000000001a42000-0x0000000001a4a000) (0MB)
2015-02-11T17:34:34.300621-06:00 c0-0c0s1n1 EFI: mem49: type=4, attr=0xf, range=[0x0000000001a4a000-0x0000000001a4b000) (0MB)
2015-02-11T17:34:34.300819-06:00 c0-0c0s1n1 EFI: mem50: type=3, attr=0xf, range=[0x0000000001a4b000-0x0000000001a4d000) (0MB)
2015-02-11T17:34:34.336191-06:00 c0-0c0s1n1 EFI: mem51: type=4, attr=0xf, range=[0x0000000001a4d000-0x0000000001a52000) (0MB)
2015-02-11T17:34:34.336410-06:00 c0-0c0s1n1 EFI: mem52: type=3, attr=0xf, range=[0x0000000001a52000-0x0000000001a69000) (0MB)
2015-02-11T17:34:34.344796-06:00 c0-0c0s1n1 EFI: mem53: type=4, attr=0xf, range=[0x0000000001a69000-0x0000000001a6f000) (0MB)
2015-02-11T17:34:34.345057-06:00 c0-0c0s1n1 EFI: mem54: type=3, attr=0xf, range=[0x0000000001a6f000-0x0000000001a70000) (0MB)
2015-02-11T17:34:34.370045-06:00 c0-0c0s1n1 EFI: mem55: type=4, attr=0xf, range=[0x0000000001a70000-0x0000000001a71000) (0MB)
2015-02-11T17:34:34.370344-06:00 c0-0c0s1n1 EFI: mem56: type=3, attr=0xf, range=[0x0000000001a71000-0x0000000001a79000) (0MB)
2015-02-11T17:34:34.395389-06:00 c0-0c0s1n1 EFI: mem57: type=4, attr=0xf, range=[0x0000000001a79000-0x0000000001a7a000) (0MB)
2015-02-11T17:34:34.395624-06:00 c0-0c0s1n1 EFI: mem58: type=3, attr=0xf, range=[0x0000000001a7a000-0x0000000001a83000) (0MB)
2015-02-11T17:34:34.420552-06:00 c0-0c0s1n1 EFI: mem59: type=4, attr=0xf, range=[0x0000000001a83000-0x0000000001a85000) (0MB)
2015-02-11T17:34:34.420845-06:00 c0-0c0s1n1 EFI: mem60: type=3, attr=0xf, range=[0x0000000001a85000-0x0000000001abe000) (0MB)
2015-02-11T17:34:34.445854-06:00 c0-0c0s1n1 EFI: mem61: type=4, attr=0xf, range=[0x0000000001abe000-0x0000000001abf000) (0MB)
2015-02-11T17:34:34.446126-06:00 c0-0c0s1n1 EFI: mem62: type=3, attr=0xf, range=[0x0000000001abf000-0x0000000001acc000) (0MB)
2015-02-11T17:34:34.471095-06:00 c0-0c0s1n1 EFI: mem63: type=4, attr=0xf, range=[0x0000000001acc000-0x0000000001ad7000) (0MB)
2015-02-11T17:34:34.471332-06:00 c0-0c0s1n1 EFI: mem64: type=3, attr=0xf, range=[0x0000000001ad7000-0x0000000001adc000) (0MB)
2015-02-11T17:34:34.496382-06:00 c0-0c0s1n1 EFI: mem65: type=4, attr=0xf, range=[0x0000000001adc000-0x0000000001b60000) (0MB)
2015-02-11T17:34:34.496619-06:00 c0-0c0s1n1 EFI: mem66: type=3, attr=0xf, range=[0x0000000001b60000-0x0000000001b7c000) (0MB)
2015-02-11T17:34:34.521628-06:00 c0-0c0s1n1 EFI: mem67: type=4, attr=0xf, range=[0x0000000001b7c000-0x0000000001b84000) (0MB)
2015-02-11T17:34:34.521889-06:00 c0-0c0s1n1 EFI: mem68: type=3, attr=0xf, range=[0x0000000001b84000-0x0000000001b9c000) (0MB)
2015-02-11T17:34:34.546976-06:00 c0-0c0s1n1 EFI: mem69: type=4, attr=0xf, range=[0x0000000001b9c000-0x000000000b210000) (150MB)
2015-02-11T17:34:34.547275-06:00 c0-0c0s1n1 EFI: mem70: type=3, attr=0xf, range=[0x000000000b210000-0x000000000b216000) (0MB)
2015-02-11T17:34:34.572213-06:00 c0-0c0s1n1 EFI: mem71: type=4, attr=0xf, range=[0x000000000b216000-0x000000000b21f000) (0MB)
2015-02-11T17:34:34.572492-06:00 c0-0c0s1n1 EFI: mem72: type=3, attr=0xf, range=[0x000000000b21f000-0x000000000b235000) (0MB)
2015-02-11T17:34:34.597454-06:00 c0-0c0s1n1 EFI: mem73: type=4, attr=0xf, range=[0x000000000b235000-0x000000000b23b000) (0MB)
2015-02-11T17:34:34.597713-06:00 c0-0c0s1n1 EFI: mem74: type=3, attr=0xf, range=[0x000000000b23b000-0x000000000b23e000) (0MB)
2015-02-11T17:34:34.622713-06:00 c0-0c0s1n1 EFI: mem75: type=4, attr=0xf, range=[0x000000000b23e000-0x000000000b242000) (0MB)
2015-02-11T17:34:34.622983-06:00 c0-0c0s1n1 EFI: mem76: type=3, attr=0xf, range=[0x000000000b242000-0x000000000b249000) (0MB)
2015-02-11T17:34:34.647965-06:00 c0-0c0s1n1 EFI: mem77: type=4, attr=0xf, range=[0x000000000b249000-0x000000000b24c000) (0MB)
2015-02-11T17:34:34.648231-06:00 c0-0c0s1n1 EFI: mem78: type=3, attr=0xf, range=[0x000000000b24c000-0x000000000b254000) (0MB)
2015-02-11T17:34:34.673284-06:00 c0-0c0s1n1 EFI: mem79: type=4, attr=0xf, range=[0x000000000b254000-0x000000000b27a000) (0MB)
2015-02-11T17:34:34.673449-06:00 c0-0c0s1n1 EFI: mem80: type=3, attr=0xf, range=[0x000000000b27a000-0x000000000b27e000) (0MB)
2015-02-11T17:34:34.698431-06:00 c0-0c0s1n1 EFI: mem81: type=4, attr=0xf, range=[0x000000000b27e000-0x000000000b282000) (0MB)
2015-02-11T17:34:34.698672-06:00 c0-0c0s1n1 EFI: mem82: type=3, attr=0xf, range=[0x000000000b282000-0x000000000b286000) (0MB)
2015-02-11T17:34:34.723790-06:00 c0-0c0s1n1 EFI: mem83: type=4, attr=0xf, range=[0x000000000b286000-0x000000000b290000) (0MB)
2015-02-11T17:34:34.724018-06:00 c0-0c0s1n1 EFI: mem84: type=3, attr=0xf, range=[0x000000000b290000-0x000000000b2d3000) (0MB)
2015-02-11T17:34:34.749040-06:00 c0-0c0s1n1 EFI: mem85: type=4, attr=0xf, range=[0x000000000b2d3000-0x000000000b2df000) (0MB)
2015-02-11T17:34:34.749293-06:00 c0-0c0s1n1 EFI: mem86: type=3, attr=0xf, range=[0x000000000b2df000-0x000000000b2e9000) (0MB)
2015-02-11T17:34:34.774341-06:00 c0-0c0s1n1 EFI: mem87: type=4, attr=0xf, range=[0x000000000b2e9000-0x000000000b2f8000) (0MB)
2015-02-11T17:34:34.799327-06:00 c0-0c0s1n1 EFI: mem88: type=3, attr=0xf, range=[0x000000000b2f8000-0x000000000b2fc000) (0MB)
2015-02-11T17:34:34.799645-06:00 c0-0c0s1n1 EFI: mem89: type=4, attr=0xf, range=[0x000000000b2fc000-0x000000000b2fd000) (0MB)
2015-02-11T17:34:34.824631-06:00 c0-0c0s1n1 EFI: mem90: type=3, attr=0xf, range=[0x000000000b2fd000-0x000000000b302000) (0MB)
2015-02-11T17:34:34.824978-06:00 c0-0c0s1n1 EFI: mem91: type=4, attr=0xf, range=[0x000000000b302000-0x000000000b30b000) (0MB)
2015-02-11T17:34:34.849889-06:00 c0-0c0s1n1 EFI: mem92: type=3, attr=0xf, range=[0x000000000b30b000-0x000000000b343000) (0MB)
2015-02-11T17:34:34.850207-06:00 c0-0c0s1n1 EFI: mem93: type=4, attr=0xf, range=[0x000000000b343000-0x000000000b34a000) (0MB)
2015-02-11T17:34:34.875175-06:00 c0-0c0s1n1 EFI: mem94: type=3, attr=0xf, range=[0x000000000b34a000-0x000000000b351000) (0MB)
2015-02-11T17:34:34.875442-06:00 c0-0c0s1n1 EFI: mem95: type=4, attr=0xf, range=[0x000000000b351000-0x000000000b359000) (0MB)
2015-02-11T17:34:34.900370-06:00 c0-0c0s1n1 EFI: mem96: type=3, attr=0xf, range=[0x000000000b359000-0x000000000b35d000) (0MB)
2015-02-11T17:34:34.900626-06:00 c0-0c0s1n1 EFI: mem97: type=4, attr=0xf, range=[0x000000000b35d000-0x000000000b361000) (0MB)
2015-02-11T17:34:34.900839-06:00 c0-0c0s1n1 EFI: mem98: type=3, attr=0xf, range=[0x000000000b361000-0x000000000b369000) (0MB)
2015-02-11T17:34:34.925807-06:00 c0-0c0s1n1 EFI: mem99: type=4, attr=0xf, range=[0x000000000b369000-0x000000000b383000) (0MB)
2015-02-11T17:34:34.926073-06:00 c0-0c0s1n1 EFI: mem100: type=3, attr=0xf, range=[0x000000000b383000-0x000000000b389000) (0MB)
2015-02-11T17:34:34.951170-06:00 c0-0c0s1n1 EFI: mem101: type=4, attr=0xf, range=[0x000000000b389000-0x000000000b3ab000) (0MB)
2015-02-11T17:34:34.976054-06:00 c0-0c0s1n1 EFI: mem102: type=3, attr=0xf, range=[0x000000000b3ab000-0x000000000b3b2000) (0MB)
2015-02-11T17:34:34.976405-06:00 c0-0c0s1n1 EFI: mem103: type=4, attr=0xf, range=[0x000000000b3b2000-0x000000000b3b6000) (0MB)
2015-02-11T17:34:34.976659-06:00 c0-0c0s1n1 EFI: mem104: type=3, attr=0xf, range=[0x000000000b3b6000-0x000000000b3c8000) (0MB)
2015-02-11T17:34:35.001638-06:00 c0-0c0s1n1 EFI: mem105: type=4, attr=0xf, range=[0x000000000b3c8000-0x000000000b3cb000) (0MB)
2015-02-11T17:34:35.026580-06:00 c0-0c0s1n1 EFI: mem106: type=3, attr=0xf, range=[0x000000000b3cb000-0x000000000b3d6000) (0MB)
2015-02-11T17:34:35.026867-06:00 c0-0c0s1n1 EFI: mem107: type=4, attr=0xf, range=[0x000000000b3d6000-0x000000000b45b000) (0MB)
2015-02-11T17:34:35.051841-06:00 c0-0c0s1n1 EFI: mem108: type=3, attr=0xf, range=[0x000000000b45b000-0x000000000b45e000) (0MB)
2015-02-11T17:34:35.052152-06:00 c0-0c0s1n1 EFI: mem109: type=4, attr=0xf, range=[0x000000000b45e000-0x000000000b474000) (0MB)
2015-02-11T17:34:35.077120-06:00 c0-0c0s1n1 EFI: mem110: type=3, attr=0xf, range=[0x000000000b474000-0x000000000b47b000) (0MB)
2015-02-11T17:34:35.077409-06:00 c0-0c0s1n1 EFI: mem111: type=4, attr=0xf, range=[0x000000000b47b000-0x000000000b48a000) (0MB)
2015-02-11T17:34:35.077655-06:00 c0-0c0s1n1 EFI: mem112: type=3, attr=0xf, range=[0x000000000b48a000-0x000000000b48e000) (0MB)
2015-02-11T17:34:35.102595-06:00 c0-0c0s1n1 EFI: mem113: type=4, attr=0xf, range=[0x000000000b48e000-0x000000000b4b0000) (0MB)
2015-02-11T17:34:35.127653-06:00 c0-0c0s1n1 EFI: mem114: type=3, attr=0xf, range=[0x000000000b4b0000-0x000000000b4b5000) (0MB)
2015-02-11T17:34:35.127955-06:00 c0-0c0s1n1 EFI: mem115: type=4, attr=0xf, range=[0x000000000b4b5000-0x000000000b4c9000) (0MB)
2015-02-11T17:34:35.152861-06:00 c0-0c0s1n1 EFI: mem116: type=7, attr=0xf, range=[0x000000000b4c9000-0x000000000b4ca000) (0MB)
2015-02-11T17:34:35.153166-06:00 c0-0c0s1n1 EFI: mem117: type=4, attr=0xf, range=[0x000000000b4ca000-0x000000000b53d000) (0MB)
2015-02-11T17:34:35.178193-06:00 c0-0c0s1n1 EFI: mem118: type=3, attr=0xf, range=[0x000000000b53d000-0x000000000b551000) (0MB)
2015-02-11T17:34:35.178514-06:00 c0-0c0s1n1 EFI: mem119: type=4, attr=0xf, range=[0x000000000b551000-0x000000000b5ae000) (0MB)
2015-02-11T17:34:35.203488-06:00 c0-0c0s1n1 EFI: mem120: type=3, attr=0xf, range=[0x000000000b5ae000-0x000000000b5b7000) (0MB)
2015-02-11T17:34:35.203739-06:00 c0-0c0s1n1 EFI: mem121: type=4, attr=0xf, range=[0x000000000b5b7000-0x000000000b5b8000) (0MB)
2015-02-11T17:34:35.228742-06:00 c0-0c0s1n1 EFI: mem122: type=2, attr=0xf, range=[0x000000000b5b8000-0x000000000b5ba000) (0MB)
2015-02-11T17:34:35.229006-06:00 c0-0c0s1n1 EFI: mem123: type=7, attr=0xf, range=[0x000000000b5ba000-0x000000000b5bc000) (0MB)
2015-02-11T17:34:35.253942-06:00 c0-0c0s1n1 EFI: mem124: type=4, attr=0xf, range=[0x000000000b5bc000-0x000000000b5c6000) (0MB)
2015-02-11T17:34:35.254174-06:00 c0-0c0s1n1 EFI: mem125: type=7, attr=0xf, range=[0x000000000b5c6000-0x000000000b5cc000) (0MB)
2015-02-11T17:34:35.292217-06:00 c0-0c0s1n1 EFI: mem126: type=4, attr=0xf, range=[0x000000000b5cc000-0x000000000b7e0000) (2MB)
2015-02-11T17:34:35.292389-06:00 c0-0c0s1n1 EFI: mem127: type=7, attr=0xf, range=[0x000000000b7e0000-0x000000000b7ee000) (0MB)
2015-02-11T17:34:35.336288-06:00 c0-0c0s1n1 EFI: mem128: type=1, attr=0xf, range=[0x000000000b7ee000-0x000000000b7ff000) (0MB)
2015-02-11T17:34:35.336449-06:00 c0-0c0s1n1 EFI: mem129: type=7, attr=0xf, range=[0x000000000b7ff000-0x000000007e67c000) (1838MB)
2015-02-11T17:34:35.336645-06:00 c0-0c0s1n1 EFI: mem130: type=10, attr=0xf, range=[0x000000007e67c000-0x000000007e790000) (1MB)
2015-02-11T17:34:35.336845-06:00 c0-0c0s1n1 EFI: mem131: type=0, attr=0xf, range=[0x000000007e790000-0x000000007e792000) (0MB)
2015-02-11T17:34:35.372172-06:00 c0-0c0s1n1 EFI: mem132: type=6, attr=0x800000000000000f, range=[0x000000007e792000-0x000000007f395000) (12MB)
2015-02-11T17:34:35.372366-06:00 c0-0c0s1n1 EFI: mem133: type=9, attr=0xf, range=[0x000000007f395000-0x000000007f410000) (0MB)
2015-02-11T17:34:35.380134-06:00 c0-0c0s1n1 EFI: mem134: type=5, attr=0x800000000000000f, range=[0x000000007f410000-0x000000007f41a000) (0MB)
2015-02-11T17:34:35.405380-06:00 c0-0c0s1n1 EFI: mem135: type=0, attr=0xf, range=[0x000000007f41a000-0x000000007f41c000) (0MB)
2015-02-11T17:34:35.405636-06:00 c0-0c0s1n1 EFI: mem136: type=6, attr=0x800000000000000f, range=[0x000000007f41c000-0x000000007f42d000) (0MB)
2015-02-11T17:34:35.430436-06:00 c0-0c0s1n1 EFI: mem137: type=0, attr=0xf, range=[0x000000007f42d000-0x000000007f43d000) (0MB)
2015-02-11T17:34:35.430819-06:00 c0-0c0s1n1 EFI: mem138: type=6, attr=0x800000000000000f, range=[0x000000007f43d000-0x000000007f45e000) (0MB)
2015-02-11T17:34:35.468178-06:00 c0-0c0s1n1 EFI: mem139: type=5, attr=0x800000000000000f, range=[0x000000007f45e000-0x000000007f462000) (0MB)
2015-02-11T17:34:35.468375-06:00 c0-0c0s1n1 EFI: mem140: type=0, attr=0xf, range=[0x000000007f462000-0x000000007f46b000) (0MB)
2015-02-11T17:34:35.508134-06:00 c0-0c0s1n1 EFI: mem141: type=5, attr=0x800000000000000f, range=[0x000000007f46b000-0x000000007f46d000) (0MB)
2015-02-11T17:34:35.508387-06:00 c0-0c0s1n1 EFI: mem142: type=0, attr=0xf, range=[0x000000007f46d000-0x000000007f471000) (0MB)
2015-02-11T17:34:35.508578-06:00 c0-0c0s1n1 EFI: mem143: type=5, attr=0x800000000000000f, range=[0x000000007f471000-0x000000007f472000) (0MB)
2015-02-11T17:34:35.548110-06:00 c0-0c0s1n1 EFI: mem144: type=6, attr=0x800000000000000f, range=[0x000000007f472000-0x000000007f473000) (0MB)
2015-02-11T17:34:35.548383-06:00 c0-0c0s1n1 EFI: mem145: type=5, attr=0x800000000000000f, range=[0x000000007f473000-0x000000007f476000) (0MB)
2015-02-11T17:34:35.556749-06:00 c0-0c0s1n1 EFI: mem146: type=0, attr=0xf, range=[0x000000007f476000-0x000000007f486000) (0MB)
2015-02-11T17:34:35.557067-06:00 c0-0c0s1n1 EFI: mem147: type=5, attr=0x800000000000000f, range=[0x000000007f486000-0x000000007f491000) (0MB)
2015-02-11T17:34:35.582119-06:00 c0-0c0s1n1 EFI: mem148: type=7, attr=0xf, range=[0x000000007f491000-0x000000007f493000) (0MB)
2015-02-11T17:34:35.582357-06:00 c0-0c0s1n1 EFI: mem149: type=10, attr=0xf, range=[0x000000007f493000-0x000000007f494000) (0MB)
2015-02-11T17:34:35.607497-06:00 c0-0c0s1n1 EFI: mem150: type=6, attr=0x800000000000000f, range=[0x000000007f494000-0x000000007f49b000) (0MB)
2015-02-11T17:34:35.632423-06:00 c0-0c0s1n1 EFI: mem151: type=5, attr=0x800000000000000f, range=[0x000000007f49b000-0x000000007f49e000) (0MB)
2015-02-11T17:34:35.632681-06:00 c0-0c0s1n1 EFI: mem152: type=10, attr=0xf, range=[0x000000007f49e000-0x000000007f4a6000) (0MB)
2015-02-11T17:34:35.657948-06:00 c0-0c0s1n1 EFI: mem153: type=6, attr=0x800000000000000f, range=[0x000000007f4a6000-0x000000007f4a7000) (0MB)
2015-02-11T17:34:35.682976-06:00 c0-0c0s1n1 EFI: mem154: type=5, attr=0x800000000000000f, range=[0x000000007f4a7000-0x000000007f4ab000) (0MB)
2015-02-11T17:34:35.683351-06:00 c0-0c0s1n1 EFI: mem155: type=6, attr=0x800000000000000f, range=[0x000000007f4ab000-0x000000007f4bd000) (0MB)
2015-02-11T17:34:35.708396-06:00 c0-0c0s1n1 EFI: mem156: type=5, attr=0x800000000000000f, range=[0x000000007f4bd000-0x000000007f4cf000) (0MB)
2015-02-11T17:34:35.708705-06:00 c0-0c0s1n1 EFI: mem157: type=6, attr=0x800000000000000f, range=[0x000000007f4cf000-0x000000007f4d2000) (0MB)
2015-02-11T17:34:35.733681-06:00 c0-0c0s1n1 EFI: mem158: type=10, attr=0xf, range=[0x000000007f4d2000-0x000000007f558000) (0MB)
2015-02-11T17:34:35.733952-06:00 c0-0c0s1n1 EFI: mem159: type=3, attr=0xf, range=[0x000000007f558000-0x000000007f7e0000) (2MB)
2015-02-11T17:34:35.758848-06:00 c0-0c0s1n1 EFI: mem160: type=4, attr=0xf, range=[0x000000007f7e0000-0x000000007f7ef000) (0MB)
2015-02-11T17:34:35.759212-06:00 c0-0c0s1n1 EFI: mem161: type=3, attr=0xf, range=[0x000000007f7ef000-0x000000007f800000) (0MB)
2015-02-11T17:34:35.784078-06:00 c0-0c0s1n1 EFI: mem162: type=7, attr=0xf, range=[0x0000000100000000-0x0000001080000000) (63488MB)
2015-02-11T17:34:35.809237-06:00 c0-0c0s1n1 EFI: mem163: type=11, attr=0x8000000000000001, range=[0x0000000080000000-0x0000000090000000) (256MB)
2015-02-11T17:34:35.809625-06:00 c0-0c0s1n1 EFI: mem164: type=11, attr=0x8000000000000001, range=[0x00000000fed1c000-0x00000000fed20000) (0MB)
2015-02-11T17:34:35.834609-06:00 c0-0c0s1n1 EFI: mem165: type=11, attr=0x8000000000000001, range=[0x00000000ff000000-0x0000000100000000) (16MB)
2015-02-11T17:34:35.834712-06:00 c0-0c0s1n1 DMI 2.7 present.
2015-02-11T17:34:35.834941-06:00 c0-0c0s1n1 last_pfn = 0x1080000 max_arch_pfn = 0x400000000
2015-02-11T17:34:35.859968-06:00 c0-0c0s1n1 x86 PAT enabled: cpu 0, old 0x7040600070406, new 0x7010600070106
2015-02-11T17:34:35.860201-06:00 c0-0c0s1n1 last_pfn = 0x7f800 max_arch_pfn = 0x400000000
2015-02-11T17:34:35.860396-06:00 c0-0c0s1n1 found SMP MP-table at [ffff8800000fd830] fd830
2015-02-11T17:34:35.885022-06:00 c0-0c0s1n1 Using GB pages for direct mapping
2015-02-11T17:34:35.885375-06:00 c0-0c0s1n1 init_memory_mapping: 0000000000000000-000000007f800000
2015-02-11T17:34:35.885678-06:00 c0-0c0s1n1 init_memory_mapping: 0000000100000000-0000001080000000
2015-02-11T17:34:35.885684-06:00 c0-0c0s1n1 nmi ring buffer: 262144
2015-02-11T17:34:35.885771-06:00 c0-0c0s1n1 RAMDISK: 0fa00000 - 10610000
2015-02-11T17:34:35.910572-06:00 c0-0c0s1n1 ACPI: RSDP 000000007f395000 00024 (v02 ALASKA)
2015-02-11T17:34:35.910816-06:00 c0-0c0s1n1 ACPI: XSDT 000000007f395088 0008C (v01 ALASKA    A M I 01072009 AMI  00010013)
2015-02-11T17:34:35.935718-06:00 c0-0c0s1n1 ACPI: FACP 000000007f39ee50 000F4 (v04 ALASKA    A M I 01072009 AMI  00010013)
2015-02-11T17:34:35.936024-06:00 c0-0c0s1n1 ACPI: DSDT 000000007f3951a0 09CAD (v02 ALASKA    A M I 00000016 INTL 20051117)
2015-02-11T17:34:35.936131-06:00 c0-0c0s1n1 ACPI: FACS 000000007f4a3f80 00040
2015-02-11T17:34:35.961009-06:00 c0-0c0s1n1 ACPI: APIC 000000007f39ef48 00138 (v03 ALASKA    A M I 01072009 AMI  00010013)
2015-02-11T17:34:35.961339-06:00 c0-0c0s1n1 ACPI: FPDT 000000007f39f080 00044 (v01 ALASKA    A M I 01072009 AMI  00010013)
2015-02-11T17:34:35.986392-06:00 c0-0c0s1n1 ACPI: MCFG 000000007f39f0c8 0003C (v01 ALASKA OEMMCFG. 01072009 MSFT 00000097)
2015-02-11T17:34:35.986707-06:00 c0-0c0s1n1 ACPI: HPET 000000007f39f108 00038 (v01 ALASKA    A M I 01072009 AMI. 00000004)
2015-02-11T17:34:36.011625-06:00 c0-0c0s1n1 ACPI: PRAD 000000007f39f140 000BE (v02 PRADID  PRADTID 00000001 MSFT 03000001)
2015-02-11T17:34:36.011831-06:00 c0-0c0s1n1 ACPI: SSDT 000000007f39f200 70104 (v02  INTEL    CpuPm 00004000 INTL 20051117)
2015-02-11T17:34:36.036623-06:00 c0-0c0s1n1 ACPI: SPCR 000000007f40f308 00050 (v01  A M I   APTIO4 01072009 AMI. 00000004)
2015-02-11T17:34:36.036894-06:00 c0-0c0s1n1 ACPI: EINJ 000000007f40f358 00130 (v01    AMI AMI EINJ 00000000      00000000)
2015-02-11T17:34:36.061973-06:00 c0-0c0s1n1 ACPI: ERST 000000007f40f488 00230 (v01  AMIER AMI ERST 00000000      00000000)
2015-02-11T17:34:36.062212-06:00 c0-0c0s1n1 ACPI: HEST 000000007f40f6b8 000A8 (v01    AMI AMI HEST 00000000      00000000)
2015-02-11T17:34:36.087242-06:00 c0-0c0s1n1 ACPI: BERT 000000007f40f760 00030 (v01    AMI AMI BERT 00000000      00000000)
2015-02-11T17:34:36.087406-06:00 c0-0c0s1n1 ACPI: DMAR 000000007f40f790 000BC (v01 A M I   OEMDMAR 00000001 INTL 00000001)
2015-02-11T17:34:36.087450-06:00 c0-0c0s1n1 No NUMA configuration found
2015-02-11T17:34:36.112304-06:00 c0-0c0s1n1 Faking a node at 0000000000000000-0000001080000000
2015-02-11T17:34:36.112415-06:00 c0-0c0s1n1 Initmem setup node 0 0000000000000000-0000001080000000
2015-02-11T17:34:36.137434-06:00 c0-0c0s1n1  NODE_DATA [000000107ffbb000 - 000000107ffbffff]
2015-02-11T17:34:36.339468-06:00 c0-0c0s1n1 Zone PFN ranges:
2015-02-11T17:34:36.339550-06:00 c0-0c0s1n1  DMA      0x00000010 -> 0x00001000
2015-02-11T17:34:36.339658-06:00 c0-0c0s1n1  DMA32    0x00001000 -> 0x00100000
2015-02-11T17:34:36.339739-06:00 c0-0c0s1n1  Normal   0x00100000 -> 0x01080000
2015-02-11T17:34:36.339843-06:00 c0-0c0s1n1 Movable zone start PFN for each node
2015-02-11T17:34:36.364689-06:00 c0-0c0s1n1 early_node_map[5] active PFN ranges
2015-02-11T17:34:36.364790-06:00 c0-0c0s1n1    0: 0x00000010 -> 0x000000a0
2015-02-11T17:34:36.364859-06:00 c0-0c0s1n1    0: 0x00000100 -> 0x0007e67c
2015-02-11T17:34:36.389955-06:00 c0-0c0s1n1    0: 0x0007f491 -> 0x0007f493
2015-02-11T17:34:36.390013-06:00 c0-0c0s1n1    0: 0x0007f558 -> 0x0007f800
2015-02-11T17:34:36.390099-06:00 c0-0c0s1n1    0: 0x00100000 -> 0x01080000
2015-02-11T17:34:37.019589-06:00 c0-0c0s1n1 ACPI: LAPIC (acpi_id[0x00] lapic_id[0x00] enabled)
2015-02-11T17:34:37.019798-06:00 c0-0c0s1n1 ACPI: LAPIC (acpi_id[0x02] lapic_id[0x02] enabled)
2015-02-11T17:34:37.020005-06:00 c0-0c0s1n1 ACPI: LAPIC (acpi_id[0x04] lapic_id[0x04] enabled)
2015-02-11T17:34:37.044879-06:00 c0-0c0s1n1 ACPI: LAPIC (acpi_id[0x06] lapic_id[0x06] enabled)
2015-02-11T17:34:37.045155-06:00 c0-0c0s1n1 ACPI: LAPIC (acpi_id[0x08] lapic_id[0x08] enabled)
2015-02-11T17:34:37.045397-06:00 c0-0c0s1n1 ACPI: LAPIC (acpi_id[0x0a] lapic_id[0x0a] enabled)
2015-02-11T17:34:37.084222-06:00 c0-0c0s1n1 ACPI: LAPIC (acpi_id[0x0c] lapic_id[0x0c] enabled)
2015-02-11T17:34:37.084455-06:00 c0-0c0s1n1 ACPI: LAPIC (acpi_id[0x0e] lapic_id[0x0e] enabled)
2015-02-11T17:34:37.084685-06:00 c0-0c0s1n1 ACPI: LAPIC (acpi_id[0x01] lapic_id[0x01] enabled)
2015-02-11T17:34:37.084896-06:00 c0-0c0s1n1 ACPI: LAPIC (acpi_id[0x03] lapic_id[0x03] enabled)
2015-02-11T17:34:37.124300-06:00 c0-0c0s1n1 ACPI: LAPIC (acpi_id[0x05] lapic_id[0x05] enabled)
2015-02-11T17:34:37.124529-06:00 c0-0c0s1n1 ACPI: LAPIC (acpi_id[0x07] lapic_id[0x07] enabled)
2015-02-11T17:34:37.124754-06:00 c0-0c0s1n1 ACPI: LAPIC (acpi_id[0x09] lapic_id[0x09] enabled)
2015-02-11T17:34:37.124924-06:00 c0-0c0s1n1 ACPI: LAPIC (acpi_id[0x0b] lapic_id[0x0b] enabled)
2015-02-11T17:34:37.125142-06:00 c0-0c0s1n1 ACPI: LAPIC (acpi_id[0x0d] lapic_id[0x0d] enabled)
2015-02-11T17:34:37.125323-06:00 c0-0c0s1n1 ACPI: LAPIC (acpi_id[0x0f] lapic_id[0x0f] enabled)
2015-02-11T17:34:37.164126-06:00 c0-0c0s1n1 ACPI: LAPIC_NMI (acpi_id[0x00] high edge lint[0x1])
2015-02-11T17:34:37.164412-06:00 c0-0c0s1n1 ACPI: LAPIC_NMI (acpi_id[0x02] high edge lint[0x1])
2015-02-11T17:34:37.164633-06:00 c0-0c0s1n1 ACPI: LAPIC_NMI (acpi_id[0x04] high edge lint[0x1])
2015-02-11T17:34:37.171180-06:00 c0-0c0s1n1 ACPI: LAPIC_NMI (acpi_id[0x06] high edge lint[0x1])
2015-02-11T17:34:37.171471-06:00 c0-0c0s1n1 ACPI: LAPIC_NMI (acpi_id[0x08] high edge lint[0x1])
2015-02-11T17:34:37.171701-06:00 c0-0c0s1n1 ACPI: LAPIC_NMI (acpi_id[0x0a] high edge lint[0x1])
2015-02-11T17:34:37.196465-06:00 c0-0c0s1n1 ACPI: LAPIC_NMI (acpi_id[0x0c] high edge lint[0x1])
2015-02-11T17:34:37.196763-06:00 c0-0c0s1n1 ACPI: LAPIC_NMI (acpi_id[0x0e] high edge lint[0x1])
2015-02-11T17:34:37.197063-06:00 c0-0c0s1n1 ACPI: LAPIC_NMI (acpi_id[0x01] high edge lint[0x1])
2015-02-11T17:34:37.221774-06:00 c0-0c0s1n1 ACPI: LAPIC_NMI (acpi_id[0x03] high edge lint[0x1])
2015-02-11T17:34:37.222078-06:00 c0-0c0s1n1 ACPI: LAPIC_NMI (acpi_id[0x05] high edge lint[0x1])
2015-02-11T17:34:37.222307-06:00 c0-0c0s1n1 ACPI: LAPIC_NMI (acpi_id[0x07] high edge lint[0x1])
2015-02-11T17:34:37.246877-06:00 c0-0c0s1n1 ACPI: LAPIC_NMI (acpi_id[0x09] high edge lint[0x1])
2015-02-11T17:34:37.247153-06:00 c0-0c0s1n1 ACPI: LAPIC_NMI (acpi_id[0x0b] high edge lint[0x1])
2015-02-11T17:34:37.247379-06:00 c0-0c0s1n1 ACPI: LAPIC_NMI (acpi_id[0x0d] high edge lint[0x1])
2015-02-11T17:34:37.247564-06:00 c0-0c0s1n1 ACPI: LAPIC_NMI (acpi_id[0x0f] high edge lint[0x1])
2015-02-11T17:34:37.272251-06:00 c0-0c0s1n1 ACPI: IOAPIC (id[0x00] address[0xfec00000] gsi_base[0])
2015-02-11T17:34:37.272569-06:00 c0-0c0s1n1 IOAPIC[0]: apic_id 0, version 32, address 0xfec00000, GSI 0-23
2015-02-11T17:34:37.297403-06:00 c0-0c0s1n1 ACPI: IOAPIC (id[0x02] address[0xfec01000] gsi_base[24])
2015-02-11T17:34:37.297627-06:00 c0-0c0s1n1 IOAPIC[1]: apic_id 2, version 32, address 0xfec01000, GSI 24-47
2015-02-11T17:34:37.297865-06:00 c0-0c0s1n1 ACPI: INT_SRC_OVR (bus 0 bus_irq 0 global_irq 2 dfl dfl)
2015-02-11T17:34:37.322644-06:00 c0-0c0s1n1 ACPI: INT_SRC_OVR (bus 0 bus_irq 9 global_irq 9 high level)
2015-02-11T17:34:37.322896-06:00 c0-0c0s1n1 Using ACPI (MADT) for SMP configuration information
2015-02-11T17:34:37.323141-06:00 c0-0c0s1n1 ACPI: HPET id: 0x8086a701 base: 0xfed00000
2015-02-11T17:34:37.348025-06:00 c0-0c0s1n1 SMP: Allowing 16 CPUs, 0 hotplug CPUs
2015-02-11T17:34:37.348117-06:00 c0-0c0s1n1 Allocating PCI resources starting at 90000000 (gap: 90000000:6ed1c000)
2015-02-11T17:34:37.348390-06:00 c0-0c0s1n1 setup_percpu: NR_CPUS:128 nr_cpumask_bits:128 nr_cpu_ids:16 nr_node_ids:1
2015-02-11T17:34:37.373282-06:00 c0-0c0s1n1 PERCPU: Embedded 25 pages/cpu @ffff88107fa00000 s72704 r8192 d21504 u131072
2015-02-11T17:34:37.398460-06:00 c0-0c0s1n1 Built 1 zonelists in Zone order, mobility grouping on.  Total pages: 16534701
2015-02-11T17:34:37.398574-06:00 c0-0c0s1n1 Policy zone: Normal
2015-02-11T17:34:37.474177-06:00 c0-0c0s1n1 Kernel command line: earlyprintk=serial,115200 load_ramdisk=1 ramdisk_size=80000 console=ttyS0,115200n8 bootnodeip=10.131.255.254 bootproto=ipog bootpath=/rr/current rootfs=nfs-shared root=/dev/disk/by-id/scsi-3600a09800063789e0000008b54c3a04c-part1 oops=panic bootifnetmask=255.252.0.0 elevator=noop ippob1=10 ippob2=128 pcie_ports=native iommu=on intel_iommu=off bad_page=panic pln_enable=off apei_disable hest_disable erst_disable ghes_disable cgroup_disable=memory active_wlm=ALPS sdbnodeip=10.131.255.253 sessionid=p0-20150211t172524 _cray=marker_ 
2015-02-11T17:34:37.474208-06:00 c0-0c0s1n1 Intel-IOMMU: disabled
2015-02-11T17:34:37.474313-06:00 c0-0c0s1n1 Disabling memory control group subsystem
2015-02-11T17:34:37.499518-06:00 c0-0c0s1n1 PID hash table entries: 4096 (order: 3, 32768 bytes)
2015-02-11T17:34:37.499567-06:00 c0-0c0s1n1 xsave/xrstor: enabled xstate_bv 0x7, cntxt size 0x340
2015-02-11T17:34:37.883251-06:00 c0-0c0s1n1 Memory: 66065160k/69206016k available (5522k kernel code, 2121000k absent, 1019856k reserved, 5307k data, 692k init)
2015-02-11T17:34:37.883260-06:00 c0-0c0s1n1 Hierarchical RCU implementation.
2015-02-11T17:34:37.883265-06:00 c0-0c0s1n1 NR_IRQS:4352
2015-02-11T17:34:38.312177-06:00 c0-0c0s1n1 Extended CMOS year: 2000
2015-02-11T17:34:38.312185-06:00 c0-0c0s1n1 Console: colour dummy device 80x25
2015-02-11T17:34:38.312201-06:00 c0-0c0s1n1 console [ttyS0] enabled, bootconsole disabled
2015-02-11T17:34:38.312207-06:00 c0-0c0s1n1 console [ttyS0] enabled, bootconsole disabled
2015-02-11T17:34:38.312213-06:00 c0-0c0s1n1 Fast TSC calibration using PIT
2015-02-11T17:34:38.312220-06:00 c0-0c0s1n1 Detected 2599.969 MHz processor.
2015-02-11T17:34:38.312228-06:00 c0-0c0s1n1 Calibrating delay loop (skipped), value calculated using timer frequency.. 5199.93 BogoMIPS (lpj=10399876)
2015-02-11T17:34:38.312240-06:00 c0-0c0s1n1 pid_max: default: 32768 minimum: 301
2015-02-11T17:34:38.312249-06:00 c0-0c0s1n1 Dentry cache hash table entries: 8388608 (order: 14, 67108864 bytes)
2015-02-11T17:34:38.312262-06:00 c0-0c0s1n1 Inode-cache hash table entries: 4194304 (order: 13, 33554432 bytes)
2015-02-11T17:34:38.312271-06:00 c0-0c0s1n1 Mount-cache hash table entries: 256
2015-02-11T17:34:38.312277-06:00 c0-0c0s1n1 Initializing cgroup subsys cpuacct
2015-02-11T17:34:38.312282-06:00 c0-0c0s1n1 Initializing cgroup subsys memory
2015-02-11T17:34:38.312287-06:00 c0-0c0s1n1 Initializing cgroup subsys devices
2015-02-11T17:34:38.312299-06:00 c0-0c0s1n1 Initializing cgroup subsys perf_event
2015-02-11T17:34:38.312323-06:00 c0-0c0s1n1 CPU: Physical Processor ID: 0
2015-02-11T17:34:38.312332-06:00 c0-0c0s1n1 CPU: Processor Core ID: 0
2015-02-11T17:34:38.312337-06:00 c0-0c0s1n1 mce: CPU supports 20 MCE banks
2015-02-11T17:34:38.312350-06:00 c0-0c0s1n1 CPU0: Thermal monitoring enabled (TM1)
2015-02-11T17:34:38.312360-06:00 c0-0c0s1n1 using mwait in idle threads.
2015-02-11T17:34:38.312368-06:00 c0-0c0s1n1 ACPI: Core revision 20110413
2015-02-11T17:34:38.312374-06:00 c0-0c0s1n1 ftrace: allocating 20236 entries in 80 pages
2015-02-11T17:34:38.312380-06:00 c0-0c0s1n1 DMAR: Host address width 46
2015-02-11T17:34:38.312401-06:00 c0-0c0s1n1 DMAR: DRHD base: 0x000000fbffc000 flags: 0x1
2015-02-11T17:34:38.312407-06:00 c0-0c0s1n1 IOMMU 0: reg_base_addr fbffc000 ver 1:0 cap d2078c106f0462 ecap f020fe
2015-02-11T17:34:38.312412-06:00 c0-0c0s1n1 DMAR: RMRR base: 0x0000007f430000 end: 0x0000007f43cfff
2015-02-11T17:34:38.312421-06:00 c0-0c0s1n1 DMAR: ATSR flags: 0x0
2015-02-11T17:34:38.312428-06:00 c0-0c0s1n1 DMAR: RHSA base: 0x000000fbffc000 proximity domain: 0x0
2015-02-11T17:34:38.312439-06:00 c0-0c0s1n1 Switched APIC routing to physical flat.
2015-02-11T17:34:38.312448-06:00 c0-0c0s1n1 ..TIMER: vector=0x30 apic1=0 pin1=2 apic2=-1 pin2=-1
2015-02-11T17:34:38.362465-06:00 c0-0c0s1n1 CPU0: Intel(R) Xeon(R) CPU E5-2670 0 @ 2.60GHz stepping 07
2015-02-11T17:34:38.589965-06:00 c0-0c0s1n1 Performance Events: PEBS fmt1+, 16-deep LBR, SandyBridge events, full-width counters, Intel PMU driver.
2015-02-11T17:34:38.590069-06:00 c0-0c0s1n1 ... version:                3
2015-02-11T17:34:38.590115-06:00 c0-0c0s1n1 ... bit width:              48
2015-02-11T17:34:38.590240-06:00 c0-0c0s1n1 ... generic registers:      4
2015-02-11T17:34:38.615116-06:00 c0-0c0s1n1 ... value mask:             0000ffffffffffff
2015-02-11T17:34:38.615215-06:00 c0-0c0s1n1 ... max period:             0000ffffffffffff
2015-02-11T17:34:38.640233-06:00 c0-0c0s1n1 ... fixed-purpose events:   3
2015-02-11T17:34:38.665372-06:00 c0-0c0s1n1 ... event mask:             000000070000000f
2015-02-11T17:34:39.094086-06:00 c0-0c0s1n1 Booting Node   0, Processors  #1 #2 #3 #4 #5 #6 #7 #8 #9 #10 #11 #12 #13 #14 #15 Ok.
2015-02-11T17:34:39.144520-06:00 c0-0c0s1n1 Brought up 16 CPUs
2015-02-11T17:34:39.144614-06:00 c0-0c0s1n1 Total of 16 processors activated (83199.00 BogoMIPS).
2015-02-11T17:34:39.194896-06:00 c0-0c0s1n1 NET: Registered protocol family 16
2015-02-11T17:34:39.195114-06:00 c0-0c0s1n1 ACPI FADT declares the system doesn't support PCIe ASPM, so disable it
2015-02-11T17:34:39.220188-06:00 c0-0c0s1n1 ACPI: bus type pci registered
2015-02-11T17:34:39.220352-06:00 c0-0c0s1n1 PCI: MMCONFIG for domain 0000 [bus 00-ff] at [mem 0x80000000-0x8fffffff] (base 0x80000000)
2015-02-11T17:34:39.220428-06:00 c0-0c0s1n1 PCI: MMCONFIG at [mem 0x80000000-0x8fffffff] reserved in E820
2015-02-11T17:34:39.245650-06:00 c0-0c0s1n1 PCI: Using configuration type 1 for base access
2015-02-11T17:34:39.270664-06:00 c0-0c0s1n1 bio: create slab <bio-0> at 0
2015-02-11T17:34:39.321052-06:00 c0-0c0s1n1 ACPI: Executed 1 blocks of module-level executable AML code
2015-02-11T17:34:39.497983-06:00 c0-0c0s1n1 ACPI: Interpreter enabled
2015-02-11T17:34:39.522907-06:00 c0-0c0s1n1 ACPI: (supports S0 S1 S3 S5)
2015-02-11T17:34:39.523115-06:00 c0-0c0s1n1 ACPI: Using IOAPIC for interrupt routing
2015-02-11T17:34:39.523534-06:00 c0-0c0s1n1 ACPI: No dock devices found.
2015-02-11T17:34:39.548213-06:00 c0-0c0s1n1 HEST: Table parsing disabled.
2015-02-11T17:34:39.548559-06:00 c0-0c0s1n1 PCI: Using host bridge windows from ACPI; if necessary, use "pci=nocrs" and report a bug
2015-02-11T17:34:39.573666-06:00 c0-0c0s1n1 ACPI: PCI Root Bridge [PCI0] (domain 0000 [bus 00-fe])
2015-02-11T17:34:39.573901-06:00 c0-0c0s1n1 pci_root PNP0A08:00: host bridge window [io  0x0000-0x03af]
2015-02-11T17:34:39.598805-06:00 c0-0c0s1n1 pci_root PNP0A08:00: host bridge window [io  0x03e0-0x0cf7]
2015-02-11T17:34:39.599017-06:00 c0-0c0s1n1 pci_root PNP0A08:00: host bridge window [io  0x0d00-0xffff]
2015-02-11T17:34:39.624143-06:00 c0-0c0s1n1 pci_root PNP0A08:00: host bridge window [mem 0x000c0000-0x000dffff]
2015-02-11T17:34:39.624498-06:00 c0-0c0s1n1 pci_root PNP0A08:00: host bridge window [mem 0x80000000-0xfbffffff]
2015-02-11T17:34:39.649144-06:00 c0-0c0s1n1 pci_root PNP0A08:00: host bridge window [mem 0x1080000000-0x3c3fffffffff]
2015-02-11T17:34:39.649460-06:00 c0-0c0s1n1 pci 0000:00:02.0: PCI bridge to [bus 01-01]
2015-02-11T17:34:39.649686-06:00 c0-0c0s1n1 pci 0000:00:03.0: PCI bridge to [bus 02-02]
2015-02-11T17:34:39.674591-06:00 c0-0c0s1n1 pci 0000:00:03.2: PCI bridge to [bus 03-03]
2015-02-11T17:34:39.674701-06:00 c0-0c0s1n1 pci 0000:00:11.0: PCI bridge to [bus 04-04]
2015-02-11T17:34:39.699684-06:00 c0-0c0s1n1 pci 0000:00:1e.0: PCI bridge to [bus 05-05] (subtractive decode)
2015-02-11T17:34:39.699942-06:00 c0-0c0s1n1 pci0000:00: Unable to request _OSC control (_OSC support mask: 0x19)
2015-02-11T17:34:39.725201-06:00 c0-0c0s1n1 ACPI: PCI Root Bridge [UNC0] (domain 0000 [bus ff])
2015-02-11T17:34:39.750168-06:00 c0-0c0s1n1 pci0000:ff: Unable to request _OSC control (_OSC support mask: 0x19)
2015-02-11T17:34:39.750548-06:00 c0-0c0s1n1 ACPI: PCI Interrupt Link [LNKA] (IRQs 3 4 5 6 7 10 *11 12 14 15)
2015-02-11T17:34:39.775585-06:00 c0-0c0s1n1 ACPI: PCI Interrupt Link [LNKB] (IRQs 3 4 5 6 7 *10 11 12 14 15)
2015-02-11T17:34:39.775843-06:00 c0-0c0s1n1 ACPI: PCI Interrupt Link [LNKC] (IRQs 3 4 *5 6 10 11 12 14 15)
2015-02-11T17:34:39.776166-06:00 c0-0c0s1n1 ACPI: PCI Interrupt Link [LNKD] (IRQs *3 4 5 6 10 11 12 14 15)
2015-02-11T17:34:39.800910-06:00 c0-0c0s1n1 ACPI: PCI Interrupt Link [LNKE] (IRQs 3 4 5 6 7 10 11 12 14 15) *0
2015-02-11T17:34:39.801210-06:00 c0-0c0s1n1 ACPI: PCI Interrupt Link [LNKF] (IRQs 3 4 5 6 7 10 11 12 14 15) *0
2015-02-11T17:34:39.826146-06:00 c0-0c0s1n1 ACPI: PCI Interrupt Link [LNKG] (IRQs 3 4 5 6 7 10 11 12 14 15) *0
2015-02-11T17:34:39.826366-06:00 c0-0c0s1n1 ACPI: PCI Interrupt Link [LNKH] (IRQs 3 4 5 6 *7 10 11 12 14 15)
2015-02-11T17:34:39.826461-06:00 c0-0c0s1n1 vgaarb: loaded
2015-02-11T17:34:39.826589-06:00 c0-0c0s1n1 SCSI subsystem initialized
2015-02-11T17:34:39.851268-06:00 c0-0c0s1n1 PCI: Using ACPI for IRQ routing
2015-02-11T17:34:39.851696-06:00 c0-0c0s1n1 Switching to clocksource hpet
2015-02-11T17:34:39.876779-06:00 c0-0c0s1n1 pnp: PnP ACPI init
2015-02-11T17:34:39.876905-06:00 c0-0c0s1n1 ACPI: bus type pnp registered
2015-02-11T17:34:39.901694-06:00 c0-0c0s1n1 system 00:01: [mem 0xfc000000-0xfcffffff] has been reserved
2015-02-11T17:34:39.902006-06:00 c0-0c0s1n1 system 00:01: [mem 0xfd000000-0xfdffffff] has been reserved
2015-02-11T17:34:39.926990-06:00 c0-0c0s1n1 system 00:01: [mem 0xfe000000-0xfeafffff] has been reserved
2015-02-11T17:34:39.927277-06:00 c0-0c0s1n1 system 00:01: [mem 0xfeb00000-0xfebfffff] has been reserved
2015-02-11T17:34:39.927569-06:00 c0-0c0s1n1 system 00:01: [mem 0xfed00400-0xfed3ffff] could not be reserved
2015-02-11T17:34:39.952328-06:00 c0-0c0s1n1 system 00:01: [mem 0xfed45000-0xfedfffff] has been reserved
2015-02-11T17:34:39.952634-06:00 c0-0c0s1n1 system 00:02: [mem 0xfbffc000-0xfbffdfff] has been reserved
2015-02-11T17:34:39.977536-06:00 c0-0c0s1n1 system 00:06: [io  0x04d0-0x04d1] has been reserved
2015-02-11T17:34:39.977837-06:00 c0-0c0s1n1 system 00:08: [io  0x0400-0x0453] has been reserved
2015-02-11T17:34:39.978039-06:00 c0-0c0s1n1 system 00:08: [io  0x0458-0x047f] has been reserved
2015-02-11T17:34:39.978292-06:00 c0-0c0s1n1 system 00:08: [io  0x1180-0x119f] has been reserved
2015-02-11T17:34:40.002985-06:00 c0-0c0s1n1 system 00:08: [io  0x0500-0x057f] has been reserved
2015-02-11T17:34:40.003187-06:00 c0-0c0s1n1 system 00:08: [mem 0xfed1c000-0xfed1ffff] has been reserved
2015-02-11T17:34:40.028036-06:00 c0-0c0s1n1 system 00:08: [mem 0xfec00000-0xfecfffff] could not be reserved
2015-02-11T17:34:40.028445-06:00 c0-0c0s1n1 system 00:08: [mem 0xfed08000-0xfed08fff] has been reserved
2015-02-11T17:34:40.028746-06:00 c0-0c0s1n1 system 00:08: [mem 0xff000000-0xffffffff] has been reserved
2015-02-11T17:34:40.053343-06:00 c0-0c0s1n1 system 00:09: [io  0x0454-0x0457] has been reserved
2015-02-11T17:34:40.053551-06:00 c0-0c0s1n1 pnp: PnP ACPI: found 12 devices
2015-02-11T17:34:40.053715-06:00 c0-0c0s1n1 ACPI: ACPI bus type pnp unregistered
2015-02-11T17:34:40.078805-06:00 c0-0c0s1n1 pci 0000:00:02.0: PCI bridge to [bus 01-01]
2015-02-11T17:34:40.078994-06:00 c0-0c0s1n1 pci 0000:00:02.0:   bridge window [io  disabled]
2015-02-11T17:34:40.079182-06:00 c0-0c0s1n1 pci 0000:00:02.0:   bridge window [mem disabled]
2015-02-11T17:34:40.104097-06:00 c0-0c0s1n1 pci 0000:00:02.0:   bridge window [mem 0x3c0000000000-0x3c20000fffff 64bit pref]
2015-02-11T17:34:40.104273-06:00 c0-0c0s1n1 pci 0000:00:03.0: PCI bridge to [bus 02-02]
2015-02-11T17:34:40.104512-06:00 c0-0c0s1n1 pci 0000:00:03.0:   bridge window [io  disabled]
2015-02-11T17:34:40.129331-06:00 c0-0c0s1n1 pci 0000:00:03.0:   bridge window [mem 0xfbc00000-0xfbdfffff]
2015-02-11T17:34:40.129624-06:00 c0-0c0s1n1 pci 0000:00:03.0:   bridge window [mem 0x3c2001000000-0x3c20017fffff 64bit pref]
2015-02-11T17:34:40.154451-06:00 c0-0c0s1n1 pci 0000:00:03.2: PCI bridge to [bus 03-03]
2015-02-11T17:34:40.154675-06:00 c0-0c0s1n1 pci 0000:00:03.2:   bridge window [io  disabled]
2015-02-11T17:34:40.154951-06:00 c0-0c0s1n1 pci 0000:00:03.2:   bridge window [mem 0xfba00000-0xfbbfffff]
2015-02-11T17:34:40.179938-06:00 c0-0c0s1n1 pci 0000:00:03.2:   bridge window [mem 0x3c2000800000-0x3c2000ffffff 64bit pref]
2015-02-11T17:34:40.180115-06:00 c0-0c0s1n1 pci 0000:00:11.0: PCI bridge to [bus 04-04]
2015-02-11T17:34:40.204934-06:00 c0-0c0s1n1 pci 0000:00:11.0:   bridge window [io  0xe000-0xefff]
2015-02-11T17:34:40.205265-06:00 c0-0c0s1n1 pci 0000:00:11.0:   bridge window [mem 0xfbe00000-0xfbefffff]
2015-02-11T17:34:40.230028-06:00 c0-0c0s1n1 pci 0000:00:11.0:   bridge window [mem 0x3c2001800000-0x3c2001cfffff 64bit pref]
2015-02-11T17:34:40.230347-06:00 c0-0c0s1n1 pci 0000:00:1e.0: PCI bridge to [bus 05-05]
2015-02-11T17:34:40.230543-06:00 c0-0c0s1n1 pci 0000:00:1e.0:   bridge window [io  disabled]
2015-02-11T17:34:40.230728-06:00 c0-0c0s1n1 pci 0000:00:1e.0:   bridge window [mem disabled]
2015-02-11T17:34:40.255525-06:00 c0-0c0s1n1 pci 0000:00:1e.0:   bridge window [mem pref disabled]
2015-02-11T17:34:40.255836-06:00 c0-0c0s1n1 pci 0000:00:02.0: PCI INT A -> GSI 32 (level, low) -> IRQ 32
2015-02-11T17:34:40.280724-06:00 c0-0c0s1n1 pci 0000:00:03.0: PCI INT A -> GSI 40 (level, low) -> IRQ 40
2015-02-11T17:34:40.281069-06:00 c0-0c0s1n1 pci 0000:00:03.2: PCI INT A -> GSI 40 (level, low) -> IRQ 40
2015-02-11T17:34:40.305820-06:00 c0-0c0s1n1 pci 0000:00:11.0: PCI INT A -> GSI 16 (level, low) -> IRQ 16
2015-02-11T17:34:40.306008-06:00 c0-0c0s1n1 NET: Registered protocol family 2
2015-02-11T17:34:40.306320-06:00 c0-0c0s1n1 IP route cache hash table entries: 524288 (order: 10, 4194304 bytes)
2015-02-11T17:34:40.331384-06:00 c0-0c0s1n1 TCP established hash table entries: 524288 (order: 11, 8388608 bytes)
2015-02-11T17:34:40.331715-06:00 c0-0c0s1n1 TCP bind hash table entries: 65536 (order: 8, 1048576 bytes)
2015-02-11T17:34:40.356409-06:00 c0-0c0s1n1 TCP: Hash tables configured (established 524288 bind 65536)
2015-02-11T17:34:40.356540-06:00 c0-0c0s1n1 TCP reno registered
2015-02-11T17:34:40.356806-06:00 c0-0c0s1n1 UDP hash table entries: 32768 (order: 8, 1048576 bytes)
2015-02-11T17:34:40.381573-06:00 c0-0c0s1n1 UDP-Lite hash table entries: 32768 (order: 8, 1048576 bytes)
2015-02-11T17:34:40.381816-06:00 c0-0c0s1n1 NET: Registered protocol family 1
2015-02-11T17:34:40.382054-06:00 c0-0c0s1n1 RPC: Registered named UNIX socket transport module.
2015-02-11T17:34:40.382142-06:00 c0-0c0s1n1 RPC: Registered udp transport module.
2015-02-11T17:34:40.406912-06:00 c0-0c0s1n1 RPC: Registered tcp transport module.
2015-02-11T17:34:40.407147-06:00 c0-0c0s1n1 RPC: Registered tcp NFSv4.1 backchannel transport module.
2015-02-11T17:34:40.432296-06:00 c0-0c0s1n1 pci 0000:00:1a.0: PCI INT A -> GSI 16 (level, low) -> IRQ 16
2015-02-11T17:34:40.457740-06:00 c0-0c0s1n1 pci 0000:00:1a.0: PCI INT A disabled
2015-02-11T17:34:40.482711-06:00 c0-0c0s1n1 pci 0000:00:1d.0: PCI INT A -> GSI 23 (level, low) -> IRQ 23
2015-02-11T17:34:40.483006-06:00 c0-0c0s1n1 pci 0000:00:1d.0: PCI INT A disabled
2015-02-11T17:34:40.507981-06:00 c0-0c0s1n1 Trying to unpack rootfs image as initramfs...
2015-02-11T17:34:40.936654-06:00 c0-0c0s1n1 Freeing initrd memory: 12352k freed
2015-02-11T17:34:40.936920-06:00 c0-0c0s1n1 DMAR: Device scope device [0000:00:01.01] not found
2015-02-11T17:34:40.961863-06:00 c0-0c0s1n1 DMAR: Device scope device [0000:00:01.01] not found
2015-02-11T17:34:40.962128-06:00 c0-0c0s1n1 PCI-DMA: Using software bounce buffering for IO (SWIOTLB)
2015-02-11T17:34:40.987164-06:00 c0-0c0s1n1 Placing 64MB software IO TLB between ffff88007a67c000 - ffff88007e67c000
2015-02-11T17:34:40.987381-06:00 c0-0c0s1n1 software IO TLB at phys 0x7a67c000 - 0x7e67c000
2015-02-11T17:34:40.987625-06:00 c0-0c0s1n1 Machine check injector initialized
2015-02-11T17:34:41.012647-06:00 c0-0c0s1n1 futex hash table entries: 4096 (order: 6, 262144 bytes)
2015-02-11T17:34:41.012736-06:00 c0-0c0s1n1 Registering pnotify support for (name=job)
2015-02-11T17:34:41.012768-06:00 c0-0c0s1n1 CSA: initialized
2015-02-11T17:34:41.037572-06:00 c0-0c0s1n1 audit: initializing netlink socket (disabled)
2015-02-11T17:34:41.037792-06:00 c0-0c0s1n1 type=2000 audit(1423697675.496:1): initialized
2015-02-11T17:34:41.088210-06:00 c0-0c0s1n1 HugeTLB registered 2 MB page size, pre-allocated 0 pages
2015-02-11T17:34:41.088286-06:00 c0-0c0s1n1 VFS: Disk quotas dquot_6.5.2
2015-02-11T17:34:41.088562-06:00 c0-0c0s1n1 Dquot-cache hash table entries: 512 (order 0, 4096 bytes)
2015-02-11T17:34:41.088792-06:00 c0-0c0s1n1 Installing knfsd (copyright (C) 1996 okir@monad.swb.de).
2015-02-11T17:34:41.113389-06:00 c0-0c0s1n1 fuse init (API version 7.16)
2015-02-11T17:34:41.113597-06:00 c0-0c0s1n1 Installing v9fs 9p2000 file system support
2015-02-11T17:34:41.113701-06:00 c0-0c0s1n1 msgmni has been set to 32268
2015-02-11T17:34:41.138718-06:00 c0-0c0s1n1 Block layer SCSI generic (bsg) driver version 0.4 loaded (major 254)
2015-02-11T17:34:41.138883-06:00 c0-0c0s1n1 io scheduler noop registered (default)
2015-02-11T17:34:41.138951-06:00 c0-0c0s1n1 io scheduler deadline registered
2015-02-11T17:34:41.139069-06:00 c0-0c0s1n1 io scheduler cfq registered
2015-02-11T17:34:41.164196-06:00 c0-0c0s1n1 input: Power Button as /devices/LNXSYSTM:00/LNXSYBUS:00/PNP0C0C:00/input/input0
2015-02-11T17:34:41.164291-06:00 c0-0c0s1n1 ACPI: Power Button [PWRB]
2015-02-11T17:34:41.189088-06:00 c0-0c0s1n1 input: Power Button as /devices/LNXSYSTM:00/LNXPWRBN:00/input/input1
2015-02-11T17:34:41.189166-06:00 c0-0c0s1n1 ACPI: Power Button [PWRF]
2015-02-11T17:34:41.290262-06:00 c0-0c0s1n1 ERST: Error Record Serialization Table (ERST) support is disabled.
2015-02-11T17:34:41.290273-06:00 c0-0c0s1n1 GHES: HEST is not enabled!
2015-02-11T17:34:41.340665-06:00 c0-0c0s1n1 Serial: 8250/16550 driver, 2 ports, IRQ sharing disabled
2015-02-11T17:34:41.365715-06:00 c0-0c0s1n1 serial8250: ttyS0 at I/O 0x3f8 (irq = 4) is a 16550A
2015-02-11T17:34:41.441345-06:00 c0-0c0s1n1 serial8250: ttyS1 at I/O 0x2f8 (irq = 3) is a 16550A
2015-02-11T17:34:41.542410-06:00 c0-0c0s1n1 Real Time Clock Driver v1.12b
2015-02-11T17:34:41.542542-06:00 c0-0c0s1n1 Linux agpgart interface v0.103
2015-02-11T17:34:41.542647-06:00 c0-0c0s1n1 brd: module loaded
2015-02-11T17:34:41.542702-06:00 c0-0c0s1n1 loop: module loaded
2015-02-11T17:34:41.567615-06:00 c0-0c0s1n1 Loading iSCSI transport class v2.0-870.
2015-02-11T17:34:41.567750-06:00 c0-0c0s1n1 iscsi: registered transport (tcp)
2015-02-11T17:34:41.567888-06:00 c0-0c0s1n1 Rounding down aligned max_sectors from 4294967295 to 4294967288
2015-02-11T17:34:41.567948-06:00 c0-0c0s1n1 console [netcon0] enabled
2015-02-11T17:34:41.592845-06:00 c0-0c0s1n1 netconsole: network logging started
2015-02-11T17:34:41.593006-06:00 c0-0c0s1n1 i8042: PNP: No PS/2 controller found. Probing ports directly.
2015-02-11T17:34:42.016845-06:00 c0-0c0s1n1 Refined TSC clocksource calibration: 2599.999 MHz.
2015-02-11T17:34:42.016887-06:00 c0-0c0s1n1 Switching to clocksource tsc
2015-02-11T17:34:42.614250-06:00 c0-0c0s1n1 i8042: No controller found
2015-02-11T17:34:42.639038-06:00 c0-0c0s1n1 EDAC MC: Ver: 2.1.0
2015-02-11T17:34:42.639275-06:00 c0-0c0s1n1 cpuidle: using governor ladder
2015-02-11T17:34:42.639483-06:00 c0-0c0s1n1 cpuidle: using governor menu
2015-02-11T17:34:42.664457-06:00 c0-0c0s1n1 oprofile: using NMI interrupt.
2015-02-11T17:34:42.664501-06:00 c0-0c0s1n1 TCP cubic registered
2015-02-11T17:34:42.664683-06:00 c0-0c0s1n1 NET: Registered protocol family 10
2015-02-11T17:34:42.664746-06:00 c0-0c0s1n1 IPv6 over IPv4 tunneling driver
2015-02-11T17:34:42.689564-06:00 c0-0c0s1n1 NET: Registered protocol family 17
2015-02-11T17:34:42.689692-06:00 c0-0c0s1n1 Installing 9P2000 support
2015-02-11T17:34:42.689804-06:00 c0-0c0s1n1 Registering the dns_resolver key type
2015-02-11T17:34:42.689906-06:00 c0-0c0s1n1 registered taskstats version 1
2015-02-11T17:34:42.714960-06:00 c0-0c0s1n1 Freeing unused kernel memory: 692k freed
2015-02-11T17:34:42.790732-06:00 c0-0c0s1n1 ghal_init:Cray(R) Gemini Hardware Abstraction Layer - version 1.0107
2015-02-11T17:34:42.790818-06:00 c0-0c0s1n1 ghal_init:Copyright (C) 2007-1012 Cray Inc.
2015-02-11T17:34:42.815914-06:00 c0-0c0s1n1 ghal 0000:01:00.1: enabling device (0000 -> 0002)
2015-02-11T17:34:42.841177-06:00 c0-0c0s1n1 udev: starting version 147
2015-02-11T17:34:42.841184-06:00 c0-0c0s1n1 simplex: module license 'unspecified' taints kernel.
2015-02-11T17:34:42.841304-06:00 c0-0c0s1n1 hss-os: communication area 0xffff881009b1da00 (phys 0x1009b1da00)
2015-02-11T17:34:42.841329-06:00 c0-0c0s1n1 hss-os: new channel 1
2015-02-11T17:34:44.668616-06:00 c0-0c0s1n1 request_sys_info_from_L0: No tile dimension data
2015-02-11T17:34:44.668626-06:00 c0-0c0s1n1 hss-os: new channel 2
2015-02-11T17:34:44.668631-06:00 c0-0c0s1n1 kgni_init:Cray(R) Gemini Network Interface - Sep 17 2014 version 0x004500b7 rev 9750
2015-02-11T17:34:44.668636-06:00 c0-0c0s1n1 kgni_init:Copyright (C) 2007,2008 Cray Inc.
2015-02-11T17:34:44.668641-06:00 c0-0c0s1n1 ipogif_init:Cray(R) Gemini IP over Fabric device driver - version 0.17
2015-02-11T17:34:44.668646-06:00 c0-0c0s1n1 ipogif_init:Copyright (C) 2007 Cray Inc.
2015-02-11T17:34:44.668654-06:00 c0-0c0s1n1 ipogif_probe:Immediate checksum off
2015-02-11T17:34:44.668662-06:00 c0-0c0s1n1 Cray(R) Gemini Performance Counter Daemon - version 0.1
2015-02-11T17:34:44.668669-06:00 c0-0c0s1n1 GEMINI Performance Counter Daemon.
2015-02-11T17:34:44.668674-06:00 c0-0c0s1n1 Cray(R) Kernel Dynamic Registration (KDREG) Interface - version 0x2243e
2015-02-11T17:34:44.668680-06:00 c0-0c0s1n1 Copyright (C) 2004-5 Pete Wyckoff - modified by Cray(R)
2015-02-11T17:34:44.668707-06:00 c0-0c0s1n1 ipogif_up:Bringing interface up
2015-02-11T17:34:44.668746-06:00 c0-0c0s1n1 Sending ec_node_info with boot code 0 (NODE_INFO_OS_BOOT) for nid 5
2015-02-11T17:34:44.668780-06:00 c0-0c0s1n1 net.core.rmem_max = 16777216
2015-02-11T17:34:44.668809-06:00 c0-0c0s1n1 net.core.wmem_max = 16777216
2015-02-11T17:34:44.668828-06:00 c0-0c0s1n1 net.core.rmem_default = 16777216
2015-02-11T17:34:44.668834-06:00 c0-0c0s1n1 net.core.wmem_default = 16777216
2015-02-11T17:34:44.668840-06:00 c0-0c0s1n1 net.core.optmem_max = 16777216
2015-02-11T17:34:44.668855-06:00 c0-0c0s1n1 net.ipv4.tcp_mem = 16777216 16777216 16777216
2015-02-11T17:34:44.668865-06:00 c0-0c0s1n1 net.ipv4.tcp_rmem = 4096 87380 16777216
2015-02-11T17:34:44.668872-06:00 c0-0c0s1n1 net.ipv4.tcp_wmem = 4096 65536 16777216
2015-02-11T17:34:44.668879-06:00 c0-0c0s1n1 Using rootfs config: nfs-shared...
2015-02-11T17:34:44.668891-06:00 c0-0c0s1n1 rootfs mount succeeded.
2015-02-11T17:34:44.668900-06:00 c0-0c0s1n1 **********************************************************
2015-02-11T17:34:44.668909-06:00 c0-0c0s1n1    HOSTNAME: nid00005
2015-02-11T17:34:44.668918-06:00 c0-0c0s1n1 **********************************************************
2015-02-11T17:34:44.668928-06:00 c0-0c0s1n1 ipogif0   Link encap:Ethernet  HWaddr 00:01:01:00:00:05  
2015-02-11T17:34:44.668936-06:00 c0-0c0s1n1          inet addr:10.128.0.6  Mask:255.252.0.0
2015-02-11T17:34:44.668945-06:00 c0-0c0s1n1          inet6 addr: fe80::201:1ff:fe00:5/64 Scope:Link
2015-02-11T17:34:44.668954-06:00 c0-0c0s1n1          UP RUNNING NOARP  MTU:65520  Metric:1
2015-02-11T17:34:44.668962-06:00 c0-0c0s1n1          RX packets:21 errors:0 dropped:0 overruns:0 frame:0
2015-02-11T17:34:44.668968-06:00 c0-0c0s1n1          TX packets:28 errors:0 dropped:0 overruns:0 carrier:0
2015-02-11T17:34:44.668978-06:00 c0-0c0s1n1          collisions:0 txqueuelen:1000 
2015-02-11T17:34:44.668989-06:00 c0-0c0s1n1          RX bytes:2496 (2.4 KiB)  TX bytes:2540 (2.4 KiB)
2015-02-11T17:34:44.669012-06:00 c0-0c0s1n1 lo        Link encap:Local Loopback  
2015-02-11T17:34:44.669019-06:00 c0-0c0s1n1          inet addr:127.0.0.1  Mask:255.0.0.0
2015-02-11T17:34:44.669028-06:00 c0-0c0s1n1          inet6 addr: ::1/128 Scope:Host
2015-02-11T17:34:44.669047-06:00 c0-0c0s1n1          UP LOOPBACK RUNNING  MTU:16436  Metric:1
2015-02-11T17:34:44.669056-06:00 c0-0c0s1n1          RX packets:0 errors:0 dropped:0 overruns:0 frame:0
2015-02-11T17:34:44.669066-06:00 c0-0c0s1n1          TX packets:0 errors:0 dropped:0 overruns:0 carrier:0
2015-02-11T17:34:44.669074-06:00 c0-0c0s1n1          collisions:0 txqueuelen:0 
2015-02-11T17:34:44.669080-06:00 c0-0c0s1n1          RX bytes:0 (0.0 B)  TX bytes:0 (0.0 B)
2015-02-11T17:34:44.669091-06:00 c0-0c0s1n1 Mounting NID specific /etc (nid=5)...
2015-02-11T17:34:44.669102-06:00 c0-0c0s1n1 done.
2015-02-11T17:34:44.669108-06:00 c0-0c0s1n1 INIT: version 2.86 booting
2015-02-11T17:34:44.669136-06:00 c0-0c0s1n1 System Boot Control: Running /etc/init.d/boot
2015-02-11T17:34:44.669148-06:00 c0-0c0s1n1 Mounting sysfs at /sys7[?25l
2015-02-11T17:34:44.669154-06:00 c0-0c0s1n1 [80C[10D[1;32mdone[m8[?25h
2015-02-11T17:34:44.669164-06:00 c0-0c0s1n1 Copying static /dev content7[?25l
2015-02-11T17:34:44.669170-06:00 c0-0c0s1n1 [80C[10D[1;32mdone[m8[?25h
2015-02-11T17:34:44.669188-06:00 c0-0c0s1n1 Mounting tmpfs at /dev/shm7[?25l
2015-02-11T17:34:44.669197-06:00 c0-0c0s1n1 [80C[10D[1;32mdone[m8[?25h
2015-02-11T17:34:44.669202-06:00 c0-0c0s1n1 Mounting devpts at /dev/pts7[?25l
2015-02-11T17:34:44.669208-06:00 c0-0c0s1n1 [80C[10D[1;32mdone[m8[?25h
2015-02-11T17:34:44.669219-06:00 c0-0c0s1n1 Boot logging started on /dev/ttyS0(/dev/console) at Wed Feb 11 17:34:38 2015
2015-02-11T17:34:44.669234-06:00 c0-0c0s1n1 Mounting debugfs at /sys/kernel/debug7[?25l
2015-02-11T17:34:44.669243-06:00 c0-0c0s1n1 [80C[10D[1;32mdone[m8[?25h
2015-02-11T17:34:44.669258-06:00 c0-0c0s1n1 [m[?25hNo efivars filesystem driver available.[m[?25hStarting udevd: udev: starting version 147
2015-02-11T17:34:44.669267-06:00 c0-0c0s1n1 7[?25l
2015-02-11T17:34:44.669273-06:00 c0-0c0s1n1 [80C[10D[1;32mdone[m8[?25h
2015-02-11T17:34:44.694449-06:00 c0-0c0s1n1 Loading drivers, configuring devices: Compat-rdma backport release: ac916cb
2015-02-11T17:34:44.744459-06:00 c0-0c0s1n1 usbcore: registered new interface driver usbfs
2015-02-11T17:34:44.744489-06:00 c0-0c0s1n1 usbcore: registered new interface driver hub
2015-02-11T17:34:44.744522-06:00 c0-0c0s1n1 usbcore: registered new device driver usb
2015-02-11T17:34:44.744534-06:00 c0-0c0s1n1 ahci 0000:00:1f.2: PCI INT B -> GSI 19 (level, low) -> IRQ 19
2015-02-11T17:34:44.744578-06:00 c0-0c0s1n1 ehci_hcd: USB 2.0 'Enhanced' Host Controller (EHCI) Driver
2015-02-11T17:34:44.744806-06:00 c0-0c0s1n1 Backport based on git://git.openfabrics.org/compat-rdma/compat.git 5268562
2015-02-11T17:34:44.744967-06:00 c0-0c0s1n1 ahci 0000:00:1f.2: forcing PORTS_IMPL to 0x3f
2015-02-11T17:34:44.770040-06:00 c0-0c0s1n1 ahci 0000:00:1f.2: AHCI 0001.0300 32 slots 6 ports 6 Gbps 0x3f impl SATA mode
2015-02-11T17:34:44.770291-06:00 c0-0c0s1n1 ahci 0000:00:1f.2: flags: 64bit ncq sntf pm led clo pio slum part ems apst 
2015-02-11T17:34:44.794885-06:00 c0-0c0s1n1 scsi0 : ahci
2015-02-11T17:34:44.795145-06:00 c0-0c0s1n1 compat.git: git://git.openfabrics.org/compat-rdma/compat.git
2015-02-11T17:34:44.795251-06:00 c0-0c0s1n1 scsi1 : ahci
2015-02-11T17:34:44.795273-06:00 c0-0c0s1n1 scsi2 : ahci
2015-02-11T17:34:44.820091-06:00 c0-0c0s1n1 scsi3 : ahci
2015-02-11T17:34:44.820267-06:00 c0-0c0s1n1 mlx4_core: Mellanox ConnectX core driver v1.1 (Dec, 2011)
2015-02-11T17:34:44.820450-06:00 c0-0c0s1n1 mlx4_core: Initializing 0000:02:00.0
2015-02-11T17:34:44.820707-06:00 c0-0c0s1n1 mlx4_core 0000:02:00.0: PCI INT A -> GSI 40 (level, low) -> IRQ 40
2015-02-11T17:34:44.820749-06:00 c0-0c0s1n1 scsi4 : ahci
2015-02-11T17:34:44.845645-06:00 c0-0c0s1n1 scsi5 : ahci
2015-02-11T17:34:44.885565-06:00 c0-0c0s1n1 ata2: SATA max UDMA/133 abar m2048@0xfbf00000 port 0xfbf00100 irq 164
2015-02-11T17:34:44.886838-06:00 c0-0c0s1n1 ata3: SATA max UDMA/133 abar m2048@0xfbf00000 port 0xfbf00180 irq 164
2015-02-11T17:34:44.886852-06:00 c0-0c0s1n1 ata4: SATA max UDMA/133 abar m2048@0xfbf00000 port 0xfbf00200 irq 164
2015-02-11T17:34:44.886870-06:00 c0-0c0s1n1 ata5: SATA max UDMA/133 abar m2048@0xfbf00000 port 0xfbf00280 irq 164
2015-02-11T17:34:44.887092-06:00 c0-0c0s1n1 ata6: SATA max UDMA/133 abar m2048@0xfbf00000 port 0xfbf00300 irq 164
2015-02-11T17:34:44.911714-06:00 c0-0c0s1n1 ata7: SATA max UDMA/133 abar m2048@0xfbf00000 port 0xfbf00380 irq 164
2015-02-11T17:34:44.939107-06:00 c0-0c0s1n1 ehci_hcd 0000:00:1a.0: PCI INT A -> GSI 16 (level, low) -> IRQ 16
2015-02-11T17:34:44.939190-06:00 c0-0c0s1n1 ehci_hcd 0000:00:1a.0: EHCI Host Controller
2015-02-11T17:34:44.964690-06:00 c0-0c0s1n1 ehci_hcd 0000:00:1a.0: new USB bus registered, assigned bus number 1
2015-02-11T17:34:44.964781-06:00 c0-0c0s1n1 ehci_hcd 0000:00:1a.0: debug port 2
2015-02-11T17:34:44.965121-06:00 c0-0c0s1n1 ehci_hcd 0000:00:1a.0: irq 16, io mem 0xfbf02000
2015-02-11T17:34:44.990213-06:00 c0-0c0s1n1 ehci_hcd 0000:00:1a.0: USB 2.0 started, EHCI 1.00
2015-02-11T17:34:44.990296-06:00 c0-0c0s1n1 hub 1-0:1.0: USB hub found
2015-02-11T17:34:45.015186-06:00 c0-0c0s1n1 hub 1-0:1.0: 2 ports detected
2015-02-11T17:34:45.015306-06:00 c0-0c0s1n1 ehci_hcd 0000:00:1d.0: PCI INT A -> GSI 23 (level, low) -> IRQ 23
2015-02-11T17:34:45.015320-06:00 c0-0c0s1n1 ehci_hcd 0000:00:1d.0: EHCI Host Controller
2015-02-11T17:34:45.015343-06:00 c0-0c0s1n1 ehci_hcd 0000:00:1d.0: new USB bus registered, assigned bus number 2
2015-02-11T17:34:45.015353-06:00 c0-0c0s1n1 ehci_hcd 0000:00:1d.0: debug port 2
2015-02-11T17:34:45.077473-06:00 c0-0c0s1n1 ehci_hcd 0000:00:1d.0: irq 23, io mem 0xfbf01000
2015-02-11T17:34:45.077728-06:00 c0-0c0s1n1 ehci_hcd 0000:00:1d.0: USB 2.0 started, EHCI 1.00
2015-02-11T17:34:45.077755-06:00 c0-0c0s1n1 hub 2-0:1.0: USB hub found
2015-02-11T17:34:45.077765-06:00 c0-0c0s1n1 hub 2-0:1.0: 2 ports detected
2015-02-11T17:34:45.329767-06:00 c0-0c0s1n1 usb 1-1: new high-speed USB device number 2 using ehci_hcd
2015-02-11T17:34:45.431036-06:00 c0-0c0s1n1 hub 1-1:1.0: USB hub found
2015-02-11T17:34:45.431122-06:00 c0-0c0s1n1 hub 1-1:1.0: 6 ports detected
2015-02-11T17:34:45.557001-06:00 c0-0c0s1n1 usb 2-1: new high-speed USB device number 2 using ehci_hcd
2015-02-11T17:34:45.708693-06:00 c0-0c0s1n1 hub 2-1:1.0: USB hub found
2015-02-11T17:34:45.708754-06:00 c0-0c0s1n1 hub 2-1:1.0: 8 ports detected
2015-02-11T17:34:45.951267-06:00 c0-0c0s1n1 ata2: failed to resume link (SControl 0)
2015-02-11T17:34:45.951401-06:00 c0-0c0s1n1 ata2: SATA link down (SStatus 0 SControl 0)
2015-02-11T17:34:45.951506-06:00 c0-0c0s1n1 ata4: failed to resume link (SControl 0)
2015-02-11T17:34:45.951619-06:00 c0-0c0s1n1 ata4: SATA link down (SStatus 0 SControl 0)
2015-02-11T17:34:45.951699-06:00 c0-0c0s1n1 ata3: failed to resume link (SControl 0)
2015-02-11T17:34:45.976516-06:00 c0-0c0s1n1 ata3: SATA link down (SStatus 0 SControl 0)
2015-02-11T17:34:45.976612-06:00 c0-0c0s1n1 ata5: failed to resume link (SControl 0)
2015-02-11T17:34:45.976689-06:00 c0-0c0s1n1 ata5: SATA link down (SStatus 0 SControl 0)
2015-02-11T17:34:46.001701-06:00 c0-0c0s1n1 ata7: failed to resume link (SControl 0)
2015-02-11T17:34:46.026890-06:00 c0-0c0s1n1 ata7: SATA link down (SStatus 0 SControl 0)
2015-02-11T17:34:46.026972-06:00 c0-0c0s1n1 ata6: failed to resume link (SControl 0)
2015-02-11T17:34:46.027019-06:00 c0-0c0s1n1 ata6: SATA link down (SStatus 0 SControl 0)
2015-02-11T17:34:50.749948-06:00 c0-0c0s1n1 mlx4_core 0000:02:00.0: 64B EQEs/CQEs supported by the device but not enabled
2015-02-11T17:34:51.379799-06:00 c0-0c0s1n1 mlx4_core: Initializing 0000:03:00.0
2015-02-11T17:34:51.379824-06:00 c0-0c0s1n1 mlx4_core 0000:03:00.0: PCI INT A -> GSI 42 (level, low) -> IRQ 42
2015-02-11T17:34:57.248292-06:00 c0-0c0s1n1 mlx4_core 0000:03:00.0: 64B EQEs/CQEs supported by the device but not enabled
2015-02-11T17:34:57.942992-06:00 c0-0c0s1n1 7[?25l
2015-02-11T17:34:57.943002-06:00 c0-0c0s1n1 [80C[10D[1;32mdone[m8[?25h
2015-02-11T17:34:58.018715-06:00 c0-0c0s1n1 [m[?25hMounting /var from 10.131.255.254. Checking for nid=5 existance.
2015-02-11T17:34:58.170736-06:00 c0-0c0s1n1 7[?25l
2015-02-11T17:34:58.170744-06:00 c0-0c0s1n1 [80C[10D[1;32mdone[m8[?25h
2015-02-11T17:34:58.221167-06:00 c0-0c0s1n1 Mounting tmpfs on /tmp7[?25l
2015-02-11T17:34:58.221185-06:00 c0-0c0s1n1 [80C[10D[1;32mdone[m8[?25h
2015-02-11T17:34:58.221198-06:00 c0-0c0s1n1 Running sysctl using values from /etc/sysctl.conf
2015-02-11T17:34:58.221210-06:00 c0-0c0s1n1 net.ipv4.icmp_echo_ignore_broadcasts = 1
2015-02-11T17:34:58.221234-06:00 c0-0c0s1n1 net.ipv4.conf.all.rp_filter = 1
2015-02-11T17:34:58.221258-06:00 c0-0c0s1n1 fs.inotify.max_user_watches = 65536
2015-02-11T17:34:58.221279-06:00 c0-0c0s1n1 net.ipv4.conf.default.promote_secondaries = 1
2015-02-11T17:34:58.221313-06:00 c0-0c0s1n1 net.ipv4.conf.all.promote_secondaries = 1
2015-02-11T17:34:58.246381-06:00 c0-0c0s1n1 vm.min_free_kbytes = 102400
2015-02-11T17:34:58.246390-06:00 c0-0c0s1n1 7[?25l
2015-02-11T17:34:58.246395-06:00 c0-0c0s1n1 [80C[10D[1;32mdone[m8[?25h
2015-02-11T17:34:58.271585-06:00 c0-0c0s1n1 [m[?25hActivating swap-devices in /etc/fstab...
2015-02-11T17:34:58.271623-06:00 c0-0c0s1n1 7[?25l[1A
2015-02-11T17:34:58.271631-06:00 c0-0c0s1n1 [80C[10D[1;32mdone[m8[?25hroot file system (/) is NOT being checked.
2015-02-11T17:34:59.239917-06:00 c0-0c0s1n1 [m[?25hSet System Time to the current Hardware Clock7[?25l
2015-02-11T17:34:59.239923-06:00 c0-0c0s1n1 [80C[10D[1;32mdone[m8[?25h
2015-02-11T17:34:59.240016-06:00 c0-0c0s1n1 [m[?25hActivating device mapper...
2015-02-11T17:34:59.301447-06:00 c0-0c0s1n1 device-mapper: ioctl: 4.23.0-ioctl (2012-07-25) initialised: dm-devel@redhat.com
2015-02-11T17:34:59.301541-06:00 c0-0c0s1n1 7[?25l
2015-02-11T17:34:59.301550-06:00 c0-0c0s1n1 [80C[10D[1;32mdone[m8[?25h
2015-02-11T17:34:59.301570-06:00 c0-0c0s1n1 [m[?25hLoading required kernel modules
2015-02-11T17:34:59.341638-06:00 c0-0c0s1n1 7[?25l[1A
2015-02-11T17:34:59.341647-06:00 c0-0c0s1n1 [80C[10D[1;32mdone[m8[?25h[m[?25h[m[?25hWaiting for udev to settle...
2015-02-11T17:34:59.341680-06:00 c0-0c0s1n1 Scanning for LVM volume groups...
2015-02-11T17:34:59.341824-06:00 c0-0c0s1n1  Reading all physical volumes.  This may take a while...
2015-02-11T17:34:59.341868-06:00 c0-0c0s1n1  No volume groups found
2015-02-11T17:34:59.341880-06:00 c0-0c0s1n1  No volume groups found
2015-02-11T17:34:59.341901-06:00 c0-0c0s1n1 Activating LVM volume groups...
2015-02-11T17:34:59.366636-06:00 c0-0c0s1n1  PARTIAL MODE. Incomplete logical volumes will be processed.
2015-02-11T17:34:59.366669-06:00 c0-0c0s1n1  No volume groups found
2015-02-11T17:34:59.366688-06:00 c0-0c0s1n1 7[?25l
2015-02-11T17:34:59.366697-06:00 c0-0c0s1n1 [80C[10D[1;32mdone[m8[?25h
2015-02-11T17:34:59.392120-06:00 c0-0c0s1n1 [m[?25hNo fibre channel cards present.  Not waiting for disk devices. 
2015-02-11T17:34:59.417240-06:00 c0-0c0s1n1 [m[?25hChecking file systems...
2015-02-11T17:34:59.417285-06:00 c0-0c0s1n1 fsck from util-linux 2.19.1
2015-02-11T17:34:59.417337-06:00 c0-0c0s1n1 Checking all file systems.
2015-02-11T17:34:59.417390-06:00 c0-0c0s1n1 7[?25l[1A
2015-02-11T17:34:59.417400-06:00 c0-0c0s1n1 [80C[10D[1;32mdone[m8[?25hMounting local file systems...
2015-02-11T17:34:59.417447-06:00 c0-0c0s1n1 nothing was mounted
2015-02-11T17:34:59.720048-06:00 c0-0c0s1n1 7[?25l[1A
2015-02-11T17:34:59.720060-06:00 c0-0c0s1n1 [80C[10D[1;32mdone[m8[?25h[m[?25hCheck if the profiles matches the system7[?25l
2015-02-11T17:34:59.720068-06:00 c0-0c0s1n1 [80C[10D[1;32mdone[m8[?25h
2015-02-11T17:34:59.720166-06:00 c0-0c0s1n1 [m[?25hEnabling monitoring on LVM volume groups...
2015-02-11T17:34:59.720213-06:00 c0-0c0s1n1  No volume groups found
2015-02-11T17:34:59.745093-06:00 c0-0c0s1n1 7[?25l
2015-02-11T17:34:59.745105-06:00 c0-0c0s1n1 [80C[10D[1;32mdone[m8[?25h
2015-02-11T17:34:59.806784-06:00 c0-0c0s1n1 [m[?25h[m[?25h[m[?25h[m[?25h[m[?25hTurning quota on
2015-02-11T17:34:59.869614-06:00 c0-0c0s1n1 Checking quotas. This may take some time.
2015-02-11T17:34:59.869649-06:00 c0-0c0s1n1 7[?25l
2015-02-11T17:34:59.869661-06:00 c0-0c0s1n1 [80C[10D[1;32mdone[m8[?25h
2015-02-11T17:34:59.869747-06:00 c0-0c0s1n1 [m[?25hSetting current sysctl status from /etc/sysctl.conf7[?25l
2015-02-11T17:34:59.869756-06:00 c0-0c0s1n1 [80C[10D[1;32mdone[m8[?25h
2015-02-11T17:35:00.046244-06:00 c0-0c0s1n1 [m[?25hATTENTION: You have modified /etc/resolv.conf.  Leaving it untouched...
2015-02-11T17:35:00.046260-06:00 c0-0c0s1n1 You can find my version in /tmp/resolv.conf.e9VAOL ...
2015-02-11T17:35:00.046280-06:00 c0-0c0s1n1 touch: cannot touch `/etc/yp.conf': Read-only file system
2015-02-11T17:35:00.046292-06:00 c0-0c0s1n1 chmod: cannot access `/etc/yp.conf': No such file or directory
2015-02-11T17:35:00.071486-06:00 c0-0c0s1n1 touch: cannot touch `/etc/yp.conf': Read-only file system
2015-02-11T17:35:00.071565-06:00 c0-0c0s1n1 [m[?25hSystem Boot Control: The system has been 
2015-02-11T17:35:00.071582-06:00 c0-0c0s1n1 [80C[10D[1mset up[m
2015-02-11T17:35:00.071607-06:00 c0-0c0s1n1 Skipped features: [80C[19D[1;33mboot.efivars[m
2015-02-11T17:35:00.071617-06:00 c0-0c0s1n1 System Boot Control: Running /etc/init.d/boot.local
2015-02-11T17:35:00.096701-06:00 c0-0c0s1n1 7[?25l[1A
2015-02-11T17:35:00.096717-06:00 c0-0c0s1n1 [8
2015-02-11T17:35:00.096727-06:00 c0-0c0s1n1 INIT: Entering runlevel: 3
2015-02-11T17:35:00.147156-06:00 c0-0c0s1n1 Master Resource Control: previous runlevel: N, switching to runlevel: 
2015-02-11T17:35:00.147166-06:00 c0-0c0s1n1 [80C[10D[1m3[m
2015-02-11T17:35:00.147183-06:00 c0-0c0s1n1 Starting batchlimitd
2015-02-11T17:35:00.197519-06:00 c0-0c0s1n1 [m[?25hLoading nic compatibility device7[?25l
2015-02-11T17:35:00.197531-06:00 c0-0c0s1n1 [80C[10D[1;32mdone[m8[?25h
2015-02-11T17:35:00.323796-06:00 c0-0c0s1n1 [m[?25hbpmcd_init: Power statistics available in /sys/cray
2015-02-11T17:35:00.374279-06:00 c0-0c0s1n1 [m[?25hStarting D-Bus daemon7[?25l
2015-02-11T17:35:00.374289-06:00 c0-0c0s1n1 [80C[10D[1;32mdone[m8[?25h
2015-02-11T17:35:00.399542-06:00 c0-0c0s1n1 [m[?25hiSCSI Enterprise Target Software - version trunk
2015-02-11T17:35:00.399556-06:00 c0-0c0s1n1 iscsi_trgt: Registered io type fileio
2015-02-11T17:35:00.424687-06:00 c0-0c0s1n1 iscsi_trgt: Registered io type blockio
2015-02-11T17:35:00.424750-06:00 c0-0c0s1n1 iscsi_trgt: Registered io type nullio
2015-02-11T17:35:00.449972-06:00 c0-0c0s1n1 [m[?25hLNet: HW CPU cores: 16, npartitions: 4
2015-02-11T17:35:05.493385-06:00 c0-0c0s1n1 /etc/init.d/rc3.d/S01lnet: line 179: lctl: command not found
2015-02-11T17:35:05.493441-06:00 c0-0c0s1n1 [m[?25hRemoving old kernel packages...
2015-02-11T17:35:05.518603-06:00 c0-0c0s1n1 rm: cannot remove `/boot/do_purge_kernels': Read-only file system
2015-02-11T17:35:05.543834-06:00 c0-0c0s1n1 /sbin/purge-kernels: multiversion.kernels not configured in /etc/zypp/zypp.conf, exiting.
2015-02-11T17:35:05.543872-06:00 c0-0c0s1n1 7[?25l
2015-02-11T17:35:05.543878-06:00 c0-0c0s1n1 [80C[10D[1;32mdone[m8[?25h
2015-02-11T17:35:05.569081-06:00 c0-0c0s1n1 [m[?25hInitializing random number generator7[?25l
2015-02-11T17:35:05.569094-06:00 c0-0c0s1n1 [80C[10D[1;32mdone[m8[?25h
2015-02-11T17:35:06.683412-06:00 c0-0c0s1n1 [m[?25hmlx4_core 0000:03:00.0: PCI INT A disabled
2015-02-11T17:35:07.715700-06:00 c0-0c0s1n1 mlx4_core 0000:02:00.0: PCI INT A disabled
2015-02-11T17:35:07.816681-06:00 c0-0c0s1n1 Compat-rdma backport release: ac916cb
2015-02-11T17:35:07.841880-06:00 c0-0c0s1n1 Backport based on git://git.openfabrics.org/compat-rdma/compat.git 5268562
2015-02-11T17:35:07.841929-06:00 c0-0c0s1n1 compat.git: git://git.openfabrics.org/compat-rdma/compat.git
2015-02-11T17:35:07.867159-06:00 c0-0c0s1n1 mlx4_core: Mellanox ConnectX core driver v1.1 (Dec, 2011)
2015-02-11T17:35:07.867191-06:00 c0-0c0s1n1 mlx4_core: Initializing 0000:02:00.0
2015-02-11T17:35:07.892345-06:00 c0-0c0s1n1 mlx4_core 0000:02:00.0: PCI INT A -> GSI 40 (level, low) -> IRQ 40
2015-02-11T17:35:13.722081-06:00 c0-0c0s1n1 mlx4_core 0000:02:00.0: 64B EQEs/CQEs supported by the device but not enabled
2015-02-11T17:35:14.412356-06:00 c0-0c0s1n1 mlx4_core: Initializing 0000:03:00.0
2015-02-11T17:35:14.412383-06:00 c0-0c0s1n1 mlx4_core 0000:03:00.0: PCI INT A -> GSI 42 (level, low) -> IRQ 42
2015-02-11T17:35:20.266708-06:00 c0-0c0s1n1 mlx4_core 0000:03:00.0: 64B EQEs/CQEs supported by the device but not enabled
2015-02-11T17:35:21.003441-06:00 c0-0c0s1n1 <mlx4_ib> mlx4_ib_add: mlx4_ib: Mellanox ConnectX InfiniBand driver v1.0 (April 4, 2008)
2015-02-11T17:35:21.062712-06:00 c0-0c0s1n1 Loading HCA driver and Access Layer:[60G[  [1;32mOK[0;39m  ]
2015-02-11T17:35:21.087924-06:00 c0-0c0s1n1 Setting up InfiniBand network interfaces:
2015-02-11T17:35:21.087961-06:00 c0-0c0s1n1 Setting up service network . . .[60G[  [0;39mdone[0;39m  ]
2015-02-11T17:35:21.349300-06:00 c0-0c0s1n1 [m[?25hSetting up (localfs) network interfaces:
2015-02-11T17:35:21.500697-06:00 c0-0c0s1n1    lo        
2015-02-11T17:35:21.559796-06:00 c0-0c0s1n1    lo        IP address: 127.0.0.1/8   
2015-02-11T17:35:21.559839-06:00 c0-0c0s1n1              IP address: 127.0.0.2/8   
2015-02-11T17:35:21.699971-06:00 c0-0c0s1n1 7[?25l[1A
2015-02-11T17:35:21.699979-06:00 c0-0c0s1n1 [80C[10D[1;32mdone[m8[?25h    ipogif0   
2015-02-11T17:35:21.699998-06:00 c0-0c0s1n1              No configuration found for ipogif0
2015-02-11T17:35:21.725151-06:00 c0-0c0s1n1 7[?25l[1A
2015-02-11T17:35:21.725158-06:00 c0-0c0s1n1 [80C[10D[1munused[m8[?25hSetting up service (localfs) network  .  .  .  .  .  .  .  .  .  .7[?25l
2015-02-11T17:35:21.725167-06:00 c0-0c0s1n1 [80C[10D[1;32mdone[m8[?25h
2015-02-11T17:35:21.750406-06:00 c0-0c0s1n1 [m[?25hCould not start BND as this is not the boot node.
2015-02-11T17:35:21.775594-06:00 c0-0c0s1n1 bootnodes are: 1 1 
2015-02-11T17:35:21.775611-06:00 c0-0c0s1n1 mynid=5
2015-02-11T17:35:21.800858-06:00 c0-0c0s1n1 [m[?25hS04cray-config-service: Mounting 9p configuration directory. 
2015-02-11T17:35:22.790854-06:00 c0-0c0s1n1 S04cray-config-service:   Success.  
2015-02-11T17:35:22.856558-06:00 c0-0c0s1n1 [m[?25h[m[?25hStarting hw_info_init on 5
2015-02-11T17:35:22.856583-06:00 c0-0c0s1n1 bootnodes are: 1 1 
2015-02-11T17:35:22.856592-06:00 c0-0c0s1n1 mynid=5
2015-02-11T17:35:23.299740-06:00 c0-0c0s1n1 [m[?25h[m[?25h 
2015-02-11T17:35:23.299756-06:00 c0-0c0s1n1 cray-syslog: **WARNING**  /etc/security/limits.conf MAY require hard and soft file limits 
2015-02-11T17:35:23.299876-06:00 c0-0c0s1n1 cray-syslog:              greater or equal to 8192 for proper LLM operation 
2015-02-11T17:35:23.299896-06:00 c0-0c0s1n1 cray-syslog:              when large number of jobs are launched concurrently.
2015-02-11T17:35:23.324802-06:00 c0-0c0s1n1 cray-syslog:              If you have failures running large number of concurrent jobs,
2015-02-11T17:35:23.324852-06:00 c0-0c0s1n1 cray-syslog:              you may wish to update the hard and soft nofile entries in 
2015-02-11T17:35:23.324891-06:00 c0-0c0s1n1 cray-syslog:              limits.conf as follows.
2015-02-11T17:35:23.324898-06:00 c0-0c0s1n1 
2015-02-11T17:35:23.324909-06:00 c0-0c0s1n1 cray-syslog: /etc/security/limits.conf: 
2015-02-11T17:35:23.324953-06:00 c0-0c0s1n1 cray-syslog: *  soft  nofile  8192
2015-02-11T17:35:23.361429-06:00 c0-0c0s1n1 cray-syslog: *  hard  nofile  8192
2015-02-11T17:35:23.361459-06:00 c0-0c0s1n1 
2015-02-11T17:35:24.308502-06:00 c0-0c0s1n1 cray-syslog: rsyslogd started as process 6803.
2015-02-11T17:35:25.345391-06:00 c0-0c0s1n1 cray-syslog: llmrd started as process  6816.
2015-02-11T17:35:25.402214-06:00 c0-0c0s1n1 [m[?25h[m[?25hStarting auditd startproc:  exit status of parent of /sbin/auditd: 6
2015-02-11T17:35:25.402242-06:00 c0-0c0s1n1 7[?25l
2015-02-11T17:35:25.402247-06:00 c0-0c0s1n1 [80C[10D[1;32mdone[m8[?25h
2015-02-11T17:35:25.503046-06:00 c0-0c0s1n1 [m[?25hStarting haveged daemon 7[?25l
2015-02-11T17:35:25.503055-06:00 c0-0c0s1n1 [80C[10D[1;32mdone[m8[?25h
2015-02-11T17:35:25.528240-06:00 c0-0c0s1n1 [m[?25hStarting rpcbind 7[?25l
2015-02-11T17:35:25.528251-06:00 c0-0c0s1n1 [80C[10D[1;32mdone[m8[?25h
2015-02-11T17:35:25.553525-06:00 c0-0c0s1n1 [m[?25hbootnodes are: 1 1 
2015-02-11T17:35:25.553557-06:00 c0-0c0s1n1 mynid=5
2015-02-11T17:35:25.593461-06:00 c0-0c0s1n1 [m[?25hNot starting NFS client services - no NFS found in /etc/fstab:
2015-02-11T17:35:25.593467-06:00 c0-0c0s1n1 [80C[10D[1munused[m
2015-02-11T17:35:25.625374-06:00 c0-0c0s1n1 [m[?25hStarting DVS service: DVS: Revision 1873 - Built: Sep 17 2014 @ 06:40:29 for lnet version 2.5
2015-02-11T17:35:25.675822-06:00 c0-0c0s1n1 Lustre: kgnilnd build version: 2.5-trunk-1.0502.17198.8.51-abuild-RB-5.2UP02_2.5.1-2014-09-17-06:59
2015-02-11T17:35:25.765724-06:00 c0-0c0s1n1 LNet: Added LNI 5@gni [16/512/0/0]
2015-02-11T17:35:26.795800-06:00 c0-0c0s1n1 7[?25l
2015-02-11T17:35:26.795810-06:00 c0-0c0s1n1 [80C[10D[1;32mdone[m8[?25h
2015-02-11T17:35:26.833362-06:00 c0-0c0s1n1 [m[?25hStarting java.binfmt_misc 7[?25l
2015-02-11T17:35:26.833376-06:00 c0-0c0s1n1 [80C[10D[1;32mdone[m8[?25h
2015-02-11T17:35:26.858616-06:00 c0-0c0s1n1 [m[?25hStarting mcelog... 7[?25l
2015-02-11T17:35:26.858632-06:00 c0-0c0s1n1 [80C[10D[1;32mdone[m8[?25h
2015-02-11T17:35:26.947834-06:00 c0-0c0s1n1 [m[?25hSetting up (remotefs) network interfaces:
2015-02-11T17:35:27.079474-06:00 c0-0c0s1n1    sit0      
2015-02-11T17:35:27.079483-06:00 c0-0c0s1n1              No configuration found for sit0
2015-02-11T17:35:27.104735-06:00 c0-0c0s1n1 7[?25l[1A
2015-02-11T17:35:27.104744-06:00 c0-0c0s1n1 [80C[10D[1munused[m8[?25hSetting up service (remotefs) network  .  .  .  .  .  .  .  .  .  .7[?25l
2015-02-11T17:35:27.104749-06:00 c0-0c0s1n1 [80C[10D[1;32mdone[m8[?25h
2015-02-11T17:35:27.168488-06:00 c0-0c0s1n1 [80C[10D[1;32mdone[m8[?25h
2015-02-11T17:35:27.193686-06:00 c0-0c0s1n1 [m[?25hsdbnodes are: 137 137 
2015-02-11T17:35:27.193708-06:00 c0-0c0s1n1 mynid=5
2015-02-11T17:35:27.244160-06:00 c0-0c0s1n1 [m[?25hStarting network time protocol daemon (NTPD)7[?25l
2015-02-11T17:35:27.244174-06:00 c0-0c0s1n1 [80C[10D[1;32mdone[m8[?25h
2015-02-11T17:35:27.319927-06:00 c0-0c0s1n1 [m[?25hStarting MUNGE: munged7[?25l
2015-02-11T17:35:27.319932-06:00 c0-0c0s1n1 [80C[10D[1;32mdone[m8[?25h
2015-02-11T17:35:27.370326-06:00 c0-0c0s1n1 [m[?25h[m[?25h[m[?25hStarting Name Service Cache Daemon7[?25l
2015-02-11T17:35:27.370336-06:00 c0-0c0s1n1 [80C[10D[1;32mdone[m8[?25h
2015-02-11T17:35:27.395531-06:00 c0-0c0s1n1 [m[?25hEnabling Linux Jobs
2015-02-11T17:35:27.452932-06:00 c0-0c0s1n1 [m[?25hStarting alps services
2015-02-11T17:35:27.980236-06:00 c0-0c0s1n1 mkdir: cannot create directory `/ufs/alps_shared': Read-only file system
2015-02-11T17:35:27.980260-06:00 c0-0c0s1n1 no ALPS daemon will be started on node nid00005.
2015-02-11T17:35:28.477030-06:00 c0-0c0s1n1 [m[?25h<node_health> Starting node_health_recovery
2015-02-11T17:35:28.477056-06:00 c0-0c0s1n1 [m[?25hsdbnodes are: 137 137 
2015-02-11T17:35:28.536599-06:00 c0-0c0s1n1 mynid=5
2015-02-11T17:35:28.536628-06:00 c0-0c0s1n1 [m[?25hblogd: no message logging because /var file system is not accessible
2015-02-11T17:35:28.536664-06:00 c0-0c0s1n1 Boot event: Starting
2015-02-11T17:35:28.536689-06:00 c0-0c0s1n1 Sending ec_node_info with boot code 8 (NODE_INFO_OS_BOOT_SUCCEEDED) for nid 5
2015-02-11T17:35:28.536706-06:00 c0-0c0s1n1 [m[?25hMaster Resource Control: runlevel 3 has been 
2015-02-11T17:35:28.536712-06:00 c0-0c0s1n1 [80C[10D[1mreached[m
2015-02-11T17:35:28.536746-06:00 c0-0c0s1n1 Failed services in runlevel 3: [80C[11D[1;31mlnet[m
2015-02-11T17:35:28.536768-06:00 c0-0c0s1n1 Skipped services in runlevel 3: [80C[10D[1;33mnfs[m
2015-02-11T17:35:28.536780-06:00 c0-0c0s1n1 INIT: no more processes left in this runlevel
2015-02-12T14:34:25.841429-06:00 c0-0c0s1n1 INIT: Switching to runlevel: 0
2015-02-12T14:34:25.882376-06:00 c0-0c0s1n1 Boot logging started on /dev/ttyS0((no tty)) at Thu Feb 12 14:34:25 2015
2015-02-12T14:34:25.882614-06:00 c0-0c0s1n1 Master Resource Control: previous runlevel: 3, switching to runlevel: 
2015-02-12T14:34:25.882622-06:00 c0-0c0s1n1 [80C[10D[1m0[m
2015-02-12T14:34:25.882888-06:00 c0-0c0s1n1 sdbnodes are: 137 137 
2015-02-12T14:34:25.882923-06:00 c0-0c0s1n1 mynid=5
2015-02-12T14:34:25.907505-06:00 c0-0c0s1n1 [m[?25hBoot event: Nothing to stop.
2015-02-12T14:34:25.944507-06:00 c0-0c0s1n1 [m[?25hShutting down auditd 7[?25l
2015-02-12T14:34:25.944516-06:00 c0-0c0s1n1 [80C[10D[1;32mdone[m8[?25h
2015-02-12T14:34:25.944764-06:00 c0-0c0s1n1 [m[?25hStopping batchlimitd
2015-02-12T14:34:25.984500-06:00 c0-0c0s1n1 [m[?25hCould not start BND as this is not the boot node.
2015-02-12T14:34:25.984790-06:00 c0-0c0s1n1 bootnodes are: 1 1 
2015-02-12T14:34:25.984799-06:00 c0-0c0s1n1 mynid=5
2015-02-12T14:34:26.033504-06:00 c0-0c0s1n1 [m[?25hK02cray-config-service: Unmounting the configuration directory. 
2015-02-12T14:34:27.036212-06:00 c0-0c0s1n1 K02cray-config-service:   Success.  
2015-02-12T14:34:27.061360-06:00 c0-0c0s1n1 [m[?25hUnloading nic compatibility device7[?25l
2015-02-12T14:34:27.061373-06:00 c0-0c0s1n1 [80C[10D[1;32mdone[m8[?25h
2015-02-12T14:34:27.061541-06:00 c0-0c0s1n1 [mbpmcd_exit: No local access to power statistics
2015-02-12T14:34:28.784419-06:00 c0-0c0s1n1 [?25h[m[?25hStopping DVS service: LNet: 6935:0:(gnilnd.c:761:kgnilnd_complete_closed_conn()) Closed conn 0xffff88100b346400->2@gni (errno -108, peer errno 0): canceled 1 TX, 0/0 RDMA
2015-02-12T14:34:31.376672-06:00 c0-0c0s1n1 LNet: Removed LNI 5@gni
2015-02-12T14:34:33.319437-06:00 c0-0c0s1n1 7[?25l
2015-02-12T14:34:33.319442-06:00 c0-0c0s1n1 [80C[10D[1;32mdone[m8[?25h
2015-02-12T14:34:33.406654-06:00 c0-0c0s1n1 [m[?25hShutting down haveged daemon 7[?25l
2015-02-12T14:34:33.406671-06:00 c0-0c0s1n1 [80C[10D[1;32mdone[m8[?25h
2015-02-12T14:34:33.439142-06:00 c0-0c0s1n1 [m[?25hStarting hw_info_init on 5
2015-02-12T14:34:33.439157-06:00 c0-0c0s1n1 bootnodes are: 1 1 
2015-02-12T14:34:33.472428-06:00 c0-0c0s1n1 mynid=5
2015-02-12T14:34:33.472454-06:00 c0-0c0s1n1 [m[?25h[m[?25hShutting down java.binfmt_misc 7[?25l
2015-02-12T14:34:33.472465-06:00 c0-0c0s1n1 [80C[10D[1;32mdone[m8[?25h
2015-02-12T14:34:38.574553-06:00 c0-0c0s1n1 [m[?25hERROR: Module lnet has non-zero reference count.
2015-02-12T14:34:38.652033-06:00 c0-0c0s1n1 [m[?25hShutting down mcelog... 7[?25l
2015-02-12T14:34:38.652043-06:00 c0-0c0s1n1 [80C[10D[1;32mdone[m8[?25h
2015-02-12T14:34:38.743656-06:00 c0-0c0s1n1 [m[?25hStopping MUNGE: munged7[?25l
2015-02-12T14:34:38.743665-06:00 c0-0c0s1n1 [80C[10D[1;32mdone[m8[?25h
2015-02-12T14:34:38.768940-06:00 c0-0c0s1n1 [m[?25h<node_health> Stopping node_health_recovery
2015-02-12T14:34:38.768950-06:00 c0-0c0s1n1 node_health_recovery: no process found
2015-02-12T14:34:39.256390-06:00 c0-0c0s1n1 [m[?25hShutting down Name Service Cache Daemon7[?25l
2015-02-12T14:34:39.256399-06:00 c0-0c0s1n1 [80C[10D[1;32mdone[m8[?25h
2015-02-12T14:34:39.332417-06:00 c0-0c0s1n1 [m[?25h[m[?25h[m[?25h[m[?25hbootnodes are: 1 1 
2015-02-12T14:34:39.357616-06:00 c0-0c0s1n1 mynid=5
2015-02-12T14:34:39.357643-06:00 c0-0c0s1n1 [m[?25hShutting down alps services
2015-02-12T14:34:39.875238-06:00 c0-0c0s1n1 Terminating apsys
2015-02-12T14:34:40.383921-06:00 c0-0c0s1n1 7[?25l
2015-02-12T14:34:40.383930-06:00 c0-0c0s1n1 [80C[10D[1;32mdone[m8[?25h
2015-02-12T14:34:40.383973-06:00 c0-0c0s1n1 [m[?25hNOT Disabling ipogif0
2015-02-12T14:34:40.434386-06:00 c0-0c0s1n1 [m[?25hSaving random seed7[?25l
2015-02-12T14:34:40.434397-06:00 c0-0c0s1n1 [80C[10D[1;32mdone[m8[?25h
2015-02-12T14:34:40.434523-06:00 c0-0c0s1n1 [m[?25h[m[?25hDisabling Linux Jobs
2015-02-12T14:34:40.434591-06:00 c0-0c0s1n1 No new jobs will be created. If Linux Jobs support was loaded
2015-02-12T14:34:40.434610-06:00 c0-0c0s1n1 as a kernel module, you can unload the module once the number of
2015-02-12T14:34:40.434621-06:00 c0-0c0s1n1 running jobs is 0 (zero).  Use the lsmod command to find if job
2015-02-12T14:34:40.434642-06:00 c0-0c0s1n1 module is loaded and the rmmod command to unload it once the
2015-02-12T14:34:40.434654-06:00 c0-0c0s1n1 used-count is 0. The jstat command can be used
2015-02-12T14:34:40.459647-06:00 c0-0c0s1n1 to determine what jobs are currently running.
2015-02-12T14:34:40.459674-06:00 c0-0c0s1n1 jsethid illegal parameter: 0xffffffff
2015-02-12T14:34:40.459684-06:00 c0-0c0s1n1 [m[?25hsdbnodes are: 137 137 
2015-02-12T14:34:40.459698-06:00 c0-0c0s1n1 mynid=5
2015-02-12T14:34:40.510096-06:00 c0-0c0s1n1 [80C[10D[1;32mdone[m8[?25h
2015-02-12T14:34:40.585772-06:00 c0-0c0s1n1 [m[?25hShutting down network time protocol daemon (NTPD)7[?25l
2015-02-12T14:34:40.585782-06:00 c0-0c0s1n1 [80C[10D[1;32mdone[m8[?25h
2015-02-12T14:34:40.661525-06:00 c0-0c0s1n1 [m[?25hShutting down (remotefs) network interfaces:
2015-02-12T14:34:40.711938-06:00 c0-0c0s1n1    sit0      
2015-02-12T14:34:40.711973-06:00 c0-0c0s1n1              No configuration found for sit0 
2015-02-12T14:34:40.711993-06:00 c0-0c0s1n1              Nevertheless the interface will be shut down.
2015-02-12T14:34:41.259153-06:00 c0-0c0s1n1 7[?25l[1A
2015-02-12T14:34:41.259167-06:00 c0-0c0s1n1 [80C[10D[1;32mdone[m8[?25hShutting down service (remotefs) network  .  .  .  .  .  .  .  .  .7[?25l
2015-02-12T14:34:41.259188-06:00 c0-0c0s1n1 [80C[10D[1;32mdone[m8[?25h
2015-02-12T14:34:41.284303-06:00 c0-0c0s1n1 [m[?25hShutting down NFS client services: root filesystem is on NFS
2015-02-12T14:34:41.284314-06:00 c0-0c0s1n1 [80C[10D[1;33mskipped[m
2015-02-12T14:34:41.536644-06:00 c0-0c0s1n1 [m[?25hShutting down rpcbind 7[?25l
2015-02-12T14:34:41.536653-06:00 c0-0c0s1n1 [80C[10D[1;32mdone[m8[?25h
2015-02-12T14:35:15.624510-06:00 c0-0c0s1n1 [m[?25hcray-syslog: Sent shutdown to llmrd at process  6816..nfs: server 10.131.255.254 not responding, still trying
2015-02-12T15:28:36.237683-06:00 c0-0c0s1n1 ERROR: Type:2; Severity:80; Class:3; Subclass:D; Operation: 2
2015-02-12T15:37:08.053016-06:00 c0-0c0s1n1 Wait4Boot: WRITE: 533 bytes to memory @ 0x90CD0 ... complete
2015-02-12T15:37:08.053024-06:00 c0-0c0s1n1 Wait4Boot: Blade Controller Boot Protocol version - 1
2015-02-12T15:37:08.077617-06:00 c0-0c0s1n1 Wait4Boot: JUMP: KernelStart 0x100000, boot_params 0x90000, CmdLineAddr 0x90CD0
2015-02-12T15:37:08.205101-06:00 c0-0c0s1n1 Decompressing Linux... Parsing ELF... done.
2015-02-12T15:37:08.205228-06:00 c0-0c0s1n1 Booting the kernel.
2015-02-12T15:37:08.230435-06:00 c0-0c0s1n1 Initializing cgroup subsys cpuset
2015-02-12T15:37:08.230607-06:00 c0-0c0s1n1 Initializing cgroup subsys cpu
2015-02-12T15:37:08.255806-06:00 c0-0c0s1n1 Linux version 3.0.101-0.31.1_1.0502.8394-cray_ari_s (abuild@cfosbld05) (gcc version 4.3.4 [gcc-4_3-branch revision 152973] (SUSE Linux) ) #1 SMP Wed Sep 10 04:03:41 UTC 2014
2015-02-12T15:37:08.332989-06:00 c0-0c0s1n1 Command line: earlyprintk=serial,115200 load_ramdisk=1 ramdisk_size=80000 console=ttyS0,115200n8 bootnodeip=10.131.255.254 bootproto=ipog bootpath=/rr/current rootfs=nfs-shared root=/dev/disk/by-id/scsi-3600a09800063789e0000008b54c3a04c-part1 oops=panic bootifnetmask=255.252.0.0 elevator=noop ippob1=10 ippob2=128 pcie_ports=native iommu=on intel_iommu=off bad_page=panic pln_enable=off apei_disable hest_disable erst_disable ghes_disable cgroup_disable=memory active_wlm=ALPS sdbnodeip=10.131.255.253 sessionid=p0-20150212t152812 _cray=marker_ 
2015-02-12T15:37:08.333057-06:00 c0-0c0s1n1 KERNEL supported cpus:
2015-02-12T15:37:08.333151-06:00 c0-0c0s1n1  Intel GenuineIntel
2015-02-12T15:37:08.333332-06:00 c0-0c0s1n1 BIOS-provided physical RAM map:
2015-02-12T15:37:08.373056-06:00 c0-0c0s1n1 BIOS-e820: 0000000000000000 - 00000000000a0000 (usable)
2015-02-12T15:37:08.373279-06:00 c0-0c0s1n1 BIOS-e820: 0000000000100000 - 000000007e67c000 (usable)
2015-02-12T15:37:08.381840-06:00 c0-0c0s1n1 BIOS-e820: 000000007e67c000 - 000000007e790000 (ACPI NVS)
2015-02-12T15:37:08.382042-06:00 c0-0c0s1n1 BIOS-e820: 000000007e790000 - 000000007f395000 (reserved)
2015-02-12T15:37:08.420171-06:00 c0-0c0s1n1 BIOS-e820: 000000007f395000 - 000000007f410000 (ACPI data)
2015-02-12T15:37:08.420389-06:00 c0-0c0s1n1 BIOS-e820: 000000007f410000 - 000000007f491000 (reserved)
2015-02-12T15:37:08.420556-06:00 c0-0c0s1n1 BIOS-e820: 000000007f491000 - 000000007f493000 (usable)
2015-02-12T15:37:08.420767-06:00 c0-0c0s1n1 BIOS-e820: 000000007f493000 - 000000007f494000 (ACPI NVS)
2015-02-12T15:37:08.460618-06:00 c0-0c0s1n1 BIOS-e820: 000000007f494000 - 000000007f49e000 (reserved)
2015-02-12T15:37:08.460857-06:00 c0-0c0s1n1 BIOS-e820: 000000007f49e000 - 000000007f4a6000 (ACPI NVS)
2015-02-12T15:37:08.461107-06:00 c0-0c0s1n1 BIOS-e820: 000000007f4a6000 - 000000007f4d2000 (reserved)
2015-02-12T15:37:08.461327-06:00 c0-0c0s1n1 BIOS-e820: 000000007f4d2000 - 000000007f558000 (ACPI NVS)
2015-02-12T15:37:08.461523-06:00 c0-0c0s1n1 BIOS-e820: 000000007f558000 - 000000007f800000 (usable)
2015-02-12T15:37:08.500314-06:00 c0-0c0s1n1 BIOS-e820: 0000000080000000 - 0000000090000000 (reserved)
2015-02-12T15:37:08.500546-06:00 c0-0c0s1n1 BIOS-e820: 00000000fed1c000 - 00000000fed20000 (reserved)
2015-02-12T15:37:08.500778-06:00 c0-0c0s1n1 BIOS-e820: 00000000ff000000 - 0000000100000000 (reserved)
2015-02-12T15:37:08.508130-06:00 c0-0c0s1n1 BIOS-e820: 0000000100000000 - 0000001080000000 (usable)
2015-02-12T15:37:08.508317-06:00 c0-0c0s1n1 bootconsole [earlyser0] enabled
2015-02-12T15:37:08.508549-06:00 c0-0c0s1n1 NX (Execute Disable) protection: active
2015-02-12T15:37:08.508717-06:00 c0-0c0s1n1 EFI v2.10 by American Megatrends
2015-02-12T15:37:08.533394-06:00 c0-0c0s1n1 ACPI=0x7f395000  ACPI 2.0=0x7f395000  SMBIOS=0xf04c0  MPS=0xfd450 
2015-02-12T15:37:08.533707-06:00 c0-0c0s1n1 EFI: mem00: type=3, attr=0xf, range=[0x0000000000000000-0x0000000000008000) (0MB)
2015-02-12T15:37:08.558565-06:00 c0-0c0s1n1 EFI: mem01: type=7, attr=0xf, range=[0x0000000000008000-0x0000000000060000) (0MB)
2015-02-12T15:37:08.558860-06:00 c0-0c0s1n1 EFI: mem02: type=3, attr=0xf, range=[0x0000000000060000-0x00000000000a0000) (0MB)
2015-02-12T15:37:08.583867-06:00 c0-0c0s1n1 EFI: mem03: type=7, attr=0xf, range=[0x0000000000100000-0x0000000001000000) (15MB)
2015-02-12T15:37:08.584170-06:00 c0-0c0s1n1 EFI: mem04: type=2, attr=0xf, range=[0x0000000001000000-0x0000000001100000) (1MB)
2015-02-12T15:37:08.609101-06:00 c0-0c0s1n1 EFI: mem05: type=4, attr=0xf, range=[0x0000000001100000-0x00000000017ea000) (6MB)
2015-02-12T15:37:08.609367-06:00 c0-0c0s1n1 EFI: mem06: type=3, attr=0xf, range=[0x00000000017ea000-0x00000000017ee000) (0MB)
2015-02-12T15:37:08.634285-06:00 c0-0c0s1n1 EFI: mem07: type=4, attr=0xf, range=[0x00000000017ee000-0x0000000001886000) (0MB)
2015-02-12T15:37:08.634544-06:00 c0-0c0s1n1 EFI: mem08: type=3, attr=0xf, range=[0x0000000001886000-0x000000000188f000) (0MB)
2015-02-12T15:37:08.659667-06:00 c0-0c0s1n1 EFI: mem09: type=4, attr=0xf, range=[0x000000000188f000-0x0000000001892000) (0MB)
2015-02-12T15:37:08.659913-06:00 c0-0c0s1n1 EFI: mem10: type=3, attr=0xf, range=[0x0000000001892000-0x000000000189e000) (0MB)
2015-02-12T15:37:08.684915-06:00 c0-0c0s1n1 EFI: mem11: type=4, attr=0xf, range=[0x000000000189e000-0x00000000018a9000) (0MB)
2015-02-12T15:37:08.685147-06:00 c0-0c0s1n1 EFI: mem12: type=3, attr=0xf, range=[0x00000000018a9000-0x00000000018ab000) (0MB)
2015-02-12T15:37:08.724522-06:00 c0-0c0s1n1 EFI: mem13: type=4, attr=0xf, range=[0x00000000018ab000-0x00000000018ad000) (0MB)
2015-02-12T15:37:08.724722-06:00 c0-0c0s1n1 EFI: mem14: type=3, attr=0xf, range=[0x00000000018ad000-0x00000000018af000) (0MB)
2015-02-12T15:37:08.764662-06:00 c0-0c0s1n1 EFI: mem15: type=4, attr=0xf, range=[0x00000000018af000-0x00000000018b7000) (0MB)
2015-02-12T15:37:08.764887-06:00 c0-0c0s1n1 EFI: mem16: type=3, attr=0xf, range=[0x00000000018b7000-0x00000000018bb000) (0MB)
2015-02-12T15:37:08.765175-06:00 c0-0c0s1n1 EFI: mem17: type=4, attr=0xf, range=[0x00000000018bb000-0x00000000018bd000) (0MB)
2015-02-12T15:37:08.765402-06:00 c0-0c0s1n1 EFI: mem18: type=3, attr=0xf, range=[0x00000000018bd000-0x00000000018bf000) (0MB)
2015-02-12T15:37:08.804528-06:00 c0-0c0s1n1 EFI: mem19: type=4, attr=0xf, range=[0x00000000018bf000-0x00000000018d1000) (0MB)
2015-02-12T15:37:08.804813-06:00 c0-0c0s1n1 EFI: mem20: type=3, attr=0xf, range=[0x00000000018d1000-0x00000000018d7000) (0MB)
2015-02-12T15:37:08.811213-06:00 c0-0c0s1n1 EFI: mem21: type=4, attr=0xf, range=[0x00000000018d7000-0x00000000018f9000) (0MB)
2015-02-12T15:37:08.848484-06:00 c0-0c0s1n1 EFI: mem22: type=3, attr=0xf, range=[0x00000000018f9000-0x0000000001908000) (0MB)
2015-02-12T15:37:08.848777-06:00 c0-0c0s1n1 EFI: mem23: type=4, attr=0xf, range=[0x0000000001908000-0x0000000001921000) (0MB)
2015-02-12T15:37:08.849043-06:00 c0-0c0s1n1 EFI: mem24: type=3, attr=0xf, range=[0x0000000001921000-0x000000000192b000) (0MB)
2015-02-12T15:37:08.888526-06:00 c0-0c0s1n1 EFI: mem25: type=4, attr=0xf, range=[0x000000000192b000-0x0000000001933000) (0MB)
2015-02-12T15:37:08.888813-06:00 c0-0c0s1n1 EFI: mem26: type=3, attr=0xf, range=[0x0000000001933000-0x0000000001936000) (0MB)
2015-02-12T15:37:08.889089-06:00 c0-0c0s1n1 EFI: mem27: type=4, attr=0xf, range=[0x0000000001936000-0x000000000193b000) (0MB)
2015-02-12T15:37:08.928348-06:00 c0-0c0s1n1 EFI: mem28: type=3, attr=0xf, range=[0x000000000193b000-0x000000000193e000) (0MB)
2015-02-12T15:37:08.928622-06:00 c0-0c0s1n1 EFI: mem29: type=4, attr=0xf, range=[0x000000000193e000-0x0000000001964000) (0MB)
2015-02-12T15:37:08.937271-06:00 c0-0c0s1n1 EFI: mem30: type=3, attr=0xf, range=[0x0000000001964000-0x0000000001968000) (0MB)
2015-02-12T15:37:08.937592-06:00 c0-0c0s1n1 EFI: mem31: type=4, attr=0xf, range=[0x0000000001968000-0x000000000198a000) (0MB)
2015-02-12T15:37:08.962496-06:00 c0-0c0s1n1 EFI: mem32: type=3, attr=0xf, range=[0x000000000198a000-0x00000000019b0000) (0MB)
2015-02-12T15:37:08.962776-06:00 c0-0c0s1n1 EFI: mem33: type=4, attr=0xf, range=[0x00000000019b0000-0x00000000019be000) (0MB)
2015-02-12T15:37:08.987899-06:00 c0-0c0s1n1 EFI: mem34: type=3, attr=0xf, range=[0x00000000019be000-0x00000000019ce000) (0MB)
2015-02-12T15:37:08.988119-06:00 c0-0c0s1n1 EFI: mem35: type=4, attr=0xf, range=[0x00000000019ce000-0x00000000019d0000) (0MB)
2015-02-12T15:37:09.013055-06:00 c0-0c0s1n1 EFI: mem36: type=3, attr=0xf, range=[0x00000000019d0000-0x00000000019d7000) (0MB)
2015-02-12T15:37:09.052362-06:00 c0-0c0s1n1 EFI: mem37: type=4, attr=0xf, range=[0x00000000019d7000-0x00000000019e1000) (0MB)
2015-02-12T15:37:09.052642-06:00 c0-0c0s1n1 EFI: mem38: type=3, attr=0xf, range=[0x00000000019e1000-0x00000000019e5000) (0MB)
2015-02-12T15:37:09.052914-06:00 c0-0c0s1n1 EFI: mem39: type=4, attr=0xf, range=[0x00000000019e5000-0x0000000001a02000) (0MB)
2015-02-12T15:37:09.092434-06:00 c0-0c0s1n1 EFI: mem40: type=3, attr=0xf, range=[0x0000000001a02000-0x0000000001a06000) (0MB)
2015-02-12T15:37:09.092708-06:00 c0-0c0s1n1 EFI: mem41: type=4, attr=0xf, range=[0x0000000001a06000-0x0000000001a0a000) (0MB)
2015-02-12T15:37:09.092969-06:00 c0-0c0s1n1 EFI: mem42: type=3, attr=0xf, range=[0x0000000001a0a000-0x0000000001a1e000) (0MB)
2015-02-12T15:37:09.093240-06:00 c0-0c0s1n1 EFI: mem43: type=4, attr=0xf, range=[0x0000000001a1e000-0x0000000001a22000) (0MB)
2015-02-12T15:37:09.132353-06:00 c0-0c0s1n1 EFI: mem44: type=3, attr=0xf, range=[0x0000000001a22000-0x0000000001a26000) (0MB)
2015-02-12T15:37:09.132660-06:00 c0-0c0s1n1 EFI: mem45: type=4, attr=0xf, range=[0x0000000001a26000-0x0000000001a34000) (0MB)
2015-02-12T15:37:09.139511-06:00 c0-0c0s1n1 EFI: mem46: type=3, attr=0xf, range=[0x0000000001a34000-0x0000000001a3b000) (0MB)
2015-02-12T15:37:09.176451-06:00 c0-0c0s1n1 EFI: mem47: type=4, attr=0xf, range=[0x0000000001a3b000-0x0000000001a42000) (0MB)
2015-02-12T15:37:09.176733-06:00 c0-0c0s1n1 EFI: mem48: type=3, attr=0xf, range=[0x0000000001a42000-0x0000000001a4a000) (0MB)
2015-02-12T15:37:09.177012-06:00 c0-0c0s1n1 EFI: mem49: type=4, attr=0xf, range=[0x0000000001a4a000-0x0000000001a4b000) (0MB)
2015-02-12T15:37:09.216453-06:00 c0-0c0s1n1 EFI: mem50: type=3, attr=0xf, range=[0x0000000001a4b000-0x0000000001a4d000) (0MB)
2015-02-12T15:37:09.216738-06:00 c0-0c0s1n1 EFI: mem51: type=4, attr=0xf, range=[0x0000000001a4d000-0x0000000001a52000) (0MB)
2015-02-12T15:37:09.216984-06:00 c0-0c0s1n1 EFI: mem52: type=3, attr=0xf, range=[0x0000000001a52000-0x0000000001a69000) (0MB)
2015-02-12T15:37:09.217271-06:00 c0-0c0s1n1 EFI: mem53: type=4, attr=0xf, range=[0x0000000001a69000-0x0000000001a6f000) (0MB)
2015-02-12T15:37:09.256415-06:00 c0-0c0s1n1 EFI: mem54: type=3, attr=0xf, range=[0x0000000001a6f000-0x0000000001a70000) (0MB)
2015-02-12T15:37:09.256658-06:00 c0-0c0s1n1 EFI: mem55: type=4, attr=0xf, range=[0x0000000001a70000-0x0000000001a71000) (0MB)
2015-02-12T15:37:09.256900-06:00 c0-0c0s1n1 EFI: mem56: type=3, attr=0xf, range=[0x0000000001a71000-0x0000000001a79000) (0MB)
2015-02-12T15:37:09.265687-06:00 c0-0c0s1n1 EFI: mem57: type=4, attr=0xf, range=[0x0000000001a79000-0x0000000001a7a000) (0MB)
2015-02-12T15:37:09.290762-06:00 c0-0c0s1n1 EFI: mem58: type=3, attr=0xf, range=[0x0000000001a7a000-0x0000000001a83000) (0MB)
2015-02-12T15:37:09.328359-06:00 c0-0c0s1n1 EFI: mem59: type=4, attr=0xf, range=[0x0000000001a83000-0x0000000001a85000) (0MB)
2015-02-12T15:37:09.328552-06:00 c0-0c0s1n1 EFI: mem60: type=3, attr=0xf, range=[0x0000000001a85000-0x0000000001abe000) (0MB)
2015-02-12T15:37:09.328753-06:00 c0-0c0s1n1 EFI: mem61: type=4, attr=0xf, range=[0x0000000001abe000-0x0000000001abf000) (0MB)
2015-02-12T15:37:09.368420-06:00 c0-0c0s1n1 EFI: mem62: type=3, attr=0xf, range=[0x0000000001abf000-0x0000000001acc000) (0MB)
2015-02-12T15:37:09.368613-06:00 c0-0c0s1n1 EFI: mem63: type=4, attr=0xf, range=[0x0000000001acc000-0x0000000001ad7000) (0MB)
