2015-02-11T17:25:58.437445-06:00 c0-0c0s0n2 ERROR: Type:2; Severity:80; Class:3; Subclass:D; Operation: 2
2015-02-11T17:34:33.079398-06:00 c0-0c0s0n2 Wait4Boot: WRITE: 533 bytes to memory @ 0x90CD0 ... complete
2015-02-11T17:34:33.079449-06:00 c0-0c0s0n2 Wait4Boot: Blade Controller Boot Protocol version - 1
2015-02-11T17:34:33.104480-06:00 c0-0c0s0n2 Wait4Boot: JUMP: KernelStart 0x100000, boot_params 0x90000, CmdLineAddr 0x90CD0
2015-02-11T17:34:33.233645-06:00 c0-0c0s0n2 Decompressing Linux... Parsing ELF... done.
2015-02-11T17:34:33.233759-06:00 c0-0c0s0n2 Booting the kernel.
2015-02-11T17:34:33.258769-06:00 c0-0c0s0n2 Initializing cgroup subsys cpuset
2015-02-11T17:34:33.258876-06:00 c0-0c0s0n2 Initializing cgroup subsys cpu
2015-02-11T17:34:33.284090-06:00 c0-0c0s0n2 Linux version 3.0.101-0.31.1_1.0502.8394-cray_ari_s (abuild@cfosbld05) (gcc version 4.3.4 [gcc-4_3-branch revision 152973] (SUSE Linux) ) #1 SMP Wed Sep 10 04:03:41 UTC 2014
2015-02-11T17:34:33.360091-06:00 c0-0c0s0n2 Command line: earlyprintk=serial,115200 load_ramdisk=1 ramdisk_size=80000 console=ttyS0,115200n8 bootnodeip=10.131.255.254 bootproto=ipog bootpath=/rr/current rootfs=nfs-shared root=/dev/disk/by-id/scsi-3600a09800063789e0000008b54c3a04c-part1 oops=panic bootifnetmask=255.252.0.0 elevator=noop ippob1=10 ippob2=128 pcie_ports=native iommu=on intel_iommu=off bad_page=panic pln_enable=off apei_disable hest_disable erst_disable ghes_disable cgroup_disable=memory active_wlm=ALPS sdbnodeip=10.131.255.253 sessionid=p0-20150211t172524 _cray=marker_ 
2015-02-11T17:34:33.360219-06:00 c0-0c0s0n2 KERNEL supported cpus:
2015-02-11T17:34:33.360290-06:00 c0-0c0s0n2  Intel GenuineIntel
2015-02-11T17:34:33.385046-06:00 c0-0c0s0n2 BIOS-provided physical RAM map:
2015-02-11T17:34:33.385330-06:00 c0-0c0s0n2 BIOS-e820: 0000000000000000 - 00000000000a0000 (usable)
2015-02-11T17:34:33.385581-06:00 c0-0c0s0n2 BIOS-e820: 0000000000100000 - 000000007e67c000 (usable)
2015-02-11T17:34:33.410397-06:00 c0-0c0s0n2 BIOS-e820: 000000007e67c000 - 000000007e790000 (ACPI NVS)
2015-02-11T17:34:33.410545-06:00 c0-0c0s0n2 BIOS-e820: 000000007e790000 - 000000007f395000 (reserved)
2015-02-11T17:34:33.435554-06:00 c0-0c0s0n2 BIOS-e820: 000000007f395000 - 000000007f410000 (ACPI data)
2015-02-11T17:34:33.435721-06:00 c0-0c0s0n2 BIOS-e820: 000000007f410000 - 000000007f491000 (reserved)
2015-02-11T17:34:33.435890-06:00 c0-0c0s0n2 BIOS-e820: 000000007f491000 - 000000007f493000 (usable)
2015-02-11T17:34:33.436105-06:00 c0-0c0s0n2 BIOS-e820: 000000007f493000 - 000000007f494000 (ACPI NVS)
2015-02-11T17:34:33.461046-06:00 c0-0c0s0n2 BIOS-e820: 000000007f494000 - 000000007f49e000 (reserved)
2015-02-11T17:34:33.461305-06:00 c0-0c0s0n2 BIOS-e820: 000000007f49e000 - 000000007f4a6000 (ACPI NVS)
2015-02-11T17:34:33.486093-06:00 c0-0c0s0n2 BIOS-e820: 000000007f4a6000 - 000000007f4d2000 (reserved)
2015-02-11T17:34:33.486443-06:00 c0-0c0s0n2 BIOS-e820: 000000007f4d2000 - 000000007f558000 (ACPI NVS)
2015-02-11T17:34:33.486698-06:00 c0-0c0s0n2 BIOS-e820: 000000007f558000 - 000000007f800000 (usable)
2015-02-11T17:34:33.511504-06:00 c0-0c0s0n2 BIOS-e820: 0000000080000000 - 0000000090000000 (reserved)
2015-02-11T17:34:33.511782-06:00 c0-0c0s0n2 BIOS-e820: 00000000fed1c000 - 00000000fed20000 (reserved)
2015-02-11T17:34:33.512044-06:00 c0-0c0s0n2 BIOS-e820: 00000000ff000000 - 0000000100000000 (reserved)
2015-02-11T17:34:33.536940-06:00 c0-0c0s0n2 BIOS-e820: 0000000100000000 - 0000001080000000 (usable)
2015-02-11T17:34:33.537182-06:00 c0-0c0s0n2 bootconsole [earlyser0] enabled
2015-02-11T17:34:33.537343-06:00 c0-0c0s0n2 NX (Execute Disable) protection: active
2015-02-11T17:34:33.537544-06:00 c0-0c0s0n2 EFI v2.10 by American Megatrends
2015-02-11T17:34:33.562239-06:00 c0-0c0s0n2 ACPI=0x7f395000  ACPI 2.0=0x7f395000  SMBIOS=0xf04c0  MPS=0xfd450 
2015-02-11T17:34:33.562611-06:00 c0-0c0s0n2 EFI: mem00: type=3, attr=0xf, range=[0x0000000000000000-0x0000000000008000) (0MB)
2015-02-11T17:34:33.587519-06:00 c0-0c0s0n2 EFI: mem01: type=7, attr=0xf, range=[0x0000000000008000-0x0000000000060000) (0MB)
2015-02-11T17:34:33.587793-06:00 c0-0c0s0n2 EFI: mem02: type=3, attr=0xf, range=[0x0000000000060000-0x00000000000a0000) (0MB)
2015-02-11T17:34:33.612717-06:00 c0-0c0s0n2 EFI: mem03: type=7, attr=0xf, range=[0x0000000000100000-0x0000000001000000) (15MB)
2015-02-11T17:34:33.637769-06:00 c0-0c0s0n2 EFI: mem04: type=2, attr=0xf, range=[0x0000000001000000-0x0000000001100000) (1MB)
2015-02-11T17:34:33.638120-06:00 c0-0c0s0n2 EFI: mem05: type=4, attr=0xf, range=[0x0000000001100000-0x00000000017ea000) (6MB)
2015-02-11T17:34:33.662966-06:00 c0-0c0s0n2 EFI: mem06: type=3, attr=0xf, range=[0x00000000017ea000-0x00000000017ee000) (0MB)
2015-02-11T17:34:33.663266-06:00 c0-0c0s0n2 EFI: mem07: type=4, attr=0xf, range=[0x00000000017ee000-0x0000000001886000) (0MB)
2015-02-11T17:34:33.688273-06:00 c0-0c0s0n2 EFI: mem08: type=3, attr=0xf, range=[0x0000000001886000-0x000000000188f000) (0MB)
2015-02-11T17:34:33.688567-06:00 c0-0c0s0n2 EFI: mem09: type=4, attr=0xf, range=[0x000000000188f000-0x0000000001892000) (0MB)
2015-02-11T17:34:33.713494-06:00 c0-0c0s0n2 EFI: mem10: type=3, attr=0xf, range=[0x0000000001892000-0x000000000189e000) (0MB)
2015-02-11T17:34:33.713748-06:00 c0-0c0s0n2 EFI: mem11: type=4, attr=0xf, range=[0x000000000189e000-0x00000000018a9000) (0MB)
2015-02-11T17:34:33.738848-06:00 c0-0c0s0n2 EFI: mem12: type=3, attr=0xf, range=[0x00000000018a9000-0x00000000018ab000) (0MB)
2015-02-11T17:34:33.739117-06:00 c0-0c0s0n2 EFI: mem13: type=4, attr=0xf, range=[0x00000000018ab000-0x00000000018ad000) (0MB)
2015-02-11T17:34:33.764122-06:00 c0-0c0s0n2 EFI: mem14: type=3, attr=0xf, range=[0x00000000018ad000-0x00000000018af000) (0MB)
2015-02-11T17:34:33.764439-06:00 c0-0c0s0n2 EFI: mem15: type=4, attr=0xf, range=[0x00000000018af000-0x00000000018b7000) (0MB)
2015-02-11T17:34:33.789468-06:00 c0-0c0s0n2 EFI: mem16: type=3, attr=0xf, range=[0x00000000018b7000-0x00000000018bb000) (0MB)
2015-02-11T17:34:33.789719-06:00 c0-0c0s0n2 EFI: mem17: type=4, attr=0xf, range=[0x00000000018bb000-0x00000000018bd000) (0MB)
2015-02-11T17:34:33.814673-06:00 c0-0c0s0n2 EFI: mem18: type=3, attr=0xf, range=[0x00000000018bd000-0x00000000018bf000) (0MB)
2015-02-11T17:34:33.814858-06:00 c0-0c0s0n2 EFI: mem19: type=4, attr=0xf, range=[0x00000000018bf000-0x00000000018d1000) (0MB)
2015-02-11T17:34:33.839908-06:00 c0-0c0s0n2 EFI: mem20: type=3, attr=0xf, range=[0x00000000018d1000-0x00000000018d7000) (0MB)
2015-02-11T17:34:33.840209-06:00 c0-0c0s0n2 EFI: mem21: type=4, attr=0xf, range=[0x00000000018d7000-0x00000000018f9000) (0MB)
2015-02-11T17:34:33.865152-06:00 c0-0c0s0n2 EFI: mem22: type=3, attr=0xf, range=[0x00000000018f9000-0x0000000001908000) (0MB)
2015-02-11T17:34:33.865422-06:00 c0-0c0s0n2 EFI: mem23: type=4, attr=0xf, range=[0x0000000001908000-0x0000000001921000) (0MB)
2015-02-11T17:34:33.890373-06:00 c0-0c0s0n2 EFI: mem24: type=3, attr=0xf, range=[0x0000000001921000-0x000000000192b000) (0MB)
2015-02-11T17:34:33.890660-06:00 c0-0c0s0n2 EFI: mem25: type=4, attr=0xf, range=[0x000000000192b000-0x0000000001933000) (0MB)
2015-02-11T17:34:33.915781-06:00 c0-0c0s0n2 EFI: mem26: type=3, attr=0xf, range=[0x0000000001933000-0x0000000001936000) (0MB)
2015-02-11T17:34:33.940676-06:00 c0-0c0s0n2 EFI: mem27: type=4, attr=0xf, range=[0x0000000001936000-0x000000000193b000) (0MB)
2015-02-11T17:34:33.940975-06:00 c0-0c0s0n2 EFI: mem28: type=3, attr=0xf, range=[0x000000000193b000-0x000000000193e000) (0MB)
2015-02-11T17:34:33.941256-06:00 c0-0c0s0n2 EFI: mem29: type=4, attr=0xf, range=[0x000000000193e000-0x0000000001964000) (0MB)
2015-02-11T17:34:33.966087-06:00 c0-0c0s0n2 EFI: mem30: type=3, attr=0xf, range=[0x0000000001964000-0x0000000001968000) (0MB)
2015-02-11T17:34:33.966382-06:00 c0-0c0s0n2 EFI: mem31: type=4, attr=0xf, range=[0x0000000001968000-0x000000000198a000) (0MB)
2015-02-11T17:34:33.991447-06:00 c0-0c0s0n2 EFI: mem32: type=3, attr=0xf, range=[0x000000000198a000-0x00000000019b0000) (0MB)
2015-02-11T17:34:34.016479-06:00 c0-0c0s0n2 EFI: mem33: type=4, attr=0xf, range=[0x00000000019b0000-0x00000000019be000) (0MB)
2015-02-11T17:34:34.016783-06:00 c0-0c0s0n2 EFI: mem34: type=3, attr=0xf, range=[0x00000000019be000-0x00000000019ce000) (0MB)
2015-02-11T17:34:34.041794-06:00 c0-0c0s0n2 EFI: mem35: type=4, attr=0xf, range=[0x00000000019ce000-0x00000000019d0000) (0MB)
2015-02-11T17:34:34.042087-06:00 c0-0c0s0n2 EFI: mem36: type=3, attr=0xf, range=[0x00000000019d0000-0x00000000019d7000) (0MB)
2015-02-11T17:34:34.067086-06:00 c0-0c0s0n2 EFI: mem37: type=4, attr=0xf, range=[0x00000000019d7000-0x00000000019e1000) (0MB)
2015-02-11T17:34:34.067328-06:00 c0-0c0s0n2 EFI: mem38: type=3, attr=0xf, range=[0x00000000019e1000-0x00000000019e5000) (0MB)
2015-02-11T17:34:34.092285-06:00 c0-0c0s0n2 EFI: mem39: type=4, attr=0xf, range=[0x00000000019e5000-0x0000000001a02000) (0MB)
2015-02-11T17:34:34.092565-06:00 c0-0c0s0n2 EFI: mem40: type=3, attr=0xf, range=[0x0000000001a02000-0x0000000001a06000) (0MB)
2015-02-11T17:34:34.117591-06:00 c0-0c0s0n2 EFI: mem41: type=4, attr=0xf, range=[0x0000000001a06000-0x0000000001a0a000) (0MB)
2015-02-11T17:34:34.117811-06:00 c0-0c0s0n2 EFI: mem42: type=3, attr=0xf, range=[0x0000000001a0a000-0x0000000001a1e000) (0MB)
2015-02-11T17:34:34.142922-06:00 c0-0c0s0n2 EFI: mem43: type=4, attr=0xf, range=[0x0000000001a1e000-0x0000000001a22000) (0MB)
2015-02-11T17:34:34.143186-06:00 c0-0c0s0n2 EFI: mem44: type=3, attr=0xf, range=[0x0000000001a22000-0x0000000001a26000) (0MB)
2015-02-11T17:34:34.168180-06:00 c0-0c0s0n2 EFI: mem45: type=4, attr=0xf, range=[0x0000000001a26000-0x0000000001a34000) (0MB)
2015-02-11T17:34:34.193136-06:00 c0-0c0s0n2 EFI: mem46: type=3, attr=0xf, range=[0x0000000001a34000-0x0000000001a3b000) (0MB)
2015-02-11T17:34:34.193458-06:00 c0-0c0s0n2 EFI: mem47: type=4, attr=0xf, range=[0x0000000001a3b000-0x0000000001a42000) (0MB)
2015-02-11T17:34:34.218415-06:00 c0-0c0s0n2 EFI: mem48: type=3, attr=0xf, range=[0x0000000001a42000-0x0000000001a4a000) (0MB)
2015-02-11T17:34:34.218755-06:00 c0-0c0s0n2 EFI: mem49: type=4, attr=0xf, range=[0x0000000001a4a000-0x0000000001a4b000) (0MB)
2015-02-11T17:34:34.256221-06:00 c0-0c0s0n2 EFI: mem50: type=3, attr=0xf, range=[0x0000000001a4b000-0x0000000001a4d000) (0MB)
2015-02-11T17:34:34.256467-06:00 c0-0c0s0n2 EFI: mem51: type=4, attr=0xf, range=[0x0000000001a4d000-0x0000000001a52000) (0MB)
2015-02-11T17:34:34.300243-06:00 c0-0c0s0n2 EFI: mem52: type=3, attr=0xf, range=[0x0000000001a52000-0x0000000001a69000) (0MB)
2015-02-11T17:34:34.300442-06:00 c0-0c0s0n2 EFI: mem53: type=4, attr=0xf, range=[0x0000000001a69000-0x0000000001a6f000) (0MB)
2015-02-11T17:34:34.300648-06:00 c0-0c0s0n2 EFI: mem54: type=3, attr=0xf, range=[0x0000000001a6f000-0x0000000001a70000) (0MB)
2015-02-11T17:34:34.300862-06:00 c0-0c0s0n2 EFI: mem55: type=4, attr=0xf, range=[0x0000000001a70000-0x0000000001a71000) (0MB)
2015-02-11T17:34:34.336239-06:00 c0-0c0s0n2 EFI: mem56: type=3, attr=0xf, range=[0x0000000001a71000-0x0000000001a79000) (0MB)
2015-02-11T17:34:34.336429-06:00 c0-0c0s0n2 EFI: mem57: type=4, attr=0xf, range=[0x0000000001a79000-0x0000000001a7a000) (0MB)
2015-02-11T17:34:34.344819-06:00 c0-0c0s0n2 EFI: mem58: type=3, attr=0xf, range=[0x0000000001a7a000-0x0000000001a83000) (0MB)
2015-02-11T17:34:34.345034-06:00 c0-0c0s0n2 EFI: mem59: type=4, attr=0xf, range=[0x0000000001a83000-0x0000000001a85000) (0MB)
2015-02-11T17:34:34.370091-06:00 c0-0c0s0n2 EFI: mem60: type=3, attr=0xf, range=[0x0000000001a85000-0x0000000001abe000) (0MB)
2015-02-11T17:34:34.370332-06:00 c0-0c0s0n2 EFI: mem61: type=4, attr=0xf, range=[0x0000000001abe000-0x0000000001abf000) (0MB)
2015-02-11T17:34:34.395427-06:00 c0-0c0s0n2 EFI: mem62: type=3, attr=0xf, range=[0x0000000001abf000-0x0000000001acc000) (0MB)
2015-02-11T17:34:34.395659-06:00 c0-0c0s0n2 EFI: mem63: type=4, attr=0xf, range=[0x0000000001acc000-0x0000000001ad7000) (0MB)
2015-02-11T17:34:34.420679-06:00 c0-0c0s0n2 EFI: mem64: type=3, attr=0xf, range=[0x0000000001ad7000-0x0000000001adc000) (0MB)
2015-02-11T17:34:34.445690-06:00 c0-0c0s0n2 EFI: mem65: type=4, attr=0xf, range=[0x0000000001adc000-0x0000000001b60000) (0MB)
2015-02-11T17:34:34.446059-06:00 c0-0c0s0n2 EFI: mem66: type=3, attr=0xf, range=[0x0000000001b60000-0x0000000001b7c000) (0MB)
2015-02-11T17:34:34.470963-06:00 c0-0c0s0n2 EFI: mem67: type=4, attr=0xf, range=[0x0000000001b7c000-0x0000000001b84000) (0MB)
2015-02-11T17:34:34.471244-06:00 c0-0c0s0n2 EFI: mem68: type=3, attr=0xf, range=[0x0000000001b84000-0x0000000001b9c000) (0MB)
2015-02-11T17:34:34.496179-06:00 c0-0c0s0n2 EFI: mem69: type=4, attr=0xf, range=[0x0000000001b9c000-0x000000000b210000) (150MB)
2015-02-11T17:34:34.496568-06:00 c0-0c0s0n2 EFI: mem70: type=3, attr=0xf, range=[0x000000000b210000-0x000000000b216000) (0MB)
2015-02-11T17:34:34.521515-06:00 c0-0c0s0n2 EFI: mem71: type=4, attr=0xf, range=[0x000000000b216000-0x000000000b21f000) (0MB)
2015-02-11T17:34:34.521844-06:00 c0-0c0s0n2 EFI: mem72: type=3, attr=0xf, range=[0x000000000b21f000-0x000000000b235000) (0MB)
2015-02-11T17:34:34.546940-06:00 c0-0c0s0n2 EFI: mem73: type=4, attr=0xf, range=[0x000000000b235000-0x000000000b23b000) (0MB)
2015-02-11T17:34:34.547213-06:00 c0-0c0s0n2 EFI: mem74: type=3, attr=0xf, range=[0x000000000b23b000-0x000000000b23e000) (0MB)
2015-02-11T17:34:34.572131-06:00 c0-0c0s0n2 EFI: mem75: type=4, attr=0xf, range=[0x000000000b23e000-0x000000000b242000) (0MB)
2015-02-11T17:34:34.572445-06:00 c0-0c0s0n2 EFI: mem76: type=3, attr=0xf, range=[0x000000000b242000-0x000000000b249000) (0MB)
2015-02-11T17:34:34.597464-06:00 c0-0c0s0n2 EFI: mem77: type=4, attr=0xf, range=[0x000000000b249000-0x000000000b24c000) (0MB)
2015-02-11T17:34:34.597749-06:00 c0-0c0s0n2 EFI: mem78: type=3, attr=0xf, range=[0x000000000b24c000-0x000000000b254000) (0MB)
2015-02-11T17:34:34.622791-06:00 c0-0c0s0n2 EFI: mem79: type=4, attr=0xf, range=[0x000000000b254000-0x000000000b27a000) (0MB)
2015-02-11T17:34:34.647740-06:00 c0-0c0s0n2 EFI: mem80: type=3, attr=0xf, range=[0x000000000b27a000-0x000000000b27e000) (0MB)
2015-02-11T17:34:34.648036-06:00 c0-0c0s0n2 EFI: mem81: type=4, attr=0xf, range=[0x000000000b27e000-0x000000000b282000) (0MB)
2015-02-11T17:34:34.672935-06:00 c0-0c0s0n2 EFI: mem82: type=3, attr=0xf, range=[0x000000000b282000-0x000000000b286000) (0MB)
2015-02-11T17:34:34.673214-06:00 c0-0c0s0n2 EFI: mem83: type=4, attr=0xf, range=[0x000000000b286000-0x000000000b290000) (0MB)
2015-02-11T17:34:34.673486-06:00 c0-0c0s0n2 EFI: mem84: type=3, attr=0xf, range=[0x000000000b290000-0x000000000b2d3000) (0MB)
2015-02-11T17:34:34.698514-06:00 c0-0c0s0n2 EFI: mem85: type=4, attr=0xf, range=[0x000000000b2d3000-0x000000000b2df000) (0MB)
2015-02-11T17:34:34.723577-06:00 c0-0c0s0n2 EFI: mem86: type=3, attr=0xf, range=[0x000000000b2df000-0x000000000b2e9000) (0MB)
2015-02-11T17:34:34.723876-06:00 c0-0c0s0n2 EFI: mem87: type=4, attr=0xf, range=[0x000000000b2e9000-0x000000000b2f8000) (0MB)
2015-02-11T17:34:34.748767-06:00 c0-0c0s0n2 EFI: mem88: type=3, attr=0xf, range=[0x000000000b2f8000-0x000000000b2fc000) (0MB)
2015-02-11T17:34:34.748994-06:00 c0-0c0s0n2 EFI: mem89: type=4, attr=0xf, range=[0x000000000b2fc000-0x000000000b2fd000) (0MB)
2015-02-11T17:34:34.749259-06:00 c0-0c0s0n2 EFI: mem90: type=3, attr=0xf, range=[0x000000000b2fd000-0x000000000b302000) (0MB)
2015-02-11T17:34:34.774305-06:00 c0-0c0s0n2 EFI: mem91: type=4, attr=0xf, range=[0x000000000b302000-0x000000000b30b000) (0MB)
2015-02-11T17:34:34.799302-06:00 c0-0c0s0n2 EFI: mem92: type=3, attr=0xf, range=[0x000000000b30b000-0x000000000b343000) (0MB)
2015-02-11T17:34:34.799624-06:00 c0-0c0s0n2 EFI: mem93: type=4, attr=0xf, range=[0x000000000b343000-0x000000000b34a000) (0MB)
2015-02-11T17:34:34.824588-06:00 c0-0c0s0n2 EFI: mem94: type=3, attr=0xf, range=[0x000000000b34a000-0x000000000b351000) (0MB)
2015-02-11T17:34:34.824902-06:00 c0-0c0s0n2 EFI: mem95: type=4, attr=0xf, range=[0x000000000b351000-0x000000000b359000) (0MB)
2015-02-11T17:34:34.825124-06:00 c0-0c0s0n2 EFI: mem96: type=3, attr=0xf, range=[0x000000000b359000-0x000000000b35d000) (0MB)
2015-02-11T17:34:34.850059-06:00 c0-0c0s0n2 EFI: mem97: type=4, attr=0xf, range=[0x000000000b35d000-0x000000000b365000) (0MB)
2015-02-11T17:34:34.850370-06:00 c0-0c0s0n2 EFI: mem98: type=3, attr=0xf, range=[0x000000000b365000-0x000000000b369000) (0MB)
2015-02-11T17:34:34.875384-06:00 c0-0c0s0n2 EFI: mem99: type=4, attr=0xf, range=[0x000000000b369000-0x000000000b36d000) (0MB)
2015-02-11T17:34:34.900307-06:00 c0-0c0s0n2 EFI: mem100: type=3, attr=0xf, range=[0x000000000b36d000-0x000000000b371000) (0MB)
2015-02-11T17:34:34.900639-06:00 c0-0c0s0n2 EFI: mem101: type=4, attr=0xf, range=[0x000000000b371000-0x000000000b385000) (0MB)
2015-02-11T17:34:34.925563-06:00 c0-0c0s0n2 EFI: mem102: type=3, attr=0xf, range=[0x000000000b385000-0x000000000b38b000) (0MB)
2015-02-11T17:34:34.925884-06:00 c0-0c0s0n2 EFI: mem103: type=4, attr=0xf, range=[0x000000000b38b000-0x000000000b3ad000) (0MB)
2015-02-11T17:34:34.950942-06:00 c0-0c0s0n2 EFI: mem104: type=3, attr=0xf, range=[0x000000000b3ad000-0x000000000b3b7000) (0MB)
2015-02-11T17:34:34.951280-06:00 c0-0c0s0n2 EFI: mem105: type=4, attr=0xf, range=[0x000000000b3b7000-0x000000000b3b8000) (0MB)
2015-02-11T17:34:34.976180-06:00 c0-0c0s0n2 EFI: mem106: type=3, attr=0xf, range=[0x000000000b3b8000-0x000000000b3ca000) (0MB)
2015-02-11T17:34:34.976485-06:00 c0-0c0s0n2 EFI: mem107: type=4, attr=0xf, range=[0x000000000b3ca000-0x000000000b3cd000) (0MB)
2015-02-11T17:34:35.001416-06:00 c0-0c0s0n2 EFI: mem108: type=3, attr=0xf, range=[0x000000000b3cd000-0x000000000b3d8000) (0MB)
2015-02-11T17:34:35.001707-06:00 c0-0c0s0n2 EFI: mem109: type=4, attr=0xf, range=[0x000000000b3d8000-0x000000000b474000) (0MB)
2015-02-11T17:34:35.026675-06:00 c0-0c0s0n2 EFI: mem110: type=3, attr=0xf, range=[0x000000000b474000-0x000000000b47b000) (0MB)
2015-02-11T17:34:35.026945-06:00 c0-0c0s0n2 EFI: mem111: type=4, attr=0xf, range=[0x000000000b47b000-0x000000000b48a000) (0MB)
2015-02-11T17:34:35.052007-06:00 c0-0c0s0n2 EFI: mem112: type=3, attr=0xf, range=[0x000000000b48a000-0x000000000b48e000) (0MB)
2015-02-11T17:34:35.052252-06:00 c0-0c0s0n2 EFI: mem113: type=4, attr=0xf, range=[0x000000000b48e000-0x000000000b4b0000) (0MB)
2015-02-11T17:34:35.077259-06:00 c0-0c0s0n2 EFI: mem114: type=3, attr=0xf, range=[0x000000000b4b0000-0x000000000b4b5000) (0MB)
2015-02-11T17:34:35.077544-06:00 c0-0c0s0n2 EFI: mem115: type=4, attr=0xf, range=[0x000000000b4b5000-0x000000000b4ba000) (0MB)
2015-02-11T17:34:35.102446-06:00 c0-0c0s0n2 EFI: mem116: type=3, attr=0xf, range=[0x000000000b4ba000-0x000000000b4ce000) (0MB)
2015-02-11T17:34:35.102704-06:00 c0-0c0s0n2 EFI: mem117: type=4, attr=0xf, range=[0x000000000b4ce000-0x000000000b580000) (0MB)
2015-02-11T17:34:35.127807-06:00 c0-0c0s0n2 EFI: mem118: type=7, attr=0xf, range=[0x000000000b580000-0x000000000b581000) (0MB)
2015-02-11T17:34:35.128139-06:00 c0-0c0s0n2 EFI: mem119: type=4, attr=0xf, range=[0x000000000b581000-0x000000000b5ae000) (0MB)
2015-02-11T17:34:35.153126-06:00 c0-0c0s0n2 EFI: mem120: type=3, attr=0xf, range=[0x000000000b5ae000-0x000000000b5b7000) (0MB)
2015-02-11T17:34:35.178071-06:00 c0-0c0s0n2 EFI: mem121: type=4, attr=0xf, range=[0x000000000b5b7000-0x000000000b5b8000) (0MB)
2015-02-11T17:34:35.178421-06:00 c0-0c0s0n2 EFI: mem122: type=2, attr=0xf, range=[0x000000000b5b8000-0x000000000b5ba000) (0MB)
2015-02-11T17:34:35.203368-06:00 c0-0c0s0n2 EFI: mem123: type=7, attr=0xf, range=[0x000000000b5ba000-0x000000000b5bc000) (0MB)
2015-02-11T17:34:35.203705-06:00 c0-0c0s0n2 EFI: mem124: type=4, attr=0xf, range=[0x000000000b5bc000-0x000000000b5c6000) (0MB)
2015-02-11T17:34:35.228707-06:00 c0-0c0s0n2 EFI: mem125: type=7, attr=0xf, range=[0x000000000b5c6000-0x000000000b5cc000) (0MB)
2015-02-11T17:34:35.228937-06:00 c0-0c0s0n2 EFI: mem126: type=4, attr=0xf, range=[0x000000000b5cc000-0x000000000b7e0000) (2MB)
2015-02-11T17:34:35.253917-06:00 c0-0c0s0n2 EFI: mem127: type=7, attr=0xf, range=[0x000000000b7e0000-0x000000000b7ee000) (0MB)
2015-02-11T17:34:35.254224-06:00 c0-0c0s0n2 EFI: mem128: type=1, attr=0xf, range=[0x000000000b7ee000-0x000000000b7ff000) (0MB)
2015-02-11T17:34:35.292252-06:00 c0-0c0s0n2 EFI: mem129: type=7, attr=0xf, range=[0x000000000b7ff000-0x000000007e67c000) (1838MB)
2015-02-11T17:34:35.292437-06:00 c0-0c0s0n2 EFI: mem130: type=10, attr=0xf, range=[0x000000007e67c000-0x000000007e790000) (1MB)
2015-02-11T17:34:35.336330-06:00 c0-0c0s0n2 EFI: mem131: type=0, attr=0xf, range=[0x000000007e790000-0x000000007e792000) (0MB)
2015-02-11T17:34:35.336575-06:00 c0-0c0s0n2 EFI: mem132: type=6, attr=0x800000000000000f, range=[0x000000007e792000-0x000000007f395000) (12MB)
2015-02-11T17:34:35.336671-06:00 c0-0c0s0n2 EFI: mem133: type=9, attr=0xf, range=[0x000000007f395000-0x000000007f410000) (0MB)
2015-02-11T17:34:35.336880-06:00 c0-0c0s0n2 EFI: mem134: type=5, attr=0x800000000000000f, range=[0x000000007f410000-0x000000007f41a000) (0MB)
2015-02-11T17:34:35.372187-06:00 c0-0c0s0n2 EFI: mem135: type=0, attr=0xf, range=[0x000000007f41a000-0x000000007f41c000) (0MB)
2015-02-11T17:34:35.372415-06:00 c0-0c0s0n2 EFI: mem136: type=6, attr=0x800000000000000f, range=[0x000000007f41c000-0x000000007f42d000) (0MB)
2015-02-11T17:34:35.380182-06:00 c0-0c0s0n2 EFI: mem137: type=0, attr=0xf, range=[0x000000007f42d000-0x000000007f43d000) (0MB)
2015-02-11T17:34:35.405599-06:00 c0-0c0s0n2 EFI: mem138: type=6, attr=0x800000000000000f, range=[0x000000007f43d000-0x000000007f45e000) (0MB)
2015-02-11T17:34:35.405840-06:00 c0-0c0s0n2 EFI: mem139: type=5, attr=0x800000000000000f, range=[0x000000007f45e000-0x000000007f462000) (0MB)
2015-02-11T17:34:35.430745-06:00 c0-0c0s0n2 EFI: mem140: type=0, attr=0xf, range=[0x000000007f462000-0x000000007f46b000) (0MB)
2015-02-11T17:34:35.468160-06:00 c0-0c0s0n2 EFI: mem141: type=5, attr=0x800000000000000f, range=[0x000000007f46b000-0x000000007f46d000) (0MB)
2015-02-11T17:34:35.468398-06:00 c0-0c0s0n2 EFI: mem142: type=0, attr=0xf, range=[0x000000007f46d000-0x000000007f471000) (0MB)
2015-02-11T17:34:35.508163-06:00 c0-0c0s0n2 EFI: mem143: type=5, attr=0x800000000000000f, range=[0x000000007f471000-0x000000007f472000) (0MB)
2015-02-11T17:34:35.508400-06:00 c0-0c0s0n2 EFI: mem144: type=6, attr=0x800000000000000f, range=[0x000000007f472000-0x000000007f473000) (0MB)
2015-02-11T17:34:35.508602-06:00 c0-0c0s0n2 EFI: mem145: type=5, attr=0x800000000000000f, range=[0x000000007f473000-0x000000007f476000) (0MB)
2015-02-11T17:34:35.508780-06:00 c0-0c0s0n2 EFI: mem146: type=0, attr=0xf, range=[0x000000007f476000-0x000000007f486000) (0MB)
2015-02-11T17:34:35.548347-06:00 c0-0c0s0n2 EFI: mem147: type=5, attr=0x800000000000000f, range=[0x000000007f486000-0x000000007f491000) (0MB)
2015-02-11T17:34:35.556708-06:00 c0-0c0s0n2 EFI: mem148: type=7, attr=0xf, range=[0x000000007f491000-0x000000007f493000) (0MB)
2015-02-11T17:34:35.557010-06:00 c0-0c0s0n2 EFI: mem149: type=10, attr=0xf, range=[0x000000007f493000-0x000000007f494000) (0MB)
2015-02-11T17:34:35.582107-06:00 c0-0c0s0n2 EFI: mem150: type=6, attr=0x800000000000000f, range=[0x000000007f494000-0x000000007f49b000) (0MB)
2015-02-11T17:34:35.582378-06:00 c0-0c0s0n2 EFI: mem151: type=5, attr=0x800000000000000f, range=[0x000000007f49b000-0x000000007f49e000) (0MB)
2015-02-11T17:34:35.607439-06:00 c0-0c0s0n2 EFI: mem152: type=10, attr=0xf, range=[0x000000007f49e000-0x000000007f4a6000) (0MB)
2015-02-11T17:34:35.607705-06:00 c0-0c0s0n2 EFI: mem153: type=6, attr=0x800000000000000f, range=[0x000000007f4a6000-0x000000007f4a7000) (0MB)
2015-02-11T17:34:35.632751-06:00 c0-0c0s0n2 EFI: mem154: type=5, attr=0x800000000000000f, range=[0x000000007f4a7000-0x000000007f4ab000) (0MB)
2015-02-11T17:34:35.657996-06:00 c0-0c0s0n2 EFI: mem155: type=6, attr=0x800000000000000f, range=[0x000000007f4ab000-0x000000007f4bd000) (0MB)
2015-02-11T17:34:35.658248-06:00 c0-0c0s0n2 EFI: mem156: type=5, attr=0x800000000000000f, range=[0x000000007f4bd000-0x000000007f4cf000) (0MB)
2015-02-11T17:34:35.683372-06:00 c0-0c0s0n2 EFI: mem157: type=6, attr=0x800000000000000f, range=[0x000000007f4cf000-0x000000007f4d2000) (0MB)
2015-02-11T17:34:35.708359-06:00 c0-0c0s0n2 EFI: mem158: type=10, attr=0xf, range=[0x000000007f4d2000-0x000000007f558000) (0MB)
2015-02-11T17:34:35.708635-06:00 c0-0c0s0n2 EFI: mem159: type=3, attr=0xf, range=[0x000000007f558000-0x000000007f7e0000) (2MB)
2015-02-11T17:34:35.733578-06:00 c0-0c0s0n2 EFI: mem160: type=4, attr=0xf, range=[0x000000007f7e0000-0x000000007f7ef000) (0MB)
2015-02-11T17:34:35.733882-06:00 c0-0c0s0n2 EFI: mem161: type=3, attr=0xf, range=[0x000000007f7ef000-0x000000007f800000) (0MB)
2015-02-11T17:34:35.758812-06:00 c0-0c0s0n2 EFI: mem162: type=7, attr=0xf, range=[0x0000000100000000-0x0000001080000000) (63488MB)
2015-02-11T17:34:35.759249-06:00 c0-0c0s0n2 EFI: mem163: type=11, attr=0x8000000000000001, range=[0x0000000080000000-0x0000000090000000) (256MB)
2015-02-11T17:34:35.784277-06:00 c0-0c0s0n2 EFI: mem164: type=11, attr=0x8000000000000001, range=[0x00000000fed1c000-0x00000000fed20000) (0MB)
2015-02-11T17:34:35.809397-06:00 c0-0c0s0n2 EFI: mem165: type=11, attr=0x8000000000000001, range=[0x00000000ff000000-0x0000000100000000) (16MB)
2015-02-11T17:34:35.809505-06:00 c0-0c0s0n2 DMI 2.7 present.
2015-02-11T17:34:35.809729-06:00 c0-0c0s0n2 last_pfn = 0x1080000 max_arch_pfn = 0x400000000
2015-02-11T17:34:35.834811-06:00 c0-0c0s0n2 x86 PAT enabled: cpu 0, old 0x7040600070406, new 0x7010600070106
2015-02-11T17:34:35.834988-06:00 c0-0c0s0n2 last_pfn = 0x7f800 max_arch_pfn = 0x400000000
2015-02-11T17:34:35.835128-06:00 c0-0c0s0n2 found SMP MP-table at [ffff8800000fd830] fd830
2015-02-11T17:34:35.859767-06:00 c0-0c0s0n2 Using GB pages for direct mapping
2015-02-11T17:34:35.860168-06:00 c0-0c0s0n2 init_memory_mapping: 0000000000000000-000000007f800000
2015-02-11T17:34:35.860354-06:00 c0-0c0s0n2 init_memory_mapping: 0000000100000000-0000001080000000
2015-02-11T17:34:35.860445-06:00 c0-0c0s0n2 nmi ring buffer: 262144
2015-02-11T17:34:35.885095-06:00 c0-0c0s0n2 RAMDISK: 0fa00000 - 10610000
2015-02-11T17:34:35.885364-06:00 c0-0c0s0n2 ACPI: RSDP 000000007f395000 00024 (v02 ALASKA)
2015-02-11T17:34:35.885712-06:00 c0-0c0s0n2 ACPI: XSDT 000000007f395088 0008C (v01 ALASKA    A M I 01072009 AMI  00010013)
2015-02-11T17:34:35.910640-06:00 c0-0c0s0n2 ACPI: FACP 000000007f39ee50 000F4 (v04 ALASKA    A M I 01072009 AMI  00010013)
2015-02-11T17:34:35.910998-06:00 c0-0c0s0n2 ACPI: DSDT 000000007f3951a0 09CAD (v02 ALASKA    A M I 00000016 INTL 20051117)
2015-02-11T17:34:35.935707-06:00 c0-0c0s0n2 ACPI: FACS 000000007f4a3f80 00040
2015-02-11T17:34:35.936060-06:00 c0-0c0s0n2 ACPI: APIC 000000007f39ef48 00138 (v03 ALASKA    A M I 01072009 AMI  00010013)
2015-02-11T17:34:35.960893-06:00 c0-0c0s0n2 ACPI: FPDT 000000007f39f080 00044 (v01 ALASKA    A M I 01072009 AMI  00010013)
2015-02-11T17:34:35.961232-06:00 c0-0c0s0n2 ACPI: MCFG 000000007f39f0c8 0003C (v01 ALASKA OEMMCFG. 01072009 MSFT 00000097)
2015-02-11T17:34:35.986304-06:00 c0-0c0s0n2 ACPI: HPET 000000007f39f108 00038 (v01 ALASKA    A M I 01072009 AMI. 00000004)
2015-02-11T17:34:35.986662-06:00 c0-0c0s0n2 ACPI: PRAD 000000007f39f140 000BE (v02 PRADID  PRADTID 00000001 MSFT 03000001)
2015-02-11T17:34:36.011559-06:00 c0-0c0s0n2 ACPI: SSDT 000000007f39f200 70104 (v02  INTEL    CpuPm 00004000 INTL 20051117)
2015-02-11T17:34:36.011909-06:00 c0-0c0s0n2 ACPI: SPCR 000000007f40f308 00050 (v01  A M I   APTIO4 01072009 AMI. 00000004)
2015-02-11T17:34:36.036606-06:00 c0-0c0s0n2 ACPI: EINJ 000000007f40f358 00130 (v01    AMI AMI EINJ 00000000      00000000)
2015-02-11T17:34:36.036858-06:00 c0-0c0s0n2 ACPI: ERST 000000007f40f488 00230 (v01  AMIER AMI ERST 00000000      00000000)
2015-02-11T17:34:36.061940-06:00 c0-0c0s0n2 ACPI: HEST 000000007f40f6b8 000A8 (v01    AMI AMI HEST 00000000      00000000)
2015-02-11T17:34:36.062158-06:00 c0-0c0s0n2 ACPI: BERT 000000007f40f760 00030 (v01    AMI AMI BERT 00000000      00000000)
2015-02-11T17:34:36.087176-06:00 c0-0c0s0n2 ACPI: DMAR 000000007f40f790 000BC (v01 A M I   OEMDMAR 00000001 INTL 00000001)
2015-02-11T17:34:36.087313-06:00 c0-0c0s0n2 No NUMA configuration found
2015-02-11T17:34:36.087441-06:00 c0-0c0s0n2 Faking a node at 0000000000000000-0000001080000000
2015-02-11T17:34:36.112262-06:00 c0-0c0s0n2 Initmem setup node 0 0000000000000000-0000001080000000
2015-02-11T17:34:36.112367-06:00 c0-0c0s0n2  NODE_DATA [000000107ffbb000 - 000000107ffbffff]
2015-02-11T17:34:36.314386-06:00 c0-0c0s0n2 Zone PFN ranges:
2015-02-11T17:34:36.314507-06:00 c0-0c0s0n2  DMA      0x00000010 -> 0x00001000
2015-02-11T17:34:36.314651-06:00 c0-0c0s0n2  DMA32    0x00001000 -> 0x00100000
2015-02-11T17:34:36.339448-06:00 c0-0c0s0n2  Normal   0x00100000 -> 0x01080000
2015-02-11T17:34:36.339558-06:00 c0-0c0s0n2 Movable zone start PFN for each node
2015-02-11T17:34:36.339647-06:00 c0-0c0s0n2 early_node_map[5] active PFN ranges
2015-02-11T17:34:36.339715-06:00 c0-0c0s0n2    0: 0x00000010 -> 0x000000a0
2015-02-11T17:34:36.339813-06:00 c0-0c0s0n2    0: 0x00000100 -> 0x0007e67c
2015-02-11T17:34:36.364595-06:00 c0-0c0s0n2    0: 0x0007f491 -> 0x0007f493
2015-02-11T17:34:36.364722-06:00 c0-0c0s0n2    0: 0x0007f558 -> 0x0007f800
2015-02-11T17:34:36.364831-06:00 c0-0c0s0n2    0: 0x00100000 -> 0x01080000
2015-02-11T17:34:36.994421-06:00 c0-0c0s0n2 ACPI: LAPIC (acpi_id[0x00] lapic_id[0x00] enabled)
2015-02-11T17:34:36.994679-06:00 c0-0c0s0n2 ACPI: LAPIC (acpi_id[0x02] lapic_id[0x02] enabled)
2015-02-11T17:34:36.994860-06:00 c0-0c0s0n2 ACPI: LAPIC (acpi_id[0x04] lapic_id[0x04] enabled)
2015-02-11T17:34:37.019697-06:00 c0-0c0s0n2 ACPI: LAPIC (acpi_id[0x06] lapic_id[0x06] enabled)
2015-02-11T17:34:37.019942-06:00 c0-0c0s0n2 ACPI: LAPIC (acpi_id[0x08] lapic_id[0x08] enabled)
2015-02-11T17:34:37.044798-06:00 c0-0c0s0n2 ACPI: LAPIC (acpi_id[0x0a] lapic_id[0x0a] enabled)
2015-02-11T17:34:37.045071-06:00 c0-0c0s0n2 ACPI: LAPIC (acpi_id[0x0c] lapic_id[0x0c] enabled)
2015-02-11T17:34:37.045375-06:00 c0-0c0s0n2 ACPI: LAPIC (acpi_id[0x0e] lapic_id[0x0e] enabled)
2015-02-11T17:34:37.084343-06:00 c0-0c0s0n2 ACPI: LAPIC (acpi_id[0x01] lapic_id[0x01] enabled)
2015-02-11T17:34:37.084421-06:00 c0-0c0s0n2 ACPI: LAPIC (acpi_id[0x03] lapic_id[0x03] enabled)
2015-02-11T17:34:37.084672-06:00 c0-0c0s0n2 ACPI: LAPIC (acpi_id[0x05] lapic_id[0x05] enabled)
2015-02-11T17:34:37.084884-06:00 c0-0c0s0n2 ACPI: LAPIC (acpi_id[0x07] lapic_id[0x07] enabled)
2015-02-11T17:34:37.124331-06:00 c0-0c0s0n2 ACPI: LAPIC (acpi_id[0x09] lapic_id[0x09] enabled)
2015-02-11T17:34:37.124538-06:00 c0-0c0s0n2 ACPI: LAPIC (acpi_id[0x0b] lapic_id[0x0b] enabled)
2015-02-11T17:34:37.124767-06:00 c0-0c0s0n2 ACPI: LAPIC (acpi_id[0x0d] lapic_id[0x0d] enabled)
2015-02-11T17:34:37.124979-06:00 c0-0c0s0n2 ACPI: LAPIC (acpi_id[0x0f] lapic_id[0x0f] enabled)
2015-02-11T17:34:37.125174-06:00 c0-0c0s0n2 ACPI: LAPIC_NMI (acpi_id[0x00] high edge lint[0x1])
2015-02-11T17:34:37.125345-06:00 c0-0c0s0n2 ACPI: LAPIC_NMI (acpi_id[0x02] high edge lint[0x1])
2015-02-11T17:34:37.164209-06:00 c0-0c0s0n2 ACPI: LAPIC_NMI (acpi_id[0x04] high edge lint[0x1])
2015-02-11T17:34:37.164463-06:00 c0-0c0s0n2 ACPI: LAPIC_NMI (acpi_id[0x06] high edge lint[0x1])
2015-02-11T17:34:37.164676-06:00 c0-0c0s0n2 ACPI: LAPIC_NMI (acpi_id[0x08] high edge lint[0x1])
2015-02-11T17:34:37.171243-06:00 c0-0c0s0n2 ACPI: LAPIC_NMI (acpi_id[0x0a] high edge lint[0x1])
2015-02-11T17:34:37.171556-06:00 c0-0c0s0n2 ACPI: LAPIC_NMI (acpi_id[0x0c] high edge lint[0x1])
2015-02-11T17:34:37.171839-06:00 c0-0c0s0n2 ACPI: LAPIC_NMI (acpi_id[0x0e] high edge lint[0x1])
2015-02-11T17:34:37.196634-06:00 c0-0c0s0n2 ACPI: LAPIC_NMI (acpi_id[0x01] high edge lint[0x1])
2015-02-11T17:34:37.196908-06:00 c0-0c0s0n2 ACPI: LAPIC_NMI (acpi_id[0x03] high edge lint[0x1])
2015-02-11T17:34:37.197152-06:00 c0-0c0s0n2 ACPI: LAPIC_NMI (acpi_id[0x05] high edge lint[0x1])
2015-02-11T17:34:37.221988-06:00 c0-0c0s0n2 ACPI: LAPIC_NMI (acpi_id[0x07] high edge lint[0x1])
2015-02-11T17:34:37.222224-06:00 c0-0c0s0n2 ACPI: LAPIC_NMI (acpi_id[0x09] high edge lint[0x1])
2015-02-11T17:34:37.222439-06:00 c0-0c0s0n2 ACPI: LAPIC_NMI (acpi_id[0x0b] high edge lint[0x1])
2015-02-11T17:34:37.247078-06:00 c0-0c0s0n2 ACPI: LAPIC_NMI (acpi_id[0x0d] high edge lint[0x1])
2015-02-11T17:34:37.247331-06:00 c0-0c0s0n2 ACPI: LAPIC_NMI (acpi_id[0x0f] high edge lint[0x1])
2015-02-11T17:34:37.247583-06:00 c0-0c0s0n2 ACPI: IOAPIC (id[0x00] address[0xfec00000] gsi_base[0])
2015-02-11T17:34:37.272334-06:00 c0-0c0s0n2 IOAPIC[0]: apic_id 0, version 32, address 0xfec00000, GSI 0-23
2015-02-11T17:34:37.272581-06:00 c0-0c0s0n2 ACPI: IOAPIC (id[0x02] address[0xfec01000] gsi_base[24])
2015-02-11T17:34:37.297412-06:00 c0-0c0s0n2 IOAPIC[1]: apic_id 2, version 32, address 0xfec01000, GSI 24-47
2015-02-11T17:34:37.297674-06:00 c0-0c0s0n2 ACPI: INT_SRC_OVR (bus 0 bus_irq 0 global_irq 2 dfl dfl)
2015-02-11T17:34:37.297911-06:00 c0-0c0s0n2 ACPI: INT_SRC_OVR (bus 0 bus_irq 9 global_irq 9 high level)
2015-02-11T17:34:37.322754-06:00 c0-0c0s0n2 Using ACPI (MADT) for SMP configuration information
2015-02-11T17:34:37.322885-06:00 c0-0c0s0n2 ACPI: HPET id: 0x8086a701 base: 0xfed00000
2015-02-11T17:34:37.323028-06:00 c0-0c0s0n2 SMP: Allowing 16 CPUs, 0 hotplug CPUs
2015-02-11T17:34:37.347902-06:00 c0-0c0s0n2 Allocating PCI resources starting at 90000000 (gap: 90000000:6ed1c000)
2015-02-11T17:34:37.348233-06:00 c0-0c0s0n2 setup_percpu: NR_CPUS:128 nr_cpumask_bits:128 nr_cpu_ids:16 nr_node_ids:1
2015-02-11T17:34:37.373195-06:00 c0-0c0s0n2 PERCPU: Embedded 25 pages/cpu @ffff88107fa00000 s72704 r8192 d21504 u131072
2015-02-11T17:34:37.373361-06:00 c0-0c0s0n2 Built 1 zonelists in Zone order, mobility grouping on.  Total pages: 16534701
2015-02-11T17:34:37.373413-06:00 c0-0c0s0n2 Policy zone: Normal
2015-02-11T17:34:37.474224-06:00 c0-0c0s0n2 Kernel command line: earlyprintk=serial,115200 load_ramdisk=1 ramdisk_size=80000 console=ttyS0,115200n8 bootnodeip=10.131.255.254 bootproto=ipog bootpath=/rr/current rootfs=nfs-shared root=/dev/disk/by-id/scsi-3600a09800063789e0000008b54c3a04c-part1 oops=panic bootifnetmask=255.252.0.0 elevator=noop ippob1=10 ippob2=128 pcie_ports=native iommu=on intel_iommu=off bad_page=panic pln_enable=off apei_disable hest_disable erst_disable ghes_disable cgroup_disable=memory active_wlm=ALPS sdbnodeip=10.131.255.253 sessionid=p0-20150211t172524 _cray=marker_ 
2015-02-11T17:34:37.474304-06:00 c0-0c0s0n2 Intel-IOMMU: disabled
2015-02-11T17:34:37.499489-06:00 c0-0c0s0n2 Disabling memory control group subsystem
2015-02-11T17:34:37.499556-06:00 c0-0c0s0n2 PID hash table entries: 4096 (order: 3, 32768 bytes)
2015-02-11T17:34:37.499633-06:00 c0-0c0s0n2 xsave/xrstor: enabled xstate_bv 0x7, cntxt size 0x340
2015-02-11T17:34:37.883166-06:00 c0-0c0s0n2 Memory: 66065160k/69206016k available (5522k kernel code, 2121000k absent, 1019856k reserved, 5307k data, 692k init)
2015-02-11T17:34:37.883191-06:00 c0-0c0s0n2 Hierarchical RCU implementation.
2015-02-11T17:34:37.883227-06:00 c0-0c0s0n2 NR_IRQS:4352
2015-02-11T17:34:37.983992-06:00 c0-0c0s0n2 Extended CMOS year: 2000
2015-02-11T17:34:37.984048-06:00 c0-0c0s0n2 Console: colour dummy device 80x25
2015-02-11T17:34:37.984155-06:00 c0-0c0s0n2 console [ttyS0] enabled, bootconsole disabled
2015-02-11T17:34:37.984197-06:00 c0-0c0s0n2 console [ttyS0] enabled, bootconsole disabled
2015-02-11T17:34:38.009181-06:00 c0-0c0s0n2 Fast TSC calibration using PIT
2015-02-11T17:34:38.009236-06:00 c0-0c0s0n2 Detected 2599.852 MHz processor.
2015-02-11T17:34:38.034557-06:00 c0-0c0s0n2 Calibrating delay loop (skipped), value calculated using timer frequency.. 5199.70 BogoMIPS (lpj=10399408)
2015-02-11T17:34:38.059578-06:00 c0-0c0s0n2 pid_max: default: 32768 minimum: 301
2015-02-11T17:34:38.084910-06:00 c0-0c0s0n2 Dentry cache hash table entries: 8388608 (order: 14, 67108864 bytes)
2015-02-11T17:34:38.135426-06:00 c0-0c0s0n2 Inode-cache hash table entries: 4194304 (order: 13, 33554432 bytes)
2015-02-11T17:34:38.135537-06:00 c0-0c0s0n2 Mount-cache hash table entries: 256
2015-02-11T17:34:38.136027-06:00 c0-0c0s0n2 Initializing cgroup subsys cpuacct
2015-02-11T17:34:38.136049-06:00 c0-0c0s0n2 Initializing cgroup subsys memory
2015-02-11T17:34:38.136126-06:00 c0-0c0s0n2 Initializing cgroup subsys devices
2015-02-11T17:34:38.136159-06:00 c0-0c0s0n2 Initializing cgroup subsys perf_event
2015-02-11T17:34:38.161127-06:00 c0-0c0s0n2 CPU: Physical Processor ID: 0
2015-02-11T17:34:38.161138-06:00 c0-0c0s0n2 CPU: Processor Core ID: 0
2015-02-11T17:34:38.161243-06:00 c0-0c0s0n2 mce: CPU supports 20 MCE banks
2015-02-11T17:34:38.185770-06:00 c0-0c0s0n2 CPU0: Thermal monitoring enabled (TM1)
2015-02-11T17:34:38.185866-06:00 c0-0c0s0n2 using mwait in idle threads.
2015-02-11T17:34:38.185913-06:00 c0-0c0s0n2 ACPI: Core revision 20110413
2015-02-11T17:34:38.236384-06:00 c0-0c0s0n2 ftrace: allocating 20236 entries in 80 pages
2015-02-11T17:34:38.236625-06:00 c0-0c0s0n2 DMAR: Host address width 46
2015-02-11T17:34:38.261636-06:00 c0-0c0s0n2 DMAR: DRHD base: 0x000000fbffc000 flags: 0x1
2015-02-11T17:34:38.261761-06:00 c0-0c0s0n2 IOMMU 0: reg_base_addr fbffc000 ver 1:0 cap d2078c106f0462 ecap f020fe
2015-02-11T17:34:38.261850-06:00 c0-0c0s0n2 DMAR: RMRR base: 0x0000007f430000 end: 0x0000007f43cfff
2015-02-11T17:34:38.286748-06:00 c0-0c0s0n2 DMAR: ATSR flags: 0x0
2015-02-11T17:34:38.286830-06:00 c0-0c0s0n2 DMAR: RHSA base: 0x000000fbffc000 proximity domain: 0x0
2015-02-11T17:34:38.286902-06:00 c0-0c0s0n2 Switched APIC routing to physical flat.
2015-02-11T17:34:38.312012-06:00 c0-0c0s0n2 ..TIMER: vector=0x30 apic1=0 pin1=2 apic2=-1 pin2=-1
2015-02-11T17:34:38.337365-06:00 c0-0c0s0n2 CPU0: Intel(R) Xeon(R) CPU E5-2670 0 @ 2.60GHz stepping 07
2015-02-11T17:34:38.589904-06:00 c0-0c0s0n2 Performance Events: PEBS fmt1+, 16-deep LBR, SandyBridge events, full-width counters, Intel PMU driver.
2015-02-11T17:34:38.589985-06:00 c0-0c0s0n2 ... version:                3
2015-02-11T17:34:38.590096-06:00 c0-0c0s0n2 ... bit width:              48
2015-02-11T17:34:38.590179-06:00 c0-0c0s0n2 ... generic registers:      4
2015-02-11T17:34:38.614993-06:00 c0-0c0s0n2 ... value mask:             0000ffffffffffff
2015-02-11T17:34:38.615154-06:00 c0-0c0s0n2 ... max period:             0000ffffffffffff
2015-02-11T17:34:38.615203-06:00 c0-0c0s0n2 ... fixed-purpose events:   3
2015-02-11T17:34:38.640263-06:00 c0-0c0s0n2 ... event mask:             000000070000000f
2015-02-11T17:34:39.094018-06:00 c0-0c0s0n2 Booting Node   0, Processors  #1 #2 #3 #4 #5 #6 #7 #8 #9 #10 #11 #12 #13 #14 #15 Ok.
2015-02-11T17:34:39.119307-06:00 c0-0c0s0n2 Brought up 16 CPUs
2015-02-11T17:34:39.144496-06:00 c0-0c0s0n2 Total of 16 processors activated (83195.26 BogoMIPS).
2015-02-11T17:34:39.169982-06:00 c0-0c0s0n2 NET: Registered protocol family 16
2015-02-11T17:34:39.194933-06:00 c0-0c0s0n2 ACPI FADT declares the system doesn't support PCIe ASPM, so disable it
2015-02-11T17:34:39.195045-06:00 c0-0c0s0n2 ACPI: bus type pci registered
2015-02-11T17:34:39.220208-06:00 c0-0c0s0n2 PCI: MMCONFIG for domain 0000 [bus 00-ff] at [mem 0x80000000-0x8fffffff] (base 0x80000000)
2015-02-11T17:34:39.220297-06:00 c0-0c0s0n2 PCI: MMCONFIG at [mem 0x80000000-0x8fffffff] reserved in E820
2015-02-11T17:34:39.245482-06:00 c0-0c0s0n2 PCI: Using configuration type 1 for base access
2015-02-11T17:34:39.245603-06:00 c0-0c0s0n2 bio: create slab <bio-0> at 0
2015-02-11T17:34:39.270758-06:00 c0-0c0s0n2 ACPI: Executed 1 blocks of module-level executable AML code
2015-02-11T17:34:39.472832-06:00 c0-0c0s0n2 ACPI: Interpreter enabled
2015-02-11T17:34:39.497728-06:00 c0-0c0s0n2 ACPI: (supports S0 S1 S3 S5)
2015-02-11T17:34:39.497898-06:00 c0-0c0s0n2 ACPI: Using IOAPIC for interrupt routing
2015-02-11T17:34:39.523150-06:00 c0-0c0s0n2 ACPI: No dock devices found.
2015-02-11T17:34:39.523253-06:00 c0-0c0s0n2 HEST: Table parsing disabled.
2015-02-11T17:34:39.548136-06:00 c0-0c0s0n2 PCI: Using host bridge windows from ACPI; if necessary, use "pci=nocrs" and report a bug
2015-02-11T17:34:39.548414-06:00 c0-0c0s0n2 ACPI: PCI Root Bridge [PCI0] (domain 0000 [bus 00-fe])
2015-02-11T17:34:39.573489-06:00 c0-0c0s0n2 pci_root PNP0A08:00: host bridge window [io  0x0000-0x03af]
2015-02-11T17:34:39.573748-06:00 c0-0c0s0n2 pci_root PNP0A08:00: host bridge window [io  0x03e0-0x0cf7]
2015-02-11T17:34:39.573912-06:00 c0-0c0s0n2 pci_root PNP0A08:00: host bridge window [io  0x0d00-0xffff]
2015-02-11T17:34:39.598850-06:00 c0-0c0s0n2 pci_root PNP0A08:00: host bridge window [mem 0x000c0000-0x000dffff]
2015-02-11T17:34:39.623893-06:00 c0-0c0s0n2 pci_root PNP0A08:00: host bridge window [mem 0x80000000-0xfbffffff]
2015-02-11T17:34:39.624228-06:00 c0-0c0s0n2 pci_root PNP0A08:00: host bridge window [mem 0x1080000000-0x3c3fffffffff]
2015-02-11T17:34:39.624511-06:00 c0-0c0s0n2 pci 0000:00:02.0: PCI bridge to [bus 01-01]
2015-02-11T17:34:39.649089-06:00 c0-0c0s0n2 pci 0000:00:03.0: PCI bridge to [bus 02-02]
2015-02-11T17:34:39.649388-06:00 c0-0c0s0n2 pci 0000:00:03.2: PCI bridge to [bus 03-03]
2015-02-11T17:34:39.649665-06:00 c0-0c0s0n2 pci 0000:00:11.0: PCI bridge to [bus 04-04]
2015-02-11T17:34:39.674486-06:00 c0-0c0s0n2 pci 0000:00:1e.0: PCI bridge to [bus 05-05] (subtractive decode)
2015-02-11T17:34:39.674825-06:00 c0-0c0s0n2 pci0000:00: Unable to request _OSC control (_OSC support mask: 0x19)
2015-02-11T17:34:39.700096-06:00 c0-0c0s0n2 ACPI: PCI Root Bridge [UNC0] (domain 0000 [bus ff])
2015-02-11T17:34:39.725015-06:00 c0-0c0s0n2 pci0000:ff: Unable to request _OSC control (_OSC support mask: 0x19)
2015-02-11T17:34:39.725279-06:00 c0-0c0s0n2 ACPI: PCI Interrupt Link [LNKA] (IRQs 3 4 5 6 7 10 *11 12 14 15)
2015-02-11T17:34:39.750201-06:00 c0-0c0s0n2 ACPI: PCI Interrupt Link [LNKB] (IRQs 3 4 5 6 7 *10 11 12 14 15)
2015-02-11T17:34:39.750461-06:00 c0-0c0s0n2 ACPI: PCI Interrupt Link [LNKC] (IRQs 3 4 *5 6 10 11 12 14 15)
2015-02-11T17:34:39.775423-06:00 c0-0c0s0n2 ACPI: PCI Interrupt Link [LNKD] (IRQs *3 4 5 6 10 11 12 14 15)
2015-02-11T17:34:39.775761-06:00 c0-0c0s0n2 ACPI: PCI Interrupt Link [LNKE] (IRQs 3 4 5 6 7 10 11 12 14 15) *0
2015-02-11T17:34:39.776055-06:00 c0-0c0s0n2 ACPI: PCI Interrupt Link [LNKF] (IRQs 3 4 5 6 7 10 11 12 14 15) *0
2015-02-11T17:34:39.800741-06:00 c0-0c0s0n2 ACPI: PCI Interrupt Link [LNKG] (IRQs 3 4 5 6 7 10 11 12 14 15) *0
2015-02-11T17:34:39.801074-06:00 c0-0c0s0n2 ACPI: PCI Interrupt Link [LNKH] (IRQs 3 4 5 6 *7 10 11 12 14 15)
2015-02-11T17:34:39.801313-06:00 c0-0c0s0n2 vgaarb: loaded
2015-02-11T17:34:39.801332-06:00 c0-0c0s0n2 SCSI subsystem initialized
2015-02-11T17:34:39.826025-06:00 c0-0c0s0n2 PCI: Using ACPI for IRQ routing
2015-02-11T17:34:39.826402-06:00 c0-0c0s0n2 Switching to clocksource hpet
2015-02-11T17:34:39.851307-06:00 c0-0c0s0n2 pnp: PnP ACPI init
2015-02-11T17:34:39.851467-06:00 c0-0c0s0n2 ACPI: bus type pnp registered
2015-02-11T17:34:39.876464-06:00 c0-0c0s0n2 system 00:01: [mem 0xfc000000-0xfcffffff] has been reserved
2015-02-11T17:34:39.876768-06:00 c0-0c0s0n2 system 00:01: [mem 0xfd000000-0xfdffffff] has been reserved
2015-02-11T17:34:39.877025-06:00 c0-0c0s0n2 system 00:01: [mem 0xfe000000-0xfeafffff] has been reserved
2015-02-11T17:34:39.901813-06:00 c0-0c0s0n2 system 00:01: [mem 0xfeb00000-0xfebfffff] has been reserved
2015-02-11T17:34:39.902084-06:00 c0-0c0s0n2 system 00:01: [mem 0xfed00400-0xfed3ffff] could not be reserved
2015-02-11T17:34:39.927026-06:00 c0-0c0s0n2 system 00:01: [mem 0xfed45000-0xfedfffff] has been reserved
2015-02-11T17:34:39.927345-06:00 c0-0c0s0n2 system 00:02: [mem 0xfbffc000-0xfbffdfff] has been reserved
2015-02-11T17:34:39.927607-06:00 c0-0c0s0n2 system 00:06: [io  0x04d0-0x04d1] has been reserved
2015-02-11T17:34:39.952274-06:00 c0-0c0s0n2 system 00:08: [io  0x0400-0x0453] has been reserved
2015-02-11T17:34:39.952507-06:00 c0-0c0s0n2 system 00:08: [io  0x0458-0x047f] has been reserved
2015-02-11T17:34:39.952699-06:00 c0-0c0s0n2 system 00:08: [io  0x1180-0x119f] has been reserved
2015-02-11T17:34:39.977598-06:00 c0-0c0s0n2 system 00:08: [io  0x0500-0x057f] has been reserved
2015-02-11T17:34:39.977936-06:00 c0-0c0s0n2 system 00:08: [mem 0xfed1c000-0xfed1ffff] has been reserved
2015-02-11T17:34:39.978179-06:00 c0-0c0s0n2 system 00:08: [mem 0xfec00000-0xfecfffff] could not be reserved
2015-02-11T17:34:40.002810-06:00 c0-0c0s0n2 system 00:08: [mem 0xfed08000-0xfed08fff] has been reserved
2015-02-11T17:34:40.003138-06:00 c0-0c0s0n2 system 00:08: [mem 0xff000000-0xffffffff] has been reserved
2015-02-11T17:34:40.003350-06:00 c0-0c0s0n2 system 00:09: [io  0x0454-0x0457] has been reserved
2015-02-11T17:34:40.003484-06:00 c0-0c0s0n2 pnp: PnP ACPI: found 12 devices
2015-02-11T17:34:40.028282-06:00 c0-0c0s0n2 ACPI: ACPI bus type pnp unregistered
2015-02-11T17:34:40.028564-06:00 c0-0c0s0n2 pci 0000:00:02.0: PCI bridge to [bus 01-01]
2015-02-11T17:34:40.028771-06:00 c0-0c0s0n2 pci 0000:00:02.0:   bridge window [io  disabled]
2015-02-11T17:34:40.053426-06:00 c0-0c0s0n2 pci 0000:00:02.0:   bridge window [mem disabled]
2015-02-11T17:34:40.078497-06:00 c0-0c0s0n2 pci 0000:00:02.0:   bridge window [mem 0x3c0000000000-0x3c20000fffff 64bit pref]
2015-02-11T17:34:40.078738-06:00 c0-0c0s0n2 pci 0000:00:03.0: PCI bridge to [bus 02-02]
2015-02-11T17:34:40.078923-06:00 c0-0c0s0n2 pci 0000:00:03.0:   bridge window [io  disabled]
2015-02-11T17:34:40.079115-06:00 c0-0c0s0n2 pci 0000:00:03.0:   bridge window [mem 0xfbc00000-0xfbdfffff]
2015-02-11T17:34:40.103971-06:00 c0-0c0s0n2 pci 0000:00:03.0:   bridge window [mem 0x3c2001000000-0x3c20017fffff 64bit pref]
2015-02-11T17:34:40.104236-06:00 c0-0c0s0n2 pci 0000:00:03.2: PCI bridge to [bus 03-03]
2015-02-11T17:34:40.104452-06:00 c0-0c0s0n2 pci 0000:00:03.2:   bridge window [io  disabled]
2015-02-11T17:34:40.129169-06:00 c0-0c0s0n2 pci 0000:00:03.2:   bridge window [mem 0xfba00000-0xfbbfffff]
2015-02-11T17:34:40.129500-06:00 c0-0c0s0n2 pci 0000:00:03.2:   bridge window [mem 0x3c2000800000-0x3c2000ffffff 64bit pref]
2015-02-11T17:34:40.129648-06:00 c0-0c0s0n2 pci 0000:00:11.0: PCI bridge to [bus 04-04]
2015-02-11T17:34:40.154499-06:00 c0-0c0s0n2 pci 0000:00:11.0:   bridge window [io  0xe000-0xefff]
2015-02-11T17:34:40.154814-06:00 c0-0c0s0n2 pci 0000:00:11.0:   bridge window [mem 0xfbe00000-0xfbefffff]
2015-02-11T17:34:40.179773-06:00 c0-0c0s0n2 pci 0000:00:11.0:   bridge window [mem 0x3c2001800000-0x3c2001cfffff 64bit pref]
2015-02-11T17:34:40.179996-06:00 c0-0c0s0n2 pci 0000:00:1e.0: PCI bridge to [bus 05-05]
2015-02-11T17:34:40.180238-06:00 c0-0c0s0n2 pci 0000:00:1e.0:   bridge window [io  disabled]
2015-02-11T17:34:40.205041-06:00 c0-0c0s0n2 pci 0000:00:1e.0:   bridge window [mem disabled]
2015-02-11T17:34:40.205308-06:00 c0-0c0s0n2 pci 0000:00:1e.0:   bridge window [mem pref disabled]
2015-02-11T17:34:40.205514-06:00 c0-0c0s0n2 pci 0000:00:02.0: PCI INT A -> GSI 32 (level, low) -> IRQ 32
2015-02-11T17:34:40.230279-06:00 c0-0c0s0n2 pci 0000:00:03.0: PCI INT A -> GSI 40 (level, low) -> IRQ 40
2015-02-11T17:34:40.230509-06:00 c0-0c0s0n2 pci 0000:00:03.2: PCI INT A -> GSI 40 (level, low) -> IRQ 40
2015-02-11T17:34:40.255303-06:00 c0-0c0s0n2 pci 0000:00:11.0: PCI INT A -> GSI 16 (level, low) -> IRQ 16
2015-02-11T17:34:40.255483-06:00 c0-0c0s0n2 NET: Registered protocol family 2
2015-02-11T17:34:40.255774-06:00 c0-0c0s0n2 IP route cache hash table entries: 524288 (order: 10, 4194304 bytes)
2015-02-11T17:34:40.280803-06:00 c0-0c0s0n2 TCP established hash table entries: 524288 (order: 11, 8388608 bytes)
2015-02-11T17:34:40.281169-06:00 c0-0c0s0n2 TCP bind hash table entries: 65536 (order: 8, 1048576 bytes)
2015-02-11T17:34:40.305986-06:00 c0-0c0s0n2 TCP: Hash tables configured (established 524288 bind 65536)
2015-02-11T17:34:40.306062-06:00 c0-0c0s0n2 TCP reno registered
2015-02-11T17:34:40.306429-06:00 c0-0c0s0n2 UDP hash table entries: 32768 (order: 8, 1048576 bytes)
2015-02-11T17:34:40.331333-06:00 c0-0c0s0n2 UDP-Lite hash table entries: 32768 (order: 8, 1048576 bytes)
2015-02-11T17:34:40.331539-06:00 c0-0c0s0n2 NET: Registered protocol family 1
2015-02-11T17:34:40.331740-06:00 c0-0c0s0n2 RPC: Registered named UNIX socket transport module.
2015-02-11T17:34:40.356363-06:00 c0-0c0s0n2 RPC: Registered udp transport module.
2015-02-11T17:34:40.356597-06:00 c0-0c0s0n2 RPC: Registered tcp transport module.
2015-02-11T17:34:40.356818-06:00 c0-0c0s0n2 RPC: Registered tcp NFSv4.1 backchannel transport module.
2015-02-11T17:34:40.381739-06:00 c0-0c0s0n2 pci 0000:00:1a.0: PCI INT A -> GSI 16 (level, low) -> IRQ 16
2015-02-11T17:34:40.406863-06:00 c0-0c0s0n2 pci 0000:00:1a.0: PCI INT A disabled
2015-02-11T17:34:40.407136-06:00 c0-0c0s0n2 pci 0000:00:1d.0: PCI INT A -> GSI 23 (level, low) -> IRQ 23
2015-02-11T17:34:40.432440-06:00 c0-0c0s0n2 pci 0000:00:1d.0: PCI INT A disabled
2015-02-11T17:34:40.457564-06:00 c0-0c0s0n2 Trying to unpack rootfs image as initramfs...
2015-02-11T17:34:40.886331-06:00 c0-0c0s0n2 Freeing initrd memory: 12352k freed
2015-02-11T17:34:40.886421-06:00 c0-0c0s0n2 DMAR: Device scope device [0000:00:01.01] not found
2015-02-11T17:34:40.911404-06:00 c0-0c0s0n2 DMAR: Device scope device [0000:00:01.01] not found
2015-02-11T17:34:40.911613-06:00 c0-0c0s0n2 PCI-DMA: Using software bounce buffering for IO (SWIOTLB)
2015-02-11T17:34:40.911774-06:00 c0-0c0s0n2 Placing 64MB software IO TLB between ffff88007a67c000 - ffff88007e67c000
2015-02-11T17:34:40.911899-06:00 c0-0c0s0n2 software IO TLB at phys 0x7a67c000 - 0x7e67c000
2015-02-11T17:34:40.936861-06:00 c0-0c0s0n2 Machine check injector initialized
2015-02-11T17:34:40.937028-06:00 c0-0c0s0n2 futex hash table entries: 4096 (order: 6, 262144 bytes)
2015-02-11T17:34:40.962011-06:00 c0-0c0s0n2 Registering pnotify support for (name=job)
2015-02-11T17:34:40.962079-06:00 c0-0c0s0n2 CSA: initialized
2015-02-11T17:34:40.962232-06:00 c0-0c0s0n2 audit: initializing netlink socket (disabled)
2015-02-11T17:34:40.987104-06:00 c0-0c0s0n2 type=2000 audit(1423697674.452:1): initialized
2015-02-11T17:34:41.012919-06:00 c0-0c0s0n2 HugeTLB registered 2 MB page size, pre-allocated 0 pages
2015-02-11T17:34:41.037705-06:00 c0-0c0s0n2 VFS: Disk quotas dquot_6.5.2
2015-02-11T17:34:41.037836-06:00 c0-0c0s0n2 Dquot-cache hash table entries: 512 (order 0, 4096 bytes)
2015-02-11T17:34:41.038026-06:00 c0-0c0s0n2 Installing knfsd (copyright (C) 1996 okir@monad.swb.de).
2015-02-11T17:34:41.062859-06:00 c0-0c0s0n2 fuse init (API version 7.16)
2015-02-11T17:34:41.063094-06:00 c0-0c0s0n2 Installing v9fs 9p2000 file system support
2015-02-11T17:34:41.063257-06:00 c0-0c0s0n2 msgmni has been set to 32268
2015-02-11T17:34:41.088150-06:00 c0-0c0s0n2 Block layer SCSI generic (bsg) driver version 0.4 loaded (major 254)
2015-02-11T17:34:41.088275-06:00 c0-0c0s0n2 io scheduler noop registered (default)
2015-02-11T17:34:41.088402-06:00 c0-0c0s0n2 io scheduler deadline registered
2015-02-11T17:34:41.088574-06:00 c0-0c0s0n2 io scheduler cfq registered
2015-02-11T17:34:41.113350-06:00 c0-0c0s0n2 input: Power Button as /devices/LNXSYSTM:00/LNXSYBUS:00/PNP0C0C:00/input/input0
2015-02-11T17:34:41.113504-06:00 c0-0c0s0n2 ACPI: Power Button [PWRB]
2015-02-11T17:34:41.113775-06:00 c0-0c0s0n2 input: Power Button as /devices/LNXSYSTM:00/LNXPWRBN:00/input/input1
2015-02-11T17:34:41.138512-06:00 c0-0c0s0n2 ACPI: Power Button [PWRF]
2015-02-11T17:34:41.239476-06:00 c0-0c0s0n2 ERST: Error Record Serialization Table (ERST) support is disabled.
2015-02-11T17:34:41.239602-06:00 c0-0c0s0n2 GHES: HEST is not enabled!
2015-02-11T17:34:41.290250-06:00 c0-0c0s0n2 Serial: 8250/16550 driver, 2 ports, IRQ sharing disabled
2015-02-11T17:34:41.315221-06:00 c0-0c0s0n2 serial8250: ttyS0 at I/O 0x3f8 (irq = 4) is a 16550A
2015-02-11T17:34:41.391007-06:00 c0-0c0s0n2 serial8250: ttyS1 at I/O 0x2f8 (irq = 3) is a 16550A
2015-02-11T17:34:41.466782-06:00 c0-0c0s0n2 Real Time Clock Driver v1.12b
2015-02-11T17:34:41.466821-06:00 c0-0c0s0n2 Linux agpgart interface v0.103
2015-02-11T17:34:41.466852-06:00 c0-0c0s0n2 brd: module loaded
2015-02-11T17:34:41.491834-06:00 c0-0c0s0n2 loop: module loaded
2015-02-11T17:34:41.491960-06:00 c0-0c0s0n2 Loading iSCSI transport class v2.0-870.
2015-02-11T17:34:41.492033-06:00 c0-0c0s0n2 iscsi: registered transport (tcp)
2015-02-11T17:34:41.517064-06:00 c0-0c0s0n2 Rounding down aligned max_sectors from 4294967295 to 4294967288
2015-02-11T17:34:41.517191-06:00 c0-0c0s0n2 console [netcon0] enabled
2015-02-11T17:34:41.517263-06:00 c0-0c0s0n2 netconsole: network logging started
2015-02-11T17:34:41.517398-06:00 c0-0c0s0n2 i8042: PNP: No PS/2 controller found. Probing ports directly.
2015-02-11T17:34:41.941211-06:00 c0-0c0s0n2 Refined TSC clocksource calibration: 2599.999 MHz.
2015-02-11T17:34:41.966410-06:00 c0-0c0s0n2 Switching to clocksource tsc
2015-02-11T17:34:42.563377-06:00 c0-0c0s0n2 i8042: No controller found
2015-02-11T17:34:42.588552-06:00 c0-0c0s0n2 EDAC MC: Ver: 2.1.0
2015-02-11T17:34:42.588620-06:00 c0-0c0s0n2 cpuidle: using governor ladder
2015-02-11T17:34:42.588728-06:00 c0-0c0s0n2 cpuidle: using governor menu
2015-02-11T17:34:42.588792-06:00 c0-0c0s0n2 oprofile: using NMI interrupt.
2015-02-11T17:34:42.588812-06:00 c0-0c0s0n2 TCP cubic registered
2015-02-11T17:34:42.588859-06:00 c0-0c0s0n2 NET: Registered protocol family 10
2015-02-11T17:34:42.588922-06:00 c0-0c0s0n2 IPv6 over IPv4 tunneling driver
2015-02-11T17:34:42.613770-06:00 c0-0c0s0n2 NET: Registered protocol family 17
2015-02-11T17:34:42.613891-06:00 c0-0c0s0n2 Installing 9P2000 support
2015-02-11T17:34:42.614018-06:00 c0-0c0s0n2 Registering the dns_resolver key type
2015-02-11T17:34:42.614088-06:00 c0-0c0s0n2 registered taskstats version 1
2015-02-11T17:34:42.639089-06:00 c0-0c0s0n2 Freeing unused kernel memory: 692k freed
2015-02-11T17:34:42.689975-06:00 c0-0c0s0n2 ghal_init:Cray(R) Gemini Hardware Abstraction Layer - version 1.0107
2015-02-11T17:34:42.714886-06:00 c0-0c0s0n2 ghal_init:Copyright (C) 2007-1012 Cray Inc.
2015-02-11T17:34:42.740365-06:00 c0-0c0s0n2 ghal 0000:01:00.1: enabling device (0000 -> 0002)
2015-02-11T17:34:42.765488-06:00 c0-0c0s0n2 udev: starting version 147
2015-02-11T17:34:42.765502-06:00 c0-0c0s0n2 simplex: module license 'unspecified' taints kernel.
2015-02-11T17:34:42.765569-06:00 c0-0c0s0n2 hss-os: communication area 0xffff881009afca00 (phys 0x1009afca00)
2015-02-11T17:34:42.765626-06:00 c0-0c0s0n2 hss-os: new channel 1
2015-02-11T17:34:43.689398-06:00 c0-0c0s0n2 request_sys_info_from_L0: No tile dimension data
2015-02-11T17:34:43.941415-06:00 c0-0c0s0n2 hss-os: new channel 2
2015-02-11T17:34:43.941431-06:00 c0-0c0s0n2 kgni_init:Cray(R) Gemini Network Interface - Sep 17 2014 version 0x004500b7 rev 9750
2015-02-11T17:34:43.941437-06:00 c0-0c0s0n2 kgni_init:Copyright (C) 2007,2008 Cray Inc.
2015-02-11T17:34:43.941444-06:00 c0-0c0s0n2 ipogif_init:Cray(R) Gemini IP over Fabric device driver - version 0.17
2015-02-11T17:34:43.941450-06:00 c0-0c0s0n2 ipogif_init:Copyright (C) 2007 Cray Inc.
2015-02-11T17:34:43.941454-06:00 c0-0c0s0n2 ipogif_probe:Immediate checksum off
2015-02-11T17:34:43.941459-06:00 c0-0c0s0n2 Cray(R) Gemini Performance Counter Daemon - version 0.1
2015-02-11T17:34:43.941467-06:00 c0-0c0s0n2 GEMINI Performance Counter Daemon.
2015-02-11T17:34:43.941474-06:00 c0-0c0s0n2 Cray(R) Kernel Dynamic Registration (KDREG) Interface - version 0x2243e
2015-02-11T17:34:43.941483-06:00 c0-0c0s0n2 Copyright (C) 2004-5 Pete Wyckoff - modified by Cray(R)
2015-02-11T17:34:44.061958-06:00 c0-0c0s0n2 ipogif_up:Bringing interface up
2015-02-11T17:34:44.140001-06:00 c0-0c0s0n2 Sending ec_node_info with boot code 0 (NODE_INFO_OS_BOOT) for nid 2
2015-02-11T17:34:44.140014-06:00 c0-0c0s0n2 net.core.rmem_max = 16777216
2015-02-11T17:34:44.140019-06:00 c0-0c0s0n2 net.core.wmem_max = 16777216
2015-02-11T17:34:44.140044-06:00 c0-0c0s0n2 net.core.rmem_default = 16777216
2015-02-11T17:34:44.140049-06:00 c0-0c0s0n2 net.core.wmem_default = 16777216
2015-02-11T17:34:44.140101-06:00 c0-0c0s0n2 net.core.optmem_max = 16777216
2015-02-11T17:34:44.140130-06:00 c0-0c0s0n2 net.ipv4.tcp_mem = 16777216 16777216 16777216
2015-02-11T17:34:44.140142-06:00 c0-0c0s0n2 net.ipv4.tcp_rmem = 4096 87380 16777216
2015-02-11T17:34:44.140160-06:00 c0-0c0s0n2 net.ipv4.tcp_wmem = 4096 65536 16777216
2015-02-11T17:34:44.140179-06:00 c0-0c0s0n2 Using rootfs config: nfs-shared...
2015-02-11T17:34:44.140208-06:00 c0-0c0s0n2 rootfs mount succeeded.
2015-02-11T17:34:44.140226-06:00 c0-0c0s0n2 killall: can't kill pid 3267: No such process
2015-02-11T17:34:44.140242-06:00 c0-0c0s0n2 killall: can't kill pid 3274: No such process
2015-02-11T17:34:44.140267-06:00 c0-0c0s0n2 killall: can't kill pid 3277: No such process
2015-02-11T17:34:44.140278-06:00 c0-0c0s0n2 killall: can't kill pid 3303: No such process
2015-02-11T17:34:44.140291-06:00 c0-0c0s0n2 killall: can't kill pid 3304: No such process
2015-02-11T17:34:44.165093-06:00 c0-0c0s0n2 killall: can't kill pid 3305: No such process
2015-02-11T17:34:44.165120-06:00 c0-0c0s0n2 killall: can't kill pid 3307: No such process
2015-02-11T17:34:44.165148-06:00 c0-0c0s0n2 **********************************************************
2015-02-11T17:34:44.205377-06:00 c0-0c0s0n2    HOSTNAME: nid00002
2015-02-11T17:34:44.205403-06:00 c0-0c0s0n2 **********************************************************
2015-02-11T17:34:44.205426-06:00 c0-0c0s0n2 ipogif0   Link encap:Ethernet  HWaddr 00:01:01:00:00:02  
2015-02-11T17:34:44.205449-06:00 c0-0c0s0n2          inet addr:10.128.0.3  Mask:255.252.0.0
2015-02-11T17:34:44.205471-06:00 c0-0c0s0n2          inet6 addr: fe80::201:1ff:fe00:2/64 Scope:Link
2015-02-11T17:34:44.205502-06:00 c0-0c0s0n2          UP RUNNING NOARP  MTU:65520  Metric:1
2015-02-11T17:34:44.205536-06:00 c0-0c0s0n2          RX packets:21 errors:0 dropped:0 overruns:0 frame:0
2015-02-11T17:34:44.205562-06:00 c0-0c0s0n2          TX packets:28 errors:0 dropped:0 overruns:0 carrier:0
2015-02-11T17:34:44.205574-06:00 c0-0c0s0n2          collisions:0 txqueuelen:1000 
2015-02-11T17:34:44.205594-06:00 c0-0c0s0n2          RX bytes:2496 (2.4 KiB)  TX bytes:2540 (2.4 KiB)
2015-02-11T17:34:44.230623-06:00 c0-0c0s0n2 lo        Link encap:Local Loopback  
2015-02-11T17:34:44.230658-06:00 c0-0c0s0n2          inet addr:127.0.0.1  Mask:255.0.0.0
2015-02-11T17:34:44.230680-06:00 c0-0c0s0n2          inet6 addr: ::1/128 Scope:Host
2015-02-11T17:34:44.230704-06:00 c0-0c0s0n2          UP LOOPBACK RUNNING  MTU:16436  Metric:1
2015-02-11T17:34:44.230728-06:00 c0-0c0s0n2          RX packets:0 errors:0 dropped:0 overruns:0 frame:0
2015-02-11T17:34:44.230753-06:00 c0-0c0s0n2          TX packets:0 errors:0 dropped:0 overruns:0 carrier:0
2015-02-11T17:34:44.230783-06:00 c0-0c0s0n2          collisions:0 txqueuelen:0 
2015-02-11T17:34:44.230811-06:00 c0-0c0s0n2          RX bytes:0 (0.0 B)  TX bytes:0 (0.0 B)
2015-02-11T17:34:44.230832-06:00 c0-0c0s0n2 Mounting NID specific /etc (nid=2)...
2015-02-11T17:34:44.230845-06:00 c0-0c0s0n2 done.
2015-02-11T17:34:44.385992-06:00 c0-0c0s0n2 INIT: version 2.86 booting
2015-02-11T17:34:44.462154-06:00 c0-0c0s0n2 System Boot Control: Running /etc/init.d/boot
2015-02-11T17:34:44.487347-06:00 c0-0c0s0n2 Mounting sysfs at /sys7[?25l
2015-02-11T17:34:44.487360-06:00 c0-0c0s0n2 [80C[10D[1;32mdone[m8[?25h
2015-02-11T17:34:44.487385-06:00 c0-0c0s0n2 Copying static /dev content7[?25l
2015-02-11T17:34:44.487416-06:00 c0-0c0s0n2 [80C[10D[1;32mdone[m8[?25h
2015-02-11T17:34:44.487448-06:00 c0-0c0s0n2 Mounting tmpfs at /dev/shm7[?25l
2015-02-11T17:34:44.487457-06:00 c0-0c0s0n2 [80C[10D[1;32mdone[m8[?25h
2015-02-11T17:34:44.487493-06:00 c0-0c0s0n2 Mounting devpts at /dev/pts7[?25l
2015-02-11T17:34:44.487513-06:00 c0-0c0s0n2 [80C[10D[1;32mdone[m8[?25h
2015-02-11T17:34:44.487523-06:00 c0-0c0s0n2 Boot logging started on /dev/ttyS0(/dev/console) at Wed Feb 11 17:34:37 2015
2015-02-11T17:34:44.529979-06:00 c0-0c0s0n2 Mounting debugfs at /sys/kernel/debug7[?25l
2015-02-11T17:34:44.529986-06:00 c0-0c0s0n2 [80C[10D[1;32mdone[m8[?25h
2015-02-11T17:34:44.592924-06:00 c0-0c0s0n2 [m[?25hNo efivars filesystem driver available.[m[?25hStarting udevd: udev: starting version 147
2015-02-11T17:34:44.593554-06:00 c0-0c0s0n2 7[?25l
2015-02-11T17:34:44.593562-06:00 c0-0c0s0n2 [80C[10D[1;32mdone[m8[?25h
2015-02-11T17:34:44.669377-06:00 c0-0c0s0n2 Loading drivers, configuring devices: usbcore: registered new interface driver usbfs
2015-02-11T17:34:44.694060-06:00 c0-0c0s0n2 Compat-rdma backport release: ac916cb
2015-02-11T17:34:44.694276-06:00 c0-0c0s0n2 Backport based on git://git.openfabrics.org/compat-rdma/compat.git 5268562
2015-02-11T17:34:44.694525-06:00 c0-0c0s0n2 compat.git: git://git.openfabrics.org/compat-rdma/compat.git
2015-02-11T17:34:44.694566-06:00 c0-0c0s0n2 usbcore: registered new interface driver hub
2015-02-11T17:34:44.719270-06:00 c0-0c0s0n2 ahci 0000:00:1f.2: PCI INT B -> GSI 19 (level, low) -> IRQ 19
2015-02-11T17:34:44.719629-06:00 c0-0c0s0n2 mlx4_core: Mellanox ConnectX core driver v1.1 (Dec, 2011)
2015-02-11T17:34:44.744324-06:00 c0-0c0s0n2 mlx4_core: Initializing 0000:02:00.0
2015-02-11T17:34:44.744658-06:00 c0-0c0s0n2 mlx4_core 0000:02:00.0: PCI INT A -> GSI 40 (level, low) -> IRQ 40
2015-02-11T17:34:44.744767-06:00 c0-0c0s0n2 usbcore: registered new device driver usb
2015-02-11T17:34:44.744898-06:00 c0-0c0s0n2 ahci 0000:00:1f.2: forcing PORTS_IMPL to 0x3f
2015-02-11T17:34:44.769840-06:00 c0-0c0s0n2 ahci 0000:00:1f.2: AHCI 0001.0300 32 slots 6 ports 6 Gbps 0x3f impl SATA mode
2015-02-11T17:34:44.770198-06:00 c0-0c0s0n2 ahci 0000:00:1f.2: flags: 64bit ncq sntf pm led clo pio slum part ems apst 
2015-02-11T17:34:44.770254-06:00 c0-0c0s0n2 scsi0 : ahci
2015-02-11T17:34:44.770278-06:00 c0-0c0s0n2 scsi1 : ahci
2015-02-11T17:34:44.795062-06:00 c0-0c0s0n2 ehci_hcd: USB 2.0 'Enhanced' Host Controller (EHCI) Driver
2015-02-11T17:34:44.795074-06:00 c0-0c0s0n2 scsi2 : ahci
2015-02-11T17:34:44.795119-06:00 c0-0c0s0n2 scsi3 : ahci
2015-02-11T17:34:44.795169-06:00 c0-0c0s0n2 scsi4 : ahci
2015-02-11T17:34:44.795262-06:00 c0-0c0s0n2 scsi5 : ahci
2015-02-11T17:34:44.820329-06:00 c0-0c0s0n2 ata2: SATA max UDMA/133 abar m2048@0xfbf00000 port 0xfbf00100 irq 164
2015-02-11T17:34:44.820604-06:00 c0-0c0s0n2 ata3: SATA max UDMA/133 abar m2048@0xfbf00000 port 0xfbf00180 irq 164
2015-02-11T17:34:44.845662-06:00 c0-0c0s0n2 ata4: SATA max UDMA/133 abar m2048@0xfbf00000 port 0xfbf00200 irq 164
2015-02-11T17:34:44.885543-06:00 c0-0c0s0n2 ata5: SATA max UDMA/133 abar m2048@0xfbf00000 port 0xfbf00280 irq 164
2015-02-11T17:34:44.886888-06:00 c0-0c0s0n2 ata6: SATA max UDMA/133 abar m2048@0xfbf00000 port 0xfbf00300 irq 164
2015-02-11T17:34:44.886901-06:00 c0-0c0s0n2 ata7: SATA max UDMA/133 abar m2048@0xfbf00000 port 0xfbf00380 irq 164
2015-02-11T17:34:44.886914-06:00 c0-0c0s0n2 ehci_hcd 0000:00:1a.0: PCI INT A -> GSI 16 (level, low) -> IRQ 16
2015-02-11T17:34:44.886942-06:00 c0-0c0s0n2 ehci_hcd 0000:00:1a.0: EHCI Host Controller
2015-02-11T17:34:44.887184-06:00 c0-0c0s0n2 ehci_hcd 0000:00:1a.0: new USB bus registered, assigned bus number 1
2015-02-11T17:34:44.911529-06:00 c0-0c0s0n2 ehci_hcd 0000:00:1a.0: debug port 2
2015-02-11T17:34:44.911768-06:00 c0-0c0s0n2 ehci_hcd 0000:00:1a.0: irq 16, io mem 0xfbf02000
2015-02-11T17:34:44.939231-06:00 c0-0c0s0n2 ehci_hcd 0000:00:1a.0: USB 2.0 started, EHCI 1.00
2015-02-11T17:34:44.964601-06:00 c0-0c0s0n2 hub 1-0:1.0: USB hub found
2015-02-11T17:34:44.964626-06:00 c0-0c0s0n2 hub 1-0:1.0: 2 ports detected
2015-02-11T17:34:44.964655-06:00 c0-0c0s0n2 ehci_hcd 0000:00:1d.0: PCI INT A -> GSI 23 (level, low) -> IRQ 23
2015-02-11T17:34:44.964678-06:00 c0-0c0s0n2 ehci_hcd 0000:00:1d.0: EHCI Host Controller
2015-02-11T17:34:44.989885-06:00 c0-0c0s0n2 ehci_hcd 0000:00:1d.0: new USB bus registered, assigned bus number 2
2015-02-11T17:34:44.989916-06:00 c0-0c0s0n2 ehci_hcd 0000:00:1d.0: debug port 2
2015-02-11T17:34:45.015050-06:00 c0-0c0s0n2 ehci_hcd 0000:00:1d.0: irq 23, io mem 0xfbf01000
2015-02-11T17:34:45.015090-06:00 c0-0c0s0n2 ehci_hcd 0000:00:1d.0: USB 2.0 started, EHCI 1.00
2015-02-11T17:34:45.015102-06:00 c0-0c0s0n2 hub 2-0:1.0: USB hub found
2015-02-11T17:34:45.015124-06:00 c0-0c0s0n2 hub 2-0:1.0: 2 ports detected
2015-02-11T17:34:45.279401-06:00 c0-0c0s0n2 usb 1-1: new high-speed USB device number 2 using ehci_hcd
2015-02-11T17:34:45.405723-06:00 c0-0c0s0n2 hub 1-1:1.0: USB hub found
2015-02-11T17:34:45.405802-06:00 c0-0c0s0n2 hub 1-1:1.0: 6 ports detected
2015-02-11T17:34:45.531658-06:00 c0-0c0s0n2 usb 2-1: new high-speed USB device number 2 using ehci_hcd
2015-02-11T17:34:45.658176-06:00 c0-0c0s0n2 hub 2-1:1.0: USB hub found
2015-02-11T17:34:45.658212-06:00 c0-0c0s0n2 hub 2-1:1.0: 8 ports detected
2015-02-11T17:34:45.901090-06:00 c0-0c0s0n2 ata4: failed to resume link (SControl 0)
2015-02-11T17:34:45.901163-06:00 c0-0c0s0n2 ata4: SATA link down (SStatus 0 SControl 0)
2015-02-11T17:34:45.925979-06:00 c0-0c0s0n2 ata6: failed to resume link (SControl 0)
2015-02-11T17:34:45.926089-06:00 c0-0c0s0n2 ata6: SATA link down (SStatus 0 SControl 0)
2015-02-11T17:34:45.926211-06:00 c0-0c0s0n2 ata3: failed to resume link (SControl 0)
2015-02-11T17:34:45.926317-06:00 c0-0c0s0n2 ata3: SATA link down (SStatus 0 SControl 0)
2015-02-11T17:34:45.951231-06:00 c0-0c0s0n2 ata2: failed to resume link (SControl 0)
2015-02-11T17:34:45.951357-06:00 c0-0c0s0n2 ata2: SATA link down (SStatus 0 SControl 0)
2015-02-11T17:34:45.951461-06:00 c0-0c0s0n2 ata7: failed to resume link (SControl 0)
2015-02-11T17:34:45.951578-06:00 c0-0c0s0n2 ata7: SATA link down (SStatus 0 SControl 0)
2015-02-11T17:34:45.951691-06:00 c0-0c0s0n2 ata5: failed to resume link (SControl 0)
2015-02-11T17:34:45.976485-06:00 c0-0c0s0n2 ata5: SATA link down (SStatus 0 SControl 0)
2015-02-11T17:34:53.000499-06:00 c0-0c0s0n2 mlx4_core 0000:02:00.0: 64B EQEs/CQEs supported by the device but not enabled
2015-02-11T17:34:53.629121-06:00 c0-0c0s0n2 mlx4_core: Initializing 0000:03:00.0
2015-02-11T17:34:53.659675-06:00 c0-0c0s0n2 mlx4_core 0000:03:00.0: PCI INT A -> GSI 42 (level, low) -> IRQ 42
2015-02-11T17:35:01.952961-06:00 c0-0c0s0n2 mlx4_core 0000:03:00.0: 64B EQEs/CQEs supported by the device but not enabled
2015-02-11T17:35:02.737625-06:00 c0-0c0s0n2 7[?25l
2015-02-11T17:35:02.737635-06:00 c0-0c0s0n2 [80C[10D[1;32mdone[m8[?25h
2015-02-11T17:35:02.791292-06:00 c0-0c0s0n2 [m[?25hMounting /var from 10.131.255.254. Checking for nid=2 existance.
2015-02-11T17:35:02.960056-06:00 c0-0c0s0n2 7[?25l
2015-02-11T17:35:02.960065-06:00 c0-0c0s0n2 [80C[10D[1;32mdone[m8[?25h
2015-02-11T17:35:03.000438-06:00 c0-0c0s0n2 Mounting tmpfs on /tmp7[?25l
2015-02-11T17:35:03.000460-06:00 c0-0c0s0n2 [80C[10D[1;32mdone[m8[?25h
2015-02-11T17:35:03.025673-06:00 c0-0c0s0n2 Running sysctl using values from /etc/sysctl.conf
2015-02-11T17:35:03.025699-06:00 c0-0c0s0n2 net.ipv4.icmp_echo_ignore_broadcasts = 1
2015-02-11T17:35:03.025718-06:00 c0-0c0s0n2 net.ipv4.conf.all.rp_filter = 1
2015-02-11T17:35:03.025729-06:00 c0-0c0s0n2 fs.inotify.max_user_watches = 65536
2015-02-11T17:35:03.025763-06:00 c0-0c0s0n2 net.ipv4.conf.default.promote_secondaries = 1
2015-02-11T17:35:03.025787-06:00 c0-0c0s0n2 net.ipv4.conf.all.promote_secondaries = 1
2015-02-11T17:35:03.025815-06:00 c0-0c0s0n2 vm.min_free_kbytes = 102400
2015-02-11T17:35:03.025828-06:00 c0-0c0s0n2 7[?25l
2015-02-11T17:35:03.025834-06:00 c0-0c0s0n2 [80C[10D[1;32mdone[m8[?25h
2015-02-11T17:35:03.050916-06:00 c0-0c0s0n2 [m[?25hActivating swap-devices in /etc/fstab...
2015-02-11T17:35:03.050944-06:00 c0-0c0s0n2 7[?25l[1A
2015-02-11T17:35:03.050951-06:00 c0-0c0s0n2 [80C[10D[1;32mdone[m8[?25hroot file system (/) is NOT being checked.
2015-02-11T17:35:04.012374-06:00 c0-0c0s0n2 [m[?25hSet System Time to the current Hardware Clock7[?25l
2015-02-11T17:35:04.012396-06:00 c0-0c0s0n2 [80C[10D[1;32mdone[m8[?25h
2015-02-11T17:35:04.012482-06:00 c0-0c0s0n2 [m[?25hActivating device mapper...
2015-02-11T17:35:04.037627-06:00 c0-0c0s0n2 device-mapper: ioctl: 4.23.0-ioctl (2012-07-25) initialised: dm-devel@redhat.com
2015-02-11T17:35:04.037638-06:00 c0-0c0s0n2 7[?25l
2015-02-11T17:35:04.037648-06:00 c0-0c0s0n2 [80C[10D[1;32mdone[m8[?25h
2015-02-11T17:35:04.062847-06:00 c0-0c0s0n2 [m[?25hLoading required kernel modules
2015-02-11T17:35:04.113337-06:00 c0-0c0s0n2 7[?25l[1A
2015-02-11T17:35:04.113346-06:00 c0-0c0s0n2 [80C[10D[1;32mdone[m8[?25h[m[?25h[m[?25hWaiting for udev to settle...
2015-02-11T17:35:04.113445-06:00 c0-0c0s0n2 Scanning for LVM volume groups...
2015-02-11T17:35:04.113488-06:00 c0-0c0s0n2  Reading all physical volumes.  This may take a while...
2015-02-11T17:35:04.143837-06:00 c0-0c0s0n2  No volume groups found
2015-02-11T17:35:04.143865-06:00 c0-0c0s0n2  No volume groups found
2015-02-11T17:35:04.143874-06:00 c0-0c0s0n2 Activating LVM volume groups...
2015-02-11T17:35:04.143943-06:00 c0-0c0s0n2  PARTIAL MODE. Incomplete logical volumes will be processed.
2015-02-11T17:35:04.143985-06:00 c0-0c0s0n2  No volume groups found
2015-02-11T17:35:04.144019-06:00 c0-0c0s0n2 7[?25l
2015-02-11T17:35:04.144027-06:00 c0-0c0s0n2 [80C[10D[1;32mdone[m8[?25h
2015-02-11T17:35:04.144036-06:00 c0-0c0s0n2 [m[?25hNo fibre channel cards present.  Not waiting for disk devices. 
2015-02-11T17:35:04.178541-06:00 c0-0c0s0n2 [m[?25hChecking file systems...
2015-02-11T17:35:04.203769-06:00 c0-0c0s0n2 fsck from util-linux 2.19.1
2015-02-11T17:35:04.203802-06:00 c0-0c0s0n2 Checking all file systems.
2015-02-11T17:35:04.203849-06:00 c0-0c0s0n2 7[?25l[1A
2015-02-11T17:35:04.203858-06:00 c0-0c0s0n2 [80C[10D[1;32mdone[m8[?25hMounting local file systems...
2015-02-11T17:35:04.203869-06:00 c0-0c0s0n2 nothing was mounted
2015-02-11T17:35:04.471604-06:00 c0-0c0s0n2 7[?25l[1A
2015-02-11T17:35:04.471620-06:00 c0-0c0s0n2 [80C[10D[1;32mdone[m8[?25h[m[?25hCheck if the profiles matches the system7[?25l
2015-02-11T17:35:04.471631-06:00 c0-0c0s0n2 [80C[10D[1;32mdone[m8[?25h
2015-02-11T17:35:04.496817-06:00 c0-0c0s0n2 [m[?25hEnabling monitoring on LVM volume groups...
2015-02-11T17:35:04.522095-06:00 c0-0c0s0n2  No volume groups found
2015-02-11T17:35:04.522104-06:00 c0-0c0s0n2 7[?25l
2015-02-11T17:35:04.522109-06:00 c0-0c0s0n2 [80C[10D[1;32mdone[m8[?25h
2015-02-11T17:35:04.572506-06:00 c0-0c0s0n2 [m[?25h[m[?25h[m[?25h[m[?25h[m[?25hTurning quota on
2015-02-11T17:35:04.572544-06:00 c0-0c0s0n2 Checking quotas. This may take some time.
2015-02-11T17:35:04.597718-06:00 c0-0c0s0n2 7[?25l
2015-02-11T17:35:04.597732-06:00 c0-0c0s0n2 [80C[10D[1;32mdone[m8[?25h
2015-02-11T17:35:04.597787-06:00 c0-0c0s0n2 [m[?25hSetting current sysctl status from /etc/sysctl.conf7[?25l
2015-02-11T17:35:04.597799-06:00 c0-0c0s0n2 [80C[10D[1;32mdone[m8[?25h
2015-02-11T17:35:04.781445-06:00 c0-0c0s0n2 [m[?25hATTENTION: You have modified /etc/resolv.conf.  Leaving it untouched...
2015-02-11T17:35:04.781471-06:00 c0-0c0s0n2 You can find my version in /tmp/resolv.conf.jVXHrk ...
2015-02-11T17:35:04.781492-06:00 c0-0c0s0n2 touch: cannot touch `/etc/yp.conf': Read-only file system
2015-02-11T17:35:04.781516-06:00 c0-0c0s0n2 chmod: cannot access `/etc/yp.conf': No such file or directory
2015-02-11T17:35:04.781540-06:00 c0-0c0s0n2 touch: cannot touch `/etc/yp.conf': Read-only file system
2015-02-11T17:35:04.806655-06:00 c0-0c0s0n2 [m[?25hSystem Boot Control: The system has been 
2015-02-11T17:35:04.806669-06:00 c0-0c0s0n2 [80C[10D[1mset up[m
2015-02-11T17:35:04.806691-06:00 c0-0c0s0n2 Skipped features: [80C[19D[1;33mboot.efivars[m
2015-02-11T17:35:04.806703-06:00 c0-0c0s0n2 System Boot Control: Running /etc/init.d/boot.local
2015-02-11T17:35:04.831859-06:00 c0-0c0s0n2 7[?25l[1A
2015-02-11T17:35:04.831873-06:00 c0-0c0s0n2 [8
2015-02-11T17:35:04.831878-06:00 c0-0c0s0n2 INIT: Entering runlevel: 3
2015-02-11T17:35:04.857087-06:00 c0-0c0s0n2 Master Resource Control: previous runlevel: N, switching to runlevel: 
2015-02-11T17:35:04.857102-06:00 c0-0c0s0n2 [80C[10D[1m3[m
2015-02-11T17:35:04.882306-06:00 c0-0c0s0n2 Starting batchlimitd
2015-02-11T17:35:04.907564-06:00 c0-0c0s0n2 [m[?25hLoading nic compatibility device7[?25l
2015-02-11T17:35:04.907578-06:00 c0-0c0s0n2 [80C[10D[1;32mdone[m8[?25h
2015-02-11T17:35:05.025230-06:00 c0-0c0s0n2 [m[?25hbpmcd_init: Power statistics available in /sys/cray
2015-02-11T17:35:05.075658-06:00 c0-0c0s0n2 [m[?25hStarting D-Bus daemon7[?25l
2015-02-11T17:35:05.075668-06:00 c0-0c0s0n2 [80C[10D[1;32mdone[m8[?25h
2015-02-11T17:35:05.104877-06:00 c0-0c0s0n2 [m[?25hiSCSI Enterprise Target Software - version trunk
2015-02-11T17:35:05.130110-06:00 c0-0c0s0n2 iscsi_trgt: Registered io type fileio
2015-02-11T17:35:05.130134-06:00 c0-0c0s0n2 iscsi_trgt: Registered io type blockio
2015-02-11T17:35:05.130142-06:00 c0-0c0s0n2 iscsi_trgt: Registered io type nullio
2015-02-11T17:35:05.155335-06:00 c0-0c0s0n2 [m[?25hLNet: HW CPU cores: 16, npartitions: 4
2015-02-11T17:35:10.187306-06:00 c0-0c0s0n2 /etc/init.d/rc3.d/S01lnet: line 179: lctl: command not found
2015-02-11T17:35:10.212539-06:00 c0-0c0s0n2 [m[?25hRemoving old kernel packages...
2015-02-11T17:35:10.237755-06:00 c0-0c0s0n2 rm: cannot remove `/boot/do_purge_kernels': Read-only file system
2015-02-11T17:35:10.237787-06:00 c0-0c0s0n2 /sbin/purge-kernels: multiversion.kernels not configured in /etc/zypp/zypp.conf, exiting.
2015-02-11T17:35:10.237833-06:00 c0-0c0s0n2 7[?25l
2015-02-11T17:35:10.237842-06:00 c0-0c0s0n2 [80C[10D[1;32mdone[m8[?25h
2015-02-11T17:35:10.269480-06:00 c0-0c0s0n2 [m[?25hInitializing random number generator7[?25l
2015-02-11T17:35:10.269497-06:00 c0-0c0s0n2 [80C[10D[1;32mdone[m8[?25h
2015-02-11T17:35:11.394523-06:00 c0-0c0s0n2 [m[?25hmlx4_core 0000:03:00.0: PCI INT A disabled
2015-02-11T17:35:13.629327-06:00 c0-0c0s0n2 mlx4_core 0000:02:00.0: PCI INT A disabled
2015-02-11T17:35:13.901623-06:00 c0-0c0s0n2 Compat-rdma backport release: ac916cb
2015-02-11T17:35:13.901637-06:00 c0-0c0s0n2 Backport based on git://git.openfabrics.org/compat-rdma/compat.git 5268562
2015-02-11T17:35:13.901643-06:00 c0-0c0s0n2 compat.git: git://git.openfabrics.org/compat-rdma/compat.git
2015-02-11T17:35:13.901666-06:00 c0-0c0s0n2 mlx4_core: Mellanox ConnectX core driver v1.1 (Dec, 2011)
2015-02-11T17:35:13.901672-06:00 c0-0c0s0n2 mlx4_core: Initializing 0000:02:00.0
2015-02-11T17:35:13.901694-06:00 c0-0c0s0n2 mlx4_core 0000:02:00.0: PCI INT A -> GSI 40 (level, low) -> IRQ 40
2015-02-11T17:35:22.059934-06:00 c0-0c0s0n2 mlx4_core 0000:02:00.0: 64B EQEs/CQEs supported by the device but not enabled
2015-02-11T17:35:22.712844-06:00 c0-0c0s0n2 mlx4_core: Initializing 0000:03:00.0
2015-02-11T17:35:22.763052-06:00 c0-0c0s0n2 mlx4_core 0000:03:00.0: PCI INT A -> GSI 42 (level, low) -> IRQ 42
2015-02-11T17:35:30.974791-06:00 c0-0c0s0n2 mlx4_core 0000:03:00.0: 64B EQEs/CQEs supported by the device but not enabled
2015-02-11T17:35:31.893563-06:00 c0-0c0s0n2 <mlx4_ib> mlx4_ib_add: mlx4_ib: Mellanox ConnectX InfiniBand driver v1.0 (April 4, 2008)
2015-02-11T17:35:31.893583-06:00 c0-0c0s0n2 Loading HCA driver and Access Layer:[60G[  [1;32mOK[0;39m  ]
2015-02-11T17:35:31.893602-06:00 c0-0c0s0n2 Setting up InfiniBand network interfaces:
2015-02-11T17:35:31.944395-06:00 c0-0c0s0n2    ib0       device: Mellanox Technologies MT27500 Family [ConnectX-3]
2015-02-11T17:35:32.046472-06:00 c0-0c0s0n2 ib0: multicast join failed for ff12:401b:ffff:0000:0000:0000:ffff:ffff, status -22
2015-02-11T17:35:32.046509-06:00 c0-0c0s0n2 ADDRCONF(NETDEV_UP): ib0: link is not ready
2015-02-11T17:35:33.215093-06:00 c0-0c0s0n2 ib0: enabling connected mode will cause multicast packet drops
2015-02-11T17:35:33.215128-06:00 c0-0c0s0n2 ib0: mtu > 4092 will cause multicast packet drops.
2015-02-11T17:35:33.215146-06:00 c0-0c0s0n2 Bringing up interface ib0:[60G[  [1;32mOK[0;39m  ]
2015-02-11T17:35:33.215169-06:00 c0-0c0s0n2 No configuration found for ib1
2015-02-11T17:35:34.066388-06:00 c0-0c0s0n2 ib0: multicast join failed for ff12:401b:ffff:0000:0000:0000:ffff:ffff, status -22
2015-02-11T17:35:34.241316-06:00 c0-0c0s0n2 ib1: enabling connected mode will cause multicast packet drops
2015-02-11T17:35:34.241346-06:00 c0-0c0s0n2 ib1: mtu > 4092 will cause multicast packet drops.
2015-02-11T17:35:34.285636-06:00 c0-0c0s0n2    ib2       device: Mellanox Technologies MT27500 Family [ConnectX-3]
2015-02-11T17:35:34.356252-06:00 c0-0c0s0n2 ib2: multicast join failed for ff12:401b:ffff:0000:0000:0000:ffff:ffff, status -22
2015-02-11T17:35:34.356275-06:00 c0-0c0s0n2 ADDRCONF(NETDEV_UP): ib2: link is not ready
2015-02-11T17:35:35.476419-06:00 c0-0c0s0n2 ib2: enabling connected mode will cause multicast packet drops
2015-02-11T17:35:35.476463-06:00 c0-0c0s0n2 ib2: mtu > 4092 will cause multicast packet drops.
2015-02-11T17:35:35.476532-06:00 c0-0c0s0n2 Bringing up interface ib2:[60G[  [1;32mOK[0;39m  ]
2015-02-11T17:35:35.476593-06:00 c0-0c0s0n2 No configuration found for ib3
2015-02-11T17:35:36.390294-06:00 c0-0c0s0n2 ib2: multicast join failed for ff12:401b:ffff:0000:0000:0000:ffff:ffff, status -22
2015-02-11T17:35:36.520616-06:00 c0-0c0s0n2 ib3: enabling connected mode will cause multicast packet drops
2015-02-11T17:35:36.520638-06:00 c0-0c0s0n2 ib3: mtu > 4092 will cause multicast packet drops.
2015-02-11T17:35:36.520664-06:00 c0-0c0s0n2 Setting up service network . . .[60G[  [0;39mdone[0;39m  ]
2015-02-11T17:35:36.867453-06:00 c0-0c0s0n2 [m[?25hSetting up (localfs) network interfaces:
2015-02-11T17:35:36.993764-06:00 c0-0c0s0n2    lo        
2015-02-11T17:35:37.022914-06:00 c0-0c0s0n2    lo        IP address: 127.0.0.1/8   
2015-02-11T17:35:37.048172-06:00 c0-0c0s0n2              IP address: 127.0.0.2/8   
2015-02-11T17:35:37.176026-06:00 c0-0c0s0n2 7[?25l[1A
2015-02-11T17:35:37.176041-06:00 c0-0c0s0n2 [80C[10D[1;32mdone[m8[?25h    ib0       device: Mellanox Technologies MT27500 Family 
2015-02-11T17:35:37.261202-06:00 c0-0c0s0n2 ib0: multicast join failed for ff12:401b:ffff:0000:0000:0000:ffff:ffff, status -22
2015-02-11T17:35:37.261232-06:00 c0-0c0s0n2    ib0       IP address: 10.10.100.101/23   
2015-02-11T17:35:37.439186-06:00 c0-0c0s0n2 7[?25l[1A
2015-02-11T17:35:37.439203-06:00 c0-0c0s0n2 [80C[10D[1;32mdone[m8[?25h    ib1       device: Mellanox Technologies MT27500 Family 
2015-02-11T17:35:37.439222-06:00 c0-0c0s0n2              No configuration found for ib1
2015-02-11T17:35:37.480397-06:00 c0-0c0s0n2 7[?25l[1A
2015-02-11T17:35:37.480414-06:00 c0-0c0s0n2 [80C[10D[1munused[m8[?25h    ib2       device: Mellanox Technologies MT27500 Family 
2015-02-11T17:35:37.543740-06:00 c0-0c0s0n2 ib2: multicast join failed for ff12:401b:ffff:0000:0000:0000:ffff:ffff, status -22
2015-02-11T17:35:37.568983-06:00 c0-0c0s0n2    ib2       IP address: 10.10.100.102/23   
2015-02-11T17:35:37.929385-06:00 c0-0c0s0n2 7[?25l[1A
2015-02-11T17:35:37.929400-06:00 c0-0c0s0n2 [80C[10D[1;32mdone[m8[?25h    ib3       device: Mellanox Technologies MT27500 Family 
2015-02-11T17:35:37.929405-06:00 c0-0c0s0n2              No configuration found for ib3
2015-02-11T17:35:37.929410-06:00 c0-0c0s0n2 7[?25l[1A
2015-02-11T17:35:37.929416-06:00 c0-0c0s0n2 [80C[10D[1munused[m8[?25h    ipogif0   
2015-02-11T17:35:37.929420-06:00 c0-0c0s0n2              No configuration found for ipogif0
2015-02-11T17:35:37.929425-06:00 c0-0c0s0n2 7[?25l[1A
2015-02-11T17:35:37.929430-06:00 c0-0c0s0n2 [80C[10D[1munused[m8[?25hSetting up service (localfs) network  .  .  .  .  .  .  .  .  .  .7[?25l
2015-02-11T17:35:37.929437-06:00 c0-0c0s0n2 [80C[10D[1;32mdone[m8[?25h
2015-02-11T17:35:37.929442-06:00 c0-0c0s0n2 [m[?25hCould not start BND as this is not the boot node.
2015-02-11T17:35:37.929454-06:00 c0-0c0s0n2 bootnodes are: 1 1 
2015-02-11T17:35:37.929458-06:00 c0-0c0s0n2 mynid=2
2015-02-11T17:35:37.929465-06:00 c0-0c0s0n2 [m[?25hS04cray-config-service: Mounting 9p configuration directory. 
2015-02-11T17:35:38.886918-06:00 c0-0c0s0n2 S04cray-config-service:   Success.  
2015-02-11T17:35:38.959111-06:00 c0-0c0s0n2 [m[?25h[m[?25hStarting hw_info_init on 2
2015-02-11T17:35:38.984355-06:00 c0-0c0s0n2 bootnodes are: 1 1 
2015-02-11T17:35:38.984377-06:00 c0-0c0s0n2 mynid=2
2015-02-11T17:35:39.425375-06:00 c0-0c0s0n2 [m[?25h[m[?25h 
2015-02-11T17:35:39.425407-06:00 c0-0c0s0n2 cray-syslog: **WARNING**  /etc/security/limits.conf MAY require hard and soft file limits 
2015-02-11T17:35:39.425434-06:00 c0-0c0s0n2 cray-syslog:              greater or equal to 8192 for proper LLM operation 
2015-02-11T17:35:39.425449-06:00 c0-0c0s0n2 cray-syslog:              when large number of jobs are launched concurrently.
2015-02-11T17:35:39.425470-06:00 c0-0c0s0n2 cray-syslog:              If you have failures running large number of concurrent jobs,
2015-02-11T17:35:39.465490-06:00 c0-0c0s0n2 cray-syslog:              you may wish to update the hard and soft nofile entries in 
2015-02-11T17:35:39.465514-06:00 c0-0c0s0n2 cray-syslog:              limits.conf as follows.
2015-02-11T17:35:39.465521-06:00 c0-0c0s0n2 
2015-02-11T17:35:39.465657-06:00 c0-0c0s0n2 cray-syslog: /etc/security/limits.conf: 
2015-02-11T17:35:39.465729-06:00 c0-0c0s0n2 cray-syslog: *  soft  nofile  8192
2015-02-11T17:35:39.465749-06:00 c0-0c0s0n2 cray-syslog: *  hard  nofile  8192
2015-02-11T17:35:39.465792-06:00 c0-0c0s0n2 
2015-02-11T17:35:40.417381-06:00 c0-0c0s0n2 cray-syslog: rsyslogd started as process 7741.
2015-02-11T17:35:41.433567-06:00 c0-0c0s0n2 cray-syslog: llmrd started as process  7754.
2015-02-11T17:35:41.486498-06:00 c0-0c0s0n2 [m[?25h[m[?25hStarting auditd startproc:  exit status of parent of /sbin/auditd: 6
2015-02-11T17:35:41.511644-06:00 c0-0c0s0n2 7[?25l
2015-02-11T17:35:41.511658-06:00 c0-0c0s0n2 [80C[10D[1;32mdone[m8[?25h
2015-02-11T17:35:41.587665-06:00 c0-0c0s0n2 [m[?25hStarting haveged daemon 7[?25l
2015-02-11T17:35:41.587674-06:00 c0-0c0s0n2 [80C[10D[1;32mdone[m8[?25h
2015-02-11T17:35:41.638081-06:00 c0-0c0s0n2 [m[?25hStarting rpcbind 7[?25l
2015-02-11T17:35:41.638095-06:00 c0-0c0s0n2 [80C[10D[1;32mdone[m8[?25h
2015-02-11T17:35:41.638151-06:00 c0-0c0s0n2 [m[?25hbootnodes are: 1 1 
2015-02-11T17:35:41.663299-06:00 c0-0c0s0n2 mynid=2
2015-02-11T17:35:41.688573-06:00 c0-0c0s0n2 [m[?25hNot starting NFS client services - no NFS found in /etc/fstab:
2015-02-11T17:35:41.688587-06:00 c0-0c0s0n2 [80C[10D[1munused[m
2015-02-11T17:35:41.713942-06:00 c0-0c0s0n2 [m[?25hStarting DVS service: DVS: Revision 1873 - Built: Sep 17 2014 @ 06:40:29 for lnet version 2.5
2015-02-11T17:35:41.764707-06:00 c0-0c0s0n2 Lustre: kgnilnd build version: 2.5-trunk-1.0502.17198.8.51-abuild-RB-5.2UP02_2.5.1-2014-09-17-06:59
2015-02-11T17:35:41.854765-06:00 c0-0c0s0n2 LNet: Added LNI 2@gni [16/512/0/0]
2015-02-11T17:35:41.879995-06:00 c0-0c0s0n2 LNet: Added LNI 10.10.100.101@o2ib [63/2048/0/130]
2015-02-11T17:35:42.035192-06:00 c0-0c0s0n2 7[?25l
2015-02-11T17:35:42.035215-06:00 c0-0c0s0n2 [80C[10D[1;32mdone[m8[?25h
2015-02-11T17:35:42.066257-06:00 c0-0c0s0n2 [m[?25hStarting java.binfmt_misc 7[?25l
2015-02-11T17:35:42.066268-06:00 c0-0c0s0n2 [80C[10D[1;32mdone[m8[?25h
2015-02-11T17:35:42.117232-06:00 c0-0c0s0n2 [m[?25hStarting mcelog... 7[?25l
2015-02-11T17:35:42.117250-06:00 c0-0c0s0n2 [80C[10D[1;32mdone[m8[?25h
2015-02-11T17:35:42.296424-06:00 c0-0c0s0n2 [m[?25hSetting up (remotefs) network interfaces:
2015-02-11T17:35:42.407425-06:00 c0-0c0s0n2    sit0      
2015-02-11T17:35:42.432652-06:00 c0-0c0s0n2              No configuration found for sit0
2015-02-11T17:35:42.469436-06:00 c0-0c0s0n2 7[?25l[1A
2015-02-11T17:35:42.469450-06:00 c0-0c0s0n2 [80C[10D[1munused[m8[?25hSetting up service (remotefs) network  .  .  .  .  .  .  .  .  .  .7[?25l
2015-02-11T17:35:42.469456-06:00 c0-0c0s0n2 [80C[10D[1;32mdone[m8[?25h
2015-02-11T17:35:42.494736-06:00 c0-0c0s0n2 [80C[10D[1;32mdone[m8[?25h
2015-02-11T17:35:42.520219-06:00 c0-0c0s0n2 [m[?25hsdbnodes are: 137 137 
2015-02-11T17:35:42.545424-06:00 c0-0c0s0n2 mynid=2
2015-02-11T17:35:42.573276-06:00 c0-0c0s0n2 [m[?25hStarting network time protocol daemon (NTPD)7[?25l
2015-02-11T17:35:42.573286-06:00 c0-0c0s0n2 [80C[10D[1;32mdone[m8[?25h
2015-02-11T17:35:42.642081-06:00 c0-0c0s0n2 [m[?25hStarting MUNGE: munged7[?25l
2015-02-11T17:35:42.642091-06:00 c0-0c0s0n2 [80C[10D[1;32mdone[m8[?25h
2015-02-11T17:35:42.719468-06:00 c0-0c0s0n2 [m[?25h[m[?25h[m[?25hStarting Name Service Cache Daemon7[?25l
2015-02-11T17:35:42.719481-06:00 c0-0c0s0n2 [80C[10D[1;32mdone[m8[?25h
2015-02-11T17:35:42.744684-06:00 c0-0c0s0n2 [m[?25hEnabling Linux Jobs
2015-02-11T17:35:42.769921-06:00 c0-0c0s0n2 [m[?25hStarting alps services
2015-02-11T17:35:43.277408-06:00 c0-0c0s0n2 mkdir: cannot create directory `/ufs/alps_shared': Read-only file system
2015-02-11T17:35:43.277434-06:00 c0-0c0s0n2 no ALPS daemon will be started on node nid00002.
2015-02-11T17:35:43.905257-06:00 c0-0c0s0n2 [m[?25h<node_health> Starting node_health_recovery
2015-02-11T17:35:43.905271-06:00 c0-0c0s0n2 [m[?25hsdbnodes are: 137 137 
2015-02-11T17:35:43.905281-06:00 c0-0c0s0n2 mynid=2
2015-02-11T17:35:43.905288-06:00 c0-0c0s0n2 [m[?25hblogd: no message logging because /var file system is not accessible
2015-02-11T17:35:43.905299-06:00 c0-0c0s0n2 Boot event: Starting
2015-02-11T17:35:43.905304-06:00 c0-0c0s0n2 Sending ec_node_info with boot code 8 (NODE_INFO_OS_BOOT_SUCCEEDED) for nid 2
2015-02-11T17:35:43.905309-06:00 c0-0c0s0n2 [m[?25hMaster Resource Control: runlevel 3 has been 
2015-02-11T17:35:43.905313-06:00 c0-0c0s0n2 [80C[10D[1mreached[m
2015-02-11T17:35:43.905322-06:00 c0-0c0s0n2 Failed services in runlevel 3: [80C[11D[1;31mlnet[m
2015-02-11T17:35:43.905327-06:00 c0-0c0s0n2 Skipped services in runlevel 3: [80C[10D[1;33mnfs[m
2015-02-11T17:35:43.905332-06:00 c0-0c0s0n2 INIT: no more processes left in this runlevel
2015-02-11T17:35:45.263116-06:00 c0-0c0s0n2 ib0: multicast join failed for ff12:401b:ffff:0000:0000:0000:ffff:ffff, status -22
2015-02-11T17:35:45.566837-06:00 c0-0c0s0n2 ib2: multicast join failed for ff12:401b:ffff:0000:0000:0000:ffff:ffff, status -22
2015-02-11T17:36:01.310887-06:00 c0-0c0s0n2 ib0: multicast join failed for ff12:401b:ffff:0000:0000:0000:ffff:ffff, status -22
2015-02-11T17:36:01.629823-06:00 c0-0c0s0n2 ib2: multicast join failed for ff12:401b:ffff:0000:0000:0000:ffff:ffff, status -22
2015-02-11T17:36:17.376813-06:00 c0-0c0s0n2 ib0: multicast join failed for ff12:401b:ffff:0000:0000:0000:ffff:ffff, status -22
2015-02-11T17:36:17.694758-06:00 c0-0c0s0n2 ib2: multicast join failed for ff12:401b:ffff:0000:0000:0000:ffff:ffff, status -22
2015-02-11T17:36:22.707522-06:00 c0-0c0s0n2 ADDRCONF(NETDEV_CHANGE): ib2: link becomes ready
2015-02-11T17:36:26.813334-06:00 c0-0c0s0n2 ADDRCONF(NETDEV_CHANGE): ib0: link becomes ready
2015-02-12T14:34:25.841467-06:00 c0-0c0s0n2 INIT: Switching to runlevel: 0
2015-02-12T14:34:25.882418-06:00 c0-0c0s0n2 Boot logging started on /dev/ttyS0((no tty)) at Thu Feb 12 14:34:25 2015
2015-02-12T14:34:25.882549-06:00 c0-0c0s0n2 Master Resource Control: previous runlevel: 3, switching to runlevel: 
2015-02-12T14:34:25.882554-06:00 c0-0c0s0n2 [80C[10D[1m0[m
2015-02-12T14:34:25.907483-06:00 c0-0c0s0n2 sdbnodes are: 137 137 
2015-02-12T14:34:25.907574-06:00 c0-0c0s0n2 mynid=2
2015-02-12T14:34:25.944239-06:00 c0-0c0s0n2 [m[?25hBoot event: Nothing to stop.
2015-02-12T14:34:25.944609-06:00 c0-0c0s0n2 [m[?25hShutting down auditd 7[?25l
2015-02-12T14:34:25.944615-06:00 c0-0c0s0n2 [80C[10D[1;32mdone[m8[?25h
2015-02-12T14:34:25.984225-06:00 c0-0c0s0n2 [m[?25hStopping batchlimitd
2015-02-12T14:34:25.984565-06:00 c0-0c0s0n2 [m[?25hCould not start BND as this is not the boot node.
2015-02-12T14:34:25.984692-06:00 c0-0c0s0n2 bootnodes are: 1 1 
2015-02-12T14:34:25.984700-06:00 c0-0c0s0n2 mynid=2
2015-02-12T14:34:26.024193-06:00 c0-0c0s0n2 [m[?25hK02cray-config-service: Unmounting the configuration directory. 
2015-02-12T14:34:27.010953-06:00 c0-0c0s0n2 K02cray-config-service:   Success.  
2015-02-12T14:34:27.036399-06:00 c0-0c0s0n2 [m[?25hUnloading nic compatibility device7[?25l
2015-02-12T14:34:27.036408-06:00 c0-0c0s0n2 [80C[10D[1;32mdone[m8[?25h
2015-02-12T14:34:27.061576-06:00 c0-0c0s0n2 [m[?25hbpmcd_exit: No local access to power statistics
2015-02-12T14:34:28.784493-06:00 c0-0c0s0n2 [m[?25hStopping DVS service: LNet: 7871:0:(gnilnd_cb.c:1211:kgnilnd_tx_done()) $$ error -62 on tx 0xffff88100eef4cc8->5@gni id 3589279756/3423 state GNILND_TX_ALLOCD age 17255159s  msg@0xffff88100eef4d58 m/v/ty/ck/pck/pl b00fbabe/8/1/0/0/0 x0:GNILND_MSG_NOOP
2015-02-12T14:34:29.595466-06:00 c0-0c0s0n2 LNet: 7871:0:(gnilnd_cb.c:1211:kgnilnd_tx_done()) $$ error -62 on tx 0xffff88100eef4cc8->65@gni id 3596619784/3430 state GNILND_TX_ALLOCD age 17255160s  msg@0xffff88100eef4d58 m/v/ty/ck/pck/pl b00fbabe/8/1/0/0/0 x0:GNILND_MSG_NOOP
2015-02-12T14:34:29.620685-06:00 c0-0c0s0n2 LNet: 7871:0:(gnilnd_cb.c:1211:kgnilnd_tx_done()) Skipped 1 previous similar message
2015-02-12T14:34:30.006878-06:00 c0-0c0s0n2 LNet: Removed LNI 10.10.100.101@o2ib
2015-02-12T14:34:32.713799-06:00 c0-0c0s0n2 LNet: Removed LNI 2@gni
2015-02-12T14:34:34.587250-06:00 c0-0c0s0n2 7[?25l
2015-02-12T14:34:34.587259-06:00 c0-0c0s0n2 [80C[10D[1;32mdone[m8[?25h
2015-02-12T14:34:34.689382-06:00 c0-0c0s0n2 [m[?25hShutting down haveged daemon 7[?25l
2015-02-12T14:34:34.689390-06:00 c0-0c0s0n2 [80C[10D[1;32mdone[m8[?25h
2015-02-12T14:34:34.714555-06:00 c0-0c0s0n2 [m[?25hStarting hw_info_init on 2
2015-02-12T14:34:34.714579-06:00 c0-0c0s0n2 bootnodes are: 1 1 
2015-02-12T14:34:34.739765-06:00 c0-0c0s0n2 mynid=2
2015-02-12T14:34:34.765011-06:00 c0-0c0s0n2 [m[?25h[m[?25hShutting down java.binfmt_misc 7[?25l
2015-02-12T14:34:34.765020-06:00 c0-0c0s0n2 [80C[10D[1;32mdone[m8[?25h
2015-02-12T14:34:34.790306-06:00 c0-0c0s0n2 [m[?25hRemoving module ko2iblnd
2015-02-12T14:34:39.799529-06:00 c0-0c0s0n2 ERROR: Module lnet has non-zero reference count.
2015-02-12T14:34:39.900431-06:00 c0-0c0s0n2 [m[?25hShutting down mcelog... 7[?25l
2015-02-12T14:34:39.900438-06:00 c0-0c0s0n2 [80C[10D[1;32mdone[m8[?25h
2015-02-12T14:34:39.978878-06:00 c0-0c0s0n2 [m[?25hStopping MUNGE: munged7[?25l
2015-02-12T14:34:39.978887-06:00 c0-0c0s0n2 [80C[10D[1;32mdone[m8[?25h
2015-02-12T14:34:40.004083-06:00 c0-0c0s0n2 [m[?25h<node_health> Stopping node_health_recovery
2015-02-12T14:34:40.029304-06:00 c0-0c0s0n2 node_health_recovery: no process found
2015-02-12T14:34:40.510121-06:00 c0-0c0s0n2 [m[?25hShutting down Name Service Cache Daemon7[?25l
2015-02-12T14:34:40.510130-06:00 c0-0c0s0n2 [80C[10D[1;32mdone[m8[?25h
2015-02-12T14:34:40.585804-06:00 c0-0c0s0n2 [m[?25h[m[?25h[m[?25h[m[?25hbootnodes are: 1 1 
2015-02-12T14:34:40.585844-06:00 c0-0c0s0n2 mynid=2
2015-02-12T14:34:40.610979-06:00 c0-0c0s0n2 [m[?25hShutting down alps services
2015-02-12T14:34:41.115602-06:00 c0-0c0s0n2 Terminating apsys
2015-02-12T14:34:41.612291-06:00 c0-0c0s0n2 7[?25l
2015-02-12T14:34:41.612306-06:00 c0-0c0s0n2 [80C[10D[1;32mdone[m8[?25h
2015-02-12T14:34:41.637492-06:00 c0-0c0s0n2 [m[?25hNOT Disabling ipogif0
2015-02-12T14:34:41.662756-06:00 c0-0c0s0n2 [m[?25hSaving random seed7[?25l
2015-02-12T14:34:41.662769-06:00 c0-0c0s0n2 [80C[10D[1;32mdone[m8[?25h
2015-02-12T14:34:41.662866-06:00 c0-0c0s0n2 [m[?25h[m[?25hDisabling Linux Jobs
2015-02-12T14:34:41.662947-06:00 c0-0c0s0n2 No new jobs will be created. If Linux Jobs support was loaded
2015-02-12T14:34:41.687959-06:00 c0-0c0s0n2 as a kernel module, you can unload the module once the number of
2015-02-12T14:34:41.687972-06:00 c0-0c0s0n2 running jobs is 0 (zero).  Use the lsmod command to find if job
2015-02-12T14:34:41.687981-06:00 c0-0c0s0n2 module is loaded and the rmmod command to unload it once the
2015-02-12T14:34:41.688012-06:00 c0-0c0s0n2 used-count is 0. The jstat command can be used
2015-02-12T14:34:41.713221-06:00 c0-0c0s0n2 to determine what jobs are currently running.
2015-02-12T14:34:41.713233-06:00 c0-0c0s0n2 jsethid illegal parameter: 0xffffffff
2015-02-12T14:34:41.713241-06:00 c0-0c0s0n2 [m[?25hsdbnodes are: 137 137 
2015-02-12T14:34:41.713277-06:00 c0-0c0s0n2 mynid=2
2015-02-12T14:34:41.713435-06:00 c0-0c0s0n2 [80C[10D[1;32mdone[m8[?25h
2015-02-12T14:34:41.814133-06:00 c0-0c0s0n2 [m[?25hShutting down network time protocol daemon (NTPD)7[?25l
2015-02-12T14:34:41.814145-06:00 c0-0c0s0n2 [80C[10D[1;32mdone[m8[?25h
2015-02-12T14:34:41.990770-06:00 c0-0c0s0n2 [m[?25hShutting down (remotefs) network interfaces:
2015-02-12T14:34:42.015993-06:00 c0-0c0s0n2    sit0      
2015-02-12T14:34:42.041204-06:00 c0-0c0s0n2              No configuration found for sit0 
2015-02-12T14:34:42.041232-06:00 c0-0c0s0n2              Nevertheless the interface will be shut down.
2015-02-12T14:35:12.266879-06:00 c0-0c0s0n2 nfs: server 10.131.255.254 not responding, still trying
2015-02-12T15:28:37.759623-06:00 c0-0c0s0n2 ERROR: Type:2; Severity:80; Class:3; Subclass:D; Operation: 2
2015-02-12T15:37:08.052863-06:00 c0-0c0s0n2 Wait4Boot: WRITE: 533 bytes to memory @ 0x90CD0 ... complete
2015-02-12T15:37:08.052879-06:00 c0-0c0s0n2 Wait4Boot: Blade Controller Boot Protocol version - 1
2015-02-12T15:37:08.077567-06:00 c0-0c0s0n2 Wait4Boot: JUMP: KernelStart 0x100000, boot_params 0x90000, CmdLineAddr 0x90CD0
2015-02-12T15:37:08.205115-06:00 c0-0c0s0n2 Decompressing Linux... Parsing ELF... done.
2015-02-12T15:37:08.230308-06:00 c0-0c0s0n2 Booting the kernel.
2015-02-12T15:37:08.230461-06:00 c0-0c0s0n2 Initializing cgroup subsys cpuset
2015-02-12T15:37:08.230660-06:00 c0-0c0s0n2 Initializing cgroup subsys cpu
2015-02-12T15:37:08.255840-06:00 c0-0c0s0n2 Linux version 3.0.101-0.31.1_1.0502.8394-cray_ari_s (abuild@cfosbld05) (gcc version 4.3.4 [gcc-4_3-branch revision 152973] (SUSE Linux) ) #1 SMP Wed Sep 10 04:03:41 UTC 2014
2015-02-12T15:37:08.333235-06:00 c0-0c0s0n2 Command line: earlyprintk=serial,115200 load_ramdisk=1 ramdisk_size=80000 console=ttyS0,115200n8 bootnodeip=10.131.255.254 bootproto=ipog bootpath=/rr/current rootfs=nfs-shared root=/dev/disk/by-id/scsi-3600a09800063789e0000008b54c3a04c-part1 oops=panic bootifnetmask=255.252.0.0 elevator=noop ippob1=10 ippob2=128 pcie_ports=native iommu=on intel_iommu=off bad_page=panic pln_enable=off apei_disable hest_disable erst_disable ghes_disable cgroup_disable=memory active_wlm=ALPS sdbnodeip=10.131.255.253 sessionid=p0-20150212t152812 _cray=marker_ 
2015-02-12T15:37:08.333345-06:00 c0-0c0s0n2 KERNEL supported cpus:
2015-02-12T15:37:08.372871-06:00 c0-0c0s0n2  Intel GenuineIntel
2015-02-12T15:37:08.373069-06:00 c0-0c0s0n2 BIOS-provided physical RAM map:
2015-02-12T15:37:08.373320-06:00 c0-0c0s0n2 BIOS-e820: 0000000000000000 - 00000000000a0000 (usable)
2015-02-12T15:37:08.381827-06:00 c0-0c0s0n2 BIOS-e820: 0000000000100000 - 000000007e67c000 (usable)
2015-02-12T15:37:08.382030-06:00 c0-0c0s0n2 BIOS-e820: 000000007e67c000 - 000000007e790000 (ACPI NVS)
2015-02-12T15:37:08.420140-06:00 c0-0c0s0n2 BIOS-e820: 000000007e790000 - 000000007f395000 (reserved)
2015-02-12T15:37:08.420330-06:00 c0-0c0s0n2 BIOS-e820: 000000007f395000 - 000000007f410000 (ACPI data)
2015-02-12T15:37:08.420508-06:00 c0-0c0s0n2 BIOS-e820: 000000007f410000 - 000000007f491000 (reserved)
2015-02-12T15:37:08.420708-06:00 c0-0c0s0n2 BIOS-e820: 000000007f491000 - 000000007f493000 (usable)
2015-02-12T15:37:08.460561-06:00 c0-0c0s0n2 BIOS-e820: 000000007f493000 - 000000007f494000 (ACPI NVS)
2015-02-12T15:37:08.460799-06:00 c0-0c0s0n2 BIOS-e820: 000000007f494000 - 000000007f49e000 (reserved)
2015-02-12T15:37:08.461020-06:00 c0-0c0s0n2 BIOS-e820: 000000007f49e000 - 000000007f4a6000 (ACPI NVS)
2015-02-12T15:37:08.461302-06:00 c0-0c0s0n2 BIOS-e820: 000000007f4a6000 - 000000007f4d2000 (reserved)
2015-02-12T15:37:08.461545-06:00 c0-0c0s0n2 BIOS-e820: 000000007f4d2000 - 000000007f558000 (ACPI NVS)
2015-02-12T15:37:08.500336-06:00 c0-0c0s0n2 BIOS-e820: 000000007f558000 - 000000007f800000 (usable)
2015-02-12T15:37:08.500608-06:00 c0-0c0s0n2 BIOS-e820: 0000000080000000 - 0000000090000000 (reserved)
2015-02-12T15:37:08.500835-06:00 c0-0c0s0n2 BIOS-e820: 00000000fed1c000 - 00000000fed20000 (reserved)
2015-02-12T15:37:08.508286-06:00 c0-0c0s0n2 BIOS-e820: 00000000ff000000 - 0000000100000000 (reserved)
2015-02-12T15:37:08.508587-06:00 c0-0c0s0n2 BIOS-e820: 0000000100000000 - 0000001080000000 (usable)
2015-02-12T15:37:08.508780-06:00 c0-0c0s0n2 bootconsole [earlyser0] enabled
2015-02-12T15:37:08.533271-06:00 c0-0c0s0n2 NX (Execute Disable) protection: active
2015-02-12T15:37:08.533464-06:00 c0-0c0s0n2 EFI v2.10 by American Megatrends
2015-02-12T15:37:08.533735-06:00 c0-0c0s0n2 ACPI=0x7f395000  ACPI 2.0=0x7f395000  SMBIOS=0xf04c0  MPS=0xfd450 
2015-02-12T15:37:08.558609-06:00 c0-0c0s0n2 EFI: mem00: type=3, attr=0xf, range=[0x0000000000000000-0x0000000000008000) (0MB)
2015-02-12T15:37:08.558927-06:00 c0-0c0s0n2 EFI: mem01: type=7, attr=0xf, range=[0x0000000000008000-0x0000000000060000) (0MB)
2015-02-12T15:37:08.583839-06:00 c0-0c0s0n2 EFI: mem02: type=3, attr=0xf, range=[0x0000000000060000-0x00000000000a0000) (0MB)
2015-02-12T15:37:08.584213-06:00 c0-0c0s0n2 EFI: mem03: type=7, attr=0xf, range=[0x0000000000100000-0x0000000001000000) (15MB)
2015-02-12T15:37:08.609156-06:00 c0-0c0s0n2 EFI: mem04: type=2, attr=0xf, range=[0x0000000001000000-0x0000000001100000) (1MB)
2015-02-12T15:37:08.609422-06:00 c0-0c0s0n2 EFI: mem05: type=4, attr=0xf, range=[0x0000000001100000-0x00000000017ea000) (6MB)
2015-02-12T15:37:08.634354-06:00 c0-0c0s0n2 EFI: mem06: type=3, attr=0xf, range=[0x00000000017ea000-0x00000000017ee000) (0MB)
2015-02-12T15:37:08.659444-06:00 c0-0c0s0n2 EFI: mem07: type=4, attr=0xf, range=[0x00000000017ee000-0x0000000001886000) (0MB)
2015-02-12T15:37:08.659775-06:00 c0-0c0s0n2 EFI: mem08: type=3, attr=0xf, range=[0x0000000001886000-0x000000000188f000) (0MB)
2015-02-12T15:37:08.684764-06:00 c0-0c0s0n2 EFI: mem09: type=4, attr=0xf, range=[0x000000000188f000-0x0000000001892000) (0MB)
2015-02-12T15:37:08.685005-06:00 c0-0c0s0n2 EFI: mem10: type=3, attr=0xf, range=[0x0000000001892000-0x000000000189e000) (0MB)
2015-02-12T15:37:08.724383-06:00 c0-0c0s0n2 EFI: mem11: type=4, attr=0xf, range=[0x000000000189e000-0x00000000018a9000) (0MB)
2015-02-12T15:37:08.724558-06:00 c0-0c0s0n2 EFI: mem12: type=3, attr=0xf, range=[0x00000000018a9000-0x00000000018ab000) (0MB)
2015-02-12T15:37:08.764355-06:00 c0-0c0s0n2 EFI: mem13: type=4, attr=0xf, range=[0x00000000018ab000-0x00000000018ad000) (0MB)
2015-02-12T15:37:08.764599-06:00 c0-0c0s0n2 EFI: mem14: type=3, attr=0xf, range=[0x00000000018ad000-0x00000000018af000) (0MB)
2015-02-12T15:37:08.764904-06:00 c0-0c0s0n2 EFI: mem15: type=4, attr=0xf, range=[0x00000000018af000-0x00000000018b7000) (0MB)
2015-02-12T15:37:08.765141-06:00 c0-0c0s0n2 EFI: mem16: type=3, attr=0xf, range=[0x00000000018b7000-0x00000000018bb000) (0MB)
2015-02-12T15:37:08.765433-06:00 c0-0c0s0n2 EFI: mem17: type=4, attr=0xf, range=[0x00000000018bb000-0x00000000018bd000) (0MB)
2015-02-12T15:37:08.804561-06:00 c0-0c0s0n2 EFI: mem18: type=3, attr=0xf, range=[0x00000000018bd000-0x00000000018bf000) (0MB)
2015-02-12T15:37:08.804864-06:00 c0-0c0s0n2 EFI: mem19: type=4, attr=0xf, range=[0x00000000018bf000-0x00000000018d1000) (0MB)
2015-02-12T15:37:08.811247-06:00 c0-0c0s0n2 EFI: mem20: type=3, attr=0xf, range=[0x00000000018d1000-0x00000000018d7000) (0MB)
2015-02-12T15:37:08.848533-06:00 c0-0c0s0n2 EFI: mem21: type=4, attr=0xf, range=[0x00000000018d7000-0x00000000018f9000) (0MB)
2015-02-12T15:37:08.848811-06:00 c0-0c0s0n2 EFI: mem22: type=3, attr=0xf, range=[0x00000000018f9000-0x0000000001908000) (0MB)
2015-02-12T15:37:08.849077-06:00 c0-0c0s0n2 EFI: mem23: type=4, attr=0xf, range=[0x0000000001908000-0x0000000001921000) (0MB)
