<6>1 2015-02-11T17:32:19.496117-06:00 c0-0c0s0n1 kernel - p0-20150211t172524 - Initializing cgroup subsys cpuset
<6>1 2015-02-11T17:32:19.496123-06:00 c0-0c0s0n1 kernel - p0-20150211t172524 - Initializing cgroup subsys cpu
<5>1 2015-02-11T17:32:19.496124-06:00 c0-0c0s0n1 kernel - p0-20150211t172524 - Linux version 3.0.101-0.31.1_1.0502.8394-cray_ari_s (abuild@cfosbld05) (gcc version 4.3.4 [gcc-4_3-branch revision 152973] (SUSE Linux) ) #1 SMP Wed Sep 10 04:03:41 UTC 2014
<6>1 2015-02-11T17:32:19.496125-06:00 c0-0c0s0n1 kernel - p0-20150211t172524 - Command line: BOOT_IMAGE=net0:/opt/tftpboot/elilo.config/c0-0c0s0n1/bzImage-3.0.101-0.31.1_1.0502.8394-cray_ari_s-bin  earlyprintk=serial,115200 load_ramdisk=1 ramdisk_size=80000 console=ttyS0,115200n8 bootnodeip=10.131.255.254 bootproto=ipog bootpath=/rr/current rootfs=nfs-shared root=/dev/disk/by-id/scsi-3600a09800063789e0000008b54c3a04c-part1 oops=panic bootifnetmask=255.252.0.0 elevator=noop ippob1=10 ippob2=128 pcie_ports=native iommu=on intel_iommu=off bad_page=panic pln_enable=off apei_disable hest_disable erst_disable ghes_disable cgroup_disable=memory active_wlm=ALPS sdbnodeip=10.131.255.253 sessionid=p0-20150211t172524 _cray=marker_  crayname=c0-0c0s0n1
<6>1 2015-02-11T17:32:19.496126-06:00 c0-0c0s0n1 kernel - p0-20150211t172524 - KERNEL supported cpus:
<6>1 2015-02-11T17:32:19.496126-06:00 c0-0c0s0n1 kernel - p0-20150211t172524 -   Intel GenuineIntel
<6>1 2015-02-11T17:32:19.496138-06:00 c0-0c0s0n1 kernel - p0-20150211t172524 - BIOS-provided physical RAM map:
<6>1 2015-02-11T17:32:19.496139-06:00 c0-0c0s0n1 kernel - p0-20150211t172524 -  BIOS-e820: 0000000000000000 - 00000000000a0000 (usable)
<6>1 2015-02-11T17:32:19.496140-06:00 c0-0c0s0n1 kernel - p0-20150211t172524 -  BIOS-e820: 0000000000100000 - 000000007e67c000 (usable)
<6>1 2015-02-11T17:32:19.496140-06:00 c0-0c0s0n1 kernel - p0-20150211t172524 -  BIOS-e820: 000000007e67c000 - 000000007e790000 (ACPI NVS)
<6>1 2015-02-11T17:32:19.496141-06:00 c0-0c0s0n1 kernel - p0-20150211t172524 -  BIOS-e820: 000000007e790000 - 000000007f395000 (reserved)
<6>1 2015-02-11T17:32:19.496141-06:00 c0-0c0s0n1 kernel - p0-20150211t172524 -  BIOS-e820: 000000007f395000 - 000000007f410000 (ACPI data)
<6>1 2015-02-11T17:32:19.496142-06:00 c0-0c0s0n1 kernel - p0-20150211t172524 -  BIOS-e820: 000000007f410000 - 000000007f41a000 (unusable)
<6>1 2015-02-11T17:32:19.496142-06:00 c0-0c0s0n1 kernel - p0-20150211t172524 -  BIOS-e820: 000000007f41a000 - 000000007f45e000 (reserved)
<6>1 2015-02-11T17:32:19.496144-06:00 c0-0c0s0n1 kernel - p0-20150211t172524 -  BIOS-e820: 000000007f45e000 - 000000007f462000 (unusable)
<6>1 2015-02-11T17:32:19.496145-06:00 c0-0c0s0n1 kernel - p0-20150211t172524 -  BIOS-e820: 000000007f462000 - 000000007f46b000 (reserved)
<6>1 2015-02-11T17:32:19.496145-06:00 c0-0c0s0n1 kernel - p0-20150211t172524 -  BIOS-e820: 000000007f46b000 - 000000007f46d000 (unusable)
<6>1 2015-02-11T17:32:19.496145-06:00 c0-0c0s0n1 kernel - p0-20150211t172524 -  BIOS-e820: 000000007f46d000 - 000000007f471000 (reserved)
<6>1 2015-02-11T17:32:19.496146-06:00 c0-0c0s0n1 kernel - p0-20150211t172524 -  BIOS-e820: 000000007f471000 - 000000007f472000 (unusable)
<6>1 2015-02-11T17:32:19.496146-06:00 c0-0c0s0n1 kernel - p0-20150211t172524 -  BIOS-e820: 000000007f472000 - 000000007f473000 (reserved)
<6>1 2015-02-11T17:32:19.496147-06:00 c0-0c0s0n1 kernel - p0-20150211t172524 -  BIOS-e820: 000000007f473000 - 000000007f476000 (unusable)
<6>1 2015-02-11T17:32:19.496148-06:00 c0-0c0s0n1 kernel - p0-20150211t172524 -  BIOS-e820: 000000007f476000 - 000000007f486000 (reserved)
<6>1 2015-02-11T17:32:19.496149-06:00 c0-0c0s0n1 kernel - p0-20150211t172524 -  BIOS-e820: 000000007f486000 - 000000007f491000 (unusable)
<6>1 2015-02-11T17:32:19.496149-06:00 c0-0c0s0n1 kernel - p0-20150211t172524 -  BIOS-e820: 000000007f491000 - 000000007f493000 (usable)
<6>1 2015-02-11T17:32:19.496149-06:00 c0-0c0s0n1 kernel - p0-20150211t172524 -  BIOS-e820: 000000007f493000 - 000000007f494000 (ACPI NVS)
<6>1 2015-02-11T17:32:19.496150-06:00 c0-0c0s0n1 kernel - p0-20150211t172524 -  BIOS-e820: 000000007f494000 - 000000007f49b000 (reserved)
<6>1 2015-02-11T17:32:19.496151-06:00 c0-0c0s0n1 kernel - p0-20150211t172524 -  BIOS-e820: 000000007f49b000 - 000000007f49e000 (unusable)
<6>1 2015-02-11T17:32:19.496164-06:00 c0-0c0s0n1 kernel - p0-20150211t172524 -  BIOS-e820: 000000007f49e000 - 000000007f4a6000 (ACPI NVS)
<6>1 2015-02-11T17:32:19.496165-06:00 c0-0c0s0n1 kernel - p0-20150211t172524 -  BIOS-e820: 000000007f4a6000 - 000000007f4a7000 (reserved)
<6>1 2015-02-11T17:32:19.496165-06:00 c0-0c0s0n1 kernel - p0-20150211t172524 -  BIOS-e820: 000000007f4a7000 - 000000007f4ab000 (unusable)
<6>1 2015-02-11T17:32:19.496166-06:00 c0-0c0s0n1 kernel - p0-20150211t172524 -  BIOS-e820: 000000007f4ab000 - 000000007f4bd000 (reserved)
<6>1 2015-02-11T17:32:19.496166-06:00 c0-0c0s0n1 kernel - p0-20150211t172524 -  BIOS-e820: 000000007f4bd000 - 000000007f4cf000 (unusable)
<6>1 2015-02-11T17:32:19.496166-06:00 c0-0c0s0n1 kernel - p0-20150211t172524 -  BIOS-e820: 000000007f4cf000 - 000000007f4d2000 (reserved)
<6>1 2015-02-11T17:32:19.496167-06:00 c0-0c0s0n1 kernel - p0-20150211t172524 -  BIOS-e820: 000000007f4d2000 - 000000007f558000 (ACPI NVS)
<6>1 2015-02-11T17:32:19.496167-06:00 c0-0c0s0n1 kernel - p0-20150211t172524 -  BIOS-e820: 000000007f558000 - 000000007f800000 (usable)
<6>1 2015-02-11T17:32:19.496169-06:00 c0-0c0s0n1 kernel - p0-20150211t172524 -  BIOS-e820: 0000000080000000 - 0000000090000000 (reserved)
<6>1 2015-02-11T17:32:19.496169-06:00 c0-0c0s0n1 kernel - p0-20150211t172524 -  BIOS-e820: 00000000fed1c000 - 00000000fed20000 (reserved)
<6>1 2015-02-11T17:32:19.496170-06:00 c0-0c0s0n1 kernel - p0-20150211t172524 -  BIOS-e820: 00000000ff000000 - 0000000100000000 (reserved)
<6>1 2015-02-11T17:32:19.496170-06:00 c0-0c0s0n1 kernel - p0-20150211t172524 -  BIOS-e820: 0000000100000000 - 0000001080000000 (usable)
<6>1 2015-02-11T17:32:19.496171-06:00 c0-0c0s0n1 kernel - p0-20150211t172524 - bootconsole [earlyser0] enabled
<6>1 2015-02-11T17:32:19.496171-06:00 c0-0c0s0n1 kernel - p0-20150211t172524 - NX (Execute Disable) protection: active
<6>1 2015-02-11T17:32:19.496172-06:00 c0-0c0s0n1 kernel - p0-20150211t172524 - EFI v2.10 by American Megatrends
<4>1 2015-02-11T17:32:19.496173-06:00 c0-0c0s0n1 kernel - p0-20150211t172524 -  ACPI=0x7f395000  ACPI 2.0=0x7f395000  SMBIOS=0xf04c0  MPS=0xfd450 
<6>1 2015-02-11T17:32:19.496174-06:00 c0-0c0s0n1 kernel - p0-20150211t172524 - EFI: mem00: type=3, attr=0xf, range=[0x0000000000000000-0x0000000000008000) (0MB)
<6>1 2015-02-11T17:32:19.496174-06:00 c0-0c0s0n1 kernel - p0-20150211t172524 - EFI: mem01: type=7, attr=0xf, range=[0x0000000000008000-0x0000000000060000) (0MB)
<6>1 2015-02-11T17:32:19.496175-06:00 c0-0c0s0n1 kernel - p0-20150211t172524 - EFI: mem02: type=3, attr=0xf, range=[0x0000000000060000-0x00000000000a0000) (0MB)
<6>1 2015-02-11T17:32:19.496176-06:00 c0-0c0s0n1 kernel - p0-20150211t172524 - EFI: mem03: type=2, attr=0xf, range=[0x0000000000100000-0x0000000000900000) (8MB)
<6>1 2015-02-11T17:32:19.496176-06:00 c0-0c0s0n1 kernel - p0-20150211t172524 - EFI: mem04: type=7, attr=0xf, range=[0x0000000000900000-0x0000000001000000) (7MB)
<6>1 2015-02-11T17:32:19.496177-06:00 c0-0c0s0n1 kernel - p0-20150211t172524 - EFI: mem05: type=2, attr=0xf, range=[0x0000000001000000-0x0000000001100000) (1MB)
<6>1 2015-02-11T17:32:19.496178-06:00 c0-0c0s0n1 kernel - p0-20150211t172524 - EFI: mem06: type=4, attr=0xf, range=[0x0000000001100000-0x00000000017ea000) (6MB)
<6>1 2015-02-11T17:32:19.496178-06:00 c0-0c0s0n1 kernel - p0-20150211t172524 - EFI: mem07: type=3, attr=0xf, range=[0x00000000017ea000-0x00000000017ee000) (0MB)
<6>1 2015-02-11T17:32:19.496179-06:00 c0-0c0s0n1 kernel - p0-20150211t172524 - EFI: mem08: type=4, attr=0xf, range=[0x00000000017ee000-0x0000000001886000) (0MB)
<6>1 2015-02-11T17:32:19.496179-06:00 c0-0c0s0n1 kernel - p0-20150211t172524 - EFI: mem09: type=3, attr=0xf, range=[0x0000000001886000-0x000000000188f000) (0MB)
<6>1 2015-02-11T17:32:19.496180-06:00 c0-0c0s0n1 kernel - p0-20150211t172524 - EFI: mem10: type=4, attr=0xf, range=[0x000000000188f000-0x0000000001892000) (0MB)
<6>1 2015-02-11T17:32:19.496180-06:00 c0-0c0s0n1 kernel - p0-20150211t172524 - EFI: mem11: type=3, attr=0xf, range=[0x0000000001892000-0x000000000189e000) (0MB)
<6>1 2015-02-11T17:32:19.496181-06:00 c0-0c0s0n1 kernel - p0-20150211t172524 - EFI: mem12: type=4, attr=0xf, range=[0x000000000189e000-0x00000000018a9000) (0MB)
<6>1 2015-02-11T17:32:19.496182-06:00 c0-0c0s0n1 kernel - p0-20150211t172524 - EFI: mem13: type=3, attr=0xf, range=[0x00000000018a9000-0x00000000018ab000) (0MB)
<6>1 2015-02-11T17:32:19.496183-06:00 c0-0c0s0n1 kernel - p0-20150211t172524 - EFI: mem14: type=4, attr=0xf, range=[0x00000000018ab000-0x00000000018ad000) (0MB)
<6>1 2015-02-11T17:32:19.496183-06:00 c0-0c0s0n1 kernel - p0-20150211t172524 - EFI: mem15: type=3, attr=0xf, range=[0x00000000018ad000-0x00000000018af000) (0MB)
<6>1 2015-02-11T17:32:19.496184-06:00 c0-0c0s0n1 kernel - p0-20150211t172524 - EFI: mem16: type=4, attr=0xf, range=[0x00000000018af000-0x00000000018b7000) (0MB)
<6>1 2015-02-11T17:32:19.496184-06:00 c0-0c0s0n1 kernel - p0-20150211t172524 - EFI: mem17: type=3, attr=0xf, range=[0x00000000018b7000-0x00000000018bb000) (0MB)
<6>1 2015-02-11T17:32:19.496185-06:00 c0-0c0s0n1 kernel - p0-20150211t172524 - EFI: mem18: type=4, attr=0xf, range=[0x00000000018bb000-0x00000000018bd000) (0MB)
<6>1 2015-02-11T17:32:19.496185-06:00 c0-0c0s0n1 kernel - p0-20150211t172524 - EFI: mem19: type=3, attr=0xf, range=[0x00000000018bd000-0x00000000018bf000) (0MB)
<6>1 2015-02-11T17:32:19.496187-06:00 c0-0c0s0n1 kernel - p0-20150211t172524 - EFI: mem20: type=4, attr=0xf, range=[0x00000000018bf000-0x00000000018d1000) (0MB)
<6>1 2015-02-11T17:32:19.496187-06:00 c0-0c0s0n1 kernel - p0-20150211t172524 - EFI: mem21: type=3, attr=0xf, range=[0x00000000018d1000-0x00000000018d7000) (0MB)
<6>1 2015-02-11T17:32:19.496187-06:00 c0-0c0s0n1 kernel - p0-20150211t172524 - EFI: mem22: type=4, attr=0xf, range=[0x00000000018d7000-0x00000000018f9000) (0MB)
<6>1 2015-02-11T17:32:19.496188-06:00 c0-0c0s0n1 kernel - p0-20150211t172524 - EFI: mem23: type=3, attr=0xf, range=[0x00000000018f9000-0x0000000001908000) (0MB)
<6>1 2015-02-11T17:32:19.496200-06:00 c0-0c0s0n1 kernel - p0-20150211t172524 - EFI: mem24: type=4, attr=0xf, range=[0x0000000001908000-0x0000000001921000) (0MB)
<6>1 2015-02-11T17:32:19.496200-06:00 c0-0c0s0n1 kernel - p0-20150211t172524 - EFI: mem25: type=3, attr=0xf, range=[0x0000000001921000-0x000000000192b000) (0MB)
<6>1 2015-02-11T17:32:19.496201-06:00 c0-0c0s0n1 kernel - p0-20150211t172524 - EFI: mem26: type=4, attr=0xf, range=[0x000000000192b000-0x0000000001933000) (0MB)
<6>1 2015-02-11T17:32:19.496202-06:00 c0-0c0s0n1 kernel - p0-20150211t172524 - EFI: mem27: type=3, attr=0xf, range=[0x0000000001933000-0x0000000001936000) (0MB)
<6>1 2015-02-11T17:32:19.496203-06:00 c0-0c0s0n1 kernel - p0-20150211t172524 - EFI: mem28: type=4, attr=0xf, range=[0x0000000001936000-0x000000000193b000) (0MB)
<6>1 2015-02-11T17:32:19.496203-06:00 c0-0c0s0n1 kernel - p0-20150211t172524 - EFI: mem29: type=3, attr=0xf, range=[0x000000000193b000-0x000000000193e000) (0MB)
<6>1 2015-02-11T17:32:19.496204-06:00 c0-0c0s0n1 kernel - p0-20150211t172524 - EFI: mem30: type=4, attr=0xf, range=[0x000000000193e000-0x0000000001964000) (0MB)
<6>1 2015-02-11T17:32:19.496204-06:00 c0-0c0s0n1 kernel - p0-20150211t172524 - EFI: mem31: type=3, attr=0xf, range=[0x0000000001964000-0x0000000001968000) (0MB)
<6>1 2015-02-11T17:32:19.496205-06:00 c0-0c0s0n1 kernel - p0-20150211t172524 - EFI: mem32: type=4, attr=0xf, range=[0x0000000001968000-0x000000000198a000) (0MB)
<6>1 2015-02-11T17:32:19.496205-06:00 c0-0c0s0n1 kernel - p0-20150211t172524 - EFI: mem33: type=3, attr=0xf, range=[0x000000000198a000-0x00000000019b0000) (0MB)
<6>1 2015-02-11T17:32:19.496206-06:00 c0-0c0s0n1 kernel - p0-20150211t172524 - EFI: mem34: type=4, attr=0xf, range=[0x00000000019b0000-0x00000000019be000) (0MB)
<6>1 2015-02-11T17:32:19.496207-06:00 c0-0c0s0n1 kernel - p0-20150211t172524 - EFI: mem35: type=3, attr=0xf, range=[0x00000000019be000-0x00000000019ce000) (0MB)
<6>1 2015-02-11T17:32:19.496207-06:00 c0-0c0s0n1 kernel - p0-20150211t172524 - EFI: mem36: type=4, attr=0xf, range=[0x00000000019ce000-0x00000000019d0000) (0MB)
<6>1 2015-02-11T17:32:19.496208-06:00 c0-0c0s0n1 kernel - p0-20150211t172524 - EFI: mem37: type=3, attr=0xf, range=[0x00000000019d0000-0x00000000019d7000) (0MB)
<6>1 2015-02-11T17:32:19.496208-06:00 c0-0c0s0n1 kernel - p0-20150211t172524 - EFI: mem38: type=4, attr=0xf, range=[0x00000000019d7000-0x00000000019e1000) (0MB)
<6>1 2015-02-11T17:32:19.496209-06:00 c0-0c0s0n1 kernel - p0-20150211t172524 - EFI: mem39: type=3, attr=0xf, range=[0x00000000019e1000-0x00000000019e5000) (0MB)
<6>1 2015-02-11T17:32:19.496209-06:00 c0-0c0s0n1 kernel - p0-20150211t172524 - EFI: mem40: type=4, attr=0xf, range=[0x00000000019e5000-0x0000000001a02000) (0MB)
<6>1 2015-02-11T17:32:19.496210-06:00 c0-0c0s0n1 kernel - p0-20150211t172524 - EFI: mem41: type=3, attr=0xf, range=[0x0000000001a02000-0x0000000001a06000) (0MB)
<6>1 2015-02-11T17:32:19.496211-06:00 c0-0c0s0n1 kernel - p0-20150211t172524 - EFI: mem42: type=4, attr=0xf, range=[0x0000000001a06000-0x0000000001a0a000) (0MB)
<6>1 2015-02-11T17:32:19.496211-06:00 c0-0c0s0n1 kernel - p0-20150211t172524 - EFI: mem43: type=3, attr=0xf, range=[0x0000000001a0a000-0x0000000001a1e000) (0MB)
<6>1 2015-02-11T17:32:19.496212-06:00 c0-0c0s0n1 kernel - p0-20150211t172524 - EFI: mem44: type=4, attr=0xf, range=[0x0000000001a1e000-0x0000000001a22000) (0MB)
<6>1 2015-02-11T17:32:19.496212-06:00 c0-0c0s0n1 kernel - p0-20150211t172524 - EFI: mem45: type=3, attr=0xf, range=[0x0000000001a22000-0x0000000001a26000) (0MB)
<6>1 2015-02-11T17:32:19.496213-06:00 c0-0c0s0n1 kernel - p0-20150211t172524 - EFI: mem46: type=4, attr=0xf, range=[0x0000000001a26000-0x0000000001a34000) (0MB)
<6>1 2015-02-11T17:32:19.496213-06:00 c0-0c0s0n1 kernel - p0-20150211t172524 - EFI: mem47: type=3, attr=0xf, range=[0x0000000001a34000-0x0000000001a3b000) (0MB)
<6>1 2015-02-11T17:32:19.496214-06:00 c0-0c0s0n1 kernel - p0-20150211t172524 - EFI: mem48: type=4, attr=0xf, range=[0x0000000001a3b000-0x0000000001a42000) (0MB)
<6>1 2015-02-11T17:32:19.496215-06:00 c0-0c0s0n1 kernel - p0-20150211t172524 - EFI: mem49: type=3, attr=0xf, range=[0x0000000001a42000-0x0000000001a4a000) (0MB)
<6>1 2015-02-11T17:32:19.496216-06:00 c0-0c0s0n1 kernel - p0-20150211t172524 - EFI: mem50: type=4, attr=0xf, range=[0x0000000001a4a000-0x0000000001a4b000) (0MB)
<6>1 2015-02-11T17:32:19.496216-06:00 c0-0c0s0n1 kernel - p0-20150211t172524 - EFI: mem51: type=3, attr=0xf, range=[0x0000000001a4b000-0x0000000001a4d000) (0MB)
<6>1 2015-02-11T17:32:19.496217-06:00 c0-0c0s0n1 kernel - p0-20150211t172524 - EFI: mem52: type=4, attr=0xf, range=[0x0000000001a4d000-0x0000000001a52000) (0MB)
<6>1 2015-02-11T17:32:19.496217-06:00 c0-0c0s0n1 kernel - p0-20150211t172524 - EFI: mem53: type=3, attr=0xf, range=[0x0000000001a52000-0x0000000001a69000) (0MB)
<6>1 2015-02-11T17:32:19.496217-06:00 c0-0c0s0n1 kernel - p0-20150211t172524 - EFI: mem54: type=4, attr=0xf, range=[0x0000000001a69000-0x0000000001a6f000) (0MB)
<6>1 2015-02-11T17:32:19.496218-06:00 c0-0c0s0n1 kernel - p0-20150211t172524 - EFI: mem55: type=3, attr=0xf, range=[0x0000000001a6f000-0x0000000001a70000) (0MB)
<6>1 2015-02-11T17:32:19.496219-06:00 c0-0c0s0n1 kernel - p0-20150211t172524 - EFI: mem56: type=4, attr=0xf, range=[0x0000000001a70000-0x0000000001a71000) (0MB)
<6>1 2015-02-11T17:32:19.496220-06:00 c0-0c0s0n1 kernel - p0-20150211t172524 - EFI: mem57: type=3, attr=0xf, range=[0x0000000001a71000-0x0000000001a79000) (0MB)
<6>1 2015-02-11T17:32:19.496220-06:00 c0-0c0s0n1 kernel - p0-20150211t172524 - EFI: mem58: type=4, attr=0xf, range=[0x0000000001a79000-0x0000000001a7a000) (0MB)
<6>1 2015-02-11T17:32:19.496220-06:00 c0-0c0s0n1 kernel - p0-20150211t172524 - EFI: mem59: type=3, attr=0xf, range=[0x0000000001a7a000-0x0000000001a83000) (0MB)
<6>1 2015-02-11T17:32:19.496221-06:00 c0-0c0s0n1 kernel - p0-20150211t172524 - EFI: mem60: type=4, attr=0xf, range=[0x0000000001a83000-0x0000000001a85000) (0MB)
<6>1 2015-02-11T17:32:19.496221-06:00 c0-0c0s0n1 kernel - p0-20150211t172524 - EFI: mem61: type=3, attr=0xf, range=[0x0000000001a85000-0x0000000001abe000) (0MB)
<6>1 2015-02-11T17:32:19.496222-06:00 c0-0c0s0n1 kernel - p0-20150211t172524 - EFI: mem62: type=4, attr=0xf, range=[0x0000000001abe000-0x0000000001abf000) (0MB)
<6>1 2015-02-11T17:32:19.496223-06:00 c0-0c0s0n1 kernel - p0-20150211t172524 - EFI: mem63: type=3, attr=0xf, range=[0x0000000001abf000-0x0000000001acc000) (0MB)
<6>1 2015-02-11T17:32:19.496224-06:00 c0-0c0s0n1 kernel - p0-20150211t172524 - EFI: mem64: type=4, attr=0xf, range=[0x0000000001acc000-0x0000000001ad7000) (0MB)
<6>1 2015-02-11T17:32:19.496224-06:00 c0-0c0s0n1 kernel - p0-20150211t172524 - EFI: mem65: type=3, attr=0xf, range=[0x0000000001ad7000-0x0000000001adc000) (0MB)
<6>1 2015-02-11T17:32:19.496224-06:00 c0-0c0s0n1 kernel - p0-20150211t172524 - EFI: mem66: type=4, attr=0xf, range=[0x0000000001adc000-0x0000000001b60000) (0MB)
<6>1 2015-02-11T17:32:19.496225-06:00 c0-0c0s0n1 kernel - p0-20150211t172524 - EFI: mem67: type=3, attr=0xf, range=[0x0000000001b60000-0x0000000001b7c000) (0MB)
<6>1 2015-02-11T17:32:19.496225-06:00 c0-0c0s0n1 kernel - p0-20150211t172524 - EFI: mem68: type=4, attr=0xf, range=[0x0000000001b7c000-0x0000000001b84000) (0MB)
<6>1 2015-02-11T17:32:19.496226-06:00 c0-0c0s0n1 kernel - p0-20150211t172524 - EFI: mem69: type=3, attr=0xf, range=[0x0000000001b84000-0x0000000001b9c000) (0MB)
<6>1 2015-02-11T17:32:19.496227-06:00 c0-0c0s0n1 kernel - p0-20150211t172524 - EFI: mem70: type=4, attr=0xf, range=[0x0000000001b9c000-0x000000000b210000) (150MB)
<6>1 2015-02-11T17:32:19.496228-06:00 c0-0c0s0n1 kernel - p0-20150211t172524 - EFI: mem71: type=3, attr=0xf, range=[0x000000000b210000-0x000000000b216000) (0MB)
<6>1 2015-02-11T17:32:19.496228-06:00 c0-0c0s0n1 kernel - p0-20150211t172524 - EFI: mem72: type=4, attr=0xf, range=[0x000000000b216000-0x000000000b21f000) (0MB)
<6>1 2015-02-11T17:32:19.496228-06:00 c0-0c0s0n1 kernel - p0-20150211t172524 - EFI: mem73: type=3, attr=0xf, range=[0x000000000b21f000-0x000000000b235000) (0MB)
<6>1 2015-02-11T17:32:19.496229-06:00 c0-0c0s0n1 kernel - p0-20150211t172524 - EFI: mem74: type=4, attr=0xf, range=[0x000000000b235000-0x000000000b23b000) (0MB)
<6>1 2015-02-11T17:32:19.496229-06:00 c0-0c0s0n1 kernel - p0-20150211t172524 - EFI: mem75: type=3, attr=0xf, range=[0x000000000b23b000-0x000000000b23e000) (0MB)
<6>1 2015-02-11T17:32:19.496230-06:00 c0-0c0s0n1 kernel - p0-20150211t172524 - EFI: mem76: type=4, attr=0xf, range=[0x000000000b23e000-0x000000000b24c000) (0MB)
<6>1 2015-02-11T17:32:19.496231-06:00 c0-0c0s0n1 kernel - p0-20150211t172524 - EFI: mem77: type=3, attr=0xf, range=[0x000000000b24c000-0x000000000b254000) (0MB)
<6>1 2015-02-11T17:32:19.496231-06:00 c0-0c0s0n1 kernel - p0-20150211t172524 - EFI: mem78: type=4, attr=0xf, range=[0x000000000b254000-0x000000000b272000) (0MB)
<6>1 2015-02-11T17:32:19.496232-06:00 c0-0c0s0n1 kernel - p0-20150211t172524 - EFI: mem79: type=3, attr=0xf, range=[0x000000000b272000-0x000000000b279000) (0MB)
<6>1 2015-02-11T17:32:19.496232-06:00 c0-0c0s0n1 kernel - p0-20150211t172524 - EFI: mem80: type=4, attr=0xf, range=[0x000000000b279000-0x000000000b27d000) (0MB)
<6>1 2015-02-11T17:32:19.496233-06:00 c0-0c0s0n1 kernel - p0-20150211t172524 - EFI: mem81: type=3, attr=0xf, range=[0x000000000b27d000-0x000000000b281000) (0MB)
<6>1 2015-02-11T17:32:19.496233-06:00 c0-0c0s0n1 kernel - p0-20150211t172524 - EFI: mem82: type=4, attr=0xf, range=[0x000000000b281000-0x000000000b285000) (0MB)
<6>1 2015-02-11T17:32:19.496234-06:00 c0-0c0s0n1 kernel - p0-20150211t172524 - EFI: mem83: type=3, attr=0xf, range=[0x000000000b285000-0x000000000b289000) (0MB)
<6>1 2015-02-11T17:32:19.496236-06:00 c0-0c0s0n1 kernel - p0-20150211t172524 - EFI: mem84: type=4, attr=0xf, range=[0x000000000b289000-0x000000000b295000) (0MB)
<6>1 2015-02-11T17:32:19.496236-06:00 c0-0c0s0n1 kernel - p0-20150211t172524 - EFI: mem85: type=3, attr=0xf, range=[0x000000000b295000-0x000000000b2dc000) (0MB)
<6>1 2015-02-11T17:32:19.496237-06:00 c0-0c0s0n1 kernel - p0-20150211t172524 - EFI: mem86: type=4, attr=0xf, range=[0x000000000b2dc000-0x000000000b2de000) (0MB)
<6>1 2015-02-11T17:32:19.496237-06:00 c0-0c0s0n1 kernel - p0-20150211t172524 - EFI: mem87: type=3, attr=0xf, range=[0x000000000b2de000-0x000000000b2e4000) (0MB)
<6>1 2015-02-11T17:32:19.496237-06:00 c0-0c0s0n1 kernel - p0-20150211t172524 - EFI: mem88: type=4, attr=0xf, range=[0x000000000b2e4000-0x000000000b2f0000) (0MB)
<6>1 2015-02-11T17:32:19.496238-06:00 c0-0c0s0n1 kernel - p0-20150211t172524 - EFI: mem89: type=3, attr=0xf, range=[0x000000000b2f0000-0x000000000b2f4000) (0MB)
<6>1 2015-02-11T17:32:19.496238-06:00 c0-0c0s0n1 kernel - p0-20150211t172524 - EFI: mem90: type=4, attr=0xf, range=[0x000000000b2f4000-0x000000000b301000) (0MB)
<6>1 2015-02-11T17:32:19.496240-06:00 c0-0c0s0n1 kernel - p0-20150211t172524 - EFI: mem91: type=3, attr=0xf, range=[0x000000000b301000-0x000000000b30a000) (0MB)
<6>1 2015-02-11T17:32:19.496240-06:00 c0-0c0s0n1 kernel - p0-20150211t172524 - EFI: mem92: type=4, attr=0xf, range=[0x000000000b30a000-0x000000000b30b000) (0MB)
<6>1 2015-02-11T17:32:19.496241-06:00 c0-0c0s0n1 kernel - p0-20150211t172524 - EFI: mem93: type=3, attr=0xf, range=[0x000000000b30b000-0x000000000b343000) (0MB)
<6>1 2015-02-11T17:32:19.496241-06:00 c0-0c0s0n1 kernel - p0-20150211t172524 - EFI: mem94: type=4, attr=0xf, range=[0x000000000b343000-0x000000000b351000) (0MB)
<6>1 2015-02-11T17:32:19.496242-06:00 c0-0c0s0n1 kernel - p0-20150211t172524 - EFI: mem95: type=3, attr=0xf, range=[0x000000000b351000-0x000000000b358000) (0MB)
<6>1 2015-02-11T17:32:19.496242-06:00 c0-0c0s0n1 kernel - p0-20150211t172524 - EFI: mem96: type=4, attr=0xf, range=[0x000000000b358000-0x000000000b360000) (0MB)
<6>1 2015-02-11T17:32:19.496242-06:00 c0-0c0s0n1 kernel - p0-20150211t172524 - EFI: mem97: type=3, attr=0xf, range=[0x000000000b360000-0x000000000b368000) (0MB)
<6>1 2015-02-11T17:32:19.496244-06:00 c0-0c0s0n1 kernel - p0-20150211t172524 - EFI: mem98: type=4, attr=0xf, range=[0x000000000b368000-0x000000000b382000) (0MB)
<6>1 2015-02-11T17:32:19.496244-06:00 c0-0c0s0n1 kernel - p0-20150211t172524 - EFI: mem99: type=3, attr=0xf, range=[0x000000000b382000-0x000000000b388000) (0MB)
<6>1 2015-02-11T17:32:19.496245-06:00 c0-0c0s0n1 kernel - p0-20150211t172524 - EFI: mem100: type=4, attr=0xf, range=[0x000000000b388000-0x000000000b3a3000) (0MB)
<6>1 2015-02-11T17:32:19.496245-06:00 c0-0c0s0n1 kernel - p0-20150211t172524 - EFI: mem101: type=3, attr=0xf, range=[0x000000000b3a3000-0x000000000b3b1000) (0MB)
<6>1 2015-02-11T17:32:19.496246-06:00 c0-0c0s0n1 kernel - p0-20150211t172524 - EFI: mem102: type=4, attr=0xf, range=[0x000000000b3b1000-0x000000000b3b5000) (0MB)
<6>1 2015-02-11T17:32:19.496246-06:00 c0-0c0s0n1 kernel - p0-20150211t172524 - EFI: mem103: type=3, attr=0xf, range=[0x000000000b3b5000-0x000000000b3c7000) (0MB)
<6>1 2015-02-11T17:32:19.496247-06:00 c0-0c0s0n1 kernel - p0-20150211t172524 - EFI: mem104: type=4, attr=0xf, range=[0x000000000b3c7000-0x000000000b45b000) (0MB)
<6>1 2015-02-11T17:32:19.496248-06:00 c0-0c0s0n1 kernel - p0-20150211t172524 - EFI: mem105: type=3, attr=0xf, range=[0x000000000b45b000-0x000000000b45e000) (0MB)
<6>1 2015-02-11T17:32:19.496248-06:00 c0-0c0s0n1 kernel - p0-20150211t172524 - EFI: mem106: type=4, attr=0xf, range=[0x000000000b45e000-0x000000000b466000) (0MB)
<6>1 2015-02-11T17:32:19.496249-06:00 c0-0c0s0n1 kernel - p0-20150211t172524 - EFI: mem107: type=3, attr=0xf, range=[0x000000000b466000-0x000000000b46a000) (0MB)
<6>1 2015-02-11T17:32:19.496249-06:00 c0-0c0s0n1 kernel - p0-20150211t172524 - EFI: mem108: type=4, attr=0xf, range=[0x000000000b46a000-0x000000000b478000) (0MB)
<6>1 2015-02-11T17:32:19.496261-06:00 c0-0c0s0n1 kernel - p0-20150211t172524 - EFI: mem109: type=3, attr=0xf, range=[0x000000000b478000-0x000000000b47f000) (0MB)
<6>1 2015-02-11T17:32:19.496262-06:00 c0-0c0s0n1 kernel - p0-20150211t172524 - EFI: mem110: type=4, attr=0xf, range=[0x000000000b47f000-0x000000000b48e000) (0MB)
<6>1 2015-02-11T17:32:19.496262-06:00 c0-0c0s0n1 kernel - p0-20150211t172524 - EFI: mem111: type=3, attr=0xf, range=[0x000000000b48e000-0x000000000b492000) (0MB)
<6>1 2015-02-11T17:32:19.496263-06:00 c0-0c0s0n1 kernel - p0-20150211t172524 - EFI: mem112: type=4, attr=0xf, range=[0x000000000b492000-0x000000000b4b4000) (0MB)
<6>1 2015-02-11T17:32:19.496264-06:00 c0-0c0s0n1 kernel - p0-20150211t172524 - EFI: mem113: type=3, attr=0xf, range=[0x000000000b4b4000-0x000000000b4b9000) (0MB)
<6>1 2015-02-11T17:32:19.496265-06:00 c0-0c0s0n1 kernel - p0-20150211t172524 - EFI: mem114: type=4, attr=0xf, range=[0x000000000b4b9000-0x000000000b53a000) (0MB)
<6>1 2015-02-11T17:32:19.496265-06:00 c0-0c0s0n1 kernel - p0-20150211t172524 - EFI: mem115: type=3, attr=0xf, range=[0x000000000b53a000-0x000000000b54e000) (0MB)
<6>1 2015-02-11T17:32:19.496265-06:00 c0-0c0s0n1 kernel - p0-20150211t172524 - EFI: mem116: type=4, attr=0xf, range=[0x000000000b54e000-0x000000000b5e8000) (0MB)
<6>1 2015-02-11T17:32:19.496266-06:00 c0-0c0s0n1 kernel - p0-20150211t172524 - EFI: mem117: type=7, attr=0xf, range=[0x000000000b5e8000-0x000000000b5ea000) (0MB)
<6>1 2015-02-11T17:32:19.496266-06:00 c0-0c0s0n1 kernel - p0-20150211t172524 - EFI: mem118: type=4, attr=0xf, range=[0x000000000b5ea000-0x000000000bcb3000) (6MB)
<6>1 2015-02-11T17:32:19.496267-06:00 c0-0c0s0n1 kernel - p0-20150211t172524 - EFI: mem119: type=3, attr=0xf, range=[0x000000000bcb3000-0x000000000bcbc000) (0MB)
<6>1 2015-02-11T17:32:19.496268-06:00 c0-0c0s0n1 kernel - p0-20150211t172524 - EFI: mem120: type=4, attr=0xf, range=[0x000000000bcbc000-0x000000000bee4000) (2MB)
<6>1 2015-02-11T17:32:19.496268-06:00 c0-0c0s0n1 kernel - p0-20150211t172524 - EFI: mem121: type=7, attr=0xf, range=[0x000000000bee4000-0x000000000bee6000) (0MB)
<6>1 2015-02-11T17:32:19.496269-06:00 c0-0c0s0n1 kernel - p0-20150211t172524 - EFI: mem122: type=4, attr=0xf, range=[0x000000000bee6000-0x000000000bee7000) (0MB)
<6>1 2015-02-11T17:32:19.496269-06:00 c0-0c0s0n1 kernel - p0-20150211t172524 - EFI: mem123: type=2, attr=0xf, range=[0x000000000bee7000-0x000000000bee8000) (0MB)
<6>1 2015-02-11T17:32:19.496270-06:00 c0-0c0s0n1 kernel - p0-20150211t172524 - EFI: mem124: type=4, attr=0xf, range=[0x000000000bee8000-0x000000000beed000) (0MB)
<6>1 2015-02-11T17:32:19.496270-06:00 c0-0c0s0n1 kernel - p0-20150211t172524 - EFI: mem125: type=7, attr=0xf, range=[0x000000000beed000-0x000000000beee000) (0MB)
<6>1 2015-02-11T17:32:19.496271-06:00 c0-0c0s0n1 kernel - p0-20150211t172524 - EFI: mem126: type=4, attr=0xf, range=[0x000000000beee000-0x000000000bef0000) (0MB)
<6>1 2015-02-11T17:32:19.496272-06:00 c0-0c0s0n1 kernel - p0-20150211t172524 - EFI: mem127: type=7, attr=0xf, range=[0x000000000bef0000-0x000000000bef3000) (0MB)
<6>1 2015-02-11T17:32:19.496273-06:00 c0-0c0s0n1 kernel - p0-20150211t172524 - EFI: mem128: type=2, attr=0xf, range=[0x000000000bef3000-0x000000000bef4000) (0MB)
<6>1 2015-02-11T17:32:19.496273-06:00 c0-0c0s0n1 kernel - p0-20150211t172524 - EFI: mem129: type=4, attr=0xf, range=[0x000000000bef4000-0x000000000bef7000) (0MB)
<6>1 2015-02-11T17:32:19.496273-06:00 c0-0c0s0n1 kernel - p0-20150211t172524 - EFI: mem130: type=2, attr=0xf, range=[0x000000000bef7000-0x000000000befa000) (0MB)
<6>1 2015-02-11T17:32:19.496274-06:00 c0-0c0s0n1 kernel - p0-20150211t172524 - EFI: mem131: type=4, attr=0xf, range=[0x000000000befa000-0x000000000bf01000) (0MB)
<6>1 2015-02-11T17:32:19.496274-06:00 c0-0c0s0n1 kernel - p0-20150211t172524 - EFI: mem132: type=2, attr=0xf, range=[0x000000000bf01000-0x000000000bf11000) (0MB)
<6>1 2015-02-11T17:32:19.496275-06:00 c0-0c0s0n1 kernel - p0-20150211t172524 - EFI: mem133: type=7, attr=0xf, range=[0x000000000bf11000-0x000000000bf5e000) (0MB)
<6>1 2015-02-11T17:32:19.496276-06:00 c0-0c0s0n1 kernel - p0-20150211t172524 - EFI: mem134: type=4, attr=0xf, range=[0x000000000bf5e000-0x000000000bf5f000) (0MB)
<6>1 2015-02-11T17:32:19.496277-06:00 c0-0c0s0n1 kernel - p0-20150211t172524 - EFI: mem135: type=7, attr=0xf, range=[0x000000000bf5f000-0x000000000bf67000) (0MB)
<6>1 2015-02-11T17:32:19.496277-06:00 c0-0c0s0n1 kernel - p0-20150211t172524 - EFI: mem136: type=4, attr=0xf, range=[0x000000000bf67000-0x000000000bf68000) (0MB)
<6>1 2015-02-11T17:32:19.496278-06:00 c0-0c0s0n1 kernel - p0-20150211t172524 - EFI: mem137: type=7, attr=0xf, range=[0x000000000bf68000-0x000000000bf69000) (0MB)
<6>1 2015-02-11T17:32:19.496278-06:00 c0-0c0s0n1 kernel - p0-20150211t172524 - EFI: mem138: type=4, attr=0xf, range=[0x000000000bf69000-0x000000000bf6b000) (0MB)
<6>1 2015-02-11T17:32:19.496278-06:00 c0-0c0s0n1 kernel - p0-20150211t172524 - EFI: mem139: type=1, attr=0xf, range=[0x000000000bf6b000-0x000000000bfaa000) (0MB)
<6>1 2015-02-11T17:32:19.496279-06:00 c0-0c0s0n1 kernel - p0-20150211t172524 - EFI: mem140: type=2, attr=0xf, range=[0x000000000bfaa000-0x000000000cfaa000) (16MB)
<6>1 2015-02-11T17:32:19.496280-06:00 c0-0c0s0n1 kernel - p0-20150211t172524 - EFI: mem141: type=7, attr=0xf, range=[0x000000000cfaa000-0x000000000d01f000) (0MB)
<6>1 2015-02-11T17:32:19.496281-06:00 c0-0c0s0n1 kernel - p0-20150211t172524 - EFI: mem142: type=4, attr=0xf, range=[0x000000000d01f000-0x000000000d048000) (0MB)
<6>1 2015-02-11T17:32:19.496281-06:00 c0-0c0s0n1 kernel - p0-20150211t172524 - EFI: mem143: type=7, attr=0xf, range=[0x000000000d048000-0x000000000d063000) (0MB)
<6>1 2015-02-11T17:32:19.496282-06:00 c0-0c0s0n1 kernel - p0-20150211t172524 - EFI: mem144: type=4, attr=0xf, range=[0x000000000d063000-0x000000000d064000) (0MB)
<6>1 2015-02-11T17:32:19.496282-06:00 c0-0c0s0n1 kernel - p0-20150211t172524 - EFI: mem145: type=7, attr=0xf, range=[0x000000000d064000-0x000000000d067000) (0MB)
<6>1 2015-02-11T17:32:19.496283-06:00 c0-0c0s0n1 kernel - p0-20150211t172524 - EFI: mem146: type=4, attr=0xf, range=[0x000000000d067000-0x000000000d08e000) (0MB)
<6>1 2015-02-11T17:32:19.496283-06:00 c0-0c0s0n1 kernel - p0-20150211t172524 - EFI: mem147: type=7, attr=0xf, range=[0x000000000d08e000-0x000000000d0aa000) (0MB)
<6>1 2015-02-11T17:32:19.496284-06:00 c0-0c0s0n1 kernel - p0-20150211t172524 - EFI: mem148: type=4, attr=0xf, range=[0x000000000d0aa000-0x000000000d0ab000) (0MB)
<6>1 2015-02-11T17:32:19.496285-06:00 c0-0c0s0n1 kernel - p0-20150211t172524 - EFI: mem149: type=7, attr=0xf, range=[0x000000000d0ab000-0x000000000d0ad000) (0MB)
<6>1 2015-02-11T17:32:19.496285-06:00 c0-0c0s0n1 kernel - p0-20150211t172524 - EFI: mem150: type=4, attr=0xf, range=[0x000000000d0ad000-0x000000000d0ae000) (0MB)
<6>1 2015-02-11T17:32:19.496286-06:00 c0-0c0s0n1 kernel - p0-20150211t172524 - EFI: mem151: type=7, attr=0xf, range=[0x000000000d0ae000-0x000000000d0af000) (0MB)
<6>1 2015-02-11T17:32:19.496286-06:00 c0-0c0s0n1 kernel - p0-20150211t172524 - EFI: mem152: type=4, attr=0xf, range=[0x000000000d0af000-0x000000000d0d6000) (0MB)
<6>1 2015-02-11T17:32:19.496287-06:00 c0-0c0s0n1 kernel - p0-20150211t172524 - EFI: mem153: type=7, attr=0xf, range=[0x000000000d0d6000-0x000000000d0f5000) (0MB)
<6>1 2015-02-11T17:32:19.496287-06:00 c0-0c0s0n1 kernel - p0-20150211t172524 - EFI: mem154: type=4, attr=0xf, range=[0x000000000d0f5000-0x000000000d11d000) (0MB)
<6>1 2015-02-11T17:32:19.496289-06:00 c0-0c0s0n1 kernel - p0-20150211t172524 - EFI: mem155: type=7, attr=0xf, range=[0x000000000d11d000-0x000000000d137000) (0MB)
<6>1 2015-02-11T17:32:19.496289-06:00 c0-0c0s0n1 kernel - p0-20150211t172524 - EFI: mem156: type=4, attr=0xf, range=[0x000000000d137000-0x000000000d138000) (0MB)
<6>1 2015-02-11T17:32:19.496290-06:00 c0-0c0s0n1 kernel - p0-20150211t172524 - EFI: mem157: type=7, attr=0xf, range=[0x000000000d138000-0x000000000d13a000) (0MB)
<6>1 2015-02-11T17:32:19.496290-06:00 c0-0c0s0n1 kernel - p0-20150211t172524 - EFI: mem158: type=4, attr=0xf, range=[0x000000000d13a000-0x000000000d13b000) (0MB)
<6>1 2015-02-11T17:32:19.496290-06:00 c0-0c0s0n1 kernel - p0-20150211t172524 - EFI: mem159: type=7, attr=0xf, range=[0x000000000d13b000-0x000000000d13c000) (0MB)
<6>1 2015-02-11T17:32:19.496291-06:00 c0-0c0s0n1 kernel - p0-20150211t172524 - EFI: mem160: type=4, attr=0xf, range=[0x000000000d13c000-0x000000000d162000) (0MB)
<6>1 2015-02-11T17:32:19.496291-06:00 c0-0c0s0n1 kernel - p0-20150211t172524 - EFI: mem161: type=7, attr=0xf, range=[0x000000000d162000-0x000000000d180000) (0MB)
<6>1 2015-02-11T17:32:19.496293-06:00 c0-0c0s0n1 kernel - p0-20150211t172524 - EFI: mem162: type=4, attr=0xf, range=[0x000000000d180000-0x000000000d1a9000) (0MB)
<6>1 2015-02-11T17:32:19.496293-06:00 c0-0c0s0n1 kernel - p0-20150211t172524 - EFI: mem163: type=7, attr=0xf, range=[0x000000000d1a9000-0x000000000d1c8000) (0MB)
<6>1 2015-02-11T17:32:19.496294-06:00 c0-0c0s0n1 kernel - p0-20150211t172524 - EFI: mem164: type=4, attr=0xf, range=[0x000000000d1c8000-0x000000000d1f1000) (0MB)
<6>1 2015-02-11T17:32:19.496294-06:00 c0-0c0s0n1 kernel - p0-20150211t172524 - EFI: mem165: type=7, attr=0xf, range=[0x000000000d1f1000-0x000000000d20c000) (0MB)
<6>1 2015-02-11T17:32:19.496294-06:00 c0-0c0s0n1 kernel - p0-20150211t172524 - EFI: mem166: type=4, attr=0xf, range=[0x000000000d20c000-0x000000000d20d000) (0MB)
<6>1 2015-02-11T17:32:19.496295-06:00 c0-0c0s0n1 kernel - p0-20150211t172524 - EFI: mem167: type=7, attr=0xf, range=[0x000000000d20d000-0x000000000d20f000) (0MB)
<6>1 2015-02-11T17:32:19.496295-06:00 c0-0c0s0n1 kernel - p0-20150211t172524 - EFI: mem168: type=4, attr=0xf, range=[0x000000000d20f000-0x000000000d236000) (0MB)
<6>1 2015-02-11T17:32:19.496297-06:00 c0-0c0s0n1 kernel - p0-20150211t172524 - EFI: mem169: type=7, attr=0xf, range=[0x000000000d236000-0x000000000d254000) (0MB)
<6>1 2015-02-11T17:32:19.496297-06:00 c0-0c0s0n1 kernel - p0-20150211t172524 - EFI: mem170: type=4, attr=0xf, range=[0x000000000d254000-0x000000000d27d000) (0MB)
<6>1 2015-02-11T17:32:19.496298-06:00 c0-0c0s0n1 kernel - p0-20150211t172524 - EFI: mem171: type=7, attr=0xf, range=[0x000000000d27d000-0x000000000d29a000) (0MB)
<6>1 2015-02-11T17:32:19.496298-06:00 c0-0c0s0n1 kernel - p0-20150211t172524 - EFI: mem172: type=4, attr=0xf, range=[0x000000000d29a000-0x000000000d29c000) (0MB)
<6>1 2015-02-11T17:32:19.496299-06:00 c0-0c0s0n1 kernel - p0-20150211t172524 - EFI: mem173: type=7, attr=0xf, range=[0x000000000d29c000-0x000000000d29d000) (0MB)
<6>1 2015-02-11T17:32:19.496299-06:00 c0-0c0s0n1 kernel - p0-20150211t172524 - EFI: mem174: type=4, attr=0xf, range=[0x000000000d29d000-0x000000000d2c4000) (0MB)
<6>1 2015-02-11T17:32:19.496300-06:00 c0-0c0s0n1 kernel - p0-20150211t172524 - EFI: mem175: type=7, attr=0xf, range=[0x000000000d2c4000-0x000000000d2e0000) (0MB)
<6>1 2015-02-11T17:32:19.496300-06:00 c0-0c0s0n1 kernel - p0-20150211t172524 - EFI: mem176: type=4, attr=0xf, range=[0x000000000d2e0000-0x000000000d2e1000) (0MB)
<6>1 2015-02-11T17:32:19.496301-06:00 c0-0c0s0n1 kernel - p0-20150211t172524 - EFI: mem177: type=7, attr=0xf, range=[0x000000000d2e1000-0x000000000d2e4000) (0MB)
<6>1 2015-02-11T17:32:19.496302-06:00 c0-0c0s0n1 kernel - p0-20150211t172524 - EFI: mem178: type=4, attr=0xf, range=[0x000000000d2e4000-0x000000000d30b000) (0MB)
<6>1 2015-02-11T17:32:19.496302-06:00 c0-0c0s0n1 kernel - p0-20150211t172524 - EFI: mem179: type=7, attr=0xf, range=[0x000000000d30b000-0x000000000d328000) (0MB)
<6>1 2015-02-11T17:32:19.496303-06:00 c0-0c0s0n1 kernel - p0-20150211t172524 - EFI: mem180: type=4, attr=0xf, range=[0x000000000d328000-0x000000000d329000) (0MB)
<6>1 2015-02-11T17:32:19.496303-06:00 c0-0c0s0n1 kernel - p0-20150211t172524 - EFI: mem181: type=7, attr=0xf, range=[0x000000000d329000-0x000000000d32a000) (0MB)
<6>1 2015-02-11T17:32:19.496304-06:00 c0-0c0s0n1 kernel - p0-20150211t172524 - EFI: mem182: type=4, attr=0xf, range=[0x000000000d32a000-0x000000000d352000) (0MB)
<6>1 2015-02-11T17:32:19.496304-06:00 c0-0c0s0n1 kernel - p0-20150211t172524 - EFI: mem183: type=7, attr=0xf, range=[0x000000000d352000-0x000000000d36f000) (0MB)
<6>1 2015-02-11T17:32:19.496306-06:00 c0-0c0s0n1 kernel - p0-20150211t172524 - EFI: mem184: type=4, attr=0xf, range=[0x000000000d36f000-0x000000000d398000) (0MB)
<6>1 2015-02-11T17:32:19.496307-06:00 c0-0c0s0n1 kernel - p0-20150211t172524 - EFI: mem185: type=7, attr=0xf, range=[0x000000000d398000-0x000000000d3b4000) (0MB)
<6>1 2015-02-11T17:32:19.496307-06:00 c0-0c0s0n1 kernel - p0-20150211t172524 - EFI: mem186: type=4, attr=0xf, range=[0x000000000d3b4000-0x000000000d3b5000) (0MB)
<6>1 2015-02-11T17:32:19.496307-06:00 c0-0c0s0n1 kernel - p0-20150211t172524 - EFI: mem187: type=7, attr=0xf, range=[0x000000000d3b5000-0x000000000d3b7000) (0MB)
<6>1 2015-02-11T17:32:19.496308-06:00 c0-0c0s0n1 kernel - p0-20150211t172524 - EFI: mem188: type=4, attr=0xf, range=[0x000000000d3b7000-0x000000000d3de000) (0MB)
<6>1 2015-02-11T17:32:19.496309-06:00 c0-0c0s0n1 kernel - p0-20150211t172524 - EFI: mem189: type=7, attr=0xf, range=[0x000000000d3de000-0x000000000d3fd000) (0MB)
<6>1 2015-02-11T17:32:19.496309-06:00 c0-0c0s0n1 kernel - p0-20150211t172524 - EFI: mem190: type=4, attr=0xf, range=[0x000000000d3fd000-0x000000000d426000) (0MB)
<6>1 2015-02-11T17:32:19.496324-06:00 c0-0c0s0n1 kernel - p0-20150211t172524 - EFI: mem191: type=7, attr=0xf, range=[0x000000000d426000-0x000000000d443000) (0MB)
<6>1 2015-02-11T17:32:19.496326-06:00 c0-0c0s0n1 kernel - p0-20150211t172524 - EFI: mem192: type=4, attr=0xf, range=[0x000000000d443000-0x000000000d46c000) (0MB)
<6>1 2015-02-11T17:32:19.496326-06:00 c0-0c0s0n1 kernel - p0-20150211t172524 - EFI: mem193: type=7, attr=0xf, range=[0x000000000d46c000-0x000000000d487000) (0MB)
<6>1 2015-02-11T17:32:19.496327-06:00 c0-0c0s0n1 kernel - p0-20150211t172524 - EFI: mem194: type=4, attr=0xf, range=[0x000000000d487000-0x000000000d488000) (0MB)
<6>1 2015-02-11T17:32:19.496327-06:00 c0-0c0s0n1 kernel - p0-20150211t172524 - EFI: mem195: type=7, attr=0xf, range=[0x000000000d488000-0x000000000d48b000) (0MB)
<6>1 2015-02-11T17:32:19.496328-06:00 c0-0c0s0n1 kernel - p0-20150211t172524 - EFI: mem196: type=4, attr=0xf, range=[0x000000000d48b000-0x000000000d4b2000) (0MB)
<6>1 2015-02-11T17:32:19.496328-06:00 c0-0c0s0n1 kernel - p0-20150211t172524 - EFI: mem197: type=7, attr=0xf, range=[0x000000000d4b2000-0x000000000d4ce000) (0MB)
<6>1 2015-02-11T17:32:19.496330-06:00 c0-0c0s0n1 kernel - p0-20150211t172524 - EFI: mem198: type=4, attr=0xf, range=[0x000000000d4ce000-0x000000000d4cf000) (0MB)
<6>1 2015-02-11T17:32:19.496331-06:00 c0-0c0s0n1 kernel - p0-20150211t172524 - EFI: mem199: type=7, attr=0xf, range=[0x000000000d4cf000-0x000000000d4d1000) (0MB)
<6>1 2015-02-11T17:32:19.496332-06:00 c0-0c0s0n1 kernel - p0-20150211t172524 - EFI: mem200: type=4, attr=0xf, range=[0x000000000d4d1000-0x000000000d4d2000) (0MB)
<6>1 2015-02-11T17:32:19.496332-06:00 c0-0c0s0n1 kernel - p0-20150211t172524 - EFI: mem201: type=7, attr=0xf, range=[0x000000000d4d2000-0x000000000d4d3000) (0MB)
<6>1 2015-02-11T17:32:19.496333-06:00 c0-0c0s0n1 kernel - p0-20150211t172524 - EFI: mem202: type=4, attr=0xf, range=[0x000000000d4d3000-0x000000000d4fa000) (0MB)
<6>1 2015-02-11T17:32:19.496333-06:00 c0-0c0s0n1 kernel - p0-20150211t172524 - EFI: mem203: type=7, attr=0xf, range=[0x000000000d4fa000-0x000000000d519000) (0MB)
<6>1 2015-02-11T17:32:19.496334-06:00 c0-0c0s0n1 kernel - p0-20150211t172524 - EFI: mem204: type=4, attr=0xf, range=[0x000000000d519000-0x000000000d541000) (0MB)
<6>1 2015-02-11T17:32:19.496337-06:00 c0-0c0s0n1 kernel - p0-20150211t172524 - EFI: mem205: type=7, attr=0xf, range=[0x000000000d541000-0x000000000d55b000) (0MB)
<6>1 2015-02-11T17:32:19.496338-06:00 c0-0c0s0n1 kernel - p0-20150211t172524 - EFI: mem206: type=4, attr=0xf, range=[0x000000000d55b000-0x000000000d55c000) (0MB)
<6>1 2015-02-11T17:32:19.496339-06:00 c0-0c0s0n1 kernel - p0-20150211t172524 - EFI: mem207: type=7, attr=0xf, range=[0x000000000d55c000-0x000000000d55e000) (0MB)
<6>1 2015-02-11T17:32:19.496339-06:00 c0-0c0s0n1 kernel - p0-20150211t172524 - EFI: mem208: type=4, attr=0xf, range=[0x000000000d55e000-0x000000000d55f000) (0MB)
<6>1 2015-02-11T17:32:19.496340-06:00 c0-0c0s0n1 kernel - p0-20150211t172524 - EFI: mem209: type=7, attr=0xf, range=[0x000000000d55f000-0x000000000d560000) (0MB)
<6>1 2015-02-11T17:32:19.496340-06:00 c0-0c0s0n1 kernel - p0-20150211t172524 - EFI: mem210: type=4, attr=0xf, range=[0x000000000d560000-0x000000000d586000) (0MB)
<6>1 2015-02-11T17:32:19.496341-06:00 c0-0c0s0n1 kernel - p0-20150211t172524 - EFI: mem211: type=7, attr=0xf, range=[0x000000000d586000-0x000000000d5a4000) (0MB)
<6>1 2015-02-11T17:32:19.496343-06:00 c0-0c0s0n1 kernel - p0-20150211t172524 - EFI: mem212: type=4, attr=0xf, range=[0x000000000d5a4000-0x000000000d5cd000) (0MB)
<6>1 2015-02-11T17:32:19.496344-06:00 c0-0c0s0n1 kernel - p0-20150211t172524 - EFI: mem213: type=7, attr=0xf, range=[0x000000000d5cd000-0x000000000d5ec000) (0MB)
<6>1 2015-02-11T17:32:19.496344-06:00 c0-0c0s0n1 kernel - p0-20150211t172524 - EFI: mem214: type=4, attr=0xf, range=[0x000000000d5ec000-0x000000000d615000) (0MB)
<6>1 2015-02-11T17:32:19.496345-06:00 c0-0c0s0n1 kernel - p0-20150211t172524 - EFI: mem215: type=7, attr=0xf, range=[0x000000000d615000-0x000000000d630000) (0MB)
<6>1 2015-02-11T17:32:19.496345-06:00 c0-0c0s0n1 kernel - p0-20150211t172524 - EFI: mem216: type=4, attr=0xf, range=[0x000000000d630000-0x000000000d631000) (0MB)
<6>1 2015-02-11T17:32:19.496346-06:00 c0-0c0s0n1 kernel - p0-20150211t172524 - EFI: mem217: type=7, attr=0xf, range=[0x000000000d631000-0x000000000d633000) (0MB)
<6>1 2015-02-11T17:32:19.496346-06:00 c0-0c0s0n1 kernel - p0-20150211t172524 - EFI: mem218: type=4, attr=0xf, range=[0x000000000d633000-0x000000000d65a000) (0MB)
<6>1 2015-02-11T17:32:19.496348-06:00 c0-0c0s0n1 kernel - p0-20150211t172524 - EFI: mem219: type=7, attr=0xf, range=[0x000000000d65a000-0x000000000d678000) (0MB)
<6>1 2015-02-11T17:32:19.496349-06:00 c0-0c0s0n1 kernel - p0-20150211t172524 - EFI: mem220: type=4, attr=0xf, range=[0x000000000d678000-0x000000000d6a1000) (0MB)
<6>1 2015-02-11T17:32:19.496350-06:00 c0-0c0s0n1 kernel - p0-20150211t172524 - EFI: mem221: type=7, attr=0xf, range=[0x000000000d6a1000-0x000000000d6be000) (0MB)
<6>1 2015-02-11T17:32:19.496350-06:00 c0-0c0s0n1 kernel - p0-20150211t172524 - EFI: mem222: type=4, attr=0xf, range=[0x000000000d6be000-0x000000000d6c0000) (0MB)
<6>1 2015-02-11T17:32:19.496351-06:00 c0-0c0s0n1 kernel - p0-20150211t172524 - EFI: mem223: type=7, attr=0xf, range=[0x000000000d6c0000-0x000000000d6c1000) (0MB)
<6>1 2015-02-11T17:32:19.496351-06:00 c0-0c0s0n1 kernel - p0-20150211t172524 - EFI: mem224: type=4, attr=0xf, range=[0x000000000d6c1000-0x000000000d6e8000) (0MB)
<6>1 2015-02-11T17:32:19.496352-06:00 c0-0c0s0n1 kernel - p0-20150211t172524 - EFI: mem225: type=7, attr=0xf, range=[0x000000000d6e8000-0x000000000d704000) (0MB)
<6>1 2015-02-11T17:32:19.496354-06:00 c0-0c0s0n1 kernel - p0-20150211t172524 - EFI: mem226: type=4, attr=0xf, range=[0x000000000d704000-0x000000000d705000) (0MB)
<6>1 2015-02-11T17:32:19.496355-06:00 c0-0c0s0n1 kernel - p0-20150211t172524 - EFI: mem227: type=7, attr=0xf, range=[0x000000000d705000-0x000000000d708000) (0MB)
<6>1 2015-02-11T17:32:19.496355-06:00 c0-0c0s0n1 kernel - p0-20150211t172524 - EFI: mem228: type=4, attr=0xf, range=[0x000000000d708000-0x000000000d72f000) (0MB)
<6>1 2015-02-11T17:32:19.496356-06:00 c0-0c0s0n1 kernel - p0-20150211t172524 - EFI: mem229: type=7, attr=0xf, range=[0x000000000d72f000-0x000000000d74c000) (0MB)
<6>1 2015-02-11T17:32:19.496356-06:00 c0-0c0s0n1 kernel - p0-20150211t172524 - EFI: mem230: type=4, attr=0xf, range=[0x000000000d74c000-0x000000000d74d000) (0MB)
<6>1 2015-02-11T17:32:19.496357-06:00 c0-0c0s0n1 kernel - p0-20150211t172524 - EFI: mem231: type=7, attr=0xf, range=[0x000000000d74d000-0x000000000d74e000) (0MB)
<6>1 2015-02-11T17:32:19.496357-06:00 c0-0c0s0n1 kernel - p0-20150211t172524 - EFI: mem232: type=4, attr=0xf, range=[0x000000000d74e000-0x000000000d776000) (0MB)
<6>1 2015-02-11T17:32:19.496360-06:00 c0-0c0s0n1 kernel - p0-20150211t172524 - EFI: mem233: type=7, attr=0xf, range=[0x000000000d776000-0x000000000d793000) (0MB)
<6>1 2015-02-11T17:32:19.496360-06:00 c0-0c0s0n1 kernel - p0-20150211t172524 - EFI: mem234: type=4, attr=0xf, range=[0x000000000d793000-0x000000000d7bc000) (0MB)
<6>1 2015-02-11T17:32:19.496361-06:00 c0-0c0s0n1 kernel - p0-20150211t172524 - EFI: mem235: type=7, attr=0xf, range=[0x000000000d7bc000-0x000000000d7d8000) (0MB)
<6>1 2015-02-11T17:32:19.496361-06:00 c0-0c0s0n1 kernel - p0-20150211t172524 - EFI: mem236: type=4, attr=0xf, range=[0x000000000d7d8000-0x000000000d7d9000) (0MB)
<6>1 2015-02-11T17:32:19.496362-06:00 c0-0c0s0n1 kernel - p0-20150211t172524 - EFI: mem237: type=7, attr=0xf, range=[0x000000000d7d9000-0x000000000d7db000) (0MB)
<6>1 2015-02-11T17:32:19.496362-06:00 c0-0c0s0n1 kernel - p0-20150211t172524 - EFI: mem238: type=4, attr=0xf, range=[0x000000000d7db000-0x000000000d802000) (0MB)
<6>1 2015-02-11T17:32:19.496363-06:00 c0-0c0s0n1 kernel - p0-20150211t172524 - EFI: mem239: type=7, attr=0xf, range=[0x000000000d802000-0x000000000d821000) (0MB)
<6>1 2015-02-11T17:32:19.496363-06:00 c0-0c0s0n1 kernel - p0-20150211t172524 - EFI: mem240: type=4, attr=0xf, range=[0x000000000d821000-0x000000000d84a000) (0MB)
<6>1 2015-02-11T17:32:19.496365-06:00 c0-0c0s0n1 kernel - p0-20150211t172524 - EFI: mem241: type=7, attr=0xf, range=[0x000000000d84a000-0x000000000d867000) (0MB)
<6>1 2015-02-11T17:32:19.496366-06:00 c0-0c0s0n1 kernel - p0-20150211t172524 - EFI: mem242: type=4, attr=0xf, range=[0x000000000d867000-0x000000000d890000) (0MB)
<6>1 2015-02-11T17:32:19.496367-06:00 c0-0c0s0n1 kernel - p0-20150211t172524 - EFI: mem243: type=7, attr=0xf, range=[0x000000000d890000-0x000000000d8ab000) (0MB)
<6>1 2015-02-11T17:32:19.496367-06:00 c0-0c0s0n1 kernel - p0-20150211t172524 - EFI: mem244: type=4, attr=0xf, range=[0x000000000d8ab000-0x000000000d8ac000) (0MB)
<6>1 2015-02-11T17:32:19.496368-06:00 c0-0c0s0n1 kernel - p0-20150211t172524 - EFI: mem245: type=7, attr=0xf, range=[0x000000000d8ac000-0x000000000d8af000) (0MB)
<6>1 2015-02-11T17:32:19.496368-06:00 c0-0c0s0n1 kernel - p0-20150211t172524 - EFI: mem246: type=4, attr=0xf, range=[0x000000000d8af000-0x000000000d8d6000) (0MB)
<6>1 2015-02-11T17:32:19.496369-06:00 c0-0c0s0n1 kernel - p0-20150211t172524 - EFI: mem247: type=7, attr=0xf, range=[0x000000000d8d6000-0x000000000d8f2000) (0MB)
<6>1 2015-02-11T17:32:19.496371-06:00 c0-0c0s0n1 kernel - p0-20150211t172524 - EFI: mem248: type=4, attr=0xf, range=[0x000000000d8f2000-0x000000000d8f3000) (0MB)
<6>1 2015-02-11T17:32:19.496383-06:00 c0-0c0s0n1 kernel - p0-20150211t172524 - EFI: mem249: type=7, attr=0xf, range=[0x000000000d8f3000-0x000000000d8f5000) (0MB)
<6>1 2015-02-11T17:32:19.496384-06:00 c0-0c0s0n1 kernel - p0-20150211t172524 - EFI: mem250: type=4, attr=0xf, range=[0x000000000d8f5000-0x000000000d8f6000) (0MB)
<6>1 2015-02-11T17:32:19.496384-06:00 c0-0c0s0n1 kernel - p0-20150211t172524 - EFI: mem251: type=7, attr=0xf, range=[0x000000000d8f6000-0x000000000d8f7000) (0MB)
<6>1 2015-02-11T17:32:19.496385-06:00 c0-0c0s0n1 kernel - p0-20150211t172524 - EFI: mem252: type=4, attr=0xf, range=[0x000000000d8f7000-0x000000000d91e000) (0MB)
<6>1 2015-02-11T17:32:19.496385-06:00 c0-0c0s0n1 kernel - p0-20150211t172524 - EFI: mem253: type=7, attr=0xf, range=[0x000000000d91e000-0x000000000d93d000) (0MB)
<6>1 2015-02-11T17:32:19.496386-06:00 c0-0c0s0n1 kernel - p0-20150211t172524 - EFI: mem254: type=4, attr=0xf, range=[0x000000000d93d000-0x000000000d965000) (0MB)
<6>1 2015-02-11T17:32:19.496388-06:00 c0-0c0s0n1 kernel - p0-20150211t172524 - EFI: mem255: type=7, attr=0xf, range=[0x000000000d965000-0x000000000d97f000) (0MB)
<6>1 2015-02-11T17:32:19.496389-06:00 c0-0c0s0n1 kernel - p0-20150211t172524 - EFI: mem256: type=4, attr=0xf, range=[0x000000000d97f000-0x000000000d980000) (0MB)
<6>1 2015-02-11T17:32:19.496390-06:00 c0-0c0s0n1 kernel - p0-20150211t172524 - EFI: mem257: type=7, attr=0xf, range=[0x000000000d980000-0x000000000d982000) (0MB)
<6>1 2015-02-11T17:32:19.496390-06:00 c0-0c0s0n1 kernel - p0-20150211t172524 - EFI: mem258: type=4, attr=0xf, range=[0x000000000d982000-0x000000000d983000) (0MB)
<6>1 2015-02-11T17:32:19.496391-06:00 c0-0c0s0n1 kernel - p0-20150211t172524 - EFI: mem259: type=7, attr=0xf, range=[0x000000000d983000-0x000000000d984000) (0MB)
<6>1 2015-02-11T17:32:19.496391-06:00 c0-0c0s0n1 kernel - p0-20150211t172524 - EFI: mem260: type=4, attr=0xf, range=[0x000000000d984000-0x000000000d9aa000) (0MB)
<6>1 2015-02-11T17:32:19.496392-06:00 c0-0c0s0n1 kernel - p0-20150211t172524 - EFI: mem261: type=7, attr=0xf, range=[0x000000000d9aa000-0x000000000d9c8000) (0MB)
<6>1 2015-02-11T17:32:19.496394-06:00 c0-0c0s0n1 kernel - p0-20150211t172524 - EFI: mem262: type=4, attr=0xf, range=[0x000000000d9c8000-0x000000000d9f1000) (0MB)
<6>1 2015-02-11T17:32:19.496395-06:00 c0-0c0s0n1 kernel - p0-20150211t172524 - EFI: mem263: type=7, attr=0xf, range=[0x000000000d9f1000-0x000000000da10000) (0MB)
<6>1 2015-02-11T17:32:19.496396-06:00 c0-0c0s0n1 kernel - p0-20150211t172524 - EFI: mem264: type=4, attr=0xf, range=[0x000000000da10000-0x000000000da39000) (0MB)
<6>1 2015-02-11T17:32:19.496396-06:00 c0-0c0s0n1 kernel - p0-20150211t172524 - EFI: mem265: type=7, attr=0xf, range=[0x000000000da39000-0x000000000da54000) (0MB)
<6>1 2015-02-11T17:32:19.496397-06:00 c0-0c0s0n1 kernel - p0-20150211t172524 - EFI: mem266: type=4, attr=0xf, range=[0x000000000da54000-0x000000000da55000) (0MB)
<6>1 2015-02-11T17:32:19.496397-06:00 c0-0c0s0n1 kernel - p0-20150211t172524 - EFI: mem267: type=7, attr=0xf, range=[0x000000000da55000-0x000000000da57000) (0MB)
<6>1 2015-02-11T17:32:19.496398-06:00 c0-0c0s0n1 kernel - p0-20150211t172524 - EFI: mem268: type=4, attr=0xf, range=[0x000000000da57000-0x000000000da7e000) (0MB)
<6>1 2015-02-11T17:32:19.496400-06:00 c0-0c0s0n1 kernel - p0-20150211t172524 - EFI: mem269: type=7, attr=0xf, range=[0x000000000da7e000-0x000000000da9c000) (0MB)
<6>1 2015-02-11T17:32:19.496401-06:00 c0-0c0s0n1 kernel - p0-20150211t172524 - EFI: mem270: type=4, attr=0xf, range=[0x000000000da9c000-0x000000000dac5000) (0MB)
<6>1 2015-02-11T17:32:19.496401-06:00 c0-0c0s0n1 kernel - p0-20150211t172524 - EFI: mem271: type=7, attr=0xf, range=[0x000000000dac5000-0x000000000dae2000) (0MB)
<6>1 2015-02-11T17:32:19.496402-06:00 c0-0c0s0n1 kernel - p0-20150211t172524 - EFI: mem272: type=4, attr=0xf, range=[0x000000000dae2000-0x000000000dae4000) (0MB)
<6>1 2015-02-11T17:32:19.496402-06:00 c0-0c0s0n1 kernel - p0-20150211t172524 - EFI: mem273: type=7, attr=0xf, range=[0x000000000dae4000-0x000000000dae5000) (0MB)
<6>1 2015-02-11T17:32:19.496403-06:00 c0-0c0s0n1 kernel - p0-20150211t172524 - EFI: mem274: type=4, attr=0xf, range=[0x000000000dae5000-0x000000000db0c000) (0MB)
<6>1 2015-02-11T17:32:19.496403-06:00 c0-0c0s0n1 kernel - p0-20150211t172524 - EFI: mem275: type=7, attr=0xf, range=[0x000000000db0c000-0x000000000db28000) (0MB)
<6>1 2015-02-11T17:32:19.496406-06:00 c0-0c0s0n1 kernel - p0-20150211t172524 - EFI: mem276: type=4, attr=0xf, range=[0x000000000db28000-0x000000000db29000) (0MB)
<6>1 2015-02-11T17:32:19.496407-06:00 c0-0c0s0n1 kernel - p0-20150211t172524 - EFI: mem277: type=7, attr=0xf, range=[0x000000000db29000-0x000000000db2c000) (0MB)
<6>1 2015-02-11T17:32:19.496407-06:00 c0-0c0s0n1 kernel - p0-20150211t172524 - EFI: mem278: type=4, attr=0xf, range=[0x000000000db2c000-0x000000000db53000) (0MB)
<6>1 2015-02-11T17:32:19.496408-06:00 c0-0c0s0n1 kernel - p0-20150211t172524 - EFI: mem279: type=7, attr=0xf, range=[0x000000000db53000-0x000000000db70000) (0MB)
<6>1 2015-02-11T17:32:19.496408-06:00 c0-0c0s0n1 kernel - p0-20150211t172524 - EFI: mem280: type=4, attr=0xf, range=[0x000000000db70000-0x000000000db71000) (0MB)
<6>1 2015-02-11T17:32:19.496409-06:00 c0-0c0s0n1 kernel - p0-20150211t172524 - EFI: mem281: type=7, attr=0xf, range=[0x000000000db71000-0x000000000db72000) (0MB)
<6>1 2015-02-11T17:32:19.496409-06:00 c0-0c0s0n1 kernel - p0-20150211t172524 - EFI: mem282: type=4, attr=0xf, range=[0x000000000db72000-0x000000000db9a000) (0MB)
<6>1 2015-02-11T17:32:19.496412-06:00 c0-0c0s0n1 kernel - p0-20150211t172524 - EFI: mem283: type=7, attr=0xf, range=[0x000000000db9a000-0x000000000dbb7000) (0MB)
<6>1 2015-02-11T17:32:19.496413-06:00 c0-0c0s0n1 kernel - p0-20150211t172524 - EFI: mem284: type=4, attr=0xf, range=[0x000000000dbb7000-0x000000000dbe0000) (0MB)
<6>1 2015-02-11T17:32:19.496414-06:00 c0-0c0s0n1 kernel - p0-20150211t172524 - EFI: mem285: type=7, attr=0xf, range=[0x000000000dbe0000-0x000000000dbfc000) (0MB)
<6>1 2015-02-11T17:32:19.496414-06:00 c0-0c0s0n1 kernel - p0-20150211t172524 - EFI: mem286: type=4, attr=0xf, range=[0x000000000dbfc000-0x000000000dbfd000) (0MB)
<6>1 2015-02-11T17:32:19.496415-06:00 c0-0c0s0n1 kernel - p0-20150211t172524 - EFI: mem287: type=7, attr=0xf, range=[0x000000000dbfd000-0x000000000dbff000) (0MB)
<6>1 2015-02-11T17:32:19.496415-06:00 c0-0c0s0n1 kernel - p0-20150211t172524 - EFI: mem288: type=4, attr=0xf, range=[0x000000000dbff000-0x000000000dc26000) (0MB)
<6>1 2015-02-11T17:32:19.496415-06:00 c0-0c0s0n1 kernel - p0-20150211t172524 - EFI: mem289: type=7, attr=0xf, range=[0x000000000dc26000-0x000000000dc45000) (0MB)
<6>1 2015-02-11T17:32:19.496418-06:00 c0-0c0s0n1 kernel - p0-20150211t172524 - EFI: mem290: type=4, attr=0xf, range=[0x000000000dc45000-0x000000000dc6e000) (0MB)
<6>1 2015-02-11T17:32:19.496419-06:00 c0-0c0s0n1 kernel - p0-20150211t172524 - EFI: mem291: type=7, attr=0xf, range=[0x000000000dc6e000-0x000000000dc8b000) (0MB)
<6>1 2015-02-11T17:32:19.496419-06:00 c0-0c0s0n1 kernel - p0-20150211t172524 - EFI: mem292: type=4, attr=0xf, range=[0x000000000dc8b000-0x000000000dcb4000) (0MB)
<6>1 2015-02-11T17:32:19.496420-06:00 c0-0c0s0n1 kernel - p0-20150211t172524 - EFI: mem293: type=7, attr=0xf, range=[0x000000000dcb4000-0x000000000dcd8000) (0MB)
<6>1 2015-02-11T17:32:19.496420-06:00 c0-0c0s0n1 kernel - p0-20150211t172524 - EFI: mem294: type=4, attr=0xf, range=[0x000000000dcd8000-0x000000000dd00000) (0MB)
<6>1 2015-02-11T17:32:19.496421-06:00 c0-0c0s0n1 kernel - p0-20150211t172524 - EFI: mem295: type=7, attr=0xf, range=[0x000000000dd00000-0x000000000dd1b000) (0MB)
<6>1 2015-02-11T17:32:19.496421-06:00 c0-0c0s0n1 kernel - p0-20150211t172524 - EFI: mem296: type=4, attr=0xf, range=[0x000000000dd1b000-0x000000000dd1c000) (0MB)
<6>1 2015-02-11T17:32:19.496424-06:00 c0-0c0s0n1 kernel - p0-20150211t172524 - EFI: mem297: type=7, attr=0xf, range=[0x000000000dd1c000-0x000000000dd1e000) (0MB)
<6>1 2015-02-11T17:32:19.496425-06:00 c0-0c0s0n1 kernel - p0-20150211t172524 - EFI: mem298: type=4, attr=0xf, range=[0x000000000dd1e000-0x000000000dd46000) (0MB)
<6>1 2015-02-11T17:32:19.496425-06:00 c0-0c0s0n1 kernel - p0-20150211t172524 - EFI: mem299: type=7, attr=0xf, range=[0x000000000dd46000-0x000000000dd63000) (0MB)
<6>1 2015-02-11T17:32:19.496426-06:00 c0-0c0s0n1 kernel - p0-20150211t172524 - EFI: mem300: type=4, attr=0xf, range=[0x000000000dd63000-0x000000000dd65000) (0MB)
<6>1 2015-02-11T17:32:19.496426-06:00 c0-0c0s0n1 kernel - p0-20150211t172524 - EFI: mem301: type=7, attr=0xf, range=[0x000000000dd65000-0x000000000dd66000) (0MB)
<6>1 2015-02-11T17:32:19.496427-06:00 c0-0c0s0n1 kernel - p0-20150211t172524 - EFI: mem302: type=4, attr=0xf, range=[0x000000000dd66000-0x000000000dd8d000) (0MB)
<6>1 2015-02-11T17:32:19.496427-06:00 c0-0c0s0n1 kernel - p0-20150211t172524 - EFI: mem303: type=7, attr=0xf, range=[0x000000000dd8d000-0x000000000ddac000) (0MB)
<6>1 2015-02-11T17:32:19.496428-06:00 c0-0c0s0n1 kernel - p0-20150211t172524 - EFI: mem304: type=4, attr=0xf, range=[0x000000000ddac000-0x000000000ddd4000) (0MB)
<6>1 2015-02-11T17:32:19.496430-06:00 c0-0c0s0n1 kernel - p0-20150211t172524 - EFI: mem305: type=7, attr=0xf, range=[0x000000000ddd4000-0x000000000ddee000) (0MB)
<6>1 2015-02-11T17:32:19.496431-06:00 c0-0c0s0n1 kernel - p0-20150211t172524 - EFI: mem306: type=4, attr=0xf, range=[0x000000000ddee000-0x000000000ddef000) (0MB)
<6>1 2015-02-11T17:32:19.496431-06:00 c0-0c0s0n1 kernel - p0-20150211t172524 - EFI: mem307: type=7, attr=0xf, range=[0x000000000ddef000-0x000000000ddf1000) (0MB)
<6>1 2015-02-11T17:32:19.496432-06:00 c0-0c0s0n1 kernel - p0-20150211t172524 - EFI: mem308: type=4, attr=0xf, range=[0x000000000ddf1000-0x000000000ddf3000) (0MB)
<6>1 2015-02-11T17:32:19.496432-06:00 c0-0c0s0n1 kernel - p0-20150211t172524 - EFI: mem309: type=7, attr=0xf, range=[0x000000000ddf3000-0x000000000ddf4000) (0MB)
<6>1 2015-02-11T17:32:19.496444-06:00 c0-0c0s0n1 kernel - p0-20150211t172524 - EFI: mem310: type=4, attr=0xf, range=[0x000000000ddf4000-0x000000000de1a000) (0MB)
<6>1 2015-02-11T17:32:19.496445-06:00 c0-0c0s0n1 kernel - p0-20150211t172524 - EFI: mem311: type=7, attr=0xf, range=[0x000000000de1a000-0x000000000de37000) (0MB)
<6>1 2015-02-11T17:32:19.496447-06:00 c0-0c0s0n1 kernel - p0-20150211t172524 - EFI: mem312: type=4, attr=0xf, range=[0x000000000de37000-0x000000000de60000) (0MB)
<6>1 2015-02-11T17:32:19.496448-06:00 c0-0c0s0n1 kernel - p0-20150211t172524 - EFI: mem313: type=7, attr=0xf, range=[0x000000000de60000-0x000000000de80000) (0MB)
<6>1 2015-02-11T17:32:19.496449-06:00 c0-0c0s0n1 kernel - p0-20150211t172524 - EFI: mem314: type=4, attr=0xf, range=[0x000000000de80000-0x000000000dea8000) (0MB)
<6>1 2015-02-11T17:32:19.496449-06:00 c0-0c0s0n1 kernel - p0-20150211t172524 - EFI: mem315: type=7, attr=0xf, range=[0x000000000dea8000-0x000000000dec2000) (0MB)
<6>1 2015-02-11T17:32:19.496450-06:00 c0-0c0s0n1 kernel - p0-20150211t172524 - EFI: mem316: type=4, attr=0xf, range=[0x000000000dec2000-0x000000000dec3000) (0MB)
<6>1 2015-02-11T17:32:19.496450-06:00 c0-0c0s0n1 kernel - p0-20150211t172524 - EFI: mem317: type=7, attr=0xf, range=[0x000000000dec3000-0x000000000dec6000) (0MB)
<6>1 2015-02-11T17:32:19.496451-06:00 c0-0c0s0n1 kernel - p0-20150211t172524 - EFI: mem318: type=4, attr=0xf, range=[0x000000000dec6000-0x000000000deee000) (0MB)
<6>1 2015-02-11T17:32:19.496453-06:00 c0-0c0s0n1 kernel - p0-20150211t172524 - EFI: mem319: type=7, attr=0xf, range=[0x000000000deee000-0x000000000df0c000) (0MB)
<6>1 2015-02-11T17:32:19.496454-06:00 c0-0c0s0n1 kernel - p0-20150211t172524 - EFI: mem320: type=4, attr=0xf, range=[0x000000000df0c000-0x000000000df0d000) (0MB)
<6>1 2015-02-11T17:32:19.496454-06:00 c0-0c0s0n1 kernel - p0-20150211t172524 - EFI: mem321: type=7, attr=0xf, range=[0x000000000df0d000-0x000000000df0e000) (0MB)
<6>1 2015-02-11T17:32:19.496455-06:00 c0-0c0s0n1 kernel - p0-20150211t172524 - EFI: mem322: type=4, attr=0xf, range=[0x000000000df0e000-0x000000000df35000) (0MB)
<6>1 2015-02-11T17:32:19.496455-06:00 c0-0c0s0n1 kernel - p0-20150211t172524 - EFI: mem323: type=7, attr=0xf, range=[0x000000000df35000-0x000000000df52000) (0MB)
<6>1 2015-02-11T17:32:19.496456-06:00 c0-0c0s0n1 kernel - p0-20150211t172524 - EFI: mem324: type=4, attr=0xf, range=[0x000000000df52000-0x000000000df53000) (0MB)
<6>1 2015-02-11T17:32:19.496456-06:00 c0-0c0s0n1 kernel - p0-20150211t172524 - EFI: mem325: type=7, attr=0xf, range=[0x000000000df53000-0x000000000df54000) (0MB)
<6>1 2015-02-11T17:32:19.496458-06:00 c0-0c0s0n1 kernel - p0-20150211t172524 - EFI: mem326: type=4, attr=0xf, range=[0x000000000df54000-0x000000000df7b000) (0MB)
<6>1 2015-02-11T17:32:19.496459-06:00 c0-0c0s0n1 kernel - p0-20150211t172524 - EFI: mem327: type=7, attr=0xf, range=[0x000000000df7b000-0x000000000df97000) (0MB)
<6>1 2015-02-11T17:32:19.496460-06:00 c0-0c0s0n1 kernel - p0-20150211t172524 - EFI: mem328: type=4, attr=0xf, range=[0x000000000df97000-0x000000000df98000) (0MB)
<6>1 2015-02-11T17:32:19.496460-06:00 c0-0c0s0n1 kernel - p0-20150211t172524 - EFI: mem329: type=7, attr=0xf, range=[0x000000000df98000-0x000000000df9a000) (0MB)
<6>1 2015-02-11T17:32:19.496461-06:00 c0-0c0s0n1 kernel - p0-20150211t172524 - EFI: mem330: type=4, attr=0xf, range=[0x000000000df9a000-0x000000000dfc2000) (0MB)
<6>1 2015-02-11T17:32:19.496461-06:00 c0-0c0s0n1 kernel - p0-20150211t172524 - EFI: mem331: type=7, attr=0xf, range=[0x000000000dfc2000-0x000000000dfdf000) (0MB)
<6>1 2015-02-11T17:32:19.496462-06:00 c0-0c0s0n1 kernel - p0-20150211t172524 - EFI: mem332: type=4, attr=0xf, range=[0x000000000dfdf000-0x000000000dfe1000) (0MB)
<6>1 2015-02-11T17:32:19.496464-06:00 c0-0c0s0n1 kernel - p0-20150211t172524 - EFI: mem333: type=7, attr=0xf, range=[0x000000000dfe1000-0x000000000dfe2000) (0MB)
<6>1 2015-02-11T17:32:19.496465-06:00 c0-0c0s0n1 kernel - p0-20150211t172524 - EFI: mem334: type=4, attr=0xf, range=[0x000000000dfe2000-0x000000000e009000) (0MB)
<6>1 2015-02-11T17:32:19.496465-06:00 c0-0c0s0n1 kernel - p0-20150211t172524 - EFI: mem335: type=7, attr=0xf, range=[0x000000000e009000-0x000000000e027000) (0MB)
<6>1 2015-02-11T17:32:19.496466-06:00 c0-0c0s0n1 kernel - p0-20150211t172524 - EFI: mem336: type=4, attr=0xf, range=[0x000000000e027000-0x000000000e04f000) (0MB)
<6>1 2015-02-11T17:32:19.496466-06:00 c0-0c0s0n1 kernel - p0-20150211t172524 - EFI: mem337: type=7, attr=0xf, range=[0x000000000e04f000-0x000000000e06b000) (0MB)
<6>1 2015-02-11T17:32:19.496467-06:00 c0-0c0s0n1 kernel - p0-20150211t172524 - EFI: mem338: type=4, attr=0xf, range=[0x000000000e06b000-0x000000000e06c000) (0MB)
<6>1 2015-02-11T17:32:19.496467-06:00 c0-0c0s0n1 kernel - p0-20150211t172524 - EFI: mem339: type=7, attr=0xf, range=[0x000000000e06c000-0x000000000e06d000) (0MB)
<6>1 2015-02-11T17:32:19.496469-06:00 c0-0c0s0n1 kernel - p0-20150211t172524 - EFI: mem340: type=4, attr=0xf, range=[0x000000000e06d000-0x000000000e06f000) (0MB)
<6>1 2015-02-11T17:32:19.496470-06:00 c0-0c0s0n1 kernel - p0-20150211t172524 - EFI: mem341: type=7, attr=0xf, range=[0x000000000e06f000-0x000000000e070000) (0MB)
<6>1 2015-02-11T17:32:19.496471-06:00 c0-0c0s0n1 kernel - p0-20150211t172524 - EFI: mem342: type=4, attr=0xf, range=[0x000000000e070000-0x000000000e096000) (0MB)
<6>1 2015-02-11T17:32:19.496471-06:00 c0-0c0s0n1 kernel - p0-20150211t172524 - EFI: mem343: type=7, attr=0xf, range=[0x000000000e096000-0x000000000e0b2000) (0MB)
<6>1 2015-02-11T17:32:19.496471-06:00 c0-0c0s0n1 kernel - p0-20150211t172524 - EFI: mem344: type=4, attr=0xf, range=[0x000000000e0b2000-0x000000000e0b3000) (0MB)
<6>1 2015-02-11T17:32:19.496472-06:00 c0-0c0s0n1 kernel - p0-20150211t172524 - EFI: mem345: type=7, attr=0xf, range=[0x000000000e0b3000-0x000000000e0b5000) (0MB)
<6>1 2015-02-11T17:32:19.496472-06:00 c0-0c0s0n1 kernel - p0-20150211t172524 - EFI: mem346: type=4, attr=0xf, range=[0x000000000e0b5000-0x000000000e0dd000) (0MB)
<6>1 2015-02-11T17:32:19.496475-06:00 c0-0c0s0n1 kernel - p0-20150211t172524 - EFI: mem347: type=7, attr=0xf, range=[0x000000000e0dd000-0x000000000e0fc000) (0MB)
<6>1 2015-02-11T17:32:19.496475-06:00 c0-0c0s0n1 kernel - p0-20150211t172524 - EFI: mem348: type=4, attr=0xf, range=[0x000000000e0fc000-0x000000000e124000) (0MB)
<6>1 2015-02-11T17:32:19.496476-06:00 c0-0c0s0n1 kernel - p0-20150211t172524 - EFI: mem349: type=7, attr=0xf, range=[0x000000000e124000-0x000000000e13f000) (0MB)
<6>1 2015-02-11T17:32:19.496476-06:00 c0-0c0s0n1 kernel - p0-20150211t172524 - EFI: mem350: type=4, attr=0xf, range=[0x000000000e13f000-0x000000000e140000) (0MB)
<6>1 2015-02-11T17:32:19.496477-06:00 c0-0c0s0n1 kernel - p0-20150211t172524 - EFI: mem351: type=7, attr=0xf, range=[0x000000000e140000-0x000000000e142000) (0MB)
<6>1 2015-02-11T17:32:19.496477-06:00 c0-0c0s0n1 kernel - p0-20150211t172524 - EFI: mem352: type=4, attr=0xf, range=[0x000000000e142000-0x000000000e16a000) (0MB)
<6>1 2015-02-11T17:32:19.496478-06:00 c0-0c0s0n1 kernel - p0-20150211t172524 - EFI: mem353: type=7, attr=0xf, range=[0x000000000e16a000-0x000000000e187000) (0MB)
<6>1 2015-02-11T17:32:19.496480-06:00 c0-0c0s0n1 kernel - p0-20150211t172524 - EFI: mem354: type=4, attr=0xf, range=[0x000000000e187000-0x000000000e189000) (0MB)
<6>1 2015-02-11T17:32:19.496481-06:00 c0-0c0s0n1 kernel - p0-20150211t172524 - EFI: mem355: type=7, attr=0xf, range=[0x000000000e189000-0x000000000e18a000) (0MB)
<6>1 2015-02-11T17:32:19.496481-06:00 c0-0c0s0n1 kernel - p0-20150211t172524 - EFI: mem356: type=4, attr=0xf, range=[0x000000000e18a000-0x000000000e1b1000) (0MB)
<6>1 2015-02-11T17:32:19.496482-06:00 c0-0c0s0n1 kernel - p0-20150211t172524 - EFI: mem357: type=7, attr=0xf, range=[0x000000000e1b1000-0x000000000e1d0000) (0MB)
<6>1 2015-02-11T17:32:19.496482-06:00 c0-0c0s0n1 kernel - p0-20150211t172524 - EFI: mem358: type=4, attr=0xf, range=[0x000000000e1d0000-0x000000000e1f8000) (0MB)
<6>1 2015-02-11T17:32:19.496483-06:00 c0-0c0s0n1 kernel - p0-20150211t172524 - EFI: mem359: type=7, attr=0xf, range=[0x000000000e1f8000-0x000000000e212000) (0MB)
<6>1 2015-02-11T17:32:19.496483-06:00 c0-0c0s0n1 kernel - p0-20150211t172524 - EFI: mem360: type=4, attr=0xf, range=[0x000000000e212000-0x000000000e213000) (0MB)
<6>1 2015-02-11T17:32:19.496486-06:00 c0-0c0s0n1 kernel - p0-20150211t172524 - EFI: mem361: type=7, attr=0xf, range=[0x000000000e213000-0x000000000e215000) (0MB)
<6>1 2015-02-11T17:32:19.496486-06:00 c0-0c0s0n1 kernel - p0-20150211t172524 - EFI: mem362: type=4, attr=0xf, range=[0x000000000e215000-0x000000000e217000) (0MB)
<6>1 2015-02-11T17:32:19.496487-06:00 c0-0c0s0n1 kernel - p0-20150211t172524 - EFI: mem363: type=7, attr=0xf, range=[0x000000000e217000-0x000000000e218000) (0MB)
<6>1 2015-02-11T17:32:19.496487-06:00 c0-0c0s0n1 kernel - p0-20150211t172524 - EFI: mem364: type=4, attr=0xf, range=[0x000000000e218000-0x000000000e23e000) (0MB)
<6>1 2015-02-11T17:32:19.496488-06:00 c0-0c0s0n1 kernel - p0-20150211t172524 - EFI: mem365: type=7, attr=0xf, range=[0x000000000e23e000-0x000000000e25b000) (0MB)
<6>1 2015-02-11T17:32:19.496488-06:00 c0-0c0s0n1 kernel - p0-20150211t172524 - EFI: mem366: type=4, attr=0xf, range=[0x000000000e25b000-0x000000000e284000) (0MB)
<6>1 2015-02-11T17:32:19.496489-06:00 c0-0c0s0n1 kernel - p0-20150211t172524 - EFI: mem367: type=7, attr=0xf, range=[0x000000000e284000-0x000000000e2a4000) (0MB)
<6>1 2015-02-11T17:32:19.496489-06:00 c0-0c0s0n1 kernel - p0-20150211t172524 - EFI: mem368: type=4, attr=0xf, range=[0x000000000e2a4000-0x000000000e2cc000) (0MB)
<6>1 2015-02-11T17:32:19.496492-06:00 c0-0c0s0n1 kernel - p0-20150211t172524 - EFI: mem369: type=7, attr=0xf, range=[0x000000000e2cc000-0x000000000e2e6000) (0MB)
<6>1 2015-02-11T17:32:19.496493-06:00 c0-0c0s0n1 kernel - p0-20150211t172524 - EFI: mem370: type=4, attr=0xf, range=[0x000000000e2e6000-0x000000000e2e7000) (0MB)
<6>1 2015-02-11T17:32:19.496493-06:00 c0-0c0s0n1 kernel - p0-20150211t172524 - EFI: mem371: type=7, attr=0xf, range=[0x000000000e2e7000-0x000000000e2ea000) (0MB)
<6>1 2015-02-11T17:32:19.496493-06:00 c0-0c0s0n1 kernel - p0-20150211t172524 - EFI: mem372: type=4, attr=0xf, range=[0x000000000e2ea000-0x000000000e312000) (0MB)
<6>1 2015-02-11T17:32:19.496494-06:00 c0-0c0s0n1 kernel - p0-20150211t172524 - EFI: mem373: type=7, attr=0xf, range=[0x000000000e312000-0x000000000e330000) (0MB)
<6>1 2015-02-11T17:32:19.496494-06:00 c0-0c0s0n1 kernel - p0-20150211t172524 - EFI: mem374: type=4, attr=0xf, range=[0x000000000e330000-0x000000000e331000) (0MB)
<6>1 2015-02-11T17:32:19.496495-06:00 c0-0c0s0n1 kernel - p0-20150211t172524 - EFI: mem375: type=7, attr=0xf, range=[0x000000000e331000-0x000000000e332000) (0MB)
<6>1 2015-02-11T17:32:19.496497-06:00 c0-0c0s0n1 kernel - p0-20150211t172524 - EFI: mem376: type=4, attr=0xf, range=[0x000000000e332000-0x000000000e359000) (0MB)
<6>1 2015-02-11T17:32:19.496498-06:00 c0-0c0s0n1 kernel - p0-20150211t172524 - EFI: mem377: type=7, attr=0xf, range=[0x000000000e359000-0x000000000e376000) (0MB)
<6>1 2015-02-11T17:32:19.496499-06:00 c0-0c0s0n1 kernel - p0-20150211t172524 - EFI: mem378: type=4, attr=0xf, range=[0x000000000e376000-0x000000000e377000) (0MB)
<6>1 2015-02-11T17:32:19.496499-06:00 c0-0c0s0n1 kernel - p0-20150211t172524 - EFI: mem379: type=7, attr=0xf, range=[0x000000000e377000-0x000000000e378000) (0MB)
<6>1 2015-02-11T17:32:19.496500-06:00 c0-0c0s0n1 kernel - p0-20150211t172524 - EFI: mem380: type=4, attr=0xf, range=[0x000000000e378000-0x000000000e39f000) (0MB)
<6>1 2015-02-11T17:32:19.496501-06:00 c0-0c0s0n1 kernel - p0-20150211t172524 - EFI: mem381: type=7, attr=0xf, range=[0x000000000e39f000-0x000000000e3bb000) (0MB)
<6>1 2015-02-11T17:32:19.496501-06:00 c0-0c0s0n1 kernel - p0-20150211t172524 - EFI: mem382: type=4, attr=0xf, range=[0x000000000e3bb000-0x000000000e3bc000) (0MB)
<6>1 2015-02-11T17:32:19.496506-06:00 c0-0c0s0n1 kernel - p0-20150211t172524 - EFI: mem383: type=7, attr=0xf, range=[0x000000000e3bc000-0x000000000e3be000) (0MB)
<6>1 2015-02-11T17:32:19.496508-06:00 c0-0c0s0n1 kernel - p0-20150211t172524 - EFI: mem384: type=4, attr=0xf, range=[0x000000000e3be000-0x000000000e3e6000) (0MB)
<6>1 2015-02-11T17:32:19.496509-06:00 c0-0c0s0n1 kernel - p0-20150211t172524 - EFI: mem385: type=7, attr=0xf, range=[0x000000000e3e6000-0x000000000e403000) (0MB)
<6>1 2015-02-11T17:32:19.496509-06:00 c0-0c0s0n1 kernel - p0-20150211t172524 - EFI: mem386: type=4, attr=0xf, range=[0x000000000e403000-0x000000000e405000) (0MB)
<6>1 2015-02-11T17:32:19.496510-06:00 c0-0c0s0n1 kernel - p0-20150211t172524 - EFI: mem387: type=7, attr=0xf, range=[0x000000000e405000-0x000000000e406000) (0MB)
<6>1 2015-02-11T17:32:19.496511-06:00 c0-0c0s0n1 kernel - p0-20150211t172524 - EFI: mem388: type=4, attr=0xf, range=[0x000000000e406000-0x000000000e42d000) (0MB)
<6>1 2015-02-11T17:32:19.496512-06:00 c0-0c0s0n1 kernel - p0-20150211t172524 - EFI: mem389: type=7, attr=0xf, range=[0x000000000e42d000-0x000000000e44b000) (0MB)
<6>1 2015-02-11T17:32:19.496514-06:00 c0-0c0s0n1 kernel - p0-20150211t172524 - EFI: mem390: type=4, attr=0xf, range=[0x000000000e44b000-0x000000000e473000) (0MB)
<6>1 2015-02-11T17:32:19.496515-06:00 c0-0c0s0n1 kernel - p0-20150211t172524 - EFI: mem391: type=7, attr=0xf, range=[0x000000000e473000-0x000000000e48f000) (0MB)
<6>1 2015-02-11T17:32:19.496516-06:00 c0-0c0s0n1 kernel - p0-20150211t172524 - EFI: mem392: type=4, attr=0xf, range=[0x000000000e48f000-0x000000000e490000) (0MB)
<6>1 2015-02-11T17:32:19.496516-06:00 c0-0c0s0n1 kernel - p0-20150211t172524 - EFI: mem393: type=7, attr=0xf, range=[0x000000000e490000-0x000000000e491000) (0MB)
<6>1 2015-02-11T17:32:19.496517-06:00 c0-0c0s0n1 kernel - p0-20150211t172524 - EFI: mem394: type=4, attr=0xf, range=[0x000000000e491000-0x000000000e493000) (0MB)
<6>1 2015-02-11T17:32:19.496517-06:00 c0-0c0s0n1 kernel - p0-20150211t172524 - EFI: mem395: type=7, attr=0xf, range=[0x000000000e493000-0x000000000e494000) (0MB)
<6>1 2015-02-11T17:32:19.496518-06:00 c0-0c0s0n1 kernel - p0-20150211t172524 - EFI: mem396: type=4, attr=0xf, range=[0x000000000e494000-0x000000000e4ba000) (0MB)
<6>1 2015-02-11T17:32:19.496520-06:00 c0-0c0s0n1 kernel - p0-20150211t172524 - EFI: mem397: type=7, attr=0xf, range=[0x000000000e4ba000-0x000000000e4d6000) (0MB)
<6>1 2015-02-11T17:32:19.496521-06:00 c0-0c0s0n1 kernel - p0-20150211t172524 - EFI: mem398: type=4, attr=0xf, range=[0x000000000e4d6000-0x000000000e4d7000) (0MB)
<6>1 2015-02-11T17:32:19.496521-06:00 c0-0c0s0n1 kernel - p0-20150211t172524 - EFI: mem399: type=7, attr=0xf, range=[0x000000000e4d7000-0x000000000e4d9000) (0MB)
<6>1 2015-02-11T17:32:19.496522-06:00 c0-0c0s0n1 kernel - p0-20150211t172524 - EFI: mem400: type=4, attr=0xf, range=[0x000000000e4d9000-0x000000000e501000) (0MB)
<6>1 2015-02-11T17:32:19.496522-06:00 c0-0c0s0n1 kernel - p0-20150211t172524 - EFI: mem401: type=7, attr=0xf, range=[0x000000000e501000-0x000000000e520000) (0MB)
<6>1 2015-02-11T17:32:19.496523-06:00 c0-0c0s0n1 kernel - p0-20150211t172524 - EFI: mem402: type=4, attr=0xf, range=[0x000000000e520000-0x000000000e548000) (0MB)
<6>1 2015-02-11T17:32:19.496523-06:00 c0-0c0s0n1 kernel - p0-20150211t172524 - EFI: mem403: type=7, attr=0xf, range=[0x000000000e548000-0x000000000e563000) (0MB)
<6>1 2015-02-11T17:32:19.496525-06:00 c0-0c0s0n1 kernel - p0-20150211t172524 - EFI: mem404: type=4, attr=0xf, range=[0x000000000e563000-0x000000000e564000) (0MB)
<6>1 2015-02-11T17:32:19.496526-06:00 c0-0c0s0n1 kernel - p0-20150211t172524 - EFI: mem405: type=7, attr=0xf, range=[0x000000000e564000-0x000000000e566000) (0MB)
<6>1 2015-02-11T17:32:19.496527-06:00 c0-0c0s0n1 kernel - p0-20150211t172524 - EFI: mem406: type=4, attr=0xf, range=[0x000000000e566000-0x000000000e58e000) (0MB)
<6>1 2015-02-11T17:32:19.496527-06:00 c0-0c0s0n1 kernel - p0-20150211t172524 - EFI: mem407: type=7, attr=0xf, range=[0x000000000e58e000-0x000000000e5ab000) (0MB)
<6>1 2015-02-11T17:32:19.496528-06:00 c0-0c0s0n1 kernel - p0-20150211t172524 - EFI: mem408: type=4, attr=0xf, range=[0x000000000e5ab000-0x000000000e5ad000) (0MB)
<6>1 2015-02-11T17:32:19.496528-06:00 c0-0c0s0n1 kernel - p0-20150211t172524 - EFI: mem409: type=7, attr=0xf, range=[0x000000000e5ad000-0x000000000e5ae000) (0MB)
<6>1 2015-02-11T17:32:19.496529-06:00 c0-0c0s0n1 kernel - p0-20150211t172524 - EFI: mem410: type=4, attr=0xf, range=[0x000000000e5ae000-0x000000000e5d5000) (0MB)
<6>1 2015-02-11T17:32:19.496531-06:00 c0-0c0s0n1 kernel - p0-20150211t172524 - EFI: mem411: type=7, attr=0xf, range=[0x000000000e5d5000-0x000000000e5f4000) (0MB)
<6>1 2015-02-11T17:32:19.496532-06:00 c0-0c0s0n1 kernel - p0-20150211t172524 - EFI: mem412: type=4, attr=0xf, range=[0x000000000e5f4000-0x000000000e61c000) (0MB)
<6>1 2015-02-11T17:32:19.496533-06:00 c0-0c0s0n1 kernel - p0-20150211t172524 - EFI: mem413: type=7, attr=0xf, range=[0x000000000e61c000-0x000000000e636000) (0MB)
<6>1 2015-02-11T17:32:19.496533-06:00 c0-0c0s0n1 kernel - p0-20150211t172524 - EFI: mem414: type=4, attr=0xf, range=[0x000000000e636000-0x000000000e637000) (0MB)
<6>1 2015-02-11T17:32:19.496534-06:00 c0-0c0s0n1 kernel - p0-20150211t172524 - EFI: mem415: type=7, attr=0xf, range=[0x000000000e637000-0x000000000e639000) (0MB)
<6>1 2015-02-11T17:32:19.496534-06:00 c0-0c0s0n1 kernel - p0-20150211t172524 - EFI: mem416: type=4, attr=0xf, range=[0x000000000e639000-0x000000000e63b000) (0MB)
<6>1 2015-02-11T17:32:19.496535-06:00 c0-0c0s0n1 kernel - p0-20150211t172524 - EFI: mem417: type=7, attr=0xf, range=[0x000000000e63b000-0x000000000e63c000) (0MB)
<6>1 2015-02-11T17:32:19.496537-06:00 c0-0c0s0n1 kernel - p0-20150211t172524 - EFI: mem418: type=4, attr=0xf, range=[0x000000000e63c000-0x000000000e662000) (0MB)
<6>1 2015-02-11T17:32:19.496538-06:00 c0-0c0s0n1 kernel - p0-20150211t172524 - EFI: mem419: type=7, attr=0xf, range=[0x000000000e662000-0x000000000e67f000) (0MB)
<6>1 2015-02-11T17:32:19.496539-06:00 c0-0c0s0n1 kernel - p0-20150211t172524 - EFI: mem420: type=4, attr=0xf, range=[0x000000000e67f000-0x000000000e6a8000) (0MB)
<6>1 2015-02-11T17:32:19.496539-06:00 c0-0c0s0n1 kernel - p0-20150211t172524 - EFI: mem421: type=7, attr=0xf, range=[0x000000000e6a8000-0x000000000e6c8000) (0MB)
<6>1 2015-02-11T17:32:19.496539-06:00 c0-0c0s0n1 kernel - p0-20150211t172524 - EFI: mem422: type=4, attr=0xf, range=[0x000000000e6c8000-0x000000000e6f0000) (0MB)
<6>1 2015-02-11T17:32:19.496540-06:00 c0-0c0s0n1 kernel - p0-20150211t172524 - EFI: mem423: type=7, attr=0xf, range=[0x000000000e6f0000-0x000000000e70a000) (0MB)
<6>1 2015-02-11T17:32:19.496540-06:00 c0-0c0s0n1 kernel - p0-20150211t172524 - EFI: mem424: type=4, attr=0xf, range=[0x000000000e70a000-0x000000000e70b000) (0MB)
<6>1 2015-02-11T17:32:19.496543-06:00 c0-0c0s0n1 kernel - p0-20150211t172524 - EFI: mem425: type=7, attr=0xf, range=[0x000000000e70b000-0x000000000e70e000) (0MB)
<6>1 2015-02-11T17:32:19.496544-06:00 c0-0c0s0n1 kernel - p0-20150211t172524 - EFI: mem426: type=4, attr=0xf, range=[0x000000000e70e000-0x000000000e736000) (0MB)
<6>1 2015-02-11T17:32:19.496545-06:00 c0-0c0s0n1 kernel - p0-20150211t172524 - EFI: mem427: type=7, attr=0xf, range=[0x000000000e736000-0x000000000e754000) (0MB)
<6>1 2015-02-11T17:32:19.496545-06:00 c0-0c0s0n1 kernel - p0-20150211t172524 - EFI: mem428: type=4, attr=0xf, range=[0x000000000e754000-0x000000000e755000) (0MB)
<6>1 2015-02-11T17:32:19.496546-06:00 c0-0c0s0n1 kernel - p0-20150211t172524 - EFI: mem429: type=7, attr=0xf, range=[0x000000000e755000-0x000000000e756000) (0MB)
<6>1 2015-02-11T17:32:19.496546-06:00 c0-0c0s0n1 kernel - p0-20150211t172524 - EFI: mem430: type=4, attr=0xf, range=[0x000000000e756000-0x000000000e77d000) (0MB)
<6>1 2015-02-11T17:32:19.496547-06:00 c0-0c0s0n1 kernel - p0-20150211t172524 - EFI: mem431: type=7, attr=0xf, range=[0x000000000e77d000-0x000000000e79a000) (0MB)
<6>1 2015-02-11T17:32:19.496547-06:00 c0-0c0s0n1 kernel - p0-20150211t172524 - EFI: mem432: type=4, attr=0xf, range=[0x000000000e79a000-0x000000000e79b000) (0MB)
<6>1 2015-02-11T17:32:19.496549-06:00 c0-0c0s0n1 kernel - p0-20150211t172524 - EFI: mem433: type=7, attr=0xf, range=[0x000000000e79b000-0x000000000e79c000) (0MB)
<6>1 2015-02-11T17:32:19.496550-06:00 c0-0c0s0n1 kernel - p0-20150211t172524 - EFI: mem434: type=4, attr=0xf, range=[0x000000000e79c000-0x000000000e7c3000) (0MB)
<6>1 2015-02-11T17:32:19.496551-06:00 c0-0c0s0n1 kernel - p0-20150211t172524 - EFI: mem435: type=7, attr=0xf, range=[0x000000000e7c3000-0x000000000e7df000) (0MB)
<6>1 2015-02-11T17:32:19.496551-06:00 c0-0c0s0n1 kernel - p0-20150211t172524 - EFI: mem436: type=4, attr=0xf, range=[0x000000000e7df000-0x000000000e7e0000) (0MB)
<6>1 2015-02-11T17:32:19.496552-06:00 c0-0c0s0n1 kernel - p0-20150211t172524 - EFI: mem437: type=7, attr=0xf, range=[0x000000000e7e0000-0x000000000e7e2000) (0MB)
<6>1 2015-02-11T17:32:19.496552-06:00 c0-0c0s0n1 kernel - p0-20150211t172524 - EFI: mem438: type=4, attr=0xf, range=[0x000000000e7e2000-0x000000000e80a000) (0MB)
<6>1 2015-02-11T17:32:19.496553-06:00 c0-0c0s0n1 kernel - p0-20150211t172524 - EFI: mem439: type=7, attr=0xf, range=[0x000000000e80a000-0x000000000e827000) (0MB)
<6>1 2015-02-11T17:32:19.496555-06:00 c0-0c0s0n1 kernel - p0-20150211t172524 - EFI: mem440: type=4, attr=0xf, range=[0x000000000e827000-0x000000000e829000) (0MB)
<6>1 2015-02-11T17:32:19.496556-06:00 c0-0c0s0n1 kernel - p0-20150211t172524 - EFI: mem441: type=7, attr=0xf, range=[0x000000000e829000-0x000000000e82a000) (0MB)
<6>1 2015-02-11T17:32:19.496556-06:00 c0-0c0s0n1 kernel - p0-20150211t172524 - EFI: mem442: type=4, attr=0xf, range=[0x000000000e82a000-0x000000000e851000) (0MB)
<6>1 2015-02-11T17:32:19.496557-06:00 c0-0c0s0n1 kernel - p0-20150211t172524 - EFI: mem443: type=7, attr=0xf, range=[0x000000000e851000-0x000000000e86f000) (0MB)
<6>1 2015-02-11T17:32:19.496557-06:00 c0-0c0s0n1 kernel - p0-20150211t172524 - EFI: mem444: type=4, attr=0xf, range=[0x000000000e86f000-0x000000000e897000) (0MB)
<6>1 2015-02-11T17:32:19.496558-06:00 c0-0c0s0n1 kernel - p0-20150211t172524 - EFI: mem445: type=7, attr=0xf, range=[0x000000000e897000-0x000000000e8b3000) (0MB)
<6>1 2015-02-11T17:32:19.496558-06:00 c0-0c0s0n1 kernel - p0-20150211t172524 - EFI: mem446: type=4, attr=0xf, range=[0x000000000e8b3000-0x000000000e8b4000) (0MB)
<6>1 2015-02-11T17:32:19.496560-06:00 c0-0c0s0n1 kernel - p0-20150211t172524 - EFI: mem447: type=7, attr=0xf, range=[0x000000000e8b4000-0x000000000e8b5000) (0MB)
<6>1 2015-02-11T17:32:19.496561-06:00 c0-0c0s0n1 kernel - p0-20150211t172524 - EFI: mem448: type=4, attr=0xf, range=[0x000000000e8b5000-0x000000000e8b7000) (0MB)
<6>1 2015-02-11T17:32:19.496562-06:00 c0-0c0s0n1 kernel - p0-20150211t172524 - EFI: mem449: type=7, attr=0xf, range=[0x000000000e8b7000-0x000000000e8b8000) (0MB)
<6>1 2015-02-11T17:32:19.496562-06:00 c0-0c0s0n1 kernel - p0-20150211t172524 - EFI: mem450: type=4, attr=0xf, range=[0x000000000e8b8000-0x000000000e8de000) (0MB)
<6>1 2015-02-11T17:32:19.496563-06:00 c0-0c0s0n1 kernel - p0-20150211t172524 - EFI: mem451: type=7, attr=0xf, range=[0x000000000e8de000-0x000000000e8fa000) (0MB)
<6>1 2015-02-11T17:32:19.496563-06:00 c0-0c0s0n1 kernel - p0-20150211t172524 - EFI: mem452: type=4, attr=0xf, range=[0x000000000e8fa000-0x000000000e8fb000) (0MB)
<6>1 2015-02-11T17:32:19.496564-06:00 c0-0c0s0n1 kernel - p0-20150211t172524 - EFI: mem453: type=7, attr=0xf, range=[0x000000000e8fb000-0x000000000e8fd000) (0MB)
<6>1 2015-02-11T17:32:19.496566-06:00 c0-0c0s0n1 kernel - p0-20150211t172524 - EFI: mem454: type=4, attr=0xf, range=[0x000000000e8fd000-0x000000000e925000) (0MB)
<6>1 2015-02-11T17:32:19.496567-06:00 c0-0c0s0n1 kernel - p0-20150211t172524 - EFI: mem455: type=7, attr=0xf, range=[0x000000000e925000-0x000000000e944000) (0MB)
<6>1 2015-02-11T17:32:19.496567-06:00 c0-0c0s0n1 kernel - p0-20150211t172524 - EFI: mem456: type=4, attr=0xf, range=[0x000000000e944000-0x000000000e96c000) (0MB)
<6>1 2015-02-11T17:32:19.496568-06:00 c0-0c0s0n1 kernel - p0-20150211t172524 - EFI: mem457: type=7, attr=0xf, range=[0x000000000e96c000-0x000000000e987000) (0MB)
<6>1 2015-02-11T17:32:19.496568-06:00 c0-0c0s0n1 kernel - p0-20150211t172524 - EFI: mem458: type=4, attr=0xf, range=[0x000000000e987000-0x000000000e988000) (0MB)
<6>1 2015-02-11T17:32:19.496569-06:00 c0-0c0s0n1 kernel - p0-20150211t172524 - EFI: mem459: type=7, attr=0xf, range=[0x000000000e988000-0x000000000e98a000) (0MB)
<6>1 2015-02-11T17:32:19.496569-06:00 c0-0c0s0n1 kernel - p0-20150211t172524 - EFI: mem460: type=4, attr=0xf, range=[0x000000000e98a000-0x000000000e9b2000) (0MB)
<6>1 2015-02-11T17:32:19.496571-06:00 c0-0c0s0n1 kernel - p0-20150211t172524 - EFI: mem461: type=7, attr=0xf, range=[0x000000000e9b2000-0x000000000e9cf000) (0MB)
<6>1 2015-02-11T17:32:19.496572-06:00 c0-0c0s0n1 kernel - p0-20150211t172524 - EFI: mem462: type=4, attr=0xf, range=[0x000000000e9cf000-0x000000000e9d1000) (0MB)
<6>1 2015-02-11T17:32:19.496573-06:00 c0-0c0s0n1 kernel - p0-20150211t172524 - EFI: mem463: type=7, attr=0xf, range=[0x000000000e9d1000-0x000000000e9d2000) (0MB)
<6>1 2015-02-11T17:32:19.496573-06:00 c0-0c0s0n1 kernel - p0-20150211t172524 - EFI: mem464: type=4, attr=0xf, range=[0x000000000e9d2000-0x000000000e9f9000) (0MB)
<6>1 2015-02-11T17:32:19.496574-06:00 c0-0c0s0n1 kernel - p0-20150211t172524 - EFI: mem465: type=7, attr=0xf, range=[0x000000000e9f9000-0x000000000ea18000) (0MB)
<6>1 2015-02-11T17:32:19.496574-06:00 c0-0c0s0n1 kernel - p0-20150211t172524 - EFI: mem466: type=4, attr=0xf, range=[0x000000000ea18000-0x000000000ea40000) (0MB)
<6>1 2015-02-11T17:32:19.496574-06:00 c0-0c0s0n1 kernel - p0-20150211t172524 - EFI: mem467: type=7, attr=0xf, range=[0x000000000ea40000-0x000000000ea5a000) (0MB)
<6>1 2015-02-11T17:32:19.496577-06:00 c0-0c0s0n1 kernel - p0-20150211t172524 - EFI: mem468: type=4, attr=0xf, range=[0x000000000ea5a000-0x000000000ea5b000) (0MB)
<6>1 2015-02-11T17:32:19.496578-06:00 c0-0c0s0n1 kernel - p0-20150211t172524 - EFI: mem469: type=7, attr=0xf, range=[0x000000000ea5b000-0x000000000ea5d000) (0MB)
<6>1 2015-02-11T17:32:19.496578-06:00 c0-0c0s0n1 kernel - p0-20150211t172524 - EFI: mem470: type=4, attr=0xf, range=[0x000000000ea5d000-0x000000000ea5f000) (0MB)
<6>1 2015-02-11T17:32:19.496579-06:00 c0-0c0s0n1 kernel - p0-20150211t172524 - EFI: mem471: type=7, attr=0xf, range=[0x000000000ea5f000-0x000000000ea60000) (0MB)
<6>1 2015-02-11T17:32:19.496579-06:00 c0-0c0s0n1 kernel - p0-20150211t172524 - EFI: mem472: type=4, attr=0xf, range=[0x000000000ea60000-0x000000000ea86000) (0MB)
<6>1 2015-02-11T17:32:19.496579-06:00 c0-0c0s0n1 kernel - p0-20150211t172524 - EFI: mem473: type=7, attr=0xf, range=[0x000000000ea86000-0x000000000eaa3000) (0MB)
<6>1 2015-02-11T17:32:19.496580-06:00 c0-0c0s0n1 kernel - p0-20150211t172524 - EFI: mem474: type=4, attr=0xf, range=[0x000000000eaa3000-0x000000000eacc000) (0MB)
<6>1 2015-02-11T17:32:19.496582-06:00 c0-0c0s0n1 kernel - p0-20150211t172524 - EFI: mem475: type=7, attr=0xf, range=[0x000000000eacc000-0x000000000eaec000) (0MB)
<6>1 2015-02-11T17:32:19.496583-06:00 c0-0c0s0n1 kernel - p0-20150211t172524 - EFI: mem476: type=4, attr=0xf, range=[0x000000000eaec000-0x000000000eb14000) (0MB)
<6>1 2015-02-11T17:32:19.496584-06:00 c0-0c0s0n1 kernel - p0-20150211t172524 - EFI: mem477: type=7, attr=0xf, range=[0x000000000eb14000-0x000000000eb2e000) (0MB)
<6>1 2015-02-11T17:32:19.496584-06:00 c0-0c0s0n1 kernel - p0-20150211t172524 - EFI: mem478: type=4, attr=0xf, range=[0x000000000eb2e000-0x000000000eb2f000) (0MB)
<6>1 2015-02-11T17:32:19.496585-06:00 c0-0c0s0n1 kernel - p0-20150211t172524 - EFI: mem479: type=7, attr=0xf, range=[0x000000000eb2f000-0x000000000eb32000) (0MB)
<6>1 2015-02-11T17:32:19.496585-06:00 c0-0c0s0n1 kernel - p0-20150211t172524 - EFI: mem480: type=4, attr=0xf, range=[0x000000000eb32000-0x000000000eb5a000) (0MB)
<6>1 2015-02-11T17:32:19.496585-06:00 c0-0c0s0n1 kernel - p0-20150211t172524 - EFI: mem481: type=7, attr=0xf, range=[0x000000000eb5a000-0x000000000eb78000) (0MB)
<6>1 2015-02-11T17:32:19.496588-06:00 c0-0c0s0n1 kernel - p0-20150211t172524 - EFI: mem482: type=4, attr=0xf, range=[0x000000000eb78000-0x000000000eb79000) (0MB)
<6>1 2015-02-11T17:32:19.496589-06:00 c0-0c0s0n1 kernel - p0-20150211t172524 - EFI: mem483: type=7, attr=0xf, range=[0x000000000eb79000-0x000000000eb7a000) (0MB)
<6>1 2015-02-11T17:32:19.496590-06:00 c0-0c0s0n1 kernel - p0-20150211t172524 - EFI: mem484: type=4, attr=0xf, range=[0x000000000eb7a000-0x000000000eba1000) (0MB)
<6>1 2015-02-11T17:32:19.496590-06:00 c0-0c0s0n1 kernel - p0-20150211t172524 - EFI: mem485: type=7, attr=0xf, range=[0x000000000eba1000-0x000000000ebbe000) (0MB)
<6>1 2015-02-11T17:32:19.496591-06:00 c0-0c0s0n1 kernel - p0-20150211t172524 - EFI: mem486: type=4, attr=0xf, range=[0x000000000ebbe000-0x000000000ebbf000) (0MB)
<6>1 2015-02-11T17:32:19.496591-06:00 c0-0c0s0n1 kernel - p0-20150211t172524 - EFI: mem487: type=7, attr=0xf, range=[0x000000000ebbf000-0x000000000ebc0000) (0MB)
<6>1 2015-02-11T17:32:19.496592-06:00 c0-0c0s0n1 kernel - p0-20150211t172524 - EFI: mem488: type=4, attr=0xf, range=[0x000000000ebc0000-0x000000000ebe7000) (0MB)
<6>1 2015-02-11T17:32:19.496594-06:00 c0-0c0s0n1 kernel - p0-20150211t172524 - EFI: mem489: type=7, attr=0xf, range=[0x000000000ebe7000-0x000000000ec03000) (0MB)
<6>1 2015-02-11T17:32:19.496595-06:00 c0-0c0s0n1 kernel - p0-20150211t172524 - EFI: mem490: type=4, attr=0xf, range=[0x000000000ec03000-0x000000000ec04000) (0MB)
<6>1 2015-02-11T17:32:19.496595-06:00 c0-0c0s0n1 kernel - p0-20150211t172524 - EFI: mem491: type=7, attr=0xf, range=[0x000000000ec04000-0x000000000ec06000) (0MB)
<6>1 2015-02-11T17:32:19.496596-06:00 c0-0c0s0n1 kernel - p0-20150211t172524 - EFI: mem492: type=4, attr=0xf, range=[0x000000000ec06000-0x000000000ec2e000) (0MB)
<6>1 2015-02-11T17:32:19.496596-06:00 c0-0c0s0n1 kernel - p0-20150211t172524 - EFI: mem493: type=7, attr=0xf, range=[0x000000000ec2e000-0x000000000ec4b000) (0MB)
<6>1 2015-02-11T17:32:19.496597-06:00 c0-0c0s0n1 kernel - p0-20150211t172524 - EFI: mem494: type=4, attr=0xf, range=[0x000000000ec4b000-0x000000000ec4d000) (0MB)
<6>1 2015-02-11T17:32:19.496597-06:00 c0-0c0s0n1 kernel - p0-20150211t172524 - EFI: mem495: type=7, attr=0xf, range=[0x000000000ec4d000-0x000000000ec4e000) (0MB)
<6>1 2015-02-11T17:32:19.496598-06:00 c0-0c0s0n1 kernel - p0-20150211t172524 - EFI: mem496: type=4, attr=0xf, range=[0x000000000ec4e000-0x000000000ec75000) (0MB)
<6>1 2015-02-11T17:32:19.496600-06:00 c0-0c0s0n1 kernel - p0-20150211t172524 - EFI: mem497: type=7, attr=0xf, range=[0x000000000ec75000-0x000000000ec93000) (0MB)
<6>1 2015-02-11T17:32:19.496601-06:00 c0-0c0s0n1 kernel - p0-20150211t172524 - EFI: mem498: type=4, attr=0xf, range=[0x000000000ec93000-0x000000000ecbb000) (0MB)
<6>1 2015-02-11T17:32:19.496601-06:00 c0-0c0s0n1 kernel - p0-20150211t172524 - EFI: mem499: type=7, attr=0xf, range=[0x000000000ecbb000-0x000000000ecd7000) (0MB)
<6>1 2015-02-11T17:32:19.496602-06:00 c0-0c0s0n1 kernel - p0-20150211t172524 - EFI: mem500: type=4, attr=0xf, range=[0x000000000ecd7000-0x000000000ecd8000) (0MB)
<6>1 2015-02-11T17:32:19.496602-06:00 c0-0c0s0n1 kernel - p0-20150211t172524 - EFI: mem501: type=7, attr=0xf, range=[0x000000000ecd8000-0x000000000ecd9000) (0MB)
<6>1 2015-02-11T17:32:19.496603-06:00 c0-0c0s0n1 kernel - p0-20150211t172524 - EFI: mem502: type=4, attr=0xf, range=[0x000000000ecd9000-0x000000000ecdb000) (0MB)
<6>1 2015-02-11T17:32:19.496603-06:00 c0-0c0s0n1 kernel - p0-20150211t172524 - EFI: mem503: type=7, attr=0xf, range=[0x000000000ecdb000-0x000000000ecdc000) (0MB)
<6>1 2015-02-11T17:32:19.496616-06:00 c0-0c0s0n1 kernel - p0-20150211t172524 - EFI: mem504: type=4, attr=0xf, range=[0x000000000ecdc000-0x000000000ed02000) (0MB)
<6>1 2015-02-11T17:32:19.496617-06:00 c0-0c0s0n1 kernel - p0-20150211t172524 - EFI: mem505: type=7, attr=0xf, range=[0x000000000ed02000-0x000000000ed1e000) (0MB)
<6>1 2015-02-11T17:32:19.496618-06:00 c0-0c0s0n1 kernel - p0-20150211t172524 - EFI: mem506: type=4, attr=0xf, range=[0x000000000ed1e000-0x000000000ed1f000) (0MB)
<6>1 2015-02-11T17:32:19.496618-06:00 c0-0c0s0n1 kernel - p0-20150211t172524 - EFI: mem507: type=7, attr=0xf, range=[0x000000000ed1f000-0x000000000ed21000) (0MB)
<6>1 2015-02-11T17:32:19.496619-06:00 c0-0c0s0n1 kernel - p0-20150211t172524 - EFI: mem508: type=4, attr=0xf, range=[0x000000000ed21000-0x000000000ed49000) (0MB)
<6>1 2015-02-11T17:32:19.496619-06:00 c0-0c0s0n1 kernel - p0-20150211t172524 - EFI: mem509: type=7, attr=0xf, range=[0x000000000ed49000-0x000000000ed68000) (0MB)
<6>1 2015-02-11T17:32:19.496620-06:00 c0-0c0s0n1 kernel - p0-20150211t172524 - EFI: mem510: type=4, attr=0xf, range=[0x000000000ed68000-0x000000000ed90000) (0MB)
<6>1 2015-02-11T17:32:19.496622-06:00 c0-0c0s0n1 kernel - p0-20150211t172524 - EFI: mem511: type=7, attr=0xf, range=[0x000000000ed90000-0x000000000edab000) (0MB)
<6>1 2015-02-11T17:32:19.496623-06:00 c0-0c0s0n1 kernel - p0-20150211t172524 - EFI: mem512: type=4, attr=0xf, range=[0x000000000edab000-0x000000000edac000) (0MB)
<6>1 2015-02-11T17:32:19.496623-06:00 c0-0c0s0n1 kernel - p0-20150211t172524 - EFI: mem513: type=7, attr=0xf, range=[0x000000000edac000-0x000000000edae000) (0MB)
<6>1 2015-02-11T17:32:19.496624-06:00 c0-0c0s0n1 kernel - p0-20150211t172524 - EFI: mem514: type=4, attr=0xf, range=[0x000000000edae000-0x000000000edd6000) (0MB)
<6>1 2015-02-11T17:32:19.496624-06:00 c0-0c0s0n1 kernel - p0-20150211t172524 - EFI: mem515: type=7, attr=0xf, range=[0x000000000edd6000-0x000000000edf3000) (0MB)
<6>1 2015-02-11T17:32:19.496625-06:00 c0-0c0s0n1 kernel - p0-20150211t172524 - EFI: mem516: type=4, attr=0xf, range=[0x000000000edf3000-0x000000000edf5000) (0MB)
<6>1 2015-02-11T17:32:19.496625-06:00 c0-0c0s0n1 kernel - p0-20150211t172524 - EFI: mem517: type=7, attr=0xf, range=[0x000000000edf5000-0x000000000edf6000) (0MB)
<6>1 2015-02-11T17:32:19.496628-06:00 c0-0c0s0n1 kernel - p0-20150211t172524 - EFI: mem518: type=4, attr=0xf, range=[0x000000000edf6000-0x000000000ee1d000) (0MB)
<6>1 2015-02-11T17:32:19.496629-06:00 c0-0c0s0n1 kernel - p0-20150211t172524 - EFI: mem519: type=7, attr=0xf, range=[0x000000000ee1d000-0x000000000ee3c000) (0MB)
<6>1 2015-02-11T17:32:19.496629-06:00 c0-0c0s0n1 kernel - p0-20150211t172524 - EFI: mem520: type=4, attr=0xf, range=[0x000000000ee3c000-0x000000000ee64000) (0MB)
<6>1 2015-02-11T17:32:19.496630-06:00 c0-0c0s0n1 kernel - p0-20150211t172524 - EFI: mem521: type=7, attr=0xf, range=[0x000000000ee64000-0x000000000ee7e000) (0MB)
<6>1 2015-02-11T17:32:19.496630-06:00 c0-0c0s0n1 kernel - p0-20150211t172524 - EFI: mem522: type=4, attr=0xf, range=[0x000000000ee7e000-0x000000000ee7f000) (0MB)
<6>1 2015-02-11T17:32:19.496631-06:00 c0-0c0s0n1 kernel - p0-20150211t172524 - EFI: mem523: type=7, attr=0xf, range=[0x000000000ee7f000-0x000000000ee81000) (0MB)
<6>1 2015-02-11T17:32:19.496631-06:00 c0-0c0s0n1 kernel - p0-20150211t172524 - EFI: mem524: type=4, attr=0xf, range=[0x000000000ee81000-0x000000000ee83000) (0MB)
<6>1 2015-02-11T17:32:19.496633-06:00 c0-0c0s0n1 kernel - p0-20150211t172524 - EFI: mem525: type=7, attr=0xf, range=[0x000000000ee83000-0x000000000ee84000) (0MB)
<6>1 2015-02-11T17:32:19.496634-06:00 c0-0c0s0n1 kernel - p0-20150211t172524 - EFI: mem526: type=4, attr=0xf, range=[0x000000000ee84000-0x000000000eeaa000) (0MB)
<6>1 2015-02-11T17:32:19.496635-06:00 c0-0c0s0n1 kernel - p0-20150211t172524 - EFI: mem527: type=7, attr=0xf, range=[0x000000000eeaa000-0x000000000eec7000) (0MB)
<6>1 2015-02-11T17:32:19.496635-06:00 c0-0c0s0n1 kernel - p0-20150211t172524 - EFI: mem528: type=4, attr=0xf, range=[0x000000000eec7000-0x000000000eef0000) (0MB)
<6>1 2015-02-11T17:32:19.496636-06:00 c0-0c0s0n1 kernel - p0-20150211t172524 - EFI: mem529: type=7, attr=0xf, range=[0x000000000eef0000-0x000000000ef10000) (0MB)
<6>1 2015-02-11T17:32:19.496636-06:00 c0-0c0s0n1 kernel - p0-20150211t172524 - EFI: mem530: type=4, attr=0xf, range=[0x000000000ef10000-0x000000000ef38000) (0MB)
<6>1 2015-02-11T17:32:19.496637-06:00 c0-0c0s0n1 kernel - p0-20150211t172524 - EFI: mem531: type=7, attr=0xf, range=[0x000000000ef38000-0x000000000ef52000) (0MB)
<6>1 2015-02-11T17:32:19.496639-06:00 c0-0c0s0n1 kernel - p0-20150211t172524 - EFI: mem532: type=4, attr=0xf, range=[0x000000000ef52000-0x000000000ef53000) (0MB)
<6>1 2015-02-11T17:32:19.496640-06:00 c0-0c0s0n1 kernel - p0-20150211t172524 - EFI: mem533: type=7, attr=0xf, range=[0x000000000ef53000-0x000000000ef56000) (0MB)
<6>1 2015-02-11T17:32:19.496641-06:00 c0-0c0s0n1 kernel - p0-20150211t172524 - EFI: mem534: type=4, attr=0xf, range=[0x000000000ef56000-0x000000000ef7e000) (0MB)
<6>1 2015-02-11T17:32:19.496641-06:00 c0-0c0s0n1 kernel - p0-20150211t172524 - EFI: mem535: type=7, attr=0xf, range=[0x000000000ef7e000-0x000000000ef9c000) (0MB)
<6>1 2015-02-11T17:32:19.496642-06:00 c0-0c0s0n1 kernel - p0-20150211t172524 - EFI: mem536: type=4, attr=0xf, range=[0x000000000ef9c000-0x000000000ef9d000) (0MB)
<6>1 2015-02-11T17:32:19.496642-06:00 c0-0c0s0n1 kernel - p0-20150211t172524 - EFI: mem537: type=7, attr=0xf, range=[0x000000000ef9d000-0x000000000ef9e000) (0MB)
<6>1 2015-02-11T17:32:19.496643-06:00 c0-0c0s0n1 kernel - p0-20150211t172524 - EFI: mem538: type=4, attr=0xf, range=[0x000000000ef9e000-0x000000000efc5000) (0MB)
<6>1 2015-02-11T17:32:19.496645-06:00 c0-0c0s0n1 kernel - p0-20150211t172524 - EFI: mem539: type=7, attr=0xf, range=[0x000000000efc5000-0x000000000efe2000) (0MB)
<6>1 2015-02-11T17:32:19.496646-06:00 c0-0c0s0n1 kernel - p0-20150211t172524 - EFI: mem540: type=4, attr=0xf, range=[0x000000000efe2000-0x000000000efe3000) (0MB)
<6>1 2015-02-11T17:32:19.496647-06:00 c0-0c0s0n1 kernel - p0-20150211t172524 - EFI: mem541: type=7, attr=0xf, range=[0x000000000efe3000-0x000000000efe4000) (0MB)
<6>1 2015-02-11T17:32:19.496647-06:00 c0-0c0s0n1 kernel - p0-20150211t172524 - EFI: mem542: type=4, attr=0xf, range=[0x000000000efe4000-0x000000000f00b000) (0MB)
<6>1 2015-02-11T17:32:19.496647-06:00 c0-0c0s0n1 kernel - p0-20150211t172524 - EFI: mem543: type=7, attr=0xf, range=[0x000000000f00b000-0x000000000f027000) (0MB)
<6>1 2015-02-11T17:32:19.496648-06:00 c0-0c0s0n1 kernel - p0-20150211t172524 - EFI: mem544: type=4, attr=0xf, range=[0x000000000f027000-0x000000000f028000) (0MB)
<6>1 2015-02-11T17:32:19.496648-06:00 c0-0c0s0n1 kernel - p0-20150211t172524 - EFI: mem545: type=7, attr=0xf, range=[0x000000000f028000-0x000000000f02a000) (0MB)
<6>1 2015-02-11T17:32:19.496651-06:00 c0-0c0s0n1 kernel - p0-20150211t172524 - EFI: mem546: type=4, attr=0xf, range=[0x000000000f02a000-0x000000000f052000) (0MB)
<6>1 2015-02-11T17:32:19.496652-06:00 c0-0c0s0n1 kernel - p0-20150211t172524 - EFI: mem547: type=7, attr=0xf, range=[0x000000000f052000-0x000000000f06f000) (0MB)
<6>1 2015-02-11T17:32:19.496652-06:00 c0-0c0s0n1 kernel - p0-20150211t172524 - EFI: mem548: type=4, attr=0xf, range=[0x000000000f06f000-0x000000000f071000) (0MB)
<6>1 2015-02-11T17:32:19.496653-06:00 c0-0c0s0n1 kernel - p0-20150211t172524 - EFI: mem549: type=7, attr=0xf, range=[0x000000000f071000-0x000000000f072000) (0MB)
<6>1 2015-02-11T17:32:19.496653-06:00 c0-0c0s0n1 kernel - p0-20150211t172524 - EFI: mem550: type=4, attr=0xf, range=[0x000000000f072000-0x000000000f099000) (0MB)
<6>1 2015-02-11T17:32:19.496654-06:00 c0-0c0s0n1 kernel - p0-20150211t172524 - EFI: mem551: type=7, attr=0xf, range=[0x000000000f099000-0x000000000f0b7000) (0MB)
<6>1 2015-02-11T17:32:19.496654-06:00 c0-0c0s0n1 kernel - p0-20150211t172524 - EFI: mem552: type=4, attr=0xf, range=[0x000000000f0b7000-0x000000000f0df000) (0MB)
<6>1 2015-02-11T17:32:19.496657-06:00 c0-0c0s0n1 kernel - p0-20150211t172524 - EFI: mem553: type=7, attr=0xf, range=[0x000000000f0df000-0x000000000f0fb000) (0MB)
<6>1 2015-02-11T17:32:19.496658-06:00 c0-0c0s0n1 kernel - p0-20150211t172524 - EFI: mem554: type=4, attr=0xf, range=[0x000000000f0fb000-0x000000000f0fc000) (0MB)
<6>1 2015-02-11T17:32:19.496658-06:00 c0-0c0s0n1 kernel - p0-20150211t172524 - EFI: mem555: type=7, attr=0xf, range=[0x000000000f0fc000-0x000000000f0fd000) (0MB)
<6>1 2015-02-11T17:32:19.496659-06:00 c0-0c0s0n1 kernel - p0-20150211t172524 - EFI: mem556: type=4, attr=0xf, range=[0x000000000f0fd000-0x000000000f0ff000) (0MB)
<6>1 2015-02-11T17:32:19.496659-06:00 c0-0c0s0n1 kernel - p0-20150211t172524 - EFI: mem557: type=7, attr=0xf, range=[0x000000000f0ff000-0x000000000f100000) (0MB)
<6>1 2015-02-11T17:32:19.496660-06:00 c0-0c0s0n1 kernel - p0-20150211t172524 - EFI: mem558: type=4, attr=0xf, range=[0x000000000f100000-0x000000000f126000) (0MB)
<6>1 2015-02-11T17:32:19.496660-06:00 c0-0c0s0n1 kernel - p0-20150211t172524 - EFI: mem559: type=7, attr=0xf, range=[0x000000000f126000-0x000000000f142000) (0MB)
<6>1 2015-02-11T17:32:19.496661-06:00 c0-0c0s0n1 kernel - p0-20150211t172524 - EFI: mem560: type=4, attr=0xf, range=[0x000000000f142000-0x000000000f143000) (0MB)
<6>1 2015-02-11T17:32:19.496663-06:00 c0-0c0s0n1 kernel - p0-20150211t172524 - EFI: mem561: type=7, attr=0xf, range=[0x000000000f143000-0x000000000f145000) (0MB)
<6>1 2015-02-11T17:32:19.496664-06:00 c0-0c0s0n1 kernel - p0-20150211t172524 - EFI: mem562: type=4, attr=0xf, range=[0x000000000f145000-0x000000000f16d000) (0MB)
<6>1 2015-02-11T17:32:19.496665-06:00 c0-0c0s0n1 kernel - p0-20150211t172524 - EFI: mem563: type=7, attr=0xf, range=[0x000000000f16d000-0x000000000f18c000) (0MB)
<6>1 2015-02-11T17:32:19.496665-06:00 c0-0c0s0n1 kernel - p0-20150211t172524 - EFI: mem564: type=4, attr=0xf, range=[0x000000000f18c000-0x000000000f1b4000) (0MB)
<6>1 2015-02-11T17:32:19.496677-06:00 c0-0c0s0n1 kernel - p0-20150211t172524 - EFI: mem565: type=7, attr=0xf, range=[0x000000000f1b4000-0x000000000f1cf000) (0MB)
<6>1 2015-02-11T17:32:19.496678-06:00 c0-0c0s0n1 kernel - p0-20150211t172524 - EFI: mem566: type=4, attr=0xf, range=[0x000000000f1cf000-0x000000000f1d0000) (0MB)
<6>1 2015-02-11T17:32:19.496678-06:00 c0-0c0s0n1 kernel - p0-20150211t172524 - EFI: mem567: type=7, attr=0xf, range=[0x000000000f1d0000-0x000000000f1d2000) (0MB)
<6>1 2015-02-11T17:32:19.496680-06:00 c0-0c0s0n1 kernel - p0-20150211t172524 - EFI: mem568: type=4, attr=0xf, range=[0x000000000f1d2000-0x000000000f1fa000) (0MB)
<6>1 2015-02-11T17:32:19.496681-06:00 c0-0c0s0n1 kernel - p0-20150211t172524 - EFI: mem569: type=7, attr=0xf, range=[0x000000000f1fa000-0x000000000f217000) (0MB)
<6>1 2015-02-11T17:32:19.496682-06:00 c0-0c0s0n1 kernel - p0-20150211t172524 - EFI: mem570: type=4, attr=0xf, range=[0x000000000f217000-0x000000000f219000) (0MB)
<6>1 2015-02-11T17:32:19.496682-06:00 c0-0c0s0n1 kernel - p0-20150211t172524 - EFI: mem571: type=7, attr=0xf, range=[0x000000000f219000-0x000000000f21a000) (0MB)
<6>1 2015-02-11T17:32:19.496683-06:00 c0-0c0s0n1 kernel - p0-20150211t172524 - EFI: mem572: type=4, attr=0xf, range=[0x000000000f21a000-0x000000000f241000) (0MB)
<6>1 2015-02-11T17:32:19.496683-06:00 c0-0c0s0n1 kernel - p0-20150211t172524 - EFI: mem573: type=7, attr=0xf, range=[0x000000000f241000-0x000000000f260000) (0MB)
<6>1 2015-02-11T17:32:19.496684-06:00 c0-0c0s0n1 kernel - p0-20150211t172524 - EFI: mem574: type=4, attr=0xf, range=[0x000000000f260000-0x000000000f288000) (0MB)
<6>1 2015-02-11T17:32:19.496686-06:00 c0-0c0s0n1 kernel - p0-20150211t172524 - EFI: mem575: type=7, attr=0xf, range=[0x000000000f288000-0x000000000f2a2000) (0MB)
<6>1 2015-02-11T17:32:19.496687-06:00 c0-0c0s0n1 kernel - p0-20150211t172524 - EFI: mem576: type=4, attr=0xf, range=[0x000000000f2a2000-0x000000000f2a3000) (0MB)
<6>1 2015-02-11T17:32:19.496687-06:00 c0-0c0s0n1 kernel - p0-20150211t172524 - EFI: mem577: type=7, attr=0xf, range=[0x000000000f2a3000-0x000000000f2a5000) (0MB)
